
Gurobi 13.0.2 (linux64) logging started Fri Jun 19 07:19:18 2026

Set parameter LogFile to value "src/Resultados/Sin Restricciones/logs/RC206-25.xml_log.log"
Set parameter Threads to value 4
Gurobi Optimizer version 13.0.2 build v13.0.2rc1 (linux64 - "Rocky Linux 9.7 (Blue Onyx)")

CPU model: QEMU Virtual CPU version 2.5+, instruction set [SSE2]
Thread count: 8 physical cores, 8 logical processors, using up to 4 threads

Non-default parameters:
TimeLimit  7200
Threads  4

Optimize a model with 111510 rows, 65625 columns and 432810 nonzeros (Min)
Model fingerprint: 0x4f7f4694
Model has 4530 linear objective coefficients
Variable types: 15135 continuous, 50490 integer (50475 binary)
Coefficient statistics:
  Matrix range     [1e+00, 2e+05]
  Objective range  [2e+00, 6e+01]
  Bounds range     [1e+00, 2e+03]
  RHS range        [1e+00, 2e+05]

Presolve removed 36780 rows and 120 columns
Presolve time: 1.85s
Presolved: 74730 rows, 65505 columns, 311865 nonzeros
Variable types: 375 continuous, 65130 integer (57000 binary)
Deterministic concurrent LP optimizer: primal and dual simplex
Showing primal log only...


Root simplex log...

Iteration    Objective       Primal Inf.    Dual Inf.      Time
   26851    1.9239193e+02   6.017154e+01   1.958666e+09      5s
   34518    2.8042170e+02   2.014214e+01   1.122851e+09     10s
   41851    2.9831611e+02   1.094761e+00   7.264071e+08     15s
   47940    2.4746963e+02   0.000000e+00   1.982822e+04     20s
   55471    1.2750001e+02   1.847537e+03   0.000000e+00     25s
   60300    1.2750012e+02   2.126823e+02   0.000000e+00     30s
   63571    1.2750026e+02   1.477372e+03   0.000000e+00     35s
   67201    1.2750036e+02   1.825719e+03   0.000000e+00     40s
   70569    1.2750169e+02   8.160583e+02   0.000000e+00     45s
Concurrent spin time: 0.00s

Solved with dual simplex

Root simplex log...

Iteration    Objective       Primal Inf.    Dual Inf.      Time
   46471    1.3400803e+02   0.000000e+00   0.000000e+00     49s

Root relaxation: objective 1.340080e+02, 46471 iterations, 46.22 seconds (44.18 work units)

    Nodes    |    Current Node    |     Objective Bounds      |     Work
 Expl Unexpl |  Obj  Depth IntInf | Incumbent    BestBd   Gap | It/Node Time

     0     0  134.00803    0 12272          -  134.00803      -     -   49s
     0     0  134.00803    0 16348          -  134.00803      -     -   70s
     0     0  134.00803    0 16351          -  134.00803      -     -   72s
     0     0  134.00803    0 12274          -  134.00803      -     -   85s
     0     0  134.00803    0 12274          -  134.00803      -     -   85s
     0     0  134.00803    0 4044          -  134.00803      -     -   86s
     0     0  134.00803    0 6082          -  134.00803      -     -   89s
     0     0  134.00803    0 10238          -  134.00803      -     -   97s
     0     0  134.00803    0 8121          -  134.00803      -     -   98s
     0     0  134.01059    0 10156          -  134.01059      -     -  104s
     0     0  134.01059    0 6082          -  134.01059      -     -  106s
     0     0  134.01059    0 6082          -  134.01059      -     -  138s
     0     0  134.01505    0 10162          -  134.01505      -     -  144s
     0     0  134.01505    0 10162          -  134.01505      -     -  145s
     0     0  134.11157    0 14263          -  134.11157      -     -  152s
     0     0  134.12065    0 12245          -  134.12065      -     -  154s
     0     0  134.73378    0 16326          -  134.73378      -     -  167s
     0     0  134.77290    0 16328          -  134.77290      -     -  168s
     0     0  138.75285    0 18407          -  138.75285      -     -  175s
     0     0  140.90973    0 10201          -  140.90973      -     -  177s
     0     0  140.90973    0 10201          -  140.90973      -     -  177s
     0     0  142.25874    0 12267          -  142.25874      -     -  182s
     0     0  142.26068    0 12253          -  142.26068      -     -  183s
     0     0  142.26086    0 10206          -  142.26086      -     -  183s
     0     0  143.43743    0 10209          -  143.43743      -     -  187s
     0     0  143.43772    0 10215          -  143.43772      -     -  188s
     0     0  144.05471    0 10250          -  144.05471      -     -  192s
     0     0  144.05477    0 8212          -  144.05477      -     -  194s
     0     0  144.45969    0 12208          -  144.45969      -     -  199s
     0     0  144.45990    0 16366          -  144.45990      -     -  201s
     0     0  144.51506    0 12081          -  144.51506      -     -  214s
     0     0  144.57227    0 14178          -  144.57227      -     -  215s
     0     0  144.57266    0 10161          -  144.57266      -     -  216s
     0     0  144.59404    0 8146          -  144.59404      -     -  219s
     0     0  144.59548    0 8197          -  144.59548      -     -  220s
     0     0  144.62103    0 12130          -  144.62103      -     -  224s
     0     0  144.62274    0 12137          -  144.62274      -     -  225s
     0     0  145.02129    0 12158          -  145.02129      -     -  229s
     0     0  145.02237    0 10170          -  145.02237      -     -  230s
     0     0  145.15453    0 12247          -  145.15453      -     -  234s
     0     0  145.16348    0 10116          -  145.16348      -     -  235s
     0     0  145.17318    0 14269          -  145.17318      -     -  236s
     0     0  145.17340    0 12238          -  145.17340      -     -  237s
     0     0  146.90681    0 10085          -  146.90681      -     -  246s
     0     0  146.93954    0 12101          -  146.93954      -     -  247s
     0     0  146.96080    0 10111          -  146.96080      -     -  248s
     0     0  146.96147    0 10114          -  146.96147      -     -  248s
     0     0  147.73778    0 18415          -  147.73778      -     -  253s
     0     0  147.74738    0 14254          -  147.74738      -     -  254s
     0     0  147.74994    0 16331          -  147.74994      -     -  254s
     0     0  147.81947    0 12097          -  147.81947      -     -  258s
     0     0  147.83282    0 12099          -  147.83282      -     -  260s
     0     0  147.85070    0 14220          -  147.85070      -     -  261s
     0     0  147.85297    0 12172          -  147.85297      -     -  262s
     0     0  147.89322    0 16335          -  147.89322      -     -  268s
     0     0  147.91822    0 12121          -  147.91822      -     -  270s
     0     0  147.91830    0 12176          -  147.91830      -     -  270s
     0     0  147.94566    0 14308          -  147.94566      -     -  275s
     0     0  147.95713    0 16380          -  147.95713      -     -  276s
     0     0  147.96506    0 16390          -  147.96506      -     -  276s
     0     0  147.97833    0 16347          -  147.97833      -     -  277s
     0     0  147.98649    0 16399          -  147.98649      -     -  277s
     0     0  147.98718    0 14376          -  147.98718      -     -  278s
     0     0  148.01949    0 14199          -  148.01949      -     -  285s
     0     0  148.02117    0 14273          -  148.02117      -     -  286s
     0     0  148.07966    0 18396          -  148.07966      -     -  290s
     0     0  148.11867    0 18350          -  148.11867      -     -  291s
     0     0  148.12891    0 18403          -  148.12891      -     -  292s
     0     0  148.54564    0 18414          -  148.54564      -     -  295s
     0     0  148.66147    0 16367          -  148.66147      -     -  296s
     0     0  148.70424    0 20458          -  148.70424      -     -  297s
     0     0  148.87375    0 18354          -  148.87375      -     -  298s
     0     0  148.88948    0 18343          -  148.88948      -     -  298s
     0     0  148.89755    0 18343          -  148.89755      -     -  299s
     0     0  148.92864    0 20433          -  148.92864      -     -  300s
     0     0  148.93065    0 20442          -  148.93065      -     -  300s
     0     0  149.27560    0 14396          -  149.27560      -     -  307s
     0     0  149.34109    0 14278          -  149.34109      -     -  308s
     0     0  149.36321    0 14327          -  149.36321      -     -  309s
     0     0  149.50090    0 12222          -  149.50090      -     -  311s
     0     0  149.55441    0 14214          -  149.55441      -     -  311s
     0     0  150.03701    0 18384          -  150.03701      -     -  313s
     0     0  150.05131    0 12306          -  150.05131      -     -  314s
     0     0  150.05623    0 14363          -  150.05623      -     -  314s
     0     0  150.10904    0 16340          -  150.10904      -     -  319s
     0     0  150.11303    0 14293          -  150.11303      -     -  320s
     0     0  150.20059    0 18400          -  150.20059      -     -  323s
     0     0  150.21958    0 12348          -  150.21958      -     -  325s
     0     0  150.24254    0 16400          -  150.24254      -     -  325s
     0     0  150.25793    0 18449          -  150.25793      -     -  326s
     0     0  150.30056    0 14303          -  150.30056      -     -  328s
     0     0  150.31347    0 12217          -  150.31347      -     -  329s
     0     0  150.31449    0 12223          -  150.31449      -     -  329s
     0     0  150.36619    0 12366          -  150.36619      -     -  333s
     0     0  150.37010    0 14330          -  150.37010      -     -  334s
     0     0  150.41799    0 12218          -  150.41799      -     -  339s
     0     0  150.43080    0 12218          -  150.43080      -     -  341s
     0     0  150.43080    0 12171          -  150.43080      -     -  342s
     0     2  150.43115    0 12171          -  150.43115      -     -  355s
     1     4  150.43122    1 14206          -  150.43122      -  83.0  364s
     3     8  150.43132    2 14205          -  150.43132      -   711  371s
     7    12  150.43142    3 14202          -  150.43142      -   984  376s
    11    18  150.43152    4 14201          -  150.43152      -   742  381s
    39    37  150.43662   10 12229          -  150.43193      -   269  385s
    76    68  150.45010   17 12208          -  150.43193      -   160  390s
   114   105  150.79506   27 10213          -  150.43193      -   132  396s
   148   135  150.80170   34 8189          -  150.43193      -   115  401s
   167   168  150.81715   38 10179          -  150.43193      -   110  408s
   185   172  150.81837   44 8119          -  150.43193      -   107  410s
   206   186  151.02668   47 9946          -  150.43193      -   106  417s
   210   198  151.02843   48 9944          -  150.43193      -   116  420s
   224   202  151.07790   52 11979          -  150.43193      -   117  427s
   228   218  151.07844   53 11977          -  150.43193      -   116  433s
   246   222  151.09696   60 11908          -  150.43193      -   112  440s
   250   226  151.11247   61 9830          -  150.43193      -   111  447s
   254   230  151.15742   62 10184          -  150.43193      -   110  455s
   258   234  151.15922   63 8140          -  150.43193      -   109  461s
   262   238  151.19472   64 7946          -  150.43193      -   108  467s
   266   242  151.23182   65 9910          -  150.43193      -   109  476s
   270   246  151.23730   66 9937          -  150.43193      -   107  484s
   274   250  151.26402   67 11951          -  150.43193      -   107  492s
   278   253  152.05420   68 7919          -  150.43193      -   109  496s
   283   257  151.26992   68 7825          -  150.43193      -   108  501s
   287   261  151.27355   69 7829          -  150.43193      -   108  505s
   291   265  151.30146   70 9661          -  150.43193      -   108  510s
   295   269  151.30202   71 9660          -  150.43193      -   108  515s
   299   273  151.30259   72 9657          -  150.43193      -   107  522s
   303   277  151.30650   73 9655          -  150.43193      -   107  527s
   307   281  151.35129   74 13749          -  150.43193      -   108  533s
   311   285  151.36543   75 11743          -  150.43193      -   108  537s
   315   289  151.36643   76 11739          -  150.43193      -   108  542s
   319   293  151.47350   77 7817          -  150.43193      -   108  547s
   323   297  151.47651   78 7814          -  150.43193      -   108  553s
   327   301  151.56842   79 7740          -  150.43193      -   108  557s
   331   305  151.58036   80 7910          -  150.43193      -   109  562s
   335   309  151.58176   81 7909          -  150.43193      -   109  566s
   339   313  151.58742   82 9850          -  150.43193      -   108  571s
   343   317  151.59143   83 9911          -  150.43193      -   107  578s
   347   321  151.62447   84 9761          -  150.43193      -   107  587s
   351   325  151.69121   85 7735          -  150.43193      -   106  591s
   355   329  151.69165   86 7895          -  150.43193      -   106  643s
   359   333  151.69653   87 7739          -  150.43193      -   105  648s
   363   337  151.69919   88 7734          -  150.43193      -   104  652s
   367   341  151.70058   89 7716          -  150.43193      -   103  656s
   371   345  151.71655   90 9788          -  150.43193      -   103  663s
   375   349  151.72739   91 9861          -  150.43193      -   102  667s
   379   353  151.73175   92 7802          -  150.43193      -   102  674s
   383   357  151.75553   93 7862          -  150.43193      -   101  687s
   387   361  151.75816   94 7862          -  150.43193      -   100  694s
   391   365  151.75899   95 7785          -  150.43193      -  99.3  769s
   395   369  151.76438   96 9649          -  150.43193      -  98.6  774s
   399   373  151.78302   97 9710          -  150.43193      -  98.1  781s
   403   377  151.78589   98 9705          -  150.43193      -  97.3  787s
   407   386  151.78875   99 9703          -  150.43193      -  96.6  797s
   416   401  151.80441  105 7684          -  150.43193      -  95.2  806s
   431   418  151.95433  117 9654          -  150.43193      -  94.5  812s
   448   439  152.06023  131 11449          -  150.43193      -  93.4  818s
   469   467  152.18161  149 9350          -  150.43193      -  92.1  834s
   497   497  152.36507  169 11002          -  150.43193      -  88.9  842s
   527   549  152.50928  188 10890          -  150.43193      -  87.0  852s
   579   615  152.52455  196 10839          -  150.43193      -  83.7  863s
   645   676  152.55780  206 11127          -  150.43193      -  78.0  872s
   706   712  152.67814  227 13019          -  150.43193      -  75.0  884s
   742   747  152.73835  250 13012          -  150.43193      -  73.3  895s
   777   786  152.74497  253 11148          -  150.43193      -  75.0  906s
   816   865  152.74680  254 11146          -  150.43193      -  74.2  917s
   895   935  152.75132  255 11143          -  150.43193      -  71.1  931s
   967  1000  152.75586  256 11141          -  150.43193      -  72.5  941s
  1038  1056  152.76392  257 11162          -  150.43193      -  71.8  951s
  1096  1146  152.76923  258 11160          -  150.43193      -  74.6  967s
  1198  1272  152.83419  259 12834          -  150.43193      -  73.2  978s
  1324  1389  152.88838  260 11054          -  150.43193      -  69.8  991s
  1441  1519  152.92067  261 10950          -  150.43193      -  67.5 1005s
  1571  1657  153.07757  262 12526          -  150.43193      -  65.3 1022s
  1709  1846  153.49595  263 12124          -  150.43193      -  63.2 1034s
  1898  2018  153.49980  264 12120          -  150.43193      -  59.4 1045s
  2070  2184  153.50214  265 12119          -  150.43193      -  56.8 1056s
  2236  2351  153.61685  266 11721          -  150.43193      -  54.8 1066s
  2403  2573  154.05761  279 9676          -  150.43193      -  54.0 1080s
  2625  2744  157.59542  323 7427          -  150.43193      -  52.8 1091s
  2802  2909  164.48142  345 13404          -  150.43193      -  52.8 1103s
  2969  2998  175.82740  356 8252          -  150.43193      -  53.5 1116s
  3058  3183  177.71103  363 8239          -  150.43193      -  54.3 1131s
  3245  3333  209.68762  368 8238          -  150.43193      -  54.8 1146s
  3397  3559  209.91368  372 8219          -  150.43193      -  56.2 1160s
  3623  3858  210.15959  377 8101          -  150.43193      -  56.4 1177s
  3922  4100  183.42485  387 10449          -  150.43193      -  54.9 1194s
  4166  4500  183.87920  457 8955          -  150.43193      -  54.4 1213s
  4572  4948  186.21622  583 7144          -  150.43193      -  52.7 1232s
  5022  5335  187.63508  666 6849          -  150.43193      -  51.1 1249s
  5415  5336  177.93351  268 12171          -  150.43193      -  49.9 1291s
  5417  5337  240.82168  954 15943          -  150.43193      -  49.9 1345s
  5418  5338  245.81810 1048 15715          -  150.43193      -  49.8 1375s
  5419  5339  154.82027   82 15580          -  150.43193      -  49.8 1406s
  5420  5339  236.70014  590 6205          -  150.78452      -  49.8 1428s
  5421  5340  246.83464 1125 9310          -  151.38150      -  49.8 1442s
  5422  5341  207.43245  348 6123          -  152.60674      -  49.8 1456s
  5423  5341  236.30843  582 8313          -  154.03826      -  49.8 1474s
  5424  5342  154.82904  106 7187          -  154.82904      -  49.8 1491s
  5425  5343  230.65112   42 7276          -  155.12833      -  49.8 1507s
  5426  5343  155.15177   34 7272          -  155.15177      -  49.8 1522s
  5427  5344  155.98873   65 5154          -  155.98873      -  49.8 1535s
  5428  5345  240.52807  836 6313          -  156.14987      -  49.8 1548s
  5429  5345  271.52183 1233 5249          -  156.45425      -  49.7 1558s
  5430  5346  271.40180 1232 5236          -  156.45789      -  49.7 1566s
  5431  5347  312.38437 1493 3190          -  157.18403      -  49.7 1574s
  5432  5347  256.39768  635 4184          -  158.87040      -  49.7 1600s
  5433  5348  220.59840  356 4859          -  160.15345      -  49.7 1616s
  5434  5349  235.96353  233 4750          -  161.81080      -  49.7 1631s
  5435  5349  226.79677  474 4724          -  163.95626      -  49.7 1646s
  5436  5350  230.64080   11 4478          -  165.75151      -  49.7 1710s
  5437  5351  186.06709  539 5997          -  166.97987      -  49.7 1722s
  5438  5351  169.57894  188 3441          -  169.57894      -  49.7 1736s
  5439  5352  306.60031  724 4404          -  174.49755      -  49.7 1748s
  5440  5353  185.69688  472 6434          -  185.69688      -  49.6 1784s
  5441  5353  241.69584  858 5090          -  186.91269      -  49.6 1812s
  5442  5354  377.67897 1409 3324          -  189.85800      -  49.6 1826s
  5443  5355  275.54984  814 3851          -  190.31516      -  49.6 1845s
  5444  5355  239.58195  660 3061          -  192.62248      -  49.6 1858s
  5445  5356  236.23523  422 4164          -  193.38298      -  49.6 1885s
  5446  5357  239.68698  714 3548          -  193.74101      -  49.6 1897s
  5447  5357  238.18649  328 2966          -  193.88459      -  49.6 1917s
  5448  5358  236.16338  526 3150          -  196.10765      -  49.6 1933s
  5449  5359  237.40190  185 4036          -  196.94333      -  49.6 1947s
  5450  5359  337.98840 1353 3694          -  197.37077      -  49.6 1957s
  5451  5360  239.65868  721 3148          -  197.67093      -  49.5 1964s
  5452  5361  238.63434  410 5109          -  198.19563      -  49.5 1973s
  5453  5361  198.54974  446 4395          -  198.54974      -  49.5 1984s
  5454  5362  321.72206 1313 4427          -  198.82484      -  49.5 1996s
  5455  5363  224.75583  175 3978          -  199.12286      -  49.5 2007s
  5456  5363  237.10434  159 2582          -  199.77708      -  49.5 2017s
  5457  5364  200.03890  331 2211          -  200.03890      -  49.5 2025s
  5458  5365  225.29235  438 3259          -  200.06889      -  49.5 2033s
  5459  5365  246.67021 1105 2696          -  200.47846      -  49.5 2043s
  5460  5366  230.13870    3 3311          -  200.94992      -  49.5 2055s
  5461  5367  236.96592  147 3651          -  201.23885      -  49.5 2069s
  5462  5367  241.72313  894 3438          -  201.68307      -  49.4 2080s
  5463  5368  224.92216  178 3134          -  201.75296      -  49.4 2086s
  5464  5369  202.71341  384 2658          -  202.34083      -  49.4 2100s
  5465  5369  222.97089  426 4307          -  202.41696      -  49.4 2111s
  5466  5370  237.16977  692 4122          -  202.52163      -  49.4 2124s
  5467  5371  239.30729  473 3944          -  202.58611      -  49.4 2139s
  5468  5371  318.13026 1589 3976          -  202.62862      -  49.4 2157s
  5469  5372  318.24717 1276 3678          -  202.82812      -  49.4 2169s
  5470  5373  230.64080   17 5106          -  202.98376      -  49.4 2187s
  5471  5373  238.04322  370 4062          -  203.25291      -  49.4 2201s
  5472  5374  237.14851  630 5103          -  203.36043      -  49.4 2217s
  5473  5375  239.75603  780 4131          -  203.50722      -  49.3 2238s
  5474  5375  210.08288  375 4523          -  203.63655      -  49.3 2255s
  5475  5376  237.98564  985 4085          -  204.11168      -  49.3 2265s
  5476  5377  204.31300   18 5295          -  204.31300      -  49.3 2284s
  5477  5377  204.40036  722 5427          -  204.40036      -  49.3 2296s
  5478  5378  238.04716  963 4217          -  204.52902      -  49.3 2312s
  5479  5379  239.76463  788 4197          -  204.59204      -  49.3 2319s
  5480  5379  433.88496 1568 4363          -  204.64477      -  49.3 2332s
  5481  5380  237.14455  788 3651          -  204.90837      -  49.3 2339s
  5482  5381  318.48111 1592 4018          -  205.03078      -  49.3 2354s
  5483  5381  443.19408 1655 3941          -  205.37934      -  49.3 2363s
  5484  5382  205.78418  104 4048          -  205.78418      -  49.2 2383s
H 5484  5111                     456.9000000  205.95676  54.9%  49.2 2387s
H 5484  4855                     449.3000000  205.95676  54.2%  49.2 2387s
  5485  4856  236.28408  506 3345  449.30000  205.95676  54.2%  49.2 2394s
H 5485  4612                     446.0000000  206.31905  53.7%  49.2 2409s
  5486  4612  225.46634  450 2757  446.00000  206.31905  53.7%  49.2 2417s
  5487  4613  206.41763   71 3089  446.00000  206.41763  53.7%  49.2 2422s
  5488  4614  206.75210  261 2781  446.00000  206.75210  53.6%  49.2 2436s
  5489  4614  236.35283  423 2473  446.00000  206.79450  53.6%  49.2 2440s
  5490  4615  239.04112  251 3607  446.00000  207.14730  53.6%  49.2 2464s
  5491  4616  236.26437  527 3081  446.00000  207.26545  53.5%  49.2 2486s
  5492  4616  239.04112  251 2771  446.00000  207.37632  53.5%  49.2 2498s
  5493  4617  239.01569  706 2625  446.00000  207.44097  53.5%  49.2 2506s
  5494  4618  318.17036 1566 2841  446.00000  207.49786  53.5%  49.2 2523s
  5495  4618  262.56024 1185 2565  446.00000  207.55883  53.5%  49.2 2534s
  5496  4619  245.21262  977 3518  446.00000  207.60631  53.5%  49.1 2547s
  5497  4620  207.64363  600 2748  446.00000  207.64363  53.4%  49.1 2554s
  5498  4620  207.72357  266 2753  446.00000  207.72357  53.4%  49.1 2577s
  5499  4621  238.75471  895 2657  446.00000  207.72497  53.4%  49.1 2581s
  5500  4622  239.11326  527 2647  446.00000  207.99097  53.4%  49.1 2595s
  5501  4622  236.93275  157 2730  446.00000  208.10117  53.3%  49.1 2605s
  5502  4623  208.18023  456 2782  446.00000  208.18023  53.3%  49.1 2623s
  5503  4624  208.23707  395 2672  446.00000  208.23707  53.3%  49.1 2629s
H 5503  4391                     445.1000000  208.55300  53.1%  49.1 2683s
  5504  4391  302.33372 1201 3510  445.10000  208.55300  53.1%  49.1 2721s
  5505  4392  256.19302  621 4201  445.10000  208.58471  53.1%  49.1 2749s
  5506  4393  208.71422  262 4704  445.10000  208.71422  53.1%  49.1 2772s
  5507  4393  275.81214 1279 3421  445.10000  208.77698  53.1%  49.0 2778s
  5508  4394  209.04261  405 2009  445.10000  209.04261  53.0%  49.0 2792s
  5509  4395  222.96026  541 4025  445.10000  209.31923  53.0%  49.0 2800s
  5510  4395  274.84314 1342 4217  445.10000  209.58139  52.9%  49.0 2822s
  5511  4396  254.54756 1356 3116  445.10000  209.65192  52.9%  49.0 2829s
  5512  4397  236.42972  644 4160  445.10000  209.70099  52.9%  49.0 2844s
  5513  4397  239.66385  719 3468  445.10000  209.74282  52.9%  49.0 2851s
  5514  4398  239.55038  651 3886  445.10000  209.85099  52.9%  49.0 2883s
  5515  4399  209.87102  268 4240  445.10000  209.87102  52.8%  49.0 2889s
  5516  4399  220.53707  350 3902  445.10000  210.05658  52.8%  49.0 2902s
  5517  4400  240.82168  954 5142  445.10000  210.54277  52.7%  49.0 2911s
  5518  4401  245.81810 1048 3716  445.10000  210.74657  52.7%  48.9 2961s
  5519  4401  210.79185   82 4241  445.10000  210.79185  52.6%  48.9 2969s
  5520  4402  236.70014  590 3463  445.10000  210.86037  52.6%  48.9 2981s
  5521  4403  246.83464 1125 3862  445.10000  210.91900  52.6%  48.9 2987s
  5522  4403  210.93932  348 1716  445.10000  210.93932  52.6%  48.9 3003s
  5523  4404  236.30843  582 3704  445.10000  211.08260  52.6%  48.9 3014s
  5524  4405  211.23404  106 4134  445.10000  211.23404  52.5%  48.9 3030s
  5525  4405  230.65112   42 4156  445.10000  211.39066  52.5%  48.9 3039s
  5526  4406  211.47233   34 3826  445.10000  211.47233  52.5%  48.9 3064s
  5527  4407  211.57463   65 4003  445.10000  211.57463  52.5%  48.9 3075s
  5528  4407  240.52807  836 3297  445.10000  211.79506  52.4%  48.9 3092s
  5529  4408  271.52183 1233 3472  445.10000  211.84432  52.4%  48.8 3102s
  5530  4409  271.40180 1232 3519  445.10000  211.84432  52.4%  48.8 3131s
  5531  4409  312.38437 1493 3730  445.10000  211.91085  52.4%  48.8 3140s
  5532  4410  256.39768  635 3093  445.10000  211.98081  52.4%  48.8 3151s
  5533  4411  220.59840  356 3112  445.10000  211.98505  52.4%  48.8 3157s
  5534  4411  235.96353  233 4011  445.10000  212.03026  52.4%  48.8 3189s
  5535  4412  226.79677  474 4062  445.10000  212.03774  52.4%  48.8 3195s
  5536  4413  230.64080   11 4085  445.10000  212.04971  52.4%  48.8 3208s
  5537  4413  212.08260  539 3579  445.10000  212.08260  52.4%  48.8 3214s
  5538  4414  212.10641  188 4060  445.10000  212.10641  52.3%  48.8 3251s
  5539  4415  306.60031  724 4222  445.10000  212.10772  52.3%  48.8 3258s
  5540  4415  212.32562  472 3486  445.10000  212.32562  52.3%  48.8 3276s
  5541  4416  241.69584  858 3867  445.10000  212.58593  52.2%  48.7 3288s
  5542  4417  377.67897 1409 4290  445.10000  212.65114  52.2%  48.7 3322s
  5543  4417  275.54984  814 4321  445.10000  212.68473  52.2%  48.7 3331s
  5544  4418  239.58195  660 4187  445.10000  212.74746  52.2%  48.7 3350s
  5545  4419  236.23523  422 3760  445.10000  212.81080  52.2%  48.7 3360s
  5546  4419  239.68698  714 2778  445.10000  213.59515  52.0%  48.7 3385s
  5547  4420  238.18649  328 2738  445.10000  213.92798  51.9%  48.7 3395s
  5548  4421  236.16338  526 3927  445.10000  214.02956  51.9%  48.7 3417s
  5549  4421  237.40190  185 4170  445.10000  214.09441  51.9%  48.7 3427s
  5550  4422  337.98840 1353 3126  445.10000  214.18749  51.9%  48.7 3457s
  5551  4423  239.65868  721 3106  445.10000  214.31262  51.9%  48.7 3466s
  5552  4423  238.63434  410 3319  445.10000  214.33692  51.8%  48.6 3487s
  5553  4424  214.34497  446 3060  445.10000  214.34497  51.8%  48.6 3499s
  5554  4425  321.72206 1313 3280  445.10000  214.37518  51.8%  48.6 3524s
  5555  4425  224.75583  175 2864  445.10000  214.39259  51.8%  48.6 3533s
  5556  4426  237.10434  159 2974  445.10000  214.47476  51.8%  48.6 3551s
  5557  4427  214.48186  331 3791  445.10000  214.48186  51.8%  48.6 3560s
  5558  4427  225.29235  438 2214  445.10000  214.49374  51.8%  48.6 3581s
  5559  4428  246.67021 1105 2330  445.10000  214.51100  51.8%  48.6 3588s
  5560  4429  230.13870    3 3322  445.10000  214.62107  51.8%  48.6 3609s
  5561  4429  236.96592  147 3871  445.10000  214.63069  51.8%  48.6 3620s
  5562  4430  241.72313  894 2556  445.10000  214.94062  51.7%  48.6 3642s
  5563  4431  224.92216  178 3540  445.10000  215.01767  51.7%  48.6 3649s
  5564  4431  215.05883  384 3344  445.10000  215.05883  51.7%  48.5 3664s
  5565  4432  222.97089  426 4218  445.10000  215.08577  51.7%  48.5 3671s
  5566  4433  237.16977  692 5759  445.10000  215.16860  51.7%  48.5 3708s
  5567  4433  239.30729  473 3502  445.10000  215.32592  51.6%  48.5 3716s
  5568  4434  318.13026 1589 3729  445.10000  215.35789  51.6%  48.5 3733s
  5569  4435  318.24717 1276 4164  445.10000  215.36330  51.6%  48.5 3736s
  5570  4435  230.64080   17 4256  445.10000  215.37734  51.6%  48.5 3766s
  5571  4436  238.04322  370 4258  445.10000  215.37734  51.6%  48.5 3770s
  5572  4437  237.14851  630 4732  445.10000  215.39470  51.6%  48.5 3786s
  5573  4437  239.75603  780 4661  445.10000  215.41483  51.6%  48.5 3790s
  5574  4438  215.43207  375 5117  445.10000  215.43207  51.6%  48.5 3814s
  5575  4439  237.98564  985 5003  445.10000  215.43278  51.6%  48.4 3818s
  5576  4439  215.46909   18 2767  445.10000  215.46909  51.6%  48.4 3831s
  5577  4440  215.51547  722 2425  445.10000  215.51547  51.6%  48.4 3836s
  5578  4441  238.04716  963 2077  445.10000  215.53234  51.6%  48.4 3859s
  5579  4441  239.76463  788 1702  445.10000  215.53564  51.6%  48.4 3861s
  5580  4442  433.88496 1568 2459  445.10000  215.54064  51.6%  48.4 3874s
  5581  4443  237.14455  788 2460  445.10000  215.54064  51.6%  48.4 3877s
  5582  4443  318.48111 1592 2460  445.10000  215.54064  51.6%  48.4 3901s
  5584  4445  215.68290  104 2628  445.10000  215.68290  51.5%  48.4 3921s
  5586  4446  225.46634  450 2132  445.10000  215.68654  51.5%  48.4 3938s
  5587  4447  215.77890   71 2441  445.10000  215.77890  51.5%  48.3 3942s
  5588  4447  215.81840  261 4069  445.10000  215.81840  51.5%  48.3 3955s
  5589  4448  236.35283  423 3855  445.10000  215.90967  51.5%  48.3 3960s
  5590  4449  239.04112  251 3478  445.10000  215.92221  51.5%  48.3 3984s
  5591  4449  236.26437  527 3596  445.10000  215.92221  51.5%  48.3 3988s
  5592  4450  239.04112  251 3591  445.10000  215.92221  51.5%  48.3 4000s
  5594  4451  318.17036 1566 2761  445.10000  215.93202  51.5%  48.3 4024s
  5595  4452  262.56024 1185 3261  445.10000  215.93313  51.5%  48.3 4027s
  5596  4453  245.21262  977 3663  445.10000  215.93893  51.5%  48.3 4041s
  5598  4454  215.94063  266 2847  445.10000  215.94063  51.5%  48.2 4066s
  5600  4455  239.11326  527 3316  445.10000  215.94063  51.5%  48.2 4085s
  5602  4457  215.94408  456 3218  445.10000  215.94408  51.5%  48.2 4105s
  5604  4458  302.33372 1201 2811  445.10000  215.94921  51.5%  48.2 4118s
  5605  4459  256.19302  621 2713  445.10000  215.94921  51.5%  48.2 4130s
H 5606  4233                     443.0000000  215.94921  51.3%  48.2 4145s
  5610  4237  274.84314 1342 12171  443.00000  215.94921  51.3%   230 4162s
  5612  4238  236.42972  644 10639  443.00000  215.94921  51.3%   230 4211s
  5613  4239  239.66385  719 5177  443.00000  215.95888  51.3%   230 4239s
  5614  4240  239.55038  651 2699  443.00000  216.16870  51.2%   230 4247s
H 5614  4027                     442.7000000  216.16870  51.2%   230 4259s
  5616  4028  220.53707  350 2111  442.70000  216.16870  51.2%   230 4266s
  5617  4029  240.82168  954 1445  442.70000  216.16870  51.2%   230 4276s
H 5617  3828                     441.0000000  216.16870  51.0%   230 4276s
  5618  3828  245.81810 1048 3064  441.00000  216.16870  51.0%   230 4285s
  5619  3829  250.31842   82 6089  441.00000  250.31842  43.2%   230 4320s
  5620  3830  304.09656  590 5999  441.00000  304.09656  31.0%   230 4344s
  5621  3830  308.00137 1125 2344  441.00000  308.00137  30.2%   230 4366s
  5622  3831  311.28233  348 4654  441.00000  311.28233  29.4%   230 4386s
  5623  3832  315.18992  582 1495  441.00000  315.18992  28.5%   230 4455s
  5624  3832  316.90062  106 5369  441.00000  316.90062  28.1%   230 4482s
  5625  3833  316.90062   42 4787  441.00000  316.90062  28.1%   230 4510s
  5626  3834  318.47375   34 2896  441.00000  318.47375  27.8%   230 4534s
  5627  3834  318.54849   65 2214  441.00000  318.54849  27.8%   230 4557s
  5628  3835  318.57920  836 2206  441.00000  318.57920  27.8%   230 4575s
  5629  3836  318.57920 1233 2178  441.00000  318.57920  27.8%   230 4604s
  5630  3836  318.85877 1232 2624  441.00000  318.85877  27.7%   230 4614s
  5631  3837  319.01426 1493 1767  441.00000  319.01426  27.7%   230 4631s
  5632  3838  319.03981  635 2499  441.00000  319.03981  27.7%   230 4650s
  5633  3838  319.41324  356 2408  441.00000  319.41324  27.6%   229 4666s
  5634  3839  319.56804  233 1498  441.00000  319.56804  27.5%   229 4682s
  5635  3840  319.65321  474 4344  441.00000  319.65321  27.5%   229 4718s
  5636  3840  319.71508   11 4448  441.00000  319.71508  27.5%   229 4735s
  5637  3841  319.84796  539 4679  441.00000  319.84796  27.5%   229 4767s
  5638  3842  320.01844  188 2855  441.00000  320.01844  27.4%   229 4781s
  5639  3842  320.09860  724 2503  441.00000  320.09860  27.4%   229 4805s
  5640  3843  320.13719  472 3913  441.00000  320.13719  27.4%   229 4815s
  5641  3844  320.13908  858 2475  441.00000  320.13908  27.4%   229 4841s
  5642  3844  377.67897 1409 2882  441.00000  320.26508  27.4%   229 4854s
  5643  3845  320.35142  814 2573  441.00000  320.35142  27.4%   229 4878s
  5644  3846  320.35142  660 2626  441.00000  320.35142  27.4%   229 4886s
  5645  3846  320.42608  422 2951  441.00000  320.42608  27.3%   229 4905s
  5646  3847  320.43958  714 3937  441.00000  320.43958  27.3%   229 4917s
  5647  3848  320.46203  328 3402  441.00000  320.46203  27.3%   229 4950s
  5648  3848  320.48107  526 4941  441.00000  320.48107  27.3%   229 4963s
  5649  3849  320.50369  185 1794  441.00000  320.50369  27.3%   229 4984s
  5650  3850  337.98840 1353 2536  441.00000  320.50369  27.3%   229 4999s
  5651  3850  320.50369  721 2386  441.00000  320.50369  27.3%   229 5016s
  5652  3851  320.50369  410 3247  441.00000  320.50369  27.3%   229 5033s
  5653  3852  320.50369  446 3051  441.00000  320.50369  27.3%   229 5051s
  5654  3852  321.72206 1313 2969  441.00000  320.50369  27.3%   229 5065s
  5655  3853  320.50369  175 2108  441.00000  320.50369  27.3%   229 5080s
  5656  3854  320.50369  159 2746  441.00000  320.50369  27.3%   229 5091s
  5657  3854  320.50369  331 2695  441.00000  320.50369  27.3%   228 5111s
  5658  3855  320.53893  438 2004  441.00000  320.53893  27.3%   228 5118s
  5659  3856  320.55481 1105 1986  441.00000  320.55481  27.3%   228 5137s
  5660  3856  320.55481    3 2128  441.00000  320.55481  27.3%   228 5145s
  5661  3857  320.55599  147 2381  441.00000  320.55599  27.3%   228 5162s
  5662  3858  320.57077  894 2503  441.00000  320.57077  27.3%   228 5169s
  5663  3858  320.59256  178 2449  441.00000  320.59256  27.3%   228 5198s
  5664  3859  320.59256  384 2465  441.00000  320.59256  27.3%   228 5208s
  5665  3860  320.71801  426 2880  441.00000  320.71801  27.3%   228 5237s
  5666  3860  320.73358  692 6522  441.00000  320.73358  27.3%   228 5255s
  5667  3861  320.89715  473 6388  441.00000  320.89715  27.2%   228 5283s
  5668  3862  320.90398 1589 6123  441.00000  320.90398  27.2%   228 5298s
  5669  3862  320.96423 1276 6118  441.00000  320.96423  27.2%   228 5330s
  5670  3863  320.97460   17 6113  441.00000  320.97460  27.2%   228 5341s
  5671  3864  321.03674  370 6014  441.00000  321.03674  27.2%   228 5421s
  5672  3864  321.05616  630 5942  441.00000  321.05616  27.2%   228 5434s
  5673  3865  321.09035  780 5830  441.00000  321.09035  27.2%   228 5472s
  5674  3866  321.09195  375 6219  441.00000  321.09195  27.2%   228 5485s
  5675  3866  321.12064  985 6003  441.00000  321.12064  27.2%   228 5510s
  5676  3867  321.12540   18 2472  441.00000  321.12540  27.2%   228 5518s
  5677  3868  321.12768  722 1636  441.00000  321.12768  27.2%   228 5540s
  5678  3868  321.12768  963 1597  441.00000  321.12768  27.2%   228 5546s
  5679  3869  321.13810  788 3047  441.00000  321.13810  27.2%   228 5562s
  5680  3870  433.88496 1568 2665  441.00000  321.13873  27.2%   228 5573s
  5681  3870  321.13873  788 1632  441.00000  321.13873  27.2%   228 5594s
  5682  3871  321.13873 1592 2996  441.00000  321.13873  27.2%   227 5601s
  5683  3872  441.00000 1655 2149  441.00000  321.13873  27.2%   227 5624s
  5684  3872  321.13873  104 3134  441.00000  321.13873  27.2%   227 5632s
  5685  3873  321.13873  506 2052  441.00000  321.13873  27.2%   227 5651s
  5686  3874  321.13873  450 1903  441.00000  321.13873  27.2%   227 5655s
  5687  3874  321.13873   71 2437  441.00000  321.13873  27.2%   227 5667s
  5690  3878  321.13873  251 12171  441.00000  321.13873  27.2%   344 5685s
  5692  3879  321.13873  251 10634  441.00000  321.13873  27.2%   344 5728s
  5693  3880  321.13873  706 3197  441.00000  321.13873  27.2%   344 5755s
  5694  3881  321.13873 1566 6255  441.00000  321.13873  27.2%   343 5773s
  5695  3881  321.13873 1185 1868  441.00000  321.13873  27.2%   343 5791s
  5696  3882  321.13873  977 2245  441.00000  321.13873  27.2%   343 5802s
  5697  3883  321.13873  600 4191  441.00000  321.13873  27.2%   343 5825s
  5698  3883  321.13873  266 3356  441.00000  321.13873  27.2%   343 5839s
  5699  3884  321.13873  895 3537  441.00000  321.13873  27.2%   343 5868s
  5700  3885  321.13873  527 1943  441.00000  321.13873  27.2%   343 5886s
  5701  3885  321.13873  157 2557  441.00000  321.13873  27.2%   343 5912s
  5702  3886  321.13873  456 3501  441.00000  321.13873  27.2%   343 5923s
  5703  3887  321.13873  395 3188  441.00000  321.13873  27.2%   343 5969s
  5704  3887  321.13873 1201 2227  441.00000  321.13873  27.2%   343 5978s
  5705  3888  321.20267  621 2964  441.00000  321.20267  27.2%   343 6005s
  5706  3889  321.21463  262 2600  441.00000  321.21463  27.2%   343 6023s
  5707  3889  321.39155 1279 2699  441.00000  321.39155  27.1%   343 6057s
  5708  3890  321.43034  405 7341  441.00000  321.43034  27.1%   343 6074s
  5709  3891  321.43530  541 3437  441.00000  321.43530  27.1%   343 6095s
  5710  3891  321.44019 1342 3355  441.00000  321.44019  27.1%   343 6115s
  5711  3892  321.44167 1356 2224  441.00000  321.44167  27.1%   342 6136s
  5712  3893  321.49410  644 4266  441.00000  321.49410  27.1%   342 6158s
  5713  3893  321.50551  719 2297  441.00000  321.50551  27.1%   342 6174s
  5714  3894  321.51561  651 2971  441.00000  321.51561  27.1%   342 6184s
  5715  3895  321.52045  268 2635  441.00000  321.52045  27.1%   342 6197s
  5716  3895  321.53182  350 2805  441.00000  321.53182  27.1%   342 6205s
  5717  3896  321.55397  954 2154  441.00000  321.55397  27.1%   342 6221s
  5718  3897  321.55491 1048 2665  441.00000  321.55491  27.1%   342 6230s
  5719  3897  321.55763   82 1721  441.00000  321.55763  27.1%   342 6243s
  5720  3898  321.55763  590 1600  441.00000  321.55763  27.1%   342 6253s
  5721  3899  321.55884 1125 2239  441.00000  321.55884  27.1%   342 6265s
  5722  3899  321.56022  348 2241  441.00000  321.56022  27.1%   342 6275s
  5723  3900  321.56657  582 3164  441.00000  321.56657  27.1%   342 6291s
  5724  3901  321.56657  106 3129  441.00000  321.56657  27.1%   342 6300s
  5725  3901  321.57852   42 2470  441.00000  321.57852  27.1%   342 6314s
  5726  3902  321.59193   34 2638  441.00000  321.59193  27.1%   342 6325s
  5727  3903  321.59193   65 2700  441.00000  321.59193  27.1%   341 6337s
  5728  3903  321.59227  836 2243  441.00000  321.59227  27.1%   341 6347s
  5729  3904  321.59227 1233 2028  441.00000  321.59227  27.1%   341 6358s
  5730  3905  321.59227 1232 2027  441.00000  321.59227  27.1%   341 6364s
  5731  3905  321.59227 1493 2203  441.00000  321.59227  27.1%   341 6375s
  5732  3906  321.59227  635 2347  441.00000  321.59227  27.1%   341 6383s
  5733  3907  321.59227  356 2293  441.00000  321.59227  27.1%   341 6405s
  5734  3907  321.60022  233 3532  441.00000  321.60022  27.1%   341 6419s
  5735  3908  321.60022  474 3088  441.00000  321.60022  27.1%   341 6442s
  5736  3909  321.60252   11 2357  441.00000  321.60252  27.1%   341 6463s
  5737  3909  321.60252  539 2385  441.00000  321.60252  27.1%   341 6481s
  5738  3910  321.60423  188 2777  441.00000  321.60423  27.1%   341 6488s
  5739  3911  321.60622  724 2343  441.00000  321.60622  27.1%   341 6496s
  5740  3911  321.60622  472 3041  441.00000  321.60622  27.1%   341 6503s
  5741  3912  321.60622  858 2338  441.00000  321.60622  27.1%   341 6524s
  5742  3913  377.67897 1409 2949  441.00000  321.60622  27.1%   341 6536s
  5743  3913  321.60622  814 2886  441.00000  321.60622  27.1%   341 6606s
  5744  3914  321.60622  660 2884  441.00000  321.60622  27.1%   340 6616s
  5745  3915  321.60622  422 3345  441.00000  321.60622  27.1%   340 6646s
  5746  3915  321.60622  714 2569  441.00000  321.60622  27.1%   340 6656s
  5747  3916  321.61138  328 2940  441.00000  321.61138  27.1%   340 6669s
  5748  3917  321.61138  526 3175  441.00000  321.61138  27.1%   340 6676s
  5749  3917  321.61138  185 3319  441.00000  321.61138  27.1%   340 6693s
  5750  3918  337.98840 1353 3321  441.00000  321.61138  27.1%   340 6702s
  5751  3919  321.61138  721 3121  441.00000  321.61138  27.1%   340 6717s
  5752  3919  321.61138  410 3119  441.00000  321.61138  27.1%   340 6724s
  5753  3920  321.61138  446 2764  441.00000  321.61138  27.1%   340 6744s
  5756  3923  321.61138  159 12171  441.00000  321.61138  27.1%   428 6754s
  5758  3924  321.61138  438 10633  441.00000  321.61138  27.1%   428 6808s
  5759  3925  321.61138 1105 3514  441.00000  321.61138  27.1%   428 6829s
  5760  3926  321.61138    3 8169  441.00000  321.61138  27.1%   427 6854s
  5761  3926  321.61138  147 2248  441.00000  321.61138  27.1%   427 6873s
  5762  3927  321.61138  894 3651  441.00000  321.61138  27.1%   427 6890s
  5763  3928  321.61138  178 3524  441.00000  321.61138  27.1%   427 6912s
  5764  3928  321.61138  384 5383  441.00000  321.61138  27.1%   427 6930s
  5765  3929  321.61138  426 1996  441.00000  321.61138  27.1%   427 6947s
  5766  3930  321.61138  692 1986  441.00000  321.61138  27.1%   427 6960s
  5767  3930  321.61138  473 2157  441.00000  321.61138  27.1%   427 6978s
  5768  3931  321.61138 1589 3202  441.00000  321.61138  27.1%   427 6989s
  5769  3932  321.61138 1276 2551  441.00000  321.61138  27.1%   427 7039s
  5770  3932  322.14509   17 1892  441.00000  322.14509  27.0%   427 7049s
  5771  3933  322.14509  370 1458  441.00000  322.14509  27.0%   427 7063s
  5772  3934  322.14509  630 2363  441.00000  322.14509  27.0%   427 7073s
  5773  3934  322.14509  780 2396  441.00000  322.14509  27.0%   427 7094s
  5774  3935  322.14509  375 4679  441.00000  322.14509  27.0%   426 7117s
  5775  3936  322.14509  985 2194  441.00000  322.14509  27.0%   426 7141s
  5776  3936  322.14509   18 2607  441.00000  322.14509  27.0%   426 7163s
  5777  3937  322.14509  722 2906  441.00000  322.14509  27.0%   426 7185s

Cutting planes:
  Gomory: 10
  Cover: 289
  Implied bound: 11
  Projected implied bound: 203
  Clique: 16
  MIR: 37
  StrongCG: 10
  Flow cover: 895
  GUB cover: 106
  Zero half: 15
  RLT: 112
  Relax-and-lift: 218

Explored 5777 nodes (2712608 simplex iterations) in 7201.95 seconds (5422.48 work units)
Thread count was 4 (of 8 available processors)

Solution count 7: 441 442.7 443 ... 456.9

Time limit reached
Best objective 4.410000000000e+02, best bound 3.222000000000e+02, gap 26.9388%
