
Gurobi 13.0.2 (linux64) logging started Thu Jun 18 15:15:35 2026

Set parameter LogFile to value "src/Resultados/Sin Restricciones/logs/RC202-25.xml_log.log"
Set parameter Threads to value 4
Gurobi Optimizer version 13.0.2 build v13.0.2rc1 (linux64 - "Rocky Linux 9.7 (Blue Onyx)")

CPU model: QEMU Virtual CPU version 2.5+, instruction set [SSE2]
Thread count: 8 physical cores, 8 logical processors, using up to 4 threads

Non-default parameters:
TimeLimit  7200
Threads  4

Optimize a model with 114690 rows, 67425 columns and 444510 nonzeros (Min)
Model fingerprint: 0x39c1c6b7
Model has 4530 linear objective coefficients
Variable types: 15585 continuous, 51840 integer (51825 binary)
Coefficient statistics:
  Matrix range     [1e+00, 2e+05]
  Objective range  [2e+00, 6e+01]
  Bounds range     [1e+00, 2e+03]
  RHS range        [1e+00, 2e+05]

Presolve removed 38055 rows and 120 columns
Presolve time: 2.76s
Presolved: 76635 rows, 67305 columns, 319290 nonzeros
Variable types: 375 continuous, 66930 integer (58800 binary)
Deterministic concurrent LP optimizer: primal and dual simplex
Showing primal log only...


Root simplex log...

Iteration    Objective       Primal Inf.    Dual Inf.      Time
   14410    8.7789073e+02   5.315188e+02   2.223952e+10      5s
   27378    2.2406255e+02   3.763940e+01   1.060292e+10     10s
   33230    2.3102533e+02   1.171003e+01   8.822038e+08     15s
   37496    2.5178207e+02   9.605195e-01   1.676145e+09     20s
   41288    2.3136580e+02   0.000000e+00   8.061312e+04     25s
   48114    1.2150002e+02   1.422283e+03   0.000000e+00     30s
   51788    1.2150010e+02   1.765686e+03   0.000000e+00     35s
   55431    1.2150018e+02   4.559087e+02   0.000000e+00     40s
   58295    1.2150026e+02   5.233414e+03   0.000000e+00     45s
   60996    1.2150032e+02   5.783421e+03   0.000000e+00     50s
   63507    1.2150042e+02   4.508988e+03   0.000000e+00     55s
   65768    1.2150057e+02   2.981834e+03   0.000000e+00     60s
Concurrent spin time: 7.68s (can be avoided by choosing Method=3)

Solved with dual simplex

Root simplex log...

Iteration    Objective       Primal Inf.    Dual Inf.      Time
   46464    1.2719713e+02   0.000000e+00   0.000000e+00     61s

Root relaxation: objective 1.271971e+02, 46464 iterations, 57.11 seconds (46.06 work units)

    Nodes    |    Current Node    |     Objective Bounds      |     Work
 Expl Unexpl |  Obj  Depth IntInf | Incumbent    BestBd   Gap | It/Node Time

     0     0  127.19713    0 10532          -  127.19713      -     -   62s
     0     0  127.19713    0 14722          -  127.19713      -     -   74s
     0     0  127.19713    0 12631          -  127.19713      -     -   76s
     0     0  127.19713    0 16825          -  127.19713      -     -   90s
     0     0  127.19713    0 16825          -  127.19713      -     -   90s
     0     0  127.19713    0 10533          -  127.19713      -     -   91s
     0     0  127.19713    0 12625          -  127.19713      -     -   96s
     0     0  127.19713    0 14726          -  127.19713      -     -  104s
     0     0  127.19713    0 14726          -  127.19713      -     -  104s
     0     0  127.19713    0 8358          -  127.19713      -     -  106s
     0     0  127.19713    0 10538          -  127.19713      -     -  109s
     0     0  127.19713    0 8432          -  127.19713      -     -  119s
     0     0  127.19713    0 6261          -  127.19713      -     -  120s
     0     0  127.19795    0 8432          -  127.19795      -     -  125s
     0     0  127.20310    0 16808          -  127.20310      -     -  128s
     0     0  127.20310    0 6333          -  127.20310      -     -  129s
     0     0  127.20310    0 8430          -  127.20310      -     -  130s
     0     0  131.15165    0 14751          -  131.15165      -     -  138s
     0     0  132.88840    0 14747          -  132.88840      -     -  138s
     0     0  132.88840    0 12643          -  132.88840      -     -  139s
     0     0  147.39505    0 12644          -  147.39505      -     -  154s
     0     0  148.83213    0 16842          -  148.83213      -     -  156s
     0     0  148.83213    0 18940          -  148.83213      -     -  156s
     0     0  148.87927    0 15259          -  148.87927      -     -  161s
     0     0  149.04362    0 14712          -  149.04362      -     -  167s
     0     0  149.11186    0 14708          -  149.11186      -     -  168s
     0     0  149.18552    0 16817          -  149.18552      -     -  169s
     0     0  149.25426    0 16846          -  149.25426      -     -  170s
     0     0  149.25460    0 12668          -  149.25460      -     -  171s
     0     0  149.27699    0 14705          -  149.27699      -     -  175s
     0     0  149.67600    0 8163          -  149.67600      -     -  178s
     0     0  149.71034    0 12506          -  149.71034      -     -  179s
     0     0  149.92288    0 9406          -  149.92288      -     -  179s
     0     0  149.92839    0 9407          -  149.92839      -     -  181s
     0     0  149.94534    0 9415          -  149.94534      -     -  181s
     0     0  149.98015    0 11560          -  149.98015      -     -  182s
     0     0  150.00308    0 15714          -  150.00308      -     -  183s
     0     0  150.04983    0 11557          -  150.04983      -     -  184s
     0     0  150.05458    0 17767          -  150.05458      -     -  184s
     0     0  150.05472    0 15716          -  150.05472      -     -  184s
     0     0  152.62769    0 12578          -  152.62769      -     -  190s
     0     0  153.18015    0 14644          -  153.18015      -     -  192s
     0     0  153.37180    0 10392          -  153.37180      -     -  192s
     0     0  157.58160    0 14679          -  157.58160      -     -  194s
     0     0  157.61886    0 16800          -  157.61886      -     -  194s
     0     0  158.98507    0 10510          -  158.98507      -     -  195s
     0     0  159.06620    0 14687          -  159.06620      -     -  196s
     0     0  159.09866    0 16786          -  159.09866      -     -  196s
     0     0  159.80127    0 14675          -  159.80127      -     -  197s
     0     0  160.78092    0 11413          -  160.78092      -     -  199s
     0     0  161.02936    0 11411          -  161.02936      -     -  199s
     0     0  161.03110    0 11420          -  161.03110      -     -  200s
     0     0  163.72592    0 12128          -  163.72592      -     -  204s
     0     0  163.86181    0 14142          -  163.86181      -     -  206s
     0     0  164.26335    0 16187          -  164.26335      -     -  207s
     0     0  164.26588    0 16241          -  164.26588      -     -  208s
     0     0  165.15384    0 9056          -  165.15384      -     -  213s
     0     0  165.23914    0 10494          -  165.23914      -     -  385s
     0     0  165.36749    0 12581          -  165.36749      -     -  386s
     0     0  165.89557    0 12300          -  165.89557      -     -  388s
     0     0  166.26215    0 10476          -  166.26215      -     -  389s
     0     0  166.90614    0 11706          -  166.90614      -     -  393s
     0     0  166.95878    0 9720          -  166.95878      -     -  394s
     0     0  166.96448    0 9654          -  166.96448      -     -  394s
     0     0  168.84147    0 14753          -  168.84147      -     -  398s
     0     0  168.91688    0 12661          -  168.91688      -     -  400s
     0     0  168.91688    0 12671          -  168.91688      -     -  400s
     0     0  169.84120    0 14347          -  169.84120      -     -  405s
     0     0  170.05654    0 10113          -  170.05654      -     -  407s
     0     0  170.25141    0 11102          -  170.25141      -     -  409s
     0     0  170.42682    0 14175          -  170.42682      -     -  411s
     0     0  171.06487    0 16381          -  171.06487      -     -  412s
     0     0  171.24294    0 14340          -  171.24294      -     -  413s
     0     0  171.43711    0 13304          -  171.43711      -     -  414s
     0     0  171.62957    0 15373          -  171.62957      -     -  415s
     0     0  172.07130    0 12192          -  172.07130      -     -  419s
     0     0  172.28670    0 11128          -  172.28670      -     -  422s
     0     0  172.40225    0 11019          -  172.40225      -     -  423s
     0     0  173.75308    0 15529          -  173.75308      -     -  425s
     0     0  173.88181    0 15830          -  173.88181      -     -  426s
     0     0  173.94941    0 15768          -  173.94941      -     -  428s
     0     0  174.28862    0 15802          -  174.28862      -     -  429s
     0     0  174.30642    0 17935          -  174.30642      -     -  430s
     0     0  174.34702    0 13314          -  174.34702      -     -  434s
     0     0  174.50645    0 15300          -  174.50645      -     -  435s
     0     0  174.80847    0 13269          -  174.80847      -     -  436s
     0     0  174.96523    0 10764          -  174.96523      -     -  437s
     0     0  174.97575    0 11701          -  174.97575      -     -  438s
     0     0  175.58084    0 13661          -  175.58084      -     -  444s
     0     0  176.00729    0 15274          -  176.00729      -     -  448s
     0     0  178.01984    0 14674          -  178.01984      -     -  450s
     0     0  178.21532    0 12436          -  178.21532      -     -  453s
     0     0  178.22225    0 13104          -  178.22225      -     -  453s
     0     0  178.64536    0 12320          -  178.64536      -     -  458s
     0     0  178.66534    0 14531          -  178.66534      -     -  459s
     0     0  178.95069    0 12893          -  178.95069      -     -  464s
     0     0  179.01001    0 11594          -  179.01001      -     -  466s
     0     0  179.01504    0 11617          -  179.01504      -     -  467s
     0     0  179.53337    0 12687          -  179.53337      -     -  473s
     0     0  179.70994    0 16628          -  179.70994      -     -  476s
     0     0  179.74396    0 14427          -  179.74396      -     -  477s
     0     0  179.76412    0 18013          -  179.76412      -     -  478s
     0     0  180.06606    0 12877          -  180.06606      -     -  484s
     0     0  180.16093    0 13627          -  180.16093      -     -  489s
     0     0  180.25711    0 8742          -  180.25711      -     -  492s
     0     0  180.28557    0 7540          -  180.28557      -     -  494s
     0     0  180.32362    0 8602          -  180.32362      -     -  496s
     0     0  180.34909    0 8638          -  180.34909      -     -  496s
     0     0  180.35380    0 10564          -  180.35380      -     -  497s
     0     0  180.71072    0 16958          -  180.71072      -     -  500s
     0     0  180.83464    0 11874          -  180.83464      -     -  503s
     0     0  180.86817    0 14177          -  180.86817      -     -  504s
     0     0  180.87303    0 11107          -  180.87303      -     -  505s
     0     0  181.00013    0 9410          -  181.00013      -     -  509s
     0     0  181.00366    0 10513          -  181.00366      -     -  511s
     0     0  181.20219    0 13073          -  181.20219      -     -  516s
     0     0  181.21940    0 13073          -  181.21940      -     -  518s
     0     0  181.21940    0 9256          -  181.21940      -     -  529s
     0     2  181.85979    0 9256          -  181.85979      -     -  565s
     1     4  181.85979    1 5889          -  181.85979      -  2375  576s
     3     7  181.85979    2 13039          -  181.85979      -  2357  583s
     7     9  181.85979    3 11028          -  181.85979      -  2165  588s
    11    18  181.85979    4 11456          -  181.85979      -  1582  599s
    21    25  220.14557    6 9150          -  181.85979      -  1535  609s
    28    38  182.08799    7 10520          -  181.85979      -  1398  613s
    41    44  182.25536    9 10003          -  181.85979      -  1088  619s
    47    53  182.26611   10 10002          -  181.85979      -  1059  625s
    64    72  182.78531   13 12224          -  181.85979      -   894  632s
    77    84  183.03912   16 10028          -  181.85979      -   813  637s
    89    95  183.04729   17 10030          -  181.85979      -   721  640s
   111   119  183.79134   23 7313          -  181.85979      -   602  648s
   124   131  184.19102   25 18283          -  181.85979      -   576  653s
   136   138  222.03103   26 11751          -  181.85979      -   562  659s
   143   144  184.25204   26 16067          -  181.85979      -   556  663s
   151   150  184.74128   28 14120          -  181.85979      -   563  667s
   157   161  184.83708   30 16180          -  181.85979      -   556  670s
   172   165  185.21431   36 13068          -  181.85979      -   530  678s
   176   177  185.35267   37 14482          -  181.85979      -   535  684s
   188   184  185.35329   38 12371          -  181.85979      -   514  689s
   195   193  185.44280   39 12381          -  181.85979      -   513  696s
   204   202  185.50165   40 14488          -  181.85979      -   519  702s
   213   215  185.52893   41 12366          -  181.85979      -   521  713s
   230   226  185.73533   47 9039          -  181.85979      -   500  727s
   243   237  186.31979   49 10322          -  181.85979      -   494  746s
   254   244  186.32069   50 7833          -  181.85979      -   488  756s
   261   249  223.25717   52 7549          -  181.85979      -   501  765s
   266   255  187.09948   53 12613          -  181.85979      -   507  802s
   272   275  187.10816   54 10555          -  181.85979      -   523  809s
   294   301  188.06232   60 12519          -  181.85979      -   509  822s
   320   320  188.33980   63 12436          -  181.85979      -   487  832s
   339   344  189.80770   65 11477          -  181.85979      -   485  840s
   363   374  191.39655   68 7950          -  181.85979      -   483  851s
   395   419  192.04919   71 7631          -  181.85979      -   464  861s
   440   454  193.96455   80 9645          -  181.85979      -   426  872s
   477   493  194.39598   81 7531          -  181.85979      -   409  884s
   516   531  195.28907   85 8802          -  181.85979      -   390  897s
   554   581  196.19684   91 6939          -  181.85979      -   372  909s
   604   634  197.27442  101 15363          -  181.85979      -   350  918s
   657   682  228.46171  114 9927          -  181.85979      -   330  927s
   705   738  200.74608  116 13347          -  181.85979      -   311  937s
   761   782  213.59499  123 8281          -  181.85979      -   299  947s
   811   826  239.79576  126 11766          -  181.85979      -   296  959s
   855   908  237.36084  127 11202          -  181.85979      -   292  971s
   937   969  239.42753  130 3817          -  181.85979      -   272  982s
  1000  1044  239.99275  134 6711          -  181.85979      -   261  993s
  1077  1120  243.21725  145 3707          -  181.85979      -   250 1002s
  1153  1199  245.02963  154 4747          -  181.85979      -   243 1013s
  1232  1309  245.70512  160 6909          -  181.85979      -   233 1032s
  1342  1446  246.47572  166 5079          -  181.85979      -   220 1045s
  1479  1542  247.02870  174 3798          -  181.85979      -   204 1055s
  1575  1673  247.02870  175 4152          -  181.85979      -   199 1072s
  1706  1850  247.02870  176 4252          -  181.85979      -   192 1085s
  1883  2025  247.09253  179 2672          -  181.85979      -   178 1099s
  2062  2175  247.46906  185 3316          -  181.85979      -   168 1111s
  2214  2333  268.18760  187 3297          -  181.85979      -   164 1126s
  2375  2451  247.46906  188 3354          -  181.85979      -   157 1145s
  2500  2565  247.48354  190 6909          -  181.85979      -   161 1161s
  2614  2569  247.48354  191 6919          -  181.85979      -   161 1205s
  2618  2665  247.48354  192 7086          -  181.85979      -   161 1228s
  2716  2747  267.95579  192 2826          -  181.85979      -   158 1265s
  2798  2840  268.22245  193 1396          -  181.85979      -   158 1283s
  2891  3023  247.48354  193 6804          -  181.85979      -   156 1307s
  3078  3245  247.49730  197 5918          -  181.85979      -   151 1326s
  3304  3399  247.82068  256 7999          -  181.85979      -   146 1342s
  3458  3605  247.83106  273 9162          -  181.85979      -   146 1382s
  3668  3824  247.96351  288 6470          -  181.85979      -   144 1402s
  3890  3937  248.77532  302 4572          -  181.85979      -   142 1431s
  4029  4064  249.20254  326 8014          -  181.85979      -   146 1450s
  4158  4113  249.37870  347 7124          -  181.85979      -   151 1470s
  4209  4260  249.37888  352 7081          -  181.85979      -   159 1491s
  4366  4392  263.80664  373 6707          -  181.85979      -   162 1513s
  4506  4600  265.77953  446 5624          -  181.85979      -   167 1536s
  4735  4601  429.16856  277 9256          -  181.85979      -   168 1594s
  4736  4602  269.57073  494 9256          -  181.85979      -   167 1595s
  4737  4602  256.63110   16 12898          -  181.85979      -   167 1658s
  4738  4603  308.82319  547 9478          -  181.85979      -   167 1687s
  4739  4604  323.17011  560 14787          -  181.85979      -   167 1705s
  4740  4604  453.60350  722 10369          -  181.85979      -   167 1713s
  4741  4605  505.25070 1068 11605          -  181.85979      -   167 1717s
  4742  4606  442.98083 1352 11763          -  181.85979      -   167 1720s
  4744  4607  443.19548  770 9301          -  181.85979      -   167 1729s
  4745  4608  259.63676  173 7577          -  181.85979      -   167 1732s
  4746  4608  257.10002  161 8632          -  181.85979      -   167 1736s
  4747  4609  245.98410   33 6386          -  181.85979      -   167 1740s
  4749  4610  243.85889   19 9620          -  181.85979      -   167 1747s
  4751  4612  490.66024  840 6624          -  181.85979      -   167 1751s
  4753  4613  475.66474 1038 7618          -  181.85979      -   167 1756s
  4755  4614  238.20390   51 6152          -  181.85979      -   167 1761s
  4757  4616  264.44074  202 4712          -  181.85979      -   167 1766s
  4760  4618  199.47961  105 6692          -  181.85979      -   167 1792s
  4761  4618  409.74815  730 4459          -  187.46679      -   167 1823s
  4762  4619  189.90721   66 5597          -  188.40599      -   167 1826s
  4763  4620  431.76073  580 7186          -  190.48851      -   167 1830s
  4764  4620  487.64702  824 5572          -  192.25553      -   167 1835s
  4765  4621  454.53546 1136 6869          -  193.33319      -   166 1840s
  4768  4623  430.30613  896 6971          -  193.54386      -   166 1845s
  4770  4624  335.47382  562 7996          -  193.58400      -   166 1867s
  4771  4625  320.95462  507 6657          -  198.70929      -   166 1902s
  4773  4626  467.49734  945 5424          -  201.03048      -   166 1906s
  4776  4628  429.17883  470 7715          -  201.64331      -   166 1910s
  4778  4630  285.52076  483 6971          -  201.90780      -   166 1915s
H 4782  4399                     697.3000000  201.97752  71.0%   166 1936s
H 4783  4179                     678.0000000  203.17303  70.0%   166 1956s
H 4783  3969                     633.3000000  203.17303  67.9%   166 1957s
H 4783  3770                     602.5000000  203.17303  66.3%   166 1958s
H 4783  3581                     597.8000000  203.17303  66.0%   166 1959s
H 4783  3401                     595.8000000  203.17303  65.9%   166 1961s
H 4783  3230                     594.1000000  203.17303  65.8%   166 1961s
  4788  3233  442.07436  747 5649  594.10000  203.62494  65.7%   166 1965s
  4793  3237  429.64347  275 5888  594.10000  204.04166  65.7%   166 1970s
  4798  3240  247.78025  184 7162  594.10000  204.11952  65.6%   165 1993s
  4799  3241  247.83106  275 7756  594.10000  207.47996  65.1%   165 2019s
  4800  3241  284.09251  372 8269  594.10000  208.28088  64.9%   165 2021s
  4802  3243  410.76291  780 6685  594.10000  208.72196  64.9%   165 2025s
  4804  3244  265.33668  314 8797  594.10000  208.93737  64.8%   165 2030s
  4808  3247  257.33379  199 7313  594.10000  209.01131  64.8%   165 2035s
  4813  3250  442.75738  816 6154  594.10000  209.50480  64.7%   165 2041s
  4816  3252  247.49730  218 7997  594.10000  209.58082  64.7%   165 2045s
  4820  3255  230.35464   61 9379  594.10000  209.68564  64.7%   165 2071s
H 4820  3091                     588.8000000  210.82411  64.2%   165 2105s
H 4820  2935                     522.9000000  210.82411  59.7%   165 2110s
H 4820  2787                     521.1000000  210.82411  59.5%   165 2112s
H 4820  2646                     519.1000000  210.82411  59.4%   165 2113s
  4821  2646  262.69442  221 7350  519.10000  210.82411  59.4%   165 2119s
  4822  2647  444.62682  761 7630  519.10000  211.21087  59.3%   165 2122s
  4824  2648  429.95796  662 9245  519.10000  211.49844  59.3%   164 2125s
  4827  2650  256.63110   16 9330  519.10000  211.73606  59.2%   164 2149s
  4828  2651  247.61465   31 7035  519.10000  212.57542  59.0%   164 2177s
  4829  2652  264.76256  400 7053  519.10000  212.98840  59.0%   164 2180s
  4833  2654  268.43802  465 6913  519.10000  213.45104  58.9%   164 2185s
  4839  2658  323.17011  560 6919  519.10000  213.57500  58.9%   164 2206s
  4840  2659  453.60350  722 6965  519.10000  213.70779  58.8%   164 2227s
  4843  2661  215.86269  125 5751  519.10000  213.74479  58.8%   164 2246s
  4844  2662  443.19548  770 6638  519.10000  214.16181  58.7%   164 2267s
  4846  2663  257.10002  161 7769  519.10000  214.43062  58.7%   164 2271s
  4848  2664  257.33379  189 8432  519.10000  214.44429  58.7%   164 2292s
H 4848  2529                     459.0000000  215.53601  53.0%   164 2324s
  4849  2530  243.85889   19 8580  459.00000  215.53601  53.0%   164 2330s
  4853  2533  459.00000 1038 8827  459.00000  216.22307  52.9%   163 2335s
  4860  2537  216.43116  105 6482  459.00000  216.43116  52.8%   163 2340s
  4863  2539  431.76073  580 7954  459.00000  216.47215  52.8%   163 2358s
  4864  2540  459.00000  824 9405  459.00000  217.03294  52.7%   163 2388s
  4866  2541  265.30470  427 7111  459.00000  217.21641  52.7%   163 2390s
  4873  2546  459.00000  945 8272  459.00000  217.36310  52.6%   163 2395s
  4874  2547  279.96420  341 7992  459.00000  217.36431  52.6%   163 2414s
  4875  2547  436.54604  693 6763  459.00000  217.55439  52.6%   163 2438s
  4878  2549  285.52076  483 7710  459.00000  217.63668  52.6%   163 2440s
  4880  2551  445.50029 1275 7744  459.00000  217.64692  52.6%   163 2459s
  4881  2551  443.32844 1382 8426  459.00000  217.83861  52.5%   163 2489s
  4882  2552  429.22204  282 7815  459.00000  217.85474  52.5%   162 2490s
  4886  2555  442.84646 1202 7800  459.00000  217.93340  52.5%   162 2505s
  4887  2555  459.00000  887 6576  459.00000  217.96357  52.5%   162 2528s
  4889  2557  459.00000 1101 7883  459.00000  217.97725  52.5%   162 2530s
  4890  2557  459.00000 1039 8119  459.00000  217.97868  52.5%   162 2547s
  4891  2558  242.60408   63 7043  459.00000  218.00995  52.5%   162 2565s
  4895  2561  245.88210   33 7491  459.00000  218.04920  52.5%   162 2583s
  4896  2561  264.52677  391 6661  459.00000  218.39424  52.4%   162 2611s
  4900  2564  284.09251  372 6736  459.00000  218.58577  52.4%   162 2615s
  4901  2565  374.13707  534 6760  459.00000  218.58759  52.4%   162 2632s
  4902  2565  410.76291  780 6616  459.00000  219.06972  52.3%   162 2656s
  4908  2569  257.33379  199 7934  459.00000  219.17094  52.3%   162 2674s
  4909  2570  244.78503   93 6825  459.00000  219.45583  52.2%   162 2693s
  4910  2571  320.95462  537 7756  459.00000  219.50674  52.2%   162 2695s
  4916  2575  247.49730  218 7262  459.00000  219.68503  52.1%   161 2700s
  4917  2575  459.00000  853 7538  459.00000  219.68545  52.1%   161 2709s
  4918  2576  429.56969  197 7542  459.00000  219.87521  52.1%   161 2727s
  4922  2579  444.62682  761 8404  459.00000  219.96087  52.1%   161 2750s
  4923  2579  459.00000  950 7153  459.00000  220.09251  52.0%   161 2789s
  4924  2580  429.95796  662 8240  459.00000  220.11346  52.0%   161 2790s
  4925  2581  277.63503  310 7919  459.00000  220.11402  52.0%   161 2808s
  4926  2581  244.37522   91 6774  459.00000  220.18075  52.0%   161 2833s
  4928  2583  247.61465   31 7130  459.00000  220.26060  52.0%   161 2836s
  4931  2585  229.80495   54 7251  459.00000  220.30588  52.0%   161 2840s
  4936  2588  269.57073  494 6809  459.00000  220.34069  52.0%   161 2855s
  4937  2589  256.63110   16 7194  459.00000  220.43632  52.0%   161 2877s
  4939  2590  323.17011  560 7940  459.00000  220.51313  52.0%   161 2880s
  4944  2593  443.19548  770 7951  459.00000  220.56396  51.9%   160 2899s
  4945  2594  259.63676  173 8994  459.00000  220.60672  51.9%   160 2923s
  4946  2595  257.10002  161 8503  459.00000  220.60830  51.9%   160 2942s
  4947  2595  245.98410   33 7710  459.00000  220.97982  51.9%   160 2969s
  4948  2596  257.33379  189 8197  459.00000  221.04002  51.8%   160 2970s
  4952  2599  247.49730  215 8039  459.00000  221.08656  51.8%   160 2991s
  4953  2599  459.00000 1038 9287  459.00000  221.12241  51.8%   160 3023s
  4956  2601  230.57283   71 9165  459.00000  221.21626  51.8%   160 3025s
  4959  2603  229.51297   34 9477  459.00000  221.23810  51.8%   160 3047s
  4960  2604  221.33596  105 9567  459.00000  221.33596  51.8%   160 3076s
  4963  2606  431.76073  580 9229  459.00000  221.49333  51.7%   160 3080s
  4967  2609  227.18034   33 9167  459.00000  221.54290  51.7%   160 3101s
  4968  2609  430.30613  896 6781  459.00000  221.75011  51.7%   160 3134s
  4969  2610  441.51413  615 7178  459.00000  221.83299  51.7%   160 3136s
  4973  2613  459.00000  945 7764  459.00000  221.89290  51.7%   160 3141s
  4974  2613  279.96420  341 8162  459.00000  221.89347  51.7%   159 3154s
  4975  2614  436.54604  693 6761  459.00000  222.03289  51.6%   159 3180s
  4980  2617  445.50029 1275 9775  459.00000  222.20537  51.6%   159 3204s
  4981  2618  443.32844 1382 8357  459.00000  222.20561  51.6%   159 3228s
  4983  2619  459.00000 1086 7804  459.00000  222.23968  51.6%   159 3236s
  4988  2623  442.07436  747 7958  459.00000  222.27450  51.6%   159 3254s
  4989  2623  459.00000 1101 7095  459.00000  222.27838  51.6%   159 3301s
  4990  2624  459.00000 1039 7558  459.00000  222.27838  51.6%   159 3315s
  4991  2625  242.60408   63 7587  459.00000  222.35670  51.6%   159 3336s
  4994  2627  429.17883  511 7248  459.00000  222.40345  51.5%   159 3350s
  4995  2627  245.88210   33 6902  459.00000  222.42982  51.5%   159 3369s
  4997  2629  392.97227  624 6555  459.00000  222.44046  51.5%   159 3383s
  4998  2629  247.78025  184 6881  459.00000  222.45099  51.5%   159 3405s
  5000  2631  284.09251  372 7490  459.00000  222.45334  51.5%   159 3419s
  5001  2631  374.13707  534 6751  459.00000  222.52881  51.5%   159 3433s
  5003  2633  431.39997  247 7144  459.00000  222.53550  51.5%   159 3445s
  5004  2633  265.33668  314 7210  459.00000  222.56862  51.5%   159 3467s
  5006  2635  269.28093  216 7294  459.00000  222.57270  51.5%   158 3483s
  5007  2635  235.78639   10 7508  459.00000  222.57603  51.5%   158 3505s
  5008  2636  257.33379  199 7192  459.00000  222.57770  51.5%   158 3516s
  5009  2637  244.78503   93 8153  459.00000  222.67556  51.5%   158 3537s
  5012  2639  433.93609  680 7255  459.00000  222.72048  51.5%   158 3554s
  5013  2639  442.75738  816 7615  459.00000  222.73262  51.5%   158 3576s
  5018  2643  429.56969  197 8821  459.00000  222.77207  51.5%   158 3580s
  5019  2643  274.38803  254 7844  459.00000  222.77304  51.5%   158 3595s
  5020  2644  230.35464   61 8422  459.00000  222.79055  51.5%   158 3622s
  5022  2645  444.62682  761 8061  459.00000  222.79749  51.5%   158 3638s
  5023  2646  459.00000  950 8309  459.00000  222.80118  51.5%   158 3658s
  5024  2647  429.95796  662 8056  459.00000  222.80124  51.5%   158 3671s
  5025  2647  277.63503  310 8159  459.00000  222.80486  51.5%   158 3690s
  5028  2651  247.61465   31 9256  459.00000  222.80486  51.5%   262 3723s
  5030  2652  263.46223  224 11026  459.00000  222.80486  51.5%   262 3766s
  5031  2653  229.80495   54 10154  459.00000  222.80754  51.5%   262 3797s
  5032  2654  429.17619  326 10776  459.00000  222.82523  51.5%   262 3810s
  5033  2654  268.43802  465 12335  459.00000  222.91330  51.4%   262 3815s
  5035  2656  429.16856  277 11847  459.00000  222.91330  51.4%   262 3826s
  5036  2656  269.57073  494 11420  459.00000  222.91330  51.4%   262 3834s
  5037  2657  256.63110   16 12154  459.00000  222.91330  51.4%   262 3843s
  5038  2658  308.82319  547 10471  459.00000  222.91330  51.4%   261 3853s
  5039  2658  323.17011  560 10361  459.00000  222.91330  51.4%   261 3859s
  5040  2659  453.60350  722 9459  459.00000  222.91330  51.4%   261 3861s
  5042  2660  442.98083 1352 9481  459.00000  222.91330  51.4%   261 3866s
  5044  2662  443.19548  770 9097  459.00000  222.91330  51.4%   261 3872s
  5046  2663  257.10002  161 9176  459.00000  222.91330  51.4%   261 3896s
  5047  2664  245.98410   33 8596  459.00000  222.91330  51.4%   261 3926s
  5048  2664  257.33379  189 8103  459.00000  222.91330  51.4%   261 3938s
  5049  2665  243.85889   19 8166  459.00000  222.91330  51.4%   261 3940s
  5050  2666  308.34697  568 8123  459.00000  222.91330  51.4%   261 3981s
  5051  2666  459.00000  840 7779  459.00000  222.95238  51.4%   261 4014s
  5052  2667  247.49730  215 7908  459.00000  223.00479  51.4%   261 4020s
  5053  2668  459.00000 1038 7899  459.00000  223.00800  51.4%   261 4055s
  5054  2668  264.57799   24 7899  459.00000  223.00979  51.4%   261 4095s
  5055  2669  238.20390   51 7727  459.00000  223.21853  51.4%   261 4105s
  5059  2672  229.51297   34 7906  459.00000  223.28719  51.4%   260 4139s
  5060  2672  223.46798  105 7894  459.00000  223.46798  51.3%   260 4168s
  5061  2673  409.74815  730 7900  459.00000  223.49633  51.3%   260 4176s
  5064  2675  459.00000  824 7906  459.00000  223.51861  51.3%   260 4202s
  5065  2676  454.53546 1136 7899  459.00000  223.64936  51.3%   260 4268s
  5066  2676  265.30470  427 8307  459.00000  223.66834  51.3%   260 4287s
  5068  2678  430.30613  896 8683  459.00000  223.69421  51.3%   260 4312s
  5069  2678  441.51413  615 8020  459.00000  223.95912  51.2%   260 4344s
  5070  2679  335.47382  562 8161  459.00000  224.13991  51.2%   260 4358s
  5072  2680  456.64289 1264 7618  459.00000  224.18097  51.2%   260 4360s
  5075  2682  436.54604  693 7634  459.00000  224.19973  51.2%   260 4378s
  5076  2683  429.17883  470 7654  459.00000  224.22135  51.2%   260 4410s
  5077  2684  269.14835  441 7635  459.00000  224.22135  51.2%   259 4432s
  5078  2684  285.52076  483 7577  459.00000  224.22516  51.1%   259 4463s
  5079  2685  442.31013  794 8560  459.00000  224.23207  51.1%   259 4465s
  5081  2686  443.32844 1382 7927  459.00000  224.24144  51.1%   259 4491s
  5082  2687  429.22204  282 7922  459.00000  224.24163  51.1%   259 4523s
  5083  2688  459.00000 1086 7822  459.00000  224.24174  51.1%   259 4545s
  5084  2688  433.93609  678 7824  459.00000  224.24174  51.1%   259 4576s
  5085  2689  356.17533  605 7806  459.00000  224.24368  51.1%   259 4599s
  5086  2690  442.84646 1202 7790  459.00000  224.24756  51.1%   259 4629s
  5087  2690  459.00000  887 7778  459.00000  224.24850  51.1%   259 4651s
  5088  2691  442.07436  747 7742  459.00000  224.24966  51.1%   259 4677s
  5089  2692  459.00000 1101 7742  459.00000  224.24966  51.1%   259 4710s
  5090  2692  459.00000 1039 7742  459.00000  224.25072  51.1%   259 4727s
  5091  2696  224.31826   25 7751  459.00000  224.30729  51.1%   297 4756s
  5093  2699  224.42640   26 8282  459.00000  224.42640  51.1%   298 4769s
  5095  2699  245.51058   26 4836  459.00000  224.42715  51.1%   299 4770s
  5101  2714  224.54272   28 7610  459.00000  224.48571  51.1%   299 4784s
  5114  2717  246.25186   29 8855  459.00000  224.48571  51.1%   303 4791s
  5124  2721  224.70859   30 6618  459.00000  224.48571  51.1%   304 4797s
  5131  2726  224.82812   31 7842  459.00000  224.48571  51.1%   306 4811s
  5138  2729  225.04000   32 7630  459.00000  224.48571  51.1%   309 4817s
  5146  2731  225.10595   33 7541  459.00000  224.48571  51.1%   310 4821s
  5150  2733  238.65395   33 8272  459.00000  224.48571  51.1%   310 4835s
  5154  2736  225.13940   34 7436  459.00000  224.48571  51.1%   312 4842s
  5158  2739  245.70924   34 7756  459.00000  224.48571  51.1%   312 4857s
  5162  2741  225.17651   35 7290  459.00000  224.48571  51.1%   314 4863s
  5166  2744  259.31420   35 6787  459.00000  224.48571  51.1%   315 4886s
  5170  2747  225.24869   36 7408  459.00000  224.48571  51.1%   318 4892s
  5174  2749  245.76191   36 5569  459.00000  224.48571  51.1%   318 4907s
  5178  2751  225.27077   37 7940  459.00000  224.48571  51.1%   319 4958s
  5183  2753  252.89335   37 7541  459.00000  224.48571  51.1%   320 4986s
  5187  2756  225.28984   38 6951  459.00000  224.48571  51.1%   322 5004s
  5191  2759  253.14552   38 6237  459.00000  224.48571  51.1%   323 5023s
  5195  2761  225.29789   39 7102  459.00000  224.48571  51.1%   324 5031s
  5199  2763  251.10333   39 8518  459.00000  224.48571  51.1%   324 5084s
  5204  2765  225.49829   40 6258  459.00000  224.48571  51.1%   325 5111s
  5208  2768  252.39834   40 6553  459.00000  224.48571  51.1%   327 5136s
  5212  2773  225.49846   41 7335  459.00000  224.48571  51.1%   327 5154s
  5218  2777  265.87797   41 8950  459.00000  224.48571  51.1%   328 5218s
  5224  2780  225.76365   42 7411  459.00000  224.48571  51.1%   329 5241s
  5229  2784  249.78527   42 5947  459.00000  224.48571  51.1%   331 5297s
  5235  2788  225.90878   43 8529  459.00000  224.48571  51.1%   331 5367s
  5241  2795  246.17762   43 6994  459.00000  224.48571  51.1%   333 5399s
  5250  2800  226.22601   44 6975  459.00000  224.48571  51.1%   333 5413s
  5258  2804  240.71755   44 8399  459.00000  224.48571  51.1%   335 5452s
  5265  2811  226.23222   45 7461  459.00000  224.48571  51.1%   336 5469s
  5276  2830  249.44161   45 7697  459.00000  224.48571  51.1%   338 5480s
  5299  2831  226.30886   46 7063  459.00000  224.48571  51.1%   340 5498s
  5307  2855  245.88010   46 8277  459.00000  224.48571  51.1%   342 5510s
  5334  2858  226.36720   47 7481  459.00000  224.48571  51.1%   343 5554s
  5346  2887  226.37236   48 7487  459.00000  224.48571  51.1%   345 5571s
  5383  2895  226.86721   50 7319  459.00000  224.48571  51.1%   347 5597s
  5411  2889  227.25897   52 7529  459.00000  224.48571  51.1%   349 5622s
  5425  2911  227.43988   53 6646  459.00000  224.50108  51.1%   351 5640s
  5451  2913  227.80678   56 7177  459.00000  224.50108  51.1%   355 5671s
  5462  2941  227.83002   57 6515  459.00000  224.50108  51.1%   358 5690s
  5494  2941  228.05344   60 7102  459.00000  224.50108  51.1%   362 5717s
  5504  2964  245.56503   61 6309  459.00000  224.50108  51.1%   363 5736s
  5533  2968  228.49943   64 5973  459.00000  224.50108  51.1%   368 5757s
  5546  3006  228.67433   66 5776  459.00000  224.50108  51.1%   370 5780s
  5589  2999  229.13413   70 5732  459.00000  224.50108  51.1%   374 5836s
  5596  3001  252.52980   72 6259  459.00000  224.50108  51.1%   376 5866s
  5600  3003  266.44670   72 8555  459.00000  224.50108  51.1%   376 5916s
  5604  3006  252.70195   73 5656  459.00000  224.50108  51.1%   377 5983s
  5608  3009  277.34842   73 6429  459.00000  224.50108  51.1%   378 6008s
  5612  3011  253.07361   74 5660  459.00000  224.50108  51.1%   378 6033s
  5616  3014  256.27889   74 5300  459.00000  224.50108  51.1%   378 6059s
  5620  3017  254.65044   75 5651  459.00000  224.50108  51.1%   379 6084s
  5624  3019  255.00803   75 5170  459.00000  224.50108  51.1%   380 6113s
  5628  3023  282.30632   76 6636  459.00000  224.50108  51.1%   380 6139s
  5633  3033  260.63775   76 6960  459.00000  224.50108  51.1%   381 6174s
  5645  3045  260.63922   77 6856  459.00000  224.50108  51.1%   383 6209s
  5661  3053  311.58523   77 4293  459.00000  224.50108  51.1%   385 6247s
  5674  3061  276.52896   78 6138  459.00000  224.50108  51.1%   387 6305s
  5686  3107  260.63922   78 6854  459.00000  224.50108  51.1%   388 6337s
  5736  3121  260.71339   79 6260  459.00000  224.50108  51.1%   390 6367s
  5767  3183  261.64657   80 6845  459.00000  224.50108  51.1%   393 6401s
  5843  3205  261.78481   86 6361  459.00000  224.50108  51.1%   399 6433s
  5891  3307  264.35321   89 6928  459.00000  224.50108  51.1%   402 6470s
  6011  3308  303.86190  101 4604  459.00000  224.50108  51.1%   405 6508s
  6053  3360  265.25536  104 5382  459.00000  224.50108  51.1%   407 6550s
  6125  3361  265.25608  107 5376  459.00000  224.50108  51.1%   408 6598s
  6184  3465  299.11198  118 2077  459.00000  224.50108  51.1%   408 6639s
  6357  3474  322.78504  127 4243  459.00000  224.50108  51.1%   408 6686s
  6428  3544  349.02335  133 3284  459.00000  224.50108  51.1%   409 6727s
  6552  3572  327.80341  148 3244  459.00000  224.50108  51.1%   412 6777s
  6637  3583  370.27139  156 2911  459.00000  224.50108  51.1%   413 6831s
  6707  3620  374.07161  164 1528  459.00000  224.50108  51.1%   414 6885s
  6770  3622  333.10092  165 2922  459.00000  224.50108  51.1%   414 6940s
  6803  3636  383.70688  172 3714  459.00000  224.50108  51.1%   416 7009s
  6840  3653  432.76957  178 2068  459.00000  224.50108  51.1%   417 7064s
  6931  3638     cutoff  197       459.00000  229.13413  50.1%   417 7137s
  6950  3656  275.76739   31 5772  459.00000  229.13413  50.1%   419 7200s

Cutting planes:
  Gomory: 3
  Cover: 77
  Implied bound: 70
  Projected implied bound: 526
  Clique: 24
  MIR: 48
  Mixing: 1
  StrongCG: 5
  Flow cover: 199
  GUB cover: 132
  Zero half: 34
  RLT: 70
  Relax-and-lift: 117

Explored 7033 nodes (3036122 simplex iterations) in 7200.02 seconds (7205.88 work units)
Thread count was 4 (of 8 available processors)

Solution count 10: 459 519.1 521.1 ... 633.3

Time limit reached
Best objective 4.590000000000e+02, best bound 2.292000000000e+02, gap 50.0654%
