
Gurobi 13.0.2 (linux64) logging started Thu Jun 18 19:16:26 2026

Set parameter LogFile to value "src/Resultados/Sin Restricciones/logs/RC203-25.xml_log.log"
Set parameter Threads to value 4
Gurobi Optimizer version 13.0.2 build v13.0.2rc1 (linux64 - "Rocky Linux 9.7 (Blue Onyx)")

CPU model: QEMU Virtual CPU version 2.5+, instruction set [SSE2]
Thread count: 8 physical cores, 8 logical processors, using up to 4 threads

Non-default parameters:
TimeLimit  7200
Threads  4

Optimize a model with 115230 rows, 67965 columns and 449910 nonzeros (Min)
Model fingerprint: 0xe2a6a88c
Model has 5070 linear objective coefficients
Variable types: 15585 continuous, 52380 integer (52365 binary)
Coefficient statistics:
  Matrix range     [1e+00, 2e+05]
  Objective range  [2e+00, 6e+01]
  Bounds range     [1e+00, 2e+03]
  RHS range        [1e+00, 2e+05]

Presolve removed 37965 rows and 120 columns
Presolve time: 2.51s
Presolved: 77265 rows, 67845 columns, 324300 nonzeros
Variable types: 375 continuous, 67470 integer (59340 binary)
Deterministic concurrent LP optimizer: primal and dual simplex
Showing primal log only...


Root simplex log...

Iteration    Objective       Primal Inf.    Dual Inf.      Time
   15744    4.6292961e+02   3.224555e+02   1.464258e+10      5s
   34140    1.3084500e+02   2.843514e+01   2.454490e+09     10s
   40887    1.3768406e+02   1.983881e+00   2.752265e+09     15s
   51581    1.0550001e+02   1.278828e+04   0.000000e+00     20s
   57180    1.0550009e+02   2.418952e+02   0.000000e+00     25s
   60138    1.0550017e+02   1.309486e+03   0.000000e+00     30s
   63765    1.0550022e+02   2.658211e+03   0.000000e+00     35s
   67353    1.0550033e+02   2.073013e+03   0.000000e+00     40s
   70439    1.0550053e+02   1.588246e+03   0.000000e+00     45s
Concurrent spin time: 0.00s

Solved with dual simplex

Root simplex log...

Iteration    Objective       Primal Inf.    Dual Inf.      Time
   44863    1.1031452e+02   0.000000e+00   0.000000e+00     48s

Root relaxation: objective 1.103145e+02, 44863 iterations, 44.22 seconds (43.40 work units)

    Nodes    |    Current Node    |     Objective Bounds      |     Work
 Expl Unexpl |  Obj  Depth IntInf | Incumbent    BestBd   Gap | It/Node Time

     0     0  110.31452    0 12625          -  110.31452      -     -   49s
     0     0  110.31452    0 18914          -  110.31452      -     -   67s
     0     0  110.31452    0 18924          -  110.31452      -     -   68s
     0     0  110.31452    0 18919          -  110.31452      -     -   82s
     0     0  110.31452    0 18919          -  110.31452      -     -   82s
     0     0  110.31452    0 4240          -  110.31452      -     -   84s
     0     0  110.31452    0 8439          -  110.31452      -     -  100s
     0     0  110.31452    0 14720          -  110.31452      -     -  107s
     0     0  110.31452    0 4240          -  110.31452      -     -  108s
     0     0  110.31452    0 14727          -  110.31452      -     -  112s
     0     0  110.31452    0 10543          -  110.31452      -     -  118s
     0     0  110.31452    0 6343          -  110.31452      -     -  119s
     0     0  110.31452    0 14732          -  110.31452      -     -  121s
     0     0  110.49259    0 14742          -  110.49259      -     -  125s
     0     0  110.49259    0 12646          -  110.49259      -     -  126s
     0     0  110.77019    0 12640          -  110.77019      -     -  128s
     0     0  111.61933    0 12595          -  111.61933      -     -  132s
     0     0  111.69938    0 10512          -  111.69938      -     -  133s
     0     0  111.70384    0 12629          -  111.70384      -     -  134s
     0     0  111.70560    0 14688          -  111.70560      -     -  136s
     0     0  111.71561    0 12640          -  111.71561      -     -  136s
     0     0  111.71561    0 12641          -  111.71561      -     -  136s
     0     0  112.91354    0 8444          -  112.91354      -     -  145s
     0     0  112.96987    0 12664          -  112.96987      -     -  146s
     0     0  112.96998    0 10570          -  112.96998      -     -  146s
     0     0  113.66135    0 12562          -  113.66135      -     -  150s
     0     0  113.72742    0 14736          -  113.72742      -     -  152s
     0     0  113.74031    0 14684          -  113.74031      -     -  153s
     0     0  113.74138    0 16777          -  113.74138      -     -  153s
     0     0  113.76042    0 10489          -  113.76042      -     -  154s
     0     0  113.76071    0 12600          -  113.76071      -     -  155s
     0     0  114.30649    0 6239          -  114.30649      -     -  161s
     0     0  114.91119    0 8394          -  114.91119      -     -  164s
     0     0  114.91703    0 6288          -  114.91703      -     -  165s
     0     0  114.92151    0 12600          -  114.92151      -     -  165s
     0     0  114.93452    0 10475          -  114.93452      -     -  166s
     0     0  114.94160    0 14682          -  114.94160      -     -  167s
     0     0  114.95044    0 12562          -  114.95044      -     -  168s
     0     0  114.95044    0 10465          -  114.95044      -     -  168s
     0     0  115.80353    0 14749          -  115.80353      -     -  176s
     0     0  115.80353    0 16838          -  115.80353      -     -  177s
     0     0  115.80353    0 14755          -  115.80353      -     -  182s
     0     0  115.80354    0 12657          -  115.80354      -     -  184s
     0     0  115.80354    0 12663          -  115.80354      -     -  187s
     0     0  115.80354    0 12663          -  115.80354      -     -  187s
     0     0  115.80354    0 12646          -  115.80354      -     -  189s
     0     0  115.80522    0 12654          -  115.80522      -     -  191s
     0     0  115.80522    0 12654          -  115.80522      -     -  192s
     0     0  115.80522    0 8432          -  115.80522      -     -  194s
     0     2  115.80522    0 8432          -  115.80522      -     -  207s
     7    10  115.80522    3 16839          -  115.80522      -   178  210s
    83    91  115.96633   17 18915          -  115.80522      -  36.0  215s
   116   123  115.80541   23 14731          -  115.80522      -  34.2  221s
   133   137  115.80982   28 14736          -  115.80522      -  53.4  231s
   144   150  115.95270   29 12570          -  115.80522      -  59.5  238s
   151   155  115.98784   30 12571          -  115.80522      -  63.1  242s
   156   160  116.00091   31 12569          -  115.80522      -  63.1  245s
   178   186  116.03397   34 12571          -  115.80522      -  58.6  250s
   196   201  116.06045   37 10469          -  115.80522      -  57.5  255s
   221   231  116.06853   40 10468          -  115.80522      -  55.5  261s
   246   252  116.09775   42 12615          -  115.80522      -  51.5  265s
   272   266  116.11086   45 12596          -  115.80522      -  50.2  270s
   301   300  116.11552   48 10440          -  115.80522      -  48.0  285s
   333   321  116.11829   51 8339          -  115.80522      -  46.0  291s
   355   343  116.14526   53 8338          -  115.80522      -  44.5  295s
   364   351  116.16320   54 10435          -  115.80522      -  44.3  302s
   372   357  116.18417   55 10441          -  115.80522      -  44.5  310s
   388   376  116.18667   57 12552          -  115.80522      -  45.3  315s
   415   418  171.95597   58 14107          -  115.80522      -  45.9  320s
   464   468  171.99415   60 12031          -  115.80522      -  41.5  328s
   489   523  173.01888   70 11301          -  115.80522      -  39.6  331s
   544   563  183.70475   76 12387          -  115.80522      -  37.7  336s
   584   587  230.30371   78 11934          -  115.80522      -  38.4  347s
   608   605  230.30571   79 11920          -  115.80522      -  39.3  353s
   627   623  230.30772   80 11906          -  115.80522      -  40.3  359s
   645   642  230.30973   81 11892          -  115.80522      -  39.4  363s
   664   678  230.31174   82 11878          -  115.80522      -  38.6  368s
   700   717  230.31376   83 11864          -  115.80522      -  37.4  384s
   737   717  172.82447  256 5432          -  115.80522      -  35.7  385s
   739   734  230.31578   84 11850          -  115.80522      -  35.6  393s
   756   738  230.31781   85 11836          -  115.80522      -  34.9  414s
   760   745  230.31984   86 11822          -  115.80522      -  34.8  420s
   769   783  232.74614   90 8149          -  115.80522      -  38.6  432s
   808   846  238.52943   98 8187          -  115.80522      -  38.1  439s
   871   908  238.57533  139 7525          -  115.80522      -  36.4  446s
   935   965  238.73059  156 7171          -  115.80522      -  35.3  455s
   992  1013  238.86427  171 5184          -  115.80522      -  34.8  465s
  1040  1102  238.87269  177 6994          -  115.80522      -  33.8  477s
  1129  1179  239.00053  217 6950          -  115.80522      -  33.0  497s
  1206  1264  239.06283  258 6694          -  115.80522      -  32.3  511s
  1291  1354  239.21542  294 7969          -  115.80522      -  31.6  532s
  1381  1465  239.28217  339 6222          -  115.80522      -  31.0  543s
  1492  1584  239.37221  384 7657          -  115.80522      -  29.7  555s
  1611  1711  239.48911  426 6064          -  115.80522      -  28.3  563s
  1738  1843  239.59561  479 8906          -  115.80522      -  27.0  576s
  1870  1965  239.77874  535 7562          -  115.80522      -  25.9  584s
  1992  2005  239.89050  582 5173          -  115.80522      -  25.2  592s
  2032  2143  239.93312  597 5309          -  115.80522      -  24.9  600s
  2170  2216  240.04169  661 6528          -  115.80522      -  24.3  610s
  2259  2374  240.33989  724 7916          -  115.80522      -  25.1  622s
  2426  2579  240.46704  785 8604          -  115.80522      -  24.6  633s
  2631  2762  240.63202  858 5391          -  115.80522      -  24.6  642s
  2814  3094  240.82823  935 5497          -  115.80522      -  24.9  654s
  3146  3418  240.99508 1035 5065          -  115.80522      -  24.0  664s
  3472  3670  241.53712 1143 4509          -  115.80522      -  23.3  674s
  3726  3933  241.92316 1254 4285          -  115.80522      -  23.9  685s
  3992  4136  295.48977 1304 1763          -  115.80522      -  24.8  694s
  4196  4423  243.60815 1346 1838          -  115.80522      -  26.1  706s
  4483  4710  244.55568 1369 1563          -  115.80522      -  26.5  717s
  4770  5056  291.95703 1425  906          -  115.80522      -  26.8  727s
  5117  5057  178.85441  126 8432          -  115.80522      -  26.9  836s
  5119  5058  175.66544  658 6442          -  115.80522      -  26.9  911s
  5120  5059  192.76100  803 5378          -  115.80522      -  26.9  927s
  5121  5060  242.34366 1133 12827          -  115.80522      -  26.9  953s
  5122  5060  225.49239  363 7494          -  115.80522      -  26.9  971s
  5123  5061  281.30834  140 10686          -  115.80522      -  26.9  994s
  5124  5062  193.71037  625 6436          -  115.80522      -  26.9 1020s
H 5124  4808                     685.6000000  115.80522  83.1%  26.9 1036s
H 5125  4568                     678.0000000  115.80522  82.9%  26.9 1055s
H 5125  4339                     669.2000000  115.80522  82.7%  26.9 1056s
H 5125  4122                     663.7000000  115.80522  82.6%  26.9 1058s
H 5125  3916                     663.5000000  115.80522  82.5%  26.9 1058s
H 5125  3720                     661.5000000  115.80522  82.5%  26.9 1059s
  5127  3722  178.53728   92 6470  661.50000  115.80522  82.5%  26.9 1076s
H 5127  3536                     593.2000000  117.47316  80.2%  26.9 1094s
  5128  3536  242.86732 1290 3187  593.20000  117.47316  80.2%  26.9 1095s
  5129  3537  239.12543  271 9655  593.20000  117.47316  80.2%  26.8 1108s
H 5129  3359                     584.8000000  118.03665  79.8%  26.8 1121s
H 5129  3191                     578.4000000  118.03665  79.6%  26.8 1123s
H 5129  3031                     566.4000000  118.03665  79.2%  26.8 1130s
H 5129  2880                     545.7000000  118.03665  78.4%  26.8 1130s
H 5129  2735                     540.2000000  118.03665  78.1%  26.8 1130s
H 5129  2598                     534.6000000  118.03665  77.9%  26.8 1133s
H 5129  2468                     533.6000000  118.03665  77.9%  26.8 1134s
H 5129  2345                     522.2000000  118.03665  77.4%  26.8 1152s
  5131  2346  172.41875  168 6404  522.20000  118.03665  77.4%  26.8 1198s
  5132  2347  189.10625  208 9657  522.20000  118.04736  77.4%  26.8 1209s
  5133  2348  181.49248   63 7523  522.20000  118.08230  77.4%  26.8 1234s
  5134  2348  172.07156  130 9679  522.20000  118.38615  77.3%  26.8 1247s
  5135  2349  225.54913  265 5397  522.20000  118.40187  77.3%  26.8 1277s
  5136  2350  182.75646  459 8469  522.20000  118.64618  77.3%  26.8 1301s
  5137  2350  181.92901  384 6489  522.20000  118.69211  77.3%  26.8 1334s
  5138  2351  174.35046  706 6428  522.20000  118.71448  77.3%  26.8 1350s
  5139  2352  258.84601  327 9714  522.20000  118.71815  77.3%  26.8 1384s
  5140  2352  173.94300  698 10771  522.20000  118.72426  77.3%  26.8 1402s
  5141  2353  225.08741  185 9633  522.20000  118.76300  77.3%  26.8 1435s
  5142  2354  239.40535  380 8557  522.20000  119.21188  77.2%  26.8 1463s
  5143  2354  226.31434  297 9731  522.20000  119.39656  77.1%  26.8 1490s
  5144  2355  184.30779  616 7419  522.20000  119.96552  77.0%  26.8 1506s
  5145  2356  174.14138 1052 7515  522.20000  120.20270  77.0%  26.8 1525s
  5146  2356  212.51122  403 10724  522.20000  121.11686  76.8%  26.8 1550s
  5147  2357  175.29541  120 11703  522.20000  123.41472  76.4%  26.8 1585s
  5148  2358  236.39466  161 6424  522.20000  126.04797  75.9%  26.7 1613s
  5149  2358  181.62594  382 9442  522.20000  135.90024  74.0%  26.7 1634s
  5150  2359  239.49197  368 7153  522.20000  143.30678  72.6%  26.7 1659s
  5151  2360  183.83896  608 8331  522.20000  159.01098  69.5%  26.7 1709s
H 5151  2241                     512.9000000  159.51589  68.9%  26.7 1738s
  5153  2242  245.09572 1192 6834  512.90000  161.75855  68.5%  26.7 1779s
  5154  2243  240.51697  728 8190  512.90000  161.86693  68.4%  26.7 1812s
  5155  2243  178.14955   36 9373  512.90000  161.91828  68.4%  26.7 1853s
  5156  2244  175.31862  122 9976  512.90000  161.92505  68.4%  26.7 1884s
  5157  2245  173.17339  277 11392  512.90000  161.99932  68.4%  26.7 1934s
  5158  2245  193.86227  767 9328  512.90000  162.06008  68.4%  26.7 1968s
  5159  2246  227.54459  536 7612  512.90000  162.06813  68.4%  26.7 1995s
  5160  2247  225.83862  248 7116  512.90000  162.08175  68.4%  26.7 2024s
  5161  2247  182.66973  484 6010  512.90000  162.08431  68.4%  26.7 2058s
  5162  2248  180.56431   78 6402  512.90000  162.09400  68.4%  26.7 2083s
  5163  2249  212.50419  414 8803  512.90000  162.10799  68.4%  26.7 2116s
  5164  2249  221.50109  282 9294  512.90000  162.12240  68.4%  26.7 2151s
  5165  2250  175.77364  338 7300  512.90000  162.12313  68.4%  26.7 2180s
  5166  2251  291.95703 1453 7623  512.90000  162.16246  68.4%  26.7 2220s
  5167  2251  267.84420  435 8310  512.90000  162.16752  68.4%  26.7 2267s
H 5167  2138                     505.1000000  162.18765  67.9%  26.7 2317s
  5169  2140  174.06389  863 10098  505.10000  162.18824  67.9%  26.6 2352s
  5170  2140  162.18946   20 9019  505.10000  162.18946  67.9%  26.6 2378s
  5171  2141  202.48038  141 7713  505.10000  162.19506  67.9%  26.6 2399s
  5172  2142  225.60501  444 8010  505.10000  162.22206  67.9%  26.6 2430s
  5173  2142  240.53374  199 7964  505.10000  162.22465  67.9%  26.6 2473s
  5174  2143  241.24937  500 7210  505.10000  162.23797  67.9%  26.6 2498s
  5175  2144  170.72838   79 8616  505.10000  162.26915  67.9%  26.6 2539s
H 5175  2036                     502.8000000  162.36846  67.7%  26.6 2576s
  5177  2037  240.81741  838 8527  502.80000  162.37880  67.7%  26.6 2624s
  5178  2038  304.64513 1348 8521  502.80000  162.39805  67.7%  26.6 2672s
  5179  2038  162.40256  118 6488  502.80000  162.40256  67.7%  26.6 2717s
  5180  2039  197.12801   87 8025  502.80000  162.40451  67.7%  26.6 2756s
  5181  2040  190.33200  223 6706  502.80000  162.40497  67.7%  26.6 2789s
  5182  2040  226.85369  549 9277  502.80000  162.40681  67.7%  26.6 2831s
  5183  2041  170.72838   45 9713  502.80000  162.40750  67.7%  26.6 2873s
  5184  2042  239.93036  530 9000  502.80000  162.40753  67.7%  26.6 2928s
  5185  2042  239.40441  250 9117  502.80000  162.40753  67.7%  26.6 2976s
  5186  2043  240.71706  738 6858  502.80000  162.40774  67.7%  26.6 3014s
  5187  2044  176.44848  310 8494  502.80000  162.40774  67.7%  26.5 3046s
  5188  2044  173.17928   63 8640  502.80000  162.40789  67.7%  26.5 3089s
  5189  2045  185.58836  660 7690  502.80000  162.40839  67.7%  26.5 3137s
H 5189  1941                     444.4000000  162.40839  63.5%  26.5 3197s
  5190  1942  291.95703 1484 6766  444.40000  162.40839  63.5%  26.5 3203s
  5191  1942  222.02831  116 6696  444.40000  162.40839  63.5%  26.5 3245s
  5192  1943  304.64513 1346 6362  444.40000  162.40839  63.5%  26.5 3286s
  5193  1944  162.40839   33 6736  444.40000  162.40839  63.5%  26.5 3312s
  5194  1944  162.40839   33 6854  444.40000  162.40839  63.5%  26.5 3346s
  5195  1945  239.84731  543 6889  444.40000  162.40839  63.5%  26.5 3363s
  5196  1946  239.38637  284 6872  444.40000  162.40839  63.5%  26.5 3392s
  5199  1949  174.38489 1055 8432  444.40000  162.40839  63.5%   110 3448s
  5201  1950  173.36469  278 5363  444.40000  162.40839  63.5%   110 3514s
  5202  1951  172.27614  176 3255  444.40000  162.40839  63.5%   110 3527s
  5203  1952  186.76327  526 8588  444.40000  162.40839  63.5%   110 3544s
  5204  1952  239.28554  317 4325  444.40000  162.40839  63.5%   110 3555s
H 5204  1854                     442.7000000  162.40839  63.3%   110 3557s
  5205  1855  244.31870  521 9660  442.70000  162.41002  63.3%   110 3570s
  5206  1856  162.41002   33 9663  442.70000  162.41002  63.3%   110 3589s
H 5206  1763                     439.7000000  162.41002  63.1%   110 3605s
  5208  1764  172.87646  275 10768  439.70000  162.41002  63.1%   110 3629s
H 5208  1676                     438.0000000  162.41002  62.9%   110 3633s
H 5208  1592                     437.1000000  162.41002  62.8%   110 3644s
  5210  1593  195.48828  845 8669  437.10000  162.41002  62.8%   110 3663s
  5211  1594  171.85610  155 5773  437.10000  162.41002  62.8%   109 3686s
  5212  1595  241.65462 1156 10025  437.10000  162.41002  62.8%   109 3729s
  5213  1595  173.74747  815 9285  437.10000  162.41002  62.8%   109 3781s
  5214  1596  173.69757  671 9337  437.10000  162.41002  62.8%   109 3810s
  5215  1597  280.01855  118 8004  437.10000  162.41002  62.8%   109 3865s
  5216  1597  241.85656  868 8218  437.10000  162.41002  62.8%   109 3902s
  5217  1598  178.85441  126 8520  437.10000  162.42190  62.8%   109 3932s
  5218  1599  181.26068  329 8474  437.10000  162.46631  62.8%   109 3956s
  5219  1599  175.66544  658 9007  437.10000  162.52170  62.8%   109 3990s
  5220  1600  192.76100  803 8335  437.10000  162.55126  62.8%   109 4035s
  5221  1601  242.34366 1133 7353  437.10000  162.57899  62.8%   109 4067s
  5222  1601  225.49239  363 8779  437.10000  162.59252  62.8%   109 4100s
  5223  1602  281.30834  140 9953  437.10000  162.84201  62.7%   109 4134s
  5224  1603  193.71037  625 11140  437.10000  162.96420  62.7%   109 4178s
  5225  1603  173.21209  469 8860  437.10000  163.00979  62.7%   109 4236s
  5226  1604  173.98996  975 9070  437.10000  163.02254  62.7%   109 4278s
  5227  1605  178.53728   92 8303  437.10000  163.05955  62.7%   109 4338s
  5228  1605  242.86732 1290 9030  437.10000  163.16800  62.7%   109 4397s
  5229  1606  239.12543  271 8518  437.10000  163.17132  62.7%   109 4455s
  5230  1607  206.46619 1022 7345  437.10000  163.18244  62.7%   109 4500s
  5231  1607  172.41875  168 9177  437.10000  163.21013  62.7%   109 4556s
  5232  1608  189.10625  208 5090  437.10000  163.31698  62.6%   109 4651s
  5233  1609  181.49248   63 4127  437.10000  163.48537  62.6%   109 4667s
  5234  1609  172.07156  130 5640  437.10000  168.03330  61.6%   109 4685s
  5235  1610  225.54913  265 3633  437.10000  169.43916  61.2%   109 4698s
  5236  1611  182.75646  459 4870  437.10000  169.84372  61.1%   109 4723s
  5237  1611  181.92901  384 8726  437.10000  169.99916  61.1%   109 4760s
  5238  1612  174.35046  706 6207  437.10000  170.09303  61.1%   109 4782s
  5239  1613  258.84601  327 8984  437.10000  170.11615  61.1%   109 4805s
  5240  1613  173.94300  698 7819  437.10000  170.15252  61.1%   109 4830s
  5241  1614  225.08741  185 6729  437.10000  170.15298  61.1%   109 4846s
  5242  1615  239.40535  380 8832  437.10000  170.17198  61.1%   109 4891s
  5243  1615  226.31434  297 7753  437.10000  170.17420  61.1%   109 4924s
  5244  1616  184.30779  616 10032  437.10000  170.18227  61.1%   109 4954s
  5245  1617  174.14138 1052 4782  437.10000  170.24828  61.1%   109 4988s
  5246  1617  212.51122  403 4512  437.10000  170.25993  61.0%   109 5012s
  5247  1618  175.29541  120 4325  437.10000  170.25993  61.0%   109 5034s
  5248  1619  236.39466  161 5902  437.10000  170.29499  61.0%   109 5057s
  5249  1619  181.62594  382 3706  437.10000  170.30325  61.0%   109 5078s
  5250  1620  239.49197  368 4177  437.10000  170.44006  61.0%   109 5097s
  5251  1621  183.83896  608 8861  437.10000  170.49105  61.0%   109 5132s
  5252  1621  178.75802   98 7355  437.10000  170.61070  61.0%   109 5160s
  5253  1622  245.09572 1192 7217  437.10000  170.61110  61.0%   109 5179s
  5254  1623  240.51697  728 7882  437.10000  170.69420  60.9%   109 5213s
  5255  1623  178.14955   36 6112  437.10000  170.73694  60.9%   109 5255s
  5256  1624  175.31862  122 8524  437.10000  170.75152  60.9%   109 5292s
  5257  1625  173.17339  277 9366  437.10000  170.76590  60.9%   109 5325s
  5258  1625  193.86227  767 7398  437.10000  170.77213  60.9%   109 5355s
  5259  1626  227.54459  536 10821  437.10000  170.77566  60.9%   108 5377s
  5260  1627  225.83862  248 7948  437.10000  170.79080  60.9%   108 5418s
  5261  1627  182.66973  484 8478  437.10000  170.80613  60.9%   108 5436s
  5262  1628  180.56431   78 8336  437.10000  170.82202  60.9%   108 5476s
  5263  1629  212.50419  414 8464  437.10000  170.83503  60.9%   108 5507s
  5264  1629  221.50109  282 9197  437.10000  170.89148  60.9%   108 5581s
  5265  1630  175.77364  338 8987  437.10000  170.90826  60.9%   108 5608s
  5266  1631  291.95703 1453 7680  437.10000  170.92345  60.9%   108 5656s
  5267  1631  267.84420  435 7681  437.10000  170.92673  60.9%   108 5686s
  5268  1632  208.58255  313 7256  437.10000  170.93831  60.9%   108 5727s
  5269  1633  174.06389  863 9488  437.10000  170.95476  60.9%   108 5782s
  5270  1633  170.95492   20 10437  437.10000  170.95492  60.9%   108 5828s
  5271  1634  202.48038  141 10258  437.10000  170.95492  60.9%   108 5873s
  5272  1635  225.60501  444 10345  437.10000  170.96046  60.9%   108 5912s
  5273  1635  240.53374  199 9223  437.10000  170.97223  60.9%   108 5952s
  5274  1636  241.24937  500 9523  437.10000  170.99564  60.9%   108 5999s
  5275  1637  171.00079   79 7992  437.10000  171.00079  60.9%   108 6037s
  5276  1637  239.53630  345 9922  437.10000  171.00661  60.9%   108 6080s
  5277  1638  240.81741  838 9792  437.10000  171.01375  60.9%   108 6105s
  5278  1639  304.64513 1348 9070  437.10000  171.01838  60.9%   108 6145s
  5279  1639  171.02546  118 10405  437.10000  171.02546  60.9%   108 6179s
  5280  1640  197.12801   87 10357  437.10000  171.02644  60.9%   108 6234s
  5281  1641  190.33200  223 10260  437.10000  171.02644  60.9%   108 6270s
  5282  1641  226.85369  549 8804  437.10000  171.02765  60.9%   108 6316s
  5283  1642  171.02917   45 10227  437.10000  171.02917  60.9%   108 6347s
  5284  1643  239.93036  530 7206  437.10000  171.03547  60.9%   108 6412s
  5285  1643  239.40441  250 8694  437.10000  171.03849  60.9%   108 6451s
  5286  1644  240.71706  738 9872  437.10000  171.04101  60.9%   108 6488s
  5287  1645  176.44848  310 7746  437.10000  171.04219  60.9%   108 6505s
  5288  1645  173.17928   63 8805  437.10000  171.04337  60.9%   108 6546s
  5289  1646  185.58836  660 10782  437.10000  171.04667  60.9%   108 6581s
  5290  1647  291.95703 1484 10425  437.10000  171.04667  60.9%   108 6625s
  5291  1647  222.02831  116 8798  437.10000  171.04806  60.9%   108 6658s
  5292  1648  304.64513 1346 9048  437.10000  171.04952  60.9%   108 6705s
  5293  1649  171.05017   33 10141  437.10000  171.05017  60.9%   108 6758s
  5294  1649  171.05032   33 9422  437.10000  171.05032  60.9%   108 6806s
  5295  1650  239.84731  543 9299  437.10000  171.05032  60.9%   108 6832s
  5296  1651  239.38637  284 9694  437.10000  171.05032  60.9%   108 6921s
  5297  1651  241.06481  993 9119  437.10000  171.05032  60.9%   108 6942s
  5298  1652  185.73566   78 9174  437.10000  171.05032  60.9%   108 6983s
  5301  1655  173.36469  278 8432  437.10000  171.05032  60.9%   256 7038s
  5303  1656  186.76327  526 6425  437.10000  171.05032  60.9%   256 7108s
  5304  1657  239.28554  317 2122  437.10000  171.05032  60.9%   256 7125s
  5305  1658  244.31870  521 8574  437.10000  171.05236  60.9%   256 7138s
  5306  1658  171.05236   33 11815  437.10000  171.05236  60.9%   256 7156s
  5307  1659  199.04286  704 11810  437.10000  171.07758  60.9%   256 7178s
  5308  1660  172.87646  275 11840  437.10000  171.08041  60.9%   256 7198s

Cutting planes:
  Learned: 5
  Gomory: 1
  Cover: 34
  Implied bound: 30
  Projected implied bound: 7
  Clique: 3
  MIR: 25
  Mixing: 2
  Flow cover: 75
  GUB cover: 49
  Zero half: 18
  RLT: 43
  Relax-and-lift: 9

Explored 5308 nodes (1440829 simplex iterations) in 7200.09 seconds (4531.50 work units)
Thread count was 4 (of 8 available processors)

Solution count 10: 437.1 438 439.7 ... 533.6

Time limit reached
Best objective 4.371000000000e+02, best bound 1.711000000000e+02, gap 60.8556%
