
Gurobi 13.0.2 (linux64) logging started Fri Jun 12 00:31:43 2026

Set parameter LogFile to value "src/Resultados/Sin Restricciones/logs/C201-50.xml_log.log"
Set parameter Threads to value 4
Gurobi Optimizer version 13.0.2 build v13.0.2rc1 (linux64 - "Rocky Linux 9.7 (Blue Onyx)")

CPU model: QEMU Virtual CPU version 2.5+, instruction set [SSE2]
Thread count: 8 physical cores, 8 logical processors, using up to 4 threads

Non-default parameters:
TimeLimit  7200
Threads  4

Optimize a model with 375063 rows, 223845 columns and 1532040 nonzeros (Min)
Model fingerprint: 0x38cbde75
Model has 25995 linear objective coefficients
Variable types: 49605 continuous, 174240 integer (174225 binary)
Coefficient statistics:
  Matrix range     [1e+00, 1e+05]
  Objective range  [2e+00, 6e+01]
  Bounds range     [1e+00, 4e+03]
  RHS range        [1e+00, 1e+05]

Presolve removed 121485 rows and 120 columns (presolve time = 5s)...
Presolve removed 122055 rows and 120 columns
Presolve time: 9.94s
Presolved: 253008 rows, 223725 columns, 1141485 nonzeros
Variable types: 735 continuous, 222990 integer (196635 binary)
Deterministic concurrent LP optimizer: primal simplex, dual simplex, and barrier
Showing barrier log only...

Root barrier log...

Elapsed ordering time = 5s
Ordering time: 5.21s

Barrier statistics:
 Dense cols : 15
 AA' NZ     : 3.093e+06
 Factor NZ  : 1.782e+07 (roughly 340 MB of memory)
 Factor Ops : 8.859e+09 (roughly 2 seconds per iteration)
 Threads    : 1

                  Objective                Residual
Iter       Primal          Dual         Primal    Dual     Compl     Time
   0   9.30967811e+06 -6.94279337e+06  1.86e+06 2.22e-16  5.86e+02    22s
   1   6.56954948e+06 -7.39829266e+06  1.32e+06 6.21e-01  4.02e+02    25s
   2   1.65373673e+06 -1.26063801e+07  3.33e+05 1.05e-11  1.17e+02    27s
   3   8.10093053e+05 -8.85874332e+06  1.63e+05 1.76e-12  5.65e+01    29s
   4   6.90989656e+05 -8.81107352e+06  1.39e+05 1.22e-12  5.02e+01    32s
   5   2.80891594e+05 -4.43884240e+06  5.57e+04 7.89e-13  1.97e+01    35s
   6   4.15592964e+04 -4.21806348e+05  8.04e+03 2.52e-13  2.36e+00    38s
   7   4.52497306e+03 -1.30825066e+05  6.15e+02 1.56e-13  3.33e-01    41s
   8   2.54903779e+03 -3.21905340e+04  2.32e+02 5.51e-14  8.93e-02    43s
   9   9.94503105e+02 -4.09874023e+03  2.04e+01 1.91e-14  1.14e-02    47s
  10   5.93250838e+02 -8.44337994e+02  5.19e+00 7.53e-15  3.09e-03    50s
  11   4.44716665e+02 -2.80209000e+01  1.64e+00 2.95e-15  9.92e-04    52s
  12   3.62903933e+02  3.24345541e+02  4.06e-02 3.14e-15  6.81e-05    55s
  13   3.60229380e+02  3.59394859e+02  1.19e-10 2.97e-15  1.39e-06    58s
  14   3.60200030e+02  3.60199195e+02  4.87e-10 1.33e-15  1.39e-09    60s
  15   3.60200000e+02  3.60199999e+02  1.08e-09 1.11e-15  1.39e-12    63s

Barrier solved model in 15 iterations and 62.60 seconds (29.40 work units)
Optimal objective 3.60200000e+02


Root crossover log...

   34225 DPushes remaining with DInf 0.0000000e+00                63s
       0 DPushes remaining with DInf 0.0000000e+00                63s

  100017 PPushes remaining with PInf 0.0000000e+00                64s
   49134 PPushes remaining with PInf 0.0000000e+00                77s
   35551 PPushes remaining with PInf 0.0000000e+00                90s
   28672 PPushes remaining with PInf 0.0000000e+00                96s
    7653 PPushes remaining with PInf 0.0000000e+00               118s
    5769 PPushes remaining with PInf 0.0000000e+00               120s
     182 PPushes remaining with PInf 0.0000000e+00               125s
       0 PPushes remaining with PInf 0.0000000e+00               126s

  Push phase complete: Pinf 0.0000000e+00, Dinf 1.1879386e-14    126s


Root simplex log...

Iteration    Objective       Primal Inf.    Dual Inf.      Time
  134230    3.6020000e+02   0.000000e+00   0.000000e+00    126s
Crossover time: 63.16 seconds (22.00 work units)
Concurrent spin time: 0.00s

Solved with barrier

Root relaxation: objective 3.602000e+02, 134230 iterations, 112.46 seconds (41.46 work units)

    Nodes    |    Current Node    |     Objective Bounds      |     Work
 Expl Unexpl |  Obj  Depth IntInf | Incumbent    BestBd   Gap | It/Node Time

     0     0  360.20000    0 5436          -  360.20000      -     -  444s
     0     0  360.20000    0 7327          -  360.20000      -     -  482s
     0     0  360.20000    0 7327          -  360.20000      -     -  492s
     0     0  360.20000    0 7220          -  360.20000      -     -  543s
     0     0  360.20000    0 7220          -  360.20000      -     -  543s
     0     0  360.20000    0 7220          -  360.20000      -     -  819s
     0     0  360.20000    0 6866          -  360.20000      -     -  839s
     0     0  360.20000    0 15528          -  360.20000      -     -  889s
     0     0  360.20000    0 15528          -  360.20000      -     -  889s
     0     0  360.20000    0 14264          -  360.20000      -     - 1253s
     0     0  360.20000    0 7260          -  360.20000      -     - 1276s
     0     0  360.20000    0 7311          -  360.20000      -     - 1276s
     0     0  360.20000    0 4647          -  360.20000      -     - 1348s
     0     0  360.20000    0 4647          -  360.20000      -     - 1349s
     0     0  360.20000    0 4647          -  360.20000      -     - 1512s
     0     0  360.20000    0 3669          -  360.20000      -     - 1523s
     0     0  360.20000    0 3406          -  360.20000      -     - 1560s
     0     0  360.20000    0 3406          -  360.20000      -     - 1560s
     0     0  360.20000    0 3406          -  360.20000      -     - 1786s
     0     0  360.20000    0 3516          -  360.20000      -     - 1790s
     0     0  360.20000    0 4040          -  360.20000      -     - 1819s
     0     0  360.20000    0 4040          -  360.20000      -     - 1819s
     0     0  360.20000    0 4040          -  360.20000      -     - 2044s
     0     0  360.20000    0 4040          -  360.20000      -     - 2055s
     0     0  360.20000    0 3995          -  360.20000      -     - 2080s
     0     0  360.20000    0 3995          -  360.20000      -     - 2080s
     0     0  360.20000    0 3995          -  360.20000      -     - 2196s
     0     0  360.20000    0 3682          -  360.20000      -     - 2203s
     0     0  365.16560    0 3677          -  365.16560      -     - 2239s
     0     0  365.16560    0 3677          -  365.16560      -     - 2239s
     0     0  365.16560    0 3677          -  365.16560      -     - 2368s
     0     0  366.35880    0 3552          -  366.35880      -     - 2516s
     0     0  366.35880    0 3769          -  366.35880      -     - 2524s
     0     0  366.35880    0 3772          -  366.35880      -     - 2529s
     0     0  366.35880    0 3695          -  366.35880      -     - 2537s
     0     0  366.35880    0 3695          -  366.35880      -     - 2704s
     0     0  366.35880    0 3694          -  366.35880      -     - 2708s
     0     0  366.35880    0 3698          -  366.35880      -     - 2714s
     0     0  366.35880    0 3698          -  366.35880      -     - 2857s
     0     0  372.46227    0 3698          -  372.46227      -     - 2859s
     0     0  372.46227    0 3698          -  372.46227      -     - 2986s
     0     2  372.46227    0 3698          -  372.46227      -     - 3221s
     1     4  375.18944    1 3572          -  372.46227      -   128 3235s
     3     7  407.48046    2 3923          -  375.19788      -  1748 3332s
     6    10  426.50176    3 5079          -  375.29833      -  5589 3361s
     9    19  427.11995    4 3788          -  375.29833      -  4023 3398s
    18    28  427.45156    6 5399          -  375.29833      -  2624 3420s
    27    37  427.45156    7 5125          -  375.29833      -  2147 3444s
    36    44  427.45156    8 7162          -  375.29833      -  1910 3480s
    43    45  420.43115   16 10061          -  375.29833      -  1716 3515s
    46    48  433.29088   17 4007          -  375.29833      -  1776 3553s
    49    54  463.27213    9 3529          -  375.29833      -  1953 3577s
    55    59  467.98267   10 5816          -  375.29833      -  1884 3604s
    60    64 infeasible   10               -  375.29833      -  1804 3625s
    67    70  470.20000   12 3442          -  375.29833      -  1779 3654s
    73    80  493.81322   14 8899          -  375.29833      -  1753 3677s
    83    89  503.17379   16 7414          -  375.29833      -  1684 3711s
    92    95  504.43946   17 8672          -  375.29833      -  1603 3763s
    98   101  504.47103   18 7388          -  375.29833      -  1564 3790s
   104   115  505.67872   19 7386          -  375.29833      -  1533 3808s
   118   125  510.92622   25 8981          -  375.29833      -  1433 3837s
   128   130  515.68522   29 4342          -  375.29833      -  1367 3872s
   133   136 infeasible   30               -  375.29833      -  1418 3911s
   141   141  526.66611   32 9017          -  375.29833      -  1402 3947s
   146   148  527.95993   33 9055          -  375.29833      -  1406 3984s
   153   161  528.09124   34 9043          -  375.29833      -  1372 4022s
   166   173  530.64105   35 8347          -  375.29833      -  1300 4057s
   178   178  530.92149   36 8925          -  375.29833      -  1256 4111s
H  183   184                     532.0000000  375.29833  29.5%  1285 4154s
   191   197  531.00000   38 8419  532.00000  375.29833  29.5%  1289 4183s
   204   211  531.00000   39 14935  532.00000  375.29833  29.5%  1262 4228s
   220   233  531.00000   41 16300  532.00000  375.29833  29.5%  1254 4274s
   246   260  531.00000   49 22720  532.00000  375.29833  29.5%  1224 4318s
   279   278  531.00000   54 20820  532.00000  375.29833  29.5%  1123 4351s
   301   284  531.00000   56 14558  532.00000  375.29833  29.5%  1112 4389s
   313   307  375.29833    3 5721  532.00000  375.29833  29.5%  1146 4439s
   336   327  407.83568    6 3681  532.00000  375.29833  29.5%  1177 4477s
   356   343  412.11511    7 11496  532.00000  375.29833  29.5%  1168 4529s
   372   359  412.11511    8 10488  532.00000  375.29833  29.5%  1151 4581s
   388   369  416.75335   13 5875  532.00000  375.29833  29.5%  1193 4633s
   412   397  421.51304   22 8955  532.00000  375.29833  29.5%  1168 4682s
   446   413  424.18200   35 7209  532.00000  375.29833  29.5%  1133 4728s
   466   432  425.92678   39 10166  532.00000  375.29833  29.5%  1151 4840s
   485   474  426.34929   44 10895  532.00000  375.29833  29.5%  1134 4880s
   527   505  434.89436   64 8986  532.00000  375.29833  29.5%  1098 4924s
   558   546  438.46021   70 11355  532.00000  375.29833  29.5%  1101 4989s
   605   580  483.66958   92 8319  532.00000  375.29833  29.5%  1086 5050s
   643   600  485.22487   99 12174  532.00000  375.29833  29.5%  1076 5107s
   663   639  485.22866  103 16121  532.00000  375.29833  29.5%  1103 5163s
   702   676  488.32863  113 14514  532.00000  375.29833  29.5%  1113 5227s
   739   709  488.37795  114 14737  532.00000  375.29833  29.5%  1102 5294s
   776   802  495.06316  123 13726  532.00000  375.29833  29.5%  1111 5402s
   871   874  501.18623  142 11159  532.00000  375.29833  29.5%  1023 5472s
   945   906  502.83748  186 11183  532.00000  375.29833  29.5%   988 5544s
  1002   985  392.47478    9 9392  532.00000  375.29833  29.5%   994 5606s
  1082   986  414.73538    9 3698  532.00000  375.29833  29.5%   964 6489s
  1084   987  418.39752   99 2366  532.00000  375.29833  29.5%   963 6926s
  1085   988  473.30000   46 2282  532.00000  375.29833  29.5%   962 6974s
  1086   989  445.30623  128 2432  532.00000  375.62043  29.4%   961 7011s

Cutting planes:
  Cover: 2
  Clique: 232
  StrongCG: 1

Explored 1086 nodes (2384351 simplex iterations) in 7200.05 seconds (5344.33 work units)
Thread count was 4 (of 8 available processors)

Solution count 1: 532 

Time limit reached
Best objective 5.320000000000e+02, best bound 3.757000000000e+02, gap 29.3797%
