
Gurobi 13.0.2 (linux64) logging started Fri Jun 12 04:33:24 2026

Set parameter LogFile to value "src/Resultados/Sin Restricciones/logs/C202-50.xml_log.log"
Set parameter Threads to value 4
Gurobi Optimizer version 13.0.2 build v13.0.2rc1 (linux64 - "Rocky Linux 9.7 (Blue Onyx)")

CPU model: QEMU Virtual CPU version 2.5+, instruction set [SSE2]
Thread count: 8 physical cores, 8 logical processors, using up to 4 threads

Non-default parameters:
TimeLimit  7200
Threads  4

Optimize a model with 400755 rows, 242775 columns and 1690470 nonzeros (Min)
Model fingerprint: 0x8a921298
Model has 36105 linear objective coefficients
Variable types: 51810 continuous, 190965 integer (190950 binary)
Coefficient statistics:
  Matrix range     [1e+00, 1e+05]
  Objective range  [2e+00, 6e+01]
  Bounds range     [1e+00, 4e+03]
  RHS range        [1e+00, 1e+05]

Presolve removed 127950 rows and 120 columns (presolve time = 5s)...
Presolve removed 127995 rows and 135 columns (presolve time = 10s)...
Presolve removed 127980 rows and 120 columns
Presolve time: 11.03s
Presolved: 272775 rows, 242655 columns, 1280025 nonzeros
Variable types: 750 continuous, 241905 integer (215550 binary)
Deterministic concurrent LP optimizer: primal simplex, dual simplex, and barrier
Showing barrier log only...

Root barrier log...

Elapsed ordering time = 5s
Elapsed ordering time = 6s
Elapsed ordering time = 8s
Ordering time: 9.57s

Barrier statistics:
 Dense cols : 15
 AA' NZ     : 5.157e+06
 Factor NZ  : 3.165e+07 (roughly 500 MB of memory)
 Factor Ops : 2.536e+10 (roughly 3 seconds per iteration)
 Threads    : 1

                  Objective                Residual
Iter       Primal          Dual         Primal    Dual     Compl     Time
   0   5.63305360e+06 -6.98421526e+06  9.83e+05 8.33e-17  2.96e+02    31s
   1   2.43801810e+06 -7.66325879e+06  4.31e+05 3.45e-01  1.28e+02    33s
   2   6.31443061e+05 -7.17545226e+06  1.11e+05 6.99e-15  3.66e+01    36s
   3   1.12839405e+05 -1.26008707e+06  1.95e+04 5.33e-14  5.89e+00    40s
   4   1.88897314e+04 -1.54840968e+05  3.03e+03 1.81e-13  7.64e-01    44s
   5   3.81825165e+03 -5.43354063e+04  4.00e+02 7.11e-14  1.39e-01    49s
   6   3.26884694e+03 -4.73854981e+04  3.17e+02 6.39e-14  1.16e-01    53s
   7   2.02267279e+03 -9.48243552e+03  1.37e+02 2.84e-14  3.62e-02    58s
   8   7.84851391e+02 -3.00033278e+03  1.49e+01 1.51e-14  7.69e-03    63s
   9   4.45657753e+02 -8.85379862e+02  3.35e+00 5.77e-15  2.46e-03    68s
  10   3.29989792e+02  4.29360553e+01  7.69e-01 4.63e-15  5.52e-04    74s
  11   2.94882627e+02  2.51966648e+02  1.35e-01 4.87e-15  9.04e-05    78s
  12   2.91931743e+02  2.79396547e+02  2.67e-02 5.16e-15  2.50e-05    84s
  13   2.89343848e+02  2.82015453e+02  1.66e-02 5.01e-15  1.48e-05    88s
  14   2.85591998e+02  2.83257344e+02  4.16e-03 5.19e-15  4.49e-06    92s
  15   2.85361217e+02  2.83531291e+02  3.63e-03 4.01e-15  3.60e-06    96s
  16   2.85080129e+02  2.83955734e+02  1.44e-03 4.24e-15  2.04e-06   102s
  17   2.85006045e+02  2.84790768e+02  1.49e-05 6.76e-15  3.32e-07   106s
  18   2.84874753e+02  2.84868921e+02  4.06e-09 5.39e-15  8.91e-09   111s
  19   2.84873490e+02  2.84870829e+02  1.82e-07 4.45e-15  4.06e-09   115s
  20   2.84873326e+02  2.84872584e+02  1.26e-07 6.28e-15  1.14e-09   120s
  21   2.84873229e+02  2.84872893e+02  9.70e-08 8.28e-15  5.15e-10   124s
  22   2.84873057e+02  2.84873046e+02  2.07e-08 3.43e-14  1.75e-11   129s
  23   2.84873046e+02  2.84873046e+02  6.90e-10 1.56e-13  2.11e-14   133s

Barrier solved model in 23 iterations and 133.24 seconds (78.08 work units)
Optimal objective 2.84873046e+02


Root crossover log...

   74576 DPushes remaining with DInf 0.0000000e+00               133s
   36920 DPushes remaining with DInf 0.0000000e+00               136s
       0 DPushes remaining with DInf 0.0000000e+00               137s

     912 PPushes remaining with PInf 8.4552303e-05               137s
       0 PPushes remaining with PInf 0.0000000e+00               138s

  Push phase complete: Pinf 0.0000000e+00, Dinf 1.4683550e-11    138s


Root simplex log...

Iteration    Objective       Primal Inf.    Dual Inf.      Time
   75336    2.8487305e+02   0.000000e+00   0.000000e+00    138s
Crossover time: 4.87 seconds (2.24 work units)
Concurrent spin time: 14.73s (can be avoided by choosing Method=3)

Solved with barrier

Root relaxation: objective 2.848730e+02, 75336 iterations, 136.26 seconds (69.72 work units)

    Nodes    |    Current Node    |     Objective Bounds      |     Work
 Expl Unexpl |  Obj  Depth IntInf | Incumbent    BestBd   Gap | It/Node Time

     0     0  284.87305    0 27446          -  284.87305      -     -  159s
     0     0  284.87305    0 48101          -  284.87305      -     -  214s
     0     0  284.87305    0 68809          -  284.87305      -     -  235s
     0     0  284.87305    0 75649          -  284.87305      -     -  282s
     0     0  284.87305    0 41163          -  284.87305      -     -  299s
     0     0  284.87305    0 48110          -  284.87305      -     -  329s
     0     0  284.87305    0 54974          -  284.87305      -     -  380s
     0     0  284.87305    0 41187          -  284.87305      -     -  391s
     0     0  284.87305    0 34275          -  284.87305      -     -  420s
     0     0  284.87305    0 41204          -  284.87305      -     -  484s
     0     0  284.87305    0 27412          -  284.87305      -     -  503s
     0     0  284.87305    0 41152          -  284.87305      -     -  537s
     0     0  284.87305    0 48132          -  284.87305      -     -  601s
     0     0  284.87305    0 27496          -  284.87305      -     -  617s
     0     0  284.87305    0 48111          -  284.87305      -     -  647s
     0     0  284.87305    0 54961          -  284.87305      -     -  672s
     0     0  284.87305    0 48050          -  284.87305      -     -  681s
     0     0  284.87305    0 48050          -  284.87305      -     -  913s
     0     0  284.87305    0 41161          -  284.87305      -     -  918s
     0     2  284.87305    0 41161          -  284.87305      -     - 1117s
     1     4  284.87305    1 41200          -  284.87305      -   361 1140s
     3     6  284.87305    2 41199          -  284.87305      -   711 1147s
     7    10  284.87305    3 55086          -  284.87305      -   380 1180s
    11    21  284.87328    4 55025          -  284.87305      -   503 1188s
    22    34  284.87363    6 55049          -  284.87305      -   306 1192s
    35    53  284.89488   10 48205          -  284.87305      -   225 1199s
    54    73  284.93632   11 48205          -  284.87305      -   157 1204s
    74    92  284.93656   17 48205          -  284.87305      -   124 1209s
    93   112  284.93700   21 48204          -  284.87305      -   104 1212s
   113   134  284.93860   24 61986          -  284.87305      -  90.1 1215s
   157   180  284.98323   29 55109          -  284.87305      -  66.8 1220s
   198   214  285.01194   37 48285          -  284.87305      -  55.4 1225s
   231   248  285.02657   42 47879          -  284.87305      -  49.1 1232s
   269   288  285.02858   48 46884          -  284.87305      -  43.5 1236s
   289   310  285.02926   52 46683          -  284.87305      -  41.1 1241s
   311   330  285.04653   56 41377          -  284.87305      -  38.8 1257s
   331   348  285.04730   62 41377          -  284.87305      -  36.7 1274s
   349   370  285.05197   67 41377          -  284.87305      -  35.6 1281s
   371   389  285.05377   69 48302          -  284.87305      -  36.2 1287s
   391   414  285.05469   71 55169          -  284.87305      -  36.3 1293s
   423   447  285.06162   75 55225          -  284.87305      -  33.9 1299s
   456   474  285.06439   80 48375          -  284.87305      -  31.8 1305s
   523   548  285.07504   88 55160          -  284.87305      -  28.2 1313s
   557   552  285.07642   99 55066          -  284.87305      -  26.6 1318s
   561   556  285.07650  100 55038          -  284.87305      -  26.4 1354s
   565   560  285.07659  101 55036          -  284.87305      -  26.3 1363s
   569   564  285.07667  102 55034          -  284.87305      -  26.1 1368s
   573   568  285.07676  103 55032          -  284.87305      -  26.0 1373s
   577   572  285.07684  104 55030          -  284.87305      -  25.9 1379s
   581   576  285.07692  105 55028          -  284.87305      -  26.0 1385s
   585   580  285.07701  106 55026          -  284.87305      -  25.8 1390s
   589   584  285.07709  107 55024          -  284.87305      -  25.6 1395s
   593   588  285.07717  108 55022          -  284.87305      -  25.6 1434s
   597   592  285.07725  109 61901          -  284.87305      -  25.5 1439s
   601   596  285.07869  110 55075          -  284.87305      -  25.4 1444s
   605   600  285.07877  111 55009          -  284.87305      -  25.3 1450s
   613   608  285.07894  113 55005          -  284.87305      -  25.5 1461s
   617   621  285.07902  114 55003          -  284.87305      -  25.4 1466s
   630   640  285.07953  120 54991          -  284.87305      -  25.2 1474s
   649   647  306.60425  131 57141          -  284.87305      -  25.9 1482s
   656   704  285.09138  135 58069          -  284.87305      -  25.7 1490s
   713   727  285.09195  153 58033          -  284.87305      -  24.3 1497s
   736   795  285.09692  170 57919          -  284.87305      -  23.7 1507s
   804   808  285.11540  190 47493          -  284.87305      -  22.1 1519s
   817   839  285.16373  200 46819          -  284.87305      -  21.9 1529s
   848   846  285.16526  212 46784          -  284.87305      -  22.1 1536s
   855   885  285.16566  215 46850          -  284.87305      -  22.0 1569s
   894   912  285.20143  231 46326          -  284.87305      -  21.6 1584s
   921   920  285.20274  241 46231          -  284.87305      -  21.7 1610s
   929   965  285.20326  246 46299          -  284.87305      -  21.6 1921s
   974   988  285.20606  267 46258          -  284.87305      -  21.0 1947s
   997   992  285.20834  278 46150          -  284.87305      -  21.1 2037s
  1001  1040  285.20850  279 46148          -  284.87305      -  21.0 2051s
  1049  1092  285.21154  309 46098          -  284.87305      -  20.4 2063s
  1101  1139  285.21621  342 52189          -  284.87305      -  20.3 2078s
  1148  1190  285.22453  370 45997          -  284.87305      -  19.9 2094s
  1199  1235  285.22951  402 45931          -  284.87305      -  19.7 2106s
  1244  1295  285.23394  429 51884          -  284.87305      -  19.4 2120s
  1304  1375  285.27368  465 45240          -  284.87305      -  18.9 2136s
  1384  1453  285.28472  514 45106          -  284.87305      -  17.9 2151s
  1462  1527  285.29396  566 45002          -  284.87305      -  17.2 2167s
  1536  1591  285.30822  610 44830          -  284.87305      -  16.7 2183s
  1600  1639  285.34954  650 44327          -  284.87305      -  16.5 2200s
  1648  1746  285.44108  693 48381          -  284.87305      -  17.8 2273s
  1755  1856  285.47895  748 42954          -  284.87305      -  16.8 2290s
  1865  1958  285.52106  795 42585          -  284.87305      -  16.0 2309s
  1967  2108  285.54814  848 42338          -  284.87305      -  15.8 2347s
  2117  2269  285.56619  900 42254          -  284.87305      -  15.2 2366s
  2278  2438  285.58349  938 42038          -  284.87305      -  14.5 2408s
  2447  2595  285.63486  995 41584          -  284.87305      -  13.8 2430s
  2604  2736  285.64375 1037 44641          -  284.87305      -  13.6 2455s
  2745  2920  285.73252 1059 43868          -  284.87305      -  13.7 2481s
  2929  3093  285.76694 1120 36620          -  284.87305      -  13.1 2513s
  3102  3221  285.79718 1180 36335          -  284.87305      -  13.0 2540s
  3230  3442  285.80946 1239 36210          -  284.87305      -  13.7 2572s
  3451  3671  285.81614 1300 36084          -  284.87305      -  13.7 2606s
  3680  3915  285.87488 1361 32998          -  284.87305      -  13.6 2632s
  3924  4097  285.95428 1422 32484          -  284.87305      -  13.0 2681s
  4106  4236  286.53559 1483 33269          -  284.87305      -  13.2 2723s
  4245  4371  286.64386 1541 32931          -  284.87305      -  14.8 2752s
  4384  4580  286.69217 1601 32751          -  284.87305      -  16.3 2780s
  4606  4824  286.99873 1661 31957          -  284.87305      -  16.9 2809s
  4850  5042  287.25258 1722 31440          -  284.87305      -  16.3 2845s
  5068  5257  287.74867 1783 30799          -  284.87305      -  16.3 2879s
  5284  5258  303.60102 1209 41161          -  284.87305      -  16.8 2985s
  5286  5259  305.55456  622 35204          -  285.64822      -  16.8 3344s
  5287  5260  300.60679  521 35051          -  289.74501      -  16.8 3430s
  5289  5261  315.98586  579 35079          -  289.75344      -  16.8 3440s
  5292  5265  293.54312  164 41161          -  289.75344      -  31.3 3486s
  5294  5266  303.14661  114 35203          -  289.75344      -  31.2 3892s
  5295  5267  309.83146  701 35067          -  289.75344      -  31.2 3912s
  5297  5268  302.21343  570 35005          -  289.75550      -  31.2 3923s
  5298  5269  303.59758 1184 35004          -  289.75550      -  31.2 3934s
  5299  5270  303.14715  306 35004          -  290.74245      -  31.2 4017s
  5300  5272  290.74245   23 34992          -  290.74245      -  48.5 4076s
  5301  5274  290.74245   24 34990          -  290.74245      -  48.5 4503s
  5303  5277  290.74245   25 34993          -  290.74245      -  49.0 4559s
  5307  5280  291.21717   26 35058          -  290.74245      -  51.1 4697s
  5311  5288  292.33958   27 35119          -  290.74245      -  53.2 4765s
  5322  5287  314.69841   29 33375          -  290.74245      -  56.1 4835s
  5325  5297  298.61130   29 35065          -  290.74245      -  57.3 4884s
  5336  5295  301.31548   31 35037          -  290.74245      -  61.3 4941s
  5338  5297  309.61225   29 32816          -  290.74245      -  62.2 5096s
  5340  5307  304.52478   32 35035          -  290.74245      -  63.1 5140s
  5351  5304  316.63026   32 24186          -  290.74245      -  64.4 5252s
  5352  5306  318.28060   33 30437          -  290.74245      -  64.8 5386s
  5354  5321  316.60675   34 35036          -  290.74245      -  64.9 5429s
  5370  5328  318.45597   36 31601          -  290.74245      -  67.4 5495s
  5382  5326  362.05535   42 29183          -  290.74245      -  68.0 5535s
  5384  5337  324.87352   38 35002          -  290.74245      -  68.2 5567s
  5400  5344  326.48376   40 35000          -  290.74245      -  70.0 5604s
  5412  5342  364.08132   48 29179          -  290.74245      -  71.2 5638s
  5414  5357  329.03691   41 34967          -  290.74245      -  71.5 5662s
  5432  5365  342.04945   43 34933          -  290.74245      -  73.1 5687s
  5448  5363  318.40031   39 29757          -  290.74245      -  73.5 5799s
  5451  5373  336.39337   44 34971          -  290.74245      -  73.9 5838s
  5462  5386  341.60567   45 34976          -  290.74245      -  75.2 5867s
  5481  5383  318.40454   41 29766          -  290.74245      -  75.9 5910s
  5484  5395  344.32607   47 34045          -  290.74245      -  76.2 5947s
  5505  5406  345.02981   48 31461          -  290.74245      -  77.1 5986s
  5523  5403  318.41298   43 26268          -  290.74245      -  78.4 6047s
  5526  5406 infeasible   49               -  291.22551      -  78.4 6104s
  5532  5411  325.49808   27 33306          -  291.22551      -  80.5 6213s
  5539  5424  301.83662   27 35047          -  291.22551      -  81.6 6250s
  5556  5421  318.86357   45 24996          -  291.22551      -  82.4 6377s
  5559  5438  308.44548   30 35017          -  291.22551      -  83.4 6417s
  5577  5435  318.86583   47 27078          -  291.22551      -  84.4 6595s
  5580  5452  312.05034   32 34998          -  291.22551      -  84.8 6669s
  5600  5448  318.89338   48 22601          -  291.22551      -  85.5 6783s
  5603  5458  313.83511   35 34995          -  291.22551      -  85.6 6957s
  5614  5476  324.98262   35 35001          -  291.22551      -  88.0 7048s
  5636  5472  318.95314   55 20598          -  291.22551      -  90.1 7200s

Cutting planes:
  Cover: 4
  Implied bound: 14
  MIR: 26
  RLT: 22
  Relax-and-lift: 1

Explored 5640 nodes (607221 simplex iterations) in 7200.20 seconds (6671.56 work units)
Thread count was 4 (of 8 available processors)

Solution count 0

Time limit reached
Best objective -, best bound 2.913000000000e+02, gap -
