
Gurobi 13.0.2 (linux64) logging started Fri Jun 12 12:39:04 2026

Set parameter LogFile to value "src/Resultados/Sin Restricciones/logs/C204-50.xml_log.log"
Set parameter Threads to value 4
Gurobi Optimizer version 13.0.2 build v13.0.2rc1 (linux64 - "Rocky Linux 9.7 (Blue Onyx)")

CPU model: QEMU Virtual CPU version 2.5+, instruction set [SSE2]
Thread count: 8 physical cores, 8 logical processors, using up to 4 threads

Non-default parameters:
TimeLimit  7200
Threads  4

Optimize a model with 412997 rows, 254925 columns and 1811550 nonzeros (Min)
Model fingerprint: 0x87e18019
Model has 48135 linear objective coefficients
Variable types: 51840 continuous, 203085 integer (203070 binary)
Coefficient statistics:
  Matrix range     [1e+00, 1e+05]
  Objective range  [2e+00, 6e+01]
  Bounds range     [1e+00, 4e+03]
  RHS range        [1e+00, 1e+05]

Presolve removed 126825 rows and 105 columns (presolve time = 5s)...
Presolve removed 127740 rows and 120 columns (presolve time = 10s)...
Presolve removed 127770 rows and 135 columns (presolve time = 15s)...
Presolve removed 127755 rows and 120 columns
Presolve time: 15.99s
Presolved: 285242 rows, 254805 columns, 1401300 nonzeros
Variable types: 750 continuous, 254055 integer (227700 binary)
Deterministic concurrent LP optimizer: primal simplex, dual simplex, and barrier
Showing barrier log only...

Root barrier log...

Elapsed ordering time = 5s
Elapsed ordering time = 10s
Elapsed ordering time = 13s
Elapsed ordering time = 15s
Elapsed ordering time = 16s
Elapsed ordering time = 19s
Elapsed ordering time = 20s
Ordering time: 21.08s

Barrier statistics:
 Dense cols : 15
 AA' NZ     : 7.925e+06
 Factor NZ  : 5.164e+07 (roughly 600 MB of memory)
 Factor Ops : 5.747e+10 (roughly 7 seconds per iteration)
 Threads    : 1

                  Objective                Residual
Iter       Primal          Dual         Primal    Dual     Compl     Time
   0   8.03521839e+06 -5.02006328e+06  1.32e+06 1.11e-16  2.80e+02    65s
   1   3.94597095e+06 -6.29619765e+06  6.57e+05 2.65e-01  1.38e+02    70s
   2   4.45100694e+05 -6.94840423e+06  7.50e+04 4.20e-02  2.34e+01    77s
   3   1.46363879e+05 -2.05598155e+06  2.43e+04 5.97e-03  6.54e+00    84s
   4   8.56080341e+03 -1.80672686e+05  1.16e+03 5.96e-07  4.13e-01    92s
   5   2.37405953e+03 -1.08171589e+05  1.39e+02 3.28e-07  1.74e-01    99s
   6   1.49529745e+03 -3.91940282e+04  4.31e+01 9.85e-08  6.51e-02   106s
   7   8.01805972e+02 -5.29675704e+03  8.85e+00 6.24e-09  1.02e-02   114s
   8   4.58576125e+02 -5.07910398e+02  1.93e+00 6.43e-15  1.70e-03   122s
   9   2.90805494e+02  2.22496321e+02  1.55e-01 1.41e-11  1.23e-04   131s
  10   2.75648342e+02  2.43142355e+02  4.50e-02 3.74e-15  5.21e-05   137s
  11   2.65858777e+02  2.58793312e+02  2.93e-03 4.61e-15  1.06e-05   146s
  12   2.62467076e+02  2.61061802e+02  7.53e-04 4.11e-15  2.12e-06   154s
  13   2.62422775e+02  2.61147671e+02  7.24e-04 3.55e-15  1.93e-06   165s
  14   2.62250845e+02  2.61664945e+02  5.59e-04 3.63e-15  9.17e-07   176s
  15   2.61939985e+02  2.61917403e+02  8.50e-07 4.65e-15  3.27e-08   188s
  16   2.61934850e+02  2.61934189e+02  4.14e-08 3.66e-15  9.55e-10   199s
  17   2.61934774e+02  2.61934761e+02  8.70e-08 1.59e-13  1.93e-11   210s
  18   2.61934770e+02  2.61934770e+02  6.28e-10 2.66e-14  3.82e-14   221s

Barrier solved model in 18 iterations and 221.31 seconds (120.42 work units)
Optimal objective 2.61934770e+02


Root crossover log...

   74703 DPushes remaining with DInf 0.0000000e+00               222s
   46110 DPushes remaining with DInf 0.0000000e+00               225s
   40390 DPushes remaining with DInf 0.0000000e+00               230s
   35242 DPushes remaining with DInf 0.0000000e+00               235s
   29522 DPushes remaining with DInf 0.0000000e+00               240s
   23802 DPushes remaining with DInf 0.0000000e+00               245s
   18654 DPushes remaining with DInf 0.0000000e+00               250s
   12934 DPushes remaining with DInf 0.0000000e+00               255s
    7500 DPushes remaining with DInf 0.0000000e+00               260s
    1494 DPushes remaining with DInf 0.0000000e+00               265s
       0 DPushes remaining with DInf 0.0000000e+00               267s

    1113 PPushes remaining with PInf 0.0000000e+00               267s
       0 PPushes remaining with PInf 0.0000000e+00               268s

  Push phase complete: Pinf 0.0000000e+00, Dinf 1.3052254e-11    268s


Root simplex log...

Iteration    Objective       Primal Inf.    Dual Inf.      Time
   75598    2.6193477e+02   0.000000e+00   0.000000e+00    268s
Crossover time: 46.55 seconds (21.89 work units)
Concurrent spin time: 0.00s

Solved with barrier

Root relaxation: objective 2.619348e+02, 75598 iterations, 242.28 seconds (130.51 work units)

    Nodes    |    Current Node    |     Objective Bounds      |     Work
 Expl Unexpl |  Obj  Depth IntInf | Incumbent    BestBd   Gap | It/Node Time

     0     0  261.93477    0 27392          -  261.93477      -     -  276s
     0     0  261.93477    0 34673          -  261.93477      -     -  353s
     0     0  261.93477    0 34594          -  261.93477      -     -  367s
     0     0  261.93477    0 27613          -  261.93477      -     -  540s
     0     0  261.93477    0 27613          -  261.93477      -     -  545s
     0     0  261.93477    0 27758          -  261.93477      -     -  563s
     0     0  261.93477    0 34522          -  261.93477      -     -  625s
     0     0  261.93477    0 27456          -  261.93477      -     -  635s
     0     0  261.93477    0 27529          -  261.93477      -     -  650s
     0     0  261.93477    0 55163          -  261.93477      -     -  704s
     0     0  261.93477    0 34297          -  261.93477      -     -  718s
     0     0  261.93477    0 41246          -  261.93477      -     -  738s
     0     0  261.93477    0 82609          -  261.93477      -     -  750s
     0     0  261.93477    0 75683          -  261.93477      -     -  765s
     0     0  261.93477    0 68840          -  261.93477      -     -  783s
     0     0  261.93477    0 82597          -  261.93477      -     -  889s
     0     0  261.93477    0 61887          -  261.93477      -     -  897s
     0     0  261.93477    0 61887          -  261.93477      -     -  914s
     0     0  261.93477    0 55009          -  261.93477      -     -  917s
     0     2  261.93488    0 55009          -  261.93488      -     - 1078s
     1     4  261.93488    1 48125          -  261.93488      -   111 1088s
     3     8  261.93488    2 41241          -  261.93488      -   228 1101s
     7    12  261.93488    3 54990          -  261.93488      -   166 1109s
    11    68  261.93488    4 54949          -  261.93488      -   140 1128s
    67   201  261.93498   11 41241          -  261.93488      -  60.1 1150s
   200   345  261.93555   36 61602          -  261.93488      -  28.0 1172s
   344   524  261.93580   66 61615          -  261.93488      -  21.6 1201s
   523   722  261.93804  111 61543          -  261.93488      -  19.8 1235s
   721   726  261.93993  153 47678          -  261.93488      -  20.4 1299s
   725   730  261.94000  154 47676          -  261.93488      -  20.3 1332s
   729   737  261.94008  155 47674          -  261.93488      -  20.9 1364s
   736   887  261.94051  156 47706          -  261.93488      -  21.5 1411s
   886  1044  261.94067  166 47689          -  261.93488      -  21.4 1467s
  1043  1257  261.94512  199 26980          -  261.93488      -  24.1 1506s
  1256  1470  261.95268  253 33360          -  261.93488      -  25.1 1547s
  1469  1665  261.96120  307 52634          -  261.93488      -  25.1 1581s
  1664  1881  261.97411  341 32356          -  261.93488      -  25.7 1614s
  1880  1885  261.98871  394 25590          -  261.93488      -  24.8 1964s
  1881  1885  261.97704  453 32429          -  261.93488      -  24.8 1965s
  1884  1889  261.98875  395 25551          -  261.93488      -  24.9 2007s
  1888  1913  261.98883  396 25549          -  261.93488      -  25.0 2037s
  1912  2080  261.98889  397 25562          -  261.93488      -  25.1 2089s
  2079  2256  261.98895  398 25560          -  261.93488      -  24.8 2123s
  2255  2486  261.98909  401 25487          -  261.93488      -  25.0 2155s
  2485  2688  262.00745  459 30743          -  261.93488      -  24.9 2192s
  2687  2904  262.03587  492 35759          -  261.93488      -  25.7 2230s
  2903  3134  262.04774  545 47143          -  261.93488      -  25.8 2266s
  3133  3366  262.05577  603 34993          -  261.93488      -  25.6 2296s
  3365  3598  262.06693  661 28890          -  261.93488      -  25.1 2338s
  3597  3827  262.08177  719 28478          -  261.93488      -  24.5 2374s
  3826  4054  262.09252  774 22616          -  261.93488      -  24.3 2403s
  4053  4280  262.10185  832 27953          -  261.93488      -  23.9 2438s
  4279  4506  262.10600  890 33360          -  261.93488      -  23.4 2474s
  4505  4725  262.11020  948 33280          -  261.93488      -  23.3 2505s
  4724  4956  262.11499  999 27640          -  261.93488      -  22.9 2547s
  4955  5080  262.11944 1057 27436          -  261.93488      -  22.4 2630s
  5079  5305  262.13145 1088 31732          -  261.93488      -  22.4 2661s
  5305  5306  261.97766   95 55009          -  261.93488      -  22.2 2775s
  5307  5307  262.89652  560 52732          -  262.01210      -  22.1 3063s
  5308  5308  264.03660 1276 52687          -  262.02511      -  22.1 3077s
  5309  5309  262.16724  271 52678          -  262.02511      -  22.1 3080s
  5310  5309  264.38875  677 52686          -  262.02533      -  22.1 3085s
  5312  5311  263.88374 1025 52674          -  262.02533      -  22.1 3099s
  5313  5311  263.74362 1077 52674          -  262.44426      -  22.1 3184s
  5314  5314  262.44426   14 52672          -  262.44426      -  27.7 3248s
  5315  5317  262.44426   15 52672          -  262.44426      -  27.7 3482s
  5318  5320  262.44426   16 52670          -  262.44426      -  28.1 3486s
  5322  5332  262.44426   17 52667          -  262.44426      -  28.1 3512s
  5336  5344  262.44426   20 52661          -  262.44426      -  28.9 3530s
  5352  5348  262.44426   22 52656          -  262.44426      -  29.1 3546s
  5362  5355  266.61744   24 52651          -  262.44426      -  29.4 3563s
  5372  5361  280.36860   23 52598          -  262.44426      -  29.6 3580s
  5381  5367  262.44426   27 52643          -  262.44426      -  29.9 3600s
  5390  5367  262.44426   28 52643          -  262.44426      -  30.3 3619s
  5395  5372  262.44426   29 52692          -  262.44426      -  30.7 3628s
  5406  5368 infeasible   28               -  262.44426      -  31.3 3648s
  5408  5367 infeasible   32               -  262.44426      -  31.4 3816s
  5411  5367  307.75902   28 52293          -  262.44426      -  31.6 3921s
  5412  5367  282.26158   33 50883          -  262.44426      -  31.8 3943s
  5415  5367  308.67348   29 52323          -  262.44426      -  32.2 3993s
  5416  5365 infeasible   28               -  262.44426      -  32.3 4078s
  5418  5370  266.61744   17 52642          -  262.44426      -  32.6 4156s
  5424  5370  266.61975   18 52717          -  262.44426      -  32.6 4194s
  5426  5387  266.61992   19 52715          -  262.44426      -  32.6 4215s
  5447  5384  262.52111   33 52708          -  262.44426      -  33.0 4236s
  5451  5389  262.52613   34 52707          -  262.44426      -  33.1 4260s
  5458  5398  267.39628   23 52713          -  262.44426      -  33.5 4282s
  5469  5396  267.39851   25 52685          -  262.44426      -  33.6 4326s
  5471  5404  270.97611   36 52640          -  262.44426      -  34.0 4348s
  5480  5411  267.40103   26 52659          -  262.44426      -  34.4 4375s
  5490  5413  275.71028   27 52701          -  262.44426      -  34.9 4404s
  5496  5417  268.38968   27 52716          -  262.44426      -  35.3 4430s
  5502  5417  283.51023   54 51256          -  262.44426      -  36.0 4513s
  5504  5423  278.49279   29 52680          -  262.44426      -  36.3 4540s
  5510  5429  279.03413   32 52680          -  262.44426      -  37.0 4571s
  5518  5431  279.12581   33 52684          -  262.44426      -  38.0 4657s
  5523  5430  274.75391   56 50697          -  262.44426      -  38.6 4794s
  5524  5443  290.14624   34 52616          -  262.44426      -  38.7 4823s
  5537  5440  262.44426   58 52621          -  262.44426      -  39.4 4883s
  5538  5443  294.16398   37 52603          -  262.44426      -  39.8 4929s
  5542  5445  294.16398   38 52595          -  262.44426      -  40.2 4999s
  5545  5447  294.25624   39 52603          -  262.44426      -  40.4 5053s
  5548  5447  262.44426   60 52629          -  262.44426      -  40.8 5126s
  5549  5460  320.02893   40 52338          -  262.44426      -  41.0 5210s
  5562  5456  262.44426   65 52539          -  262.44426      -  41.5 5275s
  5563  5461  322.87505   42 52363          -  262.44426      -  41.7 5314s
  5570  5463  333.16676   44 50261          -  262.44426      -  43.8 5413s
  5574  5466  331.17530   44 50630          -  262.44426      -  44.7 5457s
  5580  5465  262.44426   68 52545          -  262.44426      -  45.6 5518s
  5581  5470  334.40090   45 50275          -  262.44426      -  45.8 5551s
  5586  5471  334.42460   46 50275          -  262.44426      -  47.7 5668s
  5589  5476  334.42460   47 50274          -  262.44426      -  47.8 5703s
  5595  5488  334.73138   48 50281          -  262.44426      -  49.2 5739s
  5609  5497  335.37440   51 50275          -  262.44426      -  50.8 5781s
  5626  5493 infeasible   53               -  262.44426      -  52.5 5963s
  5630  5507  346.21149   54 50290          -  262.44426      -  53.0 6009s
  5649  5509  336.29468   56 50465          -  262.44426      -  53.7 6061s
  5658  5523  343.66599   57 50479          -  262.44426      -  56.2 6127s
  5681  5518  344.81031   60 50061          -  262.44426      -  57.7 6339s
  5689  5527  344.82593   61 50025          -  262.44426      -  58.7 6397s
  5703  5548  344.83449   64 50019          -  262.44426      -  62.1 6453s
  5729  5544  345.14439   69 50064          -  262.44426      -  66.5 6591s
  5733  5569  356.91061   69 49960          -  262.44426      -  68.2 6655s
  5766  5593  345.14439   71 50047          -  262.44426      -  71.7 6722s
  5813  5581  345.35080   78 49946          -  262.44426      -  75.1 6841s
  5816  5603  355.90322   78 48092          -  262.44426      -  75.5 6904s
  5839  5607  345.60660   82 43090          -  262.44426      -  77.6 7023s
  5851  5639  345.60682   83 43073          -  262.44426      -  78.6 7111s
  5887  5628  267.36096   95 45509          -  262.44426      -  81.4 7200s

Cutting planes:
  Cover: 7
  Implied bound: 17
  MIR: 26
  RLT: 7

Explored 5888 nodes (563337 simplex iterations) in 7200.17 seconds (7587.15 work units)
Thread count was 4 (of 8 available processors)

Solution count 0

Time limit reached
Best objective -, best bound 2.625000000000e+02, gap -
