
Gurobi 13.0.2 (linux64) logging started Wed Jul  8 12:03:16 2026

Set parameter LogFile to value "src/Resultados/Restriccion todas cliques/logs/RC205-25.xml_log.log"
Set parameter Threads to value 4
Gurobi Optimizer version 13.0.2 build v13.0.2rc1 (linux64 - "Rocky Linux 9.7 (Blue Onyx)")

CPU model: QEMU Virtual CPU version 2.5+, instruction set [SSE2]
Thread count: 8 physical cores, 8 logical processors, using up to 4 threads

Non-default parameters:
TimeLimit  7200
Threads  4

Optimize a model with 113638 rows, 66510 columns and 689625 nonzeros (Min)
Model fingerprint: 0x33d740bf
Model has 4515 linear objective coefficients
Variable types: 15360 continuous, 51150 integer (51135 binary)
Coefficient statistics:
  Matrix range     [1e+00, 2e+05]
  Objective range  [2e+00, 6e+01]
  Bounds range     [1e+00, 2e+03]
  RHS range        [1e+00, 2e+05]

Presolve removed 38007 rows and 120 columns
Presolve time: 3.09s
Presolved: 75631 rows, 66390 columns, 316065 nonzeros
Variable types: 375 continuous, 66015 integer (57885 binary)
Deterministic concurrent LP optimizer: primal and dual simplex
Showing primal log only...


Root simplex log...

Iteration    Objective       Primal Inf.    Dual Inf.      Time
       0    1.1642000e+03   2.019006e+03   1.414127e+10      5s
   18549    3.8083554e+02   7.260240e+01   6.873576e+09     10s
   25812    3.7553109e+02   3.970228e+01   3.880400e+09     15s
   31308    3.5481825e+02   1.124347e+00   1.968785e+09     20s
   37380    3.0320000e+02   8.747995e+01   0.000000e+00     25s
   38895    3.0320000e+02   0.000000e+00   0.000000e+00     27s
Concurrent spin time: 7.38s (can be avoided by choosing Method=3)

Solved with primal simplex

Root relaxation: objective 3.032000e+02, 38895 iterations, 29.86 seconds (19.98 work units)

    Nodes    |    Current Node    |     Objective Bounds      |     Work
 Expl Unexpl |  Obj  Depth IntInf | Incumbent    BestBd   Gap | It/Node Time

     0     0  303.20000    0 8680          -  303.20000      -     -   92s
     0     0  303.20000    0 8680          -  303.20000      -     -   92s
     0     0  303.20000    0 13945          -  303.20000      -     -  122s
     0     0  303.20000    0 16640          -  303.20000      -     -  128s
     0     0  303.20000    0 15799          -  303.20000      -     -  153s
     0     0  303.20000    0 15799          -  303.20000      -     -  153s
     0     0  303.20000    0 5232          -  303.20000      -     -  172s
     0     0  303.20000    0 5270          -  303.20000      -     -  175s
     0     0  303.20000    0 4335          -  303.20000      -     -  176s
     0     0  303.20000    0 12855          -  303.20000      -     -  189s
     0     0  303.20000    0 12855          -  303.20000      -     -  189s
     0     0  303.20000    0 7348          -  303.20000      -     -  212s
     0     0  303.20000    0 6817          -  303.20000      -     -  216s
     0     0  303.20000    0 6805          -  303.20000      -     -  216s
     0     0  303.20000    0 12743          -  303.20000      -     -  226s
     0     0  303.20000    0 12743          -  303.20000      -     -  226s
     0     0  303.20000    0 6825          -  303.20000      -     -  244s
     0     0  303.20000    0 7754          -  303.20000      -     -  260s
     0     0  303.20000    0 9216          -  303.20000      -     -  261s
     0     0  306.60000    0 13114          -  306.60000      -     -  274s
     0     0  306.60000    0 3765          -  306.60000      -     -  290s
     0     0  306.60000    0 3036          -  306.60000      -     -  292s
     0     0  306.60000    0 11301          -  306.60000      -     -  303s
     0     0  306.60000    0 10457          -  306.60000      -     -  306s
     0     0  306.60276    0 11202          -  306.60276      -     -  313s
     0     0  306.60276    0 7238          -  306.60276      -     -  338s
     0     0  306.60276    0 7357          -  306.60276      -     -  339s
     0     0  306.60276    0 7356          -  306.60276      -     -  339s
     0     0  306.72155    0 9317          -  306.72155      -     -  347s
     0     0  306.81413    0 10200          -  306.81413      -     -  387s
     0     0  306.81413    0 10204          -  306.81413      -     -  387s
     0     0  309.40000    0 11539          -  309.40000      -     -  394s
     0     0  309.40000    0 11357          -  309.40000      -     -  395s
     0     0  309.40000    0 11441          -  309.40000      -     -  403s
     0     0  309.54814    0 13095          -  309.54814      -     -  407s
     0     0  309.54814    0 13038          -  309.54814      -     -  407s
     0     0  309.54814    0 9466          -  309.54814      -     -  413s
     0     0  309.54814    0 6148          -  309.54814      -     -  427s
     0     0  309.54814    0 7759          -  309.54814      -     -  429s
     0     0  309.54814    0 6607          -  309.54814      -     -  429s
     0     0  309.54814    0 9181          -  309.54814      -     -  433s
     0     0  309.54814    0 8960          -  309.54814      -     -  434s
     0     0  309.54814    0 8957          -  309.54814      -     -  434s
     0     0  309.55579    0 10662          -  309.55579      -     -  438s
     0     0  309.55579    0 8973          -  309.55579      -     -  458s
     0     0  309.57624    0 7878          -  309.57624      -     -  461s
     0     0  309.57624    0 7798          -  309.57624      -     -  461s
     0     0  309.59003    0 7442          -  309.59003      -     -  465s
     0     0  309.77939    0 4893          -  309.77939      -     -  467s
     0     0  309.77939    0 5631          -  309.77939      -     -  467s
     0     0  310.01885    0 8366          -  310.01885      -     -  472s
     0     0  310.02726    0 9472          -  310.02726      -     -  474s
     0     0  310.05865    0 9661          -  310.05865      -     -  475s
     0     0  310.05865    0 9662          -  310.05865      -     -  475s
     0     0  310.07949    0 9357          -  310.07949      -     -  480s
     0     0  310.07949    0 10359          -  310.07949      -     -  481s
     0     0  312.08288    0 6958          -  312.08288      -     -  486s
     0     0  312.08288    0 7622          -  312.08288      -     -  489s
     0     0  313.28805    0 6023          -  313.28805      -     -  495s
     0     0  313.59908    0 5698          -  313.59908      -     -  496s
     0     0  313.59908    0 5878          -  313.59908      -     -  497s
     0     0  314.32729    0 8073          -  314.32729      -     -  500s
     0     0  314.32729    0 8420          -  314.32729      -     -  502s
     0     0  314.32729    0 8431          -  314.32729      -     -  505s
     0     0  314.32729    0 8516          -  314.32729      -     -  506s
     0     0  314.32988    0 9336          -  314.32988      -     -  510s
     0     0  314.32988    0 6838          -  314.32988      -     -  524s
     0     0  314.33117    0 8087          -  314.33117      -     -  526s
     0     0  314.33117    0 8085          -  314.33117      -     -  526s
     0     0  314.33252    0 8730          -  314.33252      -     -  531s
     0     0  314.33252    0 8730          -  314.33252      -     -  533s
     0     0  314.33252    0 6364          -  314.33252      -     -  545s
     0     2  314.33252    0 6364          -  314.33252      -     -  560s
     3     8  314.33252    2 7680          -  314.33252      -   989  565s
    25    32  315.23252    8 7137          -  314.59919      -   508  570s
    42    48  315.49919   10 6168          -  314.59919      -   572  576s
    54    60  315.49919   12 6543          -  314.59919      -   527  597s
    72    82  315.54793   16 8738          -  314.59919      -   462  601s
   102   105  315.64270   22 10507          -  314.59919      -   421  605s
   115   117  315.64270   26 7645          -  314.59919      -   423  610s
   136   146  315.66969   31 7127          -  314.59919      -   400  616s
   153   163  315.86788   36 7973          -  314.59919      -   385  620s
   166   169  315.87838   42 8522          -  314.59919      -   384  626s
   172   186  317.04385   44 9654          -  314.59919      -   386  631s
   189   190  317.73545   45 9610          -  314.59919      -   368  636s
   214   216  319.56231   46 9899          -  314.59919      -   358  644s
   221   233  317.82408   46 8919          -  314.59919      -   369  648s
   238   245  317.83954   47 9154          -  314.59919      -   353  656s
   250   250  317.86817   54 9347          -  314.59919      -   347  660s
   255   256  317.87357   55 9606          -  314.59919      -   347  666s
   261   268  317.87499   56 10693          -  314.59919      -   344  670s
   277   289  317.87973   58 10646          -  314.59919      -   336  679s
   294   307  317.88313   59 10306          -  314.59919      -   317  682s
   312   330  317.89713   60 9177          -  314.59919      -   299  688s
   335   357  317.91029   65 9526          -  314.59919      -   279  696s
   362   381  318.01297   73 11414          -  314.59919      -   262  703s
   386   405  318.05525   76 10755          -  314.59919      -   247  711s
   410   418  318.06720   77 10959          -  314.59919      -   247  717s
   423   429  331.78613   77 10235          -  314.59919      -   247  725s
   436   443  318.07250   78 10890          -  314.59919      -   253  737s
   450   450  318.10286   79 10334          -  314.59919      -   251  759s
   457   482  318.11691   80 8908          -  314.59919      -   252  763s
   489   531  318.32793   90 9849          -  314.59919      -   248  768s
   546   602  318.32793  115 9799          -  314.59919      -   232  775s
   696   759  318.45991  152 9637          -  314.59919      -   189  782s
   776   843  318.45991  161 10695          -  314.59919      -   173  787s
   860   942  318.47467  165 12635          -  314.59919      -   161  795s
   959   946  318.48179  174 9246          -  314.59919      -   153  805s
   963   998  318.48179  175 9933          -  314.59919      -   153  845s
  1015  1038  318.85364  175 7313          -  314.59919      -   146  887s
  1055  1056  319.07673  180 8005          -  314.59919      -   150  925s
  1073  1092  318.48536  180 10582          -  314.59919      -   152  964s
  1109  1201  318.63308  208 9286          -  314.59919      -   151 1004s
  1218  1299  318.70166  259 7820          -  314.59919      -   139 1033s
  1316  1356  318.70689  320 7698          -  314.59919      -   132 1071s
  1373  1424  318.75783  357 5433          -  314.59919      -   132 1101s
  1441  1453  318.77863  395 4417          -  314.59919      -   133 1141s
  1470  1483  318.78168  403 4367          -  314.59919      -   137 1188s
  1500  1511  318.78656  415 4355          -  314.59919      -   142 1259s
  1528  1611  318.79186  427 4302          -  314.59919      -   148 1294s
  1628  1714  318.79663  437 4273          -  314.59919      -   145 1318s
  1731  1853  318.80283  449 4244          -  314.59919      -   145 1335s
  1872  2156  320.43152  459 4486          -  314.59919      -   140 1349s
  2175  2444  320.44298  553 2771          -  314.59919      -   127 1363s
  2463  2605  325.00721  621 3951          -  314.59919      -   118 1374s
  2642  2873  327.80648  653 2036          -  314.59919      -   115 1387s
  2914  2877  335.83843  785 3556          -  314.59919      -   109 1402s
  2918  2881  335.96248  786 3551          -  314.59919      -   110 1415s
  2922  2885  335.96248  787 3551          -  314.59919      -   110 1427s
  2926  2889  336.08866  788 3549          -  314.59919      -   110 1441s
  2930  2893  336.08866  789 3549          -  314.59919      -   110 1460s
  2934  2897  336.21702  790 3547          -  314.59919      -   111 1474s
  2938  2901  336.21702  791 3547          -  314.59919      -   111 1490s
  2942  2905  336.34761  792 3545          -  314.59919      -   111 1506s
  2946  2909  336.34761  793 3545          -  314.59919      -   110 1519s
  2950  2913  336.48050  794 3543          -  314.59919      -   110 1532s
  2954  2917  336.48050  795 3543          -  314.59919      -   110 1553s
  2958  2921  336.61574  796 3541          -  314.59919      -   110 1566s
  2962  2925  336.61574  797 3541          -  314.59919      -   110 1580s
  2966  2929  336.75341  798 3539          -  314.59919      -   110 1594s
  2970  2933  336.75341  799 3539          -  314.59919      -   110 1611s
  2974  2937  336.89356  800 3537          -  314.59919      -   109 1632s
  2978  2940  336.89356  801 3537          -  314.59919      -   109 1728s
  2983  2944  337.03626  802 3535          -  314.59919      -   109 1742s
  2987  2948  337.03626  803 3535          -  314.59919      -   109 1757s
  2991  2952  337.18159  804 3533          -  314.59919      -   109 1771s
  2995  2956  337.18159  805 3533          -  314.59919      -   109 1792s
  2999  2960  337.32961  806 3531          -  314.59919      -   109 1849s
  3003  2964  337.32961  807 3531          -  314.59919      -   109 1876s
  3007  2968  337.48041  808 3529          -  314.59919      -   108 1901s
  3011  2972  337.48041  809 3529          -  314.59919      -   108 1914s
  3015  3015  337.63406  810 3527          -  314.59919      -   108 1927s
  3059  3051  337.63406  811 3527          -  314.59919      -   108 1946s
  3100  3156  337.79064  812 3525          -  314.59919      -   108 1995s
  3205  3341  337.79064  813 3525          -  314.59919      -   105 2014s
  3390  3544  337.94561  814 3514          -  314.59919      -   101 2047s
  3600  3986  337.95023  815 3523          -  314.59919      -   100 2066s
  4050  4388  361.18480  991 3116          -  314.59919      -  93.2 2086s
  4493  4690  318.49919   16 10573          -  314.59919      -  89.1 2107s
  4818  4798  318.49919  153 8527          -  314.59919      -  89.4 2127s
  4926  4926  320.13906  178 3420          -  314.59919      -  94.3 2149s
  5055  5264  326.68571  185 6236          -  314.59919      -  98.4 2181s
  5408  5265  396.39465  692 6364          -  314.59919      -  98.4 2248s
  5410  5266  339.35300  413 11577          -  314.59919      -  98.4 2373s
  5411  5267  354.80324  295 4217          -  314.59919      -  98.4 2414s
  5412  5268  342.13826  513 6153          -  314.59919      -  98.4 2427s
  5413  5268  422.31250 1043 6771          -  314.59919      -  98.3 2446s
  5414  5269  326.68578   63 6435          -  314.59919      -  98.3 2465s
  5416  5270  320.44298  604 5715          -  314.92762      -  98.3 2477s
  5418  5272  491.13950  887 5079          -  315.44257      -  98.3 2513s
  5419  5272  321.59415  666 5990          -  316.46811      -  98.2 2543s
  5420  5273  319.56116  325 5397          -  316.46886      -  98.2 2565s
  5421  5274  491.12857  980 3676          -  316.76174      -  98.2 2603s
  5422  5274  318.49919   84 6446          -  316.98456      -  98.2 2626s
  5423  5275  343.90898  519 6316          -  317.05055      -  98.2 2630s
  5425  5276  475.49799 1268 6900          -  317.27795      -  98.1 2640s
  5427  5278  319.56116  353 7316          -  317.34270      -  98.1 2645s
  5428  5278  339.61440   36 6834          -  317.34289      -  98.1 2672s
  5429  5279  455.73071 1188 4790          -  317.70930      -  98.1 2697s
  5430  5280  442.67110  743 6419          -  317.81704      -  98.0 2717s
  5432  5281  368.45202  814 4441          -  317.87747      -  98.0 2724s
  5433  5282  319.56116  358 4436          -  317.88375      -  98.0 2725s
  5434  5282  320.43592  480 3662          -  317.88387      -  98.0 2753s
  5435  5283  447.35656 1063 3594          -  317.93084      -  98.0 2783s
  5436  5284  441.32156  937 4443          -  317.93084      -  97.9 2822s
  5437  5284  341.40868  663 4193          -  318.02688      -  97.9 2881s
  5438  5285  421.14715  895 3174          -  318.05016      -  97.9 2905s
  5439  5286  381.08153  348 6877          -  318.05016      -  97.9 2919s
  5440  5286  318.05028  367 6117          -  318.05028      -  97.9 2941s
  5442  5288  441.83527 1006 6994          -  318.08005      -  97.8 2954s
  5443  5288  319.56116  330 6072          -  318.08903      -  97.8 2970s
  5445  5290  318.34923  100 6077          -  318.34923      -  97.8 2980s
  5446  5290  428.13848  914 6927          -  318.34986      -  97.8 2997s
  5447  5291  339.12786  263 4767          -  318.40834      -  97.7 3046s
  5448  5292  345.55593  665 4957          -  318.45499      -  97.7 3068s
  5450  5293  318.47579  160 4120          -  318.47579      -  97.7 3090s
  5451  5294  320.86781  641 6973          -  319.05220      -  97.7 3108s
  5452  5294  483.36073  893 7385          -  319.23488      -  97.6 3113s
  5453  5295  359.65045  586 7538          -  319.26524      -  97.6 3120s
  5456  5297  442.40915  861 7534          -  319.27279      -  97.6 3129s
  5457  5298  341.40868  636 6695          -  319.27282      -  97.6 3152s
  5458  5298  319.45930  408 6543          -  319.45930      -  97.5 3181s
  5459  5299  321.19620  654 6064          -  319.46440      -  97.5 3201s
  5462  5301  424.97205 1236 5038          -  319.47861      -  97.5 3218s
  5463  5302  320.44298  541 5479          -  319.49959      -  97.4 3239s
  5464  5302  332.66964  176 5966          -  319.50951      -  97.4 3241s
  5467  5304  368.32874  861 6995          -  319.52656      -  97.4 3264s
  5468  5305  427.34927 1279 5766          -  319.52656      -  97.4 3290s
  5470  5306  332.66964  164 7020          -  319.87357      -  97.3 3311s
  5471  5307  453.02459 1176 3900          -  319.87357      -  97.3 3331s
  5473  5308  485.91994  962 5413          -  319.90024      -  97.3 3337s
  5476  5310  346.54260  544 5285          -  319.95401      -  97.2 3355s
  5477  5311  319.96538  378 5393          -  319.96538      -  97.2 3372s
  5479  5312  320.14046   19 5282          -  320.14046      -  97.2 3376s
  5483  5315  440.96581  946 6284          -  320.16962      -  97.1 3393s
  5484  5316  328.76064  207 1920          -  320.45711      -  97.1 3408s
  5486  5317  320.46590  538 4293          -  320.46590      -  97.0 3410s
  5488  5318  320.46968  147 4552          -  320.46968      -  97.0 3418s
  5489  5319  430.05391 1019 2975          -  320.46974      -  97.0 3448s
  5490  5320  336.09363   91 4911          -  320.47022      -  97.0 3464s
  5491  5320  431.70057  981 4859          -  320.47253      -  97.0 3487s
  5492  5321  437.96410  820 6172          -  320.47253      -  96.9 3504s
  5493  5322  476.32476 1363 6049          -  320.47253      -  96.9 3531s
  5495  5323  360.59185  752 4544          -  320.47848      -  96.9 3535s
  5496  5324  372.74149  650 5225          -  320.48353      -  96.9 3540s
  5499  5326  337.79919   28 5337          -  320.48697      -  96.8 3559s
  5500  5326  320.49022  107 3692          -  320.49022      -  96.8 3590s
  5501  5327  320.49476  333 6347          -  320.49476      -  96.8 3595s
  5503  5328  351.90707  128 5910          -  320.49796      -  96.7 3611s
  5504  5329  332.64786   82 4983          -  320.49796      -  96.7 3629s
  5505  5330  397.35465  612 5338          -  320.49796      -  96.7 3638s
  5506  5330  333.85193   55 3637          -  320.49796      -  96.7 3657s
  5507  5331  320.50707  651 4764          -  320.50707      -  96.7 3660s
  5509  5332  339.84098  349 6025          -  320.51125      -  96.6 3683s
  5510  5333  339.35300  413 4241          -  320.51125      -  96.6 3706s
  5514  5336  326.68578   63 4676          -  320.57570      -  96.5 3710s
  5515  5336  320.57570  136 4822          -  320.57570      -  96.5 3733s
  5516  5337  320.57570  604 4202          -  320.57570      -  96.5 3758s
  5517  5338  320.58518   65 4708          -  320.58518      -  96.5 3761s
  5518  5338  491.13950  887 3801          -  320.59758      -  96.5 3767s
  5520  5340  320.60281  325 3827          -  320.60281      -  96.4 3770s
  5521  5340  491.12857  980 4536          -  320.60318      -  96.4 3782s
  5522  5341  320.63350   84 4228          -  320.63350      -  96.4 3810s
  5523  5342  343.90898  519 6495          -  320.63362      -  96.4 3826s
  5524  5342  320.63362   96 4397          -  320.63362      -  96.4 3932s
  5526  5344  355.40779  942 5930          -  320.67218      -  96.3 3935s
  5527  5344  320.67218  353 4850          -  320.67218      -  96.3 3952s
  5528  5345  339.61440   36 3604          -  320.67218      -  96.3 3972s
  5530  5346  442.67110  743 4581          -  320.68581      -  96.3 3975s
  5533  5348  320.71690  358 4822          -  320.71690      -  96.2 3988s
  5534  5349  320.71736  480 3568          -  320.71736      -  96.2 4005s
  5537  5351  341.40868  663 5770          -  320.74059      -  96.1 4012s
H 5538  5082                     552.1000000  320.74622  41.9%  96.1 4023s
  5539  5082  381.08153  348 5635  552.10000  320.74622  41.9%  96.1 4027s
  5540  5083  320.74640  367 3206  552.10000  320.74640  41.9%  96.1 4056s
  5541  5084  320.74649  423 3885  552.10000  320.74649  41.9%  96.1 4076s
  5542  5084  441.83527 1006 2900  552.10000  320.75661  41.9%  96.1 4098s
H 5542  4827                     534.1000000  320.76028  39.9%  96.1 4099s
  5544  4829  320.76441  113 3813  534.10000  320.76441  39.9%  96.0 4100s
  5545  4829  320.76494  100 3765  534.10000  320.76494  39.9%  96.0 4114s
H 5545  4585                     532.2000000  320.77366  39.7%  96.0 4133s
  5547  4587  339.12786  263 6500  532.20000  320.78157  39.7%  96.0 4136s
  5551  4589  320.86781  641 6671  532.20000  320.80802  39.7%  95.9 4167s
  5552  4590  483.36073  893 6212  532.20000  320.88301  39.7%  95.9 4187s
  5554  4591  378.33770  473 5279  532.20000  320.93205  39.7%  95.9 4191s
  5556  4593  442.40915  861 5468  532.20000  320.95770  39.7%  95.8 4196s
  5557  4593  341.40868  636 4725  532.20000  320.95887  39.7%  95.8 4206s
  5558  4594  321.05030  408 4685  532.20000  321.05030  39.7%  95.8 4228s
  5561  4596  321.08522   21 4829  532.20000  321.08522  39.7%  95.7 4230s
  5565  4599  321.13316   93 4911  532.20000  321.13316  39.7%  95.7 4243s
  5566  4599  432.22095 1032 4208  532.20000  321.14798  39.7%  95.6 4264s
  5567  4600  368.32874  861 4712  532.20000  321.16358  39.7%  95.6 4265s
  5569  4601  436.68256  744 4565  532.20000  321.16623  39.7%  95.6 4275s
  5570  4602  332.66964  164 5385  532.20000  321.20360  39.6%  95.6 4298s
  5572  4603  447.73677 1085 5345  532.20000  321.20890  39.6%  95.5 4315s
  5573  4604  485.91994  962 5189  532.20000  321.22660  39.6%  95.5 4334s
  5574  4605  321.23288  603 5229  532.20000  321.23288  39.6%  95.5 4336s
  5576  4606  346.54260  544 5748  532.20000  321.23952  39.6%  95.5 4352s
  5577  4607  321.24756  378 4818  532.20000  321.24756  39.6%  95.5 4370s
  5580  4609  455.74115 1218 5420  532.20000  321.27246  39.6%  95.4 4387s
  5581  4609  380.77099  163 3870  532.20000  321.29082  39.6%  95.4 4406s
  5583  4611  440.96581  946 4342  532.20000  321.29942  39.6%  95.4 4410s
  5584  4611  328.76064  207 3947  532.20000  321.30008  39.6%  95.3 4422s
  5585  4612  321.30124  453 4312  532.20000  321.30124  39.6%  95.3 4440s
  5587  4613  321.30393  177 5131  532.20000  321.30393  39.6%  95.3 4461s
  5588  4614  321.31558  147 3821  532.20000  321.31558  39.6%  95.3 4487s
  5590  4615  336.09363   91 5501  532.20000  321.35102  39.6%  95.2 4490s
  5592  4617  437.96410  820 5074  532.20000  321.35537  39.6%  95.2 4503s
  5593  4617  476.32476 1363 5497  532.20000  321.35825  39.6%  95.2 4524s
  5594  4618  447.15739 1093 5471  532.20000  321.35825  39.6%  95.2 4534s
  5595  4619  360.59185  752 5615  532.20000  321.36100  39.6%  95.1 4554s
  5596  4619  372.74149  650 5361  532.20000  321.36457  39.6%  95.1 4555s
  5597  4620  355.13106  750 5338  532.20000  321.36516  39.6%  95.1 4564s
  5598  4621  337.00000  204 5576  532.20000  321.36939  39.6%  95.1 4591s
  5601  4624  321.36939  333 6364  532.20000  321.36939  39.6%   297 4616s
  5603  4625  351.90707  128 12770  532.20000  321.36939  39.6%   297 4688s
  5604  4626  332.64786   82 6792  532.20000  321.36939  39.6%   297 4767s
  5605  4627  397.35465  612 6280  532.20000  321.36939  39.6%   297 4771s
  5606  4627  333.85193   55 9541  532.20000  321.36939  39.6%   296 4775s
  5607  4628  321.36939  651 9992  532.20000  321.36939  39.6%   296 4781s
  5608  4629  396.39465  692 10298  532.20000  321.36939  39.6%   296 4785s
  5610  4630  339.35300  413 10204  532.20000  321.36939  39.6%   296 4796s
  5612  4631  342.13826  513 9118  532.20000  321.36939  39.6%   296 4805s
  5613  4632  422.31250 1043 6981  532.20000  321.36939  39.6%   296 4810s
  5615  4633  321.36939  136 8278  532.20000  321.36939  39.6%   296 4816s
  5616  4634  321.36939  604 6594  532.20000  321.36939  39.6%   296 4822s
  5617  4635  321.36946   65 7482  532.20000  321.36946  39.6%   296 4825s
  5619  4636  321.59415  666 6684  532.20000  321.36946  39.6%   296 4830s
H 5619  4403                     531.1000000  321.36946  39.5%   296 4832s
H 5619  4183                     529.2000000  321.36946  39.3%   296 4833s
  5621  4184  491.12857  980 6636  529.20000  321.36946  39.3%   296 4839s
  5622  4185  321.36946   84 6796  529.20000  321.36946  39.3%   296 4843s
  5623  4186  343.90898  519 6743  529.20000  321.36946  39.3%   296 4847s
  5626  4188  355.40779  942 7083  529.20000  321.36946  39.3%   295 4850s
  5629  4190  455.73071 1188 6933  529.20000  321.37491  39.3%   295 4888s
H 5629  3980                     528.3000000  321.38786  39.2%   295 4889s
  5630  3980  442.67110  743 6566  528.30000  321.38786  39.2%   295 4912s
  5631  3981  321.38797   25 6315  528.30000  321.38797  39.2%   295 4936s
  5632  3982  368.45202  814 4916  528.30000  321.41225  39.2%   295 4964s
H 5632  3782                     523.4000000  321.52932  38.6%   295 4969s
  5633  3782  321.52932  358 4855  523.40000  321.52932  38.6%   295 4970s
  5635  3784  447.35656 1063 6135  523.40000  321.53416  38.6%   295 4998s
  5636  3784  441.32156  937 6504  523.40000  321.54344  38.6%   295 5025s
  5637  3785  341.40868  663 6219  523.40000  321.54449  38.6%   295 5063s
  5638  3786  421.14715  895 5329  523.40000  321.56558  38.6%   295 5087s
  5640  3787  321.58166  367 4816  523.40000  321.58166  38.6%   295 5092s
  5641  3788  321.58178  423 5279  523.40000  321.58178  38.6%   295 5113s
  5642  3788  441.83527 1006 4941  523.40000  321.59473  38.6%   295 5158s
  5643  3789  321.60123  330 5661  523.40000  321.60123  38.6%   295 5162s
  5644  3790  321.60123  113 5714  523.40000  321.60123  38.6%   294 5180s
  5645  3790  321.60700  100 5366  523.40000  321.60700  38.6%   294 5201s
  5647  3792  339.12786  263 5507  523.40000  321.61123  38.6%   294 5225s
  5648  3792  345.55593  665 5260  523.40000  321.70726  38.5%   294 5254s
  5649  3793  425.17080  781 5036  523.40000  321.89198  38.5%   294 5262s
  5650  3794  321.89242  160 5100  523.40000  321.89242  38.5%   294 5295s
  5651  3794  321.93867  641 5686  523.40000  321.93867  38.5%   294 5314s
  5652  3795  483.36073  893 5472  523.40000  321.94917  38.5%   294 5315s
  5655  3797  427.53126 1315 6370  523.40000  321.95657  38.5%   294 5343s
  5656  3798  442.40915  861 6565  523.40000  321.97041  38.5%   294 5383s
  5658  3799  321.98472  408 5993  523.40000  321.98472  38.5%   294 5386s
  5660  3800  347.59130  678 6379  523.40000  321.99901  38.5%   294 5390s
  5662  3802  424.97205 1236 6173  523.40000  322.00184  38.5%   294 5412s
  5663  3802  322.01943  541 4681  523.40000  322.01943  38.5%   293 5427s
  5665  3804  322.02779   93 6256  523.40000  322.02779  38.5%   293 5443s
  5666  3804  432.22095 1032 6045  523.40000  322.03877  38.5%   293 5509s
  5667  3805  368.32874  861 6453  523.40000  322.04101  38.5%   293 5515s
  5668  3806  427.34927 1279 6874  523.40000  322.04108  38.5%   293 5534s
  5669  3806  436.68256  744 4315  523.40000  322.04138  38.5%   293 5555s
  5670  3807  332.66964  164 4428  523.40000  322.05038  38.5%   293 5564s
  5671  3808  453.02459 1176 4748  523.40000  322.05669  38.5%   293 5567s
  5672  3808  447.73677 1085 4763  523.40000  322.05740  38.5%   293 5586s
  5673  3809  485.91994  962 5019  523.40000  322.06245  38.5%   293 5605s
  5674  3810  322.06341  603 4725  523.40000  322.06341  38.5%   293 5629s
  5675  3810  421.40429  916 5308  523.40000  322.07113  38.5%   293 5649s
  5676  3811  346.54260  544 5486  523.40000  322.07622  38.5%   293 5650s
  5679  3813  322.08584   19 5750  523.40000  322.08584  38.5%   293 5664s
  5680  3814  455.74115 1218 4019  523.40000  322.09452  38.5%   293 5680s
  5683  3816  440.96581  946 3994  523.40000  322.10199  38.5%   292 5695s
  5684  3816  328.76064  207 4055  523.40000  322.10309  38.5%   292 5713s
  5686  3818  322.10911  538 4264  523.40000  322.10911  38.5%   292 5715s
  5687  3818  322.10980  177 4307  523.40000  322.10980  38.5%   292 5725s
  5688  3819  322.12607  147 4648  523.40000  322.12607  38.5%   292 5742s
  5689  3820  430.05391 1019 4130  523.40000  322.12675  38.5%   292 5753s
  5690  3820  336.09363   91 5664  523.40000  322.12937  38.5%   292 5772s
  5693  3822  476.32476 1363 5229  523.40000  322.13827  38.5%   292 5775s
  5695  3824  360.59185  752 5631  523.40000  322.14116  38.5%   292 5790s
  5696  3824  372.74149  650 3342  523.40000  322.15861  38.4%   292 5813s
  5697  3825  355.13106  750 5726  523.40000  322.15902  38.4%   292 5829s
  5698  3826  337.00000  204 5973  523.40000  322.15902  38.4%   292 5844s
  5699  3826  337.79919   28 5447  523.40000  322.17329  38.4%   292 5845s
  5701  3828  322.18085  333 6000  523.40000  322.18085  38.4%   292 5864s
  5702  3828  382.15256  206 4468  523.40000  322.18085  38.4%   291 5891s
  5704  3830  332.64786   82 6170  523.40000  322.18431  38.4%   291 5918s
  5705  3830  397.35465  612 4770  523.40000  322.18636  38.4%   291 5934s
H 5705  3637                     523.2000000  322.18653  38.4%   291 5935s
  5706  3638  333.85193   55 5705  523.20000  322.18653  38.4%   291 5954s
  5707  3639  322.18963  651 4770  523.20000  322.18963  38.4%   291 5975s
  5709  3640  339.84098  349 5167  523.20000  322.19209  38.4%   291 5994s
  5710  3641  339.35300  413 4772  523.20000  322.20043  38.4%   291 6015s
  5712  3642  342.13826  513 4768  523.20000  322.20494  38.4%   291 6024s
  5713  3643  422.31250 1043 4415  523.20000  322.20815  38.4%   291 6038s
  5714  3643  326.68578   63 4415  523.20000  322.20815  38.4%   291 6054s
  5715  3644  322.20815  136 4415  523.20000  322.20815  38.4%   291 6060s
  5716  3648  322.21001   24 4882  523.20000  322.20815  38.4%   404 6083s
  5718  3651  322.21021   25 4915  523.20000  322.21001  38.4%   405 6095s
  5726  3661  322.21771   27 4724  523.20000  322.21147  38.4%   407 6113s
  5735  3673  322.22858   29 5405  523.20000  322.21147  38.4%   411 6121s
  5750  3679  322.22979   31 5457  523.20000  322.21147  38.4%   412 6128s
  5761  3688  322.23478   33 5461  523.20000  322.21147  38.4%   414 6133s
  5773  3687  322.26990   34 6742  523.20000  322.21147  38.4%   415 6140s
  5778  3690  322.88451   34 7216  523.20000  322.21147  38.4%   416 6147s
  5783  3696  322.26992   35 6744  523.20000  322.21147  38.4%   417 6151s
  5791  3700  323.47300   35 6121  523.20000  322.21147  38.4%   418 6160s
  5803  3708  322.61958   36 7931  523.20000  322.21147  38.4%   421 6170s
  5817  3717  325.38627   37 6263  523.20000  322.21147  38.4%   423 6183s
  5823  3723  322.30220   38 7151  523.20000  322.21147  38.4%   426 6191s
  5831  3726  322.95591   38 7935  523.20000  322.21147  38.4%   427 6198s
  5837  3734  322.30790   39 6631  523.20000  322.21147  38.4%   428 6203s
  5847  3739  323.25796   39 7167  523.20000  322.21147  38.4%   429 6208s
  5857  3743  322.30790   40 6588  523.20000  322.21147  38.4%   430 6213s
  5864  3745  323.65218   40 7130  523.20000  322.21147  38.4%   430 6217s
  5869  3750  322.31082   41 6517  523.20000  322.21147  38.4%   432 6223s
H 5875  3573                     522.5000000  322.21147  38.3%   432 6229s
  5884  3585  322.32200   42 6842  522.50000  322.21147  38.3%   434 6235s
  5901  3593  322.35057   44 7359  522.50000  322.21147  38.3%   435 6242s
  5915  3599  326.58833   45 6380  522.50000  322.21147  38.3%   437 6247s
  5926  3609  322.37435   46 7511  522.50000  322.21147  38.3%   439 6253s
  5939  3620  327.80000   47 4441  522.50000  322.21147  38.3%   440 6261s
  5955  3635  322.43688   49 7448  522.50000  322.21147  38.3%   442 6268s
  5975  3643  322.45509   51 7157  522.50000  322.21147  38.3%   444 6276s
  5990  3654  322.47664   53 7396  522.50000  322.21147  38.3%   445 6284s
  6006  3662  322.49932   55 7488  522.50000  322.21147  38.3%   447 6292s
  6021  3680  322.61161   57 6322  522.50000  322.21147  38.3%   450 6302s
  6046  3685  322.62862   60 7001  522.50000  322.21147  38.3%   451 6314s
  6059  3689  322.66723   62 6627  522.50000  322.21147  38.3%   452 6325s
  6068  3696  322.67558   63 8075  522.50000  322.21147  38.3%   453 6336s
  6078  3700  322.68520   64 8380  522.50000  322.21147  38.3%   454 6349s
  6085  3707  322.69027   65 8046  522.50000  322.21147  38.3%   455 6439s
  6094  3713  322.72698   66 7051  522.50000  322.21147  38.3%   456 6451s
  6105  3719  322.80931   67 8363  522.50000  322.21147  38.3%   457 6609s
  6115  3720  322.81304   68 7915  522.50000  322.21147  38.3%   459 6623s
  6119  3722  338.64000   68 4999  522.50000  322.21147  38.3%   459 6636s
  6123  3725  322.84339   69 6825  522.50000  322.21147  38.3%   459 6652s
  6127  3728  324.94541   69 7345  522.50000  322.21147  38.3%   459 6830s
  6131  3731  322.85900   70 7863  522.50000  322.21147  38.3%   460 6842s
  6136  3736  333.02139   70 7187  522.50000  322.21147  38.3%   461 6854s
  6142  3740  322.86692   71 5747  522.50000  322.21147  38.3%   461 6873s
  6148  3745  333.45379   71 7003  522.50000  322.21147  38.3%   461 6942s
  6157  3751  324.71530   73 6516  522.50000  322.21147  38.3%   463 6959s
H 6161  3574                     522.4000000  322.21147  38.3%   463 6959s
  6166  3581  324.94541   75 6779  522.40000  322.21147  38.3%   464 6979s
  6174  3590  323.43172   77 7478  522.40000  322.21147  38.3%   465 6998s
  6186  3599  322.89654   79 7936  522.40000  322.21147  38.3%   465 7033s
  6199  3609  322.90186   81 7463  522.40000  322.21147  38.3%   468 7050s
  6213  3623  322.91470   83 7448  522.40000  322.21147  38.3%   469 7068s
  6232  3664  322.92391   85 6998  522.40000  322.21147  38.3%   470 7088s
  6279  3717  323.04551   91 7918  522.40000  322.21147  38.3%   473 7106s
  6350  3706  323.05215   97 7876  522.40000  322.21147  38.3%   475 7132s
  6363  3748  323.08777   99 7017  522.40000  322.21147  38.3%   477 7153s
  6409  3753  323.11656  105 6925  522.40000  322.21147  38.3%   481 7188s
  6429  3778  323.12178  108 6899  522.40000  322.21147  38.3%   482 7200s

Cutting planes:
  Gomory: 6
  Cover: 80
  Implied bound: 58
  Projected implied bound: 26
  Clique: 78
  MIR: 60
  StrongCG: 5
  Flow cover: 162
  GUB cover: 76
  Zero half: 62
  RLT: 63
  Relax-and-lift: 17

Explored 6461 nodes (3506764 simplex iterations) in 7201.10 seconds (5742.84 work units)
Thread count was 4 (of 8 available processors)

Solution count 10: 522.4 522.5 523.2 ... 552.1

Time limit reached
Best objective 5.224000000000e+02, best bound 3.223000000000e+02, gap 38.3040%
