
Gurobi 13.0.2 (linux64) logging started Tue Jul  7 23:52:35 2026

Set parameter LogFile to value "src/Resultados/Restriccion todas cliques/logs/RC202-25.xml_log.log"
Set parameter Threads to value 4
Gurobi Optimizer version 13.0.2 build v13.0.2rc1 (linux64 - "Rocky Linux 9.7 (Blue Onyx)")

CPU model: QEMU Virtual CPU version 2.5+, instruction set [SSE2]
Thread count: 8 physical cores, 8 logical processors, using up to 4 threads

Non-default parameters:
TimeLimit  7200
Threads  4

Optimize a model with 115243 rows, 67425 columns and 696915 nonzeros (Min)
Model fingerprint: 0x6b8ffc99
Model has 4530 linear objective coefficients
Variable types: 15585 continuous, 51840 integer (51825 binary)
Coefficient statistics:
  Matrix range     [1e+00, 2e+05]
  Objective range  [2e+00, 6e+01]
  Bounds range     [1e+00, 2e+03]
  RHS range        [1e+00, 2e+05]

Presolve removed 38607 rows and 120 columns
Presolve time: 4.55s
Presolved: 76636 rows, 67305 columns, 319965 nonzeros
Variable types: 375 continuous, 66930 integer (58800 binary)
Deterministic concurrent LP optimizer: primal and dual simplex
Showing primal log only...


Root simplex log...

Iteration    Objective       Primal Inf.    Dual Inf.      Time
       0    1.1776000e+03   2.091244e+03   1.361837e+10     10s
   18941    3.4122710e+02   4.907095e+01   4.563530e+09     15s
   23743    3.2604170e+02   2.350361e+01   1.670034e+09     20s
   28908    3.3075625e+02   3.290954e-01   1.349942e+08     25s
   33946    2.9249369e+02   0.000000e+00   9.800157e+03     30s
   36155    2.9120000e+02   0.000000e+00   0.000000e+00     34s
Concurrent spin time: 4.51s (can be avoided by choosing Method=3)

Solved with primal simplex

Root relaxation: objective 2.912000e+02, 36155 iterations, 29.62 seconds (17.63 work units)

    Nodes    |    Current Node    |     Objective Bounds      |     Work
 Expl Unexpl |  Obj  Depth IntInf | Incumbent    BestBd   Gap | It/Node Time

     0     0  291.20000    0 3939          -  291.20000      -     -   51s
     0     0  291.20000    0 3485          -  291.20000      -     -   89s
     0     0  291.20000    0 3551          -  291.20000      -     -   90s
     0     0  291.20000    0 5655          -  291.20000      -     -  111s
     0     0  291.20000    0 1878          -  291.20000      -     -  128s
     0     0  291.20000    0 1863          -  291.20000      -     -  150s
     0     0  291.20000    0 1796          -  291.20000      -     -  150s
     0     0  291.20000    0 4645          -  291.20000      -     -  159s
     0     0  291.20000    0 3463          -  291.20000      -     -  187s
     0     0  291.20000    0 2946          -  291.20000      -     -  192s
     0     0  291.20000    0 7404          -  291.20000      -     -  197s
     0     0  291.20000    0 3687          -  291.20000      -     -  210s
     0     0  291.20000    0 6569          -  291.20000      -     -  213s
     0     0  291.20000    0 6888          -  291.20000      -     -  219s
     0     0  291.20000    0 2915          -  291.20000      -     -  236s
     0     0  291.20000    0 3825          -  291.20000      -     -  242s
     0     0  294.10536    0 10381          -  294.10536      -     -  248s
     0     0  294.10536    0 5908          -  294.10536      -     -  255s
     0     0  295.61564    0 4055          -  295.61564      -     -  259s
     0     0  295.61564    0 4055          -  295.61564      -     -  260s
     0     0  295.61564    0 4057          -  295.61564      -     -  260s
     0     0  299.27527    0 4917          -  299.27527      -     -  271s
     0     0  299.48090    0 5678          -  299.48090      -     -  273s
     0     0  299.48090    0 6707          -  299.48090      -     -  274s
     0     0  300.55107    0 9119          -  300.55107      -     -  280s
     0     0  300.55107    0 8940          -  300.55107      -     -  282s
     0     0  300.55107    0 9713          -  300.55107      -     -  288s
     0     0  300.55107    0 9907          -  300.55107      -     -  290s
     0     0  300.62882    0 11662          -  300.62882      -     -  298s
     0     0  300.62882    0 6507          -  300.62882      -     -  312s
     0     0  301.05784    0 6432          -  301.05784      -     -  322s
     0     0  301.05784    0 7129          -  301.05784      -     -  322s
     0     0  301.05784    0 10480          -  301.05784      -     -  327s
     0     0  301.11774    0 9658          -  301.11774      -     -  329s
     0     0  301.11774    0 9665          -  301.11774      -     -  330s
     0     0  303.22657    0 8706          -  303.22657      -     -  333s
     0     0  303.22657    0 9393          -  303.22657      -     -  412s
     0     0  303.22657    0 5118          -  303.22657      -     -  417s
     0     0  303.22657    0 7984          -  303.22657      -     -  419s
     0     0  303.81250    0 10901          -  303.81250      -     -  425s
     0     0  303.81250    0 10901          -  303.81250      -     -  439s
     0     0  303.81250    0 10392          -  303.81250      -     -  441s
     0     0  304.14787    0 9939          -  304.14787      -     -  446s
     0     0  304.14787    0 9968          -  304.14787      -     -  448s
     0     0  304.65394    0 8890          -  304.65394      -     -  453s
     0     0  304.65394    0 7247          -  304.65394      -     -  455s
     0     0  304.80362    0 6969          -  304.80362      -     -  460s
     0     0  305.44042    0 5998          -  305.44042      -     -  462s
     0     0  305.44042    0 5922          -  305.44042      -     -  462s
     0     0  306.43014    0 6186          -  306.43014      -     -  466s
     0     0  306.43014    0 5070          -  306.43014      -     -  468s
     0     0  306.43014    0 9853          -  306.43014      -     -  479s
     0     0  306.43014    0 11275          -  306.43014      -     -  484s
     0     0  306.43564    0 6928          -  306.43564      -     -  489s
     0     0  306.43564    0 6928          -  306.43564      -     -  507s
     0     0  306.43564    0 6928          -  306.43564      -     -  508s
     0     0  306.43564    0 5804          -  306.43564      -     -  531s
     0     2  306.43564    0 5804          -  306.43564      -     -  552s
     1     4  306.43564    1 4972          -  306.43564      -  2806  555s
     7    12  306.43564    3 7903          -  306.43564      -  1949  560s
    17    25  307.00230    6 7835          -  306.43564      -  1003  565s
    24    30  307.63564    7 8415          -  306.43564      -  1213  572s
    29    42  307.63678    9 8631          -  306.43564      -  1090  575s
    50    58  307.63953   15 8500          -  306.43564      -   822  581s
    58    64  307.63953   17 9260          -  306.43564      -   792  586s
    74    81  307.63953   23 8837          -  306.43564      -   761  590s
    87    91  307.63953   26 9732          -  306.43564      -   719  595s
    98   102  307.97286   29 8807          -  306.43564      -   730  600s
   107   111  308.33953   32 7582          -  306.43564      -   743  606s
   116   123  308.48953   34 8418          -  306.43564      -   745  611s
   123   127  308.48953   35 9000          -  306.43564      -   734  615s
   131   135  308.48953   37 10767          -  306.43564      -   729  624s
   135   158  308.48953   38 12093          -  306.43564      -   724  630s
   158   177  308.48953   43 10702          -  306.43564      -   631  635s
   185   196  308.48953   52 10144          -  306.43564      -   566  646s
   196   200  308.63953   55 10011          -  306.43564      -   550  653s
   200   214  308.63953   56 10574          -  306.43564      -   551  657s
   214   219  308.63953   57 12055          -  306.43564      -   537  666s
   219   234  308.93953   59 13832          -  306.43564      -   542  678s
   234   256  309.33953   62 13406          -  306.43564      -   522  684s
   256   271  309.33953   64 13024          -  306.43564      -   485  691s
   271   280  309.93953   73 12699          -  306.43564      -   472  699s
   280   296  309.93953   75 11418          -  306.43564      -   475  703s
   296   309  309.93953   78 12429          -  306.43564      -   473  709s
   309   321  310.93953   83 11923          -  306.43564      -   486  713s
   321   333  310.93953   87 11353          -  306.43564      -   496  721s
   333   361  311.23953   90 11512          -  306.43564      -   503  727s
   361   392  311.28366  100 12423          -  306.43564      -   487  731s
   392   413  312.13098  103 10961          -  306.43564      -   467  738s
   413   443  313.23953  110 11249          -  306.43564      -   454  743s
   443   484  313.23953  115 10636          -  306.43564      -   443  749s
   484   497  313.23953  119 11821          -  306.43564      -   425  758s
   497   529  313.23953  123 16545          -  306.43564      -   423  764s
   529   586  313.25362  130 12099          -  306.43564      -   416  772s
   586   637  313.31670  150 13531          -  306.43564      -   393  780s
   637   684  313.41860  180 14477          -  306.43564      -   373  789s
   684   733  313.67906  189 7983          -  306.43564      -   359  795s
   733   768  313.76301  196 11980          -  306.43564      -   347  809s
   768   800  313.83967  208 12051          -  306.43564      -   341  820s
   814   857  313.84186  209 11993          -  306.43564      -   335  829s
   881   908  313.86044  214 14158          -  306.43564      -   321  839s
   934   934  314.08186  231 14196          -  306.43564      -   308  850s
   960  1029  314.19349  238 16290          -  306.43564      -   302  858s
  1055  1071  314.39765  244 15095          -  306.43564      -   283  872s
  1097  1109  316.85000  265 11552          -  306.43564      -   283  886s
  1135  1147  317.56250  272 13492          -  306.43564      -   286  897s
  1173  1204  317.60000  273 12571          -  306.43564      -   279  907s
  1230  1217  317.60444  274 12891          -  306.43564      -   270  919s
  1243  1256  317.73333  275 12547          -  306.43564      -   269  933s
  1282  1287  318.06667  282 17882          -  306.43564      -   268  950s
  1313  1440  318.06667  287 16376          -  306.43564      -   266  967s
  1466  1548  318.06667  352 16125          -  306.43564      -   247  981s
  1576  1574  318.06667  382 16069          -  306.43564      -   240 1074s
  1602  1632  321.21429  383 7894          -  306.43564      -   242 1129s
  1660  1681  321.21630  384 7888          -  306.43564      -   238 1145s
  1709  1713  321.21698  385 7886          -  306.43564      -   238 1159s
  1755  1831  321.21765  386 7884          -  306.43564      -   236 1174s
  1932  1963  321.22827  387 7897          -  306.43564      -   216 1189s
  2094  2133  324.62787  387 4835          -  306.43564      -   201 1204s
  2268  2256  321.22827  388 6407          -  306.43564      -   187 1220s
  2397  2446  321.56766  389 7292          -  306.43564      -   181 1234s
  2597  2584  321.86998  390 6424          -  306.43564      -   169 1261s
  2735  2842  325.71664  390 2735          -  306.43564      -   164 1279s
  2993  3047  326.25964  438 4571          -  306.43564      -   155 1299s
  3208  3311  306.63953   24 6991          -  306.43564      -   150 1316s
  3474  3637  308.20079   38 3278          -  306.43564      -   144 1337s
  3802  3964  323.71445   92 2946          -  306.43564      -   136 1355s
  4130  4307  334.33308  188 2775          -  306.43564      -   131 1374s
  4491  4706  392.71296  210 1556          -  306.43564      -   125 1395s
  4914  5097 infeasible  298               -  306.43564      -   119 1419s
  5341  5098  553.02491 1175 5804          -  306.63953      -   115 1585s
  5343  5099  319.48669  409 7281          -  306.63953      -   115 1688s
  5344  5100  381.74217 1398 3598          -  306.63953      -   115 1711s
  5345  5101  312.93721  143 5218          -  306.63953      -   115 1718s
  5346  5101  572.54433 1322 7132          -  306.63953      -   115 1721s
  5347  5102  313.72993  172 7105          -  306.63953      -   115 1728s
  5348  5103  394.08717  296 8186          -  306.63953      -   115 1730s
  5351  5105  391.10503 1011 7691          -  307.03947      -   115 1756s
  5352  5105  313.18044  161 4932          -  307.03960      -   115 1782s
  5353  5106  319.48669  421 10167          -  307.65758      -   115 1803s
  5354  5107  311.84720   89 6616          -  309.49186      -   115 1807s
  5356  5108  326.40120  442 8433          -  310.50623      -   115 1812s
  5357  5109  486.85703 1132 9259          -  311.47248      -   115 1816s
  5360  5111  333.11567  648 6638          -  313.03322      -   115 1841s
  5361  5111  314.54443  222 3614          -  313.81330      -   115 1863s
  5362  5112  333.11566  644 7341          -  313.85318      -   115 1868s
  5363  5113  400.69919  899 6307          -  313.85410      -   115 1891s
  5364  5113  391.10503  966 3865          -  316.38333      -   115 1926s
  5365  5114  387.16395 1339 5031          -  316.38333      -   115 1976s
  5366  5115  396.74919  384 3186          -  316.38333      -   115 2005s
  5367  5115  332.44733  619 3716          -  316.38333      -   115 2045s
  5368  5116  318.06667  297 3859          -  316.61409      -   115 2081s
  5369  5117  344.34113  899 3988          -  316.83832      -   115 2108s
  5370  5117  396.31704  321 4391          -  317.16746      -   115 2111s
  5371  5118  317.16746  130 4309          -  317.16746      -   115 2135s
  5372  5119  550.89805 1238 3906          -  317.17685      -   115 2151s
  5373  5119  362.19225  812 4264          -  317.17685      -   115 2179s
  5374  5120  317.47539   32 4038          -  317.47539      -   115 2206s
  5375  5121  383.28836  797 3061          -  317.63273      -   115 2222s
  5376  5121  396.95765 1075 3931          -  317.63420      -   115 2225s
  5378  5123  335.45930  692 3766          -  317.70433      -   114 2230s
  5380  5124  329.50000   28 4673          -  317.70787      -   114 2252s
  5381  5125  335.45930  713 2310          -  317.70787      -   114 2274s
  5382  5125  317.90372  127 4692          -  317.90372      -   114 2278s
  5383  5126  322.57653  464 5789          -  318.13244      -   114 2280s
  5384  5127  336.30980  464 5483          -  318.13244      -   114 2289s
  5385  5127  510.82573  908 3856          -  318.13435      -   114 2394s
  5386  5128  330.46988  572 3591          -  318.14350      -   114 2422s
  5387  5129  318.14350    5 4841          -  318.14350      -   114 2441s
  5388  5129  400.50473  437 4962          -  318.14350      -   114 2460s
  5390  5131  358.24808  567 4918          -  318.16537      -   114 2487s
  5391  5131  375.88893 1337 3335          -  318.16537      -   114 2511s
  5392  5132  555.21737 1208 5151          -  318.17051      -   114 2515s
  5393  5133  380.71588 1265 6651          -  318.17051      -   114 2530s
  5394  5133  519.48464  811 4117          -  318.17051      -   114 2591s
  5396  5135  318.17424   33 6799          -  318.17424      -   114 2615s
  5397  5135  363.86426  998 6143          -  318.17424      -   114 2642s
  5399  5137  318.17840  130 6030          -  318.17840      -   114 2653s
  5400  5137  433.29117 1601 4014          -  318.17840      -   114 2679s
  5401  5138  377.37669 1372 6459          -  318.17840      -   114 2694s
  5402  5139  342.29775  867 2203          -  318.20000      -   114 2720s
  5403  5139  367.18025  636 5403          -  318.20000      -   114 2744s
  5404  5140  333.57452  166 2795          -  318.20000      -   114 2780s
  5405  5141  514.01714 1022 4713          -  318.20000      -   114 2794s
  5406  5141  339.99125  566 2570          -  318.20000      -   114 2818s
  5407  5142  318.20000  203 4898          -  318.20000      -   114 2831s
  5408  5143  356.84188  600 1160          -  318.20000      -   114 2846s
  5409  5143  343.37381  911 4485          -  318.20000      -   114 2856s
  5410  5144  400.75631  956 2361          -  318.20000      -   114 2889s
  5411  5145  335.45930  680 4241          -  318.20000      -   114 2903s
  5412  5145  328.89613  539 3273          -  318.20000      -   114 2931s
  5415  5149  358.55211  571 5804          -  318.20000      -   221 2955s
  5417  5150  318.20000    8 5143          -  318.20000      -   221 3021s
  5418  5151  318.20000  276 4256          -  318.20000      -   221 3040s
  5419  5152  568.05946  900 5387          -  318.20000      -   221 3049s
  5420  5152  338.22996  184 4184          -  318.20000      -   221 3051s
  5422  5154  381.68250 1405 5403          -  318.20000      -   221 3056s
  5424  5155  521.37576  763 5955          -  318.20000      -   221 3060s
  5426  5156  335.88666  749 6476          -  318.20000      -   220 3118s
  5427  5157  375.51376 1252 6446          -  318.20000      -   220 3151s
  5429  5158  318.20000  158 6141          -  318.20000      -   220 3159s
  5430  5159  523.41048  739 6331          -  318.20000      -   220 3163s
  5431  5160  513.35389  798 5086          -  318.20000      -   220 3166s
  5433  5161  549.89809  898 5178          -  318.20000      -   220 3197s
  5434  5162  352.36290  536 4193          -  318.20000      -   220 3223s
  5435  5162  568.56097 1308 4421          -  318.20000      -   220 3242s
  5436  5163  342.63415  874 2411          -  318.20000      -   220 3261s
  5437  5164  339.73297  545 2256          -  318.20000      -   220 3300s
  5438  5164  344.73030  365 3092          -  318.20000      -   220 3345s
  5439  5165  334.96145  326 5667          -  318.20000      -   220 3388s
  5440  5166  318.20000  132 3546          -  318.20000      -   220 3423s
  5441  5166  553.02491 1175 3147          -  318.20000      -   220 3442s
  5442  5167  318.20000  300 4135          -  318.20000      -   220 3477s
  5443  5168  319.48669  409 4444          -  318.20000      -   220 3502s
  5444  5168  381.74217 1398 4864          -  318.20000      -   220 3525s
  5445  5169  318.20000  143 5355          -  318.20000      -   220 3549s
  5446  5170  572.54433 1322 1316          -  318.20000      -   220 3572s
  5447  5170  318.20000  172 1553          -  318.20000      -   220 3588s
  5448  5171  394.08717  296 2278          -  318.20000      -   220 3629s
  5449  5172  321.52657  238 2278          -  318.20000      -   220 3639s
  5450  5172  400.68611  456 2278          -  318.20000      -   220 3667s
  5451  5176  318.20000   23 3842          -  318.20000      -   274 3695s
  5453  5179  318.20000   24 4339          -  318.20000      -   275 3703s
  5457  5182  318.20000   25 4618          -  318.20000      -   277 3706s
  5461  5195  318.20000   26 5044          -  318.20000      -   277 3713s
  5475  5204  320.20901   28 5466          -  318.20000      -   280 3722s
  5489  5208  318.20000   30 3633          -  318.20000      -   281 3731s
  5498  5217  318.20000   31 4462          -  318.20000      -   283 3758s
  5510  5217  318.20000   32 4363          -  318.20000      -   284 3782s
  5514  5220  318.79165   32 6946          -  318.20000      -   285 3805s
  5518  5226  318.20000   33 4242          -  318.20000      -   285 3816s
  5525  5230  318.20000   34 4580          -  318.20000      -   287 3823s
  5532  5235  318.20000   35 4628          -  318.20000      -   288 3836s
  5539  5241  318.20576   36 5097          -  318.20000      -   289 3865s
  5547  5245  318.24180   37 4916          -  318.20000      -   290 3875s
  5554  5250  318.24757   38 4866          -  318.20000      -   292 3894s
  5561  5254  318.25621   39 4958          -  318.20000      -   293 3900s
  5568  5267  318.25621   40 5403          -  318.20000      -   295 3910s
  5583  5268  318.25621   42 4705          -  318.20000      -   296 3925s
  5589  5280  318.41667   43 4028          -  318.20000      -   297 3933s
  5603  5291  318.41667   45 4123          -  318.20000      -   299 3940s
  5619  5290  318.41667   49 3675          -  318.20000      -   302 3953s
  5623  5297  318.42640   49 3726          -  318.20000      -   303 3964s
  5635  5297  318.41667   50 3674          -  318.20000      -   303 3982s
  5639  5307  318.42636   50 4162          -  318.20000      -   304 3995s
  5651  5307  318.41667   51 3673          -  318.20000      -   304 4029s
  5655  5314  318.42626   51 3935          -  318.20000      -   305 4045s
  5663  5315  318.41667   52 3672          -  318.20000      -   306 4073s
  5667  5318  318.42648   52 3426          -  318.20000      -   307 4098s
  5673  5322  318.42697   53 2843          -  318.20000      -   308 4117s
  5679  5324  318.42697   53 3320          -  318.20000      -   308 4137s
  5683  5330  318.42697   54 2732          -  318.20000      -   309 4154s
  5690  5338  321.71503   54 3215          -  318.20000      -   312 4171s
  5701  5341  318.43060   55 2729          -  318.20000      -   313 4193s
  5707  5357  319.44010   55 4591          -  318.20000      -   313 4203s
  5725  5357  318.43318   56 2664          -  318.20000      -   315 4220s
  5733  5374  319.59779   56 3127          -  318.20000      -   316 4241s
  5753  5373  318.43593   57 2334          -  318.20000      -   318 4266s
  5759  5393  319.92046   57 6817          -  318.20000      -   319 4280s
  5781  5393  318.86017   58 3087          -  318.20000      -   322 4297s
  5788  5414  318.43593   58 1967          -  318.20000      -   323 4319s
  5811  5416  318.43593   59 1657          -  318.20000      -   325 4337s
  5821  5442  318.44927   59 2605          -  318.20000      -   327 4351s
  5850  5438  318.43593   60 1996          -  318.20000      -   330 4367s
  5856  5441  326.31907   60 5790          -  318.20000      -   331 4407s
  5861  5445  318.44030   61 1924          -  318.20000      -   336 4429s
  5867  5462  322.78409   61 2869          -  318.20000      -   338 4487s
  5886  5488  318.44030   62 1639          -  318.20000      -   340 4508s
  5918  5482  321.82564   62 4895          -  318.20000      -   343 4542s
  5923  5490  318.44414   63 1594          -  318.20000      -   346 4648s
  5932  5534  318.45255   64 1527          -  318.20000      -   347 4672s
  5979  5529  318.48953   68 2184          -  318.20000      -   351 4704s
  5990  5567  318.49414   70 2156          -  318.20000      -   353 4798s
  6032  5563  318.49507   73 2165          -  318.20000      -   358 4825s
  6042  5573  318.49570   75 2107          -  318.20000      -   359 4859s
  6055  5626  318.93066   78 2087          -  318.20000      -   362 4884s
  6112  5618  318.94423   84 1655          -  318.20000      -   367 4934s
  6123  5670  318.94561   87 1713          -  318.20000      -   370 4960s
  6179  5666  318.94655   92 1648          -  318.20000      -   378 4994s
  6194  5728  318.94703   95 1510          -  318.20000      -   381 5025s
  6261  5722  318.94800  100 1332          -  318.20000      -   389 5066s
  6277  5778  318.94899  104 1530          -  318.20000      -   392 5095s
  6339  5773  319.02658  111 1310          -  318.20000      -   399 5148s
  6355  5807  319.02658  115 1395          -  318.20000      -   401 5194s
  6398  5847  319.06538  126 1232          -  318.20000      -   404 5231s
  6454  5843  319.13224  136 1854          -  318.20000      -   410 5274s
  6468  5940  319.13228  139 1812          -  318.20000      -   413 5309s
  6576  5925  319.14559  155 2569          -  318.20000      -   417 5392s
  6597  6029  319.14612  158 2168          -  318.20000      -   419 5433s
  6708  6062  319.15746  174 1726          -  318.20000      -   423 5503s
  6779  6082  319.15746  181 1782          -  318.20000      -   426 5547s
  6823  6087  319.24589  193 1811          -  318.20000      -   428 5611s
  6842  6210  319.26487  198 1805          -  318.20000      -   430 5659s
  6978  6188  396.95389  214 3026          -  318.20000      -   435 5749s
  7005  6328  459.60840  219 3003          -  318.20000      -   436 5802s
  7154  6305  456.00000  258 2397          -  318.20000      -   440 5843s
  7181  6432  396.95458  261 2721          -  318.20000      -   443 5894s
  7322  6412  456.00000  298 2092          -  318.20000      -   448 5943s
  7349  6546  456.00000  306 2317          -  318.20000      -   449 5991s
  7506  6542  518.16567  324 1556          -  318.20000      -   454 6047s
  7558  6701  518.20909  337 1006          -  318.20000      -   456 6106s
  7742  6668  518.30624  360 1595          -  318.20000      -   458 6174s
  7771  6811  518.31508  363 1572          -  318.20000      -   459 6238s
  7931  6818  518.37821  386 1024          -  318.20000      -   459 6324s
  7992  7003  518.37821  403 1008          -  318.20000      -   458 6386s
  8205  7028 infeasible  458               -  318.20000      -   456 6451s
  8309  7162  537.77258  475  364          -  318.20000      -   458 6510s
  8520  7107  519.08074  497  600          -  318.20000      -   460 6625s
  8547  7164  519.43002  504  801          -  318.20000      -   460 6692s
  8623  7271  551.24009  529  409          -  318.20000      -   460 6759s
  8755  7259  525.21088  544  635          -  318.20000      -   462 6849s
  8787  7404  525.50377  553  824          -  318.20000      -   462 6917s
  8957  7542  543.34478  565  622          -  318.20000      -   463 7015s
  9193  7712  551.25201  584  651          -  318.20000      -   458 7099s
  9616  7565 infeasible  666               -  318.20000      -   451 7201s

Cutting planes:
  Gomory: 10
  Lift-and-project: 1
  Cover: 48
  Implied bound: 11
  Projected implied bound: 47
  Clique: 9
  MIR: 45
  Mixing: 1
  StrongCG: 3
  Flow cover: 87
  GUB cover: 55
  Zero half: 16
  RLT: 69
  Relax-and-lift: 12

Explored 9630 nodes (4711838 simplex iterations) in 7201.36 seconds (7308.11 work units)
Thread count was 4 (of 8 available processors)

Solution count 0

Time limit reached
Best objective -, best bound 3.182000000000e+02, gap -
