
Gurobi 13.0.2 (linux64) logging started Thu Jul  9 00:11:39 2026

Set parameter LogFile to value "src/Resultados/Restriccion todas cliques/logs/RC208-25.xml_log.log"
Set parameter Threads to value 4
Gurobi Optimizer version 13.0.2 build v13.0.2rc1 (linux64 - "Rocky Linux 9.7 (Blue Onyx)")

CPU model: QEMU Virtual CPU version 2.5+, instruction set [SSE2]
Thread count: 8 physical cores, 8 logical processors, using up to 4 threads

Non-default parameters:
TimeLimit  7200
Threads  4

Optimize a model with 115249 rows, 67845 columns and 766755 nonzeros (Min)
Model fingerprint: 0x059c02a6
Model has 5490 linear objective coefficients
Variable types: 15450 continuous, 52395 integer (52380 binary)
Coefficient statistics:
  Matrix range     [1e+00, 2e+05]
  Objective range  [2e+00, 6e+01]
  Bounds range     [1e+00, 2e+03]
  RHS range        [1e+00, 2e+05]

Presolve removed 38202 rows and 120 columns
Presolve time: 3.23s
Presolved: 77047 rows, 67725 columns, 326370 nonzeros
Variable types: 375 continuous, 67350 integer (59220 binary)
Deterministic concurrent LP optimizer: primal and dual simplex
Showing primal log only...


Root simplex log...

Iteration    Objective       Primal Inf.    Dual Inf.      Time
       0    1.1283000e+03   1.931525e+03   1.554373e+10      7s
   30206    3.6807359e+02   4.894944e+01   3.342203e+09     10s
   34509    3.5126425e+02   2.340760e+01   1.125278e+09     15s
   37768    3.5380409e+02   1.184871e+00   3.071676e+09     20s
   40181    3.0991709e+02   0.000000e+00   1.675268e+06     25s
   42884    2.9138649e+02   0.000000e+00   1.548643e+06     30s
   44893    2.7130000e+02   1.602868e+00   0.000000e+00     35s
   46483    2.7130000e+02   5.253186e+00   0.000000e+00     40s
   48232    2.7130001e+02   5.329589e-01   0.000000e+00     45s
   50632    2.7130001e+02   3.958286e+02   0.000000e+00     50s
   52699    2.7130001e+02   9.166281e-02   0.000000e+00     55s
   55084    2.7130001e+02   5.175888e-03   0.000000e+00     60s
   55110    2.7130000e+02   0.000000e+00   0.000000e+00     60s
Concurrent spin time: 17.95s (can be avoided by choosing Method=3)

Solved with primal simplex

Root relaxation: objective 2.713000e+02, 55110 iterations, 72.46 seconds (41.69 work units)

    Nodes    |    Current Node    |     Objective Bounds      |     Work
 Expl Unexpl |  Obj  Depth IntInf | Incumbent    BestBd   Gap | It/Node Time

     0     0  271.30000    0 8843          -  271.30000      -     -   99s
     0     0  271.30000    0 11832          -  271.30000      -     -  120s
     0     0  271.30000    0 11755          -  271.30000      -     -  124s
     0     0  271.30000    0 11755          -  271.30000      -     -  125s
     0     0  271.30000    0 10309          -  271.30000      -     -  139s
     0     0  271.30000    0 11262          -  271.30000      -     -  139s
     0     0  271.30000    0 3951          -  271.30000      -     -  169s
     0     0  271.30000    0 8375          -  271.30000      -     -  179s
     0     0  271.30000    0 8375          -  271.30000      -     -  179s
     0     0  271.30000    0 4937          -  271.30000      -     -  214s
     0     0  271.30000    0 18161          -  271.30000      -     -  233s
     0     0  271.30000    0 18161          -  271.30000      -     -  233s
     0     0  271.30000    0 4827          -  271.30000      -     -  271s
     0     0  271.30000    0 4943          -  271.30000      -     -  291s
     0     0  271.30000    0 8352          -  271.30000      -     -  299s
     0     0  271.30000    0 8352          -  271.30000      -     -  299s
     0     0  271.30000    0 2628          -  271.30000      -     -  313s
     0     0  271.30000    0 2628          -  271.30000      -     -  314s
     0     0  271.30000    0 12101          -  271.30000      -     -  326s
     0     0  271.30000    0 3741          -  271.30000      -     -  339s
     0     0  271.30000    0 6765          -  271.30000      -     -  347s
     0     0  271.30000    0 13874          -  271.30000      -     -  352s
     0     0  271.30000    0 13524          -  271.30000      -     -  352s
     0     0  271.30000    0 3086          -  271.30000      -     -  375s
     0     0  271.30000    0 3086          -  271.30000      -     -  380s
     0     0  271.30000    0 3086          -  271.30000      -     -  395s
     0     2  271.30000    0 3086          -  271.30000      -     -  427s
     1     4  271.30000    1 3080          -  271.30000      -   1.0  431s
     3     8  271.30000    2 3078          -  271.30000      -   651  436s
     7    12  271.30000    3 5091          -  271.30000      -   930  442s
    11    18  271.30000    4 5089          -  271.30000      -   634  446s
    17    24  271.30000    5 5889          -  271.30000      -   555  451s
    23    31  271.30000    6 7388          -  271.30000      -   587  459s
    30    37  271.30000    7 12231          -  271.30000      -  1014  474s
    36    43  271.30000    8 11984          -  271.30000      -  1400  481s
    42    48  271.30000    9 12889          -  271.30000      -  1230  486s
    47    56  271.30000   10 12895          -  271.30000      -  1118  491s
    67    87  271.30000   12 14221          -  271.30000      -   811  499s
    86   107  271.30000   13 14221          -  271.30000      -   671  505s
   128   154  271.30000   15 14230          -  271.30000      -   483  514s
   153   199  271.30000   16 14230          -  271.30000      -   421  519s
   198   230  271.30000   17 14219          -  271.30000      -   338  524s
   229   251  271.30000   18 14821          -  271.30000      -   310  534s
   250   266  271.30000   19 14219          -  271.30000      -   296  543s
   265   296  271.30000   20 16255          -  271.30000      -   302  551s
   295   321  271.30000   21 14232          -  271.30000      -   293  556s
   320   346  271.30000   22 14659          -  271.30000      -   282  562s
   345   368  271.30000   23 14658          -  271.30000      -   272  568s
   367   401  271.30000   24 14199          -  271.30000      -   270  577s
   400   429  271.30000   25 14197          -  271.30000      -   265  586s
   428   455  271.38588   26 13943          -  271.30000      -   255  597s
   454   475  271.30000   26 14269          -  271.30000      -   253  606s
   474   487  271.30000   27 14429          -  271.30000      -   252  617s
   486   524  271.30000   27 12701          -  271.30000      -   253  625s
   523   550  271.30000   28 12491          -  271.30000      -   242  631s
   549   562  271.30000   29 12671          -  271.30000      -   237  638s
   561   573  271.32565   30 14142          -  271.30000      -   239  646s
   572   595  271.30000   30 13027          -  271.30000      -   241  661s
   594   619  271.33784   31 11584          -  271.30000      -   241  673s
   618   648  271.30000   31 13027          -  271.30000      -   241  684s
   647   670  271.30000   32 13268          -  271.30000      -   241  696s
   669   718  271.30000   32 12474          -  271.30000      -   242  708s
   717   761  271.40843   33 13235          -  271.30000      -   235  722s
   760   787  271.30000   33 13384          -  271.30000      -   229  735s
   786   826  271.30000   34 15740          -  271.30000      -   230  747s
   825   906  271.30000   35 13787          -  271.30000      -   226  756s
   905   941  271.30000   36 12846          -  271.30000      -   217  767s
   940   995  271.30000   37 11615          -  271.30000      -   213  778s
   995  1066  271.30000   38 9530          -  271.30000      -   214  788s
  1066  1177  271.30000   39 7662          -  271.30000      -   206  804s
  1177  1284  271.30024   40 9929          -  271.30000      -   191  830s
  1284  1406  271.31459   41 7931          -  271.30000      -   184  858s
  1410  1443  271.31526   42 8960          -  271.30000      -   177  923s
  1447  1620  271.31526   43 8696          -  271.30000      -   175  978s
  1624  1786  271.31526   44 8406          -  271.30000      -   164 1022s
  1791  1929  271.31526   45 8402          -  271.30000      -   156 1068s
  1934  2074  271.31814   46 10480          -  271.30000      -   155 1116s
  2079  2242  271.31913   47 10479          -  271.30000      -   153 1148s
  2248  2377  271.31913   48 10480          -  271.30000      -   149 1210s
  2393  2457  271.33561   49 10507          -  271.30000      -   147 1278s
  2473  2592  271.33621   50 10602          -  271.30000      -   151 1306s
  2609  2908  271.34171   51 6375          -  271.30000      -   149 1323s
  2927  3397  271.60509  182 4301          -  271.30000      -   139 1345s
  3425  3863  294.30704  298 16724          -  271.30000      -   121 1365s
  3892  4221  294.37399  450 12441          -  271.30000      -   110 1387s
  4255  4767  294.57533  577 11390          -  271.30000      -   104 1411s
  4816  5254  297.87174  724 3995          -  271.30000      -  93.9 1426s
  5312  5255  334.40000  813 3086          -  271.30000      -  87.8 1818s
  5314  5256  278.39713  411 3081          -  271.32768      -  87.8 1911s
  5315  5257  277.99540  396 3662          -  272.72724      -  87.8 1942s
  5316  5258  273.50000  107 3409          -  272.72817      -  87.8 1987s
  5317  5258  280.50000  477 3492          -  273.10994      -  87.7 2016s
  5318  5259  306.30000  402 3624          -  273.24030      -  87.7 2064s
  5319  5260  273.80000  207 3542          -  273.24030      -  87.7 2089s
  5320  5260  281.30000  394 3351          -  273.34605      -  87.7 2112s
  5321  5261  334.40000  855 3515          -  273.86333      -  87.7 2146s
  5322  5262  279.20000  211 3460          -  274.06654      -  87.7 2172s
  5323  5262  278.15637  355 3218          -  274.52432      -  87.6 2200s
  5324  5263  278.00000  132 3067          -  275.13126      -  87.6 2215s
  5325  5264  275.36605  201 3393          -  275.36605      -  87.6 2249s
  5326  5264  275.51808  190 3497          -  275.51808      -  87.6 2282s
  5327  5265  276.10000  305 3562          -  275.93389      -  87.6 2302s
  5328  5266  359.22752  782 4223          -  276.00101      -  87.6 2319s
  5329  5266  276.14186   23 4180          -  276.14186      -  87.5 2359s
  5330  5267  528.90000  809 5326          -  276.17500      -  87.5 2391s
  5331  5268  443.81935  773 4744          -  276.22143      -  87.5 2411s
  5332  5268  339.93759  788 3296          -  276.22500      -  87.5 2435s
  5333  5269  400.00000  998 2612          -  276.27000      -  87.5 2458s
  5334  5270  276.27352    3 4850          -  276.27352      -  87.5 2473s
  5335  5270  304.40000  629 5457          -  276.45546      -  87.4 2498s
  5336  5271  283.80000  586 5589          -  276.52642      -  87.4 2547s
  5337  5272  358.61799  870 5361          -  278.15154      -  87.4 2566s
  5338  5272  280.10000  389 5283          -  278.15191      -  87.4 2592s
  5339  5273  294.34563  377 4719          -  278.15191      -  87.4 2615s
  5340  5274  306.30000  667 5991          -  278.15209      -  87.4 2633s
  5341  5274  278.15322   92 5634          -  278.15322      -  87.4 2658s
  5342  5275  281.60000  714 6193          -  278.17234      -  87.3 2687s
  5343  5276  278.17234  335 5911          -  278.17234      -  87.3 2706s
  5344  5276  294.97280  288 5511          -  278.18333      -  87.3 2731s
  5345  5277  293.32152  407 2364          -  278.28333      -  87.3 2759s
  5346  5278  405.16597 1062 3738          -  278.28333      -  87.3 2776s
  5347  5278  478.62038 1134 2590          -  278.28333      -  87.3 2787s
  5348  5279  412.70000 1107 4481          -  278.28333      -  87.2 2793s
  5349  5280  284.10000  488 2847          -  278.28333      -  87.2 2816s
  5350  5280  278.28333  127 5004          -  278.28333      -  87.2 2822s
  5351  5281  281.30000  220 4098          -  278.31000      -  87.2 2843s
  5352  5282  278.31000  268 5783          -  278.31000      -  87.2 2850s
  5353  5282  484.70000 1188 3987          -  278.35000      -  87.2 2899s
H 5353  5017                     298.4000000  278.48333  6.67%  87.2 2904s
  5354  5018  298.40000  463 7350  298.40000  278.48333  6.67%  87.1 2912s
  5355  5019  280.80000  536 7206  298.40000  278.48333  6.67%  87.1 2933s
  5356  5019  278.48333  132 5758  298.40000  278.48333  6.67%  87.1 2944s
  5357  5020  279.40000  198 6218  298.40000  278.48333  6.67%  87.1 2964s
  5358  5021  298.40000  869 5948  298.40000  278.48378  6.67%  87.1 2976s
  5359  5021  278.49167  155 5768  298.40000  278.49167  6.67%  87.1 3002s
H 5359  4769                     296.1000000  278.49167  5.95%  87.1 3004s
  5360  4770  296.10000  515 5455  296.10000  278.49167  5.95%  87.0 3011s
  5361  4771  278.50012  207 5629  296.10000  278.50012  5.94%  87.0 3034s
  5362  4771  284.90000  552 6375  296.10000  278.50542  5.94%  87.0 3045s
  5363  4772  281.00000  618 6413  296.10000  278.53232  5.93%  87.0 3078s
  5364  4773  278.53792  116 5369  296.10000  278.53792  5.93%  87.0 3090s
  5365  4773  280.07808  183 6537  296.10000  278.59654  5.91%  87.0 3113s
  5366  4774  279.40000  199 6228  296.10000  278.60685  5.91%  86.9 3139s
  5367  4775  296.10000  793 6141  296.10000  278.60685  5.91%  86.9 3154s
  5368  4775  278.60685   87 6064  296.10000  278.60685  5.91%  86.9 3166s
  5369  4776  280.30000  246 5488  296.10000  278.62437  5.90%  86.9 3204s
H 5369  4536                     295.4000000  278.62440  5.68%  86.9 3210s
  5370  4537  285.10000   87 5488  295.40000  278.62440  5.68%  86.9 3221s
H 5370  4309                     294.5000000  278.62869  5.39%  86.9 3223s
  5371  4309  294.50000  667 5129  294.50000  278.62869  5.39%  86.9 3254s
  5372  4310  288.50000  603 6159  294.50000  278.66285  5.38%  86.8 3272s
  5373  4311  294.50000  676 5620  294.50000  278.67173  5.37%  86.8 3290s
  5374  4311  294.50000  777 5830  294.50000  278.67455  5.37%  86.8 3328s
  5375  4312  294.50000  664 5708  294.50000  278.68384  5.37%  86.8 3353s
  5376  4313  294.50000  824 5284  294.50000  278.68800  5.37%  86.8 3362s
  5377  4313  294.50000  756 4811  294.50000  278.69757  5.37%  86.8 3383s
  5378  4314  278.74121  154 5126  294.50000  278.74121  5.35%  86.7 3393s
  5379  4315  294.09642  237 5690  294.50000  278.74123  5.35%  86.7 3418s
  5380  4315  278.74967  404 5861  294.50000  278.74967  5.35%  86.7 3428s
  5381  4316  288.20000   97 4889  294.50000  278.74967  5.35%  86.7 3456s
  5382  4317  294.50000  494 5098  294.50000  278.75196  5.35%  86.7 3470s
  5383  4317  278.90000  579 5048  294.50000  278.75214  5.35%  86.7 3489s
  5384  4318  278.76867  176 4887  294.50000  278.76867  5.34%  86.7 3495s
  5385  4319  278.77471  217 5110  294.50000  278.77471  5.34%  86.6 3521s
  5386  4319  279.10000  436 5025  294.50000  278.77520  5.34%  86.6 3530s
  5387  4320  294.50000 1030 4827  294.50000  278.78229  5.34%  86.6 3546s
  5388  4321  294.50000  713 6831  294.50000  278.78793  5.34%  86.6 3553s
  5389  4321  278.79168   65 6069  294.50000  278.79168  5.33%  86.6 3578s
  5390  4322  278.79266  343 6466  294.50000  278.79266  5.33%  86.6 3591s
  5391  4323  281.30000  372 5026  294.50000  278.79266  5.33%  86.5 3609s
  5392  4323  294.50000  826 5325  294.50000  278.79266  5.33%  86.5 3618s
  5393  4324  281.20000  326 4861  294.50000  278.79844  5.33%  86.5 3637s
  5394  4325  283.80000  434 6573  294.50000  278.80612  5.33%  86.5 3653s
  5395  4325  294.50000 1131 4773  294.50000  278.80612  5.33%  86.5 3676s
  5396  4326  294.50000  697 5480  294.50000  278.80718  5.33%  86.5 3693s
  5397  4327  278.80883   57 4678  294.50000  278.80883  5.33%  86.4 3738s
  5398  4327  279.08304  350 4921  294.50000  278.81008  5.33%  86.4 3747s
  5399  4328  278.81757  430 3983  294.50000  278.81757  5.33%  86.4 3771s
  5400  4329  278.81883  397 4618  294.50000  278.81883  5.32%  86.4 3780s
  5401  4329  281.40000  355 4711  294.50000  278.82955  5.32%  86.4 3796s
  5402  4330  278.83179  462 4807  294.50000  278.83179  5.32%  86.4 3801s
  5403  4331  278.83396  117 4080  294.50000  278.83396  5.32%  86.3 3823s
  5404  4331  278.83396   59 5041  294.50000  278.83396  5.32%  86.3 3832s
  5405  4332  279.00000  583 4826  294.50000  278.83457  5.32%  86.3 3853s
  5406  4333  281.90000  216 4714  294.50000  278.83457  5.32%  86.3 3860s
  5407  4333  294.50000  627 5295  294.50000  278.83769  5.32%  86.3 3884s
  5408  4334  278.83817   93 5365  294.50000  278.83817  5.32%  86.3 3891s
  5409  4335  278.83877   29 5376  294.50000  278.83877  5.32%  86.3 3910s
  5410  4335  278.83882  222 4352  294.50000  278.83882  5.32%  86.2 3919s
  5411  4336  294.50000 1128 4470  294.50000  278.83899  5.32%  86.2 3945s
  5412  4337  294.50000  813 4283  294.50000  278.83916  5.32%  86.2 3950s
  5413  4337  281.00000  346 4634  294.50000  278.83916  5.32%  86.2 3967s
  5414  4338  278.83925  411 4827  294.50000  278.83925  5.32%  86.2 3973s
  5415  4339  278.83931  396 4636  294.50000  278.83931  5.32%  86.2 3987s
  5418  4342  294.50000  402 3086  294.50000  278.83931  5.32%   306 4033s
  5420  4343  281.30000  394 9589  294.50000  278.83931  5.32%   306 4131s
  5421  4344  294.50000  855 3504  294.50000  278.83931  5.32%   306 4211s
  5422  4345  279.20000  211 6480  294.50000  278.83931  5.32%   306 4276s
  5423  4345  278.83931  355 5638  294.50000  278.83931  5.32%   306 4311s
  5424  4346  278.83931  132 8000  294.50000  278.83931  5.32%   306 4373s
  5425  4347  278.83931  201 6859  294.50000  278.83931  5.32%   306 4418s
  5426  4347  278.83931  190 5949  294.50000  278.83931  5.32%   306 4438s
  5427  4348  278.84328  305 6336  294.50000  278.84328  5.32%   306 4483s
  5428  4349  294.50000  782 4644  294.50000  278.84356  5.32%   305 4498s
  5429  4349  278.84574   23 5834  294.50000  278.84574  5.32%   305 4518s
  5430  4350  294.50000  809 6014  294.50000  278.84611  5.32%   305 4527s
  5431  4351  294.50000  773 5547  294.50000  278.84717  5.32%   305 4547s
  5432  4351  294.50000  788 6256  294.50000  278.84741  5.31%   305 4555s
  5433  4352  294.50000  998 6816  294.50000  278.84752  5.31%   305 4573s
  5434  4353  278.84752    3 6653  294.50000  278.84752  5.31%   305 4582s
  5435  4353  294.50000  629 6825  294.50000  278.84752  5.31%   305 4604s
  5436  4354  283.80000  586 6267  294.50000  278.84752  5.31%   305 4619s
  5437  4355  294.50000  870 6736  294.50000  278.84752  5.31%   305 4643s
  5438  4355  280.10000  389 6514  294.50000  278.84752  5.31%   305 4663s
  5439  4356  294.34563  377 6930  294.50000  278.84752  5.31%   305 4686s
  5440  4357  294.50000  667 6930  294.50000  278.84752  5.31%   305 4714s
  5441  4357  278.84752   92 6930  294.50000  278.84752  5.31%   305 4731s
  5442  4361  278.84752   27 6711  294.50000  278.84752  5.31%   357 4760s
  5444  4364  278.84752   28 6699  294.50000  278.84752  5.31%   357 4771s
  5448  4367  278.85050   29 6585  294.50000  278.84752  5.31%   358 4778s
  5452  4382  278.85072   30 6570  294.50000  278.84752  5.31%   359 4783s
  5468  4388  278.86303   32 5917  294.50000  278.84752  5.31%   359 4785s
  5491  4401  278.86317   34 5977  294.50000  278.84752  5.31%   359 4791s
  5500  4404  278.86319   35 5966  294.50000  278.84752  5.31%   359 4799s
  5506  4406  278.86507   36 6165  294.50000  278.84752  5.31%   359 4806s
  5514  4407  278.86507   37 6166  294.50000  278.84752  5.31%   359 4811s
  5522  4415  278.86625   38 6710  294.50000  278.84752  5.31%   360 4832s
  5529  4418  279.71199   39 4865  294.50000  278.84752  5.31%   361 4836s
  5534  4420  278.86652   40 6986  294.50000  278.84752  5.31%   361 4843s
  5542  4421  281.40056   40 6477  294.50000  278.84752  5.31%   361 4849s
  5547  4424  278.86652   41 7459  294.50000  278.86186  5.31%   361 4853s
  5552  4426  279.71199   41 6292  294.50000  278.86186  5.31%   361 4861s
  5561  4432  278.93912   42 7445  294.50000  278.86186  5.31%   361 4871s
  5565  4437  278.86916   43 7026  294.50000  278.86186  5.31%   361 4877s
  5571  4441  279.71199   43 6314  294.50000  278.86186  5.31%   361 4881s
  5577  4445  278.86916   44 7026  294.50000  278.86186  5.31%   362 4885s
  5583  4449  279.26249   44 6660  294.50000  278.86186  5.31%   362 4900s
  5589  4463  278.86959   45 7026  294.50000  278.86186  5.31%   362 4907s
  5605  4473  278.90000   47 3409  294.50000  278.86186  5.31%   362 4912s
  5622  4480  278.90000   50 5889  294.50000  278.86186  5.31%   363 4921s
  5635  4480  278.90000   52 4960  294.50000  278.86186  5.31%   363 4970s
  5644  4481  278.90000   53 3541  294.50000  278.86186  5.31%   364 5073s
  5649  4486  278.90000   54 4464  294.50000  278.86186  5.31%   365 5082s
  5660  4492  278.90000   55 5074  294.50000  278.86307  5.31%   365 5089s
  5670  4496  278.90000   56 3491  294.50000  278.86307  5.31%   365 5100s
  5677  4502  278.90000   57 3441  294.50000  278.86307  5.31%   365 5116s
  5687  4499 infeasible   58       294.50000  278.86307  5.31%   366 5123s
  5692  4506  278.98845   59 3726  294.50000  278.86307  5.31%   367 5143s
  5700  4509  278.90000   61 3882  294.50000  278.86307  5.31%   367 5151s
  5706  4521  278.94817   62 5894  294.50000  278.86307  5.31%   368 5165s
  5720  4541  278.90000   64 3355  294.50000  278.86307  5.31%   368 5172s
  5747  4541  278.90000   68 4173  294.50000  278.86307  5.31%   368 5183s
  5760  4541  278.94817   72 5683  294.50000  278.86307  5.31%   368 5192s
  5766  4552  278.90000   73 1011  294.50000  278.86307  5.31%   368 5211s
  5779  4578  278.90170   78 1053  294.50000  278.86307  5.31%   368 5220s
  5817  4579  280.11000   86  970  294.50000  278.86307  5.31%   367 5229s
  5837  4610  278.95350   92 1014  294.50000  278.86307  5.31%   366 5240s
  5892  4603  279.00886  102 1019  294.50000  278.86307  5.31%   365 5251s
  5905  4607  285.16959  102 1032  294.50000  278.86307  5.31%   365 5442s
  5913  4632  279.01477  103 1015  294.50000  278.86307  5.31%   366 5450s
  5957  4641  279.05693  115 1015  294.50000  278.86307  5.31%   366 5461s
  5997  4655  279.06821  120  991  294.50000  278.86307  5.31%   365 5473s
  6052  4647  279.08076  130  959  294.50000  278.86307  5.31%   364 5483s
  6066  4661 infeasible  130       294.50000  278.86307  5.31%   364 5495s
  6098  4685 infeasible  131       294.50000  278.86317  5.31%   364 5508s
  6139  4686 infeasible  132       294.50000  278.86317  5.31%   365 5521s
  6165  4701  279.12306  141  983  294.50000  278.86317  5.31%   366 5536s
  6207  4729  293.83156  155  489  294.50000  278.86317  5.31%   367 5551s
  6278  4756  279.17293  156  997  294.50000  278.86317  5.31%   365 5573s
  6330  4815  292.88480  156  835  294.50000  278.86317  5.31%   365 5587s
  6427  4816  279.19601  166  989  294.50000  278.86667  5.31%   363 5601s
  6461  4866     cutoff  166       294.50000  278.86667  5.31%   364 5617s
  6534  4847     cutoff  167       294.50000  278.86667  5.31%   364 5631s
  6541  4881  279.19883  168 1239  294.50000  278.86667  5.31%   365 5651s
  6630  4875  278.90000   63 2651  294.50000  278.86667  5.31%   364 5671s
  6670  5053  278.90000   79 2285  294.50000  278.86667  5.31%   362 5688s
  6863  5204  278.90000  141 2145  294.50000  278.86667  5.31%   355 5726s
  7079  5173  278.90000  244 2854  294.50000  278.86667  5.31%   348 5771s
  7134  5335  279.31479  269 4580  294.50000  278.86667  5.31%   348 5835s
  7340  5428  291.72000  361 3757  294.50000  278.86667  5.31%   343 5880s
  7522  5760  278.87059  125 4772  294.50000  278.86667  5.31%   340 5942s
  8006  5703  278.86667  125 6321  294.50000  278.86667  5.31%   331 5989s
  8203  5676  278.90000  176  267  294.50000  278.86667  5.31%   330 6036s
  8243  5696  291.52069  186  131  294.50000  278.86667  5.31%   330 6080s
  8307  5691  291.52069  187  130  294.50000  278.86667  5.31%   331 6129s
  8341  5718  291.52069  188  129  294.50000  278.86667  5.31%   333 6171s
  8417  5902  291.52069  189  128  294.50000  278.86667  5.31%   334 6218s
  8757  5857  282.46437  128  489  294.50000  278.86667  5.31%   332 6259s
  8912  5929     cutoff  135       294.50000  278.86667  5.31%   333 6302s
  9095  5887  287.09837  138  443  294.50000  278.86667  5.31%   331 6358s
  9136  5897  287.10567  139  440  294.50000  278.86667  5.31%   333 6408s
  9167  5950  287.15545  140  436  294.50000  278.86667  5.31%   332 6456s
  9277  6108  278.95761  115 1145  294.50000  278.86667  5.31%   332 6517s
  9540  6226  283.23442  119 2748  294.50000  278.86667  5.31%   333 6573s
  9798  6276  283.29205  127 5301  294.50000  278.86667  5.31%   330 6642s
  9981  6375  283.29205  130 5067  294.50000  278.86667  5.31%   330 6688s
 10256  6772  290.38145  157 3970  294.50000  278.86667  5.31%   328 6929s
 10910  6551 infeasible  221       294.50000  278.86667  5.31%   320 6960s
 10932  6627  278.86667  116 3153  294.50000  278.86667  5.31%   321 6998s
 11015  6785  279.52941  146   76  294.50000  278.86667  5.31%   321 7028s
 11232  6720  282.15312  164  441  294.50000  278.86667  5.31%   321 7060s
 11243  6721  283.04807  165  419  294.50000  278.86667  5.31%   321 7091s
 11254  6729  283.65534  166  528  294.50000  278.86667  5.31%   322 7133s
 11269  6727  285.92173  167  420  294.50000  278.86667  5.31%   323 7170s
 11274  6746  286.24658  168  423  294.50000  278.86667  5.31%   323 7200s

Cutting planes:
  Learned: 2
  Gomory: 19
  Cover: 63
  Implied bound: 78
  Projected implied bound: 182
  Clique: 13
  MIR: 165
  StrongCG: 2
  Flow cover: 343
  GUB cover: 23
  Zero half: 41
  RLT: 98
  Relax-and-lift: 69

Explored 11327 nodes (3904291 simplex iterations) in 7200.31 seconds (6249.42 work units)
Thread count was 4 (of 8 available processors)

Solution count 4: 294.5 295.4 296.1 298.4 

Time limit reached
Best objective 2.945000000000e+02, best bound 2.789000000000e+02, gap 5.2971%
