
Gurobi 13.0.2 (linux64) logging started Wed Jul  8 07:59:37 2026

Set parameter LogFile to value "src/Resultados/Restriccion todas cliques/logs/RC204-25.xml_log.log"
Set parameter Threads to value 4
Gurobi Optimizer version 13.0.2 build v13.0.2rc1 (linux64 - "Rocky Linux 9.7 (Blue Onyx)")

CPU model: QEMU Virtual CPU version 2.5+, instruction set [SSE2]
Thread count: 8 physical cores, 8 logical processors, using up to 4 threads

Non-default parameters:
TimeLimit  7200
Threads  4

Optimize a model with 116038 rows, 68220 columns and 757860 nonzeros (Min)
Model fingerprint: 0x1dc4610f
Model has 5325 linear objective coefficients
Variable types: 15585 continuous, 52635 integer (52620 binary)
Coefficient statistics:
  Matrix range     [1e+00, 2e+05]
  Objective range  [2e+00, 6e+01]
  Bounds range     [1e+00, 2e+03]
  RHS range        [1e+00, 2e+05]

Presolve removed 38487 rows and 120 columns
Presolve time: 3.44s
Presolved: 77551 rows, 68100 columns, 327315 nonzeros
Variable types: 375 continuous, 67725 integer (59595 binary)
Deterministic concurrent LP optimizer: primal and dual simplex
Showing primal log only...


Root simplex log...

Iteration    Objective       Primal Inf.    Dual Inf.      Time
       0    1.1631000e+03   2.084081e+03   1.288231e+10      9s
   15443    3.9439060e+02   2.296587e+02   3.074760e+09     10s
   21428    3.4726976e+02   1.098064e+02   2.730286e+09     15s
   30887    3.3097346e+02   4.588682e+01   1.488308e+09     20s
   37441    3.4181780e+02   6.290253e+00   1.202058e+09     25s
   42604    3.1845741e+02   0.000000e+00   3.487378e+05     30s
   47389    2.7760000e+02   3.316916e+00   0.000000e+00     35s
   51311    2.7760000e+02   0.000000e+00   0.000000e+00     40s
Concurrent spin time: 13.86s (can be avoided by choosing Method=3)

Solved with primal simplex

Root relaxation: objective 2.776000e+02, 51311 iterations, 46.40 seconds (25.21 work units)

    Nodes    |    Current Node    |     Objective Bounds      |     Work
 Expl Unexpl |  Obj  Depth IntInf | Incumbent    BestBd   Gap | It/Node Time

     0     0  277.60000    0 6478          -  277.60000      -     -   85s
     0     0  277.60000    0 5426          -  277.60000      -     -   86s
     0     0  277.60000    0 17044          -  277.60000      -     -  123s
     0     0  277.60000    0 15526          -  277.60000      -     -  126s
     0     0  277.60000    0 14063          -  277.60000      -     -  139s
     0     0  277.60000    0 6781          -  277.60000      -     -  166s
     0     0  277.60000    0 5735          -  277.60000      -     -  173s
     0     0  277.60000    0 13110          -  277.60000      -     -  184s
     0     0  277.60000    0 13110          -  277.60000      -     -  184s
     0     0  277.60000    0 6086          -  277.60000      -     -  203s
     0     0  277.60000    0 6266          -  277.60000      -     -  207s
     0     0  277.60000    0 11589          -  277.60000      -     -  219s
     0     0  277.60000    0 11589          -  277.60000      -     -  219s
     0     0  277.60000    0 7620          -  277.60000      -     -  239s
     0     0  277.60000    0 7623          -  277.60000      -     -  241s
     0     0  277.60000    0 15494          -  277.60000      -     -  254s
     0     0  277.60000    0 15494          -  277.60000      -     -  254s
     0     0  277.60000    0 8560          -  277.60000      -     -  286s
     0     0  277.60000    0 8560          -  277.60000      -     -  293s
     0     0  277.60000    0 8360          -  277.60000      -     -  321s
     0     2  277.60000    0 8360          -  277.60000      -     -  355s
     1     4  277.60000    1 9898          -  277.60000      -   794  360s
     7    12  277.60000    3 13783          -  277.60000      -   983  373s
    11    19  277.60000    4 13699          -  277.60000      -   782  383s
    18    23  277.60000    5 12043          -  277.60000      -   633  399s
    22    51  277.60000    5 13283          -  277.60000      -   661  425s
    52   257  277.60000    6 13672          -  277.60000      -   500  466s
   258   747  277.60000   20 10445          -  277.60000      -   313  501s
   748  1407  282.23897  171 7682          -  277.60000      -   158  523s
  1410  1651  425.26831  354 2258          -  277.60000      -  96.6  543s
  1671  1814  379.68871  425 3281          -  277.60000      -  93.9  559s
  1839  1913  379.84025  426 3279          -  277.60000      -  95.1  575s
  1941  1929  379.99480  427 3277          -  277.60000      -  97.0  598s
  1960  1953  380.15243  428 3275          -  277.60000      -  98.1  612s
  1984  2011  380.15585  429 2863          -  277.60000      -  98.4  627s
  2042  2035  380.36582  430 2387          -  277.60000      -  96.9  640s
  2073  2257  381.04806  431 2245          -  277.60000      -  98.8  654s
  2297  2732  428.16976  538 1615          -  277.60000      -  94.5  669s
  2787  2993  278.82102   17 7936          -  277.60000      -  85.6  683s
  3089  3234  279.87150   37 2420          -  277.60000      -  85.3  697s
  3353  3235  400.89000  661 8360          -  277.60000      -  83.8  944s
  3354  3236  348.84833  158 8360          -  277.60000      -  83.7  945s
  3355  3236  283.90000   56 3464          -  277.69382      -  83.7 1020s
  3356  3237  342.45677  177 4652          -  280.46391      -  83.7 1056s
  3357  3238  281.35000  223 3557          -  281.35000      -  83.7 1084s
  3358  3238  417.03975  420 4049          -  281.35000      -  83.6 1106s
  3359  3239  282.40000   74 2902          -  281.72983      -  83.6 1127s
  3360  3240  281.77698   40 2747          -  281.77698      -  83.6 1149s
  3361  3240  282.64623  552 2945          -  281.87919      -  83.6 1163s
  3362  3241  344.48559  114 3134          -  281.90580      -  83.5 1184s
  3363  3242  281.90580   44 4343          -  281.90580      -  83.5 1207s
  3364  3242  464.96448  519 4079          -  282.54736      -  83.5 1234s
  3365  3243  366.15112  490 4085          -  282.58805      -  83.5 1253s
  3366  3244  282.61659  355 3750          -  282.61659      -  83.4 1323s
  3367  3244  282.71302   12 3652          -  282.71302      -  83.4 1358s
  3368  3245  325.92926  168 3855          -  282.93532      -  83.4 1390s
  3369  3246  283.06400  515 3891          -  283.06400      -  83.4 1409s
  3370  3246  283.12891   35 3850          -  283.12891      -  83.3 1430s
  3371  3247  398.17053  502 3504          -  283.15376      -  83.3 1451s
  3372  3248  283.16942   47 3204          -  283.16942      -  83.3 1479s
  3373  3248  288.50000  252 4671          -  283.53764      -  83.3 1503s
  3374  3249  283.79361   27 5268          -  283.79361      -  83.2 1532s
  3375  3250  477.52240  553 5127          -  283.98957      -  83.2 1554s
  3376  3250  342.29127   98 4936          -  283.98957      -  83.2 1575s
  3377  3251  422.82995  512 5816          -  284.10538      -  83.2 1587s
  3378  3252  300.66938  388 5277          -  284.10538      -  83.1 1605s
  3379  3252  289.30000  595 5930          -  284.16623      -  83.1 1612s
  3380  3253  289.30000  272 5575          -  284.18985      -  83.1 1630s
  3381  3254  289.30000  187 6160          -  284.22232      -  83.1 1640s
  3382  3254  315.17236  132 5893          -  284.27807      -  83.1 1657s
  3383  3255  429.12521  570 5945          -  284.28984      -  83.0 1665s
  3384  3256  476.26352  556 5944          -  284.31583      -  83.0 1688s
  3385  3256  284.31953  155 6160          -  284.31953      -  83.0 1695s
  3386  3257  424.19177  550 5929          -  284.50012      -  83.0 1720s
  3387  3258  287.40000  183 6117          -  284.54429      -  82.9 1727s
  3388  3258  420.59200  630 6064          -  284.59240      -  82.9 1746s
  3389  3259  284.59712  110 6377          -  284.59712      -  82.9 1752s
  3390  3260  287.40000  198 6673          -  284.62239      -  82.9 1767s
  3391  3260  285.30000  158 6934          -  284.64631      -  82.8 1774s
  3392  3261  355.86411  435 6682          -  284.64631      -  82.8 1792s
  3393  3262  339.68895   30 6320          -  284.64864      -  82.8 1797s
  3394  3262  289.33887  281 5621          -  284.64864      -  82.8 1814s
  3395  3263  343.03420   31 5477          -  284.64875      -  82.7 1818s
  3396  3264  284.65059   18 5984          -  284.65059      -  82.7 1839s
  3397  3264  284.65226  264 6364          -  284.65226      -  82.7 1846s
  3398  3265  339.93122   27 5213          -  284.65226      -  82.7 1872s
  3399  3266  287.51821  281 4874          -  284.65260      -  82.6 1878s
  3400  3266  284.65315   28 5497          -  284.65315      -  82.6 1892s
  3401  3267  476.22544  563 6670          -  284.65315      -  82.6 1898s
  3402  3268  289.33887  271 7101          -  284.65782      -  82.6 1912s
  3403  3268  295.48677  344 6608          -  284.65871      -  82.5 1917s
  3404  3269  345.62649  179 6984          -  284.65891      -  82.5 1932s
  3405  3270  284.68015   23 6722          -  284.68015      -  82.5 1937s
  3406  3270  284.68187   61 6693          -  284.68187      -  82.5 1961s
  3407  3271  354.67310  298 5197          -  284.68314      -  82.4 1969s
  3408  3272  325.90938  167 5071          -  284.73527      -  82.4 1982s
  3409  3272  364.54251  325 5248          -  284.73737      -  82.4 1987s
  3410  3273  284.74543   96 5154          -  284.74543      -  82.4 2000s
  3412  3274  313.54603  109 4419          -  284.80509      -  82.3 2015s
  3414  3276  284.81982   14 4899          -  284.81982      -  82.3 2034s
  3415  3276  284.82078   58 4717          -  284.82078      -  82.2 2038s
  3416  3277  289.90000  278 5243          -  284.82594      -  82.2 2049s
  3417  3278  346.67555  197 5231          -  284.82594      -  82.2 2052s
  3418  3278  422.08553  493 5288          -  284.83290      -  82.2 2066s
  3419  3279  376.23880  593 5552          -  284.83311      -  82.2 2070s
  3420  3280  359.14160  413 4185          -  284.84291      -  82.1 2090s
  3421  3280  291.11616   67 6661          -  284.84516      -  82.1 2096s
  3422  3281  284.84763   44 5964          -  284.84763      -  82.1 2145s
  3423  3282  351.07521  295 5860          -  284.84796      -  82.1 2150s
  3424  3282  310.13510  455 5877          -  284.84796      -  82.0 2162s
  3425  3283  378.58150  600 6920          -  284.84874      -  82.0 2166s
  3426  3284  375.53297  369 6516          -  284.84874      -  82.0 2175s
  3428  3285  427.81529  471 5985          -  284.87362      -  81.9 2194s
  3429  3286  289.30000  612 5407          -  284.87541      -  81.9 2198s
  3430  3286  399.92479  679 6131          -  284.88943      -  81.9 2213s
  3431  3287  478.01870  532 6861          -  284.88944      -  81.9 2218s
  3432  3288  346.69373  194 5580          -  284.89879      -  81.8 2232s
  3433  3288  319.76388  314 4727          -  284.89879      -  81.8 2236s
  3434  3289  415.96432  408 4384          -  284.91993      -  81.8 2245s
  3436  3290  345.55680  177 3920          -  284.93117      -  81.7 2258s
  3437  3291  309.54953  362 4586          -  284.93131      -  81.7 2262s
  3438  3292  378.47351  595 4706          -  284.93275      -  81.7 2274s
  3439  3292  284.93752  540 4509          -  284.93752      -  81.7 2277s
  3440  3293  284.93776   60 3840          -  284.93776      -  81.7 2292s
  3441  3294  353.56539  300 4280          -  284.94501      -  81.6 2295s
  3442  3294  284.94524  505 4510          -  284.94524      -  81.6 2311s
  3444  3296  331.36639  445 5312          -  284.97538      -  81.6 2331s
  3445  3296  289.90000  272 5621          -  284.97620      -  81.5 2335s
  3446  3297  359.14160  424 2979          -  284.99031      -  81.5 2352s
  3447  3298  284.99036  123 5626          -  284.99036      -  81.5 2356s
  3448  3298  328.83980  118 4559          -  284.99036      -  81.5 2367s
  3449  3299  284.99036  126 4230          -  284.99036      -  81.4 2370s
  3450  3300  284.99036  108 5133          -  284.99036      -  81.4 2380s
  3453  3303  400.89000  661 8360          -  284.99036      -   387 2387s
  3455  3304  284.99036   56 3489          -  284.99036      -   386 2462s
  3456  3305  342.45677  177 3518          -  284.99036      -   386 2502s
  3457  3306  284.99036  223 3549          -  284.99036      -   386 2528s
  3458  3306  417.03975  420 4035          -  284.99036      -   386 2565s
  3459  3307  284.99036   74 3503          -  284.99036      -   386 2593s
  3460  3308  284.99036   40 3265          -  284.99036      -   386 2613s
  3461  3308  284.99036  552 4132          -  284.99036      -   386 2629s
  3462  3309  344.48559  114 3746          -  284.99036      -   386 2649s
  3463  3310  284.99036   44 4118          -  284.99036      -   386 2662s
  3464  3310  464.96448  519 5606          -  284.99036      -   385 2685s
  3465  3311  366.15112  490 5029          -  284.99036      -   385 2695s
  3466  3312  284.99036  355 4590          -  284.99036      -   385 2715s
  3467  3312  284.99036   12 4746          -  284.99036      -   385 2729s
  3468  3313  325.92926  168 4851          -  284.99036      -   385 2743s
  3469  3314  284.99036  515 5174          -  284.99036      -   385 2759s
  3470  3314  285.11978   35 5753          -  285.11978      -   385 2790s
  3471  3315  398.17053  502 5267          -  285.13796      -   385 2814s
  3472  3316  285.14883   47 5205          -  285.14883      -   385 2837s
  3473  3316  288.50000  252 6402          -  285.15855      -   384 2846s
  3474  3317  285.16990   27 6011          -  285.16990      -   384 2859s
  3475  3318  477.52240  553 6029          -  285.17337      -   384 2865s
  3476  3318  342.29127   98 5424          -  285.17337      -   384 2877s
  3477  3319  422.82995  512 5730          -  285.17401      -   384 2885s
  3478  3320  300.66938  388 5008          -  285.17503      -   384 2901s
  3479  3320  289.30000  595 6764          -  285.18960      -   384 2911s
  3480  3321  289.30000  272 7199          -  285.18972      -   384 2923s
  3481  3322  289.30000  187 7924          -  285.20133      -   384 2930s
  3482  3322  315.17236  132 7178          -  285.21079      -   383 2943s
  3483  3323  429.12521  570 7177          -  285.21079      -   383 2951s
  3484  3324  476.26352  556 6802          -  285.21079      -   383 2964s
  3485  3324  285.21124  155 7181          -  285.21124      -   383 2969s
  3486  3325  424.19177  550 6530          -  285.39566      -   383 2987s
  3487  3326  287.40000  183 6524          -  285.39573      -   383 2999s
  3488  3326  420.59200  630 6517          -  285.39828      -   383 3012s
  3489  3327  285.40048  110 6516          -  285.40048      -   383 3020s
  3490  3328  287.40000  198 7298          -  285.40048      -   383 3047s
  3491  3328  285.40728  158 6717          -  285.40728      -   382 3054s
  3492  3329  355.86411  435 6338          -  285.41180      -   382 3067s
  3493  3330  339.68895   30 6574          -  285.41258      -   382 3075s
  3494  3330  289.33887  281 5520          -  285.41258      -   382 3090s
  3495  3331  343.03420   31 5289          -  285.41258      -   382 3095s
  3496  3332  285.41465   18 4763          -  285.41465      -   382 3113s
  3497  3332  285.41552  264 4907          -  285.41552      -   382 3119s
  3498  3333  339.93122   27 4808          -  285.41848      -   382 3138s
  3499  3334  287.51821  281 4637          -  285.41848      -   382 3143s
  3500  3334  285.41867   28 6086          -  285.41867      -   381 3170s
  3501  3335  476.22544  563 5441          -  285.41909      -   381 3178s
  3502  3336  289.33887  271 4771          -  285.42019      -   381 3193s
  3503  3336  295.48677  344 5645          -  285.42019      -   381 3198s
  3504  3337  345.62649  179 5473          -  285.42342      -   381 3215s
  3506  3338  285.42641   61 6546          -  285.42641      -   381 3239s
  3507  3339  354.67310  298 6175          -  285.42641      -   381 3244s
  3508  3340  325.90938  167 5721          -  285.42674      -   381 3263s
  3509  3340  364.54251  325 6613          -  285.42781      -   380 3269s
  3510  3341  285.42781   96 6202          -  285.42781      -   380 3285s
  3511  3342  438.15894  595 6242          -  285.42781      -   380 3292s
  3512  3342  313.54603  109 5993          -  285.42781      -   380 3309s
  3513  3343  285.42834   80 5888          -  285.42834      -   380 3314s
  3514  3344  285.42834   14 6660          -  285.42834      -   380 3328s
  3517  3347  346.67555  197 8360          -  285.42834      -   552 3332s
  3519  3348  376.23880  593 3599          -  285.42834      -   552 3396s
  3520  3349  359.14160  413 3692          -  285.42834      -   551 3429s
  3521  3350  291.11616   67 4318          -  285.42834      -   551 3461s
  3522  3350  285.42834   44 4603          -  285.42834      -   551 3492s
  3523  3351  351.07521  295 4134          -  285.42834      -   551 3532s
  3524  3352  310.13510  455 4211          -  285.42834      -   551 3554s
  3525  3352  378.58150  600 4042          -  285.42834      -   551 3577s
  3526  3353  375.53297  369 3988          -  285.42834      -   550 3598s
  3527  3354  285.42834   49 4199          -  285.42834      -   550 3620s
  3528  3354  427.81529  471 4456          -  285.42834      -   550 3639s
  3529  3355  289.30000  612 4476          -  285.42834      -   550 3687s
  3530  3356  399.92479  679 4083          -  285.42834      -   550 3744s
  3531  3356  478.01870  532 4646          -  285.42834      -   550 3753s
  3532  3357  346.69373  194 5032          -  285.42834      -   550 3781s
  3533  3358  319.76388  314 5888          -  285.42834      -   549 3802s
  3534  3358  415.96432  408 6342          -  285.42834      -   549 3842s
  3535  3359  359.14160  412 6278          -  285.42834      -   549 3863s
  3536  3360  345.55680  177 4057          -  285.42834      -   549 3888s
  3537  3360  309.54953  362 5859          -  285.42834      -   549 3901s
  3538  3361  378.47351  595 6164          -  285.42834      -   549 3916s
  3539  3362  285.42834  540 7469          -  285.42834      -   548 3923s
  3540  3362  285.42834   60 4913          -  285.42834      -   548 3942s
  3541  3363  353.56539  300 6751          -  285.42834      -   548 3956s
  3542  3364  285.42834  505 4579          -  285.42834      -   548 3972s
  3543  3364  285.42834  543 5802          -  285.42834      -   548 3982s
  3544  3365  331.36639  445 4926          -  285.42834      -   548 3996s
  3545  3366  289.90000  272 4934          -  285.42834      -   548 4005s
  3546  3366  359.14160  424 5693          -  285.42834      -   547 4023s
  3547  3367  285.42834  123 6449          -  285.42834      -   547 4034s
  3548  3368  328.83980  118 4313          -  285.42834      -   547 4049s
  3549  3368  285.42834  126 5059          -  285.42834      -   547 4055s
  3550  3369  285.42834  108 5697          -  285.42834      -   547 4068s
  3551  3370  286.00000  174 5629          -  285.42834      -   547 4072s
  3552  3370  286.00000  147 4652          -  285.42834      -   546 4088s
  3553  3371  400.89000  661 4279          -  285.42964      -   546 4093s
  3554  3372  348.84833  158 4689          -  285.43084      -   546 4110s
  3555  3372  285.43281   56 4686          -  285.43281      -   546 4116s
  3556  3373  342.45677  177 4760          -  285.44015      -   546 4132s
  3557  3374  285.44136  223 6296          -  285.44136      -   546 4140s
  3558  3374  417.03975  420 6004          -  285.44607      -   546 4155s
  3560  3376  285.46733   40 4575          -  285.46733      -   545 4175s
  3561  3376  285.46733  552 7218          -  285.46733      -   545 4182s
  3562  3377  344.48559  114 4848          -  285.46788      -   545 4195s
  3563  3378  285.46788   44 5680          -  285.46788      -   545 4209s
  3564  3378  464.96448  519 5516          -  285.46788      -   545 4223s
  3565  3379  366.15112  490 5859          -  285.46788      -   544 4227s
  3566  3380  285.46788  355 5394          -  285.46788      -   544 4238s
  3569  3383  285.46788  515 8360          -  285.46788      -   707 4241s
  3571  3384  398.17053  502 3218          -  285.46788      -   707 4325s
  3572  3385  285.46788   47 3404          -  285.46788      -   707 4363s
  3573  3386  288.50000  252 2759          -  285.51256      -   707 4405s
  3574  3386  285.51256   27 3550          -  285.51256      -   706 4428s
  3575  3387  477.52240  553 7839          -  285.51256      -   706 4543s
  3576  3388  342.29127   98 4868          -  285.51256      -   706 4559s
  3577  3388  422.82995  512 7156          -  285.51256      -   706 4577s
  3578  3389  300.66938  388 6993          -  285.51256      -   706 4593s
  3579  3390  289.30000  595 8296          -  285.51256      -   705 4607s
  3580  3390  289.30000  272 7639          -  285.51256      -   705 4625s
  3581  3391  289.30000  187 6653          -  285.51256      -   705 4639s
  3582  3392  315.17236  132 3284          -  285.51256      -   705 4663s
  3583  3392  429.12521  570 4404          -  285.51294      -   705 4672s
  3584  3393  476.26352  556 4599          -  285.51294      -   704 4689s
  3585  3394  285.51294  155 5896          -  285.51294      -   704 4698s
  3586  3394  424.19177  550 5613          -  285.51294      -   704 4724s
  3587  3395  287.40000  183 4647          -  285.51294      -   704 4730s
  3588  3396  420.59200  630 5493          -  285.51294      -   704 4743s
  3589  3396  285.51294  110 5971          -  285.51294      -   703 4758s
  3590  3397  287.40000  198 6158          -  285.51294      -   703 4773s
  3591  3398  285.51365  158 6989          -  285.51365      -   703 4781s
  3592  3398  355.86411  435 6328          -  285.51705      -   703 4801s
  3593  3399  339.68895   30 6379          -  285.51713      -   703 4809s
  3594  3400  289.33887  281 5653          -  285.53274      -   703 4827s
  3595  3400  343.03420   31 5535          -  285.53274      -   702 4833s
  3596  3401  285.53417   18 6443          -  285.53417      -   702 4847s
  3597  3402  285.54733  264 6545          -  285.54733      -   702 4852s
  3598  3402  339.93122   27 4920          -  285.55753      -   702 4959s
  3599  3403  287.51821  281 6194          -  285.56160      -   702 4964s
  3600  3404  285.57669   28 5535          -  285.57669      -   701 4977s
  3601  3404  476.22544  563 5559          -  285.57669      -   701 4983s
  3602  3405  289.33887  271 6053          -  285.62233      -   701 5002s
  3603  3406  295.48677  344 5669          -  285.62601      -   701 5014s
  3604  3406  345.62649  179 5090          -  285.63357      -   701 5029s
  3605  3407  285.63495   23 6139          -  285.63495      -   700 5036s
  3606  3408  285.68516   61 5187          -  285.68516      -   700 5054s
  3607  3408  354.67310  298 7514          -  285.68516      -   700 5063s
  3608  3409  325.90938  167 5398          -  285.70063      -   700 5082s
  3609  3410  364.54251  325 5306          -  285.70519      -   700 5100s
  3610  3410  285.70581   96 3510          -  285.70581      -   699 5117s
  3611  3411  438.15894  595 4100          -  285.70693      -   699 5127s
  3612  3412  313.54603  109 5047          -  285.70985      -   699 5142s
  3613  3412  285.71139   80 4909          -  285.71139      -   699 5148s
  3614  3413  285.71147   14 5217          -  285.71147      -   699 5165s
  3615  3414  285.71557   58 4585          -  285.71557      -   698 5174s
  3616  3414  289.90000  278 4211          -  285.71660      -   698 5192s
  3617  3415  346.67555  197 6592          -  285.71718      -   698 5203s
  3618  3416  422.08553  493 6638          -  285.71718      -   698 5220s
  3619  3416  376.23880  593 6996          -  285.71718      -   698 5228s
  3620  3417  359.14160  413 5355          -  285.71751      -   697 5242s
  3621  3418  291.11616   67 5771          -  285.71968      -   697 5250s
  3622  3418  285.71977   44 4170          -  285.71977      -   697 5265s
  3623  3419  351.07521  295 4134          -  285.71980      -   697 5273s
  3624  3420  310.13510  455 3644          -  285.72290      -   697 5292s
  3625  3420  378.58150  600 5807          -  285.73809      -   697 5307s
  3626  3421  375.53297  369 6681          -  285.77908      -   696 5340s
  3627  3422  285.79720   49 5664          -  285.79720      -   696 5347s
  3628  3422  427.81529  471 6465          -  285.84520      -   696 5367s
  3629  3423  289.30000  612 6293          -  285.84520      -   696 5374s
  3630  3424  399.92479  679 3705          -  285.84520      -   696 5394s
  3631  3424  478.01870  532 6288          -  285.87549      -   695 5405s
  3632  3425  346.69373  194 3916          -  285.87554      -   695 5425s
  3633  3426  319.76388  314 4646          -  285.92247      -   695 5434s
  3634  3426  415.96432  408 4782          -  285.93012      -   695 5451s
  3635  3427  359.14160  412 5200          -  285.93094      -   695 5457s
  3636  3428  345.55680  177 4721          -  285.93101      -   694 5472s
  3637  3428  309.54953  362 6011          -  285.93101      -   694 5478s
  3638  3429  378.47351  595 6071          -  285.93101      -   694 5487s
  3639  3430  285.93128  540 6190          -  285.93128      -   694 5493s
  3640  3430  285.93130   60 5264          -  285.93130      -   694 5504s
  3643  3434  285.93130  543 8360          -  285.93130      -   878 5508s
  3645  3435  289.90000  272 3333          -  285.93130      -   877 5590s
  3646  3436  359.14160  424 1499          -  285.93135      -   877 5618s
  3647  3437  285.93135  123 2818          -  285.93135      -   877 5654s
  3648  3437  328.83980  118 2737          -  285.93135      -   877 5680s
  3649  3438  285.93135  126 6286          -  285.93135      -   877 5711s
  3650  3439  285.93135  108 6905          -  285.93135      -   876 5732s
  3651  3439  286.00000  174 6022          -  285.93135      -   876 5756s
  3652  3440  286.00000  147 5895          -  285.93135      -   876 5775s
  3653  3441  400.89000  661 6851          -  285.93135      -   876 5803s
  3654  3441  348.84833  158 4186          -  285.93135      -   875 5821s
  3655  3442  285.93135   56 5354          -  285.93135      -   875 5846s
  3656  3443  342.45677  177 5817          -  285.93135      -   875 5867s
  3657  3443  285.93135  223 6687          -  285.93135      -   875 5911s
  3658  3444  417.03975  420 3924          -  285.93135      -   874 5933s
  3659  3445  285.93135   74 7609          -  285.93135      -   874 5975s
  3660  3445  285.93135   40 5976          -  285.93135      -   874 5998s
  3661  3446  285.96948  552 7059          -  285.96948      -   874 6022s
  3662  3447  344.48559  114 4410          -  285.99765      -   873 6038s
  3663  3447  286.02478   44 6288          -  286.02478      -   873 6065s
  3664  3448  464.96448  519 6745          -  286.02478      -   873 6084s
  3665  3449  366.15112  490 9549          -  286.03621      -   873 6105s
  3666  3449  286.15698  355 8780          -  286.15698      -   872 6136s
  3667  3450  286.15726   12 7860          -  286.15726      -   872 6151s
  3668  3451  325.92926  168 7814          -  286.16384      -   872 6215s
  3669  3451  286.17496  515 6200          -  286.17496      -   872 6227s
  3670  3452  286.18792   35 3934          -  286.18792      -   871 6247s
  3671  3453  398.17053  502 5465          -  286.18903      -   871 6256s
  3672  3453  286.18903   47 5787          -  286.18903      -   871 6359s
  3673  3454  288.50000  252 6069          -  286.18903      -   871 6378s
  3674  3455  286.21913   27 4999          -  286.21913      -   871 6400s
  3675  3455  477.52240  553 6424          -  286.23180      -   870 6409s
  3676  3456  342.29127   98 4840          -  286.30698      -   870 6437s
  3677  3457  422.82995  512 5299          -  286.31163      -   870 6442s
  3678  3457  300.66938  388 6779          -  286.31700      -   870 6460s
  3679  3458  289.30000  595 5747          -  286.31821      -   869 6472s
  3680  3459  289.30000  272 6146          -  286.31821      -   869 6491s
  3681  3459  289.30000  187 6323          -  286.33425      -   869 6499s
  3682  3460  315.17236  132 5521          -  286.36619      -   869 6519s
  3683  3461  429.12521  570 5676          -  286.36632      -   868 6528s
  3684  3461  476.26352  556 6550          -  286.39260      -   868 6542s
  3685  3462  286.39472  155 7146          -  286.39472      -   868 6551s
  3686  3463  424.19177  550 4131          -  286.40501      -   868 6567s
  3687  3463  287.40000  183 3585          -  286.40754      -   867 6575s
  3688  3464  420.59200  630 4368          -  286.40754      -   867 6589s
  3689  3465  286.40859  110 6375          -  286.40859      -   867 6599s
  3690  3465  287.40000  198 6610          -  286.41950      -   867 6614s
  3691  3466  286.41951  158 6901          -  286.41951      -   867 6627s
  3692  3467  355.86411  435 7224          -  286.41957      -   866 6649s
  3693  3467  339.68895   30 7299          -  286.42315      -   866 6665s
  3694  3468  289.33887  281 3971          -  286.42315      -   866 6688s
  3695  3469  343.03420   31 6594          -  286.42324      -   866 6699s
  3696  3469  286.42326   18 5280          -  286.42326      -   865 6717s
  3697  3470  286.42326  264 5760          -  286.42326      -   865 6721s
  3698  3471  339.93122   27 4026          -  286.42380      -   865 6741s
  3699  3471  287.51821  281 3726          -  286.42380      -   865 6748s
  3700  3472  286.42380   28 3408          -  286.42380      -   864 6765s
  3701  3473  476.22544  563 5292          -  286.42380      -   864 6773s
  3702  3473  289.33887  271 4214          -  286.42380      -   864 6789s
  3703  3474  295.48677  344 4213          -  286.42380      -   864 6790s
  3705  3477  286.42380   23 8360          -  286.42380      -  1039 6795s
  3707  3478  354.67310  298 3187          -  286.42380      -  1038 6882s
  3708  3479  325.90938  167 3529          -  286.42380      -  1038 6936s
  3709  3480  364.54251  325 3388          -  286.52043      -  1038 6984s
  3710  3480  286.52043   96 1869          -  286.52043      -  1038 7023s
  3711  3481  438.15894  595 7145          -  286.52043      -  1037 7048s
  3712  3482  313.54603  109 7730          -  286.52043      -  1037 7081s
  3713  3482  286.52043   80 7434          -  286.52043      -  1037 7104s
  3714  3483  286.52043   14 3984          -  286.52043      -  1036 7126s
  3715  3484  286.52043   58 7174          -  286.52043      -  1036 7146s
  3716  3484  289.90000  278 3843          -  286.52043      -  1036 7169s
  3717  3485  346.67555  197 4098          -  286.52043      -  1036 7192s

Cutting planes:
  Gomory: 6
  Cover: 54
  Implied bound: 32
  Projected implied bound: 22
  Clique: 2
  MIR: 72
  StrongCG: 4
  Flow cover: 161
  GUB cover: 28
  Zero half: 25
  RLT: 38
  Relax-and-lift: 27

Explored 3717 nodes (4269165 simplex iterations) in 7201.42 seconds (4603.85 work units)
Thread count was 4 (of 8 available processors)

Solution count 0

Time limit reached
Best objective -, best bound 2.866000000000e+02, gap -
