
Gurobi 13.0.2 (linux64) logging started Sat Jul 11 12:55:13 2026

Set parameter LogFile to value "src/Resultados/Restriccion_solo_cliques/logs/RC102-50.xml_log.log"
Set parameter Threads to value 4
Gurobi Optimizer version 13.0.2 build v13.0.2rc1 (linux64 - "Rocky Linux 9.7 (Blue Onyx)")

CPU model: QEMU Virtual CPU version 2.5+, instruction set [SSE2]
Thread count: 8 physical cores, 8 logical processors, using up to 4 threads

Non-default parameters:
TimeLimit  7200
Threads  4

Optimize a model with 145328 rows, 90195 columns and 1339740 nonzeros (Min)
Model fingerprint: 0x7aeeaed3
Model has 17970 linear objective coefficients
Variable types: 18210 continuous, 71985 integer (71970 binary)
Coefficient statistics:
  Matrix range     [1e+00, 4e+04]
  Objective range  [1e+00, 8e+01]
  Bounds range     [1e+00, 2e+03]
  RHS range        [1e+00, 4e+04]

Presolve removed 43167 rows and 390 columns (presolve time = 5s)...
Presolve removed 43302 rows and 435 columns
Presolve time: 6.85s
Presolved: 102026 rows, 89760 columns, 496875 nonzeros
Variable types: 750 continuous, 89010 integer (78135 binary)
Deterministic concurrent LP optimizer: primal and dual simplex
Showing primal log only...


Root simplex log...

Iteration    Objective       Primal Inf.    Dual Inf.      Time
       0    4.8331000e+03   3.405025e+03   6.396872e+10     11s
   30779    3.9928744e+02   3.883347e+02   1.927479e+10     15s
   37506    5.0630313e+02   3.090206e+02   3.094567e+10     20s
   40926    4.8508206e+02   1.827963e+02   1.141862e+10     25s
   43806    4.9796768e+02   1.237569e+02   3.520636e+10     30s
   47406    4.9990653e+02   1.016356e+02   3.438592e+11     35s
   50286    5.0402251e+02   9.369271e+01   2.878495e+10     40s
   52626    5.4242283e+02   8.040568e+01   1.153237e+10     45s
   54966    5.8479004e+02   4.142124e+01   5.541116e+09     50s
   57306    5.7657538e+02   1.367322e+01   1.051071e+11     55s
   60006    5.7251744e+02   1.065178e+01   1.489955e+09     60s
   62706    5.2688589e+02   7.965426e+00   1.122236e+10     65s
   64686    6.3762153e+02   4.021420e+00   1.367845e+09     70s
   67206    6.5092700e+02   9.806416e-01   1.248079e+09     75s
   70626    6.4008227e+02   1.152447e-01   1.113633e+10     80s
   73868    5.7411066e+02   0.000000e+00   1.230595e+07     85s
   76108    5.3848078e+02   0.000000e+00   8.500142e+05     90s
   78278    5.1718026e+02   0.000000e+00   3.003204e+04     96s
   80368    5.1215216e+02   0.000000e+00   2.143870e+04    100s
   81970    5.1140003e+02   9.557969e+02   0.000000e+00    105s
   83679    5.1140004e+02   1.444184e+02   0.000000e+00    110s
   86839    5.1140004e+02   8.503556e+01   0.000000e+00    115s
   89775    5.1140005e+02   2.588384e+00   0.000000e+00    120s
   89839    5.1140000e+02   0.000000e+00   0.000000e+00    121s
Concurrent spin time: 8.11s

Solved with primal simplex

Root relaxation: objective 5.114000e+02, 89839 iterations, 119.00 seconds (70.94 work units)

    Nodes    |    Current Node    |     Objective Bounds      |     Work
 Expl Unexpl |  Obj  Depth IntInf | Incumbent    BestBd   Gap | It/Node Time

     0     0  511.40000    0 5456          -  511.40000      -     -  162s
     0     0  511.40000    0 4189          -  511.40000      -     -  164s
     0     0  511.40000    0 4189          -  511.40000      -     -  165s
     0     0  511.40000    0 4189          -  511.40000      -     -  166s
     0     0  511.40000    0 4554          -  511.40000      -     -  167s
     0     0  511.40000    0 8626          -  511.40000      -     -  211s
     0     0  511.40000    0 10750          -  511.40000      -     -  231s
     0     0  511.40000    0 12800          -  511.40000      -     -  256s
     0     0  511.40000    0 12800          -  511.40000      -     -  256s
     0     0  511.40000    0 2926          -  511.40000      -     -  304s
     0     0  511.40000    0 3031          -  511.40000      -     -  317s
     0     0  511.40000    0 3038          -  511.40000      -     -  318s
     0     0  511.40000    0 3038          -  511.40000      -     -  318s
     0     0  511.40000    0 3038          -  511.40000      -     -  318s
     0     0  511.40000    0 3038          -  511.40000      -     -  318s
     0     0  511.40000    0 6977          -  511.40000      -     -  347s
     0     0  511.40000    0 6978          -  511.40000      -     -  348s
     0     0  511.40000    0 4406          -  511.40000      -     -  381s
     0     0  511.40000    0 5201          -  511.40000      -     -  396s
     0     0  511.40000    0 11217          -  511.40000      -     -  422s
     0     0  511.40000    0 11217          -  511.40000      -     -  422s
     0     0  511.40000    0 3913          -  511.40000      -     -  446s
     0     0  511.40000    0 7800          -  511.40000      -     -  464s
     0     0  511.40000    0 7485          -  511.40000      -     -  466s
     0     0  511.40000    0 8293          -  511.40000      -     -  479s
     0     0  511.40000    0 8293          -  511.40000      -     -  479s
     0     0  511.40000    0 3344          -  511.40000      -     -  524s
     0     0  511.40000    0 3722          -  511.40000      -     -  531s
     0     0  511.40000    0 3733          -  511.40000      -     -  533s
     0     0  511.92143    0 5658          -  511.92143      -     -  552s
     0     0  511.92143    0 5602          -  511.92143      -     -  554s
     0     0  511.92143    0 5602          -  511.92143      -     -  598s
     0     0  511.94513    0 6862          -  511.94513      -     -  610s
     0     0  515.48417    0 6443          -  515.48417      -     -  620s
     0     0  515.85631    0 8021          -  515.85631      -     -  633s
     0     0  515.97527    0 7657          -  515.97527      -     -  635s
     0     0  515.97527    0 7563          -  515.97527      -     -  636s
     0     0  521.01277    0 7264          -  521.01277      -     -  652s
     0     0  521.01277    0 9118          -  521.01277      -     -  665s
     0     0  522.02078    0 9310          -  522.02078      -     -  676s
     0     0  522.02126    0 9940          -  522.02126      -     -  685s
     0     0  522.02126    0 9960          -  522.02126      -     -  685s
     0     0  522.51161    0 9652          -  522.51161      -     -  695s
     0     0  522.53492    0 8690          -  522.53492      -     -  729s
     0     0  522.53492    0 8193          -  522.53492      -     -  729s
     0     0  522.53492    0 8423          -  522.53492      -     -  731s
     0     0  524.23406    0 6985          -  524.23406      -     -  747s
     0     0  524.23473    0 5842          -  524.23473      -     -  759s
     0     0  524.31338    0 9908          -  524.31338      -     -  772s
     0     0  524.31338    0 9292          -  524.31338      -     -  773s
     0     0  524.38579    0 8878          -  524.38579      -     -  784s
     0     0  524.39445    0 9276          -  524.39445      -     -  788s
     0     0  524.39445    0 9236          -  524.39445      -     -  788s
     0     0  524.39516    0 10106          -  524.39516      -     -  791s
     0     0  524.92123    0 7945          -  524.92123      -     -  802s
     0     0  525.79333    0 9226          -  525.79333      -     -  810s
     0     0  525.79333    0 8788          -  525.79333      -     -  813s
     0     0  529.09297    0 8761          -  529.09297      -     -  826s
     0     0  529.09297    0 8761          -  529.09297      -     -  826s
     0     0  529.09297    0 9290          -  529.09297      -     -  842s
     0     0  529.09631    0 11168          -  529.09631      -     -  855s
     0     0  529.09947    0 11689          -  529.09947      -     -  866s
     0     0  529.09947    0 11688          -  529.09947      -     -  866s
     0     0  529.17805    0 11794          -  529.17805      -     -  880s
     0     0  529.17805    0 11828          -  529.17805      -     -  880s
     0     0  529.17805    0 9363          -  529.17805      -     -  889s
     0     0  529.17831    0 7777          -  529.17831      -     -  899s
     0     0  529.17831    0 7771          -  529.17831      -     -  899s
     0     0  529.17831    0 6424          -  529.17831      -     -  909s
     0     0  529.17831    0 6386          -  529.17831      -     -  910s
     0     0  529.18922    0 9163          -  529.18922      -     -  921s
     0     0  529.18922    0 9110          -  529.18922      -     -  921s
     0     0  529.18922    0 9112          -  529.18922      -     -  921s
     0     0  529.18922    0 8847          -  529.18922      -     -  930s
     0     0  529.29891    0 11770          -  529.29891      -     -  945s
     0     0  529.35826    0 10545          -  529.35826      -     -  955s
     0     0  529.35826    0 10366          -  529.35826      -     -  955s
     0     0  529.36971    0 11935          -  529.36971      -     -  959s
     0     0  529.39794    0 11455          -  529.39794      -     -  961s
     0     0  529.41384    0 10811          -  529.41384      -     -  964s
     0     0  529.41384    0 10459          -  529.41384      -     -  964s
     0     0  529.41384    0 8947          -  529.41384      -     -  966s
     0     0  531.29717    0 8302          -  531.29717      -     -  975s
     0     0  531.32585    0 9283          -  531.32585      -     -  985s
     0     0  531.32585    0 10039          -  531.32585      -     -  989s
     0     0  531.32585    0 10038          -  531.32585      -     -  989s
     0     0  532.72987    0 9123          -  532.72987      -     -  999s
     0     0  532.72987    0 8620          -  532.72987      -     - 1007s
     0     0  533.07270    0 9091          -  533.07270      -     - 1017s
     0     0  533.10380    0 8682          -  533.10380      -     - 1029s
     0     0  533.11061    0 9070          -  533.11061      -     - 1032s
     0     0  533.11061    0 9070          -  533.11061      -     - 1032s
     0     0  533.11061    0 7013          -  533.11061      -     - 1035s
     0     0  533.11061    0 6902          -  533.11061      -     - 1036s
     0     0  533.42801    0 8729          -  533.42801      -     - 1045s
     0     0  533.42801    0 9877          -  533.42801      -     - 1046s
     0     0  533.43068    0 9917          -  533.43068      -     - 1054s
     0     0  533.57283    0 7893          -  533.57283      -     - 1062s
     0     0  533.57283    0 10636          -  533.57283      -     - 1073s
     0     0  533.84252    0 9561          -  533.84252      -     - 1092s
     0     0  533.85815    0 8666          -  533.85815      -     - 1100s
     0     0  533.86264    0 8089          -  533.86264      -     - 1101s
     0     0  533.86264    0 7791          -  533.86264      -     - 1104s
     0     0  534.49844    0 7630          -  534.49844      -     - 1112s
     0     0  534.49844    0 7607          -  534.49844      -     - 1112s
     0     0  534.64918    0 9746          -  534.64918      -     - 1128s
     0     0  534.64918    0 9983          -  534.64918      -     - 1135s
     0     0  535.66177    0 8041          -  535.66177      -     - 1147s
     0     0  535.68704    0 9002          -  535.68704      -     - 1155s
     0     0  535.68814    0 8745          -  535.68814      -     - 1157s
     0     0  535.94330    0 11041          -  535.94330      -     - 1168s
     0     0  535.94330    0 10483          -  535.94330      -     - 1169s
     0     0  535.94338    0 10106          -  535.94338      -     - 1210s
     0     0  537.09881    0 9800          -  537.09881      -     - 1219s
     0     0  537.13192    0 11126          -  537.13192      -     - 1233s
     0     0  537.13192    0 9513          -  537.13192      -     - 1236s
     0     0  537.15860    0 11567          -  537.15860      -     - 1246s
     0     0  537.15860    0 11387          -  537.15860      -     - 1255s
     0     0  537.15860    0 11390          -  537.15860      -     - 1255s
     0     0  537.15860    0 14435          -  537.15860      -     - 1268s
     0     0  537.15860    0 14397          -  537.15860      -     - 1269s
     0     0  537.15860    0 14397          -  537.15860      -     - 1272s
     0     0  537.15860    0 3450          -  537.15860      -     - 1335s
     0     2  537.15860    0 3448          -  537.15860      -     - 1423s
     1     4  537.15860    1 3656          -  537.15860      -  3207 1435s
     3     8  537.15860    2 7784          -  537.15860      -  2815 1444s
     7    12  537.16210    3 5862          -  537.15860      -  2790 1454s
    11    41  537.16210    4 6617          -  537.15860      -  2584 1468s
    40    69  537.16210    9 6120          -  537.15860      -  1261 1478s
    68   107  537.83258   13 5409          -  537.15860      -   948 1497s
   106   135  539.07516   20 6624          -  537.15860      -   821 1511s
   134   173  539.66271   44 5725          -  537.15860      -   686 1525s
   172   194  540.48746   77 5104          -  537.15860      -   569 1539s
   193   237  541.15325   93 4997          -  537.15860      -   539 1556s
   236   280  541.72101  133 4218          -  537.15860      -   455 1622s
   279   319  543.86246  172 5399          -  537.15860      -   399 1658s
   318   362  544.86993  204 4139          -  537.15860      -   368 1673s
   361   405  545.32836  244 4146          -  537.15860      -   329 1685s
   404   448  546.20665  284 4884          -  537.15860      -   300 1699s
   447   491  549.26878  324 4238          -  537.15860      -   280 1751s
   490   534  552.69671  364 3889          -  537.15860      -   259 1765s
   533   577  554.01258  404 4353          -  537.15860      -   243 1813s
   576   637  555.00086  444 4028          -  537.15860      -   233 1830s
   636   691  556.89669  483 2531          -  537.15860      -   226 1848s
   690   751  558.95375  514 2503          -  537.15860      -   225 1865s
   750   801  566.79696  554 3208          -  537.15860      -   226 1889s
   806   860  537.16210    4 6456          -  537.15860      -   221 1903s
   865   962  537.32045   12 6954          -  537.15860      -   218 1918s
   967  1042  537.85684   21 6178          -  537.15860      -   206 1967s
  1049  1132  537.98594   49 4654          -  537.15860      -   196 2058s
  1139  1192  538.36787   90 5325          -  537.15860      -   188 2192s
  1199  1255  538.93562  145 4071          -  537.15860      -   181 2267s
  1262  1322  539.61986  205 4141          -  537.15860      -   174 2359s
  1329  1390  540.86970  269 3664          -  537.15860      -   166 2468s
  1399  1517  556.24425  331 3443          -  537.15860      -   161 2560s
  1529  1673  615.47983  385 3333          -  537.15860      -   154 2657s
  1685  1839  634.81535  461 3872          -  537.15860      -   148 2749s
  1855  2004  649.82058  543 3244          -  537.15860      -   143 2860s
  2028  2075  829.30313  613 3157          -  537.15860      -   141 3014s
  2128  2214  541.71869   16 5404          -  537.15860      -   147 3097s
  2276  2425  542.86206    9 5006          -  537.15860      -   146 3146s
  2498  2426  588.47527  295 3450          -  537.15860      -   140 3278s
  2500  2427  665.93892  556 4829          -  537.15860      -   140 3517s
  2501  2428  553.62599  116 3959          -  537.15860      -   140 3793s
  2502  2429  549.33553  190 5225          -  537.15860      -   140 3850s
  2503  2429  539.75959   36 3704          -  538.74798      -   140 3914s
  2504  2430  543.98344  139 4970          -  539.91617      -   140 3971s
  2505  2431  546.12005  220 4250          -  542.36038      -   140 4057s
  2506  2431  546.80860  250 5482          -  542.86806      -   140 4134s
  2507  2432  546.21833  233 3298          -  544.38732      -   140 4286s
  2508  2433  544.60152  126 5587          -  544.60152      -   140 4347s
  2509  2433  610.13706  509 2780          -  544.85848      -   140 4420s
  2510  2434  545.06152   42 5023          -  545.06152      -   139 4467s
  2511  2435  606.90860  482 3762          -  545.45619      -   139 4665s
  2512  2435  553.60826  389 6131          -  545.76871      -   139 4743s
  2513  2436  549.82066  328 4403          -  546.05786      -   139 4806s
  2514  2437  546.34960    7 5072          -  546.34960      -   139 4852s
  2515  2437  546.87764   22 2885          -  546.87764      -   139 4926s
  2516  2438  579.94247  453 4149          -  547.45814      -   139 5038s
  2517  2439  573.11369  507 2589          -  547.71912      -   139 5097s
  2518  2439  586.36692  349 5175          -  547.85190      -   139 5171s
  2519  2440  563.89335  417 4485          -  548.02781      -   139 5243s
  2520  2441  548.19033   73 5614          -  548.19033      -   139 5293s
  2521  2441  548.26415   32 4340          -  548.26415      -   139 5357s
  2522  2442  553.31883  125 6682          -  548.56111      -   139 5408s
  2523  2443  548.89544   40 4083          -  548.89544      -   139 5479s
  2524  2443  564.74693  349 5060          -  549.06378      -   139 5538s
  2525  2444  549.43109  173 4524          -  549.43109      -   139 5594s
  2526  2445  630.37598  454 5337          -  549.79252      -   139 5673s
  2527  2445  549.83184   98 4884          -  549.83184      -   139 5711s
  2528  2446  555.72249  185 5625          -  550.07599      -   138 5769s
  2529  2447  550.38714  301 4400          -  550.38714      -   138 5837s
  2530  2447  746.18778  544 5516          -  550.54512      -   138 5875s
  2531  2448  569.79839  242 3253          -  550.80432      -   138 5957s
  2532  2449  550.87790   87 4615          -  550.87790      -   138 5993s
  2533  2449  551.41482   26 3976          -  551.41482      -   138 6052s
  2534  2450  551.67402    9 4694          -  551.67402      -   138 6086s
  2535  2451  551.83128    3 3943          -  551.83128      -   138 6151s
  2536  2451  552.73254   83 4816          -  552.06562      -   138 6188s
  2537  2452  552.22000  164 4881          -  552.22000      -   138 6247s
  2538  2453  552.40044  164 5995          -  552.40044      -   138 6269s
  2539  2453  563.42760  100 4644          -  552.69937      -   138 6361s
  2540  2454  555.06143  166 5413          -  552.75523      -   138 6385s
  2541  2455  595.83558  481 4855          -  552.95256      -   138 6444s
  2542  2455  555.11080   85 5330          -  552.98271      -   138 6468s
  2543  2456  566.71369  488 5072          -  553.15484      -   138 6519s
  2544  2457  553.19346   68 4582          -  553.19346      -   138 6546s
  2545  2457  690.53357  582 4803          -  553.28557      -   138 6589s
  2546  2458  555.25139  182 5374          -  553.30450      -   138 6608s
  2547  2459  553.34390  277 4725          -  553.34390      -   137 6658s
  2548  2459  553.39382  219 5278          -  553.39382      -   137 6683s
  2549  2460  746.94934  551 5699          -  553.41611      -   137 6731s
  2550  2461  553.43030   64 6885          -  553.43030      -   137 6756s
  2551  2461  553.44563   12 4583          -  553.44563      -   137 6806s
  2552  2462  553.45777   17 5404          -  553.45777      -   137 6827s
  2553  2463  553.48540  148 4886          -  553.48540      -   137 6874s
  2554  2463  577.20966  437 5302          -  553.50031      -   137 6898s
  2555  2464  553.53107  291 4573          -  553.53107      -   137 6941s
  2556  2465  553.54103   61 5211          -  553.54103      -   137 6953s
  2557  2465  557.62424  352 4291          -  553.56500      -   137 6988s
  2558  2466  624.83886  439 5210          -  553.58408      -   137 7000s

Cutting planes:
  Learned: 1
  Gomory: 4
  Cover: 215
  Implied bound: 24
  Projected implied bound: 11
  Clique: 48
  MIR: 73
  StrongCG: 19
  Flow cover: 265
  GUB cover: 405
  Zero half: 111
  RLT: 207
  Relax-and-lift: 33

Explored 2558 nodes (1991519 simplex iterations) in 7200.31 seconds (4786.03 work units)
Thread count was 4 (of 8 available processors)

Solution count 0

Time limit reached
Best objective -, best bound 5.537000000000e+02, gap -
