
Gurobi 13.0.2 (linux64) logging started Sat Jul 11 08:53:20 2026

Set parameter LogFile to value "src/Resultados/Restriccion_solo_cliques/logs/RC101-50.xml_log.log"
Set parameter Threads to value 4
Gurobi Optimizer version 13.0.2 build v13.0.2rc1 (linux64 - "Rocky Linux 9.7 (Blue Onyx)")

CPU model: QEMU Virtual CPU version 2.5+, instruction set [SSE2]
Thread count: 8 physical cores, 8 logical processors, using up to 4 threads

Non-default parameters:
TimeLimit  7200
Threads  4

Optimize a model with 129299 rows, 78705 columns and 1009230 nonzeros (Min)
Model fingerprint: 0x3a26ee36
Model has 12480 linear objective coefficients
Variable types: 16710 continuous, 61995 integer (61980 binary)
Coefficient statistics:
  Matrix range     [1e+00, 4e+04]
  Objective range  [1e+00, 8e+01]
  Bounds range     [1e+00, 2e+03]
  RHS range        [1e+00, 4e+04]

Presolve removed 37135 rows and 240 columns (presolve time = 5s)...
Presolve removed 39013 rows and 345 columns
Presolve time: 9.18s
Presolved: 90286 rows, 78360 columns, 418350 nonzeros
Variable types: 735 continuous, 77625 integer (66750 binary)
Deterministic concurrent LP optimizer: primal and dual simplex
Showing primal log only...


Root simplex log...

Iteration    Objective       Primal Inf.    Dual Inf.      Time
       0    4.9460000e+03   3.339894e+03   4.895547e+10     13s
   19322    5.0202707e+02   7.535078e+02   9.485630e+09     15s
   31890    4.8347589e+02   2.915778e+02   1.104562e+10     20s
   37332    6.6839168e+02   1.749699e+02   1.464230e+10     25s
   43622    6.9242799e+02   1.251700e+02   4.842957e+09     30s
   47842    7.0665481e+02   8.865899e+01   1.690931e+10     35s
   51223    7.0973777e+02   5.243775e+01   2.004570e+09     40s
   54603    7.2058491e+02   3.466386e+01   3.471975e+09     45s
   57444    6.9332889e+02   1.638511e+01   1.288999e+10     50s
   60844    6.9127215e+02   8.417191e+00   3.577820e+09     55s
   64584    7.0149019e+02   5.736079e+00   5.773775e+09     60s
   68154    8.1830200e+02   2.399482e+00   2.588415e+10     65s
   71044    8.0181049e+02   8.173928e-01   1.701979e+09     70s
   73804    7.0577082e+02   0.000000e+00   3.584493e+04     75s
   76494    6.6636282e+02   0.000000e+00   5.565306e+05     80s
   79340    6.5120000e+02   6.728540e+03   0.000000e+00     86s
   81526    6.5120001e+02   2.822350e+02   0.000000e+00     90s
   84618    6.5120001e+02   6.450997e+02   0.000000e+00     95s
   87301    6.5120001e+02   2.577684e+00   0.000000e+00    100s
   88563    6.5120000e+02   0.000000e+00   0.000000e+00    104s
Concurrent spin time: 26.35s (can be avoided by choosing Method=3)

Solved with primal simplex

Root relaxation: objective 6.512000e+02, 88563 iterations, 118.67 seconds (64.82 work units)

    Nodes    |    Current Node    |     Objective Bounds      |     Work
 Expl Unexpl |  Obj  Depth IntInf | Incumbent    BestBd   Gap | It/Node Time

     0     0  651.20000    0 4734          -  651.20000      -     -  156s
     0     0  651.20000    0 4815          -  651.20000      -     -  157s
     0     0  651.20000    0 8910          -  651.20000      -     -  192s
     0     0  651.20000    0 10400          -  651.20000      -     -  200s
     0     0  651.20000    0 10538          -  651.20000      -     -  202s
     0     0  651.20000    0 10528          -  651.20000      -     -  203s
     0     0  651.20000    0 9461          -  651.20000      -     -  227s
     0     0  651.20000    0 9461          -  651.20000      -     -  227s
     0     0  651.20000    0 1680          -  651.20000      -     -  261s
     0     0  651.20000    0 5876          -  651.20000      -     -  288s
     0     0  651.20000    0 5875          -  651.20000      -     -  288s
     0     0  651.20000    0 10376          -  651.20000      -     -  322s
     0     0  651.20000    0 10376          -  651.20000      -     -  323s
     0     0  651.20000    0 1735          -  651.20000      -     -  355s
     0     0  651.20000    0 3355          -  651.20000      -     -  367s
     0     0  651.20000    0 6372          -  651.20000      -     -  390s
     0     0  651.20000    0 6372          -  651.20000      -     -  390s
     0     0  651.20000    0 1837          -  651.20000      -     -  401s
     0     0  651.20000    0 2786          -  651.20000      -     -  416s
     0     0  655.26385    0 6813          -  655.26385      -     -  432s
     0     0  655.26385    0 6785          -  655.26385      -     -  432s
     0     0  655.26385    0 2614          -  655.26385      -     -  448s
     0     0  655.26385    0 2697          -  655.26385      -     -  450s
     0     0  655.26385    0 2722          -  655.26385      -     -  450s
     0     0  657.15771    0 7688          -  657.15771      -     -  485s
     0     0  657.15786    0 8449          -  657.15786      -     -  489s
     0     0  657.15786    0 8450          -  657.15786      -     -  489s
     0     0  657.15786    0 8449          -  657.15786      -     -  489s
     0     0  657.15786    0 8449          -  657.15786      -     -  489s
     0     0  661.99416    0 4487          -  661.99416      -     -  505s
     0     0  661.99545    0 4971          -  661.99545      -     -  509s
     0     0  690.16873    0 6636          -  690.16873      -     -  532s
     0     0  690.34546    0 8833          -  690.34546      -     -  543s
     0     0  690.37753    0 8949          -  690.37753      -     -  559s
     0     0  690.37753    0 8915          -  690.37753      -     -  560s
     0     0  690.37753    0 8409          -  690.37753      -     -  560s
     0     0  690.78853    0 6729          -  690.78853      -     -  571s
     0     0  690.79128    0 8227          -  690.79128      -     -  591s
     0     0  691.62261    0 9212          -  691.62261      -     -  609s
     0     0  691.81981    0 4453          -  691.81981      -     -  623s
     0     0  691.81981    0 5480          -  691.81981      -     -  637s
     0     0  692.24002    0 8429          -  692.24002      -     -  653s
     0     0  692.29115    0 9574          -  692.29115      -     -  658s
     0     0  692.33760    0 10666          -  692.33760      -     -  669s
     0     0  692.33760    0 10694          -  692.33760      -     -  669s
     0     0  692.34000    0 10667          -  692.34000      -     -  669s
     0     0  693.94950    0 10152          -  693.94950      -     -  697s
     0     0  693.94950    0 10134          -  693.94950      -     -  697s
     0     0  693.97025    0 9272          -  693.97025      -     -  707s
     0     0  693.99006    0 9264          -  693.99006      -     -  707s
     0     0  693.99441    0 9195          -  693.99441      -     -  708s
     0     0  694.22150    0 8901          -  694.22150      -     -  737s
     0     0  694.22150    0 7820          -  694.22150      -     -  744s
     0     0  694.22630    0 9282          -  694.22630      -     -  763s
     0     0  695.43104    0 9871          -  695.43104      -     -  786s
     0     0  695.43104    0 9540          -  695.43104      -     -  806s
     0     0  709.14670    0 9949          -  709.14670      -     -  828s
     0     0  709.70570    0 11174          -  709.70570      -     -  855s
     0     0  709.70570    0 10704          -  709.70570      -     -  855s
     0     0  710.04106    0 9579          -  710.04106      -     -  878s
     0     0  710.15800    0 10415          -  710.15800      -     -  890s
     0     0  710.15800    0 10370          -  710.15800      -     -  891s
     0     0  710.43963    0 8533          -  710.43963      -     -  926s
     0     0  710.67499    0 6882          -  710.67499      -     - 1017s
     0     0  710.68549    0 10152          -  710.68549      -     - 1039s
     0     0  710.68717    0 10417          -  710.68717      -     - 1046s
     0     0  710.68717    0 10348          -  710.68717      -     - 1046s
     0     0  712.03380    0 7714          -  712.03380      -     - 1073s
     0     0  712.18788    0 7826          -  712.18788      -     - 1080s
     0     0  712.18788    0 8833          -  712.18788      -     - 1093s
     0     0  712.18788    0 9045          -  712.18788      -     - 1107s
     0     0  712.18788    0 9012          -  712.18788      -     - 1107s
     0     0  712.93830    0 9712          -  712.93830      -     - 1135s
     0     0  712.93830    0 9076          -  712.93830      -     - 1136s
     0     0  713.43485    0 10041          -  713.43485      -     - 1149s
     0     0  713.43485    0 11060          -  713.43485      -     - 1159s
     0     0  715.28750    0 9931          -  715.28750      -     - 1185s
     0     0  715.28750    0 9530          -  715.28750      -     - 1201s
     0     0  715.28750    0 9505          -  715.28750      -     - 1203s
     0     0  716.95460    0 9295          -  716.95460      -     - 1222s
     0     0  716.99383    0 9551          -  716.99383      -     - 1248s
     0     0  717.00037    0 10661          -  717.00037      -     - 1263s
     0     0  717.80273    0 10796          -  717.80273      -     - 1297s
     0     0  717.80273    0 10782          -  717.80273      -     - 1297s
     0     0  717.80317    0 11387          -  717.80317      -     - 1306s
     0     0  717.93493    0 6823          -  717.93493      -     - 1337s
     0     0  717.98729    0 7765          -  717.98729      -     - 1343s
     0     0  718.00018    0 9665          -  718.00018      -     - 1353s
     0     0  718.32927    0 10551          -  718.32927      -     - 1378s
     0     0  718.43523    0 10224          -  718.43523      -     - 1413s
     0     0  718.53672    0 10330          -  718.53672      -     - 1432s
     0     0  718.53767    0 6902          -  718.53767      -     - 1436s
     0     0  718.53767    0 6962          -  718.53767      -     - 1436s
     0     0  718.82662    0 9237          -  718.82662      -     - 1457s
     0     0  718.82662    0 9207          -  718.82662      -     - 1457s
     0     0  718.87882    0 8234          -  718.87882      -     - 1466s
     0     0  718.87882    0 8238          -  718.87882      -     - 1466s
     0     0  718.87882    0 11733          -  718.87882      -     - 1476s
     0     0  718.89315    0 13111          -  718.89315      -     - 1491s
     0     0  718.89315    0 13708          -  718.89315      -     - 1498s
     0     0  718.89315    0 13690          -  718.89315      -     - 1498s
     0     0  719.06500    0 11172          -  719.06500      -     - 1518s
     0     0  719.06500    0 8493          -  719.06500      -     - 1537s
     0     0  719.22180    0 11008          -  719.22180      -     - 1563s
     0     0  719.22180    0 10982          -  719.22180      -     - 1563s
     0     0  719.22180    0 11711          -  719.22180      -     - 1577s
     0     0  719.41268    0 9670          -  719.41268      -     - 1609s
     0     0  719.42852    0 8043          -  719.42852      -     - 1629s
     0     0  719.42852    0 8021          -  719.42852      -     - 1629s
     0     0  719.42852    0 7784          -  719.42852      -     - 1630s
     0     0  719.47046    0 9158          -  719.47046      -     - 1652s
     0     0  719.47046    0 9093          -  719.47046      -     - 1652s
     0     0  719.47095    0 8151          -  719.47095      -     - 1660s
     0     0  719.56408    0 8463          -  719.56408      -     - 1694s
     0     0  719.56408    0 8430          -  719.56408      -     - 1694s
     0     0  719.57749    0 8272          -  719.57749      -     - 1717s
     0     0  719.57749    0 8092          -  719.57749      -     - 1726s
     0     0  719.57749    0 8059          -  719.57749      -     - 1727s
     0     0  719.90000    0 8002          -  719.90000      -     - 1756s
     0     0  719.90000    0 8105          -  719.90000      -     - 1756s
     0     0  719.90000    0 7589          -  719.90000      -     - 1771s
     0     0  719.96761    0 8985          -  719.96761      -     - 1787s
     0     0  719.96761    0 8932          -  719.96761      -     - 1787s
     0     0  719.99040    0 8355          -  719.99040      -     - 1809s
     0     0  719.99040    0 8152          -  719.99040      -     - 1816s
     0     0  720.08950    0 8665          -  720.08950      -     - 1833s
     0     0  720.08950    0 8665          -  720.08950      -     - 1836s
     0     0  720.08950    0 2594          -  720.08950      -     - 1865s
     0     2  720.08950    0 2594          -  720.08950      -     - 1898s
     1     4  720.08950    1 4999          -  720.08950      -  2603 1906s
     3     8  720.08950    2 3783          -  720.08950      -  2380 1917s
     7    12  720.08950    3 4241          -  720.08950      -  1807 1923s
    11    15  720.08950    4 4419          -  720.08950      -  1692 1945s
    14    25  720.08950    5 1969          -  720.08950      -  1698 1966s
    24    32  720.08950    6 6402          -  720.08950      -  1360 1992s
    31    42  720.08950    7 6038          -  720.08950      -  1164 2011s
    41    52  720.08950    9 6525          -  720.08950      -  1118 2032s
    51    65  720.08950   11 6702          -  720.08950      -  1129 2045s
    64    78  720.08950   13 4875          -  720.08950      -   983 2063s
    77    93  720.08950   18 5238          -  720.08950      -   904 2083s
    92   111  720.91950   21 5034          -  720.08950      -   874 2105s
   110   143  721.80950   24 5712          -  720.08950      -   898 2124s
   142   173  726.58227   28 6325          -  720.08950      -   814 2144s
   172   192  726.58227   42 6837          -  720.08950      -   795 2167s
   191   223  730.89655   47 8459          -  720.08950      -   825 2205s
   224   247  728.81941   53 7187          -  720.08950      -   805 2237s
   248   271  728.81941   63 5582          -  720.08950      -   805 2254s
   272   299  729.05599   69 5294          -  720.08950      -   794 2278s
   302   330  729.30967   76 5285          -  720.08950      -   762 2297s
   333   362  729.77190   78 7010          -  720.08950      -   750 2317s
   365   383  729.87204   85 6153          -  720.08950      -   727 2343s
   389   404  729.87204   88 5622          -  720.08950      -   740 2362s
   412   441  729.87204   95 6866          -  720.08950      -   737 2378s
   449   445  730.94068  112 4952          -  720.08950      -   717 2705s
   453   466  730.96700  113 5388          -  720.08950      -   719 2907s
   474   507  731.11089  130 5941          -  720.08950      -   709 2929s
   517   561  731.74204  148 7432          -  720.08950      -   684 2949s
   571   619  732.02736  174 5091          -  720.08950      -   653 2976s
   629   681  732.20541  203 5105          -  720.08950      -   617 3000s
   691   749  732.34824  235 6509          -  720.08950      -   589 3024s
   759   816  732.47229  270 5772          -  720.08950      -   558 3041s
   828   880  732.53190  308 6072          -  720.08950      -   528 3062s
   892   964  732.71542  350 6030          -  720.08950      -   510 3079s
   976  1022  733.19123  395 6517          -  720.08950      -   480 3107s
  1034  1121  733.46756  418 5829          -  720.08950      -   469 3129s
  1135  1197  836.97680  465 5253          -  720.08950      -   449 3150s
  1211  1287  838.40524  473 6901          -  720.08950      -   442 3179s
  1305  1343  842.06357  492 6246          -  720.08950      -   439 3200s
  1381  1420  848.14369  542 6382          -  720.08950      -   445 3233s
  1462  1497  852.85009  592 3587          -  720.08950      -   449 3262s
  1539  1658  861.99809  627 4896          -  720.08950      -   454 3299s
  1702  1790  865.68995  704 5341          -  720.08950      -   424 3324s
  1839  1943  979.24139  738 6183          -  720.08950      -   411 3351s
  1992  2057  987.88528  741 5819          -  720.08950      -   397 3381s
  2108  2197  989.65902  749 5013          -  720.08950      -   384 3409s
  2252  2363  995.54733  768 4438          -  720.08950      -   378 3438s
  2420  2491 1065.00716  784 7025          -  720.08950      -   364 3467s
  2548  2577 1022.65314  795 6313          -  720.08950      -   358 3504s
  2656  2605 1079.46707  816 5921          -  720.08950      -   361 3540s
  2684  2722 1079.75036  820 6761          -  720.08950      -   371 3595s
  2805  2809 1098.23467  838 6238          -  720.08950      -   373 3643s
  2898  2916 1099.90738  847 5330          -  720.08950      -   375 3684s
  3015  3076 1212.18852  853 6258          -  720.08950      -   382 3740s
  3176  3077  743.53784   36 2594          -  720.08950      -   370 3855s
  3178  3078  729.27370   28 4958          -  720.08950      -   370 4098s
  3179  3079  732.67444  113 4958          -  720.08950      -   370 4171s
  3180  3080  780.87153  260 4381          -  720.08950      -   370 4284s
  3181  3080  732.47229  273 3821          -  720.08950      -   370 4364s
  3182  3081  740.93612  392 4463          -  720.08950      -   370 4473s
  3183  3082  740.90116  381 2783          -  720.08950      -   370 4564s
  3184  3082  934.06025  622 6013          -  720.08950      -   369 4665s
  3185  3083  863.47283  669 5005          -  720.36703      -   369 4771s
  3186  3084  740.60900  350 6454          -  721.87025      -   369 4830s
  3187  3084 1100.70476  848 4113          -  724.47779      -   369 4926s
  3188  3085  785.99950  463 5454          -  725.35093      -   369 5008s
  3189  3086  752.95450  453 4565          -  726.28463      -   369 5257s
  3190  3086  837.06647  262 6463          -  727.55110      -   369 5436s
  3191  3087  732.24193  211 4293          -  728.25793      -   369 5548s
  3192  3088  779.09891  146 6294          -  729.78767      -   369 5601s
  3193  3088  843.50125  344 4907          -  733.36136      -   368 5687s
  3194  3089  838.43426  468 6023          -  734.16797      -   368 5765s
  3195  3090  744.64219  162 5188          -  736.43459      -   368 5870s
  3196  3090  760.20950  222 5170          -  738.35428      -   368 5945s
  3197  3091  865.85539  697 4548          -  740.35789      -   368 6061s
  3198  3092  842.26366  311 4294          -  740.49617      -   368 6139s
  3199  3092  847.18779  449 3845          -  740.67925      -   368 6226s
  3200  3093  855.82993  608 5922          -  741.06432      -   368 6296s
  3201  3094  857.01413  609 5842          -  741.15982      -   367 6402s
  3202  3094  741.17565  394 7831          -  741.17565      -   367 6454s
  3203  3095  741.20293  238 5506          -  741.20293      -   367 6518s
  3204  3096  855.55607  606 5856          -  741.33971      -   367 6559s
  3205  3096  844.46987  362 6004          -  741.33976      -   367 6607s
  3206  3097  763.85666   63 6014          -  741.59173      -   367 6659s
  3207  3098  741.60162  336 4769          -  741.60162      -   367 6722s
  3208  3098  769.32200   93 5824          -  741.69019      -   367 6786s
  3209  3099  742.71692  236 4786          -  742.71692      -   367 6854s
  3210  3100  780.20152  245 5533          -  743.15148      -   366 6912s
  3211  3100  765.47347  156 3632          -  743.70127      -   366 7032s
  3212  3101  841.80055  298 5344          -  744.02023      -   366 7097s
  3213  3102  744.03336    9 3972          -  744.03336      -   366 7168s

Cutting planes:
  Learned: 4
  Gomory: 10
  Cover: 447
  Implied bound: 21
  Projected implied bound: 321
  Clique: 29
  MIR: 144
  StrongCG: 67
  Flow cover: 573
  GUB cover: 506
  Zero half: 76
  RLT: 190
  Relax-and-lift: 104

Explored 3213 nodes (2647572 simplex iterations) in 7201.18 seconds (5092.79 work units)
Thread count was 4 (of 8 available processors)

Solution count 0

Time limit reached
Best objective -, best bound 7.441000000000e+02, gap -
