
Gurobi 13.0.2 (linux64) logging started Sun Jul 12 05:04:30 2026

Set parameter LogFile to value "src/Resultados/Restriccion_solo_cliques/logs/RC106-50.xml_log.log"
Set parameter Threads to value 4
Gurobi Optimizer version 13.0.2 build v13.0.2rc1 (linux64 - "Rocky Linux 9.7 (Blue Onyx)")

CPU model: QEMU Virtual CPU version 2.5+, instruction set [SSE2]
Thread count: 8 physical cores, 8 logical processors, using up to 4 threads

Non-default parameters:
TimeLimit  7200
Threads  4

Optimize a model with 140237 rows, 86940 columns and 1181160 nonzeros (Min)
Model fingerprint: 0x3662c1a6
Model has 17115 linear objective coefficients
Variable types: 17610 continuous, 69330 integer (69315 binary)
Coefficient statistics:
  Matrix range     [1e+00, 4e+04]
  Objective range  [1e+00, 8e+01]
  Bounds range     [1e+00, 2e+03]
  RHS range        [1e+00, 4e+04]

Presolve removed 41401 rows and 300 columns (presolve time = 5s)...
Presolve removed 41461 rows and 345 columns
Presolve time: 8.21s
Presolved: 98776 rows, 86595 columns, 479505 nonzeros
Variable types: 750 continuous, 85845 integer (74970 binary)
Deterministic concurrent LP optimizer: primal and dual simplex
Showing primal log only...


Root simplex log...

Iteration    Objective       Primal Inf.    Dual Inf.      Time
       0    4.8688000e+03   3.424156e+03   5.951406e+10     11s
   28724    3.6458700e+02   3.082716e+02   4.031115e+10     15s
   35804    4.0203447e+02   2.477294e+02   8.225975e+09     20s
   38990    4.7254058e+02   2.278993e+02   7.250031e+09     25s
   41441    4.8833487e+02   1.951757e+02   5.389496e+09     30s
   43919    4.7026403e+02   1.347051e+02   1.765745e+10     35s
   46397    4.2060828e+02   8.668085e+01   4.862287e+09     40s
   48875    3.8164247e+02   6.993800e+01   1.432205e+10     45s
   51149    3.5252546e+02   5.728503e+01   5.508758e+09     50s
   53045    3.4612850e+02   4.239417e+01   2.981571e+10     55s
   54985    3.4686583e+02   3.739831e+01   2.590925e+11     60s
   56898    3.2465431e+02   1.803263e+01   9.356604e+10     65s
   58453    3.1988318e+02   1.191795e+01   1.254063e+12     70s
   60366    3.2353250e+02   9.856241e+00   1.753012e+09     75s
   62490    3.2926824e+02   8.198827e+00   8.233266e+10     80s
   65145    4.0470652e+02   5.487858e+00   1.263022e+09     85s
   68668    5.7756648e+02   2.261105e+00   1.162795e+10     90s
   71413    6.6598680e+02   2.886915e-01   1.947168e+09     95s
   74422    5.4770771e+02   0.000000e+00   1.020453e+04    100s
   76849    5.1619851e+02   0.000000e+00   5.143995e+02    105s
   78747    5.0053269e+02   0.000000e+00   1.404603e+05    110s
   80962    4.9800002e+02   1.944063e+04   0.000000e+00    116s
   82206    4.9800003e+02   3.562027e+02   0.000000e+00    120s
   84161    4.9800004e+02   1.413575e+03   0.000000e+00    125s
   86423    4.9800004e+02   1.562600e+02   0.000000e+00    130s
   88001    4.9800005e+02   1.180338e+01   0.000000e+00    135s
   89284    4.9800000e+02   0.000000e+00   0.000000e+00    139s
Concurrent spin time: 19.71s (can be avoided by choosing Method=3)

Solved with primal simplex

Root relaxation: objective 4.980000e+02, 89284 iterations, 148.77 seconds (68.09 work units)

    Nodes    |    Current Node    |     Objective Bounds      |     Work
 Expl Unexpl |  Obj  Depth IntInf | Incumbent    BestBd   Gap | It/Node Time

     0     0  498.00000    0 6000          -  498.00000      -     -  190s
     0     0  498.00000    0 7494          -  498.00000      -     -  192s
     0     0  498.00000    0 7494          -  498.00000      -     -  194s
     0     0  498.00000    0 7497          -  498.00000      -     -  196s
     0     0  498.00000    0 8354          -  498.00000      -     -  199s
     0     0  498.00000    0 10696          -  498.00000      -     -  244s
     0     0  498.00000    0 11013          -  498.00000      -     -  253s
     0     0  498.00000    0 10478          -  498.00000      -     -  254s
     0     0  498.00000    0 10995          -  498.00000      -     -  264s
     0     0  498.00000    0 10715          -  498.00000      -     -  264s
     0     0  498.00000    0 8024          -  498.00000      -     -  289s
     0     0  498.00000    0 8024          -  498.00000      -     -  289s
     0     0  498.00000    0 2775          -  498.00000      -     -  330s
     0     0  498.00000    0 2818          -  498.00000      -     -  339s
     0     0  498.00000    0 2818          -  498.00000      -     -  339s
     0     0  498.00000    0 9985          -  498.00000      -     -  354s
     0     0  498.00000    0 9975          -  498.00000      -     -  354s
     0     0  498.00000    0 5033          -  498.00000      -     -  401s
     0     0  498.00000    0 7221          -  498.00000      -     -  417s
     0     0  498.00000    0 7447          -  498.00000      -     -  419s
     0     0  498.00000    0 10759          -  498.00000      -     -  433s
     0     0  498.00000    0 10759          -  498.00000      -     -  434s
     0     0  498.00000    0 2929          -  498.00000      -     -  510s
     0     0  498.00000    0 9030          -  498.00000      -     -  531s
     0     0  498.00000    0 8950          -  498.00000      -     -  532s
     0     0  498.04362    0 8620          -  498.04362      -     -  545s
     0     0  498.04362    0 8564          -  498.04362      -     -  545s
     0     0  498.04362    0 3071          -  498.04362      -     -  576s
     0     0  498.04362    0 3914          -  498.04362      -     -  581s
     0     0  498.04362    0 3939          -  498.04362      -     -  582s
     0     0  498.67323    0 6333          -  498.67323      -     -  599s
     0     0  498.67323    0 6333          -  498.67323      -     -  599s
     0     0  498.69880    0 7019          -  498.69880      -     -  607s
     0     0  498.69880    0 6998          -  498.69880      -     -  607s
     0     0  502.49593    0 7081          -  502.49593      -     -  619s
     0     0  502.51293    0 6472          -  502.51293      -     -  623s
     0     0  502.54543    0 7275          -  502.54543      -     -  625s
     0     0  502.54543    0 7087          -  502.54543      -     -  626s
     0     0  505.89818    0 7568          -  505.89818      -     -  632s
     0     0  505.89818    0 7538          -  505.89818      -     -  632s
     0     0  506.36096    0 7356          -  506.36096      -     -  667s
     0     0  506.36096    0 8835          -  506.36096      -     -  671s
     0     0  507.39785    0 8252          -  507.39785      -     -  677s
     0     0  507.39785    0 8598          -  507.39785      -     -  684s
     0     0  507.39785    0 8575          -  507.39785      -     -  684s
     0     0  507.53673    0 7937          -  507.53673      -     -  698s
     0     0  507.54239    0 8217          -  507.54239      -     -  702s
     0     0  507.54239    0 8220          -  507.54239      -     -  702s
     0     0  507.54239    0 7064          -  507.54239      -     -  703s
     0     0  508.42810    0 10172          -  508.42810      -     -  711s
     0     0  508.42810    0 8039          -  508.42810      -     -  714s
     0     0  508.43607    0 9582          -  508.43607      -     -  722s
     0     0  508.46716    0 8345          -  508.46716      -     -  726s
     0     0  508.46716    0 8344          -  508.46716      -     -  726s
     0     0  508.49493    0 9596          -  508.49493      -     -  730s
     0     0  508.49493    0 7538          -  508.49493      -     -  734s
     0     0  509.21040    0 8113          -  509.21040      -     -  745s
     0     0  509.33030    0 8442          -  509.33030      -     -  751s
     0     0  509.33030    0 6045          -  509.33030      -     -  755s
     0     0  510.08779    0 8142          -  510.08779      -     -  764s
     0     0  510.08779    0 8843          -  510.08779      -     -  778s
     0     0  510.25671    0 10811          -  510.25671      -     -  790s
     0     0  510.25671    0 10806          -  510.25671      -     -  791s
     0     0  510.25671    0 10812          -  510.25671      -     -  791s
     0     0  510.25671    0 9059          -  510.25671      -     -  796s
     0     0  510.29148    0 10374          -  510.29148      -     -  811s
     0     0  510.29148    0 9817          -  510.29148      -     -  827s
     0     0  510.33715    0 10116          -  510.33715      -     -  844s
     0     0  510.56293    0 9056          -  510.56293      -     -  850s
     0     0  510.56293    0 7471          -  510.56293      -     -  854s
     0     0  510.57960    0 10188          -  510.57960      -     -  862s
     0     0  510.57960    0 10190          -  510.57960      -     -  862s
     0     0  510.57960    0 10804          -  510.57960      -     -  867s
     0     0  510.62357    0 9812          -  510.62357      -     -  877s
     0     0  510.62357    0 8005          -  510.62357      -     -  884s
     0     0  510.62357    0 7972          -  510.62357      -     -  884s
     0     0  510.66363    0 8275          -  510.66363      -     -  892s
     0     0  510.73055    0 9274          -  510.73055      -     -  997s
     0     0  510.73055    0 8189          -  510.73055      -     -  997s
     0     0  510.73055    0 7796          -  510.73055      -     - 1001s
     0     0  511.70695    0 6566          -  511.70695      -     - 1011s
     0     0  511.70695    0 6798          -  511.70695      -     - 1012s
     0     0  511.76423    0 6183          -  511.76423      -     - 1017s
     0     0  511.77556    0 5835          -  511.77556      -     - 1019s
     0     0  511.78939    0 5339          -  511.78939      -     - 1021s
     0     0  511.78939    0 5847          -  511.78939      -     - 1022s
     0     0  512.12865    0 9531          -  512.12865      -     - 1029s
     0     0  512.12865    0 7715          -  512.12865      -     - 1036s
     0     0  512.13272    0 10388          -  512.13272      -     - 1044s
     0     0  512.13272    0 10393          -  512.13272      -     - 1044s
     0     0  512.13866    0 8867          -  512.13866      -     - 1050s
     0     0  512.13866    0 8865          -  512.13866      -     - 1050s
     0     0  512.14348    0 9123          -  512.14348      -     - 1053s
     0     0  512.14348    0 8714          -  512.14348      -     - 1058s
     0     0  512.19520    0 8652          -  512.19520      -     - 1069s
     0     0  512.19520    0 8656          -  512.19520      -     - 1069s
     0     0  512.19520    0 8654          -  512.19520      -     - 1069s
     0     0  512.19520    0 8650          -  512.19520      -     - 1070s
     0     0  512.20088    0 8289          -  512.20088      -     - 1075s
     0     0  512.20088    0 6733          -  512.20088      -     - 1078s
     0     0  512.40549    0 10587          -  512.40549      -     - 1087s
     0     0  512.40549    0 10548          -  512.40549      -     - 1088s
     0     0  512.40549    0 10106          -  512.40549      -     - 1093s
     0     0  512.40549    0 10828          -  512.40549      -     - 1104s
     0     0  512.40549    0 10799          -  512.40549      -     - 1104s
     0     0  512.40947    0 10529          -  512.40947      -     - 1110s
     0     0  512.40947    0 7160          -  512.40947      -     - 1113s
     0     0  515.16917    0 8965          -  515.16917      -     - 1122s
     0     0  515.16917    0 8934          -  515.16917      -     - 1122s
     0     0  515.16917    0 6127          -  515.16917      -     - 1187s
     0     0  515.16917    0 7087          -  515.16917      -     - 1208s
     0     0  515.16917    0 8036          -  515.16917      -     - 1211s
     0     0  515.20937    0 10680          -  515.20937      -     - 1220s
     0     0  515.20937    0 10653          -  515.20937      -     - 1221s
     0     0  515.32368    0 9926          -  515.32368      -     - 1226s
     0     0  515.33806    0 11635          -  515.33806      -     - 1230s
     0     0  515.33918    0 10593          -  515.33918      -     - 1233s
     0     0  515.68868    0 15832          -  515.68868      -     - 1247s
     0     0  515.68868    0 14330          -  515.68868      -     - 1252s
     0     0  515.68868    0 14305          -  515.68868      -     - 1252s
     0     0  515.68884    0 13733          -  515.68884      -     - 1268s
     0     0  515.68884    0 11427          -  515.68884      -     - 1273s
     0     0  515.75586    0 12670          -  515.75586      -     - 1326s
     0     0  515.76002    0 11324          -  515.76002      -     - 1333s
     0     0  515.76002    0 10268          -  515.76002      -     - 1333s
     0     0  515.76354    0 13452          -  515.76354      -     - 1337s
     0     0  515.76354    0 11727          -  515.76354      -     - 1342s
     0     0  515.76354    0 11647          -  515.76354      -     - 1342s
     0     0  515.87345    0 14283          -  515.87345      -     - 1352s
     0     0  515.87345    0 14285          -  515.87345      -     - 1352s
     0     0  515.87345    0 14182          -  515.87345      -     - 1359s
     0     0  515.93237    0 10100          -  515.93237      -     - 1366s
     0     0  515.98955    0 12769          -  515.98955      -     - 1372s
     0     0  515.99016    0 12548          -  515.99016      -     - 1375s
     0     0  517.31071    0 11177          -  517.31071      -     - 1386s
     0     0  517.31071    0 13984          -  517.31071      -     - 1390s
     0     0  518.34755    0 11446          -  518.34755      -     - 1403s
     0     0  518.35739    0 12073          -  518.35739      -     - 1408s
     0     0  518.36934    0 12620          -  518.36934      -     - 1410s
     0     0  518.36934    0 9717          -  518.36934      -     - 1411s
     0     0  518.80162    0 14296          -  518.80162      -     - 1421s
     0     0  518.80162    0 14295          -  518.80162      -     - 1422s
     0     0  519.04101    0 15275          -  519.04101      -     - 1428s
     0     0  519.24826    0 15520          -  519.24826      -     - 1433s
     0     0  519.24829    0 16604          -  519.24829      -     - 1436s
     0     0  519.78709    0 17489          -  519.78709      -     - 1447s
     0     0  519.78709    0 17395          -  519.78709      -     - 1448s
     0     0  519.78709    0 13915          -  519.78709      -     - 1454s
     0     0  519.78709    0 13908          -  519.78709      -     - 1454s
     0     0  519.99248    0 18026          -  519.99248      -     - 1464s
     0     0  519.99248    0 18009          -  519.99248      -     - 1465s
     0     0  519.99332    0 15964          -  519.99332      -     - 1472s
     0     0  519.99332    0 15807          -  519.99332      -     - 1472s
     0     0  520.00319    0 16064          -  520.00319      -     - 1485s
     0     0  520.00319    0 15539          -  520.00319      -     - 1493s
     0     0  520.05211    0 13639          -  520.05211      -     - 1504s
     0     0  520.05211    0 13643          -  520.05211      -     - 1504s
     0     0  520.12179    0 15291          -  520.12179      -     - 1509s
     0     0  520.16517    0 10145          -  520.16517      -     - 1512s
     0     0  520.16517    0 10137          -  520.16517      -     - 1512s
     0     0  520.16523    0 12590          -  520.16523      -     - 1516s
     0     0  520.18886    0 12494          -  520.18886      -     - 1529s
     0     0  520.18886    0 12492          -  520.18886      -     - 1530s
     0     0  520.21936    0 15360          -  520.21936      -     - 1543s
     0     0  520.21936    0 15361          -  520.21936      -     - 1543s
     0     0  520.28221    0 16603          -  520.28221      -     - 1549s
     0     0  520.28221    0 18235          -  520.28221      -     - 1554s
     0     0  520.48158    0 18184          -  520.48158      -     - 1587s
     0     0  520.48699    0 17813          -  520.48699      -     - 1595s
     0     0  520.48699    0 17599          -  520.48699      -     - 1595s
     0     0  520.57081    0 15853          -  520.57081      -     - 1600s
     0     0  520.58785    0 14867          -  520.58785      -     - 1603s
     0     0  520.58785    0 14638          -  520.58785      -     - 1604s
     0     0  520.58895    0 12655          -  520.58895      -     - 1607s
     0     0  520.80112    0 14009          -  520.80112      -     - 1616s
     0     0  520.83603    0 18623          -  520.83603      -     - 1622s
     0     0  520.87278    0 14939          -  520.87278      -     - 1628s
     0     0  520.87278    0 14965          -  520.87278      -     - 1628s
     0     0  520.87340    0 14723          -  520.87340      -     - 1631s
     0     0  520.87340    0 14647          -  520.87340      -     - 1631s
     0     0  521.53656    0 18517          -  521.53656      -     - 1647s
     0     0  521.53656    0 17674          -  521.53656      -     - 1652s
     0     0  521.53656    0 17674          -  521.53656      -     - 1652s
     0     0  521.61479    0 17804          -  521.61479      -     - 1667s
     0     0  521.63503    0 14408          -  521.63503      -     - 1672s
     0     0  521.63503    0 14046          -  521.63503      -     - 1675s
     0     0  521.72908    0 16515          -  521.72908      -     - 1685s
     0     0  521.72908    0 16464          -  521.72908      -     - 1685s
     0     0  521.77479    0 17198          -  521.77479      -     - 1690s
     0     0  521.78887    0 18955          -  521.78887      -     - 1694s
     0     0  521.78887    0 14442          -  521.78887      -     - 1698s
     0     0  521.78887    0 14468          -  521.78887      -     - 1698s
     0     0  521.89559    0 17356          -  521.89559      -     - 1711s
     0     0  521.99261    0 17215          -  521.99261      -     - 1718s
     0     0  521.99261    0 17005          -  521.99261      -     - 1718s
     0     0  521.99261    0 17005          -  521.99261      -     - 1718s
     0     0  521.99261    0 17005          -  521.99261      -     - 1718s
     0     0  521.99261    0 17007          -  521.99261      -     - 1718s
     0     0  521.99261    0 14030          -  521.99261      -     - 1721s
     0     0  522.13098    0 15796          -  522.13098      -     - 1730s
     0     0  522.13098    0 15998          -  522.13098      -     - 1736s
     0     0  522.30079    0 15450          -  522.30079      -     - 1752s
     0     0  522.30079    0 15450          -  522.30079      -     - 1752s
     0     0  522.30186    0 17277          -  522.30186      -     - 1759s
     0     0  522.30186    0 17184          -  522.30186      -     - 1760s
     0     0  522.31423    0 16990          -  522.31423      -     - 1774s
     0     0  522.31423    0 16990          -  522.31423      -     - 1781s
     0     0  522.31423    0 2656          -  522.31423      -     - 1839s
     0     2  522.31423    0 2656          -  522.31423      -     - 1893s
     1     4  522.31423    1 3542          -  522.31423      -   726 1901s
     3     8  522.31423    2 3538          -  522.31423      -   795 1909s
     7    12  522.32773    3 9287          -  522.31423      -  1177 1916s
    25    39  522.33663    5 8899          -  522.31423      -   417 1923s
    38    43  523.54846    6 8228          -  522.31423      -   386 1925s
    50    55  522.77949    8 9146          -  522.31423      -   372 1932s
    54    59  522.77949    9 9150          -  522.31423      -   393 1937s
    58    66  522.77949   10 9195          -  522.31423      -   372 1940s
    69    86  522.77949   13 8869          -  522.31423      -   376 1945s
    86    90  523.15336   17 8487          -  522.31423      -   321 1953s
    90    99  523.15336   18 8561          -  522.31423      -   307 1955s
    99   103  523.23238   23 8484          -  522.31423      -   298 1962s
   103   107  523.23238   24 8460          -  522.31423      -   297 1969s
   107   117  523.27533   25 8453          -  522.31423      -   288 1973s
   120   121  523.37324   29 8189          -  522.31423      -   296 1978s
   124   125  523.37324   30 8185          -  522.31423      -   353 1981s
   144   145  523.37324   36 8218          -  522.31423      -   340 1992s
   169   170  523.39616   45 9236          -  522.31423      -   301 2001s
   173   174  523.39616   46 9230          -  522.31423      -   309 2010s
   177   191  523.39616   47 9230          -  522.31423      -   307 2018s
   194   195  523.46877   56 8986          -  522.31423      -   291 2030s
   198   217  523.46881   57 8516          -  522.31423      -   286 2037s
   220   248  523.47538   67 8192          -  522.31423      -   266 2040s
   251   252  523.51839   73 8475          -  522.31423      -   243 2045s
   255   275  523.51839   74 8475          -  522.31423      -   240 2082s
   278   279  523.52001   86 9266          -  522.31423      -   226 2155s
   282   283  523.52001   87 9278          -  522.31423      -   223 2252s
   286   287  523.52001   88 9292          -  522.31423      -   222 2363s
   290   291  523.52001   89 9298          -  522.31423      -   219 2514s
   294   295  523.52001   90 9296          -  522.31423      -   218 2654s
   298   299  523.52268   91 9292          -  522.31423      -   217 2818s
   302   303  523.52298   92 8838          -  522.31423      -   214 2945s
   306   307  523.52298   93 8836          -  522.31423      -   212 3118s
   310   311  523.52389   94 8828          -  522.31423      -   211 3241s
   314   315  523.52389   95 8830          -  522.31423      -   208 3364s
   318   319  523.52880   96 8833          -  522.31423      -   208 3517s
   322   323  523.56787   97 9251          -  522.31423      -   206 3645s
   326   327  523.57573   98 9251          -  522.31423      -   204 3785s
   330   331  523.58091   99 8724          -  522.31423      -   203 3903s
   334   335  523.58091  100 8726          -  522.31423      -   200 3997s
   338   343  523.58339  101 8732          -  522.31423      -   198 4022s
   346   347  523.59059  102 8821          -  522.31423      -   198 4041s
   350   351  523.59610  103 9243          -  522.31423      -   197 4056s
   354   355  523.59931  104 8730          -  522.31423      -   196 4077s
   358   359  523.61208  105 8813          -  522.31423      -   194 4092s
   362   363  523.61208  106 8813          -  522.31423      -   192 4104s
   366   367  523.61208  107 8812          -  522.31423      -   190 4123s
   370   371  523.62424  108 8724          -  522.31423      -   190 4140s
   374   375  523.62877  109 8701          -  522.31423      -   191 4154s
   378   379  523.63980  110 8672          -  522.31423      -   189 4171s
   382   383  523.64685  111 8671          -  522.31423      -   187 4186s
   386   387  523.64928  112 8668          -  522.31423      -   186 4201s
   390   391  523.67595  113 9324          -  522.31423      -   184 4218s
   394   395  523.67833  114 9322          -  522.31423      -   183 4232s
   398   399  523.68342  115 9303          -  522.31423      -   181 4276s
   402   403  523.70617  116 9317          -  522.31423      -   180 4291s
   406   407  523.71975  117 9317          -  522.31423      -   178 4310s
   410   411  523.72184  118 8656          -  522.31423      -   179 4426s
   414   415  523.72184  119 8650          -  522.31423      -   178 4440s
   418   419  523.72184  120 8543          -  522.31423      -   178 4459s
   422   423  523.74515  121 8710          -  522.31423      -   177 4476s
   426   427  523.74515  122 8563          -  522.31423      -   179 4541s
   430   431  523.74515  123 8561          -  522.31423      -   177 4615s
   434   456  523.74714  124 8563          -  522.31423      -   176 4630s
   459   472  523.83870  146 8489          -  522.31423      -   168 4648s
   475   499  523.84578  159 8416          -  522.31423      -   165 4665s
   502   528  523.87233  183 7469          -  522.31423      -   159 4682s
   531   558  524.01938  209 7743          -  522.31423      -   154 4768s
   561   590  524.28315  236 7201          -  522.31423      -   148 4797s
   593   620  531.84130  265 7189          -  522.31423      -   145 4853s
   626   649  572.66673  292 7130          -  522.31423      -   144 4876s
   661   668  522.85061   16 5396          -  522.50143      -   145 4902s
   680   724  522.99030   31 7170          -  522.50143      -   154 4927s
   736   768  523.55724   49 7153          -  522.50143      -   160 4951s
   780   830  529.27313   69 6934          -  522.50143      -   156 5023s
   856   914  529.91708    9 7171          -  522.50143      -   162 5069s
   940  1004  530.69432   47 6577          -  522.50143      -   161 5150s
  1030  1152  530.78453   88 6560          -  522.50143      -   154 5176s
  1186  1332  531.01015  139 6993          -  522.62792      -   151 5199s
  1374  1515  531.20592  198 6370          -  522.62792      -   146 5226s
  1573  1736  531.65782  267 7375          -  522.75708      -   145 5248s
  1798  1737  527.43391   10 2656          -  522.75708      -   145 5404s
  1800  1738  524.44280   66 4034          -  522.75708      -   145 5714s
  1801  1739  531.18637  191 3694          -  522.75708      -   144 5856s
  1802  1740  532.88622  319 3368          -  522.75708      -   144 5930s
  1803  1740  575.00656   35 4404          -  522.75708      -   144 5955s
  1804  1741  530.88216   96 4145          -  522.75708      -   144 6077s
  1805  1742  526.60812  231 3746          -  522.75708      -   144 6088s
  1806  1742  524.50812  174 4039          -  522.75708      -   144 6097s
  1807  1743  531.73175  269 3480          -  522.75708      -   144 6129s
  1808  1744  531.36692  225 3200          -  524.67189      -   144 6259s
  1809  1744  560.20120  247 5213          -  527.89815      -   144 6288s
  1810  1745  560.17617  228 5688          -  528.29254      -   144 6325s
  1811  1746  532.77553   65 4812          -  528.49663      -   144 6340s
  1812  1746  561.61888  392 5855          -  529.24788      -   144 6361s
  1813  1747  569.47969  133 6027          -  529.84550      -   144 6424s
  1814  1748  530.69432   45 5873          -  530.52862      -   143 6448s
  1815  1748  531.16362  143 6006          -  530.60038      -   143 6452s
  1816  1749  560.16233  183 5814          -  530.60261      -   143 6458s
  1817  1750  546.16901  125 5523          -  530.85556      -   143 6483s
  1818  1750  532.20641  104 3083          -  532.20641      -   143 6583s
  1819  1751  533.10856  101 4596          -  533.10856      -   143 6622s
  1820  1752  561.35514  329 5177          -  533.59277      -   143 6641s
  1821  1752  533.74662  270 4818          -  533.74662      -   143 6646s
  1822  1753  534.58830  111 4956          -  534.58830      -   143 6660s
  1823  1754  534.87175   22 4923          -  534.87175      -   143 6680s
  1825  1755  560.21179  189 5340          -  534.89079      -   143 6688s
  1826  1756  534.89828  328 5063          -  534.89828      -   142 6693s
  1827  1756  534.90205   74 5088          -  534.90205      -   142 6696s
  1829  1758  561.52822  343 4924          -  534.90556      -   142 6720s
  1830  1758  554.57969  131 2798          -  536.04020      -   142 6780s
  1831  1759  562.40520  455 3784          -  536.60662      -   142 6808s
  1832  1760  575.08413   44 4645          -  536.68492      -   142 6813s
  1833  1760  536.76676   76 4467          -  536.76676      -   142 6818s
  1834  1761  536.80853  165 4317          -  536.80853      -   142 6821s
  1837  1763  560.17617  229 4066          -  536.82452      -   142 6842s
  1838  1764  575.60774   45 2945          -  537.56807      -   142 6901s
  1839  1764  537.72728   66 4341          -  537.72728      -   141 6922s
  1840  1765  537.76074   56 4179          -  537.76074      -   141 6925s
  1842  1766  537.78248  282 4408          -  537.78248      -   141 6946s
  1843  1767  540.49279   78 3392          -  538.57065      -   141 7104s
  1844  1768  557.81164   78 4377          -  538.73442      -   141 7116s
  1845  1768  538.96537   86 4123          -  538.96537      -   141 7128s
  1846  1769  539.02538    7 4515          -  539.02538      -   141 7134s
  1847  1770  539.08430   99 4601          -  539.08430      -   141 7142s
  1848  1770  539.08437  307 4138          -  539.08437      -   141 7163s

Cutting planes:
  Gomory: 7
  Cover: 277
  Implied bound: 34
  Projected implied bound: 331
  Clique: 91
  MIR: 196
  StrongCG: 53
  Flow cover: 725
  GUB cover: 311
  Zero half: 104
  RLT: 194
  Relax-and-lift: 73

Explored 1848 nodes (1286004 simplex iterations) in 7200.17 seconds (4929.21 work units)
Thread count was 4 (of 8 available processors)

Solution count 0

Time limit reached
Best objective -, best bound 5.397000000000e+02, gap -
