
Gurobi 13.0.2 (linux64) logging started Sun Jul 12 09:05:54 2026

Set parameter LogFile to value "src/Resultados/Restriccion_solo_cliques/logs/RC107-50.xml_log.log"
Set parameter Threads to value 4
Gurobi Optimizer version 13.0.2 build v13.0.2rc1 (linux64 - "Rocky Linux 9.7 (Blue Onyx)")

CPU model: QEMU Virtual CPU version 2.5+, instruction set [SSE2]
Thread count: 8 physical cores, 8 logical processors, using up to 4 threads

Non-default parameters:
TimeLimit  7200
Threads  4

Optimize a model with 145073 rows, 91590 columns and 1395195 nonzeros (Min)
Model fingerprint: 0xe7783081
Model has 21525 linear objective coefficients
Variable types: 17670 continuous, 73920 integer (73905 binary)
Coefficient statistics:
  Matrix range     [1e+00, 4e+04]
  Objective range  [1e+00, 8e+01]
  Bounds range     [1e+00, 2e+03]
  RHS range        [1e+00, 4e+04]

Presolve removed 41538 rows and 300 columns (presolve time = 5s)...
Presolve removed 41583 rows and 345 columns
Presolve time: 6.30s
Presolved: 103490 rows, 91245 columns, 524670 nonzeros
Variable types: 750 continuous, 90495 integer (79620 binary)
Deterministic concurrent LP optimizer: primal simplex, dual simplex, and barrier
Showing barrier log only...

Root barrier log...

Ordering time: 1.66s

Barrier statistics:
 Dense cols : 15
 AA' NZ     : 1.828e+06
 Factor NZ  : 7.171e+06 (roughly 140 MB of memory)
 Factor Ops : 1.822e+09 (less than 1 second per iteration)
 Threads    : 1

                  Objective                Residual
Iter       Primal          Dual         Primal    Dual     Compl     Time
   0   1.13913214e+06 -1.27261746e+06  6.25e+04 2.22e-16  1.13e+02    11s
   1   3.75780913e+05 -1.43263645e+06  2.06e+04 6.80e-01  4.17e+01    12s
   2   1.31918825e+05 -1.07400851e+06  8.02e+03 7.09e-02  1.49e+01    12s
   3   2.37243421e+04 -3.45996343e+05  1.30e+03 8.30e-12  2.81e+00    13s
   4   8.55012188e+03 -5.88740230e+04  4.17e+02 4.87e-13  5.81e-01    14s
   5   2.28613883e+03 -1.59493540e+04  6.66e+01 6.11e-14  1.11e-01    14s
   6   1.37944204e+03 -4.47264182e+03  3.83e+00 1.86e-14  2.53e-02    15s
   7   9.29501815e+02 -9.74751067e+02  7.04e-01 1.73e-14  7.87e-03    16s
   8   5.39642677e+02  1.55173072e+02  4.50e-02 7.07e-15  1.54e-03    16s
   9   4.73225053e+02  4.43889690e+02  3.11e-04 6.20e-15  1.17e-04    17s
  10   4.68785874e+02  4.68194942e+02  2.20e-06 6.49e-15  2.35e-06    18s
  11   4.68700215e+02  4.68699484e+02  1.55e-09 5.77e-15  2.90e-09    18s
  12   4.68700000e+02  4.68699999e+02  2.68e-10 5.01e-15  2.90e-12    19s

Barrier solved model in 12 iterations and 18.67 seconds (10.39 work units)
Optimal objective 4.68700000e+02


Root crossover log...

    7025 DPushes remaining with DInf 0.0000000e+00                19s
       0 DPushes remaining with DInf 0.0000000e+00                19s

   36794 PPushes remaining with PInf 0.0000000e+00                19s
    9663 PPushes remaining with PInf 0.0000000e+00                20s
       0 PPushes remaining with PInf 0.0000000e+00                21s

  Push phase complete: Pinf 0.0000000e+00, Dinf 9.2148511e-15     21s


Root simplex log...

Iteration    Objective       Primal Inf.    Dual Inf.      Time
   43747    4.6870000e+02   0.000000e+00   0.000000e+00     21s
Crossover time: 2.25 seconds (1.30 work units)
Concurrent spin time: 0.00s

Solved with barrier

Root relaxation: objective 4.687000e+02, 43747 iterations, 12.71 seconds (5.89 work units)

    Nodes    |    Current Node    |     Objective Bounds      |     Work
 Expl Unexpl |  Obj  Depth IntInf | Incumbent    BestBd   Gap | It/Node Time

     0     0  468.70000    0 8218          -  468.70000      -     -   35s
     0     0  468.70000    0 8123          -  468.70000      -     -   37s
     0     0  468.70000    0 11040          -  468.70000      -     -   60s
     0     0  468.70000    0 12350          -  468.70000      -     -   70s
     0     0  468.70000    0 11746          -  468.70000      -     -   87s
     0     0  468.70000    0 11285          -  468.70000      -     -   90s
     0     0  468.70000    0 11425          -  468.70000      -     -   92s
     0     0  468.70000    0 4001          -  468.70000      -     -  103s
     0     0  468.70000    0 7329          -  468.70000      -     -  111s
     0     0  468.70000    0 9241          -  468.70000      -     -  123s
     0     0  468.70000    0 9241          -  468.70000      -     -  123s
     0     0  468.70000    0 3744          -  468.70000      -     -  141s
     0     0  468.70000    0 4191          -  468.70000      -     -  148s
     0     0  468.70000    0 3469          -  468.70000      -     -  149s
     0     0  468.70000    0 3471          -  468.70000      -     -  149s
     0     0  468.70000    0 6825          -  468.70000      -     -  162s
     0     0  468.70000    0 6827          -  468.70000      -     -  162s
     0     0  468.70000    0 4709          -  468.70000      -     -  191s
     0     0  468.70000    0 7647          -  468.70000      -     -  207s
     0     0  468.70000    0 7548          -  468.70000      -     -  207s
     0     0  468.70000    0 8956          -  468.70000      -     -  217s
     0     0  468.70000    0 8943          -  468.70000      -     -  218s
     0     0  468.70000    0 4992          -  468.70000      -     -  248s
     0     0  468.78408    0 7084          -  468.78408      -     -  260s
     0     0  468.78408    0 7014          -  468.78408      -     -  260s
     0     0  470.20234    0 8216          -  470.20234      -     -  271s
     0     0  470.20234    0 8608          -  470.20234      -     -  271s
     0     0  470.20234    0 3382          -  470.20234      -     -  293s
     0     0  470.20234    0 3420          -  470.20234      -     -  305s
     0     0  470.20234    0 3532          -  470.20234      -     -  307s
     0     0  470.47249    0 4412          -  470.47249      -     -  322s
     0     0  470.47249    0 4411          -  470.47249      -     -  323s
     0     0  470.47249    0 7903          -  470.47249      -     -  328s
     0     0  470.47249    0 7808          -  470.47249      -     -  328s
     0     0  471.85000    0 9085          -  471.85000      -     -  335s
     0     0  471.85000    0 9045          -  471.85000      -     -  336s
     0     0  471.85000    0 9280          -  471.85000      -     -  341s
     0     0  471.85000    0 10977          -  471.85000      -     -  361s
     0     0  471.85000    0 11084          -  471.85000      -     -  361s
     0     0  471.85000    0 11268          -  471.85000      -     -  365s
     0     0  471.85000    0 10868          -  471.85000      -     -  377s
     0     0  471.85000    0 10861          -  471.85000      -     -  377s
     0     0  471.85000    0 4078          -  471.85000      -     -  423s
     0     0  471.85000    0 4971          -  471.85000      -     -  432s
     0     0  471.85000    0 4064          -  471.85000      -     -  433s
     0     0  471.87824    0 8500          -  471.87824      -     -  448s
     0     0  471.87824    0 8498          -  471.87824      -     -  448s
     0     0  471.87824    0 6896          -  471.87824      -     -  474s
     0     0  471.88666    0 6966          -  471.88666      -     -  487s
     0     0  471.88666    0 6808          -  471.88666      -     -  488s
     0     0  471.88666    0 6810          -  471.88666      -     -  489s
     0     0  471.88666    0 6584          -  471.88666      -     -  491s
     0     0  472.40966    0 8988          -  472.40966      -     -  500s
     0     0  472.40966    0 8862          -  472.40966      -     -  500s
     0     0  472.41160    0 9569          -  472.41160      -     -  510s
     0     0  472.41160    0 9533          -  472.41160      -     -  510s
     0     0  472.41160    0 8936          -  472.41160      -     -  511s
     0     0  472.50230    0 8174          -  472.50230      -     -  518s
     0     0  472.50230    0 8179          -  472.50230      -     -  518s
     0     0  472.50230    0 8733          -  472.50230      -     -  524s
     0     0  472.53531    0 9358          -  472.53531      -     -  533s
     0     0  472.58641    0 7050          -  472.58641      -     -  642s
     0     0  472.58641    0 7027          -  472.58641      -     -  642s
     0     0  472.58890    0 8040          -  472.58890      -     -  645s
     0     0  472.58890    0 8564          -  472.58890      -     -  647s
     0     0  472.58890    0 8567          -  472.58890      -     -  648s
     0     0  472.58890    0 8563          -  472.58890      -     -  648s
     0     0  472.58890    0 8565          -  472.58890      -     -  648s
     0     0  472.58890    0 8575          -  472.58890      -     -  648s
     0     0  472.58890    0 8573          -  472.58890      -     -  648s
     0     0  472.58890    0 8571          -  472.58890      -     -  649s
     0     0  472.58890    0 8569          -  472.58890      -     -  649s
     0     0  472.58890    0 8567          -  472.58890      -     -  649s
     0     0  472.58890    0 8577          -  472.58890      -     -  649s
     0     0  472.58890    0 8563          -  472.58890      -     -  649s
     0     0  473.95431    0 9148          -  473.95431      -     -  656s
     0     0  473.95431    0 9136          -  473.95431      -     -  656s
     0     0  475.53031    0 9036          -  475.53031      -     -  662s
     0     0  475.55416    0 8522          -  475.55416      -     -  665s
     0     0  475.55416    0 8508          -  475.55416      -     -  667s
     0     0  475.55416    0 8553          -  475.55416      -     -  669s
     0     0  476.27271    0 9552          -  476.27271      -     -  677s
     0     0  476.27271    0 9551          -  476.27271      -     -  677s
     0     0  476.27271    0 9161          -  476.27271      -     -  680s
     0     0  476.73651    0 9704          -  476.73651      -     -  688s
     0     0  476.74964    0 9070          -  476.74964      -     -  693s
     0     0  476.74964    0 9068          -  476.74964      -     -  694s
     0     0  476.74964    0 8299          -  476.74964      -     -  695s
     0     0  477.80272    0 8523          -  477.80272      -     -  702s
     0     0  477.80272    0 8524          -  477.80272      -     -  702s
     0     0  477.80272    0 8656          -  477.80272      -     -  706s
     0     0  478.09606    0 8186          -  478.09606      -     -  714s
     0     0  478.09606    0 8385          -  478.09606      -     -  720s
     0     0  478.09606    0 8325          -  478.09606      -     -  720s
     0     0  478.09606    0 8327          -  478.09606      -     -  720s
     0     0  478.09606    0 8523          -  478.09606      -     -  732s
     0     0  478.09606    0 8469          -  478.09606      -     -  733s
     0     0  478.09606    0 7857          -  478.09606      -     -  739s
     0     0  478.56272    0 8484          -  478.56272      -     -  748s
     0     0  478.56272    0 8456          -  478.56272      -     -  749s
     0     0  478.56272    0 4213          -  478.56272      -     -  780s
     0     0  478.56272    0 5762          -  478.56272      -     -  783s
     0     0  478.56272    0 6028          -  478.56272      -     -  783s
     0     0  478.71272    0 8077          -  478.71272      -     -  791s
     0     0  478.71272    0 7899          -  478.71272      -     -  792s
     0     0  478.71272    0 7300          -  478.71272      -     -  797s
     0     0  478.72842    0 8414          -  478.72842      -     -  805s
     0     0  478.72842    0 7589          -  478.72842      -     -  809s
     0     0  478.72842    0 9404          -  478.72842      -     -  816s
     0     0  478.72842    0 9404          -  478.72842      -     -  819s
     0     0  478.72842    0 3625          -  478.72842      -     -  864s
     0     2  478.72842    0 3625          -  478.72842      -     -  917s
     1     4  478.72842    1 6973          -  478.72842      -  2169  926s
     7    12  478.72842    3 8347          -  478.72842      -   926  938s
    11    23  478.72842    4 8004          -  478.72842      -  1049  943s
    22    30  478.72842    6 10507          -  478.72842      -   635  946s
    29    37  478.72842   10 9374          -  478.72842      -   582  950s
    41    51  478.72842   12 9664          -  478.72842      -   494  956s
    50    55  478.72842   14 13411          -  478.72842      -   456  962s
    54    68  478.72842   15 13408          -  478.72842      -   434  965s
    67    79  478.72842   20 13935          -  478.72842      -   385  970s
    78    94  478.72842   25 13017          -  478.72842      -   366  976s
    93   112  478.72842   29 13013          -  478.72842      -   375  980s
   111   120  478.88842   30 13034          -  478.72842      -   342  987s
   119   140  479.08842   31 13034          -  478.72842      -   324  990s
   139   147  479.08842   35 12247          -  478.72842      -   301  996s
   146   170  479.30842   39 12840          -  478.72842      -   295 1000s
   169   175  479.30842   43 12027          -  478.72842      -   267 1006s
   174   197  479.30842   44 12025          -  478.72842      -   261 1010s
   196   203  479.30842   48 11400          -  478.72842      -   256 1015s
   222   244  479.30842   51 11028          -  478.72842      -   238 1026s
   243   264  479.30842   53 11023          -  478.72842      -   220 1044s
   268   297  479.30842   56 10868          -  478.72842      -   204 1051s
   302   317  479.30842   63 11193          -  478.72842      -   189 1096s
   322   364  479.30842   64 8324          -  478.72842      -   179 1155s
   369   396  479.37285   75 10946          -  478.72842      -   162 1199s
   402   460  479.54096   83 10947          -  478.72842      -   152 1242s
   466   533  479.74532  103 8781          -  478.72842      -   135 1289s
   539   589  480.57462  127 8400          -  478.72842      -   121 1328s
   613   626  481.78218  154 10766          -  478.72842      -   111 1376s
   658   630  478.82842   11 8423          -  478.72842      -   114 1418s
   662   666  478.82842   12 8421          -  478.72842      -   120 1466s
   698   670  478.92842   24 9173          -  478.72842      -   123 1511s
   702   677  478.98842   25 9151          -  478.72842      -   124 1567s
   709   689  479.18842   26 11889          -  478.72842      -   127 1608s
   721   700  479.18842   27 12002          -  478.72842      -   129 1642s
   732   707  479.18842   28 11998          -  478.72842      -   131 1685s
   739   728  479.18842   29 11876          -  478.72842      -   135 1740s
   760   769  479.26842   30 12019          -  478.72842      -   136 1802s
   801   813  479.69734   30 11677          -  478.72842      -   130 1835s
   845   845  479.26842   31 12255          -  478.72842      -   124 1856s
   887   912  479.30842   33 8031          -  478.72842      -   125 1868s
   954  1007  479.30842   42 6206          -  478.72842      -   124 1883s
  1056  1008  530.37842  128 3625          -  478.72842      -   120 2032s
  1058  1009  519.62842  120 4081          -  478.72842      -   120 2356s
  1059  1010  484.02685   67 1465          -  478.72842      -   120 2458s
  1060  1011  479.37285   75 3493          -  478.72842      -   120 2543s
  1061  1011  498.77842   85 2202          -  478.72842      -   120 2580s
  1062  1012  492.08596   96 3823          -  480.35276      -   120 2643s
  1063  1013  480.37066    3 3276          -  480.37066      -   120 2692s
  1064  1013  489.52842  137 3036          -  483.07857      -   119 2738s
  1065  1014  529.37842  163 2748          -  483.07857      -   119 2773s
  1066  1015  484.63765   70 3820          -  483.35856      -   119 2807s
  1067  1015  511.35567  124 2122          -  483.35869      -   119 2853s
  1068  1016  483.40804   43 3027          -  483.40804      -   119 2879s
  1069  1017  483.91840   71  856          -  483.91840      -   119 2935s
  1070  1017  485.05849   16 5598          -  485.05849      -   119 3022s
  1071  1018  485.06144   45 2215          -  485.06144      -   119 3077s
  1072  1019  485.35936  113 3163          -  485.35936      -   119 3142s
  1073  1019  485.38352   18 2083          -  485.38352      -   118 3187s
  1074  1020  485.57479    5 3129          -  485.57479      -   118 3232s
  1075  1021  485.57479   23 1433          -  485.57479      -   118 3274s
  1076  1021  485.69522   96 3417          -  485.69522      -   118 3318s
  1077  1022  485.69522  123 1057          -  485.69522      -   118 3367s
  1078  1023  485.70558   21 2775          -  485.70558      -   118 3423s
  1079  1023  516.37842  118 1302          -  485.74810      -   118 3483s
  1080  1024  485.96570   17 3743          -  485.96570      -   118 3524s
  1081  1025  486.76272  125 2524          -  486.00477      -   118 3710s
  1082  1025  486.00711   99 3299          -  486.00711      -   117 3738s
  1083  1026  486.10508   30 3632          -  486.10508      -   117 3784s
  1084  1027  486.14521   16 4289          -  486.14521      -   117 3810s
  1085  1027  543.99180  138 3247          -  486.14521      -   117 3849s
  1086  1028  490.42507   80 4924          -  486.21173      -   117 3879s
  1087  1029  486.25434  108 3600          -  486.25434      -   117 3929s
  1088  1029  486.34837   11 4564          -  486.34837      -   117 3965s
  1089  1030  486.84806   22 1570          -  486.84806      -   117 4025s
  1090  1031  486.84806   50 2981          -  486.84806      -   117 4055s
  1091  1031  487.41030   73 1858          -  487.41030      -   116 4109s
  1092  1032  487.41030   87 3009          -  487.41030      -   116 4135s
  1093  1033  487.79212   12 1794          -  487.79212      -   116 4177s
  1094  1033  487.79212   30 2448          -  487.79212      -   116 4192s
  1095  1034  538.99180  133 1819          -  487.79212      -   116 4221s
  1096  1035  488.20224   67 2951          -  488.20224      -   116 4246s
  1097  1035  488.34879   35 2160          -  488.34879      -   116 4294s
  1098  1036  488.38026   29 4038          -  488.38026      -   116 4319s
  1099  1037  488.38026   56 2507          -  488.38026      -   116 4349s
  1100  1037  488.38026   15 3453          -  488.38026      -   116 4369s
  1101  1038  513.37842   94 2355          -  488.43139      -   115 4428s
  1102  1039  512.67842  128 2567          -  488.43139      -   115 4467s
  1103  1039  488.53413   11 2821          -  488.53413      -   115 4537s
  1104  1040  488.53413   79 3480          -  488.53413      -   115 4555s
  1105  1041  526.27842  154 2520          -  488.57776      -   115 4601s
  1106  1041  488.57792    3 3385          -  488.57792      -   115 4632s
  1107  1042  488.61125   66 1763          -  488.61125      -   115 4682s
  1108  1043  488.61125   21 3088          -  488.61125      -   115 4701s
  1109  1043  488.61242   18 3170          -  488.61242      -   115 4762s
  1110  1044  488.61242   80 4257          -  488.61242      -   114 4775s
  1111  1045  527.07842  151 2935          -  488.64038      -   114 4842s
  1112  1045  488.64038   38 3034          -  488.64038      -   114 4855s
  1113  1046  488.64871   45 1742          -  488.64871      -   114 4916s
  1114  1047  528.87842  147 3009          -  488.64871      -   114 4932s
  1115  1047  488.66083   58 2250          -  488.66083      -   114 4983s
  1116  1048  488.66083   29 2507          -  488.66083      -   114 4994s
  1117  1049  488.66083   63 1839          -  488.66083      -   114 5017s
  1118  1049  488.66083   27 2657          -  488.66083      -   114 5027s
  1119  1050  488.66083   45 2395          -  488.66083      -   114 5058s
  1120  1051  488.66083   63 3059          -  488.66083      -   113 5072s
  1121  1051  488.66083   95 2478          -  488.66083      -   113 5100s
  1122  1052  552.78449   92 3110          -  488.66083      -   113 5108s
  1123  1053  488.71538   19 2284          -  488.71538      -   113 5141s
  1124  1053  488.71538   62 4167          -  488.71538      -   113 5150s
  1125  1054  488.71538   34 1778          -  488.71538      -   113 5198s
  1126  1055  488.91538   25 4911          -  488.91538      -   113 5220s
  1127  1055  488.91538   31 1323          -  488.91538      -   113 5278s
  1128  1056  488.91821   40 3524          -  488.91821      -   113 5303s
  1129  1057  488.91821   54 1494          -  488.91821      -   113 5340s
  1130  1057  488.91821   40 2019          -  488.91821      -   112 5359s
  1131  1058  488.91821   42 1814          -  488.91821      -   112 5391s
  1132  1059  488.91821   17 2811          -  488.91821      -   112 5399s
  1133  1059  500.35405  118 2015          -  488.91821      -   112 5430s
  1134  1060  518.67842  109 2357          -  488.91821      -   112 5436s
  1135  1061  488.91821   31 1737          -  488.91821      -   112 5477s
  1138  1064  488.91821   59 3625          -  488.91821      -  1280 5535s
  1140  1065  519.62842  119 3883          -  488.91821      -  1278 5895s
  1141  1066  488.91821   58 3542          -  488.91821      -  1277 5951s
  1142  1067  488.91821   25 5586          -  488.91821      -  1276 6010s
  1143  1067  488.91821   36 2776          -  488.91821      -  1275 6070s
  1144  1068  488.91821   31 4725          -  488.91821      -  1273 6113s
  1145  1069  488.91821   43 1768          -  488.91821      -  1272 6159s
  1146  1069  488.91821   40 2914          -  488.91821      -  1271 6210s
  1147  1070  521.37842  111 3111          -  488.91821      -  1270 6253s
  1148  1071  519.17842  136 3151          -  488.91821      -  1269 6293s
  1149  1071  529.37842  163 1418          -  488.91821      -  1268 6328s
  1150  1072  507.32842  117 3415          -  488.91821      -  1267 6368s
  1151  1073  488.91821  153 1770          -  488.91821      -  1266 6441s
  1152  1073  513.37842   94 4408          -  488.91821      -  1265 6474s
  1153  1074  533.37842  148 1757          -  488.91821      -  1264 6510s
  1154  1075  488.91821   47 3462          -  488.91821      -  1262 6542s
  1155  1075  488.91821  101 2692          -  488.91821      -  1261 6582s
  1156  1076  530.37842  128 3248          -  488.91821      -  1260 6600s
  1157  1077  488.91821   40 1663          -  488.91821      -  1259 6638s
  1158  1077  519.62842  120 3743          -  488.91821      -  1258 6662s
  1159  1078  488.91821   67 1563          -  488.91821      -  1257 6698s
  1160  1079  489.15936   75 2915          -  489.15936      -  1256 6723s
  1161  1079  498.77842   85 2129          -  489.19936      -  1255 6759s
  1162  1080  492.08596   96 2764          -  489.35936      -  1254 6798s
  1163  1081  489.36393    3 1115          -  489.36393      -  1253 6974s
  1164  1081  489.52842  137 4300          -  489.36393      -  1252 7032s
  1165  1082  529.37842  163 4707          -  489.36649      -  1251 7087s
  1166  1083  489.38326   70 4334          -  489.38326      -  1249 7108s
  1167  1083  511.35567  124 4036          -  489.38326      -  1248 7150s
  1168  1084  489.39167   43 5718          -  489.39167      -  1247 7180s

Cutting planes:
  Gomory: 14
  Cover: 205
  Implied bound: 27
  Projected implied bound: 13
  Clique: 45
  MIR: 366
  Mixing: 1
  Knapsack: 4
  StrongCG: 11
  Flow cover: 704
  GUB cover: 140
  Zero half: 57
  RLT: 164
  Relax-and-lift: 51

Explored 1168 nodes (2324862 simplex iterations) in 7200.35 seconds (4843.96 work units)
Thread count was 4 (of 8 available processors)

Solution count 0

Time limit reached
Best objective -, best bound 4.894000000000e+02, gap -
