
Gurobi 13.0.2 (linux64) logging started Sun Jul 12 01:01:51 2026

Set parameter LogFile to value "src/Resultados/Restriccion_solo_cliques/logs/RC105-50.xml_log.log"
Set parameter Threads to value 4
Gurobi Optimizer version 13.0.2 build v13.0.2rc1 (linux64 - "Rocky Linux 9.7 (Blue Onyx)")

CPU model: QEMU Virtual CPU version 2.5+, instruction set [SSE2]
Thread count: 8 physical cores, 8 logical processors, using up to 4 threads

Non-default parameters:
TimeLimit  7200
Threads  4

Optimize a model with 139703 rows, 86175 columns and 1190310 nonzeros (Min)
Model fingerprint: 0xe38b7fec
Model has 16110 linear objective coefficients
Variable types: 17670 continuous, 68505 integer (68490 binary)
Coefficient statistics:
  Matrix range     [1e+00, 4e+04]
  Objective range  [1e+00, 8e+01]
  Bounds range     [1e+00, 2e+03]
  RHS range        [1e+00, 4e+04]

Presolve removed 41763 rows and 360 columns (presolve time = 5s)...
Presolve removed 41748 rows and 345 columns
Presolve time: 5.34s
Presolved: 97955 rows, 85830 columns, 470130 nonzeros
Variable types: 720 continuous, 85110 integer (74220 binary)
Deterministic concurrent LP optimizer: primal and dual simplex
Showing primal log only...


Root simplex log...

Iteration    Objective       Primal Inf.    Dual Inf.      Time
       0    4.8467000e+03   3.484475e+03   5.805581e+10      8s
   24843    3.3304730e+02   3.118725e+02   6.950124e+09     10s
   44608    3.9149903e+02   1.143110e+02   1.157863e+10     15s
   49918    4.2615330e+02   9.227033e+01   7.553646e+09     20s
   52927    5.0028716e+02   7.646611e+01   6.689120e+09     25s
   55936    5.6166472e+02   7.049221e+01   6.074274e+09     30s
   58945    5.8652858e+02   4.356099e+01   1.794067e+10     35s
   61423    6.3174364e+02   2.275181e+01   2.819859e+10     40s
   64078    6.5745239e+02   1.032031e+01   2.514705e+11     45s
   66556    6.7310890e+02   5.874187e+00   2.269560e+10     50s
   69565    7.6615508e+02   2.115784e+00   4.645650e+09     55s
   73111    7.2203724e+02   0.000000e+00   4.245551e+03     60s
   75855    6.3525668e+02   0.000000e+00   2.546910e+06     65s
   78794    6.2038743e+02   0.000000e+00   1.907536e+05     70s
   80682    6.0870756e+02   0.000000e+00   9.734245e+02     75s
   83012    5.9186424e+02   0.000000e+00   1.691112e+04     80s
   85215    5.8524550e+02   0.000000e+00   5.324595e+03     85s
   86910    5.8530000e+02   1.300848e+01   0.000000e+00     90s
   88689    5.8530000e+02   8.318008e+00   0.000000e+00     95s
   90617    5.8530000e+02   1.374374e+00   0.000000e+00    100s
   91332    5.8530000e+02   0.000000e+00   0.000000e+00    102s
Concurrent spin time: 16.67s (can be avoided by choosing Method=3)

Solved with primal simplex

Root relaxation: objective 5.853000e+02, 91332 iterations, 112.27 seconds (73.13 work units)

    Nodes    |    Current Node    |     Objective Bounds      |     Work
 Expl Unexpl |  Obj  Depth IntInf | Incumbent    BestBd   Gap | It/Node Time

     0     0  585.30000    0 5106          -  585.30000      -     -  169s
     0     0  585.30000    0 4826          -  585.30000      -     -  170s
     0     0  585.30000    0 4739          -  585.30000      -     -  171s
     0     0  585.30000    0 4739          -  585.30000      -     -  172s
     0     0  585.30000    0 4742          -  585.30000      -     -  172s
     0     0  585.30000    0 7726          -  585.30000      -     -  205s
     0     0  585.30000    0 7877          -  585.30000      -     -  209s
     0     0  585.30000    0 9776          -  585.30000      -     -  227s
     0     0  585.30000    0 13962          -  585.30000      -     -  267s
     0     0  585.30000    0 13932          -  585.30000      -     -  267s
     0     0  585.30000    0 5472          -  585.30000      -     -  302s
     0     0  585.30000    0 10230          -  585.30000      -     -  348s
     0     0  585.30000    0 9221          -  585.30000      -     -  354s
     0     0  585.30000    0 9219          -  585.30000      -     -  354s
     0     0  585.30000    0 16159          -  585.30000      -     -  377s
     0     0  585.30000    0 16159          -  585.30000      -     -  377s
     0     0  585.30000    0 1551          -  585.30000      -     -  412s
     0     0  585.30000    0 9633          -  585.30000      -     -  439s
     0     0  585.30000    0 11374          -  585.30000      -     -  462s
     0     0  585.30000    0 11278          -  585.30000      -     -  462s
     0     0  585.30000    0 5435          -  585.30000      -     -  489s
     0     0  585.30000    0 4442          -  585.30000      -     -  497s
     0     0  585.30000    0 4298          -  585.30000      -     -  497s
     0     0  585.30000    0 4617          -  585.30000      -     -  528s
     0     0  585.30000    0 4617          -  585.30000      -     -  528s
     0     0  585.30000    0 3654          -  585.30000      -     -  550s
     0     0  585.30000    0 3654          -  585.30000      -     -  553s
     0     0  585.30000    0 1334          -  585.30000      -     -  575s
     0     2  585.37318    0 1334          -  585.37318      -     -  613s
     1     4  585.37318    1 1667          -  585.37318      -  1001  620s
     7    12  585.46701    3 3405          -  585.37318      -  1483  628s
    11    20  585.46787    4 3238          -  585.37318      -  1281  636s
    19    25  585.46787    5 5042          -  585.37318      -  1059  640s
    24    29  585.54157    6 5032          -  585.37318      -   908  649s
    28    34  585.54215    7 5021          -  585.37318      -   827  659s
    33    45  585.54215    8 5418          -  585.37318      -   751  668s
    44    58  585.54282    9 5022          -  585.37318      -   637  682s
    57    71  585.54282   10 5022          -  585.37318      -   567  694s
    70    99  587.12948   11 4716          -  585.37318      -   564  712s
    98   127  587.12948   12 4697          -  585.37318      -   442  730s
   126   155  587.36476   13 2551          -  585.37318      -   404  745s
   154   183  587.42574   14 4592          -  585.37318      -   354  758s
   182   203  587.85461   15 4025          -  585.37318      -   316  781s
   202   231  587.85461   16 4831          -  585.37318      -   316  791s
   230   259  587.85461   17 3638          -  585.37318      -   293  802s
   258   287  587.90378   18 3186          -  585.37318      -   270  817s
   286   315  587.92141   19 2946          -  585.37318      -   260  830s
   314   343  587.93415   20 2924          -  585.37318      -   242  842s
   342   371  587.93415   21 3261          -  585.37318      -   223  854s
   370   381  587.93415   22 2921          -  585.37318      -   209  878s
   380   409  587.94058   23 4072          -  585.37318      -   207  889s
   408   461  587.96893   24 4542          -  585.37318      -   196  900s
   460   513  587.98877   25 4527          -  585.37318      -   179  912s
   512   555  587.98877   26 3847          -  585.37318      -   170  924s
   554   579  587.98877   27 4423          -  585.37318      -   165  935s
   578   633  587.98877   28 4258          -  585.37318      -   165  946s
   632   689  587.99216   29 3179          -  585.37318      -   158  959s
   688   761  588.01472   30 3796          -  585.37318      -   152  975s
   760   839  588.02196   31 3083          -  585.37318      -   141  989s
   838   925  588.02196   32 3077          -  585.37318      -   133  999s
   924  1021  588.51072   33 5112          -  585.37318      -   126 1011s
  1020  1123  588.51072   34 4856          -  585.37318      -   116 1023s
  1122  1202  588.59211   35 4375          -  585.37318      -   109 1034s
  1201  1311  588.60627   36 4023          -  585.37318      -   107 1046s
  1310  1440  588.60627   37 4277          -  585.37318      -   102 1074s
  1439  1559  588.60627   38 3478          -  585.37318      -  95.5 1089s
  1558  1696  588.60627   39 3515          -  585.37318      -  91.1 1110s
  1696  1836  588.60627   40 3347          -  585.37318      -  86.7 1123s
  1836  1975  588.60627   41 3268          -  585.37318      -  82.5 1138s
  1975  2054  588.60627   42 3558          -  585.37318      -  79.3 1150s
  2054  2201  588.67457   43 3516          -  585.37318      -  78.0 1176s
  2201  2240  588.67457   44 3896          -  585.37318      -  75.1 1248s
  2240  2244  588.68251   45 3893          -  585.37318      -  74.9 1361s
  2244  2314  588.68251   46 3890          -  585.37318      -  74.8 1556s
  2314  2484  589.10000   52 2617          -  585.37318      -  73.7 1717s
  2484  2811  589.10000   53 2556          -  585.37318      -  72.1 1843s
  2811  3190  592.93142  139 3480          -  585.37318      -  67.7 1957s
  3190  3602  596.19828  258 3810          -  585.37318      -  63.2 1985s
  3611  3880  585.69482   14 5426          -  585.37318      -  63.3 2008s
  3889  4187  589.15922   66 3626          -  585.37318      -  67.5 2039s
  4208  4467  668.70958  148 5499          -  585.37318      -  71.0 2064s
  4499  4779  602.73356   25 6499          -  585.37318      -  74.1 2091s
  4813  5283  592.99879   69 4752          -  585.37318      -  76.0 2119s
  5318  5284  627.30000 1604 1334          -  585.37318      -  73.8 2312s
  5320  5285  614.60000  142 5184          -  586.07819      -  73.8 2579s
  5321  5286  626.30000 1703 4853          -  588.63044      -  73.8 2608s
  5322  5287  589.79428   85 5741          -  588.66356      -  73.8 2625s
  5324  5288  598.50000  577 5453          -  588.66367      -  73.7 2631s
  5327  5291  650.60000  160 1334          -  588.66367      -  91.8 2690s
  5329  5292  594.81429  125 4563          -  588.66367      -  91.8 3009s
  5330  5293  631.60000 1311 5324          -  588.66367      -  91.7 3024s
  5331  5294  626.30000 1249 5238          -  588.66367      -  91.7 3029s
  5333  5295  596.87420 1353 3318          -  588.66367      -  91.7 3099s
  5334  5296  619.20000  717 3318          -  588.92382      -  91.7 3145s
  5335  5299  588.92382   20 2847          -  588.92382      -   123 3209s
  5336  5299  594.77463   20 5300          -  588.92382      -   125 3210s
  5337  5303  589.04582   21 5097          -  589.01436      -   125 3290s
  5341  5305  589.04582   22 4713          -  589.04582      -   127 3308s
  5345  5313  589.04582   23 4710          -  589.04582      -   128 3328s
  5354  5320  589.25740   24 4010          -  589.04582      -   130 3342s
  5364  5335  589.33705   26 4337          -  589.04582      -   135 3354s
  5382  5337  592.66959   28 4345          -  589.04582      -   138 3364s
  5390  5345  589.53232   29 3606          -  589.04582      -   139 3372s
  5401  5357  591.29210   31 5129          -  589.04582      -   141 3385s
  5417  5365  590.43345   33 3616          -  589.04582      -   143 3392s
  5430  5369  593.83265   35 4460          -  589.04582      -   145 3409s
  5439  5372  592.33843   37 5607          -  589.04582      -   148 3420s
  5447  5375  596.82760   37 4581          -  589.04582      -   151 3437s
  5453  5379  592.58193   38 5088          -  589.04582      -   154 3458s
  5459  5386  596.74253   38 4322          -  589.04582      -   155 3469s
  5469  5390  593.04569   39 5055          -  589.04582      -   157 3483s
  5476  5394  596.74253   40 3644          -  589.04582      -   161 3504s
  5483  5396  596.71295   41 5195          -  589.04582      -   163 3519s
  5487  5404  594.12245   42 5483          -  589.04582      -   163 3530s
  5498  5417  594.18880   44 5892          -  589.04582      -   165 3544s
  5515  5415  594.19266   45 5693          -  589.04582      -   167 3559s
  5519  5418  597.18089   45 5682          -  589.04582      -   168 3572s
  5523  5421  594.22144   46 5427          -  589.04582      -   168 3585s
  5527  5423  604.07317   46 4797          -  589.04582      -   169 3610s
  5531  5426  594.32664   47 5402          -  589.04582      -   170 3649s
  5535  5429  597.15339   47 6151          -  589.04582      -   170 3664s
  5539  5431  594.33612   48 5400          -  589.04582      -   170 3677s
  5543  5434  599.77533   48 6444          -  589.04582      -   171 3725s
  5547  5437  602.18041   49 7453          -  589.04582      -   172 3746s
  5551  5439  595.65933   49 6493          -  589.04582      -   172 3763s
  5555  5442  595.65944   50 6075          -  589.04582      -   173 3842s
  5559  5445  599.19711   50 5200          -  589.04582      -   173 3861s
  5563  5447  600.00560   51 4526          -  589.04582      -   174 3874s
  5567  5452  595.81255   51 4556          -  589.04582      -   174 3892s
  5573  5462  596.06199   53 4637          -  589.04582      -   175 3912s
  5585  5477  598.44685   56 4853          -  589.04582      -   179 3932s
  5604  5479  602.55604   58 6433          -  589.04582      -   182 3956s
  5612  5503  598.46072   59 4601          -  589.04582      -   183 3983s
  5639  5509  598.60146   63 4576          -  589.04582      -   186 4001s
  5654  5521  598.67715   66 4213          -  589.04582      -   189 4018s
  5671  5534  600.50147   69 6962          -  589.04582      -   193 4042s
  5690  5536  600.50373   71 5867          -  589.04582      -   197 4114s
  5698  5569  600.51120   72 5182          -  589.04582      -   201 4142s
  5734  5611  600.52000   75 5231          -  589.04582      -   206 4164s
  5790  5601  607.43245   79 4182          -  589.04582      -   209 4212s
  5806  5650  600.55797   81 5647          -  589.04662      -   211 4250s
  5861  5703  600.55855   83 5661          -  589.04662      -   214 4282s
  5932  5693  600.57059   88 7325          -  589.04662      -   218 4443s
  5946  5744  600.57093   90 7319          -  589.04662      -   221 4472s
  6001  5781  600.57623   93 7283          -  589.04662      -   225 4506s
  6057  5774  600.73322   99 6325          -  589.04662      -   231 4607s
  6068  5816  602.14935  100 5730          -  589.04662      -   233 4642s
  6115  5863  600.80442  106 6093          -  589.04662      -   240 4671s
  6179  5877  601.76873  114 5345          -  589.04662      -   245 4737s
  6217  5879  601.98992  118 7788          -  589.04662      -   251 4773s
  6232  5911  602.36461  121 5917          -  589.04662      -   255 4804s
  6272  5981  602.85562  129 4796          -  589.04662      -   259 4886s
  6355  5969  603.27314  139 4690          -  589.04662      -   265 4957s
  6371  6058  603.27984  141 4688          -  589.04662      -   267 4998s
  6465  6104  603.33522  150 4671          -  589.04662      -   273 5038s
  6546  6089  626.10003  161 4613          -  589.04662      -   279 5108s
  6558  6164  636.65820  162 6546          -  589.04662      -   280 5151s
  6637  6156  632.61403  168 3740          -  589.04662      -   285 5188s
  6656  6244  632.61720  170 3741          -  589.04662      -   288 5227s
  6758  6221 infeasible  185               -  589.04662      -   295 5268s
  6771  6301  666.94792  185 4181          -  591.15679      -   297 5320s
  6875  6273  594.39026   28 4200          -  591.15679      -   305 5426s
  6882  6351  595.21295   29 3978          -  591.15679      -   306 5468s
  6962  6338  600.10845   34 6156          -  591.15679      -   313 5523s
  6976  6390  601.47975   37 5834          -  591.15679      -   316 5572s
  7033  6379  613.34886   43 5125          -  591.15679      -   324 5641s
  7043  6472  602.92970   43 5440          -  591.15679      -   326 5692s
  7141  6453  606.19871   61 5706          -  591.15679      -   333 5773s
  7155  6467  604.65204   64 4795          -  591.15679      -   337 5842s
  7175  6544  609.69048   64 4842          -  591.15679      -   341 5987s
  7266  6524  604.67451   65 4789          -  591.15679      -   344 6080s
  7276  6532  611.59465   65 4677          -  591.15679      -   345 6201s
  7288  6558  604.69413   66 4782          -  591.15679      -   347 6299s
  7320  6572  604.70636   67 4758          -  591.15679      -   351 6423s
  7344  6579  612.23629   75 5141          -  591.15679      -   353 6483s
  7365  6658  606.64999   75 5681          -  591.15679      -   355 6557s
  7455  6638  607.32301   89 5772          -  591.15679      -   363 6821s
  7465  6643  609.54713   89 4518          -  591.15679      -   366 7100s
  7474  6687  607.32683   90 5513          -  591.15679      -   367 7200s

Cutting planes:
  Gomory: 1
  Cover: 45
  Implied bound: 131
  MIR: 66
  Flow cover: 1
  GUB cover: 24
  RLT: 156
  Relax-and-lift: 41

Explored 7521 nodes (3089232 simplex iterations) in 7200.36 seconds (7213.91 work units)
Thread count was 4 (of 8 available processors)

Solution count 0

Time limit reached
Best objective -, best bound 5.912000000000e+02, gap -
