
Gurobi 13.0.2 (linux64) logging started Mon Jul  6 13:27:45 2026

Set parameter LogFile to value "src/Resultados/Restriccion todas cliques/logs/RC101-50.xml_log.log"
Set parameter Threads to value 4
Gurobi Optimizer version 13.0.2 build v13.0.2rc1 (linux64 - "Rocky Linux 9.7 (Blue Onyx)")

CPU model: QEMU Virtual CPU version 2.5+, instruction set [SSE2]
Thread count: 8 physical cores, 8 logical processors, using up to 4 threads

Non-default parameters:
TimeLimit  7200
Threads  4

Optimize a model with 137901 rows, 78705 columns and 9588390 nonzeros (Min)
Model fingerprint: 0x8efc13b1
Model has 12480 linear objective coefficients
Variable types: 16710 continuous, 61995 integer (61980 binary)
Coefficient statistics:
  Matrix range     [1e+00, 4e+04]
  Objective range  [1e+00, 8e+01]
  Bounds range     [1e+00, 2e+03]
  RHS range        [1e+00, 4e+04]

Presolve removed 16140 rows and 90 columns (presolve time = 6s)...
Presolve removed 31980 rows and 90 columns (presolve time = 22s)...
Presolve removed 32130 rows and 240 columns (presolve time = 25s)...
Presolve removed 37050 rows and 240 columns (presolve time = 30s)...
Presolve removed 38490 rows and 240 columns (presolve time = 35s)...
Presolve removed 38610 rows and 300 columns (presolve time = 40s)...
Presolve removed 38625 rows and 300 columns (presolve time = 45s)...
Presolve removed 38625 rows and 300 columns (presolve time = 50s)...
Presolve removed 38640 rows and 300 columns (presolve time = 55s)...
Presolve removed 38640 rows and 300 columns (presolve time = 61s)...
Presolve removed 38625 rows and 285 columns
Presolve time: 62.16s
Presolved: 99276 rows, 78420 columns, 9449280 nonzeros
Variable types: 735 continuous, 77685 integer (66810 binary)
Deterministic concurrent LP optimizer: primal simplex, dual simplex, and barrier
Showing barrier log only...

Root barrier log...

Elapsed ordering time = 5s
Elapsed ordering time = 10s
Elapsed ordering time = 14s
Elapsed ordering time = 15s
Elapsed ordering time = 20s
Elapsed ordering time = 20s
Elapsed ordering time = 24s
Elapsed ordering time = 25s
Ordering time: 27.57s

Barrier statistics:
 Dense cols : 6300
 AA' NZ     : 1.414e+07
 Factor NZ  : 1.073e+08 (roughly 1.0 GB of memory)
 Factor Ops : 7.544e+11 (roughly 100 seconds per iteration)
 Threads    : 1

                  Objective                Residual
Iter       Primal          Dual         Primal    Dual     Compl     Time
   0   1.06526694e+06 -1.26183653e+06  1.32e+05 1.11e-16  1.83e+02   286s
   1   6.81961634e+05 -1.38807195e+06  8.48e+04 4.30e+01  1.18e+02   395s

Barrier performed 1 iterations in 406.09 seconds (257.86 work units)
Barrier solve interrupted - model solved by another algorithm

Concurrent spin time: 5.48s

Solved with dual simplex

Root simplex log...

Iteration    Objective       Primal Inf.    Dual Inf.      Time
   62080    6.5120000e+02   0.000000e+00   0.000000e+00    408s

Root relaxation: objective 6.512000e+02, 62080 iterations, 333.26 seconds (159.68 work units)

    Nodes    |    Current Node    |     Objective Bounds      |     Work
 Expl Unexpl |  Obj  Depth IntInf | Incumbent    BestBd   Gap | It/Node Time

     0     0  651.20000    0 7836          -  651.20000      -     -  447s
     0     0  651.20000    0 8360          -  651.20000      -     -  451s
     0     0  651.20000    0 7816          -  651.20000      -     -  456s
     0     0  651.20000    0 10734          -  651.20000      -     -  572s
     0     0  651.20000    0 10425          -  651.20000      -     -  599s
     0     0  651.20000    0 10672          -  651.20000      -     -  605s
     0     0  651.20000    0 9281          -  651.20000      -     -  687s
     0     0  651.20000    0 9281          -  651.20000      -     -  688s
     0     0  651.20000    0 1837          -  651.20000      -     -  746s
     0     0  651.20000    0 3117          -  651.20000      -     -  768s
     0     0  651.20000    0 3084          -  651.20000      -     -  769s
     0     0  651.20000    0 8315          -  651.20000      -     -  834s
     0     0  651.20000    0 8315          -  651.20000      -     -  835s
     0     0  651.20000    0 2298          -  651.20000      -     -  854s
     0     0  651.20000    0 3067          -  651.20000      -     -  872s
     0     0  651.20000    0 3067          -  651.20000      -     -  873s
     0     0  651.20000    0 3067          -  651.20000      -     -  874s
     0     0  651.20000    0 3067          -  651.20000      -     -  875s
     0     0  651.20000    0 3069          -  651.20000      -     -  877s
     0     0  651.20000    0 8957          -  651.20000      -     -  926s
     0     0  651.20000    0 8961          -  651.20000      -     -  928s
     0     0  651.20000    0 8948          -  651.20000      -     -  929s
     0     0  651.20000    0  495          -  651.20000      -     - 1031s
     0     0  651.20000    0  488          -  651.20000      -     - 1047s
     0     0  651.20000    0 8585          -  651.20000      -     - 1092s
     0     0  651.20000    0 8585          -  651.20000      -     - 1093s
     0     0  651.20000    0 4229          -  651.20000      -     - 1114s
     0     0  651.20000    0 4682          -  651.20000      -     - 1126s
     0     0  651.20000    0 4606          -  651.20000      -     - 1128s
     0     0  651.20000    0 6838          -  651.20000      -     - 1136s
     0     0  651.20000    0 6705          -  651.20000      -     - 1138s
     0     0  651.20000    0 5955          -  651.20000      -     - 1139s
     0     0  651.20000    0 5955          -  651.20000      -     - 1140s
     0     0  651.20000    0 5958          -  651.20000      -     - 1141s
     0     0  651.20000    0 6068          -  651.20000      -     - 1142s
     0     0  651.20000    0 6067          -  651.20000      -     - 1143s
     0     0  657.14238    0 4594          -  657.14238      -     - 1158s
     0     0  657.14238    0 4594          -  657.14238      -     - 1158s
     0     0  657.14238    0 1190          -  657.14238      -     - 1195s
     0     0  657.14238    0 2472          -  657.14238      -     - 1215s
     0     0  658.67571    0 8841          -  658.67571      -     - 1255s
     0     0  658.73341    0 6344          -  658.73341      -     - 1269s
     0     0  658.73341    0 6454          -  658.73341      -     - 1274s
     0     0  658.73341    0 6453          -  658.73341      -     - 1275s
     0     0  689.36691    0 8125          -  689.36691      -     - 1303s
     0     0  689.36691    0 6615          -  689.36691      -     - 1329s
     0     0  689.36691    0 6614          -  689.36691      -     - 1330s
     0     0  691.96333    0 5794          -  691.96333      -     - 1350s
     0     0  692.00624    0 4565          -  692.00624      -     - 1376s
     0     0  692.00624    0 4512          -  692.00624      -     - 1377s
     0     0  692.00624    0 4512          -  692.00624      -     - 1378s
     0     0  692.00624    0 4512          -  692.00624      -     - 1379s
     0     0  692.00624    0 4514          -  692.00624      -     - 1380s
     0     0  692.00666    0 6343          -  692.00666      -     - 1391s
     0     0  692.00666    0 5961          -  692.00666      -     - 1392s
     0     0  692.00742    0 4179          -  692.00742      -     - 1411s
     0     0  692.00742    0 4727          -  692.00742      -     - 1440s
     0     0  692.00742    0 4727          -  692.00742      -     - 1441s
     0     0  692.56626    0 4888          -  692.56626      -     - 1464s
     0     0  692.56626    0 5204          -  692.56626      -     - 1488s
     0     0  692.56626    0 5204          -  692.56626      -     - 1489s
     0     0  694.12065    0 4824          -  694.12065      -     - 1509s
     0     0  694.14925    0 4929          -  694.14925      -     - 1541s
     0     0  694.14925    0 4094          -  694.14925      -     - 1552s
     0     0  695.62748    0 4071          -  695.62748      -     - 1574s
     0     0  695.62748    0 4068          -  695.62748      -     - 1576s
     0     0  695.64812    0 5909          -  695.64812      -     - 1605s
     0     0  695.64812    0 6032          -  695.64812      -     - 1612s
     0     0  695.64812    0 5475          -  695.64812      -     - 1613s
     0     0  695.64812    0 5532          -  695.64812      -     - 1614s
     0     0  695.64812    0 5532          -  695.64812      -     - 1615s
     0     0  695.64812    0 5532          -  695.64812      -     - 1616s
     0     0  695.64812    0 5534          -  695.64812      -     - 1617s
     0     0  697.89755    0 6272          -  697.89755      -     - 1638s
     0     0  697.89755    0 6238          -  697.89755      -     - 1639s
     0     0  697.92026    0 6487          -  697.92026      -     - 1663s
     0     0  698.30525    0 6106          -  698.30525      -     - 1673s
     0     0  698.58858    0 5607          -  698.58858      -     - 1679s
     0     0  698.58858    0 5607          -  698.58858      -     - 1680s
     0     0  698.58858    0 5609          -  698.58858      -     - 1681s
     0     0  698.58858    0 5981          -  698.58858      -     - 1687s
     0     0  708.82061    0 5909          -  708.82061      -     - 1712s
     0     0  708.82061    0 5909          -  708.82061      -     - 1714s
     0     0  708.88275    0 6113          -  708.88275      -     - 1734s
     0     0  708.88275    0 5562          -  708.88275      -     - 1735s
     0     0  708.92055    0 7045          -  708.92055      -     - 1746s
     0     0  708.92055    0 7000          -  708.92055      -     - 1748s
     0     0  708.92634    0 6531          -  708.92634      -     - 1757s
     0     0  709.40644    0 5587          -  709.40644      -     - 1786s
     0     0  709.40644    0 5578          -  709.40644      -     - 1787s
     0     0  709.45566    0 4903          -  709.45566      -     - 1807s
     0     0  709.45566    0 4615          -  709.45566      -     - 1809s
     0     0  709.45566    0 5107          -  709.45566      -     - 1817s
     0     0  709.45566    0 4939          -  709.45566      -     - 1818s
     0     0  712.01233    0 6036          -  712.01233      -     - 1845s
     0     0  712.05172    0 5386          -  712.05172      -     - 1866s
     0     0  712.05172    0 6266          -  712.05172      -     - 1881s
     0     0  714.62500    0 6700          -  714.62500      -     - 1917s
     0     0  714.62872    0 5729          -  714.62872      -     - 1944s
     0     0  714.62872    0 6879          -  714.62872      -     - 1945s
     0     0  715.36154    0 6930          -  715.36154      -     - 1983s
     0     0  715.49328    0 7198          -  715.49328      -     - 2007s
     0     0  715.49328    0 7126          -  715.49328      -     - 2008s
     0     0  715.51306    0 7281          -  715.51306      -     - 2032s
     0     0  715.51306    0 7362          -  715.51306      -     - 2046s
     0     0  717.39506    0 6485          -  717.39506      -     - 2086s
     0     0  717.54696    0 5380          -  717.54696      -     - 2124s
     0     0  717.54696    0 7307          -  717.54696      -     - 2138s
     0     0  718.76634    0 6131          -  718.76634      -     - 2186s
     0     0  718.76634    0 6132          -  718.76634      -     - 2187s
     0     0  718.76634    0 5970          -  718.76634      -     - 2189s
     0     0  718.76662    0 6632          -  718.76662      -     - 2218s
     0     0  718.76662    0 6660          -  718.76662      -     - 2220s
     0     0  718.76662    0 6680          -  718.76662      -     - 2222s
     0     0  718.88838    0 7105          -  718.88838      -     - 2258s
     0     0  718.89390    0 5850          -  718.89390      -     - 2283s
     0     0  718.89390    0 5837          -  718.89390      -     - 2285s
     0     0  719.29452    0 6189          -  719.29452      -     - 2317s
     0     0  719.29452    0 6137          -  719.29452      -     - 2318s
     0     0  719.29452    0 5307          -  719.29452      -     - 2342s
     0     0  719.41379    0 8279          -  719.41379      -     - 2379s
     0     0  719.41793    0 5321          -  719.41793      -     - 2419s
     0     0  719.53500    0 7415          -  719.53500      -     - 2459s
     0     0  719.66000    0 5336          -  719.66000      -     - 2483s
     0     0  719.66000    0 6059          -  719.66000      -     - 2498s
     0     0  719.88677    0 4830          -  719.88677      -     - 2527s
     0     0  720.00000    0 5207          -  720.00000      -     - 2556s
     0     0  720.00579    0 6825          -  720.00579      -     - 2577s
     0     0  720.02291    0 6043          -  720.02291      -     - 2597s
     0     0  720.02291    0 5484          -  720.02291      -     - 2599s
     0     0  720.02291    0 5866          -  720.02291      -     - 2614s
     0     0  720.33445    0 6228          -  720.33445      -     - 2633s
     0     0  720.33445    0 6823          -  720.33445      -     - 2652s
     0     0  720.34807    0 6896          -  720.34807      -     - 2669s
     0     0  720.34807    0 7526          -  720.34807      -     - 2694s
     0     0  720.40000    0 6950          -  720.40000      -     - 2718s
     0     0  720.40000    0 6950          -  720.40000      -     - 2741s
     0     0  720.40000    0  860          -  720.40000      -     - 2904s
     0     2  720.40000    0  860          -  720.40000      -     - 3110s
     1     3  721.55593    1 4027          -  720.40000      -  7558 3162s
     2     6  723.21431    2 4858          -  720.40000      -  5972 3255s
     5     9  724.59160    3 7570          -  720.40000      -  3877 3348s
     8    12  725.43117    4 6535          -  720.40907      -  4821 3383s
    11    21  725.91841    5 5601          -  720.40907      -  3807 3474s
    20    25  726.22728   10 5586          -  720.40907      -  2500 3561s
    24    26  720.40907    8 6492          -  720.40907      -  2343 3593s
    25    33  738.08892   11 5693          -  720.40907      -  2532 3628s
    32    38  780.35567   12 6893          -  720.40907      -  3175 3845s
    37    60  740.25000   12 4778          -  720.40907      -  3096 4386s
    59    78  740.73029   13 4774          -  720.40907      -  2084 4706s
    80    98  726.72275   27 4395          -  720.40907      -  1884 4958s
   100   119  726.99828   29 5560          -  720.40907      -  1834 5268s
   121   140  728.26922   33 6333          -  720.40907      -  1823 5566s
   148   158  797.95766   35 4896          -  720.40907      -  1645 5643s
   166   175  765.77058   35 4818          -  720.40907      -  1545 5890s
   183   185  785.93074   35 5874          -  720.40907      -  1563 6151s
   193   201  805.30000   35 4960          -  720.40907      -  1594 6215s
   209   218  786.24671   36 5834          -  720.40907      -  1612 6286s
   226   233  787.44725   38 5289          -  720.40907      -  1610 6563s
   241   249 infeasible   42               -  720.40907      -  1722 6800s
   261   279 infeasible   44               -  720.40907      -  1688 6996s
   293   310  798.00000   48 4185          -  720.40907      -  1606 7204s
   308   310  727.96561   96 5840          -  720.40907      -  1557 7205s

Cutting planes:
  Learned: 4
  Cover: 354
  Implied bound: 303
  Clique: 391
  MIR: 493
  StrongCG: 2
  Flow cover: 36
  GUB cover: 179
  Zero half: 81
  RLT: 336
  Relax-and-lift: 372
  BQP: 1

Explored 324 nodes (1052941 simplex iterations) in 7206.02 seconds (4530.40 work units)
Thread count was 4 (of 8 available processors)

Solution count 0

Time limit reached
Best objective -, best bound 7.205000000000e+02, gap -
