
Gurobi 13.0.2 (linux64) logging started Tue Jul  7 01:35:50 2026

Set parameter LogFile to value "src/Resultados/Restriccion todas cliques/logs/RC104-50.xml_log.log"
Set parameter Threads to value 4
Gurobi Optimizer version 13.0.2 build v13.0.2rc1 (linux64 - "Rocky Linux 9.7 (Blue Onyx)")

CPU model: QEMU Virtual CPU version 2.5+, instruction set [SSE2]
Thread count: 8 physical cores, 8 logical processors, using up to 4 threads

Non-default parameters:
TimeLimit  7200
Threads  4

Optimize a model with 155535 rows, 95970 columns and 7495320 nonzeros (Min)
Model fingerprint: 0xd8afe2fe
Model has 23745 linear objective coefficients
Variable types: 18210 continuous, 77760 integer (77745 binary)
Coefficient statistics:
  Matrix range     [1e+00, 4e+04]
  Objective range  [1e+00, 8e+01]
  Bounds range     [1e+00, 2e+03]
  RHS range        [1e+00, 4e+04]

Presolve removed 0 rows and 0 columns (presolve time = 88s)...
Presolve removed 17640 rows and 90 columns (presolve time = 90s)...
Presolve removed 34980 rows and 90 columns (presolve time = 119s)...
Presolve removed 34980 rows and 90 columns (presolve time = 120s)...
Presolve removed 41550 rows and 240 columns (presolve time = 125s)...
Presolve removed 43646 rows and 240 columns (presolve time = 131s)...
Presolve removed 43910 rows and 300 columns (presolve time = 136s)...
Presolve removed 44074 rows and 300 columns (presolve time = 142s)...
Presolve removed 44074 rows and 300 columns (presolve time = 145s)...
Presolve removed 44554 rows and 765 columns (presolve time = 150s)...
Presolve removed 44614 rows and 825 columns (presolve time = 155s)...
Presolve removed 44599 rows and 810 columns
Presolve time: 155.79s
Presolved: 110936 rows, 95160 columns, 4604625 nonzeros
Variable types: 750 continuous, 94410 integer (83535 binary)
Deterministic concurrent LP optimizer: primal simplex, dual simplex, and barrier
Showing barrier log only...

Root barrier log...

Elapsed ordering time = 7s
Elapsed ordering time = 11s
Elapsed ordering time = 14s
Elapsed ordering time = 15s
Elapsed ordering time = 17s
Elapsed ordering time = 20s
Elapsed ordering time = 21s
Elapsed ordering time = 25s
Elapsed ordering time = 26s
Ordering time: 28.99s

Barrier statistics:
 Dense cols : 15
 AA' NZ     : 1.061e+07
 Factor NZ  : 6.521e+07 (roughly 600 MB of memory)
 Factor Ops : 1.883e+11 (roughly 26 seconds per iteration)
 Threads    : 1

                  Objective                Residual
Iter       Primal          Dual         Primal    Dual     Compl     Time
   0   1.56222372e+06 -1.30572705e+06  1.20e+05 2.22e-16  1.38e+02   329s
   1   5.40939335e+05 -1.59408994e+06  4.24e+04 9.71e-01  5.18e+01   360s
   2   7.47916374e+04 -1.52436252e+06  6.01e+03 2.03e-03  1.12e+01   394s

Barrier performed 2 iterations in 424.04 seconds (123.04 work units)
Barrier solve interrupted - model solved by another algorithm

Concurrent spin time: 1.03s

Solved with dual simplex

Root simplex log...

Iteration    Objective       Primal Inf.    Dual Inf.      Time
   56715    4.6410000e+02   0.000000e+00   0.000000e+00    424s

Root relaxation: objective 4.641000e+02, 56715 iterations, 223.57 seconds (113.54 work units)

    Nodes    |    Current Node    |     Objective Bounds      |     Work
 Expl Unexpl |  Obj  Depth IntInf | Incumbent    BestBd   Gap | It/Node Time

     0     0  464.10000    0 8282          -  464.10000      -     -  467s
     0     0  464.10000    0 8409          -  464.10000      -     -  470s
     0     0  464.10000    0 8447          -  464.10000      -     -  473s
     0     0  464.10000    0 9761          -  464.10000      -     -  478s
     0     0  464.10000    0 9109          -  464.10000      -     -  481s
     0     0  464.10000    0 10496          -  464.10000      -     -  535s
     0     0  464.10000    0 10089          -  464.10000      -     -  546s
     0     0  464.10000    0 10089          -  464.10000      -     -  547s
     0     0  464.10000    0 10793          -  464.10000      -     -  562s
     0     0  464.10000    0 10792          -  464.10000      -     -  562s
     0     0  464.10000    0 14926          -  464.10000      -     -  600s
     0     0  464.10000    0 14594          -  464.10000      -     -  601s
     0     0  464.10000    0 3171          -  464.10000      -     -  635s
     0     0  464.10000    0 8246          -  464.10000      -     -  658s
     0     0  464.10000    0 7779          -  464.10000      -     -  659s
     0     0  464.10000    0 7177          -  464.10000      -     -  660s
     0     0  464.10000    0 11788          -  464.10000      -     -  683s
     0     0  464.10000    0 11758          -  464.10000      -     -  683s
     0     0  464.10000    0 2197          -  464.10000      -     -  699s
     0     0  464.10000    0 2827          -  464.10000      -     -  712s
     0     0  464.10000    0 2827          -  464.10000      -     -  713s
     0     0  464.10000    0 8890          -  464.10000      -     -  754s
     0     0  464.10000    0 8890          -  464.10000      -     -  754s
     0     0  464.10000    0 2105          -  464.10000      -     -  774s
     0     0  464.10000    0 2230          -  464.10000      -     -  793s
     0     0  464.10000    0 2231          -  464.10000      -     -  794s
     0     0  464.10000    0 2231          -  464.10000      -     -  794s
     0     0  464.10000    0 7496          -  464.10000      -     -  832s
     0     0  464.10000    0 7496          -  464.10000      -     -  832s
     0     0  464.10000    0 2269          -  464.10000      -     -  846s
     0     0  464.10000    0 3616          -  464.10000      -     -  859s
     0     0  464.10000    0 3226          -  464.10000      -     -  861s
     0     0  464.10000    0 3200          -  464.10000      -     -  861s
     0     0  464.10000    0 3200          -  464.10000      -     -  862s
     0     0  464.10000    0 3202          -  464.10000      -     -  862s
     0     0  464.10000    0 5507          -  464.10000      -     -  887s
     0     0  464.10000    0 5507          -  464.10000      -     -  888s
     0     0  464.10000    0 2543          -  464.10000      -     -  903s
     0     0  464.10000    0 5794          -  464.10000      -     -  922s
     0     0  464.10000    0 5793          -  464.10000      -     -  923s
     0     0  464.35627    0 7937          -  464.35627      -     -  950s
     0     0  464.35627    0 7937          -  464.35627      -     -  951s
     0     0  464.35627    0 2800          -  464.35627      -     -  976s
     0     0  464.35627    0 4911          -  464.35627      -     -  992s
     0     0  464.35627    0 5126          -  464.35627      -     -  997s
     0     0  464.35627    0 5243          -  464.35627      -     -  997s
     0     0  464.35627    0 5282          -  464.35627      -     -  999s
     0     0  464.35627    0 5282          -  464.35627      -     -  999s
     0     0  464.35627    0 5282          -  464.35627      -     - 1000s
     0     0  464.35627    0 5282          -  464.35627      -     - 1001s
     0     0  464.35627    0 5282          -  464.35627      -     - 1001s
     0     0  464.35627    0 5282          -  464.35627      -     - 1002s
     0     0  464.35627    0 5284          -  464.35627      -     - 1002s
     0     0  465.27406    0 5768          -  465.27406      -     - 1083s
     0     0  465.27406    0 5671          -  465.27406      -     - 1085s
     0     0  465.27406    0 5787          -  465.27406      -     - 1106s
     0     0  465.27406    0 5566          -  465.27406      -     - 1107s
     0     0  465.27406    0 5078          -  465.27406      -     - 1135s
     0     0  465.27406    0 5107          -  465.27406      -     - 1147s
     0     0  466.06196    0 6696          -  466.06196      -     - 1166s
     0     0  466.06196    0 6761          -  466.06196      -     - 1167s
     0     0  466.06196    0 6761          -  466.06196      -     - 1167s
     0     0  466.06196    0 4291          -  466.06196      -     - 1195s
     0     0  466.06196    0 3870          -  466.06196      -     - 1213s
     0     0  466.06196    0 4083          -  466.06196      -     - 1216s
     0     0  466.06529    0 9292          -  466.06529      -     - 1248s
     0     0  466.06529    0 9296          -  466.06529      -     - 1249s
     0     0  466.06529    0 9019          -  466.06529      -     - 1262s
     0     0  466.18176    0 11869          -  466.18176      -     - 1287s
     0     0  466.18176    0 11871          -  466.18176      -     - 1288s
     0     0  466.18176    0 11333          -  466.18176      -     - 1304s
     0     0  466.73257    0 11307          -  466.73257      -     - 1335s
     0     0  466.73257    0 10903          -  466.73257      -     - 1336s
     0     0  466.73583    0 11375          -  466.73583      -     - 1352s
     0     0  466.73583    0 11375          -  466.73583      -     - 1353s
     0     0  466.73583    0 10551          -  466.73583      -     - 1358s
     0     0  466.84806    0 11476          -  466.84806      -     - 1379s
     0     0  466.84806    0 11426          -  466.84806      -     - 1379s
     0     0  466.87770    0 9254          -  466.87770      -     - 1473s
     0     0  466.87770    0 9438          -  466.87770      -     - 1475s
     0     0  466.89921    0 8662          -  466.89921      -     - 1495s
     0     0  466.91731    0 10892          -  466.91731      -     - 1513s
     0     0  466.91731    0 5924          -  466.91731      -     - 1517s
     0     0  469.17623    0 13375          -  469.17623      -     - 1534s
     0     0  469.17623    0 13343          -  469.17623      -     - 1535s
     0     0  469.17623    0 12037          -  469.17623      -     - 1545s
     0     0  469.17623    0 10948          -  469.17623      -     - 1562s
     0     0  469.17623    0 9829          -  469.17623      -     - 1578s
     0     0  470.20220    0 9750          -  470.20220      -     - 1597s
     0     0  470.20220    0 9750          -  470.20220      -     - 1597s
     0     0  470.20220    0 6103          -  470.20220      -     - 1641s
     0     0  470.20220    0 8628          -  470.20220      -     - 1661s
     0     0  470.20220    0 8833          -  470.20220      -     - 1663s
     0     0  470.20220    0 8831          -  470.20220      -     - 1664s
     0     0  470.26249    0 8262          -  470.26249      -     - 1681s
     0     0  470.26249    0 8091          -  470.26249      -     - 1682s
     0     0  470.26249    0 10633          -  470.26249      -     - 1697s
     0     0  471.93481    0 12786          -  471.93481      -     - 1718s
     0     0  471.93481    0 12770          -  471.93481      -     - 1719s
     0     0  471.93481    0 13258          -  471.93481      -     - 1734s
     0     0  473.40736    0 13790          -  473.40736      -     - 1751s
     0     0  473.40736    0 13658          -  473.40736      -     - 1751s
     0     0  473.47218    0 17286          -  473.47218      -     - 1772s
     0     0  473.47220    0 13915          -  473.47220      -     - 1778s
     0     0  473.95390    0 19540          -  473.95390      -     - 1798s
     0     0  473.95390    0 19475          -  473.95390      -     - 1798s
     0     0  473.95424    0 16820          -  473.95424      -     - 1812s
     0     0  474.79029    0 17616          -  474.79029      -     - 1835s
     0     0  474.79029    0 17340          -  474.79029      -     - 1837s
     0     0  474.89029    0 15739          -  474.89029      -     - 1852s
     0     0  474.89029    0 15739          -  474.89029      -     - 1853s
     0     0  474.94029    0 16300          -  474.94029      -     - 1858s
     0     0  474.94029    0 15819          -  474.94029      -     - 1863s
     0     0  475.61529    0 13961          -  475.61529      -     - 1882s
     0     0  475.61529    0 13961          -  475.61529      -     - 1883s
     0     0  475.61529    0 14474          -  475.61529      -     - 1897s
     0     0  475.73652    0 14791          -  475.73652      -     - 1918s
     0     0  475.73652    0 14906          -  475.73652      -     - 1918s
     0     0  475.73652    0 14979          -  475.73652      -     - 1934s
     0     0  475.73652    0 14991          -  475.73652      -     - 1934s
     0     0  475.75696    0 16652          -  475.75696      -     - 1949s
     0     0  475.75696    0 16654          -  475.75696      -     - 1950s
     0     0  475.75696    0 14475          -  475.75696      -     - 1964s
     0     0  475.97363    0 17802          -  475.97363      -     - 1986s
     0     0  475.97363    0 17792          -  475.97363      -     - 1987s
     0     0  475.97363    0 15898          -  475.97363      -     - 2003s
     0     0  475.97363    0 15884          -  475.97363      -     - 2004s
     0     0  475.97363    0 16634          -  475.97363      -     - 2021s
     0     0  475.97363    0 16652          -  475.97363      -     - 2023s
     0     0  476.00461    0 16625          -  476.00461      -     - 2037s
     0     0  476.00461    0 17195          -  476.00461      -     - 2041s
     0     0  476.00461    0 17197          -  476.00461      -     - 2042s
     0     0  476.55000    0 17159          -  476.55000      -     - 2060s
     0     0  476.55000    0 17153          -  476.55000      -     - 2061s
     0     0  476.55000    0 6658          -  476.55000      -     - 2107s
     0     0  476.55000    0 9054          -  476.55000      -     - 2124s
     0     0  476.55000    0 8843          -  476.55000      -     - 2126s
     0     0  476.55000    0 8642          -  476.55000      -     - 2127s
     0     0  476.55000    0 8558          -  476.55000      -     - 2140s
     0     0  476.55000    0 8560          -  476.55000      -     - 2141s
     0     0  476.55000    0 10434          -  476.55000      -     - 2155s
     0     0  476.55000    0 10436          -  476.55000      -     - 2156s
     0     0  476.56667    0 8473          -  476.56667      -     - 2168s
     0     0  476.56667    0 8473          -  476.56667      -     - 2168s
     0     0  476.56667    0 3493          -  476.56667      -     - 2209s
     0     0  476.56667    0 3531          -  476.56667      -     - 2228s
     0     0  476.56667    0 4858          -  476.56667      -     - 2234s
     0     0  476.56667    0 4797          -  476.56667      -     - 2247s
     0     0  476.56667    0 5211          -  476.56667      -     - 2262s
     0     0  476.56667    0 5212          -  476.56667      -     - 2262s
     0     0  476.58822    0 4464          -  476.58822      -     - 2272s
     0     0  476.58822    0 4464          -  476.58822      -     - 2272s
     0     0  476.58822    0 1666          -  476.58822      -     - 2300s
     0     0  476.58822    0 7353          -  476.58822      -     - 2334s
     0     0  476.58822    0 7523          -  476.58822      -     - 2336s
     0     0  476.58822    0 7262          -  476.58822      -     - 2352s
     0     0  476.58822    0 3835          -  476.58822      -     - 2367s
     0     0  476.58822    0 8104          -  476.58822      -     - 2378s
     0     0  476.58822    0 8084          -  476.58822      -     - 2378s
     0     0  476.58822    0 4756          -  476.58822      -     - 2412s
     0     0  476.58822    0 4400          -  476.58822      -     - 2421s
     0     0  476.58822    0 3708          -  476.58822      -     - 2444s
     0     2  476.58822    0 3708          -  476.58822      -     - 2544s
     1     4  476.58822    1 3773          -  476.58822      -  1717 2557s
     3     8  476.58822    2 4043          -  476.58822      -  1796 2721s
     7    12  476.58822    3 3896          -  476.58822      -  1222 2767s
    11    28  476.58822    4 4085          -  476.58822      -   866 2777s
    27    40  476.58822    9 3858          -  476.58822      -   512 2783s
    39    52  476.58822   12 3453          -  476.58822      -   407 2788s
    51    56  476.58822   15 3651          -  476.58822      -   381 2793s
    55    62  476.58822   16 4180          -  476.58822      -   468 2802s
    61    66  476.58822   17 3920          -  476.58822      -   481 2812s
    65    78  476.59662   18 3316          -  476.58822      -   478 2818s
    77    86  476.59662   20 3293          -  476.58822      -   441 2826s
    85    90  478.54362   22 4844          -  476.58822      -   481 2840s
    89   102  477.06667   22 3589          -  476.58822      -   480 2850s
   101   106  477.06667   23 3588          -  476.58822      -   473 2860s
   105   118  477.06667   24 3589          -  476.58822      -   472 2867s
   117   133  478.06667   28 3476          -  476.58822      -   463 2873s
   132   153  478.09851   30 3929          -  476.58822      -   424 2880s
   152   160  478.24223   34 4128          -  476.58822      -   382 2893s
   161   164  478.46269   37 4125          -  476.58822      -   398 2904s
   165   176  478.51301   38 4124          -  476.58822      -   422 2913s
   179   196  482.87762   42 4731          -  476.58822      -   430 2921s
   206   200  484.50873   48 5318          -  476.58822      -   401 2929s
   210   204  483.76915   49 4966          -  476.58822      -   402 2935s
   214   208  486.87662   49 4593          -  476.58822      -   408 2976s
   218   212  483.97212   50 4994          -  476.58822      -   401 3040s
   222   215 infeasible   50               -  476.58822      -   394 3249s
   227   219  484.22964   52 4973          -  476.58822      -   388 3366s
   231   223  484.26394   53 4967          -  476.58822      -   384 3514s
   235   227  484.57835   54 4722          -  476.58822      -   381 3665s
   239   231  484.59067   55 4718          -  476.58822      -   398 3776s
   243   235  484.63728   56 4735          -  476.58822      -   401 3871s
   247   239  484.70733   57 4680          -  476.58822      -   402 4011s
   251   243  484.83172   58 4685          -  476.58822      -   399 4158s
   255   247  484.90176   59 4954          -  476.58822      -   399 4296s
   259   251  484.90176   60 4952          -  476.58822      -   398 4442s
   263   255  484.90412   61 4554          -  476.58822      -   400 4585s
   267   259  484.95104   62 4557          -  476.58822      -   398 4719s
   271   263  484.95361   63 4553          -  476.58822      -   393 4829s
   275   267  485.01843   64 4500          -  476.58822      -   388 4956s
   279   271  485.04435   65 4499          -  476.58822      -   385 5067s
   283   289  485.10199   66 4501          -  476.58822      -   382 5156s
   301   308  485.93136   81 3872          -  476.58822      -   364 5247s
   320   327  488.95160   97 4437          -  476.58822      -   350 5336s
   339   347  490.01452  112 4426          -  476.58822      -   332 5372s
   359   384  490.61857  129 4199          -  476.58822      -   320 5402s
   396   424  492.43483  147 4193          -  476.58822      -   303 5431s
   438   456 infeasible  166               -  476.58822      -   279 5457s
   474   502  479.86667   25 4365          -  476.58822      -   274 5492s
   520   549  478.95000   45 5064          -  476.58822      -   262 5525s
   567   590  480.51667   62 5645          -  476.58822      -   251 5561s
   608   648  480.51667   72 4982          -  476.58822      -   241 5599s
   666   714  480.56667   97 4979          -  476.58822      -   228 5636s
   732   758  480.75667  128 5536          -  476.58822      -   216 5669s
   776   832  480.91667  149 4821          -  476.58822      -   212 5711s
   850   885  481.88333  182 6230          -  476.58822      -   199 5756s
   903   948  482.44803  207 6004          -  476.58822      -   194 5794s
   966  1048  483.37175  230 5695          -  476.58822      -   188 5825s
  1066  1124  488.80758  278 6527          -  476.58822      -   176 5854s
  1088  1124  498.23738   80 6022          -  476.58822      -   179 5855s
  1144  1220  522.67238  299 5119          -  476.58822      -   174 5902s
  1240  1309  523.50572  333 5682          -  476.58822      -   172 5945s
  1329  1398  526.38778  355 5132          -  476.58822      -   168 6076s
  1418  1460  528.98197  372 3025          -  476.58822      -   170 6152s
  1480  1579  527.86747  386 5503          -  476.58822      -   171 6189s
  1599  1648  529.24260  460 5334          -  476.58822      -   165 6229s
  1668  1759  529.89634  469 6367          -  476.58822      -   169 6302s
  1781  1846  530.90216  535 5592          -  476.58822      -   168 6370s
  1868  1980  530.96081  551 5860          -  476.58822      -   170 6496s
  2008  2159  531.79368  617 5489          -  476.58822      -   173 6549s
  2188  2413  533.27321  684 6179          -  476.58822      -   173 6632s
  2447  2645  542.35907  707 6581          -  476.58822      -   172 6719s
  2707  2825  651.95677  737 3065          -  476.58822      -   170 6781s

Cutting planes:
  Gomory: 6
  Cover: 68
  Implied bound: 224
  Clique: 314
  MIR: 198
  StrongCG: 5
  Flow cover: 20
  GUB cover: 31
  Zero half: 3
  RLT: 393
  Relax-and-lift: 208

Explored 2948 nodes (1107203 simplex iterations) in 7200.63 seconds (5400.72 work units)
Thread count was 4 (of 8 available processors)

Solution count 0

Time limit reached
Best objective -, best bound 4.766000000000e+02, gap -
