
Gurobi 13.0.2 (linux64) logging started Mon Jul  6 21:32:36 2026

Set parameter LogFile to value "src/Resultados/Restriccion todas cliques/logs/RC103-50.xml_log.log"
Set parameter Threads to value 4
Gurobi Optimizer version 13.0.2 build v13.0.2rc1 (linux64 - "Rocky Linux 9.7 (Blue Onyx)")

CPU model: QEMU Virtual CPU version 2.5+, instruction set [SSE2]
Thread count: 8 physical cores, 8 logical processors, using up to 4 threads

Non-default parameters:
TimeLimit  7200
Threads  4

Optimize a model with 153194 rows, 93270 columns and 7502865 nonzeros (Min)
Model fingerprint: 0x448cf8f9
Model has 21045 linear objective coefficients
Variable types: 18210 continuous, 75060 integer (75045 binary)
Coefficient statistics:
  Matrix range     [1e+00, 4e+04]
  Objective range  [1e+00, 8e+01]
  Bounds range     [1e+00, 2e+03]
  RHS range        [1e+00, 4e+04]

Presolve removed 0 rows and 0 columns (presolve time = 34s)...
Presolve removed 17640 rows and 90 columns (presolve time = 35s)...
Presolve removed 34980 rows and 90 columns (presolve time = 43s)...
Presolve removed 34980 rows and 90 columns (presolve time = 45s)...
Presolve removed 41550 rows and 240 columns (presolve time = 50s)...
Presolve removed 42666 rows and 240 columns (presolve time = 55s)...
Presolve removed 43243 rows and 300 columns (presolve time = 60s)...
Presolve removed 43455 rows and 300 columns (presolve time = 65s)...
Presolve removed 43455 rows and 300 columns (presolve time = 70s)...
Presolve removed 44400 rows and 1230 columns (presolve time = 75s)...
Presolve removed 44460 rows and 1290 columns (presolve time = 80s)...
Presolve removed 44445 rows and 1275 columns
Presolve time: 82.62s
Presolved: 108749 rows, 91995 columns, 5668575 nonzeros
Variable types: 750 continuous, 91245 integer (80370 binary)
Deterministic concurrent LP optimizer: primal simplex, dual simplex, and barrier
Showing barrier log only...

Root barrier log...

Elapsed ordering time = 5s
Elapsed ordering time = 7s
Elapsed ordering time = 10s
Elapsed ordering time = 11s
Elapsed ordering time = 14s
Elapsed ordering time = 15s
Elapsed ordering time = 18s
Elapsed ordering time = 20s
Ordering time: 21.89s

Barrier statistics:
 Dense cols : 15
 AA' NZ     : 1.339e+07
 Factor NZ  : 7.828e+07 (roughly 700 MB of memory)
 Factor Ops : 3.029e+11 (roughly 50 seconds per iteration)
 Threads    : 1

                  Objective                Residual
Iter       Primal          Dual         Primal    Dual     Compl     Time
   0   1.52749942e+06 -1.34515324e+06  1.44e+05 1.11e-16  1.59e+02   248s
   1   5.81370491e+05 -1.61674413e+06  5.54e+04 8.81e-01  6.20e+01   302s

Barrier performed 1 iterations in 317.29 seconds (139.82 work units)
Barrier solve interrupted - model solved by another algorithm

Concurrent spin time: 28.04s (can be avoided by choosing Method=3)

Solved with dual simplex

Root simplex log...

Iteration    Objective       Primal Inf.    Dual Inf.      Time
   59632    4.7470000e+02   0.000000e+00   0.000000e+00    342s

Root relaxation: objective 4.747000e+02, 59632 iterations, 189.22 seconds (113.81 work units)

    Nodes    |    Current Node    |     Objective Bounds      |     Work
 Expl Unexpl |  Obj  Depth IntInf | Incumbent    BestBd   Gap | It/Node Time

     0     0  474.70000    0 5008          -  474.70000      -     -  381s
     0     0  474.70000    0 6412          -  474.70000      -     -  389s
     0     0  474.70000    0 10641          -  474.70000      -     -  447s
     0     0  474.70000    0 9730          -  474.70000      -     -  471s
     0     0  474.70000    0 10678          -  474.70000      -     -  473s
     0     0  474.70000    0 10627          -  474.70000      -     -  474s
     0     0  474.70000    0 12229          -  474.70000      -     -  513s
     0     0  474.70000    0 12229          -  474.70000      -     -  514s
     0     0  474.70000    0 5765          -  474.70000      -     -  563s
     0     0  474.70000    0 4970          -  474.70000      -     -  579s
     0     0  474.70000    0 4508          -  474.70000      -     -  582s
     0     0  474.70000    0 4508          -  474.70000      -     -  583s
     0     0  474.70000    0 4508          -  474.70000      -     -  584s
     0     0  474.70000    0 4508          -  474.70000      -     -  584s
     0     0  474.70000    0 4510          -  474.70000      -     -  585s
     0     0  474.70000    0 8051          -  474.70000      -     -  616s
     0     0  474.70000    0 7892          -  474.70000      -     -  617s
     0     0  474.70000    0 3371          -  474.70000      -     -  649s
     0     0  474.70000    0 3869          -  474.70000      -     -  669s
     0     0  474.70000    0 4089          -  474.70000      -     -  671s
     0     0  474.70000    0 8949          -  474.70000      -     -  721s
     0     0  474.70000    0 9509          -  474.70000      -     -  722s
     0     0  474.70000    0 5552          -  474.70000      -     -  750s
     0     0  474.70000    0 5679          -  474.70000      -     -  768s
     0     0  474.70000    0 4937          -  474.70000      -     -  771s
     0     0  474.70000    0 4940          -  474.70000      -     -  772s
     0     0  474.70000    0 13282          -  474.70000      -     -  807s
     0     0  474.70000    0 13301          -  474.70000      -     -  807s
     0     0  474.70000    0 7437          -  474.70000      -     -  844s
     0     0  474.70000    0 8149          -  474.70000      -     -  862s
     0     0  474.70000    0 8342          -  474.70000      -     -  867s
     0     0  474.70000    0 8342          -  474.70000      -     -  867s
     0     0  474.70000    0 11295          -  474.70000      -     -  898s
     0     0  474.70000    0 11187          -  474.70000      -     -  898s
     0     0  474.70000    0 3990          -  474.70000      -     -  920s
     0     0  474.70000    0 5220          -  474.70000      -     -  937s
     0     0  474.70000    0 5227          -  474.70000      -     -  939s
     0     0  474.70000    0 5227          -  474.70000      -     -  939s
     0     0  474.70000    0 5227          -  474.70000      -     -  940s
     0     0  474.70000    0 5227          -  474.70000      -     -  940s
     0     0  474.70000    0 5229          -  474.70000      -     -  941s
     0     0  475.32017    0 6045          -  475.32017      -     -  963s
     0     0  475.32017    0 6045          -  475.32017      -     -  963s
     0     0  475.32017    0 5144          -  475.32017      -     -  991s
     0     0  475.34530    0 5067          -  475.34530      -     - 1005s
     0     0  475.34530    0 5176          -  475.34530      -     - 1006s
     0     0  475.34530    0 5176          -  475.34530      -     - 1007s
     0     0  475.34530    0 5176          -  475.34530      -     - 1007s
     0     0  481.11111    0 8426          -  481.11111      -     - 1043s
     0     0  481.11111    0 9876          -  481.11111      -     - 1045s
     0     0  481.11111    0 9936          -  481.11111      -     - 1061s
     0     0  481.11111    0 9934          -  481.11111      -     - 1062s
     0     0  482.46196    0 12681          -  482.46196      -     - 1084s
     0     0  482.46196    0 12695          -  482.46196      -     - 1085s
     0     0  482.46196    0 11872          -  482.46196      -     - 1099s
     0     0  484.50000    0 13432          -  484.50000      -     - 1120s
     0     0  484.50000    0 13532          -  484.50000      -     - 1122s
     0     0  484.50000    0 11026          -  484.50000      -     - 1138s
     0     0  484.50000    0 11064          -  484.50000      -     - 1140s
     0     0  484.50000    0 14661          -  484.50000      -     - 1154s
     0     0  484.50000    0 12856          -  484.50000      -     - 1155s
     0     0  484.50000    0 11312          -  484.50000      -     - 1170s
     0     0  484.50000    0 11293          -  484.50000      -     - 1171s
     0     0  484.50000    0 11038          -  484.50000      -     - 1184s
     0     0  484.50000    0 11036          -  484.50000      -     - 1184s
     0     0  484.50000    0 5423          -  484.50000      -     - 1228s
     0     0  484.51925    0 7796          -  484.51925      -     - 1255s
     0     0  484.51925    0 7912          -  484.51925      -     - 1263s
     0     0  484.51925    0 7908          -  484.51925      -     - 1264s
     0     0  484.64757    0 7065          -  484.64757      -     - 1269s
     0     0  484.64757    0 6977          -  484.64757      -     - 1270s
     0     0  484.67620    0 5707          -  484.67620      -     - 1273s
     0     0  484.67627    0 5735          -  484.67627      -     - 1275s
     0     0  485.12217    0 6971          -  485.12217      -     - 1285s
     0     0  485.12217    0 6971          -  485.12217      -     - 1285s
     0     0  485.12217    0 5118          -  485.12217      -     - 1320s
     0     0  485.12580    0 7038          -  485.12580      -     - 1342s
     0     0  485.12580    0 6638          -  485.12580      -     - 1344s
     0     0  485.12580    0 7681          -  485.12580      -     - 1350s
     0     0  485.59164    0 11190          -  485.59164      -     - 1372s
     0     0  485.59164    0 10983          -  485.59164      -     - 1373s
     0     0  485.66534    0 11784          -  485.66534      -     - 1410s
     0     0  485.66534    0 10518          -  485.66534      -     - 1415s
     0     0  488.08551    0 10541          -  488.08551      -     - 1441s
     0     0  488.08551    0 10532          -  488.08551      -     - 1442s
     0     0  488.10762    0 10201          -  488.10762      -     - 1462s
     0     0  488.10762    0 9939          -  488.10762      -     - 1467s
     0     0  488.10762    0 9941          -  488.10762      -     - 1468s
     0     0  488.86271    0 12094          -  488.86271      -     - 1489s
     0     0  488.92206    0 9883          -  488.92206      -     - 1572s
     0     0  488.92206    0 9883          -  488.92206      -     - 1573s
     0     0  488.92206    0 10224          -  488.92206      -     - 1578s
     0     0  488.92206    0 11346          -  488.92206      -     - 1594s
     0     0  488.92206    0 12441          -  488.92206      -     - 1613s
     0     0  488.99570    0 13241          -  488.99570      -     - 1636s
     0     0  488.99570    0 13100          -  488.99570      -     - 1637s
     0     0  488.99570    0 10187          -  488.99570      -     - 1659s
     0     0  489.83311    0 15615          -  489.83311      -     - 1676s
     0     0  489.83311    0 13724          -  489.83311      -     - 1677s
     0     0  489.86444    0 11375          -  489.86444      -     - 1694s
     0     0  489.87286    0 10879          -  489.87286      -     - 1701s
     0     0  489.87286    0 10879          -  489.87286      -     - 1702s
     0     0  489.87560    0 8624          -  489.87560      -     - 1707s
     0     0  489.87560    0 9433          -  489.87560      -     - 1710s
     0     0  490.61501    0 10783          -  490.61501      -     - 1726s
     0     0  490.61834    0 9810          -  490.61834      -     - 1747s
     0     0  490.61834    0 9810          -  490.61834      -     - 1748s
     0     0  490.61834    0 10766          -  490.61834      -     - 1751s
     0     0  490.68977    0 12620          -  490.68977      -     - 1767s
     0     0  490.68977    0 12630          -  490.68977      -     - 1768s
     0     0  490.68977    0 11549          -  490.68977      -     - 1791s
     0     0  491.63419    0 10576          -  491.63419      -     - 1808s
     0     0  491.63419    0 10575          -  491.63419      -     - 1809s
     0     0  491.64686    0 11069          -  491.64686      -     - 1826s
     0     0  491.68026    0 9834          -  491.68026      -     - 1831s
     0     0  491.69683    0 11163          -  491.69683      -     - 1836s
     0     0  491.69683    0 11160          -  491.69683      -     - 1837s
     0     0  491.69683    0 11073          -  491.69683      -     - 1842s
     0     0  492.32329    0 10938          -  492.32329      -     - 1857s
     0     0  492.39497    0 9204          -  492.39497      -     - 1875s
     0     0  492.39497    0 6980          -  492.39497      -     - 1880s
     0     0  492.48253    0 11082          -  492.48253      -     - 1898s
     0     0  492.49028    0 13037          -  492.49028      -     - 1921s
     0     0  492.49028    0 10250          -  492.49028      -     - 1926s
     0     0  493.95058    0 13448          -  493.95058      -     - 1946s
     0     0  493.95058    0 13257          -  493.95058      -     - 1949s
     0     0  493.96796    0 11091          -  493.96796      -     - 1972s
     0     0  494.60387    0 12914          -  494.60387      -     - 1995s
     0     0  494.60387    0 12778          -  494.60387      -     - 1996s
     0     0  494.60955    0 9619          -  494.60955      -     - 2017s
     0     0  494.61029    0 10204          -  494.61029      -     - 2023s
     0     0  494.64574    0 9002          -  494.64574      -     - 2040s
     0     0  494.64574    0 6521          -  494.64574      -     - 2059s
     0     0  494.66975    0 6659          -  494.66975      -     - 2070s
     0     0  494.72837    0 6705          -  494.72837      -     - 2088s
     0     0  494.72849    0 5566          -  494.72849      -     - 2093s
     0     0  494.78836    0 5569          -  494.78836      -     - 2102s
     0     0  494.79106    0 6333          -  494.79106      -     - 2118s
     0     0  494.79120    0 5982          -  494.79120      -     - 2122s
     0     0  495.22586    0 8361          -  495.22586      -     - 2135s
     0     0  495.25365    0 8831          -  495.25365      -     - 2153s
     0     0  495.25365    0 7951          -  495.25365      -     - 2157s
     0     0  495.61945    0 7842          -  495.61945      -     - 2171s
     0     0  495.61945    0 10847          -  495.61945      -     - 2193s
     0     0  496.18750    0 9265          -  496.18750      -     - 2212s
     0     0  496.18750    0 9110          -  496.18750      -     - 2213s
     0     0  496.18750    0 7129          -  496.18750      -     - 2228s
     0     0  496.18750    0 6867          -  496.18750      -     - 2239s
     0     0  496.18750    0 6012          -  496.18750      -     - 2258s
     0     0  496.18750    0 10975          -  496.18750      -     - 2275s
     0     0  496.18750    0 10991          -  496.18750      -     - 2276s
     0     0  496.18750    0 3570          -  496.18750      -     - 2344s
     0     0  496.18750    0 7423          -  496.18750      -     - 2370s
     0     0  496.18750    0 7372          -  496.18750      -     - 2371s
     0     0  496.41667    0 12003          -  496.41667      -     - 2393s
     0     0  496.41667    0 12003          -  496.41667      -     - 2393s
     0     0  496.41667    0 3368          -  496.41667      -     - 2431s
     0     0  496.41667    0 5124          -  496.41667      -     - 2467s
     0     0  496.41667    0 5301          -  496.41667      -     - 2468s
     0     0  496.41667    0 9219          -  496.41667      -     - 2486s
     0     0  496.43127    0 7644          -  496.43127      -     - 2507s
     0     0  496.43127    0 5603          -  496.43127      -     - 2512s
     0     0  496.43127    0 6740          -  496.43127      -     - 2522s
     0     0  496.43127    0 2797          -  496.43127      -     - 2558s
     0     0  496.43127    0 4110          -  496.43127      -     - 2589s
     0     0  496.43127    0 4434          -  496.43127      -     - 2591s
     0     0  496.43127    0 4953          -  496.43127      -     - 2601s
     0     0  496.46461    0 4953          -  496.46461      -     - 2612s
     0     0  496.46461    0 4308          -  496.46461      -     - 2659s
     0     2  496.46461    0 3262          -  496.46461      -     - 2793s
     1     4  496.53155    1 4533          -  496.46461      -  1845 2831s
     3     8  496.53155    2 4773          -  496.53155      -  2495 2953s
     7    12  496.53155    3 4523          -  496.53155      -  1772 2966s
    11    27  496.53155    4 5050          -  496.53155      -  1337 2978s
    26    32  496.57611    6 5040          -  496.57611      -   843 2986s
    31    36  496.57611    7 5043          -  496.57611      -   754 2994s
    35    43  496.62758    8 5033          -  496.57611      -   696 3002s
    42    50  496.75251   11 5362          -  496.57611      -   654 3010s
    49    60  496.75324   14 5352          -  496.57611      -   644 3018s
    59    71  496.80578   19 4991          -  496.57611      -   593 3027s
    70    77  496.91303   24 5359          -  496.57611      -   545 3035s
    76    83  497.00870   25 5293          -  496.57611      -   579 3044s
    82    97  497.20424   26 5346          -  496.57611      -   576 3053s
    96   101  497.24115   31 5360          -  496.57611      -   526 3063s
   100   112  497.27495   32 5726          -  496.57611      -   518 3073s
   111   116  497.46626   34 5309          -  496.57611      -   514 3084s
   115   128  497.52123   35 5566          -  496.57611      -   507 3094s
   127   132  497.52123   38 5562          -  496.57611      -   487 3149s
   131   141  497.57791   39 5888          -  496.57611      -   484 3179s
   140   145  497.57791   41 6309          -  496.57611      -   473 3416s
   144   149  497.57791   42 6298          -  496.57611      -   467 3664s
   148   153  497.57791   43 6271          -  496.57611      -   459 3883s
   152   157  497.67857   44 6354          -  496.57611      -   449 4137s
   156   161  497.71149   45 5740          -  496.57611      -   439 4620s
   160   165  497.71149   46 5761          -  496.57611      -   432 4983s
   164   169  497.71149   47 5776          -  496.57611      -   424 5246s
   168   173  497.75792   48 5535          -  496.57611      -   418 5475s
   172   177  497.76625   49 5348          -  496.57611      -   415 5735s
   176   181  497.76625   50 5614          -  496.57611      -   407 6092s
   180   185  497.76625   51 5185          -  496.57611      -   406 6292s
   184   189  497.76625   52 5295          -  496.57611      -   407 6354s
   188   199  497.76625   53 5850          -  496.57611      -   406 6412s
   198   211  497.81070   56 5768          -  496.57611      -   395 6445s
   210   225  497.81070   57 6374          -  496.57611      -   391 6492s
   224   251  498.01292   68 5989          -  496.57611      -   374 6540s
   250   255  498.13292   78 5613          -  496.57611      -   384 6581s
   254   283  498.13292   79 5618          -  496.57611      -   380 6619s
   282   307  498.41625   92 6773          -  496.57611      -   371 6686s
   306   341  498.62625  107 6327          -  496.57611      -   365 6725s
   340   373  498.86469  123 7724          -  496.57611      -   368 6769s
   372   405  499.42333  140 6528          -  496.57611      -   363 6817s
   404   449  499.59872  158 6624          -  496.57611      -   357 6852s
   448   497  500.01041  179 7712          -  496.57611      -   330 6900s
   496   549  500.32469  200 5985          -  496.57611      -   313 6945s
   548   600  500.70092  225 6915          -  496.57611      -   302 6991s
   599   662  501.08292  246 8208          -  496.57611      -   285 7046s
   661   731  501.67520  276 6829          -  496.57611      -   271 7095s
   730   805  502.57454  310 7309          -  496.57611      -   260 7154s
   804   860  503.47636  345 7462          -  496.57611      -   244 7200s

Cutting planes:
  Gomory: 4
  Cover: 133
  Implied bound: 252
  Clique: 202
  MIR: 127
  StrongCG: 6
  Flow cover: 34
  GUB cover: 158
  Zero half: 17
  RLT: 337
  Relax-and-lift: 144
  BQP: 2

Explored 859 nodes (836478 simplex iterations) in 7201.29 seconds (5604.79 work units)
Thread count was 4 (of 8 available processors)

Solution count 0

Time limit reached
Best objective -, best bound 4.966000000000e+02, gap -
