
Gurobi 13.0.2 (linux64) logging started Thu Jun 11 07:21:25 2026

Set parameter LogFile to value "src/Resultados/Sin Restricciones/logs/C105-50.xml_log.log"
Set parameter Threads to value 4
Gurobi Optimizer version 13.0.2 build v13.0.2rc1 (linux64 - "Rocky Linux 9.7 (Blue Onyx)")

CPU model: QEMU Virtual CPU version 2.5+, instruction set [SSE2]
Thread count: 8 physical cores, 8 logical processors, using up to 4 threads

Non-default parameters:
TimeLimit  7200
Threads  4

Optimize a model with 294427 rows, 179595 columns and 1255545 nonzeros (Min)
Model fingerprint: 0x91675a17
Model has 29220 linear objective coefficients
Variable types: 37740 continuous, 141855 integer (141840 binary)
Coefficient statistics:
  Matrix range     [1e+00, 4e+04]
  Objective range  [1e+00, 6e+01]
  Bounds range     [1e+00, 2e+03]
  RHS range        [1e+00, 4e+04]

Presolve removed 91965 rows and 180 columns (presolve time = 5s)...
Presolve removed 91995 rows and 195 columns
Presolve time: 8.02s
Presolved: 202432 rows, 179400 columns, 961425 nonzeros
Variable types: 750 continuous, 178650 integer (158265 binary)
Deterministic concurrent LP optimizer: primal simplex, dual simplex, and barrier
Showing barrier log only...

Root barrier log...

Elapsed ordering time = 5s
Ordering time: 5.46s

Barrier statistics:
 Dense cols : 15
 AA' NZ     : 3.315e+06
 Factor NZ  : 2.128e+07 (roughly 300 MB of memory)
 Factor Ops : 1.390e+10 (roughly 2 seconds per iteration)
 Threads    : 1

                  Objective                Residual
Iter       Primal          Dual         Primal    Dual     Compl     Time
   0   2.81404395e+06 -3.28372480e+06  3.03e+05 8.33e-17  1.33e+02    19s
   1   1.01416337e+06 -3.13665892e+06  1.11e+05 6.47e-01  5.48e+01    21s
   2   3.40738221e+05 -2.79717350e+06  3.84e+04 2.31e-14  1.79e+01    22s
   3   7.80384990e+04 -5.99342848e+05  8.61e+03 8.57e-04  3.61e+00    24s
   4   4.75769663e+04 -3.78637256e+05  5.37e+03 4.51e-04  2.18e+00    26s
   5   6.38375627e+03 -8.87746624e+04  5.68e+02 1.03e-05  3.15e-01    29s
   6   2.29019949e+03 -2.90911429e+04  1.15e+02 2.38e-06  8.50e-02    32s
   7   8.59256384e+02 -3.29855609e+03  6.95e+00 1.57e-07  9.72e-03    35s
   8   4.51997435e+02 -2.81614319e+02  2.56e-01 1.95e-08  1.55e-03    38s
   9   3.62567924e+02  3.27052676e+02  1.63e-03 3.96e-10  7.31e-05    41s
  10   3.59763438e+02  3.59355008e+02  2.32e-05 1.95e-12  8.39e-07    44s
  11   3.59700064e+02  3.59699655e+02  1.47e-11 1.33e-15  8.40e-10    46s
  12   3.59700000e+02  3.59700000e+02  8.28e-10 1.11e-15  7.95e-13    49s

Barrier solved model in 12 iterations and 48.80 seconds (29.73 work units)
Optimal objective 3.59700000e+02


Root crossover log...

   23609 DPushes remaining with DInf 0.0000000e+00                49s
       0 DPushes remaining with DInf 0.0000000e+00                49s

   76583 PPushes remaining with PInf 0.0000000e+00                49s
   46066 PPushes remaining with PInf 0.0000000e+00                53s
   26922 PPushes remaining with PInf 0.0000000e+00                61s
    5081 PPushes remaining with PInf 0.0000000e+00                77s
       0 PPushes remaining with PInf 0.0000000e+00                80s

  Push phase complete: Pinf 0.0000000e+00, Dinf 4.1078252e-15     80s


Root simplex log...

Iteration    Objective       Primal Inf.    Dual Inf.      Time
  100135    3.5970000e+02   0.000000e+00   0.000000e+00     80s
Crossover time: 31.19 seconds (13.75 work units)
Concurrent spin time: 0.00s

Solved with barrier

Root relaxation: objective 3.597000e+02, 100135 iterations, 69.14 seconds (35.72 work units)

    Nodes    |    Current Node    |     Objective Bounds      |     Work
 Expl Unexpl |  Obj  Depth IntInf | Incumbent    BestBd   Gap | It/Node Time

     0     0  359.70000    0 9476          -  359.70000      -     -  286s
     0     0  359.70000    0 8268          -  359.70000      -     -  289s
     0     0  359.70000    0 14026          -  359.70000      -     -  309s
     0     0  359.70000    0 14026          -  359.70000      -     -  316s
     0     0  359.70000    0 14832          -  359.70000      -     -  340s
     0     0  359.70000    0 14832          -  359.70000      -     -  340s
     0     0  359.70000    0 9453          -  359.70000      -     -  446s
     0     0  359.70000    0 9361          -  359.70000      -     -  457s
     0     0  359.70000    0 7886          -  359.70000      -     -  471s
     0     0  359.70000    0 16073          -  359.70000      -     -  533s
     0     0  359.70000    0 16073          -  359.70000      -     -  533s
     0     0  359.70000    0 14188          -  359.70000      -     -  680s
     0     0  359.70000    0 14876          -  359.70000      -     -  691s
     0     0  359.70000    0 13535          -  359.70000      -     -  696s
     0     0  359.70000    0 13566          -  359.70000      -     -  697s
     0     0  359.70000    0 27342          -  359.70000      -     -  749s
     0     0  359.70000    0 27342          -  359.70000      -     -  749s
     0     0  359.70000    0 17519          -  359.70000      -     -  962s
     0     0  359.70000    0 15363          -  359.70000      -     -  981s
     0     0  359.70000    0 24367          -  359.70000      -     - 1017s
     0     0  359.70000    0 24367          -  359.70000      -     - 1017s
     0     0  359.70000    0 13348          -  359.70000      -     - 1167s
     0     0  359.70000    0 13348          -  359.70000      -     - 1175s
     0     0  359.70000    0 10905          -  359.70000      -     - 1297s
     0     2  359.70000    0 10905          -  359.70000      -     - 1510s
     1     4  359.70000    1 6249          -  359.70000      -  2213 1539s
     3     7  359.70000    2 11214          -  359.70000      -  2748 1562s
     6    11  359.70000    3 16267          -  359.70000      -  2588 1604s
    10    15  359.70000    4 16356          -  359.70000      -  2549 1655s
    14    25  359.70000    5 17093          -  359.70000      -  1991 1737s
    24    58  359.70000    5 16351          -  359.70000      -  1319 1872s
    57   184  359.70000   33 11803          -  359.70000      -   651 2071s
H  127   184                     491.1000000  359.70000  26.8%   702 2071s
H  199   480                     456.3000000  359.70000  21.2%   520 2323s
   500   786  365.71829  168 8990  456.30000  359.70000  21.2%   791 2507s
   814  1081  385.70888  249 5414  456.30000  359.70000  21.2%   695 2637s
H  882  1081                     453.9000000  359.70000  20.8%   671 2637s
H 1127  1270                     423.8000000  359.70000  15.1%   577 2746s
  1455  1427  402.23448  400 2521  423.80000  359.70000  15.1%   481 2839s
H 1723  1667                     419.1000000  359.70000  14.2%   451 2928s
  2052  1668  359.70000   43 10905  419.10000  359.70000  14.2%   397 3374s
  2054  1669  386.71899  116  999  419.10000  359.86588  14.1%   397 3681s
  2055  1670  360.22277   50 1758  419.10000  360.22277  14.0%   397 3842s
  2056  1671  362.40000  194 2584  419.10000  360.31692  14.0%   397 3923s
  2057  1671  405.07794  428 1887  419.10000  360.50581  14.0%   396 4048s
H 2057  1587                     418.6000000  361.15841  13.7%   396 4078s
  2058  1588  406.97447  307 3483  418.60000  361.20000  13.7%   396 4113s
  2059  1589  361.20000   37 2400  418.60000  361.20000  13.7%   396 4216s
  2060  1589  407.18026   86 2784  418.60000  361.20000  13.7%   396 4259s
  2061  1590  381.81984   57 3195  418.60000  361.20000  13.7%   396 4383s
H 2061  1510                     411.9000000  361.50000  12.2%   396 4401s
H 2061  1434                     410.0000000  361.50000  11.8%   396 4401s
  2062  1435  391.28068   85 6622  410.00000  361.50000  11.8%   395 4434s
  2063  1435  361.50000   44 2850  410.00000  361.50000  11.8%   395 4534s
  2064  1436  399.00599  118 5870  410.00000  361.50000  11.8%   395 4559s
  2065  1437  395.22546  232 2570  410.00000  361.50000  11.8%   395 4643s
  2066  1437  362.30000  119 1415  410.00000  361.80000  11.8%   395 4670s
H 2066  1365                     389.1000000  361.80000  7.02%   395 4926s
  2068  1367  362.40000   65 2401  389.10000  362.40000  6.86%   394 4947s
H 2068  1299                     385.2000000  362.40000  5.92%   394 5080s
H 2068  1233                     382.4000000  362.40000  5.23%   394 5081s
  2070  1234  362.40000  161 2322  382.40000  362.40000  5.23%   394 5109s
  2071  1235  382.40000  107  933  382.40000  362.40000  5.23%   394 5215s
  2072  1235  366.96831   66 2243  382.40000  362.40000  5.23%   393 5318s
  2073  1236  382.40000  183 2395  382.40000  362.40000  5.23%   393 5342s
  2074  1237  382.40000  145 1766  382.40000  362.40000  5.23%   393 5573s
  2075  1237  366.96831  102 2492  382.40000  362.40000  5.23%   393 5609s
  2076  1238  382.40000  132 3784  382.40000  362.40000  5.23%   393 5611s
  2078  1241  362.40000   19 10905  382.40000  362.40000  5.23%   701 5731s
  2080  1242  382.40000  381 1607  382.40000  362.40000  5.23%   700 6049s
  2081  1243  362.40000   43 1200  382.40000  362.40000  5.23%   700 6121s
  2082  1244  382.40000  182 1252  382.40000  362.40000  5.23%   700 6286s
  2083  1244  362.40000   90 2917  382.40000  362.40000  5.23%   699 6298s
  2085  1247  382.40000  130 10905  382.40000  362.40000  5.23%   768 6376s
  2087  1248  362.40000  153  904  382.40000  362.40000  5.23%   768 6563s
  2088  1249  382.40000   56 1130  382.40000  362.40000  5.23%   767 6668s
  2089  1250  382.40000   88 1115  382.40000  362.40000  5.23%   767 6921s
  2090  1250  382.40000  384  674  382.40000  362.40000  5.23%   767 7037s

Cutting planes:
  Gomory: 3
  Cover: 119
  Implied bound: 113
  Projected implied bound: 2
  Clique: 35
  MIR: 31
  StrongCG: 1
  Flow cover: 14
  GUB cover: 7
  Zero half: 2
  RLT: 5
  Relax-and-lift: 6

Explored 2090 nodes (2314200 simplex iterations) in 7247.57 seconds (5236.66 work units)
Thread count was 4 (of 8 available processors)

Solution count 10: 382.4 382.4 385.2 ... 453.9

Time limit reached
Best objective 3.824000000000e+02, best bound 3.624000000000e+02, gap 5.2301%
