
Gurobi 13.0.2 (linux64) logging started Thu Jun 11 11:23:52 2026

Set parameter LogFile to value "src/Resultados/Sin Restricciones/logs/C106-50.xml_log.log"
Set parameter Threads to value 4
Gurobi Optimizer version 13.0.2 build v13.0.2rc1 (linux64 - "Rocky Linux 9.7 (Blue Onyx)")

CPU model: QEMU Virtual CPU version 2.5+, instruction set [SSE2]
Thread count: 8 physical cores, 8 logical processors, using up to 4 threads

Non-default parameters:
TimeLimit  7200
Threads  4

Optimize a model with 293182 rows, 178350 columns and 1243095 nonzeros (Min)
Model fingerprint: 0xb2c2eabe
Model has 27975 linear objective coefficients
Variable types: 37740 continuous, 140610 integer (140595 binary)
Coefficient statistics:
  Matrix range     [1e+00, 4e+04]
  Objective range  [1e+00, 6e+01]
  Bounds range     [1e+00, 2e+03]
  RHS range        [1e+00, 4e+04]

Presolve removed 91965 rows and 180 columns (presolve time = 5s)...
Presolve removed 91965 rows and 165 columns
Presolve time: 7.13s
Presolved: 201217 rows, 178185 columns, 935715 nonzeros
Variable types: 690 continuous, 177495 integer (157050 binary)
Deterministic concurrent LP optimizer: primal simplex, dual simplex, and barrier
Showing barrier log only...

Root barrier log...

Elapsed ordering time = 5s
Elapsed ordering time = 6s
Ordering time: 7.09s

Barrier statistics:
 Dense cols : 15
 AA' NZ     : 3.110e+06
 Factor NZ  : 1.953e+07 (roughly 300 MB of memory)
 Factor Ops : 1.173e+10 (roughly 2 seconds per iteration)
 Threads    : 1

                  Objective                Residual
Iter       Primal          Dual         Primal    Dual     Compl     Time
   0   3.71993131e+06 -5.36614989e+06  4.25e+05 2.22e-16  2.88e+02    20s
   1   1.93391464e+06 -5.62081071e+06  2.23e+05 8.30e-01  1.51e+02    22s
   2   5.40261836e+05 -6.26819304e+06  6.32e+04 1.06e-03  4.66e+01    24s
   3   1.34064962e+05 -2.23451394e+06  1.55e+04 3.57e-05  1.18e+01    26s
   4   9.71768883e+03 -3.09727421e+05  9.49e+02 2.12e-06  1.03e+00    28s
   5   2.36972851e+03 -5.97767406e+04  1.05e+02 2.25e-07  1.59e-01    32s
   6   1.23907982e+03 -7.61212898e+03  7.11e+00 2.13e-08  2.03e-02    35s
   7   6.01199886e+02 -4.12356907e+02  8.36e-02 9.94e-10  2.12e-03    39s
   8   3.69208310e+02  2.80197229e+02  1.13e-03 3.37e-11  1.84e-04    42s
   9   3.60104769e+02  3.59247820e+02  4.60e-06 1.43e-14  1.77e-06    46s
  10   3.59800307e+02  3.59799371e+02  4.82e-12 1.33e-15  1.94e-09    48s
  11   3.59800000e+02  3.59799999e+02  1.25e-09 1.33e-15  1.94e-12    51s

Barrier solved model in 11 iterations and 51.46 seconds (25.31 work units)
Optimal objective 3.59800000e+02


Root crossover log...

   21500 DPushes remaining with DInf 0.0000000e+00                52s
       0 DPushes remaining with DInf 0.0000000e+00                52s

   76539 PPushes remaining with PInf 0.0000000e+00                52s
   43074 PPushes remaining with PInf 0.0000000e+00                55s
   12605 PPushes remaining with PInf 0.0000000e+00                66s
    6867 PPushes remaining with PInf 0.0000000e+00                70s
      89 PPushes remaining with PInf 0.0000000e+00                75s
       0 PPushes remaining with PInf 0.0000000e+00                76s

  Push phase complete: Pinf 0.0000000e+00, Dinf 4.6768145e-15     76s


Root simplex log...

Iteration    Objective       Primal Inf.    Dual Inf.      Time
   98012    3.5980000e+02   0.000000e+00   0.000000e+00     76s
Crossover time: 24.19 seconds (9.53 work units)
Concurrent spin time: 0.01s

Solved with barrier

Root relaxation: objective 3.598000e+02, 98012 iterations, 66.02 seconds (27.09 work units)

    Nodes    |    Current Node    |     Objective Bounds      |     Work
 Expl Unexpl |  Obj  Depth IntInf | Incumbent    BestBd   Gap | It/Node Time

     0     0  359.80000    0 6876          -  359.80000      -     -  302s
     0     0  359.80000    0 8042          -  359.80000      -     -  304s
     0     0  359.80000    0 26526          -  359.80000      -     -  342s
     0     0  359.80000    0 21566          -  359.80000      -     -  358s
     0     0  359.80000    0 21566          -  359.80000      -     -  366s
     0     0  359.80000    0 19785          -  359.80000      -     -  390s
     0     0  359.80000    0 19785          -  359.80000      -     -  390s
     0     0  359.80000    0 5297          -  359.80000      -     -  456s
     0     0  359.80000    0 5191          -  359.80000      -     -  466s
     0     0  359.80000    0 5563          -  359.80000      -     -  470s
     0     0  359.80000    0 5563          -  359.80000      -     -  470s
     0     0  359.80000    0 5563          -  359.80000      -     -  471s
     0     0  359.80000    0 9481          -  359.80000      -     -  544s
     0     0  359.80000    0 9461          -  359.80000      -     -  549s
     0     0  359.80000    0 9461          -  359.80000      -     -  754s
     0     0  359.80000    0 9242          -  359.80000      -     -  760s
     0     0  359.80000    0 13430          -  359.80000      -     -  789s
     0     0  359.80000    0 13430          -  359.80000      -     -  789s
     0     0  359.80000    0 9036          -  359.80000      -     -  980s
     0     0  359.80000    0 8780          -  359.80000      -     - 1238s
     0     0  359.80000    0 8734          -  359.80000      -     - 1249s
     0     0  359.80000    0 16893          -  359.80000      -     - 1269s
     0     0  359.80000    0 16893          -  359.80000      -     - 1270s
     0     0  359.80000    0 10407          -  359.80000      -     - 1380s
     0     0  359.80000    0 10617          -  359.80000      -     - 1399s
     0     0  359.80000    0 11330          -  359.80000      -     - 1417s
     0     0  359.90455    0 14183          -  359.90455      -     - 1440s
     0     0  359.90455    0 14183          -  359.90455      -     - 1441s
     0     0  359.90455    0 14183          -  359.90455      -     - 1551s
     0     0  359.90455    0 14067          -  359.90455      -     - 1554s
     0     0  360.26905    0 10032          -  360.26905      -     - 1576s
     0     0  360.27018    0 10105          -  360.27018      -     - 1580s
     0     0  360.27018    0 10105          -  360.27018      -     - 1581s
     0     0  360.27018    0 10107          -  360.27018      -     - 1581s
     0     0  360.27578    0 4972          -  360.27578      -     - 1618s
     0     0  360.41281    0 6747          -  360.41281      -     - 1644s
     0     0  360.41281    0 10793          -  360.41281      -     - 1653s
     0     0  360.70000    0 14659          -  360.70000      -     - 1699s
     0     0  360.70000    0 14803          -  360.70000      -     - 1706s
     0     0  360.70000    0 9567          -  360.70000      -     - 1735s
     0     0  360.70000    0 9553          -  360.70000      -     - 1740s
     0     0  360.70000    0 12825          -  360.70000      -     - 1801s
     0     0  360.70000    0 12819          -  360.70000      -     - 1802s
     0     0  360.70000    0 6368          -  360.70000      -     - 2001s
     0     0  360.70000    0 5839          -  360.70000      -     - 2007s
     0     0  360.70000    0 4245          -  360.70000      -     - 2008s
     0     0  360.70000    0 4177          -  360.70000      -     - 2010s
     0     0  360.70000    0 9302          -  360.70000      -     - 2048s
     0     0  360.70000    0 9302          -  360.70000      -     - 2049s
     0     0  360.70000    0 9302          -  360.70000      -     - 2099s
     0     0  360.70303    0 13816          -  360.70303      -     - 2140s
     0     0  360.70303    0 13641          -  360.70303      -     - 2142s
     0     0  360.70303    0 13588          -  360.70303      -     - 2146s
     0     0  360.71314    0 15080          -  360.71314      -     - 2187s
     0     0  360.71314    0 15087          -  360.71314      -     - 2188s
     0     0  360.71314    0 6314          -  360.71314      -     - 2277s
     0     0  360.71314    0 7619          -  360.71314      -     - 2283s
     0     0  360.71314    0 5322          -  360.71314      -     - 2290s
     0     0  360.72424    0 6453          -  360.72424      -     - 2324s
     0     0  360.73139    0 6366          -  360.73139      -     - 2335s
     0     0  360.73206    0 5829          -  360.73206      -     - 2345s
     0     0  360.73731    0 5567          -  360.73731      -     - 2349s
     0     0  360.75450    0 6348          -  360.75450      -     - 2353s
     0     0  360.75450    0 6347          -  360.75450      -     - 2353s
     0     0  360.75450    0 6652          -  360.75450      -     - 2354s
     0     0  360.88104    0 7432          -  360.88104      -     - 2382s
     0     0  360.89769    0 6993          -  360.89769      -     - 2389s
     0     0  360.89769    0 6974          -  360.89769      -     - 2392s
     0     0  360.89769    0 11269          -  360.89769      -     - 2419s
     0     0  360.89769    0 11268          -  360.89769      -     - 2421s
     0     0  360.92444    0 11956          -  360.92444      -     - 2437s
     0     0  360.93608    0 11446          -  360.93608      -     - 2445s
     0     0  360.93608    0 12318          -  360.93608      -     - 2447s
     0     0  360.94790    0 7687          -  360.94790      -     - 2468s
     0     0  360.95563    0 7794          -  360.95563      -     - 2474s
     0     0  360.96451    0 7370          -  360.96451      -     - 2477s
     0     0  360.96836    0 7454          -  360.96836      -     - 2478s
     0     0  360.96836    0 7447          -  360.96836      -     - 2478s
     0     0  361.08128    0 11616          -  361.08128      -     - 2496s
     0     0  361.12208    0 11755          -  361.12208      -     - 2503s
     0     0  361.12208    0 11750          -  361.12208      -     - 2504s
     0     0  361.20000    0 10437          -  361.20000      -     - 2515s
     0     0  361.20000    0 10436          -  361.20000      -     - 2516s
     0     0  361.20000    0 10437          -  361.20000      -     - 2522s
     0     0  361.20000    0 10392          -  361.20000      -     - 2537s
     0     0  361.20000    0 10436          -  361.20000      -     - 2541s
     0     0  361.20000    0 8234          -  361.20000      -     - 2576s
     0     0  361.20000    0 8234          -  361.20000      -     - 2576s
     0     0  361.20000    0 8234          -  361.20000      -     - 2669s
     0     0  361.20000    0 7263          -  361.20000      -     - 2677s
     0     0  361.20000    0 7594          -  361.20000      -     - 2695s
     0     0  361.20000    0 7594          -  361.20000      -     - 2695s
     0     0  361.20000    0 7484          -  361.20000      -     - 2784s
     0     0  361.20000    0 7060          -  361.20000      -     - 2789s
     0     0  361.20000    0 7060          -  361.20000      -     - 2829s
     0     2  361.20000    0 7060          -  361.20000      -     - 2919s
     1     3  362.40000    1 6700          -  361.20000      -  7801 2949s
     2     6  362.40000    2 6177          -  361.20000      -  3930 2965s
     5    10  362.40000    3 4849          -  361.20000      -  1986 2976s
     9    20  362.40000    4 4863          -  361.21314      -  1877 2990s
    19    23  362.40000    7 4848          -  361.21314      -   944 3009s
    22    33  362.40000    8 4841          -  361.21314      -   817 3024s
    32    51  362.40000   11 4824          -  361.21314      -   682 3033s
    50    63  362.40000   16 5358          -  361.21314      -   550 3042s
    62    73 infeasible   16               -  361.21314      -   610 3053s
    74    77  362.40000   17 4950          -  361.21314      -   539 3066s
    78    89  397.60000   17 5445          -  361.21314      -   613 3085s
    90   104  362.40000   18 4947          -  361.21314      -   540 3099s
   105   123  362.40000   23 4932          -  361.21314      -   463 3110s
   124   126  362.40000   29 4914          -  361.21314      -   444 3130s
   187   190  362.40000   45 4866          -  361.21314      -   295 3154s
   191   230  362.40000   46 4863          -  361.21314      -   289 3156s
   278   281  362.40000   68 4797          -  361.21314      -   199 3182s
   282   312  362.40000   69 4794          -  361.21314      -   196 3188s
   313   348  362.40000   81 4764          -  361.21314      -   177 3191s
   349   352  362.40000   93 4747          -  361.21314      -   159 3222s
   353   387  362.40000   94 4745          -  361.21314      -   157 3225s
   388   420  362.40000  101 4731          -  361.21314      -   143 3230s
   421   424  362.40000  109 4715          -  361.21314      -   132 3263s
   425   443  362.40000  110 4713          -  361.21314      -   130 3270s
   444   481  362.40000  117 4693          -  361.21314      -   125 3291s
   482   485  362.40000  130 4667          -  361.21314      -   115 3327s
   486   513  362.40000  131 4665          -  361.21314      -   114 3339s
   514   558  362.40000  132 4663          -  361.21314      -   108 3348s
   559   562  362.40000  133 4661          -  361.21314      -  99.4 3387s
   563   568  362.40000  134 4659          -  361.21314      -  98.7 3414s
   569   625  362.40000  136 4655          -  361.21314      -  97.7 3426s
   626   706  362.40000  156 4784          -  361.21314      -  88.9 3430s
   784   787  362.40000  199 4683          -  361.21314      -  71.4 3480s
   788   809  362.40000  200 4582          -  361.21314      -  71.0 3492s
   810   852  362.40000  201 4579          -  361.21314      -  69.1 3529s
   853   903  362.40000  202 4576          -  361.21314      -  65.7 3538s
   904   972 infeasible  218               -  361.21314      -  64.3 3546s
   975  1028  362.40000  233 5122          -  361.21314      -  59.8 3553s
  1031  1113  362.40000  253 5098          -  361.21314      -  57.7 3558s
  1116  1206  362.40000  275 5092          -  361.21314      -  53.6 3563s
  1209  1302  362.40000  297 5013          -  361.21314      -  49.7 3569s
  1305  1395  362.40000  319 4939          -  361.21314      -  46.2 3575s
  1398  1484  362.40000  342 4848          -  361.21314      -  43.2 3581s
  1487  1569  362.40000  367 4773          -  361.21314      -  41.1 3587s
  1572  1690  362.40000  393 4703          -  361.21314      -  39.6 3596s
  1695  1769  362.40000  420 4536          -  361.21314      -  39.6 3612s
  1774  1834  362.40000  425 4475          -  361.21314      -  45.6 3625s
  1839  1873  362.40000  449 4399          -  361.21314      -  54.3 3636s
  1878  1972  362.40000  459 4408          -  361.21314      -  54.9 3643s
  1977  2005  362.40000  496 4361          -  361.21314      -  54.6 3662s
  2010  2047  362.40000  502 4192          -  361.21314      -  64.0 3677s
  2052  2057  382.60000  504 5517          -  361.21314      -  73.1 3693s
  2064  2061  362.40000  505 3812          -  361.21314      -  82.0 3717s
  2068  2064  362.40000  506 3807          -  361.21314      -  81.9 3754s
  2071  2068  362.40000  507 3807          -  361.21314      -  81.8 3775s
  2075  2072  362.40000  508 3804          -  361.21314      -  81.7 3799s
  2079  2076  362.40000  509 3801          -  361.21314      -  84.4 3824s
  2083  2080  362.40000  510 3798          -  361.21314      -  84.2 3845s
  2087  2084  362.40000  511 3795          -  361.21314      -  84.0 3870s
  2091  2088  362.40000  512 3792          -  361.21314      -  87.5 3891s
  2095  2092  362.40000  513 3789          -  361.21314      -  87.4 3913s
  2099  2096  362.40000  514 3786          -  361.21314      -  90.1 3934s
  2103  2100  362.40000  515 3783          -  361.21314      -  90.0 3957s
  2107  2104  362.40000  516 3780          -  361.21314      -  89.8 3985s
  2111  2108  362.40000  517 3777          -  361.21314      -  89.7 4008s
  2115  2112  362.40000  518 3774          -  361.21314      -  89.5 4028s
  2119  2116  362.40000  519 3774          -  361.21314      -  89.3 4050s
  2123  2120  362.40000  520 3771          -  361.21314      -  89.2 4076s
  2127  2124  362.40000  521 3769          -  361.21314      -  89.0 4092s
  2131  2128  362.40000  522 3769          -  361.21314      -  88.9 4118s
  2135  2132  362.40000  523 3766          -  361.21314      -  88.7 4145s
  2139  2136  362.40000  524 3763          -  361.21314      -  88.6 4165s
  2143  2140  362.40000  525 3760          -  361.21314      -  88.4 4258s
  2147  2144  362.40000  526 3749          -  361.21314      -  88.2 4284s
  2151  2148  362.40000  527 3746          -  361.21314      -  88.1 4305s
  2155  2152  362.40000  528 3709          -  361.21314      -  87.9 4394s
  2159  2156  362.40000  529 3706          -  361.21314      -  87.8 4416s
H 2161  2156                     433.7000000  361.21314  16.7%  87.7 4416s
  2163  2160  362.40000  530 3703  433.70000  361.21314  16.7%  87.7 4472s
  2167  2164  362.40000  531 3700  433.70000  361.21314  16.7%  87.5 4534s
  2171  2167  362.40000  532 3697  433.70000  361.21314  16.7%  87.3 4588s
H 2175  2167                     431.8000000  361.21314  16.3%  87.2 4588s
  2176  2311  362.40000  533 3694  431.80000  361.21314  16.3%  87.1 4603s
  2320  2370  362.40000  558 3560  431.80000  361.21314  16.3%  84.6 4624s
  2381  2428  362.40000  562 3516  431.80000  361.21314  16.3%  90.8 4645s
  2439  2498  362.40000  570 3556  431.80000  361.21314  16.3%  94.4 4660s
  2511  2501  362.40000  609 3330  431.80000  361.21314  16.3%  98.3 4721s
  2516  2505  362.40000  610 3327  431.80000  361.21314  16.3%   100 4752s
  2520  2511  362.40000  611 3324  431.80000  361.21314  16.3%   105 4788s
  2526  2535  382.60000  611 3178  431.80000  361.21314  16.3%   110 4852s
  2554  2545  362.40000  612 3321  431.80000  361.21314  16.3%   112 4897s
  2566  2554  362.40000  613 3318  431.80000  361.21314  16.3%   115 4962s
  2579  2574 infeasible  613       431.80000  361.21314  16.3%   121 5036s
  2603  2589  362.40000  615 3355  431.80000  361.21314  16.3%   124 5108s
  2618  2596  362.40000  616 3325  431.80000  361.21314  16.3%   128 5173s
  2625  2603  362.40000  617 3323  431.80000  361.21314  16.3%   131 5267s
  2634  2635  362.40000  618 3317  431.80000  361.21314  16.3%   133 5346s
  2666  2686  362.40000  619 3355  431.80000  361.21314  16.3%   133 5406s
  2723  2828  362.40000  620 3341  431.80000  361.21314  16.3%   134 5474s
  2867  2864  362.40000  621 3338  431.80000  361.21314  16.3%   128 5512s
  2903  2894  362.40000  635 3342  431.80000  361.21314  16.3%   136 5580s
  2933  2934  362.40000  652 3220  431.80000  361.21314  16.3%   142 5652s
  2977  2959  362.40000  678 3107  431.80000  361.21314  16.3%   148 5716s
  3002  3066  362.40000  685 3264  431.80000  361.21314  16.3%   156 5778s
  3111  3159  362.40000  739 3067  431.80000  361.21314  16.3%   158 5831s
  3206  3264  362.40000  783 2906  431.80000  361.21314  16.3%   159 5915s
  3321  3303  362.40000  838 2715  431.80000  361.21314  16.3%   164 5971s
  3362  3368  362.40000  863 2577  431.80000  361.21314  16.3%   172 6032s
  3435  3439  362.40000  869 2436  431.80000  361.21314  16.3%   174 6086s
  3510  3483  362.48509  898 2360  431.80000  361.21314  16.3%   179 6165s
  3558  3517  362.40000  903 2164  431.80000  361.21314  16.3%   186 6230s
  3600  3589  362.40000  913 2216  431.80000  361.21314  16.3%   195 6297s
  3684  3755  362.40000  929 2144  431.80000  361.21314  16.3%   201 6357s
  3856  3887  362.40000  934 2173  431.80000  361.21314  16.3%   197 6416s
  3988  3903  362.40000  976 2158  431.80000  361.21314  16.3%   196 6468s
  4004  4057  362.40000  982 2158  431.80000  361.21314  16.3%   198 6557s
  4172  4218  362.40000 1031 2153  431.80000  361.21314  16.3%   195 6623s
  4339  4336  362.40000 1035 2143  431.80000  361.21314  16.3%   193 6684s
  4479  4460  362.40000 1046 2262  431.80000  361.21314  16.3%   196 6740s
  4623  4511  362.40362 1081 1635  431.80000  361.21314  16.3%   201 6869s
  4680  4565  362.40000 1091 2055  431.80000  361.21314  16.3%   209 6927s
  4740  4681  362.40000 1113 2046  431.80000  361.21314  16.3%   215 6972s
  4864  4772  362.40000 1182 1686  431.80000  361.21314  16.3%   218 7023s
  4955  4838  362.40000 1265 1678  431.80000  361.21314  16.3%   220 7152s
  5023  4998  362.40000 1278 2663  431.80000  361.21314  16.3%   221 7200s

Cutting planes:
  Gomory: 1
  Cover: 1247
  Implied bound: 4991
  Clique: 313
  MIR: 576
  StrongCG: 5
  Flow cover: 7
  Zero half: 2
  RLT: 237
  Relax-and-lift: 7105
  BQP: 14

Explored 5191 nodes (2065738 simplex iterations) in 7200.16 seconds (5822.35 work units)
Thread count was 4 (of 8 available processors)

Solution count 2: 431.8 433.7 

Time limit reached
Best objective 4.318000000000e+02, best bound 3.613000000000e+02, gap 16.3270%
