
Gurobi 13.0.2 (linux64) logging started Thu Jun 11 16:29:33 2026

Set parameter LogFile to value "src/Resultados/Sin Restricciones/logs/C108-50.xml_log.log"
Set parameter Threads to value 4
Gurobi Optimizer version 13.0.2 build v13.0.2rc1 (linux64 - "Rocky Linux 9.7 (Blue Onyx)")

CPU model: QEMU Virtual CPU version 2.5+, instruction set [SSE2]
Thread count: 8 physical cores, 8 logical processors, using up to 4 threads

Non-default parameters:
TimeLimit  7200
Threads  4

Optimize a model with 300472 rows, 185640 columns and 1315995 nonzeros (Min)
Model fingerprint: 0xe0249de8
Model has 35265 linear objective coefficients
Variable types: 37740 continuous, 147900 integer (147885 binary)
Coefficient statistics:
  Matrix range     [1e+00, 4e+04]
  Objective range  [1e+00, 6e+01]
  Bounds range     [1e+00, 2e+03]
  RHS range        [1e+00, 4e+04]

Presolve removed 91965 rows and 180 columns (presolve time = 5s)...
Presolve removed 91995 rows and 195 columns
Presolve time: 8.50s
Presolved: 208477 rows, 185445 columns, 1021920 nonzeros
Variable types: 750 continuous, 184695 integer (164310 binary)
Deterministic concurrent LP optimizer: primal simplex, dual simplex, and barrier
Showing barrier log only...

Root barrier log...

Elapsed ordering time = 5s
Elapsed ordering time = 7s
Ordering time: 8.73s

Barrier statistics:
 Dense cols : 15
 AA' NZ     : 4.369e+06
 Factor NZ  : 2.806e+07 (roughly 400 MB of memory)
 Factor Ops : 2.185e+10 (roughly 3 seconds per iteration)
 Threads    : 1

                  Objective                Residual
Iter       Primal          Dual         Primal    Dual     Compl     Time
   0   3.29175965e+06 -3.29407814e+06  3.03e+05 8.33e-17  1.33e+02    25s
   1   1.09142771e+06 -3.27015552e+06  1.04e+05 5.55e-01  5.05e+01    28s
   2   5.41124971e+05 -2.96956252e+06  5.33e+04 2.11e-01  2.55e+01    30s
   3   1.36400854e+05 -1.29726059e+06  1.33e+04 7.94e-03  6.56e+00    33s
   4   1.05274021e+04 -1.50060008e+05  8.89e+02 1.61e-06  5.22e-01    38s
   5   3.83335715e+03 -5.29835029e+04  2.39e+02 3.70e-07  1.54e-01    42s
   6   1.25306755e+03 -7.63167517e+03  2.72e+01 4.27e-08  2.22e-02    46s
   7   6.88497060e+02 -2.61206652e+03  7.55e+00 1.42e-08  7.71e-03    50s
   8   2.70499880e+02 -4.15798555e+02  6.55e-01 2.56e-09  1.47e-03    55s
   9   2.03899545e+02 -1.46612888e+02  2.35e-01 1.37e-09  7.39e-04    59s
  10   1.86732330e+02  8.54859959e+01  8.24e-02 3.38e-10  2.24e-04    64s
  11   1.72384775e+02  1.34530932e+02  2.51e-02 1.08e-10  8.23e-05    68s
  12   1.67938858e+02  1.41160353e+02  1.88e-02 7.35e-11  5.84e-05    73s
  13   1.55339143e+02  1.51948477e+02  2.16e-03 1.66e-12  7.31e-06    78s
  14   1.54829997e+02  1.52577075e+02  1.83e-03 2.82e-13  4.96e-06    83s
  15   1.54761835e+02  1.52778043e+02  1.65e-03 2.06e-13  4.38e-06    88s
  16   1.54231564e+02  1.53842897e+02  9.20e-06 1.54e-14  7.72e-07    92s
  17   1.54103634e+02  1.54075492e+02  3.60e-08 4.52e-15  5.58e-08    97s
  18   1.54101310e+02  1.54100407e+02  4.04e-08 4.87e-15  1.79e-09   101s
  19   1.54101222e+02  1.54101220e+02  8.51e-09 7.74e-14  4.01e-12   105s
  20   1.54101221e+02  1.54101221e+02  2.05e-10 6.53e-14  1.05e-14   109s

Barrier solved model in 20 iterations and 109.13 seconds (61.28 work units)
Optimal objective 1.54101221e+02


Root crossover log...

   50515 DPushes remaining with DInf 0.0000000e+00               109s
   31587 DPushes remaining with DInf 0.0000000e+00               110s
   15963 DPushes remaining with DInf 0.0000000e+00               115s
      91 DPushes remaining with DInf 0.0000000e+00               120s
       0 DPushes remaining with DInf 0.0000000e+00               120s

    1147 PPushes remaining with PInf 0.0000000e+00               120s
       0 PPushes remaining with PInf 0.0000000e+00               121s

  Push phase complete: Pinf 0.0000000e+00, Dinf 7.2536116e-12    121s


Root simplex log...

Iteration    Objective       Primal Inf.    Dual Inf.      Time
   51468    1.5410122e+02   0.000000e+00   0.000000e+00    121s
Crossover time: 11.78 seconds (5.85 work units)
Concurrent spin time: 0.00s

Solved with barrier

Root relaxation: objective 1.541012e+02, 51468 iterations, 108.64 seconds (58.59 work units)

    Nodes    |    Current Node    |     Objective Bounds      |     Work
 Expl Unexpl |  Obj  Depth IntInf | Incumbent    BestBd   Gap | It/Node Time

     0     0  154.10122    0 25566          -  154.10122      -     -  126s
     0     0  154.10122    0 28071          -  154.10122      -     -  156s
     0     0  154.10122    0 22952          -  154.10122      -     -  164s
     0     0  154.10122    0 22946          -  154.10122      -     -  226s
     0     0  154.10122    0 17890          -  154.10122      -     -  231s
     0     0  154.10122    0 17872          -  154.10122      -     -  239s
     0     0  154.10122    0 20419          -  154.10122      -     -  257s
     0     0  154.10122    0 20406          -  154.10122      -     -  262s
     0     0  154.11226    0 20426          -  154.11226      -     -  269s
     0     0  154.83516    0 20424          -  154.83516      -     -  332s
     0     0  154.83516    0 20424          -  154.83516      -     -  333s
     0     0  154.83516    0 20418          -  154.83516      -     -  339s
     0     0  155.02306    0 20429          -  155.02306      -     -  352s
     0     0  155.02306    0 20430          -  155.02306      -     -  355s
     0     0  155.12201    0 20429          -  155.12201      -     -  369s
     0     0  155.31620    0 20415          -  155.31620      -     -  379s
     0     0  155.32338    0 22879          -  155.32338      -     -  382s
     0     0  155.36273    0 22879          -  155.36273      -     -  383s
     0     0  155.36273    0 22879          -  155.36273      -     -  383s
     0     0  156.51174    0 25596          -  156.51174      -     -  412s
     0     0  156.51174    0 25596          -  156.51174      -     -  414s
     0     0  156.51174    0 25596          -  156.51174      -     -  414s
     0     0  156.51174    0 25596          -  156.51174      -     -  414s
     0     0  156.51174    0 25596          -  156.51174      -     -  415s
     0     0  156.91193    0 28155          -  156.91193      -     -  423s
     0     0  156.91193    0 28155          -  156.91193      -     -  423s
     0     0  156.91193    0 28157          -  156.91193      -     -  423s
     0     0  157.00489    0 25577          -  157.00489      -     -  426s
     0     0  157.01124    0 25576          -  157.01124      -     -  427s
     0     0  157.01164    0 25577          -  157.01164      -     -  428s
     0     0  157.01164    0 25578          -  157.01164      -     -  428s
     0     0  159.07506    0 33172          -  159.07506      -     -  472s
     0     0  159.56077    0 35969          -  159.56077      -     -  494s
     0     0  160.19134    0 36067          -  160.19134      -     -  500s
     0     0  160.20605    0 33692          -  160.20605      -     -  505s
     0     0  160.20791    0 33702          -  160.20791      -     -  506s
     0     0  160.20792    0 33704          -  160.20792      -     -  507s
     0     0  165.92951    0 41115          -  165.92951      -     -  544s
     0     0  165.92951    0 41115          -  165.92951      -     -  545s
     0     0  165.92951    0 41115          -  165.92951      -     -  545s
     0     0  166.24061    0 36073          -  166.24061      -     -  559s
     0     0  166.24061    0 36073          -  166.24061      -     -  560s
     0     0  166.24061    0 36075          -  166.24061      -     -  560s
     0     0  166.69855    0 38217          -  166.69855      -     -  566s
     0     0  166.94131    0 40948          -  166.94131      -     -  585s
     0     0  166.98743    0 38688          -  166.98743      -     -  589s
     0     0  167.28330    0 40862          -  167.28330      -     -  592s
     0     0  167.31985    0 40875          -  167.31985      -     -  607s
     0     0  167.31985    0 40875          -  167.31985      -     -  607s
     0     0  167.31985    0 40875          -  167.31985      -     -  607s
     0     0  167.32260    0 40855          -  167.32260      -     -  609s
     0     0  167.32262    0 38267          -  167.32262      -     -  610s
     0     0  170.23633    0 30806          -  170.23633      -     -  641s
     0     0  170.23633    0 29303          -  170.23633      -     -  644s
     0     0  170.77484    0 25648          -  170.77484      -     -  652s
     0     0  171.29759    0 23016          -  171.29759      -     -  658s
     0     0  171.29759    0 23016          -  171.29759      -     -  659s
     0     0  171.29759    0 23019          -  171.29759      -     -  659s
     0     0  171.83605    0 18020          -  171.83605      -     -  664s
     0     0  172.08941    0 27392          -  172.08941      -     -  672s
     0     0  172.08941    0 27392          -  172.08941      -     -  673s
     0     0  172.08941    0 27394          -  172.08941      -     -  673s
     0     0  172.09553    0 28295          -  172.09553      -     -  678s
     0     0  172.13085    0 20798          -  172.13085      -     -  680s
     0     0  172.13190    0 20802          -  172.13190      -     -  681s
     0     0  175.83380    0 21436          -  175.83380      -     -  708s
     0     0  175.83380    0 21436          -  175.83380      -     -  708s
     0     0  175.83380    0 21436          -  175.83380      -     -  709s
     0     0  176.67542    0 21244          -  176.67542      -     -  718s
     0     0  177.05895    0 20248          -  177.05895      -     -  722s
     0     0  177.14483    0 23182          -  177.14483      -     -  732s
     0     0  177.24971    0 25491          -  177.24971      -     -  735s
     0     0  177.28040    0 18659          -  177.28040      -     -  737s
     0     0  183.00381    0 13972          -  183.00381      -     -  766s
     0     0  183.37484    0 14008          -  183.37484      -     -  774s
     0     0  183.52103    0 14510          -  183.52103      -     -  776s
     0     0  183.61013    0 14062          -  183.61013      -     -  777s
     0     0  183.73510    0 19189          -  183.73510      -     -  787s
     0     0  183.74389    0 14078          -  183.74389      -     -  788s
     0     0  183.74518    0 14086          -  183.74518      -     -  789s
     0     0  191.60862    0 21251          -  191.60862      -     -  820s
     0     0  192.08548    0 30413          -  192.08548      -     -  852s
     0     0  192.08548    0 30413          -  192.08548      -     -  853s
     0     0  193.46581    0 19570          -  193.46581      -     -  868s
     0     0  193.99755    0 22999          -  193.99755      -     -  880s
     0     0  194.06550    0 19786          -  194.06550      -     -  884s
     0     0  194.07101    0 20994          -  194.07101      -     -  886s
     0     0  206.44296    0 33853          -  206.44296      -     -  916s
     0     0  207.14972    0 29435          -  207.14972      -     -  929s
     0     0  207.22743    0 29441          -  207.22743      -     -  933s
     0     0  207.24484    0 26214          -  207.24484      -     -  943s
     0     0  207.24707    0 25939          -  207.24707      -     -  944s
     0     0  209.61935    0 22100          -  209.61935      -     -  982s
     0     0  210.00252    0 21398          -  210.00252      -     - 1322s
     0     0  210.02694    0 26799          -  210.02694      -     - 1326s
     0     0  210.05765    0 20336          -  210.05765      -     - 1331s
     0     0  210.05765    0 20336          -  210.05765      -     - 1332s
     0     0  210.05765    0 20338          -  210.05765      -     - 1332s
     0     0  210.07441    0 21781          -  210.07441      -     - 1337s
     0     0  210.07567    0 18201          -  210.07567      -     - 1340s
     0     0  211.54945    0 35571          -  211.54945      -     - 1371s
     0     0  212.34071    0 35760          -  212.34071      -     - 1386s
     0     0  212.48911    0 36937          -  212.48911      -     - 1391s
     0     0  212.57277    0 36261          -  212.57277      -     - 1396s
     0     0  212.66934    0 30208          -  212.66934      -     - 1401s
     0     0  212.68939    0 30411          -  212.68939      -     - 1404s
     0     0  212.71693    0 30189          -  212.71693      -     - 1407s
     0     0  212.73318    0 30195          -  212.73318      -     - 1409s
     0     0  212.73787    0 30209          -  212.73787      -     - 1410s
     0     0  217.76689    0 26398          -  217.76689      -     - 1440s
     0     0  218.22446    0 32611          -  218.22446      -     - 1452s
     0     0  218.25903    0 30931          -  218.25903      -     - 1456s
     0     0  218.27491    0 30956          -  218.27491      -     - 1459s
     0     0  218.27529    0 30993          -  218.27529      -     - 1461s
     0     0  219.72432    0 19270          -  219.72432      -     - 1498s
     0     0  220.04637    0 24097          -  220.04637      -     - 1507s
     0     0  220.21007    0 17315          -  220.21007      -     - 1514s
     0     0  220.23694    0 16143          -  220.23694      -     - 1517s
     0     0  220.24819    0 19903          -  220.24819      -     - 1519s
     0     0  220.63716    0 25239          -  220.63716      -     - 1539s
     0     0  220.72193    0 20601          -  220.72193      -     - 1548s
     0     0  220.74661    0 24381          -  220.74661      -     - 1551s
     0     0  220.75307    0 25458          -  220.75307      -     - 1553s
     0     0  220.93394    0 23886          -  220.93394      -     - 1580s
     0     0  221.12971    0 27682          -  221.12971      -     - 1589s
     0     0  221.29211    0 24884          -  221.29211      -     - 1593s
     0     0  221.53302    0 23460          -  221.53302      -     - 1597s
     0     0  221.62584    0 24995          -  221.62584      -     - 1600s
     0     0  221.68579    0 25903          -  221.68579      -     - 1605s
     0     0  221.69751    0 27637          -  221.69751      -     - 1607s
     0     0  221.97714    0 22953          -  221.97714      -     - 1633s
     0     0  222.04187    0 26667          -  222.04187      -     - 1640s
     0     0  222.08625    0 18439          -  222.08625      -     - 1645s
     0     0  222.09858    0 27910          -  222.09858      -     - 1648s
     0     0  222.81369    0 24605          -  222.81369      -     - 1673s
     0     0  222.98295    0 26801          -  222.98295      -     - 1682s
     0     0  222.99662    0 24537          -  222.99662      -     - 1684s
     0     0  223.05105    0 22819          -  223.05105      -     - 1700s
     0     0  223.17678    0 23364          -  223.17678      -     - 1708s
     0     0  223.25151    0 25968          -  223.25151      -     - 1712s
     0     0  223.27052    0 21694          -  223.27052      -     - 1716s
     0     0  223.28928    0 23148          -  223.28928      -     - 1718s
     0     0  223.29068    0 28137          -  223.29068      -     - 1720s
     0     0  223.37672    0 25152          -  223.37672      -     - 1739s
     0     0  223.40312    0 26863          -  223.40312      -     - 1748s
     0     0  223.40454    0 24275          -  223.40454      -     - 1750s
     0     0  223.40882    0 23277          -  223.40882      -     - 1764s
     0     0  223.41158    0 20645          -  223.41158      -     - 1768s
     0     0  223.41594    0 26443          -  223.41594      -     - 1780s
     0     0  223.41645    0 26443          -  223.41645      -     - 1790s
     0     0  223.41645    0 26443          -  223.41645      -     - 1919s
     0     2  223.41645    0 26443          -  223.41645      -     - 2137s
     1     4  223.45170    1 26292          -  223.42618      -   217 2144s
     3     8  223.65404    2 20774          -  223.45559      -   555 2157s
     7    12  223.71444    3 24215          -  223.65467      -   950 2164s
    11    19  223.73798    4 24167          -  223.65467      -   660 2174s
    18    25  224.92798    6 24814          -  223.65467      -   638 2191s
    24    34  242.76750    6 21085          -  223.65467      -   670 2200s
    33    43  224.95934    7 21099          -  223.65467      -   564 2215s
    42    50  224.99636    8 24856          -  223.65467      -   545 2225s
    49    56  225.04799    9 24837          -  223.65467      -   530 2231s
    55    61  225.31002   10 27154          -  223.65467      -   505 2244s
    60    70  225.50875   11 26567          -  223.65467      -   539 2251s
    69    78  225.60847   12 31288          -  223.65467      -   499 2258s
    77    88  225.61682   13 27204          -  223.65467      -   463 2266s
    87    98  226.28325   16 24931          -  223.65467      -   451 2280s
    97   106  226.65995   17 25391          -  223.65467      -   443 2286s
   105   109  226.79377   18 27654          -  223.65467      -   413 2296s
   112   111  226.94777   19 23207          -  223.65467      -   419 2304s
   116   117  226.97750   20 16093          -  223.65467      -   446 2313s
   124   122  227.16133   22 23533          -  223.65467      -   439 2331s
   129   129  227.24953   23 27354          -  223.65467      -   447 2338s
   136   139  227.31182   24 22320          -  223.65467      -   429 2353s
   146   146  257.37465   25 18138          -  223.65467      -   446 2365s
   153   152  227.83140   26 26840          -  223.65467      -   436 2372s
   159   165  228.29295   28 15168          -  223.65467      -   432 2382s
   172   169  229.24199   31 23218          -  223.65467      -   419 2392s
   176   181  229.30994   32 18120          -  223.65467      -   420 2412s
   188   185  259.44113   35 16565          -  223.65467      -   418 2450s
   192   189  230.18436   36 22702          -  223.65467      -   415 2501s
   196   193  230.35211   37 18174          -  223.65467      -   411 2749s
   200   196  230.52206   38 15917          -  223.65467      -   406 3148s
   205   200  230.98036   39 17447          -  223.65467      -   406 3596s
   209   204  231.48888   40 23247          -  223.65467      -   402 3947s
   213   208  231.55884   41 23292          -  223.65467      -   399 4596s
   217   212  232.61841   42 15974          -  223.65467      -   396 4987s
   221   216  234.70715   43 23346          -  223.65467      -   393 5272s
   225   220  248.13668   43 19536          -  223.65467      -   397 5581s
   229   231  234.71091   44 23336          -  223.65467      -   392 5752s
   242   244  235.24312   49 19150          -  223.65467      -   383 5930s
   255   264  236.82956   54 20158          -  223.65467      -   385 6120s
   275   275  237.86720   62 17278          -  223.65467      -   380 6259s
   286   293  239.43202   66 17176          -  223.65467      -   390 6367s
   304   313  242.09784   78 19137          -  223.65467      -   395 6454s
   324   345  263.61306   80 18944          -  223.65467      -   409 6530s
   356   393  245.50012   94 24713          -  223.65467      -   387 6569s
   404   450  251.51175  105 28141          -  223.65467      -   361 6603s
   461   487  270.01372  123 23111          -  223.65467      -   337 6677s
   498   540  270.80463  132 21621          -  223.65467      -   324 6722s
   553   568  274.57239  140 22872          -  223.65467      -   312 6777s
   585   631  276.93041  151 18585          -  223.72090      -   311 6834s
   648   657  280.59836  169 16521          -  223.72090      -   299 6885s
   674   741  297.27803  179 17441          -  223.72090      -   304 7042s
   758   824  300.62634  212 17205          -  223.72090      -   282 7092s
   845   835  304.36474  249 18316          -  223.72090      -   268 7137s
   856   937  305.67282  255 14555          -  223.72090      -   267 7181s
   960  1009  309.57942  294 17401          -  223.72090      -   251 7200s

Cutting planes:
  Learned: 1
  Cover: 333
  Implied bound: 3626
  Clique: 1135
  MIR: 489
  StrongCG: 10
  Flow cover: 21
  GUB cover: 54
  Zero half: 2
  RLT: 340
  Relax-and-lift: 10928

Explored 1032 nodes (450266 simplex iterations) in 7200.24 seconds (6350.10 work units)
Thread count was 4 (of 8 available processors)

Solution count 0

Time limit reached
Best objective -, best bound 2.238000000000e+02, gap -
