
Gurobi 13.0.2 (linux64) logging started Sat Jun 13 16:48:38 2026

Set parameter LogFile to value "src/Resultados/Sin Restricciones/logs/R103-50.xml_log.log"
Set parameter Threads to value 4
Gurobi Optimizer version 13.0.2 build v13.0.2rc1 (linux64 - "Rocky Linux 9.7 (Blue Onyx)")

CPU model: QEMU Virtual CPU version 2.5+, instruction set [SSE2]
Thread count: 8 physical cores, 8 logical processors, using up to 4 threads

Non-default parameters:
TimeLimit  7200
Threads  4

Optimize a model with 249383 rows, 157275 columns and 1136565 nonzeros (Min)
Model fingerprint: 0xf46e1ec6
Model has 36600 linear objective coefficients
Variable types: 30330 continuous, 126945 integer (126930 binary)
Coefficient statistics:
  Matrix range     [1e+00, 4e+04]
  Objective range  [5e+00, 6e+01]
  Bounds range     [1e+00, 2e+03]
  RHS range        [1e+00, 4e+04]

Presolve removed 74265 rows and 420 columns (presolve time = 5s)...
Presolve removed 74280 rows and 435 columns
Presolve time: 7.16s
Presolved: 175103 rows, 156840 columns, 876870 nonzeros
Variable types: 750 continuous, 156090 integer (140235 binary)
Deterministic concurrent LP optimizer: primal simplex, dual simplex, and barrier
Showing barrier log only...

Root barrier log...

Ordering time: 2.46s

Barrier statistics:
 Dense cols : 75
 AA' NZ     : 4.131e+06
 Factor NZ  : 1.924e+07 (roughly 300 MB of memory)
 Factor Ops : 1.079e+10 (roughly 1 second per iteration)
 Threads    : 1

                  Objective                Residual
Iter       Primal          Dual         Primal    Dual     Compl     Time
   0   4.07658461e+06 -2.93948444e+06  2.16e+05 4.44e-16  2.51e+02    14s
   1   1.88185804e+06 -3.54113952e+06  1.00e+05 7.62e-01  1.11e+02    16s
   2   1.21588525e+06 -3.90019487e+06  6.49e+04 3.91e-01  7.35e+01    17s
   3   2.31086895e+05 -2.68096202e+06  1.24e+04 5.93e-05  1.70e+01    19s
   4   3.03645498e+04 -6.05538545e+05  1.55e+03 3.52e-04  2.54e+00    21s
   5   5.39412235e+03 -8.86694564e+04  2.08e+02 1.71e-05  3.23e-01    23s
   6   1.68134104e+03 -1.29798097e+04  1.66e+01 1.40e-06  4.14e-02    26s
   7   1.23707105e+03 -4.67517003e+03  3.80e+00 5.34e-07  1.52e-02    28s
   8   8.71289909e+02 -1.12615717e+03  7.55e-01 1.56e-07  5.00e-03    31s
   9   5.65198160e+02  2.51512348e+02  1.69e-02 1.72e-08  7.38e-04    34s
  10   5.37820809e+02  3.52716636e+02  1.11e-02 9.28e-09  4.35e-04    36s
  11   5.19956293e+02  3.74501302e+02  8.40e-03 7.24e-09  3.42e-04    38s
  12   5.00050720e+02  4.16612295e+02  5.87e-03 2.50e-09  1.96e-04    40s
  13   4.90877171e+02  4.34986489e+02  3.11e-03 1.54e-09  1.31e-04    43s
  14   4.90418966e+02  4.39546890e+02  3.00e-03 1.37e-09  1.19e-04    45s
  15   4.89835773e+02  4.46908439e+02  2.86e-03 1.14e-09  1.01e-04    48s
  16   4.81182103e+02  4.55001105e+02  7.28e-04 8.61e-10  6.11e-05    51s
  17   4.78084479e+02  4.56827755e+02  5.72e-04 6.57e-10  4.96e-05    53s
  18   4.77655513e+02  4.60133216e+02  5.22e-04 4.94e-10  4.09e-05    56s
  19   4.76275751e+02  4.65952090e+02  4.33e-05 3.09e-10  2.41e-05    58s
  20   4.73456207e+02  4.72585230e+02  6.58e-07 1.30e-11  2.03e-06    61s
  21   4.73125580e+02  4.73099078e+02  3.21e-09 2.92e-13  6.17e-08    64s
  22   4.73119839e+02  4.73119526e+02  1.32e-09 2.61e-15  7.30e-10    66s
  23   4.73119766e+02  4.73119766e+02  4.15e-10 2.66e-15  6.52e-13    68s

Barrier solved model in 23 iterations and 67.91 seconds (40.98 work units)
Optimal objective 4.73119766e+02


Root crossover log...

   32323 DPushes remaining with DInf 0.0000000e+00                68s
       0 DPushes remaining with DInf 0.0000000e+00                69s

    1200 PPushes remaining with PInf 1.2152650e-06                69s
       0 PPushes remaining with PInf 0.0000000e+00                70s

  Push phase complete: Pinf 0.0000000e+00, Dinf 1.2814068e-12     70s


Root simplex log...

Iteration    Objective       Primal Inf.    Dual Inf.      Time
   33289    4.7311977e+02   0.000000e+00   0.000000e+00     70s
Crossover time: 1.90 seconds (0.77 work units)
Concurrent spin time: 0.00s

Solved with barrier

Root relaxation: objective 4.731198e+02, 33289 iterations, 60.43 seconds (34.30 work units)

    Nodes    |    Current Node    |     Objective Bounds      |     Work
 Expl Unexpl |  Obj  Depth IntInf | Incumbent    BestBd   Gap | It/Node Time

     0     0  473.11977    0 4141          -  473.11977      -     -   72s
     0     0  473.11977    0 8853          -  473.11977      -     -   73s
     0     0  473.11977    0 8929          -  473.11977      -     -   74s
     0     0  473.11977    0 8121          -  473.11977      -     -   75s
     0     0  473.11977    0 12339          -  473.11977      -     -   76s
     0     0  473.11977    0 12339          -  473.11977      -     -   77s
     0     0  473.11977    0 16330          -  473.11977      -     -   78s
     0     0  473.49018    0 16345          -  473.49018      -     -   80s
     0     0  477.33161    0 16179          -  477.33161      -     -   82s
     0     0  477.33161    0 21052          -  477.33161      -     -   83s
     0     0  477.33161    0 17059          -  477.33161      -     -   83s
     0     0  477.33161    0 27640          -  477.33161      -     -  115s
     0     0  477.33161    0 24151          -  477.33161      -     -  118s
     0     0  477.33161    0 24380          -  477.33161      -     -  119s
     0     0  477.33161    0 24305          -  477.33161      -     -  124s
     0     0  478.65894    0 27574          -  478.65894      -     -  126s
     0     0  479.20950    0 25613          -  479.20950      -     -  129s
     0     0  479.20950    0 28871          -  479.20950      -     -  130s
     0     0  479.20950    0 19581          -  479.20950      -     -  131s
     0     0  479.20950    0 27638          -  479.20950      -     -  131s
     0     0  479.20950    0 27638          -  479.20950      -     -  131s
     0     0  479.21607    0 24378          -  479.21607      -     -  132s
     0     0  479.21607    0 24383          -  479.21607      -     -  142s
     0     0  479.26398    0 20389          -  479.26398      -     -  142s
     0     0  479.26398    0 20313          -  479.26398      -     -  143s
     0     0  489.01900    0 5653          -  489.01900      -     -  362s
     0     0  489.01900    0 5643          -  489.01900      -     -  364s
     0     0  489.01900    0 5652          -  489.01900      -     -  365s
     0     0  489.05820    0 5684          -  489.05820      -     -  371s
     0     0  489.07208    0 5693          -  489.07208      -     -  374s
     0     0  490.40462    0 9370          -  490.40462      -     -  414s
     0     0  490.40468    0 10206          -  490.40468      -     -  420s
     0     0  494.45719    0 6765          -  494.45719      -     -  423s
     0     0  494.45719    0 6761          -  494.45719      -     -  424s
     0     0  495.59668    0 7042          -  495.59668      -     -  432s
     0     0  495.80289    0 9362          -  495.80289      -     -  439s
     0     0  499.62915    0 21911          -  499.62915      -     -  499s
     0     0  507.57711    0 18513          -  507.57711      -     -  523s
     0     0  510.35126    0 21441          -  510.35126      -     -  550s
     0     0  517.79780    0 23323          -  517.79780      -     -  591s
     0     0  517.79780    0 23357          -  517.79780      -     -  593s
     0     0  517.80251    0 22543          -  517.80251      -     -  596s
     0     0  517.80251    0 22534          -  517.80251      -     -  596s
     0     0  517.81037    0 22534          -  517.81037      -     -  597s
     0     0  517.82777    0 22534          -  517.82777      -     -  599s
     0     0  567.64978    0 18843          -  567.64978      -     - 1112s
     0     0  567.66550    0 20882          -  567.66550      -     - 1131s
     0     0  567.66550    0 20825          -  567.66550      -     - 1133s
     0     0  571.95594    0 22846          -  571.95594      -     - 1219s
     0     0  571.95806    0 22856          -  571.95806      -     - 1220s
     0     0  571.96227    0 22828          -  571.96227      -     - 1220s
     0     0  572.18137    0 24123          -  572.18137      -     - 1229s
     0     0  572.28479    0 21642          -  572.28479      -     - 1230s
     0     0  572.28479    0 23896          -  572.28479      -     - 1231s
     0     0  573.87803    0 23561          -  573.87803      -     - 1257s
     0     0  573.87803    0 19488          -  573.87803      -     - 1261s
     0     0  575.57599    0 20635          -  575.57599      -     - 1281s
     0     0  575.57599    0 20658          -  575.57599      -     - 1283s
     0     0  575.57599    0 20661          -  575.57599      -     - 1284s
     0     0  575.67278    0 17772          -  575.67278      -     - 1289s
     0     0  575.72918    0 18563          -  575.72918      -     - 1292s
     0     0  575.83614    0 18495          -  575.83614      -     - 1297s
     0     0  575.89446    0 20250          -  575.89446      -     - 1300s
     0     0  576.02469    0 22104          -  576.02469      -     - 1304s
     0     0  576.04553    0 21883          -  576.04553      -     - 1306s
     0     0  576.12552    0 20180          -  576.12552      -     - 1309s
     0     0  576.13738    0 20289          -  576.13738      -     - 1310s
     0     0  576.91095    0 19715          -  576.91095      -     - 1332s
     0     0  576.97272    0 20592          -  576.97272      -     - 1342s
     0     0  577.12046    0 20568          -  577.12046      -     - 1351s
     0     0  577.12046    0 18115          -  577.12046      -     - 1352s
     0     0  578.97223    0 20113          -  578.97223      -     - 1377s
     0     0  578.97223    0 20116          -  578.97223      -     - 1378s
     0     0  579.37711    0 23170          -  579.37711      -     - 1388s
     0     0  579.49028    0 15822          -  579.49028      -     - 1424s
     0     0  579.52351    0 16849          -  579.52351      -     - 1439s
     0     0  579.52436    0 19312          -  579.52436      -     - 1447s
     0     0  579.52436    0 19307          -  579.52436      -     - 1447s
     0     0  580.90943    0 15205          -  580.90943      -     - 1473s
     0     0  581.34157    0 12013          -  581.34157      -     - 1485s
     0     0  581.42211    0 13156          -  581.42211      -     - 1490s
     0     0  581.42581    0 13131          -  581.42581      -     - 1492s
     0     0  582.69911    0 16985          -  582.69911      -     - 1519s
     0     0  583.14039    0 18259          -  583.14039      -     - 1536s
     0     0  583.16125    0 18123          -  583.16125      -     - 1537s
     0     0  583.28824    0 20479          -  583.28824      -     - 1540s
     0     0  583.29049    0 21107          -  583.29049      -     - 1544s
     0     0  584.83795    0 22213          -  584.83795      -     - 1600s
     0     0  585.22498    0 21566          -  585.22498      -     - 1610s
     0     0  585.22498    0 21564          -  585.22498      -     - 1610s
     0     0  585.31171    0 21596          -  585.31171      -     - 1621s
     0     0  585.33372    0 21539          -  585.33372      -     - 1625s
     0     0  585.37180    0 20839          -  585.37180      -     - 1640s
     0     0  585.37894    0 20744          -  585.37894      -     - 1643s
     0     0  585.78017    0 20520          -  585.78017      -     - 1694s
     0     0  585.78017    0 20549          -  585.78017      -     - 1695s
     0     0  586.54325    0 21557          -  586.54325      -     - 1714s
     0     0  586.66088    0 22864          -  586.66088      -     - 1723s
     0     0  586.66703    0 22197          -  586.66703      -     - 1726s
     0     0  589.13056    0 20398          -  589.13056      -     - 1761s
     0     0  589.24304    0 19920          -  589.24304      -     - 1966s
     0     0  589.29766    0 21696          -  589.29766      -     - 1970s
     0     0  589.35629    0 21304          -  589.35629      -     - 1972s
     0     0  589.36243    0 21396          -  589.36243      -     - 1974s
     0     0  591.41609    0 20833          -  591.41609      -     - 2012s
     0     0  591.47762    0 20269          -  591.47762      -     - 2017s
     0     0  591.50072    0 19977          -  591.50072      -     - 2019s
     0     0  591.50072    0 20521          -  591.50072      -     - 2020s
     0     0  591.90990    0 21688          -  591.90990      -     - 2057s
     0     0  591.93449    0 21290          -  591.93449      -     - 2072s
     0     0  591.93449    0 21283          -  591.93449      -     - 2072s
     0     0  591.95470    0 17255          -  591.95470      -     - 2107s
     0     0  591.95470    0 17255          -  591.95470      -     - 2108s
     0     0  591.95470    0 17293          -  591.95470      -     - 2109s
     0     0  591.95662    0 21219          -  591.95662      -     - 2143s
     0     0  591.96496    0 20537          -  591.96496      -     - 2164s
     0     0  591.96496    0 20537          -  591.96496      -     - 2165s
     0     0  591.98026    0 15449          -  591.98026      -     - 2173s
     0     0  591.99257    0 15593          -  591.99257      -     - 2188s
     0     0  592.00004    0 15593          -  592.00004      -     - 2191s
     0     0  592.00004    0 5910          -  592.00004      -     - 2270s
     0     2  592.00004    0 5910          -  592.00004      -     - 2409s
     1     4  597.53547    1 10310          -  592.00762      - 16509 2473s
     2     7  601.05526    2 9933          -  592.00762      - 10340 2501s
     5    10  602.61517    3 10493          -  592.16303      -  7351 2538s
     9    14  604.50719    4 11906          -  592.22415      -  6006 2568s
    13    17  604.54377    5 11552          -  592.22415      -  5138 2602s
    16    21  617.45295    5 9240          -  592.22415      -  5196 2641s
    20    23 infeasible    7               -  592.22415      -  5165 2684s
    24    33  621.96645    6 11627          -  592.22415      -  4936 2723s
    34    43  618.24518    7 8797          -  592.22415      -  4159 2754s
    44    55  618.85271    9 9020          -  592.22415      -  3461 2783s
    56    61  619.44303   11 10613          -  592.22415      -  3044 2814s
    62    65  620.44742   12 10559          -  592.22415      -  3011 2855s
    66    68  622.82474   13 10316          -  592.22415      -  3001 2894s
    69    73  623.46547   13 10485          -  592.22415      -  3016 2943s
    74    78  630.02826   14 12127          -  592.22415      -  3067 3006s
    79    84  624.20346   14 12301          -  592.22415      -  3210 3054s
    85    91  630.11729   15 11844          -  592.22415      -  3201 3091s
    96    97  648.75453   15 10433          -  592.22415      -  2935 3165s
   102   104 infeasible   16               -  592.22415      -  2883 3224s
   113   108  655.18501   17 7867          -  592.22415      -  2748 3262s
   121   115  655.81704   18 7867          -  592.22415      -  2669 3308s
   133   119 infeasible   19               -  592.22415      -  2572 3352s
   145   126  667.91332   20 8934          -  592.22415      -  2467 3387s
   157   133  669.20118   21 8381          -  592.22415      -  2370 3426s
   168   141  669.62659   22 8362          -  592.22415      -  2311 3470s
   178   149  671.51484   22 9753          -  592.22415      -  2272 3528s
   188   166  670.01550   23 6301          -  592.22415      -  2288 3744s
   205   170  670.04435   24 6298          -  592.22415      -  2184 3780s
   217   183  670.16699   25 9123          -  592.22415      -  2136 3818s
   230   200  670.16699   26 8883          -  592.22415      -  2088 3863s
   247   219  670.16699   27 9267          -  592.22415      -  1995 3977s
   266   238  670.20059   28 9262          -  592.22415      -  1919 4018s
   285   243  677.90685   28 6858          -  592.22415      -  1856 4431s
   290   247  670.20059   29 9385          -  592.22415      -  1855 4823s
   294   251  670.24182   30 9017          -  592.22415      -  1845 5256s
   298   255  670.24376   31 9017          -  592.22415      -  1842 5621s
   302   258  670.24643   32 9009          -  592.22415      -  1832 5989s
   307   261  670.26356   33 9389          -  592.22415      -  1832 6316s
   312   265  670.29817   34 9386          -  592.22415      -  1808 6710s
   316   275  670.38859   35 9394          -  592.22415      -  1790 6836s
   326   303  670.39577   36 9017          -  592.22415      -  1806 6887s
   354   360  670.39577   37 9017          -  592.22415      -  1738 6938s
   417   412  670.42273   55 9406          -  592.22415      -  1563 6994s
   477   478  671.06152   75 9485          -  592.41560      -  1452 7045s
   548   542  671.14838   99 8854          -  592.41560      -  1341 7098s
   612   615  671.21764  127 14293          -  592.41560      -  1269 7147s
   685   698  671.32244  158 14265          -  592.41560      -  1184 7196s
   770   714  671.38138  192 12373          -  592.41560      -  1101 7200s

Cutting planes:
  Learned: 2
  Cover: 53
  Implied bound: 1030
  Clique: 620
  MIR: 86
  Knapsack: 2
  StrongCG: 15
  Flow cover: 7
  GUB cover: 317
  RLT: 83
  Relax-and-lift: 2769
  BQP: 1

Explored 786 nodes (1260882 simplex iterations) in 7200.11 seconds (6344.48 work units)
Thread count was 4 (of 8 available processors)

Solution count 0

Time limit reached
Best objective -, best bound 5.925000000000e+02, gap -
