
Gurobi 13.0.2 (linux64) logging started Sun Jun 14 12:51:44 2026

Set parameter LogFile to value "src/Resultados/Sin Restricciones/logs/R108-50.xml_log.log"
Set parameter Threads to value 4
Gurobi Optimizer version 13.0.2 build v13.0.2rc1 (linux64 - "Rocky Linux 9.7 (Blue Onyx)")

CPU model: QEMU Virtual CPU version 2.5+, instruction set [SSE2]
Thread count: 8 physical cores, 8 logical processors, using up to 4 threads

Non-default parameters:
TimeLimit  7200
Threads  4

Optimize a model with 258107 rows, 164895 columns and 1207725 nonzeros (Min)
Model fingerprint: 0xa258294d
Model has 42780 linear objective coefficients
Variable types: 30690 continuous, 134205 integer (134190 binary)
Coefficient statistics:
  Matrix range     [1e+00, 4e+04]
  Objective range  [4e+00, 6e+01]
  Bounds range     [1e+00, 2e+03]
  RHS range        [1e+00, 4e+04]

Presolve removed 75195 rows and 420 columns (presolve time = 5s)...
Presolve removed 75150 rows and 360 columns
Presolve time: 7.63s
Presolved: 182957 rows, 164535 columns, 937980 nonzeros
Variable types: 750 continuous, 163785 integer (147930 binary)
Deterministic concurrent LP optimizer: primal simplex, dual simplex, and barrier
Showing barrier log only...

Root barrier log...

Ordering time: 3.16s

Barrier statistics:
 Dense cols : 105
 AA' NZ     : 4.990e+06
 Factor NZ  : 2.121e+07 (roughly 300 MB of memory)
 Factor Ops : 1.186e+10 (roughly 2 seconds per iteration)
 Threads    : 1

                  Objective                Residual
Iter       Primal          Dual         Primal    Dual     Compl     Time
   0   4.21508436e+06 -2.65388749e+06  2.05e+05 2.22e-16  2.01e+02    18s
   1   1.85425929e+06 -3.18786712e+06  9.12e+04 8.97e-01  8.97e+01    20s
   2   7.46980339e+05 -4.66032653e+06  3.81e+04 1.20e-01  4.43e+01    22s
   3   1.98141213e+05 -3.67393804e+06  1.01e+04 5.63e-02  1.64e+01    25s
   4   4.85472764e+04 -6.88134328e+05  2.40e+03 1.74e-11  2.99e+00    27s
   5   4.95216472e+03 -8.03797450e+04  1.72e+02 5.36e-13  2.65e-01    29s
   6   1.69418774e+03 -1.05574229e+04  1.64e+01 5.13e-14  3.39e-02    32s
   7   1.03730061e+03 -3.11403501e+03  1.74e+00 1.92e-14  9.84e-03    35s
   8   5.65888560e+02 -3.73568175e+02  1.50e-01 8.14e-15  2.14e-03    38s
   9   4.82406509e+02  3.30168039e+02  1.45e-02 7.99e-15  3.42e-04    40s
  10   4.62573258e+02  3.86102875e+02  9.66e-03 6.89e-15  1.73e-04    43s
  11   4.56984645e+02  3.85937984e+02  8.50e-03 5.13e-15  1.60e-04    45s
  12   4.42401211e+02  3.98089581e+02  4.79e-03 4.55e-15  9.95e-05    47s
  13   4.35259695e+02  4.03719661e+02  3.32e-03 4.06e-15  7.07e-05    50s
  14   4.34464072e+02  4.09284505e+02  2.27e-03 4.14e-15  5.62e-05    52s
  15   4.32647190e+02  4.14435867e+02  1.08e-03 3.14e-15  4.05e-05    54s
  16   4.30592710e+02  4.20754261e+02  1.31e-04 2.60e-15  2.18e-05    58s
  17   4.27472113e+02  4.24745971e+02  1.58e-06 3.00e-15  6.04e-06    60s
  18   4.26452446e+02  4.26157287e+02  4.32e-08 2.23e-15  6.53e-07    63s
  19   4.26231596e+02  4.26230955e+02  1.58e-09 1.78e-15  1.41e-09    65s
  20   4.26231281e+02  4.26231281e+02  3.23e-10 2.30e-15  1.27e-12    67s

Barrier solved model in 20 iterations and 67.24 seconds (39.59 work units)
Optimal objective 4.26231281e+02


Root crossover log...

   33110 DPushes remaining with DInf 0.0000000e+00                67s
   17137 DPushes remaining with DInf 0.0000000e+00                70s
       0 DPushes remaining with DInf 0.0000000e+00                74s

    1364 PPushes remaining with PInf 1.0416667e-06                74s
       0 PPushes remaining with PInf 0.0000000e+00                75s

  Push phase complete: Pinf 0.0000000e+00, Dinf 5.3044022e-12     75s


Root simplex log...

Iteration    Objective       Primal Inf.    Dual Inf.      Time
   34162    4.2623128e+02   0.000000e+00   0.000000e+00     75s
Crossover time: 7.40 seconds (4.30 work units)
Concurrent spin time: 0.00s

Solved with barrier

Root relaxation: objective 4.262313e+02, 34162 iterations, 64.01 seconds (36.07 work units)

    Nodes    |    Current Node    |     Objective Bounds      |     Work
 Expl Unexpl |  Obj  Depth IntInf | Incumbent    BestBd   Gap | It/Node Time

     0     0  426.23128    0 6488          -  426.23128      -     -   77s
     0     0  426.23128    0 9309          -  426.23128      -     -   99s
     0     0  426.23128    0 10119          -  426.23128      -     -  109s
     0     0  426.23128    0 9755          -  426.23128      -     -  123s
     0     0  426.23128    0 9755          -  426.23128      -     -  124s
     0     0  426.23128    0 5674          -  426.23128      -     -  128s
     0     0  426.23128    0 6400          -  426.23128      -     -  138s
     0     0  465.01995    0 9815          -  465.01995      -     -  168s
     0     0  465.01995    0 9815          -  465.01995      -     -  172s
     0     0  465.01995    0 9815          -  465.01995      -     -  173s
     0     0  465.01995    0 9815          -  465.01995      -     -  173s
     0     0  465.01995    0 9815          -  465.01995      -     -  173s
     0     0  465.01995    0 9815          -  465.01995      -     -  174s
     0     0  465.01995    0 9817          -  465.01995      -     -  174s
     0     0  465.01995    0 6554          -  465.01995      -     -  184s
     0     0  465.01995    0 6554          -  465.01995      -     -  195s
     0     0  465.01995    0 7550          -  465.01995      -     -  197s
     0     0  465.01995    0 7550          -  465.01995      -     -  198s
     0     0  465.01995    0 7550          -  465.01995      -     -  199s
     0     0  465.01995    0 7550          -  465.01995      -     -  199s
     0     0  465.01995    0 7550          -  465.01995      -     -  199s
     0     0  465.01995    0 7550          -  465.01995      -     -  199s
     0     0  465.01995    0 7550          -  465.01995      -     -  200s
     0     0  465.01995    0 7552          -  465.01995      -     -  200s
     0     0  478.49374    0 12960          -  478.49374      -     -  222s
     0     0  478.49374    0 12960          -  478.49374      -     -  226s
     0     0  478.49374    0 13361          -  478.49374      -     -  229s
     0     0  478.49374    0 13314          -  478.49374      -     -  229s
     0     0  478.49374    0 13316          -  478.49374      -     -  230s
     0     0  478.49374    0 13316          -  478.49374      -     -  230s
     0     0  478.49374    0 13316          -  478.49374      -     -  230s
     0     0  478.49374    0 13316          -  478.49374      -     -  230s
     0     0  478.49374    0 13671          -  478.49374      -     -  231s
     0     0  478.49374    0 13325          -  478.49374      -     -  241s
     0     0  478.49374    0 15517          -  478.49374      -     -  262s
     0     0  478.49374    0 16326          -  478.49374      -     -  274s
     0     0  478.49374    0 12655          -  478.49374      -     -  286s
     0     0  478.49374    0 12655          -  478.49374      -     -  286s
     0     0  478.49374    0 5408          -  478.49374      -     -  395s
     0     0  478.49374    0 6386          -  478.49374      -     -  410s
     0     0  478.49374    0 4351          -  478.49374      -     -  413s
     0     0  479.01520    0 11057          -  479.01520      -     -  453s
     0     0  479.01520    0 11057          -  479.01520      -     -  453s
     0     0  479.01520    0 5105          -  479.01520      -     -  545s
     0     0  479.01520    0 5914          -  479.01520      -     -  557s
     0     0  479.01520    0 6414          -  479.01520      -     -  560s
     0     0  479.01520    0 6414          -  479.01520      -     -  560s
     0     0  479.01520    0 6415          -  479.01520      -     -  561s
     0     0  479.01520    0 6150          -  479.01520      -     -  564s
     0     0  482.06525    0 15648          -  482.06525      -     -  591s
     0     0  482.06525    0 15648          -  482.06525      -     -  591s
     0     0  482.06525    0 14760          -  482.06525      -     -  616s
     0     0  482.06525    0 15927          -  482.06525      -     -  656s
     0     0  482.06525    0 12747          -  482.06525      -     -  670s
     0     0  482.06525    0 18444          -  482.06525      -     -  694s
     0     0  482.06525    0 18444          -  482.06525      -     -  695s
     0     0  482.06525    0 3705          -  482.06525      -     -  757s
     0     0  482.06525    0 3424          -  482.06525      -     -  774s
     0     0  482.06525    0 3430          -  482.06525      -     -  776s
     0     0  482.06525    0 3430          -  482.06525      -     -  776s
     0     0  482.06525    0 3430          -  482.06525      -     -  777s
     0     0  482.06525    0 3430          -  482.06525      -     -  777s
     0     0  482.06525    0 3430          -  482.06525      -     -  777s
     0     0  482.06525    0 3430          -  482.06525      -     -  778s
     0     0  482.06525    0 5749          -  482.06525      -     -  799s
     0     0  482.06525    0 5788          -  482.06525      -     -  801s
     0     0  482.06525    0 4421          -  482.06525      -     -  844s
     0     0  482.06525    0 4425          -  482.06525      -     -  851s
     0     0  482.06525    0 4425          -  482.06525      -     -  892s
     0     2  482.06525    0 4425          -  482.06525      -     -  988s
     1     4  482.06525    1 5973          -  482.06525      -  2117 1013s
     3     8  482.06525    2 6328          -  482.06525      -  3495 1023s
     7    12  482.06525    3 7132          -  482.06525      -  2806 1036s
    11    16  482.06525    4 6975          -  482.06525      -  2000 1050s
    15    24  482.06525    5 7947          -  482.06525      -  1482 1064s
    23    32  482.08267   10 6976          -  482.06525      -  1014 1075s
    31    40  482.08267   15 6976          -  482.06525      -   763 1088s
    39    53  482.08292   20 6977          -  482.06525      -   634 1104s
    52    71  482.08379   30 6976          -  482.06525      -   479 1124s
    70    94  482.10336   45 8160          -  482.06525      -   367 1147s
    93   116  482.93547   65 7737          -  482.06525      -   281 1177s
   116   133 infeasible   82               -  482.06525      -   242 1209s
   139   156  519.70998   96 12261          -  482.06525      -   228 1256s
   162   179  519.99030  116 11057          -  482.06525      -   202 1273s
   185   186  519.99934  136 10589          -  482.06525      -   178 1293s
   192   209  519.99934  140 10793          -  482.06525      -   173 1308s
   215   232  519.99934  160 9097          -  482.06525      -   156 1324s
   238   255  520.07321  180 11379          -  482.06525      -   142 1339s
   261   280  520.10778  200 8448          -  482.06525      -   133 1352s
   286   309  520.88208  219 10025          -  482.06525      -   132 1373s
   319   329  531.29678  231 10691          -  482.06525      -   141 1397s
   339   349  534.18627  237 10820          -  482.06525      -   150 1522s
   359   369  549.08521  241 9118          -  482.06525      -   156 1540s
   379   376  556.63328  251 8372          -  482.06525      -   164 1557s
   396   403  484.62053   11 9128          -  482.06525      -   171 1573s
   423   449  485.75155   31 9256          -  482.06525      -   168 1596s
   469   455  494.88177   52 9258          -  482.06525      -   163 1618s
   475   505  486.59182   54 8936          -  482.06525      -   162 1638s
   525   561  488.21096   77 7667          -  482.06525      -   150 1656s
   581   608  489.63073  104 9260          -  482.06525      -   138 1673s
   628   665  491.85977  134 9263          -  482.06525      -   135 1700s
   685   737  493.35032  166 7926          -  482.06525      -   129 1817s
   757   815  495.05054  201 8473          -  482.06525      -   120 1839s
   835   852  498.65138  239 8250          -  482.06525      -   112 1857s
   886   902  485.19391   13 8929          -  482.06525      -   114 1942s
   936   953  486.31485   43 8691          -  482.06525      -   114 1978s
   987  1063  487.95843   70 9175          -  482.06525      -   113 2084s
  1097  1163  489.51381  120 8247          -  482.06525      -   108 2105s
  1205  1167  495.24984  175 8231          -  482.06525      -   108 2382s
  1209  1188  495.30624  176 8892          -  482.06525      -   107 2642s
  1230  1253  495.33517  177 8902          -  482.06525      -   110 2945s
  1295  1321  495.35010  178 8892          -  482.06525      -   108 3060s
  1363  1530  495.72104  179 8882          -  482.06525      -   105 3089s
  1594  1770  485.81211   35 8173          -  482.06525      -   104 3124s
  1864  1771  498.49444  163 4425          -  482.08267      -  98.3 3330s
  1866  1772  526.35780  132 5509          -  484.95393      -  98.2 3598s
  1867  1773  552.99688   89 4682          -  486.27742      -  98.1 3685s
  1868  1774  536.95444  138 4808          -  489.07867      -  98.1 3783s
  1869  1774  553.04162  121 4907          -  489.08144      -  98.0 3885s
  1870  1775  552.19350   29 5429          -  490.93866      -  98.0 3992s
  1871  1776  527.95241  154 4992          -  491.78795      -  97.9 4081s
  1872  1776  492.54091   84 6138          -  492.54091      -  97.9 4193s
  1873  1777  503.59187   90 5466          -  493.73877      -  97.8 4279s
  1874  1778  495.30664   93 5217          -  495.30664      -  97.8 4391s
  1875  1778  552.59256   59 3692          -  495.37688      -  97.7 4518s
  1876  1779  513.09570  188 5309          -  495.57679      -  97.7 4586s
  1877  1780  497.30836   49 2790          -  497.30836      -  97.6 4793s
  1878  1780  561.01237  253 6097          -  499.59109      -  97.6 4869s
  1879  1781  520.53557   61 2909          -  500.37523      -  97.5 4988s
  1880  1782  518.70731    3 5106          -  501.40968      -  97.5 5110s
  1881  1782  513.04168   81 4917          -  503.92182      -  97.4 5205s
  1882  1783  553.99644  186 5227          -  504.83195      -  97.4 5280s
  1883  1784  505.47267   76 4895          -  505.47267      -  97.3 5382s
  1884  1784  505.60727   68 5809          -  505.60727      -  97.3 5469s
  1885  1785  552.47235   64 3688          -  506.07004      -  97.2 5547s
  1886  1786  531.73989  138 6315          -  506.77306      -  97.1 5665s
  1887  1786  506.89408   74 4291          -  506.89408      -  97.1 5744s
  1888  1787  512.58772  181 4929          -  507.38808      -  97.0 5854s
  1889  1788  524.57611   92 1634          -  508.52450      -  97.0 6015s
  1890  1788  508.96474  239 7163          -  508.96474      -  96.9 6177s
  1891  1789  553.13791  136 3178          -  509.19843      -  96.9 6271s
  1892  1790  509.29643   93 4747          -  509.29643      -  96.8 6351s
  1893  1790  509.61592   44 2427          -  509.61592      -  96.8 6423s
  1894  1791  510.82013  131 4130          -  510.82013      -  96.7 6499s
  1895  1792  510.85402  129 1289          -  510.85402      -  96.7 6580s
  1896  1792  510.88134   27 1727          -  510.88134      -  96.6 6669s
  1897  1793  510.88322   69 1551          -  510.88322      -  96.6 6752s
  1898  1794  510.89096   53 5202          -  510.89096      -  96.5 6850s
  1899  1794  511.64467  140 4324          -  510.89399      -  96.5 6947s
  1900  1795  517.66148   21 5002          -  510.90674      -  96.4 7054s
  1901  1796  560.64136  288 4334          -  510.91273      -  96.4 7141s

Cutting planes:
  Gomory: 8
  Cover: 275
  Implied bound: 111
  Projected implied bound: 1200
  Clique: 104
  MIR: 277
  StrongCG: 7
  Flow cover: 815
  GUB cover: 139
  Zero half: 82
  RLT: 94
  Relax-and-lift: 488

Explored 1901 nodes (1352239 simplex iterations) in 7218.87 seconds (5540.77 work units)
Thread count was 4 (of 8 available processors)

Solution count 0

Time limit reached
Best objective -, best bound 5.110000000000e+02, gap -
