
Gurobi 13.0.2 (linux64) logging started Sat Jun 27 21:42:36 2026

Set parameter LogFile to value "src/Resultados/Restriccion cota global/logs/RC202-25.xml_log.log"
Set parameter Threads to value 4
Gurobi Optimizer version 13.0.2 build v13.0.2rc1 (linux64 - "Rocky Linux 9.7 (Blue Onyx)")

CPU model: QEMU Virtual CPU version 2.5+, instruction set [SSE2]
Thread count: 8 physical cores, 8 logical processors, using up to 4 threads

Non-default parameters:
TimeLimit  7200
Threads  4

Optimize a model with 114691 rows, 67425 columns and 445185 nonzeros (Min)
Model fingerprint: 0x5b407683
Model has 4530 linear objective coefficients
Variable types: 15585 continuous, 51840 integer (51825 binary)
Coefficient statistics:
  Matrix range     [1e+00, 2e+05]
  Objective range  [2e+00, 6e+01]
  Bounds range     [1e+00, 2e+03]
  RHS range        [1e+00, 2e+05]

Presolve removed 38055 rows and 120 columns
Presolve time: 2.73s
Presolved: 76636 rows, 67305 columns, 319965 nonzeros
Variable types: 375 continuous, 66930 integer (58800 binary)
Deterministic concurrent LP optimizer: primal and dual simplex
Showing primal log only...


Root simplex log...

Iteration    Objective       Primal Inf.    Dual Inf.      Time
   10107    3.8505428e+02   2.392815e+02   1.508324e+10      5s
   20403    3.5166604e+02   2.272264e+01   2.321023e+09     10s
   26286    3.5101331e+02   1.794703e-01   2.166790e+09     15s
   31996    2.9120000e+02   1.236745e+02   0.000000e+00     20s
   35891    2.9120000e+02   0.000000e+00   0.000000e+00     24s
Concurrent spin time: 0.00s

Solved with primal simplex

Root relaxation: objective 2.912000e+02, 35891 iterations, 20.22 seconds (15.70 work units)

    Nodes    |    Current Node    |     Objective Bounds      |     Work
 Expl Unexpl |  Obj  Depth IntInf | Incumbent    BestBd   Gap | It/Node Time

     0     0  291.20000    0 3842          -  291.20000      -     -   42s
     0     0  291.20000    0 3745          -  291.20000      -     -   43s
     0     0  291.20000    0 3843          -  291.20000      -     -   44s
     0     0  291.20000    0 4916          -  291.20000      -     -   62s
     0     0  291.20000    0 5064          -  291.20000      -     -   65s
     0     0  291.20000    0 8318          -  291.20000      -     -   81s
     0     0  291.20000    0 2924          -  291.20000      -     -  102s
     0     0  291.20000    0 2992          -  291.20000      -     -  105s
     0     0  291.20000    0 2481          -  291.20000      -     -  105s
     0     0  291.20000    0 7514          -  291.20000      -     -  114s
     0     0  291.20000    0 7514          -  291.20000      -     -  114s
     0     0  291.20000    0 7093          -  291.20000      -     -  136s
     0     0  291.20000    0 8238          -  291.20000      -     -  140s
     0     0  291.20000    0 8517          -  291.20000      -     -  146s
     0     0  291.20000    0 8517          -  291.20000      -     -  146s
     0     0  291.20000    0 3766          -  291.20000      -     -  154s
     0     0  291.20000    0 4292          -  291.20000      -     -  157s
     0     0  291.20000    0 4296          -  291.20000      -     -  157s
     0     0  291.20000    0 11377          -  291.20000      -     -  165s
     0     0  291.20000    0 5467          -  291.20000      -     -  181s
     0     0  291.20000    0 6506          -  291.20000      -     -  182s
     0     0  291.20000    0 4976          -  291.20000      -     -  183s
     0     0  292.34835    0 7075          -  292.34835      -     -  188s
     0     0  292.34835    0 7075          -  292.34835      -     -  197s
     0     0  292.34835    0 6751          -  292.34835      -     -  198s
     0     0  298.63949    0 6194          -  298.63949      -     -  201s
     0     0  298.63949    0 6193          -  298.63949      -     -  201s
     0     0  299.27683    0 7918          -  299.27683      -     -  203s
     0     0  300.28728    0 6944          -  300.28728      -     -  206s
     0     0  300.28728    0 7027          -  300.28728      -     -  240s
     0     0  300.55107    0 6932          -  300.55107      -     -  243s
     0     0  300.55107    0 7489          -  300.55107      -     -  244s
     0     0  300.55107    0 7672          -  300.55107      -     -  247s
     0     0  300.55107    0 7663          -  300.55107      -     -  247s
     0     0  300.55107    0 6361          -  300.55107      -     -  252s
     0     0  300.55107    0 7998          -  300.55107      -     -  258s
     0     0  300.55107    0 5804          -  300.55107      -     -  273s
     0     0  300.55107    0 6467          -  300.55107      -     -  278s
     0     0  300.55107    0 6469          -  300.55107      -     -  278s
     0     0  300.59951    0 6011          -  300.59951      -     -  282s
     0     0  300.59951    0 4858          -  300.59951      -     -  307s
     0     0  300.59951    0 5513          -  300.59951      -     -  309s
     0     0  301.04500    0 7307          -  301.04500      -     -  315s
     0     0  301.04500    0 7141          -  301.04500      -     -  317s
     0     0  301.73968    0 7769          -  301.73968      -     -  322s
     0     0  302.93018    0 7695          -  302.93018      -     -  325s
     0     0  302.96727    0 9027          -  302.96727      -     -  326s
     0     0  302.96727    0 9378          -  302.96727      -     -  327s
     0     0  303.27592    0 8631          -  303.27592      -     -  332s
     0     0  303.27625    0 9620          -  303.27625      -     -  334s
     0     0  304.03014    0 9265          -  304.03014      -     -  339s
     0     0  304.03014    0 9474          -  304.03014      -     -  341s
     0     0  304.05112    0 8863          -  304.05112      -     -  350s
     0     0  304.05112    0 8622          -  304.05112      -     -  358s
     0     0  304.31288    0 6123          -  304.31288      -     -  362s
     0     0  304.31288    0 6150          -  304.31288      -     -  364s
     0     0  304.31677    0 6663          -  304.31677      -     -  368s
     0     0  304.63132    0 6990          -  304.63132      -     -  370s
     0     0  304.63132    0 5902          -  304.63132      -     -  370s
     0     0  304.96076    0 5161          -  304.96076      -     -  376s
     0     0  304.96076    0 5190          -  304.96076      -     -  379s
     0     0  306.43953    0 5232          -  306.43953      -     -  382s
     0     0  306.43953    0 5806          -  306.43953      -     -  384s
     0     0  306.43953    0 6388          -  306.43953      -     -  386s
     0     0  306.43953    0 7251          -  306.43953      -     -  389s
     0     0  306.43953    0 5238          -  306.43953      -     -  394s
     0     0  306.43953    0 4961          -  306.43953      -     -  416s
     0     0  306.43953    0 4961          -  306.43953      -     -  416s
     0     0  306.43953    0 4961          -  306.43953      -     -  431s
     0     2  306.43953    0 4893          -  306.43953      -     -  463s
     1     4  306.43953    1 6521          -  306.43953      -  1232  465s
    11    19  306.43953    4 5615          -  306.43953      -   693  471s
    25    35  307.63953    8 6427          -  306.43953      -   496  475s
    42    55  307.63953   11 6318          -  306.43953      -   331  481s
    76    82  307.66643   19 9036          -  306.43953      -   292  486s
    90   103  307.70411   22 10637          -  306.43953      -   307  490s
   127   132  307.73219   26 11882          -  306.43953      -   256  496s
   142   147  307.80110   28 9825          -  306.43953      -   247  502s
   163   170  307.95040   31 11216          -  306.43953      -   246  505s
   178   194  308.03593   35 10972          -  306.43953      -   235  511s
   193   198  308.09248   38 11845          -  306.43953      -   232  515s
   219   224  308.33519   41 14208          -  306.43953      -   219  537s
   223   241  308.44924   42 10970          -  306.43953      -   219  540s
   244   259  309.98945   49 10896          -  306.43953      -   218  591s
   258   278  309.99247   52 9794          -  306.43953      -   213  638s
   277   293  309.99247   53 9815          -  306.43953      -   212  647s
   292   304  310.28333   59 10549          -  306.43953      -   216  656s
   313   321  310.90385   69 12770          -  306.43953      -   228  662s
   320   333  317.20000   72 11702          -  306.43953      -   239  666s
   364   386  310.95000   83 14400          -  306.43953      -   231  673s
   385   410  310.95000   85 12863          -  306.43953      -   239  677s
   409   454  310.95000   87 13608          -  306.43953      -   239  687s
   454   484  310.99393   97 13632          -  306.43953      -   231  696s
   484   508  311.45000  103 14130          -  306.43953      -   235  701s
   508   552  311.45000  106 14530          -  306.43953      -   240  705s
   552   595  311.71667  113 16303          -  306.43953      -   238  710s
   642   697  312.25000  128 13793          -  306.43953      -   233  720s
   697   773  312.25000  137 13311          -  306.43953      -   222  726s
   773   867  313.85000  161 14702          -  306.43953      -   210  732s
   867   926  313.85448  167 16825          -  306.43953      -   192  739s
   926   964  313.85448  174 16796          -  306.43953      -   189  744s
   964  1055  313.85448  189 16550          -  306.43953      -   188  754s
  1055  1104  313.86914  193 16477          -  306.43953      -   188  763s
  1106  1131  314.21886  211 17361          -  306.43953      -   193  773s
  1139  1185  314.24510  231 17449          -  306.43953      -   212  780s
  1195  1294  314.24510  251 17559          -  306.43953      -   220  788s
  1306  1400  314.24510  290 13153          -  306.43953      -   213  803s
  1412  1500  314.24510  312 11526          -  306.43953      -   203  817s
  1514  1532  314.24510  317 11422          -  306.43953      -   204  892s
  1546  1623  315.58871  328 6247          -  306.43953      -   209  911s
  1637  1688  317.95273  402 7978          -  306.43953      -   205  924s
  1702  1764  318.04136  453 7922          -  306.43953      -   208  936s
  1778  1797  318.05076  462 7884          -  306.43953      -   209  946s
  1811  1837  318.05076  464 7634          -  306.43953      -   215  958s
  1851  1841  318.05568  468 7148          -  306.43953      -   218  970s
  1855  1845  330.15640  468 4366          -  306.43953      -   219 1011s
  1859  1849  318.05568  469 6938          -  306.43953      -   219 1032s
  1863  1853  318.05568  470 6937          -  306.43953      -   219 1067s
  1867  1950  318.05568  471 6933          -  306.43953      -   218 1079s
  1964  2045  318.05568  472 6935          -  306.43953      -   208 1093s
  2059  2151  327.70902  472 6100          -  306.43953      -   201 1115s
  2165  2236  318.05568  473 6713          -  306.43953      -   194 1131s
  2250  2319  329.50973  473 5003          -  306.43953      -   189 1147s
  2333  2397  331.04861  474 3697          -  306.43953      -   184 1164s
  2411  2470  331.11654  475 3691          -  306.43953      -   180 1182s
  2485  2594  331.13957  476 3689          -  306.43953      -   176 1195s
  2613  2720  331.43223  477 3790          -  306.43953      -   169 1217s
  2747  2804  377.70031  477 1226          -  306.43953      -   162 1251s
  2853  2864 infeasible  478               -  306.43953      -   159 1270s
  2915  2938 infeasible  479               -  306.43953      -   158 1287s
  2999  3076  377.70031  480  994          -  306.43953      -   155 1314s
  3137  3213  377.70031  481  992          -  306.43953      -   150 1357s
  3276  3449  379.54825  515 1444          -  306.43953      -   148 1377s
  3531  3515  386.83585  599 1386          -  306.43953      -   141 1425s
  3597  3540  386.86497  600 1384          -  306.43953      -   142 1472s
  3622  3578  386.89438  601 1381          -  306.43953      -   145 1518s
  3660  3618  387.03349  602 1360          -  306.43953      -   148 1576s
  3700  3706  387.03349  603 1361          -  306.43953      -   149 1622s
  3788  3966  387.06118  604 1357          -  306.43953      -   152 1673s
  4054  4145  387.07533  605 1355          -  306.43953      -   150 1728s
  4259  4541  387.07533  606 1349          -  306.43953      -   152 1774s
  4658  5045  387.14089  607 1348          -  306.43953      -   146 1830s
  5171  5046  357.62416 1140 4961          -  306.43953      -   137 1879s
  5172  5047  314.58333   46 4961          -  306.43953      -   137 1880s
  5173  5047  323.52592  237 3176          -  306.43953      -   137 1949s
  5174  5048  319.68911  229 4157          -  306.43953      -   137 1975s
  5175  5049  375.25837  398 4152          -  306.43953      -   137 2014s
  5176  5049  550.05150  447 4333          -  308.40341      -   137 2049s
  5177  5050  405.73734  376 4365          -  313.22296      -   137 2089s
  5178  5051  314.58333   14 3609          -  313.83494      -   137 2123s
  5179  5051  316.67333  540 4636          -  314.08743      -   137 2143s
  5180  5052  317.63333  167 5412          -  314.37141      -   137 2168s
  5181  5053  314.58862   43 5784          -  314.58862      -   137 2181s
  5182  5053  430.61338  383 6191          -  314.59749      -   137 2200s
  5183  5054  402.54007  322 5909          -  314.62958      -   137 2216s
  5184  5055  322.42627  379 4377          -  314.67534      -   137 2237s
  5185  5055  316.44000  251 6954          -  316.38185      -   137 2256s
  5186  5056  473.25702  325 5232          -  316.38185      -   136 2278s
  5187  5057  399.07788 1377 5995          -  316.65720      -   136 2295s
  5188  5057  402.54007  321 3192          -  316.65720      -   136 2385s
  5189  5058  367.05914  398 4184          -  316.81486      -   136 2409s
  5190  5059  324.59298  317 4527          -  316.81486      -   136 2429s
  5191  5059  316.81486   11 7789          -  316.81486      -   136 2450s
  5192  5060  318.25090   81 5075          -  318.25090      -   136 2489s
  5193  5061  318.25090  256 7441          -  318.25090      -   136 2504s
  5194  5061  356.95519 1188 7261          -  318.26019      -   136 2527s
  5195  5062  473.25702  331 7080          -  318.28238      -   136 2541s
  5196  5063  390.20663 1319 6665          -  318.28240      -   136 2573s
  5197  5063  324.89164  732 5708          -  318.30670      -   136 2593s
  5198  5064  320.28022   89 5606          -  318.30670      -   136 2614s
  5199  5065  343.10952   80 6032          -  318.31358      -   136 2631s
  5200  5065  318.33463  288 6751          -  318.33463      -   136 2655s
  5201  5066  334.03116  276 7024          -  318.35753      -   136 2672s
  5202  5067  318.37619   67 7124          -  318.37619      -   136 2703s
  5203  5067  323.37578  116 8231          -  318.46688      -   136 2723s
  5204  5068  318.46975  140 6177          -  318.46975      -   136 2747s
  5205  5069  322.37744  367 5435          -  318.55409      -   136 2760s
  5206  5069  318.65229  136 4764          -  318.65229      -   136 2776s
  5207  5070  318.77651  391 5075          -  318.77651      -   136 2786s
  5208  5071  318.88189   45 5648          -  318.88189      -   136 2803s
  5209  5071  441.37887 1390 5226          -  318.88189      -   136 2811s
  5210  5072  318.89592   73 5656          -  318.89592      -   136 2829s
  5211  5073  326.24094  779 5314          -  318.91465      -   136 2840s
  5212  5073  320.88316  441 4896          -  318.93633      -   136 2865s
  5213  5074  319.40078  621 4479          -  319.40078      -   136 2874s
  5214  5075  460.34010  442 4897          -  319.66110      -   136 2906s
  5215  5075  319.70549   25 6206          -  319.70549      -   136 2917s
  5216  5076  381.26338 1294 4043          -  320.04655      -   136 2933s
  5217  5077  320.20699   10 4190          -  320.20699      -   136 2943s
  5218  5077  320.23893  596 3210          -  320.23893      -   136 2968s
  5219  5078  425.21316  373 6128          -  320.23893      -   136 2982s
  5220  5079  336.76909  253 4113          -  320.32014      -   136 3004s
  5221  5079  320.32405   15 4981          -  320.32405      -   136 3013s
  5222  5080  320.40805  772 2825          -  320.40805      -   136 3039s
  5223  5081  332.54621  883 4878          -  320.40805      -   136 3051s
  5224  5081  373.07387  517 3397          -  320.40805      -   136 3083s
  5225  5082  330.76947  870 5197          -  320.42981      -   135 3096s
  5226  5083  349.13503 1093 4902          -  320.47471      -   135 3118s
  5227  5083  320.49694  248 6420          -  320.49694      -   135 3133s
  5228  5084  349.20679 1098 4197          -  320.65805      -   135 3157s
  5229  5085  337.82830  416 5312          -  320.65805      -   135 3169s
  5230  5085  344.64119  120 5072          -  320.65857      -   135 3203s
  5231  5086  320.66109    8 3912          -  320.66109      -   135 3217s
  5232  5087  320.66161  679 4456          -  320.66161      -   135 3233s
  5233  5087  320.68668  151 5474          -  320.68668      -   135 3243s
  5234  5088  332.60533  936 1985          -  320.76005      -   135 3260s
  5235  5089  320.79220   96 2626          -  320.79220      -   135 3269s
  5236  5089  320.80291  263 2955          -  320.80291      -   135 3291s
  5237  5090  374.87300  303 3047          -  320.82476      -   135 3303s
  5238  5091  320.90870   75 3065          -  320.90870      -   135 3330s
  5239  5091  326.67577  790 3333          -  320.90870      -   135 3339s
  5240  5092  356.69443 1187 4080          -  320.95951      -   135 3366s
  5241  5093  330.76947  893 4049          -  320.99437      -   135 3375s
  5242  5093  321.02574  704 3973          -  321.02574      -   135 3401s
  5243  5094  365.41991 1230 3861          -  321.02574      -   135 3411s
  5244  5095  333.28866  891 3658          -  321.02574      -   135 3430s
  5245  5095  374.27000  428 3975          -  321.02697      -   135 3441s
  5246  5096  345.44388  671 4573          -  321.02697      -   135 3466s
  5247  5097  385.73788  541 4568          -  321.02697      -   135 3476s
  5248  5097  326.61502  828 4757          -  321.02697      -   135 3490s
  5249  5098  321.02869  177 5132          -  321.02869      -   135 3497s
  5250  5099  321.03350  109 5292          -  321.03350      -   135 3518s
  5251  5099  321.10277  586 5616          -  321.10277      -   135 3529s
  5252  5100  392.02242  580 5210          -  321.11770      -   135 3550s
  5253  5101  321.13284  705 5985          -  321.13284      -   135 3564s
  5254  5101  394.25991 1192 4247          -  321.14304      -   135 3581s
  5255  5102  322.04895   41 4981          -  321.15506      -   135 3593s
  5256  5103  321.16218  422 4200          -  321.16218      -   135 3611s
  5257  5103  321.16938  104 4629          -  321.16938      -   135 3624s
  5258  5104  322.44189  360 3374          -  321.18748      -   135 3651s
  5259  5105  321.18748   23 3341          -  321.18748      -   135 3660s
  5260  5105  321.20297  308 4283          -  321.20297      -   135 3686s
  5261  5106  373.28931  514 4824          -  321.21567      -   135 3698s
  5262  5107  321.21872  747 4324          -  321.21872      -   135 3724s
  5263  5107  511.71144  361 4201          -  321.21911      -   135 3735s
  5264  5108  365.44901 1245 4128          -  321.23670      -   134 3761s
  5265  5109  515.38588  416 4728          -  321.23670      -   134 3775s
  5266  5109  407.82354  284 4225          -  321.24535      -   134 3795s
  5267  5110  321.25458  604 5019          -  321.25458      -   134 3806s
  5268  5111  369.91634  623 5143          -  321.26258      -   134 3830s
  5269  5111  339.58084  267 5150          -  321.26800      -   134 3844s
  5270  5112  328.70095  464 5689          -  321.26853      -   134 3869s
  5271  5113  357.62416 1140 5841          -  321.27856      -   134 3880s
  5272  5113  321.28668   46 5514          -  321.28668      -   134 3906s
  5273  5114  323.52592  237 5499          -  321.29239      -   134 3922s
  5274  5115  321.29239  229 4987          -  321.29239      -   134 3945s
  5275  5115  375.25837  398 6418          -  321.29349      -   134 3960s
  5276  5116  550.05150  447 5806          -  321.29369      -   134 3990s
  5277  5117  405.73734  376 6391          -  321.29369      -   134 4009s
  5278  5117  321.29901   14 6419          -  321.29901      -   134 4036s
  5279  5118  321.30323  540 5821          -  321.30323      -   134 4051s
  5280  5119  321.30964  167 5108          -  321.30964      -   134 4158s
  5281  5119  321.30964   43 4944          -  321.30964      -   134 4171s
  5282  5120  430.61338  383 4187          -  321.30964      -   134 4199s
  5283  5121  402.54007  322 5272          -  321.31450      -   134 4209s
  5284  5121  322.42627  379 4771          -  321.31612      -   134 4233s
  5285  5122  321.31612  251 8598          -  321.31612      -   134 4253s
  5286  5123  473.25702  325 4861          -  321.31612      -   134 4275s
  5287  5123  399.07788 1377 5849          -  321.31612      -   134 4293s
  5288  5124  402.54007  321 5474          -  321.31612      -   134 4316s
  5291  5127  321.31612   11 4961          -  321.31612      -   375 4328s
  5293  5128  321.31612  256 3483          -  321.31612      -   375 4402s
  5294  5129  356.95519 1188 3571          -  321.31612      -   375 4440s
  5295  5130  473.25702  331 3094          -  321.31612      -   375 4466s
  5296  5130  390.20663 1319 2563          -  321.31612      -   375 4496s
  5297  5131  324.89164  732 6647          -  321.31612      -   375 4528s
  5298  5132  321.31612   89 7905          -  321.31612      -   375 4561s
  5299  5132  343.10952   80 9818          -  321.31612      -   375 4586s
  5300  5133  321.31612  288 7418          -  321.31612      -   375 4628s
  5301  5134  334.03116  276 9958          -  321.31612      -   375 4653s
  5302  5134  321.31612   67 9652          -  321.31612      -   375 4680s
  5303  5135  323.37578  116 8910          -  321.31612      -   374 4709s
  5304  5136  321.31612  140 6363          -  321.31612      -   374 4732s
  5305  5136  322.37744  367 8119          -  321.31612      -   374 4761s
  5306  5137  321.31612  136 6759          -  321.31612      -   374 4789s
  5307  5138  321.31612  391 8585          -  321.31612      -   374 4816s
H 5307  4880                     565.0000000  321.31612  43.1%   374 4819s
H 5307  4636                     563.3000000  321.31612  43.0%   374 4819s
H 5307  4404                     554.2000000  321.31612  42.0%   374 4855s
H 5307  4184                     550.2000000  321.31612  41.6%   374 4857s
H 5307  3974                     548.9000000  321.31612  41.5%   374 4859s
  5308  3974  321.31612   45 5495  548.90000  321.31612  41.5%   374 4870s
H 5308  3775                     544.2000000  321.31612  41.0%   374 4872s
  5309  3776  441.37887 1390 5665  544.20000  321.32300  41.0%   374 4889s
  5310  3777  321.32300   73 6902  544.20000  321.32300  41.0%   374 4911s
  5311  3777  326.24094  779 7139  544.20000  321.32300  41.0%   374 4953s
  5312  3778  321.32300  441 5996  544.20000  321.32300  41.0%   374 4977s
  5313  3779  321.32300  621 7004  544.20000  321.32300  41.0%   374 4990s
  5314  3779  460.34010  442 6884  544.20000  321.32300  41.0%   374 5007s
  5315  3780  321.32300   25 7857  544.20000  321.32300  41.0%   374 5021s
H 5315  3591                     536.6000000  321.32300  40.1%   374 5044s
H 5315  3411                     528.0000000  321.32300  39.1%   374 5044s
  5316  3412  381.26338 1294 7503  528.00000  321.32300  39.1%   374 5045s
  5317  3412  321.32300   10 7009  528.00000  321.32300  39.1%   373 5062s
H 5317  3241                     473.7000000  321.32300  32.2%   373 5063s
  5318  3242  321.32300  596 6612  473.70000  321.32300  32.2%   373 5090s
H 5318  3079                     472.5000000  321.32300  32.0%   373 5091s
  5319  3080  425.21316  373 7519  472.50000  321.32300  32.0%   373 5110s
H 5319  2926                     460.5000000  321.32300  30.2%   373 5140s
H 5319  2779                     459.0000000  321.32300  30.0%   373 5188s
  5320  2779  336.76909  253 6152  459.00000  321.32300  30.0%   373 5252s
  5321  2780  321.32300   15 6209  459.00000  321.32300  30.0%   373 5266s
  5322  2781  321.32300  772 5620  459.00000  321.32300  30.0%   373 5294s
  5323  2781  332.54621  883 5769  459.00000  321.32300  30.0%   373 5307s
  5324  2782  373.07387  517 5085  459.00000  321.32300  30.0%   373 5328s
  5325  2783  330.76947  870 5547  459.00000  321.32300  30.0%   373 5331s
  5328  2786  349.20679 1098 4961  459.00000  321.32300  30.0%   446 5345s
  5330  2787  344.64119  120 3496  459.00000  321.32300  30.0%   446 5425s
  5331  2788  321.32300    8 2867  459.00000  321.32300  30.0%   445 5456s
  5332  2789  321.32300  679 3370  459.00000  321.32300  30.0%   445 5485s
  5333  2789  321.32300  151 4523  459.00000  321.32300  30.0%   445 5520s
  5334  2790  332.60533  936 4330  459.00000  321.32300  30.0%   445 5549s
  5335  2791  321.32300   96 4266  459.00000  321.32300  30.0%   445 5581s
  5336  2791  321.32300  263 4301  459.00000  321.32300  30.0%   445 5611s
  5337  2792  374.87300  303 2860  459.00000  321.32300  30.0%   445 5642s
  5338  2793  321.32300   75 4702  459.00000  321.32300  30.0%   445 5664s
  5339  2793  326.67577  790 2977  459.00000  321.32300  30.0%   445 5688s
  5340  2794  356.69443 1187 5399  459.00000  321.32300  30.0%   445 5717s
  5341  2795  330.76947  893 5016  459.00000  321.32300  30.0%   445 5752s
  5342  2795  321.32300  704 7515  459.00000  321.32300  30.0%   445 5779s
  5343  2796  365.41991 1230 2054  459.00000  321.32300  30.0%   444 5797s
  5344  2797  333.28866  891 4994  459.00000  321.32300  30.0%   444 5814s
  5345  2797  374.27000  428 3704  459.00000  321.32300  30.0%   444 5902s
  5346  2798  345.44388  671 5345  459.00000  321.32300  30.0%   444 5920s
  5347  2799  385.73788  541 5266  459.00000  321.32300  30.0%   444 5941s
  5348  2799  326.61502  828 5637  459.00000  321.32300  30.0%   444 5961s
  5349  2800  321.32300  177 5774  459.00000  321.32300  30.0%   444 5984s
  5350  2801  321.32300  109 6602  459.00000  321.32300  30.0%   444 5999s
  5351  2801  321.32300  586 4379  459.00000  321.32300  30.0%   444 6029s
  5352  2802  392.02242  580 4855  459.00000  321.32300  30.0%   444 6042s
  5353  2803  321.32300  705 3007  459.00000  321.32300  30.0%   444 6065s
  5354  2803  394.25991 1192 4445  459.00000  321.32300  30.0%   444 6077s
  5355  2804  322.04895   41 4379  459.00000  321.32300  30.0%   444 6096s
  5356  2805  321.32300  422 5118  459.00000  321.32300  30.0%   443 6106s
  5357  2805  321.32300  104 3785  459.00000  321.32300  30.0%   443 6135s
  5358  2806  322.44189  360 7765  459.00000  321.32300  30.0%   443 6153s
  5359  2807  321.32300   23 5194  459.00000  321.32300  30.0%   443 6169s
  5360  2807  321.32300  308 6005  459.00000  321.32300  30.0%   443 6184s
  5361  2808  373.28931  514 3935  459.00000  321.32300  30.0%   443 6197s
  5362  2809  321.32300  747 5782  459.00000  321.32300  30.0%   443 6209s
  5363  2809  459.00000  361 3821  459.00000  321.32300  30.0%   443 6224s
  5364  2810  365.44901 1245 4398  459.00000  321.32300  30.0%   443 6239s
  5365  2811  459.00000  416 3579  459.00000  321.32300  30.0%   443 6265s
  5366  2811  407.82354  284 5466  459.00000  321.32300  30.0%   443 6276s
  5367  2812  321.32300  604 5517  459.00000  321.32300  30.0%   443 6293s
  5368  2813  369.91634  623 5319  459.00000  321.32300  30.0%   442 6303s
  5369  2813  339.58084  267 1566  459.00000  321.32300  30.0%   442 6321s
  5370  2814  328.70095  464 3462  459.00000  321.32300  30.0%   442 6329s
  5371  2815  357.62416 1140 5506  459.00000  321.32300  30.0%   442 6351s
  5372  2815  321.32300   46 7617  459.00000  321.32300  30.0%   442 6363s
  5373  2816  323.52592  237 5406  459.00000  321.32300  30.0%   442 6393s
  5374  2817  321.32300  229 5828  459.00000  321.32300  30.0%   442 6404s
  5375  2817  375.25837  398 7450  459.00000  321.32300  30.0%   442 6430s
  5376  2818  459.00000  447 6276  459.00000  321.32300  30.0%   442 6440s
  5377  2819  405.73734  376 4352  459.00000  321.32300  30.0%   442 6457s
  5378  2819  321.32300   14 6324  459.00000  321.32300  30.0%   442 6473s
  5379  2820  321.32300  540 5919  459.00000  321.32300  30.0%   442 6501s
  5380  2821  321.32300  167 5934  459.00000  321.32300  30.0%   441 6514s
  5381  2821  321.32300   43 5232  459.00000  321.32300  30.0%   441 6531s
  5382  2822  430.61338  383 5482  459.00000  321.32300  30.0%   441 6539s
  5383  2823  402.54007  322 4441  459.00000  321.32300  30.0%   441 6558s
  5384  2823  322.42627  379 7417  459.00000  321.32300  30.0%   441 6570s
  5385  2824  321.32300  251 4287  459.00000  321.32300  30.0%   441 6583s
  5386  2825  459.00000  325 4790  459.00000  321.32300  30.0%   441 6597s
  5387  2825  399.07788 1377 4292  459.00000  321.32300  30.0%   441 6616s
  5388  2826  402.54007  321 4323  459.00000  321.32300  30.0%   441 6626s
  5389  2827  367.05914  398 4959  459.00000  321.32300  30.0%   441 6648s
  5390  2827  324.59298  317 6431  459.00000  321.32300  30.0%   441 6658s
  5391  2828  321.32300   11 5927  459.00000  321.32300  30.0%   441 6683s
  5392  2829  321.32300   81 8674  459.00000  321.32300  30.0%   440 6700s
  5393  2829  321.32300  256 5565  459.00000  321.32300  30.0%   440 6722s
  5394  2830  356.95519 1188 6811  459.00000  321.32300  30.0%   440 6735s
  5395  2831  459.00000  331 4420  459.00000  321.32300  30.0%   440 6759s
  5396  2831  390.20663 1319 6843  459.00000  321.32300  30.0%   440 6774s
  5397  2832  324.89164  732 4287  459.00000  321.32300  30.0%   440 6791s
  5398  2833  321.32300   89 6630  459.00000  321.32300  30.0%   440 6806s
  5399  2833  343.10952   80 4129  459.00000  321.32300  30.0%   440 6830s
  5400  2834  321.32300  288 6164  459.00000  321.32300  30.0%   440 6846s
  5401  2835  334.03116  276 5004  459.00000  321.32300  30.0%   440 6867s
  5402  2835  321.32300   67 6211  459.00000  321.32300  30.0%   440 6884s
  5403  2836  323.37578  116 5214  459.00000  321.32300  30.0%   440 6904s
  5404  2837  321.32300  140 8133  459.00000  321.32300  30.0%   439 6920s
  5405  2837  322.37744  367 6187  459.00000  321.32300  30.0%   439 6939s
  5406  2838  321.32300  136 6341  459.00000  321.32300  30.0%   439 6954s
  5407  2839  321.32300  391 5473  459.00000  321.32300  30.0%   439 6979s
  5408  2839  321.32300   45 4498  459.00000  321.32300  30.0%   439 6989s
  5409  2840  441.37887 1390 2884  459.00000  321.32300  30.0%   439 7067s
  5410  2841  321.32300   73 4163  459.00000  321.32300  30.0%   439 7079s
  5411  2841  326.24094  779 4196  459.00000  321.32300  30.0%   439 7098s
  5412  2842  321.32300  441 4206  459.00000  321.32300  30.0%   439 7109s
  5413  2843  321.32300  621 4516  459.00000  321.32300  30.0%   439 7129s
  5414  2843  459.00000  442 3501  459.00000  321.32300  30.0%   439 7148s
  5415  2844  321.32300   25 3501  459.00000  321.32300  30.0%   439 7155s
  5416  2848  321.32300   32 5225  459.00000  321.32300  30.0%   598 7171s
  5418  2851  321.32300   33 4913  459.00000  321.32300  30.0%   599 7185s
  5422  2853  321.32300   34 6447  459.00000  321.32300  30.0%   600 7200s

Cutting planes:
  Gomory: 7
  Cover: 79
  Implied bound: 39
  Projected implied bound: 28
  Clique: 23
  MIR: 32
  StrongCG: 2
  Flow cover: 123
  GUB cover: 69
  Zero half: 21
  RLT: 69
  Relax-and-lift: 25

Explored 5425 nodes (3646261 simplex iterations) in 7200.03 seconds (5566.64 work units)
Thread count was 4 (of 8 available processors)

Solution count 10: 459 460.5 472.5 ... 554.2

Time limit reached
Best objective 4.590000000000e+02, best bound 3.214000000000e+02, gap 29.9782%
