
Gurobi 13.0.2 (linux64) logging started Sun Jun 28 09:44:44 2026

Set parameter LogFile to value "src/Resultados/Restriccion cota global/logs/RC205-25.xml_log.log"
Set parameter Threads to value 4
Gurobi Optimizer version 13.0.2 build v13.0.2rc1 (linux64 - "Rocky Linux 9.7 (Blue Onyx)")

CPU model: QEMU Virtual CPU version 2.5+, instruction set [SSE2]
Thread count: 8 physical cores, 8 logical processors, using up to 4 threads

Non-default parameters:
TimeLimit  7200
Threads  4

Optimize a model with 113086 rows, 66510 columns and 439185 nonzeros (Min)
Model fingerprint: 0xf72c861f
Model has 4515 linear objective coefficients
Variable types: 15360 continuous, 51150 integer (51135 binary)
Coefficient statistics:
  Matrix range     [1e+00, 2e+05]
  Objective range  [2e+00, 6e+01]
  Bounds range     [1e+00, 2e+03]
  RHS range        [1e+00, 2e+05]

Presolve removed 37455 rows and 120 columns
Presolve time: 2.49s
Presolved: 75631 rows, 66390 columns, 316065 nonzeros
Variable types: 375 continuous, 66015 integer (57885 binary)
Deterministic concurrent LP optimizer: primal and dual simplex
Showing primal log only...


Root simplex log...

Iteration    Objective       Primal Inf.    Dual Inf.      Time
   14266    4.2033334e+02   1.914205e+02   1.348245e+10      5s
   24924    3.7896633e+02   5.015495e+01   7.159643e+09     10s
   32834    3.6705074e+02   8.409805e+00   7.887080e+08     15s
   40215    3.0382042e+02   0.000000e+00   1.378939e+02     20s
   44977    3.0320000e+02   0.000000e+00   0.000000e+00     23s
Concurrent spin time: 4.76s (can be avoided by choosing Method=3)

Solved with primal simplex

Root relaxation: objective 3.032000e+02, 44977 iterations, 24.62 seconds (19.81 work units)

    Nodes    |    Current Node    |     Objective Bounds      |     Work
 Expl Unexpl |  Obj  Depth IntInf | Incumbent    BestBd   Gap | It/Node Time

     0     0  303.20000    0 4980          -  303.20000      -     -   58s
     0     0  303.20000    0 4529          -  303.20000      -     -   59s
     0     0  303.20000    0 11113          -  303.20000      -     -   94s
     0     0  303.20000    0 15886          -  303.20000      -     -  119s
     0     0  303.20000    0 15886          -  303.20000      -     -  119s
     0     0  303.20000    0 4770          -  303.20000      -     -  165s
     0     0  303.20000    0 11551          -  303.20000      -     -  223s
     0     0  303.20000    0 16015          -  303.20000      -     -  229s
     0     0  303.20000    0 16015          -  303.20000      -     -  229s
     0     0  303.20000    0 5481          -  303.20000      -     -  246s
     0     0  303.20000    0 12650          -  303.20000      -     -  264s
     0     0  303.20000    0 16760          -  303.20000      -     -  276s
     0     0  303.20000    0 16760          -  303.20000      -     -  277s
     0     0  303.20000    0 8094          -  303.20000      -     -  290s
     0     0  303.20000    0 10282          -  303.20000      -     -  306s
     0     0  303.20000    0 10281          -  303.20000      -     -  306s
     0     0  303.51197    0 12512          -  303.51197      -     -  312s
     0     0  303.51197    0 5103          -  303.51197      -     -  322s
     0     0  303.51197    0 5188          -  303.51197      -     -  331s
     0     0  303.51197    0 5102          -  303.51197      -     -  332s
     0     0  306.60276    0 9767          -  306.60276      -     -  336s
     0     0  306.60276    0 10177          -  306.60276      -     -  337s
     0     0  306.76729    0 10904          -  306.76729      -     -  348s
     0     0  306.76729    0 9093          -  306.76729      -     -  350s
     0     0  306.86470    0 10206          -  306.86470      -     -  356s
     0     0  306.95623    0 13517          -  306.95623      -     -  359s
     0     0  306.95623    0 11713          -  306.95623      -     -  359s
     0     0  309.54814    0 13012          -  309.54814      -     -  368s
     0     0  309.54814    0 13248          -  309.54814      -     -  369s
     0     0  309.54814    0 13206          -  309.54814      -     -  377s
     0     0  309.54814    0 13382          -  309.54814      -     -  379s
     0     0  309.54814    0 13018          -  309.54814      -     -  387s
     0     0  309.54814    0 9023          -  309.54814      -     -  413s
     0     0  309.54814    0 7833          -  309.54814      -     -  429s
     0     0  309.58126    0 10632          -  309.58126      -     -  436s
     0     0  309.58126    0 10309          -  309.58126      -     -  447s
     0     0  309.58126    0 6941          -  309.58126      -     -  450s
     0     0  309.77832    0 8991          -  309.77832      -     -  455s
     0     0  309.77832    0 9277          -  309.77832      -     -  457s
     0     0  312.42068    0 11492          -  312.42068      -     -  461s
     0     0  312.42068    0 11493          -  312.42068      -     -  461s
     0     0  312.44320    0 10268          -  312.44320      -     -  463s
     0     0  312.44320    0 7741          -  312.44320      -     -  469s
     0     0  313.44818    0 7147          -  313.44818      -     -  472s
     0     0  313.45376    0 9790          -  313.45376      -     -  477s
     0     0  313.45376    0 9347          -  313.45376      -     -  478s
     0     0  313.46839    0 9114          -  313.46839      -     -  481s
     0     0  313.46893    0 10462          -  313.46893      -     -  483s
     0     0  313.90236    0 11721          -  313.90236      -     -  489s
     0     0  314.04125    0 11269          -  314.04125      -     -  491s
     0     0  314.12458    0 12194          -  314.12458      -     -  496s
     0     0  314.22458    0 11171          -  314.22458      -     -  498s
     0     0  314.26411    0 10655          -  314.26411      -     -  499s
     0     0  314.28724    0 11937          -  314.28724      -     -  500s
     0     0  314.28724    0 11682          -  314.28724      -     -  501s
     0     0  314.28724    0 10555          -  314.28724      -     -  505s
     0     0  314.34419    0 10635          -  314.34419      -     -  507s
     0     0  314.34419    0 9984          -  314.34419      -     -  507s
     0     0  314.34419    0 10200          -  314.34419      -     -  511s
     0     0  314.62005    0 14008          -  314.62005      -     -  514s
     0     0  314.62948    0 10935          -  314.62948      -     -  517s
     0     0  314.62948    0 10161          -  314.62948      -     -  518s
     0     0  315.20000    0 8844          -  315.20000      -     -  524s
     0     0  315.20000    0 9127          -  315.20000      -     -  525s
     0     0  315.22847    0 10324          -  315.22847      -     -  530s
     0     0  315.23391    0 9511          -  315.23391      -     -  532s
     0     0  315.35407    0 6650          -  315.35407      -     -  537s
     0     0  315.35529    0 6068          -  315.35529      -     -  539s
     0     0  315.39924    0 7737          -  315.39924      -     -  542s
     0     0  315.39978    0 7412          -  315.39978      -     -  543s
     0     0  315.48104    0 10393          -  315.48104      -     -  548s
     0     0  315.49160    0 9967          -  315.49160      -     -  551s
     0     0  315.49160    0 8636          -  315.49160      -     -  553s
     0     0  315.49307    0 11917          -  315.49307      -     -  558s
     0     0  315.51209    0 11834          -  315.51209      -     -  560s
     0     0  315.51277    0 10666          -  315.51277      -     -  562s
     0     0  315.51281    0 7721          -  315.51281      -     -  567s
     0     0  315.51281    0 8029          -  315.51281      -     -  569s
     0     0  315.51385    0 10934          -  315.51385      -     -  572s
     0     0  315.51385    0 10934          -  315.51385      -     -  574s
     0     0  315.51385    0 7716          -  315.51385      -     -  597s
     0     2  315.51385    0 7716          -  315.51385      -     -  621s
     3     8  315.81385    2 4799          -  315.51385      -   764  625s
    27    32  315.82259    8 6190          -  315.74718      -   406  630s
    31    41  315.82259    9 5417          -  315.74718      -   401  641s
    51    57  316.45593   13 8316          -  315.74718      -   478  646s
    71    77  316.45918   17 7655          -  315.74718      -   488  651s
    86    95  316.46872   21 8554          -  315.74718      -   448  658s
    94    99  316.46872   24 8755          -  315.74718      -   469  662s
    98   104  316.46872   25 8861          -  315.74718      -   473  665s
   110   114  316.58461   31 9799          -  315.74718      -   486  671s
   118   126  316.59931   33 10624          -  315.74718      -   505  676s
   131   135  316.60420   38 8182          -  315.74718      -   492  682s
   135   139  316.60568   39 7815          -  315.74718      -   499  685s
   139   146  316.60568   40 8251          -  315.74718      -   505  690s
   151   165  316.75123   42 8362          -  315.74718      -   500  695s
   166   173  316.78197   48 10309          -  315.74718      -   491  700s
   183   192  319.01758   50 12351          -  315.74718      -   479  707s
   193   204  317.43331   54 16432          -  315.74718      -   477  711s
   205   210  317.43514   60 19927          -  315.74718      -   462  715s
   211   221  317.48078   61 21628          -  315.74718      -   460  721s
   222   228  317.49295   62 18048          -  315.74718      -   460  726s
   229   235  317.78821   66 8350          -  315.74718      -   455  745s
   236   258  317.94976   67 8351          -  315.74718      -   449  760s
   281   281  337.02578   73 14530          -  315.74718      -   424  772s
   286   302  337.87556   74 12399          -  315.74718      -   419  777s
   307   329  337.48481   75 16082          -  315.74718      -   402  780s
   336   333  337.53431   76 14046          -  315.74718      -   373  790s
   340   358  337.56412   77 11983          -  315.74718      -   370  798s
   365   372  337.91479   81 11943          -  315.74718      -   358  808s
   379   379  344.42812   83 8978          -  315.74718      -   354  822s
   390   385 infeasible   84               -  315.74718      -   369  932s
   406   415  317.64992    6 7147          -  315.74843      -   364  940s
   440   450  317.67791   15 8045          -  315.74843      -   365 1003s
   487   485  317.67791   27 6942          -  315.74992      -   356 1011s
   526   524  317.81454   46 7113          -  315.74992      -   350 1021s
   575   610  317.81454   73 7106          -  315.74992      -   344 1029s
   661   667  317.81454  102 7134          -  315.74992      -   305 1041s
   718   721  319.28485  123 5855          -  315.74992      -   296 1052s
   772   813 infeasible  132               -  315.74992      -   293 1060s
   866   921  325.93335  170 5027          -  315.74992      -   268 1067s
   976   999  327.89579  211 6084          -  315.74992      -   243 1075s
  1067  1000  332.70915   59 7716          -  315.74992      -   228 1122s
  1069  1001  316.58461   32 3433          -  315.74992      -   227 1209s
  1070  1002  317.81454   86 3913          -  315.74992      -   227 1235s
  1071  1003  332.92382   24 3556          -  315.74992      -   227 1270s
  1072  1003  318.45135   38 4266          -  315.74992      -   227 1282s
  1073  1004  317.81454   40 3212          -  315.74992      -   226 1329s
  1074  1005  327.49458  186 2941          -  315.74992      -   226 1354s
  1075  1005  317.81454   96 4853          -  315.74992      -   226 1379s
  1076  1006  332.76968   49 6231          -  315.74992      -   226 1390s
  1077  1007  333.10356   78 7397          -  315.74992      -   226 1403s
  1078  1007  318.23197   50 7072          -  315.74992      -   225 1412s
  1079  1008  324.17626   63 6495          -  316.01082      -   225 1419s
  1080  1009  325.29199  156 6334          -  316.34189      -   225 1424s
  1081  1009  325.96968   17 6387          -  316.34189      -   225 1461s
  1082  1010  317.66315    9 4712          -  317.10090      -   225 1488s
  1083  1011  333.26432   47 7918          -  317.10268      -   224 1503s
  1084  1011  327.52997  180 6966          -  317.10268      -   224 1519s
  1085  1012  328.75203  196 6217          -  317.51903      -   224 1540s
  1087  1013  343.16388  237 6479          -  317.55490      -   224 1545s
  1088  1014  317.67791   23 7739          -  317.55490      -   223 1559s
  1089  1015  347.57508  243 2760          -  317.92756      -   223 1582s
  1091  1016  324.09940   72 2876          -  318.02442      -   223 1596s
  1092  1017  319.43733  131 6180          -  318.26936      -   222 1618s
  1093  1017  347.25066  244 6301          -  318.28378      -   222 1623s
  1095  1019  325.50933   83 5560          -  318.30559      -   222 1639s
  1096  1019  332.75190  135 6017          -  319.10067      -   222 1656s
  1099  1021  319.15545   12 6223          -  319.15545      -   221 1670s
  1100  1022  323.49321   59 5294          -  319.36764      -   221 1707s
  1101  1023  321.78926  125 4894          -  319.36769      -   221 1716s
  1102  1023  345.42195   77 5635          -  319.38732      -   220 1734s
  1104  1025  333.11022   86 5117          -  319.40418      -   220 1735s
  1105  1025  328.44982  253 5207          -  319.40481      -   220 1744s
  1106  1026  319.52286   17 5018          -  319.52286      -   220 1764s
  1107  1027  319.68228   76 5026          -  319.68228      -   219 1766s
  1110  1029  320.66454   48 5310          -  319.73770      -   219 1770s
  1111  1029  323.13061   48 5904          -  319.73788      -   219 1782s
  1112  1030  319.77305  108 6262          -  319.77305      -   218 1799s
  1113  1031  325.71210  125 6704          -  319.77305      -   218 1800s
  1114  1031  323.11585   13 6282          -  319.77305      -   218 1817s
  1115  1032  338.00718  232 5143          -  320.19850      -   218 1832s
  1119  1035  325.29199  155 4911          -  320.23367      -   217 1843s
  1120  1035  320.24597   46 5634          -  320.24597      -   217 1859s
  1121  1036  320.25138   36 4458          -  320.25138      -   217 1860s
  1125  1039  325.68932  135 5561          -  320.27424      -   216 1872s
  1126  1039  326.71737  162 5284          -  320.27558      -   216 1888s
  1128  1041  320.32639   59 5284          -  320.32639      -   215 1890s
  1131  1043  327.49458  187 6112          -  320.35386      -   215 1906s
  1132  1043  320.36245   47 5635          -  320.36245      -   215 1924s
  1133  1044  320.37018   41 4438          -  320.37018      -   214 1939s
  1134  1045  320.69246   21 5109          -  320.37068      -   214 1950s
  1135  1045  323.13061   24 5176          -  320.45492      -   214 1967s
  1136  1046  320.47997  115 6774          -  320.47997      -   214 1978s
  1137  1047  322.93333   36 6272          -  320.47998      -   214 1987s
  1138  1047  327.89307  142 5169          -  320.50381      -   213 2005s
  1142  1050  323.49321   61 5131          -  320.53145      -   213 2021s
  1143  1051  320.55156  113 5170          -  320.55156      -   213 2051s
  1147  1053  328.46149  259 5805          -  320.58384      -   212 2061s
  1148  1054  320.59476   10 4544          -  320.59476      -   212 2080s
  1149  1055  328.55262  255 4618          -  320.59998      -   211 2087s
  1150  1055  340.01975   92 4664          -  320.59999      -   211 2098s
  1151  1056  320.62519   58 4319          -  320.62519      -   211 2114s
  1153  1057  326.53987  126 4805          -  320.63169      -   211 2115s
  1157  1060  326.22037  143 6256          -  320.64849      -   210 2134s
  1158  1061  320.67274   24 6173          -  320.67274      -   210 2148s
  1159  1061  320.67652   52 6642          -  320.67652      -   210 2150s
  1160  1062  324.17626   63 6357          -  320.67652      -   209 2165s
  1161  1063  331.93684  215 5609          -  320.67652      -   209 2184s
  1162  1063  330.29307  235 6459          -  320.68111      -   209 2186s
  1163  1064  320.68111   49 6279          -  320.68111      -   209 2197s
  1164  1065  337.88675   75 5444          -  320.70602      -   209 2210s
  1166  1066  324.98620   80 6657          -  320.72278      -   208 2215s
  1167  1067  332.70915   59 6836          -  320.72278      -   208 2227s
  1168  1067  323.27654   55 6277          -  320.72278      -   208 2243s
  1169  1068  320.72278   32 4985          -  320.72278      -   208 2256s
  1170  1069  320.72278   86 5472          -  320.72278      -   208 2270s
  1171  1069  332.92382   24 5556          -  320.72286      -   207 2277s
  1172  1070  320.73026   38 6409          -  320.73026      -   207 2293s
  1173  1071  320.73131   40 6277          -  320.73131      -   207 2301s
  1174  1071  327.49458  186 6190          -  320.73240      -   207 2313s
  1175  1072  320.74142   96 6731          -  320.74142      -   207 2315s
  1176  1073  332.76968   49 6404          -  320.74142      -   207 2324s
  1177  1073  333.10356   78 6213          -  320.75973      -   206 2340s
  1180  1075  325.29199  156 6679          -  320.82968      -   206 2351s
  1181  1076  325.96968   17 6983          -  320.90970      -   206 2367s
  1183  1077  333.26432   47 6829          -  320.91875      -   205 2379s
  1184  1078  327.52997  180 6429          -  320.91895      -   205 2396s
  1185  1079  328.75203  196 8034          -  320.91895      -   205 2420s
  1186  1079  321.03138   61 5708          -  321.03138      -   205 2440s
  1187  1080  343.16388  237 6031          -  321.06267      -   205 2447s
  1189  1081  347.57508  243 3895          -  321.13585      -   204 2451s
  1192  1083  321.16080  131 4527          -  321.16080      -   204 2464s
  1193  1084  347.25066  244 5247          -  321.16080      -   204 2474s
  1194  1085  325.69433  160 5376          -  321.16133      -   203 2478s
  1195  1085  325.50933   83 6328          -  321.22795      -   203 2492s
  1199  1088  321.25092   12 6266          -  321.25092      -   203 2495s
  1200  1089  323.49321   59 6259          -  321.25123      -   202 2503s
  1201  1089  321.78926  125 4486          -  321.29111      -   202 2514s
  1202  1090  345.42195   77 6048          -  321.33472      -   202 2515s
  1205  1092  328.44982  253 5173          -  321.34802      -   202 2522s
  1206  1093  321.35695   17 5349          -  321.35695      -   201 2534s
  1207  1093  321.36658   76 5890          -  321.36658      -   201 2535s
  1209  1095  321.72385   47 5149          -  321.37030      -   201 2540s
  1210  1095  321.37654   48 4551          -  321.37654      -   201 2550s
  1213  1097  325.71210  125 6412          -  321.39644      -   200 2557s
  1214  1098  323.11585   13 6879          -  321.40391      -   200 2564s
  1216  1099  321.40662   19 6260          -  321.40662      -   200 2569s
  1217  1100  323.13061   41 6961          -  321.41420      -   200 2579s
  1218  1101  321.41563   24 6155          -  321.41563      -   199 2580s
  1219  1101  325.29199  155 6068          -  321.41597      -   199 2586s
  1220  1102  321.41670   46 6329          -  321.41670      -   199 2595s
  1221  1103  321.41707   36 6951          -  321.41707      -   199 2600s
  1222  1103  325.58070  109 6877          -  321.42248      -   199 2610s
  1225  1107  325.68932  135 7716          -  321.42248      -   944 2625s
  1227  1108  362.08713   37 3546          -  321.42248      -   942 2705s
  1228  1109  321.42273   59 4400          -  321.42273      -   941 2733s
  1229  1110  336.92288  125 4512          -  321.42273      -   941 2747s
  1230  1110  321.42273  125 3961          -  321.42273      -   940 2755s
  1231  1111  327.49458  187 3007          -  321.42273      -   939 2761s
  1232  1112  321.42273   47 3994          -  321.42273      -   938 2765s
  1233  1112  321.42273   41 3697          -  321.42273      -   938 2776s
  1234  1113  321.42273   21 4704          -  321.42273      -   937 2780s
  1235  1114  323.13061   24 5208          -  321.42273      -   936 2788s
  1236  1114  321.42273  115 4574          -  321.42273      -   935 2790s
  1237  1115  322.93333   36 4108          -  321.42273      -   935 2806s
  1238  1116  327.89307  142 4078          -  321.42273      -   934 2810s
  1240  1117  328.46149  259 5661          -  321.42273      -   932 2818s
  1241  1118  321.42273   10 4861          -  321.42273      -   932 2822s
  1242  1118  323.49321   61 5344          -  321.42273      -   931 2825s
  1244  1120  325.69433  160 5979          -  321.42273      -   929 2834s
  1245  1120  322.71385    8 4888          -  321.42273      -   929 2838s
  1246  1121  327.00976  136 4375          -  321.42273      -   928 2840s
  1250  1124  340.01975   92 6333          -  321.42273      -   925 2845s
  1255  1127  321.42273   76 7568          -  321.42273      -   921 2874s
  1256  1128  347.57508  243 7865          -  321.43490      -   920 2895s
  1258  1129  321.43632   24 7755          -  321.43632      -   919 2907s
  1259  1130  321.43632   52 7737          -  321.43632      -   918 2927s
  1262  1132  330.29307  235 6993          -  321.44789      -   916 2937s
  1263  1132  321.45468   49 7097          -  321.45468      -   915 2952s
  1264  1133  337.88675   75 6915          -  321.45468      -   915 2967s
  1265  1134  323.64749   60 6906          -  321.46600      -   914 2986s
  1266  1134  324.98620   80 6922          -  321.46976      -   913 2996s
  1268  1136  323.27654   55 7438          -  321.47138      -   912 3007s
  1269  1136  321.48876   32 7397          -  321.48876      -   911 3022s
  1270  1137  321.49676   86 7267          -  321.49676      -   910 3033s
  1272  1138  321.49972   38 6983          -  321.49972      -   909 3042s
  1273  1139  321.57982   40 6967          -  321.57982      -   908 3061s
  1275  1140  321.59186   96 6980          -  321.59186      -   907 3074s
  1276  1141  332.76968   49 6970          -  321.62933      -   906 3106s
  1277  1142  333.10356   78 7177          -  321.63379      -   905 3118s
  1279  1143  324.17626   63 6645          -  321.64127      -   904 3139s
  1280  1144  325.29199  156 6156          -  321.65965      -   903 3162s
  1281  1144  325.96968   17 6069          -  321.65965      -   902 3181s
  1282  1145  321.65965    9 5854          -  321.65965      -   902 3199s
  1283  1146  333.26432   47 6004          -  321.69032      -   901 3204s
  1287  1148  343.16388  237 6390          -  321.70782      -   898 3219s
  1288  1149  321.72070   23 6018          -  321.72070      -   898 3235s
  1289  1150  347.57508  243 6285          -  321.73508      -   897 3245s
  1293  1152  347.25066  244 6598          -  321.74420      -   894 3259s
  1294  1153  325.69433  160 6640          -  321.77120      -   893 3328s
  1295  1154  325.50933   83 6700          -  321.78041      -   893 3395s
  1297  1155  323.49321   61 6708          -  321.78207      -   891 3406s
  1298  1156  321.87160   55 6585          -  321.87160      -   891 3424s
  1299  1156  321.88763   12 6645          -  321.88763      -   890 3425s
  1301  1158  321.89080  125 6655          -  321.89080      -   889 3431s
  1302  1158  345.42195   77 6710          -  321.90392      -   888 3450s
  1305  1160  328.44982  253 6701          -  321.91894      -   886 3457s
  1306  1161  321.96498   17 6728          -  321.96498      -   885 3476s
  1308  1162  323.96791   78 6817          -  321.96695      -   884 3484s
  1309  1163  322.01915   47 6588          -  322.01915      -   883 3501s
  1310  1164  322.01915   48 6540          -  322.01915      -   882 3508s
  1311  1164  323.13061   48 6639          -  322.02839      -   882 3524s
  1314  1166  323.11585   13 6667          -  322.04465      -   880 3525s
  1315  1167  338.00718  232 6681          -  322.04509      -   879 3531s
  1316  1168  322.05118   19 6651          -  322.05118      -   878 3552s
  1319  1170  325.29199  155 6829          -  322.06605      -   876 3559s
  1320  1170  322.07478   46 6778          -  322.07478      -   876 3577s
  1322  1172  325.58070  109 6809          -  322.08163      -   874 3583s
  1323  1172  323.33435   52 6826          -  322.09378      -   874 3599s
  1325  1174  325.68932  135 6825          -  322.10202      -   873 3606s
  1326  1174  326.71737  162 6847          -  322.11144      -   872 3623s
  1328  1176  322.13039   59 6788          -  322.13039      -   871 3629s
  1329  1176  336.92288  125 6941          -  322.15285      -   870 3648s
  1332  1178  322.16375   47 6999          -  322.16375      -   868 3655s
  1333  1179  322.17114   41 7020          -  322.17114      -   867 3672s
  1335  1180  323.13061   24 7019          -  322.17452      -   866 3679s
  1336  1181  322.18174  115 7039          -  322.18174      -   865 3697s
  1338  1182  327.89307  142 7072          -  322.18498      -   864 3703s
  1339  1183  397.51878   66 7229          -  322.18846      -   863 3722s
  1340  1184  328.46149  259 7238          -  322.18944      -   863 3729s
  1341  1184  322.19359   10 7326          -  322.19359      -   862 3748s
  1343  1186  322.19940  113 7302          -  322.19940      -   861 3756s
  1344  1186  325.69433  160 7103          -  322.24755      -   860 3775s
  1347  1188  328.46149  259 7220          -  322.30244      -   858 3782s
  1348  1189  322.32786   10 6855          -  322.32786      -   858 3799s
  1351  1191  322.34319   58 7301          -  322.34319      -   856 3806s
  1352  1192  338.27649  233 7316          -  322.34721      -   855 3824s
  1353  1192  326.53987  126 7131          -  322.34793      -   854 3831s
  1354  1193  323.73172   62 7005          -  322.41964      -   854 3853s
  1357  1195  326.22037  143 6966          -  322.44731      -   852 3859s
  1358  1196  322.45681   24 7203          -  322.45681      -   851 3878s
  1360  1197  324.17626   63 7222          -  322.46078      -   850 3885s
  1361  1198  331.93684  215 7263          -  322.49856      -   849 3903s
  1365  1200  323.64749   60 7368          -  322.52361      -   847 3912s
  1366  1201  324.98620   80 7320          -  322.55249      -   846 3932s
  1368  1202  323.27654   55 7447          -  322.55689      -   845 3940s
  1369  1203  322.57016   32 7317          -  322.57016      -   844 3962s
  1371  1204  332.92382   24 7145          -  322.57166      -   843 3968s
  1372  1205  322.57692   38 6993          -  322.57692      -   843 3982s
  1374  1206  327.49458  186 7083          -  322.57887      -   841 3985s
  1375  1207  322.57893   96 7220          -  322.57893      -   841 3998s
  1376  1208  332.76968   49 7063          -  322.57893      -   840 4001s
  1377  1208  333.10356   78 6045          -  322.57893      -   840 4017s
  1378  1209  322.57893   50 6196          -  322.57893      -   839 4020s
  1379  1210  324.17626   63 6076          -  322.57893      -   838 4035s
  1380  1210  325.29199  156 6076          -  322.57893      -   838 4054s
  1381  1211  325.96968   17 6076          -  322.57893      -   837 4072s
  1382  1215  322.57893   27 5978          -  322.57893      -  1533 4099s
  1384  1218  322.57981   28 6232          -  322.57980      -  1532 4106s
  1388  1221  322.58236   29 6401          -  322.57981      -  1532 4112s
  1392  1223  322.58357   30 6358          -  322.57981      -  1529 4127s
  1396  1227  322.58458   31 6333          -  322.57981      -  1527 4143s
  1401  1229  323.63581   31 9246          -  322.57981      -  1533 4157s
  1405  1234  322.58782   32 6289          -  322.57981      -  1537 4199s
  1411  1238  322.73236   32 6205          -  322.57981      -  1534 4210s
  1417  1241  322.59604   33 6229          -  322.57981      -  1532 4217s
  1422  1243  330.95824   33 5527          -  322.57981      -  1530 4239s
  1426  1246  322.59604   34 6223          -  322.57981      -  1534 4257s
  1432  1249  324.18218   34 7119          -  322.57981      -  1534 4276s
  1437  1254  322.59794   35 6260          -  322.57981      -  1532 4293s
  1444  1258  324.81519   36 5428          -  322.57981      -  1532 4312s
  1450  1261  322.60337   38 6261          -  322.57981      -  1533 4321s
  1455  1266  322.62237   39 6209          -  322.57981      -  1534 4335s
  1462  1272  322.64957   40 6205          -  322.57981      -  1540 4352s
  1470  1275  322.65441   41 6203          -  322.57981      -  1541 4361s
  1476  1280  322.66486   42 6366          -  322.57981      -  1539 4377s
  1483  1288  322.67089   43 6436          -  322.57981      -  1537 4388s
  1493  1292  327.32054   44 6173          -  322.57981      -  1532 4410s
  1500  1298  324.15561   45 5857          -  322.57981      -  1531 4427s
  1509  1306  322.75670   47 6354          -  322.57981      -  1533 4444s
  1520  1308  322.75830   49 6139          -  322.57981      -  1529 4469s
  1527  1315  322.75830   50 6125          -  322.57981      -  1534 4482s
  1537  1322  322.76561   52 6545          -  322.57981      -  1531 4494s
  1547  1337  323.99552   53 8589          -  322.57981      -  1530 4504s
  1565  1344  325.17749   55 7592          -  322.57981      -  1522 4517s
  1578  1356  324.25013   56 7235          -  322.57981      -  1519 4529s
  1595  1361  322.82603   58 7578          -  322.57981      -  1517 4551s
  1605  1375  322.99790   60 7467          -  322.57981      -  1518 4565s
  1623  1377  323.07882   63 7414          -  322.57981      -  1511 4578s
  1631  1392  323.08710   64 7482          -  322.57981      -  1513 4599s
  1648  1395  327.78156   64 6102          -  322.57981      -  1508 4622s
  1657  1418  323.16595   66 7601          -  322.57981      -  1507 4665s
  1683  1421  326.40658   70 6288          -  322.57981      -  1501 4687s
  1695  1444  323.25854   72 7748          -  322.57981      -  1500 4726s
  1722  1446  323.37587   78 7867          -  322.57981      -  1489 4763s
  1733  1448  323.40290   81 8080          -  322.57981      -  1488 4837s
  1738  1454  323.42055   82 7655          -  322.57981      -  1486 4906s
  1746  1457  324.31482   84 7021          -  322.57981      -  1488 4983s
  1752  1462  327.26071   85 6998          -  322.57981      -  1486 5020s
  1759  1472  323.46563   87 7369          -  322.57981      -  1494 5049s
  1771  1487  323.47064   89 6018          -  322.57981      -  1493 5074s
  1790  1500  323.50200   93 6731          -  322.57981      -  1486 5099s
  1809  1563  323.50353   95 6815          -  322.57981      -  1477 5119s
  1879  1552  324.30786  105 7029          -  322.57981      -  1451 5151s
  1891  1576  326.12043  106 6392          -  322.57981      -  1450 5180s
  1919  1649  323.67961  108 7787          -  322.57981      -  1438 5290s
  2001  1658  331.83810  121 6927          -  322.57981      -  1420 5382s
  2038  1738  330.39334  124 6695          -  322.57981      -  1412 5408s
  2133  1755  324.20379  136 8478          -  322.57981      -  1385 5436s
  2206  1758  327.32614  141 7230          -  322.58236      -  1369 5473s
  2237  1798  331.11408  144 5842          -  322.58236      -  1371 5524s
  2295  1799  324.25828  153 7220          -  322.73342      -  1363 5556s
  2316  1853  326.57613  155 5226          -  322.73342      -  1368 5587s
  2377  1867  324.47503  169 8208          -  322.73342      -  1370 5630s
  2411  1875  325.01667  173 6283          -  322.73342      -  1374 5684s
  2430  1888  324.81103  175 7752          -  322.73342      -  1376 5721s
  2450  1952  324.99456  179 7374          -  322.73342      -  1378 5755s
  2520  1960  324.99467  183 6908          -  322.73342      -  1375 5799s
  2554  2003  325.00639  185 6911          -  322.73342      -  1375 5835s
  2608  2013  325.44760  190 5953          -  322.73342      -  1385 5878s
  2636  2018  326.25817  195 6371          -  322.73342      -  1397 5937s
  2650  2017  329.91422  195 4650          -  322.73342      -  1403 5991s
  2654  2033  326.25817  196 6024          -  322.73342      -  1402 6061s
  2671  2036  332.90979  196 3939          -  322.73342      -  1405 6119s
  2680  2061  326.25818  197 5998          -  322.73342      -  1407 6165s
  2711  2079  332.97345  197 3654          -  322.73342      -  1411 6251s
  2739  2111  326.25824  199 5939          -  322.73342      -  1421 6305s
  2785  2120  356.56374  206 8270          -  322.73342      -  1433 6437s
  2809  2119  356.64041  207 8228          -  322.73342      -  1434 6508s
  2816  2146  356.99922  208 8232          -  322.73342      -  1433 6569s
  2845  2244  360.45150  214 7806          -  322.73342      -  1438 6622s
  2955  2234  364.27547  251 2049          -  322.73342      -  1434 6766s
  2982  2234  361.22969  257 2863          -  322.73342      -  1440 6908s
  2991  2243  419.03730  257 2611          -  322.73342      -  1446 6991s
  3003  2249  361.23254  258 2862          -  322.73342      -  1448 7099s
  3013  2264  419.03855  258 2607          -  322.73342      -  1458 7164s
  3031  2266  361.24554  259 2832          -  322.73342      -  1462 7200s

Cutting planes:
  Gomory: 6
  Cover: 65
  Implied bound: 36
  Projected implied bound: 23
  Clique: 4
  MIR: 109
  StrongCG: 2
  Flow cover: 205
  GUB cover: 95
  Zero half: 60
  RLT: 71
  Relax-and-lift: 36

Explored 3039 nodes (4811831 simplex iterations) in 7200.05 seconds (7443.41 work units)
Thread count was 4 (of 8 available processors)

Solution count 0

Time limit reached
Best objective -, best bound 3.228000000000e+02, gap -
