
Gurobi 13.0.2 (linux64) logging started Sun Jun 28 21:46:48 2026

Set parameter LogFile to value "src/Resultados/Restriccion cota global/logs/RC208-25.xml_log.log"
Set parameter Threads to value 4
Gurobi Optimizer version 13.0.2 build v13.0.2rc1 (linux64 - "Rocky Linux 9.7 (Blue Onyx)")

CPU model: QEMU Virtual CPU version 2.5+, instruction set [SSE2]
Thread count: 8 physical cores, 8 logical processors, using up to 4 threads

Non-default parameters:
TimeLimit  7200
Threads  4

Optimize a model with 114697 rows, 67845 columns and 451275 nonzeros (Min)
Model fingerprint: 0x51e9b531
Model has 5490 linear objective coefficients
Variable types: 15450 continuous, 52395 integer (52380 binary)
Coefficient statistics:
  Matrix range     [1e+00, 2e+05]
  Objective range  [2e+00, 6e+01]
  Bounds range     [1e+00, 2e+03]
  RHS range        [1e+00, 2e+05]

Presolve removed 37650 rows and 120 columns
Presolve time: 2.91s
Presolved: 77047 rows, 67725 columns, 326370 nonzeros
Variable types: 375 continuous, 67350 integer (59220 binary)
Deterministic concurrent LP optimizer: primal and dual simplex
Showing primal log only...


Root simplex log...

Iteration    Objective       Primal Inf.    Dual Inf.      Time
   28072    3.8061666e+02   2.086411e+02   1.131082e+10      5s
   37203    3.8022425e+02   5.949426e+01   4.812081e+09     10s
   42219    3.3417442e+02   1.097231e+01   5.694929e+09     15s
   44763    3.3780204e+02   1.746225e+00   7.264183e+08     20s
   47350    3.2709537e+02   2.639733e-01   4.361665e+08     25s
   50058    2.8686503e+02   0.000000e+00   1.927420e+07     30s
   52633    2.7607878e+02   0.000000e+00   4.717404e+02     35s
   55045    2.7130000e+02   3.017284e+00   0.000000e+00     40s
   58481    2.7130000e+02   1.311635e+00   0.000000e+00     45s
Concurrent spin time: 0.00s

Solved with dual simplex

Root simplex log...

Iteration    Objective       Primal Inf.    Dual Inf.      Time
   44987    2.7130000e+02   0.000000e+00   0.000000e+00     48s

Root relaxation: objective 2.713000e+02, 44987 iterations, 44.24 seconds (35.83 work units)

    Nodes    |    Current Node    |     Objective Bounds      |     Work
 Expl Unexpl |  Obj  Depth IntInf | Incumbent    BestBd   Gap | It/Node Time

     0     0  271.30000    0 11320          -  271.30000      -     -   81s
     0     0  271.30000    0 14038          -  271.30000      -     -  100s
     0     0  271.30000    0 13929          -  271.30000      -     -  104s
     0     0  271.30000    0 12276          -  271.30000      -     -  113s
     0     0  271.30000    0 12276          -  271.30000      -     -  141s
     0     0  271.30000    0 12732          -  271.30000      -     -  151s
     0     0  271.30000    0 13334          -  271.30000      -     -  158s
     0     0  271.30000    0 7235          -  271.30000      -     -  202s
     0     0  271.30000    0 8754          -  271.30000      -     -  212s
     0     0  271.30000    0 8760          -  271.30000      -     -  212s
     0     0  271.30000    0 14259          -  271.30000      -     -  218s
     0     0  271.30000    0 14259          -  271.30000      -     -  218s
     0     0  271.30000    0 6253          -  271.30000      -     -  235s
     0     0  271.30000    0 6536          -  271.30000      -     -  239s
     0     0  271.30000    0 5753          -  271.30000      -     -  239s
     0     0  271.30000    0 12153          -  271.30000      -     -  246s
     0     0  271.30000    0 11767          -  271.30000      -     -  247s
     0     0  271.30000    0 4937          -  271.30000      -     -  266s
     0     0  271.30000    0 4772          -  271.30000      -     -  268s
     0     0  271.30000    0 16442          -  271.30000      -     -  281s
     0     0  271.30000    0 6391          -  271.30000      -     -  299s
     0     0  271.30000    0 7327          -  271.30000      -     -  309s
     0     0  271.30000    0 13267          -  271.30000      -     -  318s
     0     0  271.30000    0 8358          -  271.30000      -     -  329s
     0     0  271.30000    0 11669          -  271.30000      -     -  333s
     0     0  271.30000    0 19632          -  271.30000      -     -  342s
     0     0  271.30000    0 19631          -  271.30000      -     -  342s
     0     0  271.30000    0 19633          -  271.30000      -     -  342s
     0     0  271.30000    0 8735          -  271.30000      -     -  359s
     0     0  271.30000    0 8744          -  271.30000      -     -  364s
     0     0  271.30000    0 8744          -  271.30000      -     -  373s
     0     2  271.30000    0 8744          -  271.30000      -     -  420s
     3     6  271.30000    2 8740          -  271.30000      -   790  427s
    11    18  271.30000    4 9486          -  271.30000      -   365  431s
    34    35  271.30000    9 14712          -  271.30000      -   346  445s
    53    54  271.30000   13 17050          -  271.30000      -   439  461s
    58    59  271.30000   14 17050          -  271.30000      -   410  465s
    65    62  271.30000   16 18974          -  271.30000      -   385  470s
    70    65  271.30121   17 17060          -  271.30000      -   367  475s
    75    68  271.30121   18 17062          -  271.30000      -   351  480s
    80    71  271.30121   19 17060          -  271.30000      -   337  486s
    85    75  271.30121   20 17060          -  271.30000      -   324  495s
    93    83  271.30121   22 17060          -  271.30000      -   331  510s
    97    87  271.30131   23 17055          -  271.30000      -   317  520s
   101    90  271.30167   24 17053          -  271.30000      -   309  533s
   105    94  271.30192   25 17053          -  271.30000      -   324  542s
   109   110  271.30197   26 17052          -  271.30000      -   329  550s
   131   143  271.30197   27 17276          -  271.30000      -   322  563s
   164   191  271.30197   28 17088          -  271.30000      -   303  579s
   212   294  271.30198   29 17088          -  271.30000      -   241  596s
   315   443  271.30207   30 17091          -  271.30000      -   189  608s
   464   513  271.30245   63 17792          -  271.30000      -   146  616s
   534   747  271.30312   73 17711          -  271.30000      -   132  625s
   768   864  271.30587  138 17016          -  271.30000      -  97.4  630s
   885   979  271.30807  180 19057          -  271.30000      -  86.9  635s
  1000  1041  271.34959  222 17039          -  271.30000      -  79.2  640s
  1062  1092  271.36612  231 17013          -  271.30000      -  77.7  645s
  1187  1207  271.40744  259 16927          -  271.30000      -  73.1  655s
  1229  1262  271.45114  271 18983          -  271.30000      -  71.6  660s
  1284  1378  271.62562  279 19003          -  271.30000      -  69.3  668s
  1401  1535  288.50000  282 12795          -  271.30000      -  65.0  677s
  1558  1565  288.50000  287 12661          -  271.30000      -  59.9  682s
  1588  1720  288.50000  288 13775          -  271.30000      -  59.3  690s
  1743  1881  288.50000  292 13338          -  271.30000      -  54.9  700s
  1904  1972  288.50000  294 12937          -  271.30000      -  52.5  725s
  1995  2024  288.50000  296 12092          -  271.30000      -  52.0  758s
  2047  2078  290.02045  297 4835          -  271.30000      -  55.1  797s
  2101  2152  288.50000  297 11565          -  271.30000      -  54.4  832s
  2175  2241  288.50742  299 3427          -  271.30000      -  55.6  866s
  2264  2311  288.51395  332 7657          -  271.30000      -  55.3  912s
  2334  2424  288.51901  386 11884          -  271.30000      -  55.7  948s
  2447  2526  288.51985  462 11808          -  271.30000      -  54.8  986s
  2565  2634  288.52031  555 11964          -  271.30000      -  54.6 1020s
  2673  2818  288.52143  634 9885          -  271.30000      -  53.7 1052s
  2857  3007  288.52952  714 11025          -  271.30000      -  50.8 1086s
  3047  3226  288.73030  795 11026          -  271.30000      -  48.3 1132s
  3266  3569  288.83663  889 8733          -  271.30000      -  45.7 1154s
  3610  4058  288.92908 1030 10138          -  271.30000      -  43.1 1169s
  4101  4488  289.13350 1126 8687          -  271.30000      -  40.3 1184s
  4549  4798  289.51563 1252 7676          -  271.30000      -  38.8 1198s
  4864  4799  291.69622  609 8744          -  271.30000      -  39.2 1506s
  4866  4800  271.48457  275 10764          -  271.32256      -  39.2 1590s
  4867  4801  278.80000  377 9727          -  273.56833      -  39.2 1616s
  4868  4802  289.06447 1077 8207          -  274.70681      -  39.1 1674s
  4869  4802  280.10000  137 4845          -  274.75920      -  39.1 1703s
  4870  4803  300.40000  311 6022          -  275.27571      -  39.1 1733s
  4871  4804  288.61586  353 2786          -  275.57881      -  39.1 1757s
  4872  4804  280.49581  170 4270          -  275.74238      -  39.1 1779s
  4873  4805  280.62155  545 1359          -  276.02012      -  39.1 1798s
  4874  4806  276.02012   38 2837          -  276.02012      -  39.1 1834s
  4875  4806  276.35048   66  565          -  276.35048      -  39.1 1850s
  4876  4807  285.26493  611 1245          -  276.45762      -  39.1 1859s
  4877  4808  365.81000  728 1039          -  276.45762      -  39.1 1890s
  4878  4808  284.90930  411 3073          -  276.45762      -  39.1 1907s
  4879  4809  276.45762  173 1638          -  276.45762      -  39.1 1935s
  4880  4810  284.50000  568 3702          -  276.45762      -  39.1 1953s
  4881  4810  288.84800  901 2436          -  276.45762      -  39.0 2011s
  4882  4811  276.66667  380 3510          -  276.45762      -  39.0 2051s
  4883  4812  336.15473  923 2917          -  276.45762      -  39.0 2072s
  4884  4812  276.45762   94 5758          -  276.45762      -  39.0 2090s
  4885  4813  277.90000  421 1939          -  276.45762      -  39.0 2107s
  4886  4814  291.49580  865 2618          -  276.45762      -  39.0 2122s
  4887  4814  280.63646  107 4003          -  276.45763      -  39.0 2143s
  4890  4818  288.87451  823 8744          -  276.45763      -  98.8 2177s
  4892  4819  455.07440  820 11461          -  276.45763      -  98.8 2252s
  4893  4820  307.61156  650 3853          -  276.45763      -  98.7 2284s
  4894  4821  276.45763  114 3158          -  276.45763      -  98.7 2332s
  4895  4821  288.98484 1044 1559          -  276.45763      -  98.7 2375s
  4896  4822  280.76090  192 2511          -  276.45763      -  98.7 2437s
  4897  4823  280.60452  227  775          -  276.56762      -  98.7 2456s
  4898  4823  276.56762   37 2740          -  276.56762      -  98.6 2475s
  4899  4824  276.56762  100 1391          -  276.56762      -  98.6 2506s
  4900  4825  288.57553  576 2976          -  276.56762      -  98.6 2518s
  4901  4825  283.80000  183 3566          -  276.56762      -  98.6 2538s
  4902  4826  280.11354  120 3584          -  276.56762      -  98.6 2549s
  4903  4827  363.65463  711 1827          -  276.56762      -  98.5 2581s
  4904  4827  285.58244  737 2799          -  276.56762      -  98.5 2590s
  4905  4828  276.56762  224 5785          -  276.56762      -  98.5 2618s
  4906  4829  291.49544  524 6929          -  276.56762      -  98.5 2640s
  4907  4829  285.80000  641 3516          -  276.62552      -  98.5 2666s
  4908  4830  455.39120  903 3292          -  276.63281      -  98.4 2678s
  4909  4831  297.31519  895 3381          -  276.67105      -  98.4 2707s
  4910  4831  276.67137   30 4585          -  276.67137      -  98.4 2724s
  4911  4832  456.70766  914 5453          -  276.68029      -  98.4 2770s
  4912  4833  291.32966  345 8879          -  276.79103      -  98.4 2785s
  4913  4833  344.30456  950 6965          -  276.83973      -  98.3 2808s
  4914  4834  276.84022  270 7248          -  276.84022      -  98.3 2827s
  4915  4835  278.20000  185 5855          -  276.84838      -  98.3 2845s
  4916  4835  291.61060  769 6268          -  276.87521      -  98.3 2857s
  4917  4836  288.89574  832 5179          -  276.90054      -  98.3 2877s
  4918  4837  276.90158   43 5891          -  276.90158      -  98.2 2889s
  4919  4837  285.58244  757 6173          -  276.93308      -  98.2 2908s
  4920  4838  280.51346   94 6413          -  276.97326      -  98.2 2920s
  4921  4839  277.01125   89 6511          -  277.01125      -  98.2 2943s
  4922  4839  277.01125    9 6517          -  277.01125      -  98.2 2958s
  4923  4840  308.95636  820 7011          -  277.20022      -  98.1 2983s
  4924  4841  277.20140   48 6694          -  277.20140      -  98.1 3005s
  4925  4841  455.07440  783 4416          -  277.62053      -  98.1 3024s
  4926  4842  282.47210  399 4053          -  277.64176      -  98.1 3042s
  4927  4843  277.73068  296 3637          -  277.73068      -  98.1 3061s
  4928  4843  281.00802  526 4157          -  277.74404      -  98.0 3078s
  4929  4844  280.11354   91 4252          -  277.76031      -  98.0 3100s
  4930  4845  277.76031   37 4335          -  277.76031      -  98.0 3112s
  4931  4845  365.88651  756 4374          -  277.76031      -  98.0 3131s
  4932  4846  292.40000  647 4651          -  277.78250      -  98.0 3146s
  4933  4847  277.79452   61 4247          -  277.79452      -  97.9 3164s
  4934  4847  365.06832  720 5052          -  277.79452      -  97.9 3182s
  4935  4848  281.63656  392 4418          -  277.94542      -  97.9 3238s
  4936  4849  288.58055  460 3767          -  277.94542      -  97.9 3261s
  4937  4849  288.27168  206 4302          -  278.00571      -  97.9 3283s
  4938  4850  281.94755  175 3589          -  278.01550      -  97.8 3290s
  4939  4851  280.10000  108 3361          -  278.01656      -  97.8 3306s
  4940  4851  305.89663 1012 3971          -  278.02374      -  97.8 3323s
  4941  4852  306.33927  645 3721          -  278.02374      -  97.8 3339s
  4942  4853  281.55941  450 5189          -  278.02374      -  97.8 3357s
  4943  4853  292.41137  869 4483          -  278.03327      -  97.7 3377s
  4944  4854  280.10023   33 6550          -  278.03818      -  97.7 3404s
  4945  4855  278.03818   69 5847          -  278.03818      -  97.7 3422s
  4946  4855  279.06770  250 5248          -  278.12506      -  97.7 3437s
  4947  4856  365.85938  742 3629          -  278.16546      -  97.7 3453s
  4948  4857  280.49648  460 4623          -  278.16546      -  97.6 3469s
  4949  4857  278.20385  399 3047          -  278.20385      -  97.6 3488s
  4950  4858  278.20385   46 4399          -  278.20385      -  97.6 3514s
  4951  4859  289.38935 1170 3910          -  278.34161      -  97.6 3528s
  4952  4859  288.61866  495 5431          -  278.37125      -  97.6 3539s
  4953  4860  280.60597  253 2989          -  278.42500      -  97.5 3558s
  4954  4861  280.68312  468 4454          -  278.47009      -  97.5 3574s
  4955  4861  283.50000  486 2180          -  278.50219      -  97.5 3598s
  4956  4862  292.83999  870 4842          -  278.50622      -  97.5 3618s
  4957  4863  350.21436  923 1847          -  278.50622      -  97.5 3643s
  4958  4863  280.59999  503 3560          -  278.50622      -  97.4 3662s
  4959  4864  280.10951   61 2028          -  278.50622      -  97.4 3678s
  4960  4865  291.54255  645 4185          -  278.50754      -  97.4 3694s
  4961  4865  289.90558 1119 3585          -  278.52048      -  97.4 3724s
  4962  4866  289.03752  595 3819          -  278.52048      -  97.4 3737s
  4963  4867  288.77558  610 1174          -  278.52048      -  97.3 3760s
  4964  4867  291.69622  609 2665          -  278.52714      -  97.3 3773s
  4965  4868  288.68855  737 1286          -  278.54091      -  97.3 3793s
H 4965  4623                     366.9000000  278.54091  24.1%  97.3 3796s
  4966  4624  278.54091  275 5489  366.90000  278.54091  24.1%  97.3 3806s
  4967  4624  278.80000  377 2231  366.90000  278.54091  24.1%  97.3 3822s
  4968  4625  289.06447 1077 2184  366.90000  278.54091  24.1%  97.2 3832s
  4969  4626  280.10000  137 3025  366.90000  278.59091  24.1%  97.2 3853s
  4970  4626  300.40000  311 4151  366.90000  278.59091  24.1%  97.2 3868s
  4971  4627  288.61586  353 3201  366.90000  278.59091  24.1%  97.2 3895s
  4972  4628  280.49581  170 3703  366.90000  278.59091  24.1%  97.2 3910s
  4973  4628  280.62155  545 2357  366.90000  278.59091  24.1%  97.2 3925s
  4974  4629  278.59091   38 2707  366.90000  278.59091  24.1%  97.1 3939s
  4975  4630  278.59091   66 2862  366.90000  278.59091  24.1%  97.1 3951s
  4978  4633  284.90930  411 8744  366.90000  278.59091  24.1%   280 3984s
H 4979  4402                     365.1000000  278.59091  23.7%   280 4030s
H 4979  4182                     364.2000000  278.59091  23.5%   280 4033s
H 4979  3973                     300.8000000  278.59091  7.38%   280 4048s
H 4979  3774                     298.2000000  278.59091  6.58%   280 4048s
  4980  3774  284.50000  568 9380  298.20000  278.59091  6.58%   280 4070s
H 4980  3585                     296.5000000  278.59091  6.04%   280 4090s
  4981  3586  288.84800  901 5340  296.50000  278.59091  6.04%   279 4106s
  4982  3587  278.59091  380 7220  296.50000  278.59091  6.04%   279 4134s
  4983  3587  296.50000  923 4537  296.50000  278.59091  6.04%   279 4157s
  4984  3588  278.59091   94 6508  296.50000  278.59091  6.04%   279 4174s
  4985  3589  278.59091  421 3534  296.50000  278.59091  6.04%   279 4189s
  4986  3589  291.49580  865 4178  296.50000  278.59091  6.04%   279 4202s
  4987  3590  280.63646  107 2018  296.50000  278.59091  6.04%   279 4219s
H 4987  3410                     296.2000000  278.61852  5.94%   279 4220s
H 4987  3240                     295.4000000  278.61852  5.68%   279 4220s
  4988  3241  281.30000  117 4487  295.40000  278.61852  5.68%   279 4246s
  4989  3241  288.59579  386 2501  295.40000  278.63816  5.67%   279 4267s
  4990  3242  288.87451  823 5198  295.40000  278.69825  5.65%   279 4298s
  4991  3243  288.53502  637 1583  295.40000  278.70833  5.65%   279 4313s
  4992  3243  295.40000  820 2434  295.40000  278.70833  5.65%   279 4328s
  4993  3244  295.40000  650 3397  295.40000  278.70833  5.65%   279 4355s
H 4993  3081                     294.5000000  278.85000  5.31%   279 4356s
  4994  3082  278.85000  114 4178  294.50000  278.85000  5.31%   279 4390s
  4995  3082  288.98484 1044 2569  294.50000  278.85000  5.31%   279 4414s
  4996  3083  280.76090  192 2740  294.50000  278.86000  5.31%   279 4441s
  4997  3084  280.60452  227 2333  294.50000  278.86250  5.31%   279 4465s
  4998  3084  278.86667   37 3791  294.50000  278.86667  5.31%   279 4480s
  4999  3085  278.86667  100 1834  294.50000  278.86667  5.31%   278 4500s
  5000  3086  288.57553  576 2867  294.50000  278.86667  5.31%   278 4510s
  5001  3086  283.80000  183  932  294.50000  278.87500  5.31%   278 4522s
  5002  3087  280.11354  120 1667  294.50000  278.87500  5.31%   278 4532s
  5003  3088  294.50000  711 1778  294.50000  278.87500  5.31%   278 4547s
  5004  3088  285.58244  737 2443  294.50000  278.90000  5.30%   278 4556s
  5005  3089  278.90000  224  960  294.50000  278.90000  5.30%   278 4572s
  5006  3090  291.49544  524 1544  294.50000  278.90000  5.30%   278 4581s
  5007  3090  285.80000  641  995  294.50000  278.90000  5.30%   278 4602s
  5008  3091  294.50000  903 2886  294.50000  278.90000  5.30%   278 4609s
  5009  3092  294.50000  895 1148  294.50000  278.90000  5.30%   278 4622s
  5010  3092  278.90000   30 3762  294.50000  278.90000  5.30%   278 4630s
  5011  3093  294.50000  914 2082  294.50000  278.90000  5.30%   278 4658s
  5012  3094  291.32966  345 1928  294.50000  278.90000  5.30%   278 4663s
  5013  3094  294.50000  950 1312  294.50000  278.90000  5.30%   278 4678s
  5016  3098  291.61060  769 8744  294.50000  278.90000  5.30%   356 4706s
  5018  3099  278.90000   43 9550  294.50000  278.90000  5.30%   356 4801s
  5019  3100  285.58244  757 4878  294.50000  278.90000  5.30%   356 4820s
  5020  3101  280.51346   94 7541  294.50000  278.90000  5.30%   356 4852s
  5021  3101  278.90000   89 5931  294.50000  278.90000  5.30%   356 4879s
  5022  3102  278.90000    9 4126  294.50000  278.90000  5.30%   356 4914s
  5023  3103  294.50000  820  898  294.50000  278.90000  5.30%   356 4932s
  5024  3103  278.90000   48 3916  294.50000  278.90000  5.30%   356 4947s
  5025  3104  294.50000  783 1844  294.50000  278.90000  5.30%   356 4969s
  5026  3105  282.47210  399 1928  294.50000  278.90000  5.30%   356 4992s
  5027  3105  278.90000  296 1092  294.50000  278.90000  5.30%   356 5008s
  5028  3106  281.00802  526 2948  294.50000  278.90000  5.30%   356 5035s
  5029  3107  280.11354   91 1210  294.50000  278.90000  5.30%   356 5051s
  5030  3107  278.90000   37 1693  294.50000  278.90000  5.30%   355 5067s
  5031  3108  294.50000  756 1020  294.50000  278.90000  5.30%   355 5090s
  5032  3109  292.40000  647 1944  294.50000  278.90000  5.30%   355 5104s
  5033  3109  278.90000   61 1208  294.50000  278.90000  5.30%   355 5129s
  5034  3110  294.50000  720 1289  294.50000  278.90000  5.30%   355 5143s
  5035  3111  281.63656  392 1140  294.50000  278.90000  5.30%   355 5167s
  5036  3111  288.58055  460 1795  294.50000  278.90000  5.30%   355 5179s
  5037  3112  288.27168  206 1283  294.50000  278.90000  5.30%   355 5206s
  5038  3113  281.94755  175 1684  294.50000  278.90000  5.30%   355 5214s
  5039  3113  280.10000  108 1734  294.50000  278.90000  5.30%   355 5224s
  5040  3114  294.50000 1012 1734  294.50000  278.90000  5.30%   355 5236s
  5041  3115  294.50000  645 1734  294.50000  278.90000  5.30%   355 5244s
  5042  3118  278.90000   50  970  294.50000  278.90000  5.30%   414 5261s
  5044  3122  278.90000   51 2894  294.50000  278.90000  5.30%   414 5265s
  5052  3140  278.90000   53 2957  294.50000  278.90000  5.30%   415 5270s
  5081  3151  278.90000   57 2844  294.50000  278.90000  5.30%   417 5277s
  5100  3162  278.90000   60 3360  294.50000  278.90000  5.30%   417 5284s
  5107  3170  278.90000   60 3876  294.50000  278.90000  5.30%   417 5288s
  5117  3174  278.90000   61 3788  294.50000  278.90000  5.30%   417 5292s
  5125  3181  281.90000   61 2687  294.50000  278.90000  5.30%   417 5295s
  5134  3188  278.90000   62 3624  294.50000  278.90000  5.30%   417 5300s
  5150  3197  278.90000   63 3624  294.50000  278.90000  5.30%   417 5308s
  5159  3201  278.96803   63 3417  294.50000  278.90000  5.30%   417 5315s
  5183  3231  279.02279   64 3684  294.50000  278.90000  5.30%   418 5322s
  5204  3241  278.90000   65 4463  294.50000  278.90000  5.30%   417 5327s
  5223  3241  278.90000   65 3824  294.50000  278.90000  5.30%   417 5330s
  5245  3260  278.90000   66 2867  294.50000  278.90000  5.30%   417 5338s
  5261  3259  278.90000   67 3630  294.50000  278.90000  5.30%   418 5342s
  5277  3264  278.90000   67 3077  294.50000  278.90000  5.30%   417 5349s
  5287  3281  278.90000   68 3685  294.50000  278.90000  5.30%   418 5354s
  5307  3298  278.90000   68 2479  294.50000  278.90000  5.30%   418 5357s
  5332  3300  278.90000   69 2104  294.50000  278.90000  5.30%   417 5362s
  5344  3316  279.02279   69 2199  294.50000  278.90000  5.30%   416 5369s
  5368  3314  278.90000   70 2037  294.50000  278.90000  5.30%   415 5428s
  5390  3322  280.31711   70 3254  294.50000  278.90000  5.30%   414 5433s
  5406  3333  278.90000   71 2039  294.50000  278.90000  5.30%   414 5444s
  5424  3342  278.97705   71 3554  294.50000  278.90000  5.30%   413 5449s
  5452  3350  278.90000   72 2039  294.50000  278.90000  5.30%   412 5496s
  5479  3346  278.97335   72 1101  294.50000  278.90000  5.30%   411 5504s
  5486  3353  278.90000   73 2026  294.50000  278.90000  5.30%   411 5516s
  5516  3348  279.02279   73 1100  294.50000  278.90000  5.30%   410 5530s
  5529  3353  278.90000   74 2270  294.50000  278.90000  5.30%   410 5544s
  5538  3356  278.95708   74 2024  294.50000  278.90000  5.30%   411 5555s
  5544  3366  278.90000   75 2488  294.50000  278.90000  5.30%   411 5568s
  5556  3389  278.90000   75 1056  294.50000  278.90000  5.30%   411 5605s
  5585  3390  278.90000   76 2527  294.50000  278.90000  5.30%   410 5620s
  5605  3393  278.90000   76 1056  294.50000  278.90000  5.30%   410 5631s
  5614  3434  278.90000   77 1056  294.50000  278.90000  5.30%   410 5643s
  5660  3434  278.96600   77 1054  294.50000  278.90000  5.30%   408 5654s
  5678  3470  278.90000   78 1056  294.50000  278.90000  5.30%   407 5666s
  5722  3504  278.98029   78 1040  294.50000  278.90000  5.30%   406 5678s
  5788  3524     cutoff   87       294.50000  278.90000  5.30%   402 5689s
  5876  3562  278.90000   80 3052  294.50000  278.90000  5.30%   398 5704s
  5944  3620  278.90000   81 3051  294.50000  278.90000  5.30%   394 5723s
  6024  3679  278.90000   82 3000  294.50000  278.90000  5.30%   390 5750s
  6126  3797  278.90076  104 3991  294.50000  278.90000  5.30%   385 5768s
  6307  3967  278.98427  175 4577  294.50000  278.90000  5.30%   377 5790s
  6537  4184  279.12106  304 4838  294.50000  278.90000  5.30%   366 5810s
  6858  4163  279.26835  448 3717  294.50000  278.90000  5.30%   353 5857s
  6971  4397  279.26870  449 3256  294.50000  278.90000  5.30%   350 5879s
  7374  4404  279.81172  578 3018  294.50000  278.90000  5.30%   336 5898s
  7600  4604  282.87973  125  971  294.50000  278.90000  5.30%   329 5932s
  8017  4620     cutoff   89       294.50000  278.90000  5.30%   315 5947s
  8286  4561  278.90000   73  911  294.50000  278.90000  5.30%   308 6000s
  8331  4552  289.32098   83 1058  294.50000  278.90000  5.30%   308 6065s
  8351  4619  282.79418   76 1033  294.50000  278.90000  5.30%   307 6082s
  8511  4707  278.90000   84  702  294.50000  278.90000  5.30%   305 6102s
  8778  4626  281.03775   91  775  294.50000  278.90000  5.30%   298 6158s
  8806  4661  279.32068   92  880  294.50000  278.90000  5.30%   298 6180s
  8878  4641  278.94395   93  714  294.50000  278.90000  5.30%   296 6211s
  8884  4641  280.73503   93  719  294.50000  278.90000  5.30%   296 6241s
  8930  4629  278.94395   94  712  294.50000  278.90000  5.30%   294 6262s
  8934  4631  281.57615   94  711  294.50000  278.90000  5.30%   294 6286s
  8949  4799  278.94395   95  675  294.50000  278.90000  5.30%   294 6317s
  9239  4759  278.97353   69  902  294.50000  278.90000  5.30%   287 6343s
  9324  4735  279.10227   70 1070  294.50000  278.90000  5.30%   286 6368s
  9328  4751  279.10227   71 1066  294.50000  278.90000  5.30%   286 6398s
  9357  4775  279.17983   72 1135  294.50000  278.90000  5.30%   285 6560s
  9423  4792  279.30166   73  968  294.50000  278.90000  5.30%   284 6586s
  9472  4800  279.69329   74  972  294.50000  278.90000  5.30%   283 6612s
  9510  4858  279.71102   75  979  294.50000  278.90000  5.30%   282 6638s
  9608  4876 infeasible   78       294.50000  278.90000  5.30%   281 6726s
  9718  5253  279.10640   97  463  294.50000  278.90000  5.30%   279 6751s
 10265  5706  278.90000   76  849  294.50000  278.90000  5.30%   268 6923s
 11160  5518  278.90000   86  940  294.50000  278.90000  5.30%   253 6946s
 11369  5529  278.92661   89  952  294.50000  278.90000  5.30%   250 7067s
 11454  5847  278.93914   93  501  294.50000  278.90000  5.30%   249 7087s
 11915  5854  280.10000   84  422  294.50000  278.90000  5.30%   242 7102s
 12157  5795     cutoff   66       294.50000  278.90000  5.30%   240 7200s

Cutting planes:
  Gomory: 7
  Cover: 129
  Implied bound: 54
  Projected implied bound: 89
  Clique: 14
  MIR: 67
  StrongCG: 9
  Flow cover: 216
  GUB cover: 21
  Zero half: 60
  RLT: 142
  Relax-and-lift: 31

Explored 12222 nodes (3251540 simplex iterations) in 7200.17 seconds (5810.11 work units)
Thread count was 4 (of 8 available processors)

Solution count 9: 294.5 295.4 296.2 ... 366.9

Time limit reached
Best objective 2.945000000000e+02, best bound 2.789000000000e+02, gap 5.2971%
