
Gurobi 13.0.2 (linux64) logging started Sun Jun 28 13:45:21 2026

Set parameter LogFile to value "src/Resultados/Restriccion cota global/logs/RC206-25.xml_log.log"
Set parameter Threads to value 4
Gurobi Optimizer version 13.0.2 build v13.0.2rc1 (linux64 - "Rocky Linux 9.7 (Blue Onyx)")

CPU model: QEMU Virtual CPU version 2.5+, instruction set [SSE2]
Thread count: 8 physical cores, 8 logical processors, using up to 4 threads

Non-default parameters:
TimeLimit  7200
Threads  4

Optimize a model with 111511 rows, 65625 columns and 433485 nonzeros (Min)
Model fingerprint: 0x494b32db
Model has 4530 linear objective coefficients
Variable types: 15135 continuous, 50490 integer (50475 binary)
Coefficient statistics:
  Matrix range     [1e+00, 2e+05]
  Objective range  [2e+00, 6e+01]
  Bounds range     [1e+00, 2e+03]
  RHS range        [1e+00, 2e+05]

Presolve removed 36780 rows and 120 columns
Presolve time: 2.10s
Presolved: 74731 rows, 65505 columns, 312540 nonzeros
Variable types: 375 continuous, 65130 integer (57000 binary)
Deterministic concurrent LP optimizer: primal and dual simplex
Showing primal log only...


Root simplex log...

Iteration    Objective       Primal Inf.    Dual Inf.      Time
   19870    3.9675427e+02   8.747514e+01   4.826557e+09      5s
   33866    3.9225439e+02   5.875180e+00   9.311952e+08     10s
   41088    3.0311901e+02   0.000000e+00   2.625139e+03     15s
   47911    3.0250001e+02   3.640587e-02   0.000000e+00     20s
   48213    3.0250000e+02   0.000000e+00   0.000000e+00     20s
Concurrent spin time: 9.17s (can be avoided by choosing Method=3)

Solved with primal simplex

Root relaxation: objective 3.025000e+02, 48213 iterations, 26.75 seconds (17.28 work units)

    Nodes    |    Current Node    |     Objective Bounds      |     Work
 Expl Unexpl |  Obj  Depth IntInf | Incumbent    BestBd   Gap | It/Node Time

     0     0  302.50000    0 9000          -  302.50000      -     -   44s
     0     0  302.50000    0 8886          -  302.50000      -     -   45s
     0     0  302.50000    0 7558          -  302.50000      -     -   61s
     0     0  302.50000    0 5857          -  302.50000      -     -   68s
     0     0  302.50000    0 11063          -  302.50000      -     -   84s
     0     0  302.50000    0 4942          -  302.50000      -     -  100s
     0     0  302.50000    0 5577          -  302.50000      -     -  109s
     0     0  302.50000    0 5750          -  302.50000      -     -  109s
     0     0  302.50000    0 11254          -  302.50000      -     -  135s
     0     0  302.50000    0 11254          -  302.50000      -     -  135s
     0     0  302.50000    0 5835          -  302.50000      -     -  152s
     0     0  302.50000    0 9141          -  302.50000      -     -  158s
     0     0  302.50000    0 7971          -  302.50000      -     -  158s
     0     0  302.50000    0 14765          -  302.50000      -     -  180s
     0     0  302.50000    0 14765          -  302.50000      -     -  180s
     0     0  302.50000    0 4863          -  302.50000      -     -  197s
     0     0  302.50000    0 4863          -  302.50000      -     -  208s
     0     0  302.50000    0 4893          -  302.50000      -     -  208s
     0     0  302.50000    0 10996          -  302.50000      -     -  220s
     0     0  302.50000    0 3360          -  302.50000      -     -  246s
     0     0  302.50000    0 5421          -  302.50000      -     -  262s
     0     0  302.62950    0 10198          -  302.62950      -     -  271s
     0     0  302.62950    0 10198          -  302.62950      -     -  291s
     0     0  302.66349    0 10895          -  302.66349      -     -  303s
     0     0  304.31657    0 12009          -  304.31657      -     -  310s
     0     0  304.31657    0 10571          -  304.31657      -     -  311s
     0     0  305.91491    0 13622          -  305.91491      -     -  317s
     0     0  306.11657    0 12097          -  306.11657      -     -  340s
     0     0  306.11657    0 12151          -  306.11657      -     -  340s
     0     0  306.11657    0 10577          -  306.11657      -     -  347s
     0     0  306.11657    0 10594          -  306.11657      -     -  348s
     0     0  306.11657    0 13613          -  306.11657      -     -  353s
     0     0  306.11657    0 11288          -  306.11657      -     -  357s
     0     0  306.72512    0 11226          -  306.72512      -     -  365s
     0     0  306.72512    0 4033          -  306.72512      -     -  390s
     0     0  307.10177    0 10519          -  307.10177      -     -  398s
     0     0  307.10177    0 10536          -  307.10177      -     -  399s
     0     0  307.11340    0 8437          -  307.11340      -     -  401s
     0     0  307.11340    0 9770          -  307.11340      -     -  401s
     0     0  307.70000    0 8221          -  307.70000      -     -  409s
     0     0  307.70000    0 11905          -  307.70000      -     -  411s
     0     0  307.70502    0 10044          -  307.70502      -     -  416s
     0     0  307.82189    0 10016          -  307.82189      -     -  418s
     0     0  307.82189    0 9699          -  307.82189      -     -  419s
     0     0  307.82189    0 9160          -  307.82189      -     -  426s
     0     0  307.82189    0 9263          -  307.82189      -     -  431s
     0     0  307.82189    0 9905          -  307.82189      -     -  437s
     0     0  307.82189    0 8890          -  307.82189      -     -  439s
     0     0  307.82189    0 9131          -  307.82189      -     -  445s
     0     0  307.82189    0 5428          -  307.82189      -     -  466s
     0     0  307.82189    0 10652          -  307.82189      -     -  537s
     0     0  307.82189    0 14311          -  307.82189      -     -  543s
     0     0  307.82189    0 14310          -  307.82189      -     -  543s
     0     0  307.82189    0 2450          -  307.82189      -     -  560s
     0     0  307.82189    0 4199          -  307.82189      -     -  562s
     0     0  307.82189    0 6835          -  307.82189      -     -  567s
     0     0  307.82189    0 4949          -  307.82189      -     -  583s
     0     0  307.82189    0 4949          -  307.82189      -     -  588s
     0     0  307.82189    0 2979          -  307.82189      -     -  601s
     0     2  307.82189    0 2979          -  307.82189      -     -  621s
     3     8  307.82189    2 10678          -  307.82189      -  1778  637s
     7    12  307.82189    3 12596          -  307.82189      -  2395  640s
    11    36  307.82189    4 12203          -  307.82189      -  1677  646s
    35    48  307.85131    8 12251          -  307.82189      -   770  659s
    47   121  307.85972    9 11192          -  307.82189      -   731  673s
   120   165  308.11191   26 10218          -  307.82189      -   380  683s
   164   212  308.27719   43 11955          -  307.82189      -   355  687s
   212   251  308.50000   58 8723          -  307.82189      -   309  690s
   252   263  311.40000   78 10440          -  307.82189      -   294  695s
   309   357  315.16378   82 9394          -  307.82189      -   288  703s
   364   394  311.75000   83 9080          -  307.82189      -   249  706s
   401   400  312.60111   84 9769          -  307.82189      -   249  710s
   407   455  312.60111   85 9408          -  307.82189      -   259  715s
   475   507  312.60115  105 8514          -  307.82189      -   245  729s
   540   518  312.60115  130 8426          -  307.82189      -   233  740s
   571   528  312.63333  136 8717          -  307.82189      -   239  750s
   597   535  312.63333  141 7537          -  307.82189      -   249  761s
   608   551  312.63333  145 7529          -  307.82189      -   256  765s
   624   574  312.63333  156 7507          -  307.82189      -   253  777s
   647   582  313.43333  173 8075          -  307.82189      -   261  789s
   655   589  313.43333  174 7466          -  307.82189      -   270  797s
   662   596  313.43333  175 7242          -  307.82189      -   284  807s
   669   603  313.44166  178 7355          -  307.82189      -   283  829s
   676   607  313.44166  179 7355          -  307.82189      -   281  857s
   680   611  313.44166  180 7355          -  307.82189      -   289  885s
   684   614  313.44166  181 7355          -  307.82189      -   289  929s
   689   618  313.44166  182 7355          -  307.82189      -   288  951s
   693   624  313.44166  183 7355          -  307.82189      -   298  976s
   699   630  313.44166  184 7355          -  307.82189      -   310  990s
   705   636  313.44166  185 7355          -  307.82189      -   315 1009s
   711   642  313.44166  186 7355          -  307.82189      -   327 1025s
   717   648  313.44166  187 7355          -  307.82189      -   340 1035s
   723   654  313.44166  188 7355          -  307.82189      -   346 1056s
   729   660  313.44166  189 7355          -  307.82189      -   355 1069s
   735   666  313.44166  190 7355          -  307.82189      -   363 1082s
   741   672  313.44166  191 7355          -  307.82189      -   373 1092s
   747   679  313.44166  192 7355          -  307.82189      -   380 1117s
   754   686  313.44166  193 7355          -  307.82189      -   390 1139s
   761   692  313.44166  194 7355          -  307.82189      -   395 1163s
   767   707  313.44166  195 7355          -  307.82189      -   409 1186s
   782   717  313.44166  196 7355          -  307.82189      -   409 1197s
   792   737  313.44166  197 7355          -  307.82189      -   413 1207s
   812   752  313.44166  198 7355          -  307.82189      -   408 1234s
   827   759  313.44166  199 6998          -  307.82189      -   406 1370s
   834   785  313.44166  200 8174          -  307.82189      -   407 1382s
   860   831  313.96719  201 6995          -  307.82189      -   395 1398s
   906   880  313.96719  202 6990          -  307.82189      -   375 1415s
   955   918  314.52655  203 6805          -  307.82189      -   360 1429s
   993   927  314.52655  204 6845          -  307.82189      -   349 1445s
  1002   966  314.52655  205 6842          -  307.82189      -   349 1464s
  1041  1047  314.52655  206 6828          -  307.82189      -   343 1482s
  1122  1132  314.52655  207 6823          -  307.82189      -   324 1494s
  1207  1221  325.39103  207 4729          -  307.82189      -   317 1513s
  1297  1314  314.52655  208 6751          -  307.82189      -   300 1526s
  1390  1402  314.52655  209 6792          -  307.82189      -   285 1554s
  1480  1495  314.52655  210 6714          -  307.82189      -   272 1566s
  1591  1654  314.52655  211 6652          -  307.82189      -   256 1581s
  1750  1830  314.52655  212 6650          -  307.82189      -   235 1596s
H 1928  1832                     450.0000000  307.82189  31.6%   214 1617s
  2103  1950  314.52655  214 6646  450.00000  307.82189  31.6%   198 1632s
  2324  2124  314.52784  318 9101  450.00000  307.82189  31.6%   189 1648s
  2510  2160  315.10024  331 7299  450.00000  307.82189  31.6%   183 1669s
  2530  2160  331.24943 1227 4170  450.00000  307.82189  31.6%   189 1670s
  2561  2253  318.35143  334 6375  450.00000  307.82189  31.6%   190 1685s
  2655  2254  328.23508 1195 2979  450.00000  307.82189  31.6%   191 1805s
H 2656  2142                     447.8000000  307.82189  31.3%   191 1851s
  2657  2142  314.52655  299 9770  447.80000  307.82189  31.3%   191 1877s
  2658  2143  311.40000   80 7975  447.80000  307.82189  31.3%   191 1894s
  2659  2144  316.87402  499 5130  447.80000  310.12493  30.7%   191 1925s
  2660  2144  312.15560  405 7302  447.80000  310.61029  30.6%   191 1947s
  2661  2145  320.61143  867 7284  447.80000  310.82400  30.6%   191 1982s
  2662  2146  322.87481  349 6839  447.80000  310.84937  30.6%   191 2002s
H 2662  2038                     445.8000000  312.03624  30.0%   191 2007s
  2663  2038  312.03624  297 7383  445.80000  312.03624  30.0%   191 2041s
  2664  2039  325.05000  243 7746  445.80000  312.05059  30.0%   191 2062s
H 2664  1937                     443.6000000  312.06369  29.7%   191 2078s
H 2664  1840                     442.1000000  312.06369  29.4%   191 2078s
H 2664  1748                     441.0000000  312.06369  29.2%   191 2078s
  2665  1749  378.82911  281 7558  441.00000  312.19715  29.2%   191 2106s
  2666  1749  322.55463 1040 7829  441.00000  313.90000  28.8%   191 2129s
  2667  1750  330.71291  142 8214  441.00000  314.05000  28.8%   191 2185s
  2668  1751  326.29330  382 6763  441.00000  314.05000  28.8%   191 2214s
  2669  1751  314.20000   58 3550  441.00000  314.20000  28.8%   190 2232s
  2670  1752  314.20000  202 1157  441.00000  314.20000  28.8%   190 2249s
  2671  1753  326.10751  381 2962  441.00000  314.24508  28.7%   190 2261s
  2672  1753  314.81882  182 4566  441.00000  314.81882  28.6%   190 2286s
  2673  1754  314.99336  150 3444  441.00000  314.99336  28.6%   190 2303s
  2674  1755  324.80945 1133 3087  441.00000  315.10000  28.5%   190 2322s
  2675  1755  366.12303  601 3297  441.00000  315.10000  28.5%   190 2342s
  2676  1756  315.10000   81 3575  441.00000  315.10000  28.5%   190 2400s
  2677  1757  326.19395 1145 4121  441.00000  315.10000  28.5%   190 2412s
  2678  1757  321.07958  922 2587  441.00000  315.10000  28.5%   190 2434s
  2679  1758  323.85000  170 3232  441.00000  315.10000  28.5%   190 2450s
  2680  1759  325.19707  232 3348  441.00000  315.16000  28.5%   190 2465s
  2681  1759  323.25875 1078 3861  441.00000  315.16000  28.5%   190 2482s
  2682  1760  315.35000  276 2530  441.00000  315.35000  28.5%   190 2498s
  2683  1761  330.33334  619 3597  441.00000  315.35000  28.5%   189 2513s
  2684  1761  319.51617  139 2951  441.00000  315.35000  28.5%   189 2533s
  2685  1762  316.69573  496 4183  441.00000  315.35000  28.5%   189 2543s
  2686  1763  363.89025  658 4094  441.00000  315.35714  28.5%   189 2568s
  2687  1763  320.02189   74 3890  441.00000  315.35714  28.5%   189 2582s
  2688  1764  325.05000  243 1999  441.00000  315.65000  28.4%   189 2600s
  2689  1765  315.65000   84 3513  441.00000  315.65000  28.4%   189 2610s
  2690  1765  315.67500  153 2882  441.00000  315.67500  28.4%   189 2631s
  2691  1766  330.71291  140 2816  441.00000  315.67692  28.4%   189 2643s
  2692  1767  315.70000   82 1712  441.00000  315.70000  28.4%   189 2656s
  2693  1767  326.17825  518 1926  441.00000  315.70000  28.4%   189 2665s
  2694  1768  315.79375  333 2323  441.00000  315.79375  28.4%   189 2685s
  2695  1769  315.80714  300 3185  441.00000  315.80714  28.4%   189 2700s
  2696  1769  315.80714  258 1715  441.00000  315.80714  28.4%   189 2720s
  2697  1770  335.90235  660 3445  441.00000  315.80714  28.4%   188 2728s
  2698  1771  315.84118  473 2773  441.00000  315.84118  28.4%   188 2759s
  2699  1771  315.84118  439 3324  441.00000  315.84118  28.4%   188 2771s
  2700  1772  315.87000  322 1479  441.00000  315.87000  28.4%   188 2788s
  2701  1773  336.67181  888 2327  441.00000  315.87000  28.4%   188 2803s
  2702  1773  315.90037  257 5133  441.00000  315.90037  28.4%   188 2834s
  2703  1774  315.90046  107 4970  441.00000  315.90046  28.4%   188 2847s
  2704  1775  327.88005  584 5503  441.00000  315.90046  28.4%   188 2867s
  2705  1775  315.90046   60 6642  441.00000  315.90046  28.4%   188 2880s
  2706  1776  318.87004  344 5267  441.00000  315.90046  28.4%   188 2907s
  2707  1777  315.90046  409 5198  441.00000  315.90046  28.4%   188 2926s
  2708  1777  327.60275 1136 5473  441.00000  315.90059  28.4%   188 2974s
  2709  1778  315.91514  294 5305  441.00000  315.91514  28.4%   188 2989s
  2710  1779  350.93742 1186 4963  441.00000  315.96279  28.4%   188 3016s
  2711  1779  320.73991  352 5848  441.00000  315.97522  28.4%   187 3029s
  2712  1780  315.97522  117 5358  441.00000  315.97522  28.4%   187 3048s
  2713  1781  330.40012   88 5814  441.00000  315.97522  28.4%   187 3060s
  2714  1781  315.97522  228 6313  441.00000  315.97522  28.4%   187 3087s
  2715  1782  330.63617  110 5448  441.00000  315.97522  28.4%   187 3101s
  2716  1783  328.01549 1110 5576  441.00000  315.97525  28.4%   187 3120s
  2717  1783  324.49167 1089 6040  441.00000  315.97525  28.4%   187 3130s
  2718  1784  379.13350  374 6328  441.00000  315.97535  28.4%   187 3159s
  2721  1787  338.72395  830 2979  441.00000  315.97535  28.4%   456 3184s
  2723  1788  315.97535  182 8824  441.00000  315.97535  28.4%   456 3238s
  2724  1789  329.09923  202 10217  441.00000  315.97535  28.4%   455 3268s
  2725  1790  315.97535  228 7004  441.00000  315.97535  28.4%   455 3300s
  2726  1790  317.78589  527 4683  441.00000  315.97535  28.4%   455 3342s
  2727  1791  363.22714  626 2544  441.00000  315.97535  28.4%   455 3375s
  2728  1792  315.97535  208 3267  441.00000  315.97535  28.4%   455 3394s
  2729  1792  326.74452 1174 6711  441.00000  315.97535  28.4%   455 3436s
  2730  1793  330.71291  133 6301  441.00000  315.97535  28.4%   454 3491s
  2731  1794  319.85912  573 6567  441.00000  315.97535  28.4%   454 3541s
  2732  1794  321.98529  370 5425  441.00000  315.97535  28.4%   454 3570s
  2733  1795  315.97535  386 6554  441.00000  315.97535  28.4%   454 3605s
  2734  1796  322.37333 1026 5931  441.00000  315.97535  28.4%   454 3623s
  2735  1796  321.23221  357 6936  441.00000  315.97535  28.4%   454 3643s
  2736  1797  322.23695  384 3264  441.00000  315.97535  28.4%   453 3666s
  2737  1798  315.97535  162 5146  441.00000  315.97535  28.4%   453 3682s
  2738  1798  320.02189  204 2336  441.00000  315.97535  28.4%   453 3714s
  2739  1799  330.40952  109 3307  441.00000  315.97535  28.4%   453 3724s
  2740  1800  316.89881  526 2947  441.00000  315.97535  28.4%   453 3746s
  2741  1800  315.97535  127 6019  441.00000  315.97535  28.4%   453 3764s
  2742  1801  317.02189   32 2665  441.00000  315.99874  28.3%   452 3790s
  2743  1802  316.22189   68 3416  441.00000  315.99874  28.3%   452 3809s
  2744  1802  315.99874   83 2986  441.00000  315.99874  28.3%   452 3828s
  2745  1803  334.69923  207 4310  441.00000  315.99874  28.3%   452 3856s
  2746  1804  316.02731  369 2265  441.00000  316.02731  28.3%   452 3873s
  2747  1804  334.54704  657 3375  441.00000  316.02731  28.3%   452 3892s
  2748  1805  320.70295  883 2548  441.00000  316.04420  28.3%   452 3911s
  2749  1806  324.94774 1142 3912  441.00000  316.04490  28.3%   451 3932s
  2750  1806  320.02189  179 4575  441.00000  316.04490  28.3%   451 3945s
  2751  1807  316.04490   19 3840  441.00000  316.04490  28.3%   451 3955s
  2752  1808  326.68533  378 3677  441.00000  316.04586  28.3%   451 3966s
  2753  1808  328.26304 1012 5569  441.00000  316.07190  28.3%   451 3984s
  2754  1809  336.15152  746 3930  441.00000  316.08596  28.3%   451 4002s
  2755  1810  328.23508 1195 3502  441.00000  316.09654  28.3%   450 4016s
  2756  1810  321.40957  366 3335  441.00000  316.13047  28.3%   450 4029s
  2757  1811  316.15190  299 3362  441.00000  316.15190  28.3%   450 4037s
  2758  1812  316.18117   80 1763  441.00000  316.18117  28.3%   450 4051s
  2759  1812  316.87402  499 3995  441.00000  316.18117  28.3%   450 4073s
  2760  1813  316.20974  405 2103  441.00000  316.20974  28.3%   450 4091s
  2761  1814  320.61143  867 2025  441.00000  316.20974  28.3%   449 4098s
  2762  1814  322.87481  349 4544  441.00000  316.21138  28.3%   449 4115s
  2763  1815  316.21138  297 4592  441.00000  316.21138  28.3%   449 4133s
  2764  1816  325.05000  243 2699  441.00000  316.21944  28.3%   449 4154s
  2765  1816  378.82911  281 5656  441.00000  316.23432  28.3%   449 4169s
  2766  1817  322.55463 1040 1588  441.00000  316.25891  28.3%   449 4189s
  2767  1818  330.71291  142 2930  441.00000  316.25891  28.3%   448 4201s
  2768  1818  326.29330  382 2030  441.00000  316.25891  28.3%   448 4217s
  2769  1819  316.25891   58 4893  441.00000  316.25891  28.3%   448 4233s
  2770  1820  316.25891  202 2567  441.00000  316.25891  28.3%   448 4252s
  2771  1820  326.10751  381 3899  441.00000  316.25891  28.3%   448 4263s
  2772  1821  316.25891  182 1973  441.00000  316.25891  28.3%   448 4283s
  2773  1822  316.25891  150 3746  441.00000  316.25891  28.3%   447 4293s
  2774  1822  324.80945 1133 2403  441.00000  316.25891  28.3%   447 4312s
  2777  1826  326.19395 1145 2979  441.00000  316.25891  28.3%   661 4329s
  2779  1827  323.85000  170 7558  441.00000  316.25891  28.3%   661 4390s
  2780  1828  325.19707  232 9050  441.00000  316.25891  28.3%   661 4411s
  2781  1829  323.25875 1078 7890  441.00000  316.25891  28.3%   660 4429s
  2782  1829  316.25891  276 1859  441.00000  316.25891  28.3%   660 4448s
  2783  1830  330.33334  619 3971  441.00000  316.25891  28.3%   660 4473s
  2784  1831  319.51617  139 3514  441.00000  316.26851  28.3%   660 4496s
  2785  1831  316.69573  496 3233  441.00000  316.26851  28.3%   659 4519s
  2786  1832  363.89025  658 2783  441.00000  316.26851  28.3%   659 4537s
  2787  1833  320.02189   74 3807  441.00000  316.26851  28.3%   659 4556s
  2788  1833  325.05000  243 5169  441.00000  316.26851  28.3%   659 4575s
  2789  1834  316.26851   84 6066  441.00000  316.26851  28.3%   658 4600s
  2790  1835  316.26851  153 3230  441.00000  316.26851  28.3%   658 4619s
  2791  1835  330.71291  140 4501  441.00000  316.26851  28.3%   658 4648s
  2792  1836  316.26851   82 3459  441.00000  316.26851  28.3%   658 4671s
  2793  1837  326.17825  518 4402  441.00000  316.26851  28.3%   657 4690s
  2794  1837  316.26851  333 3888  441.00000  316.26851  28.3%   657 4726s
  2795  1838  316.26851  300 5574  441.00000  316.26851  28.3%   657 4746s
  2796  1839  316.26851  258 2163  441.00000  316.26851  28.3%   657 4771s
  2797  1839  335.90235  660 3140  441.00000  316.26851  28.3%   657 4784s
  2798  1840  316.26851  473 1924  441.00000  316.26851  28.3%   656 4796s
  2799  1841  316.26851  439 2352  441.00000  316.26851  28.3%   656 4805s
  2800  1841  316.26851  322 2541  441.00000  316.26851  28.3%   656 4820s
  2801  1842  336.67181  888 2118  441.00000  316.26851  28.3%   656 4837s
  2802  1843  316.26851  257 2573  441.00000  316.26851  28.3%   655 4862s
  2803  1843  316.26851  107 2756  441.00000  316.26851  28.3%   655 4869s
  2804  1844  327.88005  584 1819  441.00000  316.30310  28.3%   655 4891s
  2805  1845  316.30310   60 2223  441.00000  316.30310  28.3%   655 4897s
  2806  1845  318.87004  344 2177  441.00000  316.30812  28.3%   654 4912s
  2807  1846  316.30812  409 2534  441.00000  316.30812  28.3%   654 4923s
  2808  1847  327.60275 1136 3412  441.00000  316.30812  28.3%   654 4941s
  2809  1847  316.30812  294 4408  441.00000  316.30812  28.3%   654 4951s
  2810  1848  350.93742 1186 2424  441.00000  316.30823  28.3%   654 4993s
  2811  1849  320.73991  352 3265  441.00000  316.30823  28.3%   653 5005s
  2812  1849  316.31016  117  646  441.00000  316.31016  28.3%   653 5032s
  2813  1850  330.40012   88 2361  441.00000  316.31016  28.3%   653 5043s
  2814  1851  316.32228  228 2902  441.00000  316.32228  28.3%   653 5057s
  2815  1851  330.63617  110 3998  441.00000  316.33440  28.3%   652 5077s
  2816  1852  328.01549 1110 2537  441.00000  316.34081  28.3%   652 5097s
  2817  1853  324.49167 1089 4093  441.00000  316.37761  28.3%   652 5113s
  2818  1853  379.13350  374 1627  441.00000  316.37761  28.3%   652 5136s
  2819  1854  316.37761   61 1303  441.00000  316.37761  28.3%   651 5142s
  2820  1855  324.78812 1006  662  441.00000  316.37761  28.3%   651 5165s
  2821  1855  338.72395  830 1564  441.00000  316.37761  28.3%   651 5170s
  2822  1856  316.37761  197  754  441.00000  316.37761  28.3%   651 5197s
  2823  1857  316.37761  182  772  441.00000  316.37761  28.3%   651 5200s
  2824  1857  329.09923  202 1654  441.00000  316.37761  28.3%   650 5227s
  2825  1858  316.37761  228 1683  441.00000  316.37761  28.3%   650 5234s
  2826  1859  317.78589  527  924  441.00000  316.37761  28.3%   650 5248s
  2827  1859  363.22714  626 1964  441.00000  316.37761  28.3%   650 5256s
  2828  1860  316.37761  208 2157  441.00000  316.37761  28.3%   649 5277s
  2831  1863  319.85912  573 2979  441.00000  316.37761  28.3%   848 5291s
  2833  1864  316.37761  386 7113  441.00000  316.37761  28.3%   848 5365s
  2834  1865  322.37333 1026 9317  441.00000  316.37761  28.3%   847 5395s
  2835  1866  321.23221  357 7539  441.00000  316.37761  28.3%   847 5436s
  2836  1866  322.23695  384 1535  441.00000  316.37761  28.3%   847 5463s
  2837  1867  316.37761  162 1549  441.00000  316.37761  28.3%   846 5477s
  2838  1868  320.02189  204 1718  441.00000  316.37761  28.3%   846 5488s
  2839  1868  330.40952  109 2559  441.00000  316.37761  28.3%   846 5515s
  2840  1869  316.89881  526 1626  441.00000  316.37761  28.3%   845 5535s
  2841  1870  316.37761  127 3081  441.00000  316.37761  28.3%   845 5560s
  2842  1870  317.02189   32 2604  441.00000  316.37761  28.3%   845 5586s
  2843  1871  316.37761   68 3071  441.00000  316.37761  28.3%   845 5612s
  2844  1872  316.37761   83 2190  441.00000  316.37761  28.3%   844 5636s
  2845  1872  334.69923  207 5747  441.00000  316.37761  28.3%   844 5671s
  2846  1873  316.37761  369 2443  441.00000  316.37761  28.3%   844 5686s
  2847  1874  334.54704  657 3165  441.00000  316.37761  28.3%   843 5716s
  2848  1874  320.70295  883 2691  441.00000  316.37761  28.3%   843 5776s
  2849  1875  324.94774 1142 2790  441.00000  316.37761  28.3%   843 5796s
  2850  1876  320.02189  179 2688  441.00000  316.37761  28.3%   842 5813s
  2851  1876  316.37761   19 2970  441.00000  316.37761  28.3%   842 5825s
  2852  1877  326.68533  378 3592  441.00000  316.37761  28.3%   842 5842s
  2853  1878  328.26304 1012 3926  441.00000  316.37761  28.3%   842 5854s
  2854  1878  336.15152  746 2146  441.00000  316.37761  28.3%   841 5879s
  2855  1879  328.23508 1195 4923  441.00000  316.37761  28.3%   841 5897s
  2856  1880  321.40957  366 1892  441.00000  316.37761  28.3%   841 5920s
  2857  1880  316.37761  299 2325  441.00000  316.37761  28.3%   840 5928s
  2858  1881  316.37761   80 3285  441.00000  316.37761  28.3%   840 5947s
  2859  1882  316.87402  499 3641  441.00000  316.37761  28.3%   840 5958s
  2860  1882  316.37761  405 3849  441.00000  316.37761  28.3%   840 5974s
  2861  1883  320.61143  867 4177  441.00000  316.37761  28.3%   839 5986s
  2862  1884  322.87481  349 2244  441.00000  316.37761  28.3%   839 6008s
  2863  1884  316.37761  297 4741  441.00000  316.37761  28.3%   839 6020s
  2864  1885  325.05000  243 2690  441.00000  316.37761  28.3%   838 6038s
  2865  1886  378.82911  281 4615  441.00000  316.37761  28.3%   838 6047s
  2866  1886  322.55463 1040 2033  441.00000  316.37761  28.3%   838 6056s
  2867  1887  330.71291  142 2444  441.00000  316.37761  28.3%   837 6062s
  2868  1888  326.29330  382 2245  441.00000  316.37761  28.3%   837 6083s
  2869  1888  316.37761   58 3268  441.00000  316.37761  28.3%   837 6092s
  2870  1889  316.37761  202 2210  441.00000  316.37761  28.3%   837 6104s
  2871  1890  326.10751  381 3533  441.00000  316.37761  28.3%   836 6111s
  2872  1890  316.37761  182 1350  441.00000  316.37761  28.3%   836 6124s
  2873  1891  316.37761  150 1236  441.00000  316.37761  28.3%   836 6131s
  2874  1892  324.80945 1133 1749  441.00000  316.37761  28.3%   835 6162s
  2875  1892  366.12303  601 2843  441.00000  316.37761  28.3%   835 6170s
  2876  1893  316.37761   81 3055  441.00000  316.37761  28.3%   835 6184s
  2877  1894  326.19395 1145 3374  441.00000  316.37761  28.3%   835 6190s
  2878  1894  321.07958  922 2885  441.00000  316.37761  28.3%   834 6207s
  2879  1895  323.85000  170 2823  441.00000  316.37761  28.3%   834 6212s
  2880  1896  325.19707  232 1187  441.00000  316.37761  28.3%   834 6233s
  2881  1896  323.25875 1078 4887  441.00000  316.37791  28.3%   833 6258s
  2882  1897  316.37791  276 3183  441.00000  316.37791  28.3%   833 6274s
  2883  1898  330.33334  619 2632  441.00000  316.37791  28.3%   833 6278s
  2884  1898  319.51617  139 1935  441.00000  316.37791  28.3%   833 6295s
  2885  1899  316.69573  496 3605  441.00000  316.37791  28.3%   832 6306s
  2886  1900  363.89025  658 3885  441.00000  316.37791  28.3%   832 6328s
  2887  1900  320.02189   74 3618  441.00000  316.37791  28.3%   832 6335s
  2888  1901  325.05000  243 3397  441.00000  316.37791  28.3%   831 6352s
  2889  1902  316.37791   84 2802  441.00000  316.37791  28.3%   831 6364s
  2890  1902  316.37791  153 2717  441.00000  316.37791  28.3%   831 6392s
  2891  1903  330.71291  140 4637  441.00000  316.37791  28.3%   831 6419s
  2892  1904  316.37791   82 2689  441.00000  316.37791  28.3%   830 6439s
  2893  1904  326.17825  518 2689  441.00000  316.37791  28.3%   830 6454s
  2894  1905  316.37791  333 2689  441.00000  316.37791  28.3%   830 6463s
  2895  1909  316.37791   53 3454  441.00000  316.37791  28.3%  1059 6494s
  2897  1912  316.37791   54 4190  441.00000  316.37791  28.3%  1059 6513s
  2901  1915  316.37791   55 4884  441.00000  316.37791  28.3%  1060 6525s
  2905  1917  316.37791   56 3504  441.00000  316.37791  28.3%  1061 6534s
  2909  1920  316.37791   57 3468  441.00000  316.37791  28.3%  1060 6543s
  2913  1922  316.90790   57 6345  441.00000  316.37791  28.3%  1062 6552s
  2918  1924  316.37791   58 3356  441.00000  316.37791  28.3%  1062 6560s
  2922  1927  318.51000   58 4444  441.00000  316.37791  28.3%  1063 6568s
  2926  1929  316.37791   59 3081  441.00000  316.37791  28.3%  1063 6576s
  2930  1932  316.60000   59 4446  441.00000  316.37791  28.3%  1066 6587s
  2934  1936  316.37791   60 3078  441.00000  316.37791  28.3%  1067 6598s
  2939  1938  316.60000   60 4069  441.00000  316.37791  28.3%  1068 6607s
  2943  1942  316.37791   61 2772  441.00000  316.37791  28.3%  1068 6615s
  2948  1946  316.40000   61 2943  441.00000  316.37791  28.3%  1069 6625s
  2954  1950  316.40000   62 2261  441.00000  316.37791  28.3%  1069 6639s
  2960  1955  323.39100   62 3213  441.00000  316.37791  28.3%  1070 6653s
  2967  1959  316.40000   63 2342  441.00000  316.37791  28.3%  1068 6661s
  2973  1963  316.43986   63 3065  441.00000  316.37791  28.3%  1069 6691s
  2979  1967  316.40000   64 2646  441.00000  316.37791  28.3%  1070 6716s
  2985  1970  318.03738   64 2075  441.00000  316.37791  28.3%  1071 6742s
  2992  1972  316.40000   65 2619  441.00000  316.37791  28.3%  1070 6751s
  2997  1977  316.61443   65 2450  441.00000  316.37791  28.3%  1071 6767s
  3003  1981  316.40000   66 2733  441.00000  316.37791  28.3%  1073 6776s
  3009  1986  316.61443   66 3625  441.00000  316.37791  28.3%  1074 6786s
  3016  1992  316.40000   67 2367  441.00000  316.37791  28.3%  1074 6796s
  3027  1997  318.27560   68 4781  441.00000  316.37791  28.3%  1074 6813s
  3035  2003  316.40000   70 3278  441.00000  316.37791  28.3%  1075 6825s
  3044  2007  327.85329   71 8212  441.00000  316.37791  28.3%  1080 6849s
  3053  2014  316.40000   72 2655  441.00000  316.37791  28.3%  1081 6864s
  3063  2023  316.40000   73 4287  441.00000  316.37791  28.3%  1082 6878s
  3075  2029  316.45301   73 3226  441.00000  316.37791  28.3%  1081 6895s
  3085  2034  316.42059   75 5203  441.00000  316.37791  28.3%  1084 6913s
  3094  2040  316.42059   77 5115  441.00000  316.37791  28.3%  1084 6935s
  3103  2044  316.43610   79 4426  441.00000  316.37791  28.3%  1085 6952s
  3110  2049  321.85000   79 3378  441.00000  316.37791  28.3%  1087 6972s
  3117  2052  316.43610   81 4248  441.00000  316.37791  28.3%  1087 6994s
  3122  2053  316.43610   82 4237  441.00000  316.37791  28.3%  1089 7024s
  3127  2055  321.68403   82 1942  441.00000  316.37791  28.3%  1090 7047s
  3131  2058  316.44563   83 4936  441.00000  316.37791  28.3%  1092 7066s
  3135  2065  321.44537   83 1582  441.00000  316.37791  28.3%  1092 7090s
  3143  2071  316.44563   84 5322  441.00000  316.37791  28.3%  1093 7128s
  3152  2075  320.86370   84 8201  441.00000  316.37791  28.3%  1094 7176s
  3159  2081  320.86370   85 8201  441.00000  316.37791  28.3%  1096 7200s

Cutting planes:
  Gomory: 11
  Cover: 283
  Implied bound: 17
  Projected implied bound: 17
  Clique: 8
  MIR: 60
  StrongCG: 2
  Flow cover: 284
  GUB cover: 48
  Zero half: 20
  RLT: 85
  Relax-and-lift: 28

Explored 3167 nodes (3885947 simplex iterations) in 7200.12 seconds (6004.09 work units)
Thread count was 4 (of 8 available processors)

Solution count 6: 441 442.1 443.6 ... 450

Time limit reached
Best objective 4.410000000000e+02, best bound 3.164000000000e+02, gap 28.2540%
