
Gurobi 13.0.2 (linux64) logging started Sun Jun 28 01:43:16 2026

Set parameter LogFile to value "src/Resultados/Restriccion cota global/logs/RC203-25.xml_log.log"
Set parameter Threads to value 4
Gurobi Optimizer version 13.0.2 build v13.0.2rc1 (linux64 - "Rocky Linux 9.7 (Blue Onyx)")

CPU model: QEMU Virtual CPU version 2.5+, instruction set [SSE2]
Thread count: 8 physical cores, 8 logical processors, using up to 4 threads

Non-default parameters:
TimeLimit  7200
Threads  4

Optimize a model with 115231 rows, 67965 columns and 450585 nonzeros (Min)
Model fingerprint: 0x197a11eb
Model has 5070 linear objective coefficients
Variable types: 15585 continuous, 52380 integer (52365 binary)
Coefficient statistics:
  Matrix range     [1e+00, 2e+05]
  Objective range  [2e+00, 6e+01]
  Bounds range     [1e+00, 2e+03]
  RHS range        [1e+00, 2e+05]

Presolve removed 37965 rows and 120 columns
Presolve time: 1.90s
Presolved: 77266 rows, 67845 columns, 324975 nonzeros
Variable types: 375 continuous, 67470 integer (59340 binary)
Deterministic concurrent LP optimizer: primal and dual simplex
Showing primal log only...


Root simplex log...

Iteration    Objective       Primal Inf.    Dual Inf.      Time
   25880    3.9005801e+02   1.196453e+02   4.981175e+09      5s
   33768    3.7168769e+02   5.489495e+00   1.374944e+09     10s
   39509    2.9946027e+02   0.000000e+00   5.773604e+04     15s
   45609    2.7940007e+02   5.370254e+01   0.000000e+00     20s
   48417    2.7940000e+02   0.000000e+00   0.000000e+00     23s
Concurrent spin time: 6.30s (can be avoided by choosing Method=3)

Solved with primal simplex

Root relaxation: objective 2.794000e+02, 48417 iterations, 26.66 seconds (21.59 work units)

    Nodes    |    Current Node    |     Objective Bounds      |     Work
 Expl Unexpl |  Obj  Depth IntInf | Incumbent    BestBd   Gap | It/Node Time

     0     0  279.40000    0 4259          -  279.40000      -     -   47s
     0     0  279.40000    0 3419          -  279.40000      -     -   48s
     0     0  279.40000    0 4721          -  279.40000      -     -   70s
     0     0  279.40000    0 5003          -  279.40000      -     -   71s
     0     0  279.40000    0 5082          -  279.40000      -     -   73s
     0     0  279.40000    0 7738          -  279.40000      -     -   83s
     0     0  279.40000    0 3478          -  279.40000      -     -   93s
     0     0  279.40000    0 3623          -  279.40000      -     -  116s
     0     0  279.40000    0 9260          -  279.40000      -     -  125s
     0     0  279.40000    0 9260          -  279.40000      -     -  125s
     0     0  279.40000    0 6109          -  279.40000      -     -  140s
     0     0  279.40000    0 6013          -  279.40000      -     -  142s
     0     0  279.40000    0 6016          -  279.40000      -     -  143s
     0     0  279.40000    0 9100          -  279.40000      -     -  160s
     0     0  279.40000    0 9100          -  279.40000      -     -  160s
     0     0  279.40000    0 8084          -  279.40000      -     -  192s
     0     0  279.40000    0 8059          -  279.40000      -     -  194s
     0     0  279.40000    0 12130          -  279.40000      -     -  201s
     0     0  279.40000    0 12130          -  279.40000      -     -  201s
     0     0  279.40000    0 5918          -  279.40000      -     -  214s
     0     0  279.40000    0 5918          -  279.40000      -     -  216s
     0     0  279.40000    0 5918          -  279.40000      -     -  220s
     0     2  279.40000    0 5918          -  279.40000      -     -  235s
     3     8  279.40000    2 8653          -  279.40000      -  1169  240s
    11    22  279.86804    4 9053          -  279.40000      -  1117  259s
    21    34  279.86804    5 10279          -  279.40000      -   764  262s
    48    60  279.86804   11 8642          -  279.40000      -   496  265s
    64    78  279.86804   14 8049          -  279.40000      -   443  270s
   104   114  280.08088   20 11190          -  279.40000      -   332  275s
   117   122  280.08088   23 4939          -  279.40000      -   406  283s
   121   128  280.08088   24 7448          -  279.40000      -   507  286s
   136   144  280.34693   27 7886          -  279.40000      -   513  291s
   177   191  280.55977   39 10372          -  279.40000      -   415  295s
   218   242  280.55977   42 9722          -  279.40000      -   349  300s
   259   283  280.99692   52 11304          -  279.40000      -   307  305s
   313   331  281.01548   64 12410          -  279.40000      -   271  312s
   330   363  281.01548   72 13538          -  279.40000      -   279  316s
   376   393  281.40961   76 13652          -  279.40000      -   258  321s
   406   444  281.65010   79 13495          -  279.40000      -   245  327s
   443   484  281.65010   81 13539          -  279.40000      -   231  330s
   483   499  281.65010   84 13687          -  279.40000      -   215  343s
   498   503  281.65010   86 12758          -  279.40000      -   212  385s
   516   534  281.65010   98 10917          -  279.40000      -   208  390s
   543   567  282.23207  119 10840          -  279.40000      -   203  397s
   566   579  282.31366  138 10680          -  279.40000      -   196  405s
   638   706  282.44018  155 9649          -  279.40000      -   181  424s
   705   771  282.48572  179 9652          -  279.40000      -   166  430s
   844   910  282.55489  210 9151          -  279.40000      -   148  438s
   909  1011  282.66459  215 8434          -  279.40000      -   143  441s
  1010  1119  282.72694  232 8945          -  279.40000      -   135  445s
  1232  1262  283.55756  277 8223          -  279.40000      -   121  453s
  1272  1344  283.56132  288 8843          -  279.40000      -   122  457s
  1354  1389  283.74213  312 9845          -  279.40000      -   120  462s
  1399  1495  283.78108  319 9069          -  279.40000      -   120  466s
  1505  1582  283.84762  329 10510          -  279.40000      -   118  471s
  1592  1677  283.97105  340 10626          -  279.40000      -   117  475s
  1687  1737  284.74440  354 10287          -  279.40000      -   117  481s
  1747  1833  285.00409  360 10455          -  279.40000      -   117  487s
  1843  1893  285.00958  386 11218          -  279.40000      -   116  494s
  1903  1949  285.00958  392 10357          -  279.40000      -   118  499s
  1959  2007  285.56493  401 10522          -  279.40000      -   122  505s
  2017  2060  285.62663  409 9676          -  279.40000      -   126  510s
  2070  2122  285.62663  415 11132          -  279.40000      -   128  516s
  2132  2181  286.29467  426 12935          -  279.40000      -   129  522s
  2191  2229  286.64294  435 11924          -  279.40000      -   132  529s
  2239  2298  286.98958  452 12155          -  279.40000      -   137  536s
  2308  2317  287.41607  468 10069          -  279.40000      -   141  574s
  2327  2390  287.41607  472 8234          -  279.40000      -   143  581s
  2400  2530  287.78630  482 9386          -  279.40000      -   146  589s
  2540  2658  288.25441  508 11204          -  279.40000      -   144  597s
  2668  2753  288.52676  530 12239          -  279.40000      -   145  605s
  2763  2850  288.76994  545 13498          -  279.40000      -   147  612s
  2860  2960  290.21806  580 11853          -  279.40000      -   149  620s
  2970  3072  291.23727  598 11366          -  279.40000      -   151  630s
  3082  3167  293.66872  622 10642          -  279.40000      -   152  639s
  3177  3274  294.86544  651 12286          -  279.40000      -   155  649s
  3284  3419  298.06526  680 12979          -  279.40000      -   157  660s
  3429  3545  320.82065  736 12106          -  279.40000      -   157  671s
  3556  3687  375.48600  808 11798          -  279.40000      -   158  684s
  3698  3827  376.44623  880 12796          -  279.40000      -   158  696s
  3838  3941  387.88452  958 11894          -  279.40000      -   159  708s
  3953  4048  453.28092  999 8588          -  279.40000      -   162  731s
  4063  4175  453.43699 1025 11728          -  279.40000      -   163  746s
  4192  4388  453.71792 1063 8095          -  279.40000      -   163  763s
  4409  4676  454.09958 1147 11343          -  279.40000      -   160  780s
  4697  5034  454.49644 1268 11280          -  279.40000      -   155  798s
  5059  5157  471.50000 1343 6857          -  279.40000      -   151  856s
  5196  5158  289.00000  601 5918          -  279.40000      -   152 1121s
  5198  5159  376.09976  799 7816          -  279.51151      -   152 1185s
  5199  5160  377.02064  888 7962          -  283.31000      -   152 1219s
  5200  5161  391.41808 1100 7472          -  284.12732      -   152 1267s
  5201  5161  289.37111  493 8417          -  284.79298      -   152 1304s
  5202  5162  291.10000  796 8880          -  285.41434      -   151 1369s
  5203  5163  285.45382  155 8010          -  285.45382      -   151 1396s
  5204  5163  453.94277 1079 7326          -  285.88387      -   151 1463s
  5205  5164  285.93736  348 7655          -  285.93736      -   151 1522s
  5206  5165  287.36913   74 8255          -  287.36913      -   151 1594s
  5207  5165  287.39359  146 7608          -  287.39359      -   151 1620s
  5208  5166  287.39359  259 7500          -  287.39359      -   151 1663s
  5209  5167  291.10000  592 5462          -  287.39359      -   151 1692s
  5210  5167  454.17655 1127 5905          -  287.39359      -   151 1715s
  5211  5168  291.10000  795 4266          -  287.39359      -   151 1735s
  5212  5169  385.93439 1103 8065          -  287.39359      -   151 1751s
  5213  5169  287.39359  112 6357          -  287.39359      -   151 1769s
  5214  5170  289.70000  477 5243          -  287.39359      -   151 1783s
  5215  5171  287.39359  442 3076          -  287.39359      -   151 1807s
  5216  5171  289.70000  459 5321          -  287.39359      -   151 1829s
  5217  5172  291.10000  695 3525          -  287.39359      -   151 1850s
  5218  5173  454.41419 1243 3898          -  287.39359      -   151 1867s
  5219  5173  287.39359   69 2569          -  287.39359      -   151 1888s
  5220  5174  386.38324 1197 1968          -  287.39359      -   151 1903s
  5221  5175  287.39359  193 2315          -  287.39359      -   151 1924s
  5222  5175  455.74747 1326 3052          -  287.39359      -   151 1940s
  5223  5176  287.39359  251 2526          -  287.39359      -   151 1962s
  5224  5177  291.10000  680 3500          -  287.39359      -   151 1976s
  5225  5177  287.39359  340 2706          -  287.39359      -   151 2002s
  5226  5178  287.50000  431 5019          -  287.39359      -   151 2024s
  5227  5179  377.02064  888 3142          -  287.39359      -   151 2044s
  5228  5179  295.10000  706 4838          -  287.39359      -   151 2057s
  5229  5180  390.09440  973 2666          -  287.42351      -   151 2080s
  5230  5181  287.56290  652 4686          -  287.56290      -   151 2094s
  5231  5181  287.56616    8 2446          -  287.56616      -   151 2109s
  5232  5182  287.59603  346 3240          -  287.59603      -   151 2118s
  5233  5183  457.31185 1291 3753          -  287.68620      -   151 2135s
  5234  5183  287.68900  180 3416          -  287.68900      -   151 2146s
  5235  5184  387.06197  952 1358          -  287.70311      -   151 2165s
  5236  5185  287.79844   27 3137          -  287.79844      -   150 2179s
  5237  5185  287.93386  367 2228          -  287.93386      -   150 2223s
  5238  5186  287.93386   39 4714          -  287.93386      -   150 2251s
  5239  5187  386.18848 1125 1754          -  287.93386      -   150 2268s
  5240  5187  287.93386  404 3163          -  287.93386      -   150 2287s
  5241  5188  295.60000  377 2687          -  287.93386      -   150 2304s
  5242  5189  287.93386  110 3277          -  287.93386      -   150 2310s
  5243  5189  287.93386  303 2728          -  287.93386      -   150 2325s
  5244  5190  287.93386   15 3174          -  287.93386      -   150 2336s
  5245  5191  458.74474 1236 1878          -  287.93386      -   150 2361s
  5248  5194  287.93386  147 5918          -  287.93386      -   268 2404s
  5249  5195  301.60000  424 5918          -  287.93386      -   268 2405s
  5250  5195  287.93386  430 9960          -  287.93386      -   268 2484s
  5251  5196  287.93386   93 3500          -  287.93386      -   268 2508s
  5252  5197  287.93386  349 6506          -  287.93386      -   268 2551s
  5253  5197  287.93386  415 2282          -  287.93386      -   267 2580s
  5254  5198  457.73482 1300 5109          -  287.93386      -   267 2624s
  5255  5199  288.76994  543 2914          -  287.93386      -   267 2657s
  5256  5199  287.93386  141 5060          -  287.93386      -   267 2708s
  5257  5200  287.93386  291 4391          -  287.93386      -   267 2746s
  5258  5201  287.93386  274 6034          -  287.93386      -   267 2807s
  5259  5201  471.50975 1355 3314          -  287.93386      -   267 2845s
  5260  5202  289.20000  304 5450          -  287.93386      -   267 2909s
  5261  5203  287.93386   45 4858          -  287.93386      -   267 2926s
  5262  5203  287.94518  187 5633          -  287.94518      -   267 2967s
  5263  5204  296.60000  587 3202          -  287.94857      -   267 2989s
  5264  5205  291.60000  749 4275          -  287.95702      -   267 3022s
  5265  5205  287.97644  129 4007          -  287.97644      -   267 3044s
  5266  5206  376.80356  867 4558          -  288.04743      -   267 3111s
  5267  5207  376.58911  784 4137          -  288.21529      -   267 3135s
  5268  5207  387.08675 1267 2785          -  288.21624      -   267 3196s
  5269  5208  454.07905 1089 1239          -  288.21624      -   267 3237s
  5270  5209  401.79202  977 3733          -  288.21667      -   267 3289s
  5271  5209  387.22268 1290 4354          -  288.21770      -   267 3307s
  5272  5210  294.94619  858 3322          -  288.24209      -   267 3323s
  5273  5211  288.25377  505 3534          -  288.25377      -   266 3347s
  5274  5211  457.26675 1296 3737          -  288.27381      -   266 3359s
  5275  5212  288.27381   84 3221          -  288.27381      -   266 3383s
  5276  5213  288.70000  568 4863          -  288.37381      -   266 3408s
  5277  5213  293.10000  398 3831          -  288.37821      -   266 3427s
  5278  5214  471.86771 1373 5572          -  288.39667      -   266 3441s
  5279  5215  288.41667  266 3735          -  288.41667      -   266 3458s
  5280  5215  308.20000  611 3918          -  288.41667      -   266 3472s
  5281  5216  455.92005 1017 2992          -  288.85238      -   266 3486s
  5282  5217  288.85238  157 3144          -  288.85238      -   266 3499s
  5283  5217  291.60000  534 4910          -  289.09769      -   266 3517s
  5284  5218  289.20963  435 5051          -  289.20963      -   266 3530s
  5285  5219  289.42974  339 6181          -  289.42974      -   266 3548s
  5286  5219  455.92674 1213 6414          -  289.47498      -   266 3559s
  5287  5220  289.60734  312 5597          -  289.60734      -   266 3579s
  5288  5221  471.80793 1361 5487          -  289.60739      -   266 3584s
  5289  5221  369.18622 1024 5430          -  289.60739      -   266 3600s
  5290  5222  304.10920 1004 6137          -  289.60956      -   266 3615s
  5291  5223  289.60956  226 4764          -  289.60956      -   266 3633s
  5292  5223  455.25361  963 5039          -  289.60956      -   266 3653s
  5293  5224  289.60956  115 1562          -  289.60956      -   265 3674s
  5294  5225  289.61526  192 6061          -  289.61526      -   265 3705s
  5295  5225  289.61526  340 6103          -  289.61526      -   265 3720s
  5296  5226  289.61526  601 6110          -  289.61526      -   265 3761s
  5297  5227  289.61526   99 6204          -  289.61526      -   265 3775s
  5298  5227  376.09976  799 6527          -  289.62174      -   265 3806s
  5299  5228  377.02064  888 5980          -  289.62174      -   265 3823s
  5300  5229  391.41808 1100 5263          -  289.62572      -   265 3850s
  5301  5229  289.62572  493 5301          -  289.62572      -   265 3861s
  5302  5230  291.10000  796 6239          -  289.62572      -   265 3880s
  5303  5231  289.62572  155 2974          -  289.62572      -   265 3899s
  5304  5231  453.94277 1079 4036          -  289.63001      -   265 3911s
  5305  5232  289.63001  348 3776          -  289.63001      -   265 3929s
  5306  5233  289.63001   74 3900          -  289.63001      -   265 3935s
  5307  5233  289.63269  146 2878          -  289.63269      -   265 3961s
  5308  5234  289.63269  259 6024          -  289.63269      -   265 3983s
  5309  5235  291.10000  592 4526          -  289.63269      -   265 4000s
  5310  5235  454.17655 1127 4084          -  289.63269      -   265 4009s
  5311  5236  291.10000  795 3125          -  289.63619      -   265 4034s
  5312  5237  385.93439 1103 4479          -  289.63619      -   265 4041s
  5313  5237  289.63619  112 2955          -  289.63619      -   264 4058s
  5314  5238  289.70000  477 5754          -  289.63619      -   264 4069s
  5315  5239  289.63619  442 2945          -  289.63619      -   264 4088s
  5316  5239  289.70000  459 4316          -  289.63619      -   264 4099s
  5317  5240  291.10000  695 2985          -  289.63619      -   264 4121s
  5320  5243  386.38324 1197 5918          -  289.63619      -   410 4157s
  5322  5244  455.74747 1326 9982          -  289.63619      -   409 4251s
  5323  5245  289.63619  251 2559          -  289.63619      -   409 4266s
  5324  5246  291.10000  680 7710          -  289.63619      -   409 4298s
  5325  5246  289.63619  340 5130          -  289.63619      -   409 4320s
  5326  5247  289.63619  431 5953          -  289.63619      -   409 4367s
  5327  5248  377.02064  888 4172          -  289.63619      -   409 4383s
  5328  5248  295.10000  706 5022          -  289.63619      -   409 4394s
  5329  5249  390.09440  973 1807          -  289.63619      -   409 4413s
  5330  5250  289.63619  652 3122          -  289.63619      -   409 4422s
  5331  5250  289.63619    8 2014          -  289.63619      -   409 4437s
  5332  5251  289.63619  346 5509          -  289.63619      -   409 4455s
  5333  5252  457.31185 1291 2032          -  289.64360      -   409 4481s
  5334  5252  289.64360  180 3682          -  289.64360      -   409 4498s
  5335  5253  387.06197  952 4230          -  289.64360      -   408 4511s
  5336  5254  289.66667   27 4845          -  289.66667      -   408 4525s
  5337  5254  289.66667  367 4373          -  289.66667      -   408 4553s
  5338  5255  289.66667   39 5477          -  289.66667      -   408 4572s
  5339  5256  386.18848 1125 4631          -  289.66667      -   408 4591s
  5340  5256  289.66667  404 3756          -  289.66667      -   408 4620s
  5341  5257  295.60000  377 3607          -  289.66667      -   408 4719s
  5342  5258  289.66667  110 3201          -  289.66667      -   408 4759s
  5343  5258  289.66667  303 2967          -  289.66667      -   408 4776s
  5344  5259  289.66667   15 2863          -  289.66667      -   408 4787s
  5345  5260  458.74474 1236 3092          -  289.66667      -   408 4809s
  5346  5260  289.66667   86 4217          -  289.66667      -   408 4828s
  5347  5261  289.70000  338 4694          -  289.70000      -   408 4851s
  5348  5262  289.70000  147 4736          -  289.70000      -   407 4863s
  5349  5262  301.60000  424 2362          -  289.70000      -   407 4882s
  5350  5263  289.70000  430 2128          -  289.70000      -   407 4906s
  5351  5264  289.70000   93 2895          -  289.70000      -   407 4924s
  5352  5264  289.70000  349 3095          -  289.70000      -   407 4951s
  5353  5265  289.70000  415 2075          -  289.70000      -   407 4966s
  5354  5266  457.73482 1300 2926          -  289.70000      -   407 4986s
  5355  5266  289.70000  543 2319          -  289.70000      -   407 5006s
  5356  5267  289.70000  141 3101          -  289.70000      -   407 5019s
  5357  5268  289.70000  291 3523          -  289.70000      -   407 5052s
  5358  5268  289.70000  274 3084          -  289.70000      -   407 5066s
  5359  5269  471.50975 1355 3232          -  289.70015      -   407 5079s
  5360  5270  289.70015  304 3232          -  289.70015      -   407 5091s
  5361  5270  289.70015   45 3232          -  289.70015      -   407 5111s
  5362  5274  289.70061   34 3012          -  289.70061      -   479 5128s
  5364  5277  289.70061   35 3185          -  289.70061      -   479 5137s
  5368  5280  289.70061   36 3124          -  289.70061      -   480 5143s
  5372  5288  289.70061   37 4834          -  289.70061      -   480 5150s
  5381  5290  289.70066   38 6171          -  289.70061      -   480 5164s
  5386  5295  289.70061   39 6364          -  289.70061      -   481 5190s
  5393  5300  289.70065   40 6408          -  289.70061      -   481 5196s
  5400  5306  289.70066   41 6399          -  289.70061      -   482 5209s
  5409  5312  289.70066   42 6393          -  289.70061      -   481 5216s
  5418  5325  289.70068   43 6396          -  289.70061      -   482 5222s
  5436  5336  290.10000   45 5370          -  289.70061      -   482 5225s
  5455  5361  289.74162   48 5553          -  289.70061      -   482 5230s
  5486  5360  289.78661   51 6551          -  289.70061      -   481 5237s
  5495  5379  289.82552   52 6549          -  289.70061      -   482 5241s
  5524  5388  289.84648   57 5243          -  289.70061      -   481 5247s
  5543  5392  289.88655   60 5446          -  289.70061      -   482 5251s
  5553  5396  296.30000   61 6436          -  289.70061      -   483 5259s
  5561  5399  289.91258   63 5826          -  289.70061      -   483 5274s
  5566  5401 infeasible   63               -  289.70061      -   483 5283s
  5572  5409  293.30000   64 3733          -  289.70061      -   483 5289s
  5582  5418  289.92387   65 5824          -  289.70061      -   484 5301s
  5596  5419  293.30000   65 5065          -  289.70061      -   484 5309s
  5602  5429  289.97733   66 5236          -  289.70061      -   485 5317s
  5614  5431  297.00400   66 4814          -  289.70061      -   485 5330s
  5620  5437  289.97733   67 5596          -  289.70061      -   485 5336s
  5628  5442  289.97733   67 4389          -  289.70061      -   487 5341s
  5636  5448  289.97733   68 4846          -  289.70061      -   488 5352s
  5644  5451  290.60217   68 6714          -  289.70061      -   490 5358s
  5650  5459  289.97733   69 4783          -  289.70061      -   491 5367s
  5660  5462  289.97733   69 4534          -  289.70061      -   493 5380s
  5666  5464  289.97733   70 3847          -  289.70061      -   495 5387s
  5670  5468  290.20511   70 6892          -  289.70061      -   495 5395s
  5676  5478  289.97733   71 4202          -  289.70061      -   497 5408s
  5688  5480  289.97733   71 4264          -  289.70061      -   499 5420s
  5694  5486  289.97733   72 4541          -  289.70061      -   501 5430s
  5702  5492  289.97733   72 3202          -  289.70061      -   502 5443s
  5710  5494  289.97733   73 3973          -  289.70061      -   504 5451s
  5715  5501  289.97733   73 3520          -  289.70061      -   505 5460s
  5724  5508  289.97733   74 3996          -  289.70061      -   507 5478s
  5734  5512  289.97733   74 3760          -  289.70061      -   510 5490s
  5741  5521  289.97733   75 3511          -  289.70061      -   511 5514s
  5752  5529  289.97733   76 3407          -  289.70061      -   512 5534s
  5764  5532  289.97733   78 1754          -  289.70061      -   513 5585s
  5771  5540  289.97733   79 1742          -  289.70061      -   515 5603s
  5781  5543  293.60000   80  477          -  289.70061      -   516 5702s
  5788  5562  289.97733   81 1794          -  289.70061      -   518 5723s
  5809  5563  289.97733   84 1782          -  289.70061      -   523 5748s
  5817  5579  289.97733   85 1756          -  289.70061      -   524 5760s
  5836  5584  289.97733   88 2171          -  289.70061      -   530 5808s
  5847  5612  290.36387   89 2043          -  289.70061      -   533 5824s
  5879  5638  292.20000   93 2207          -  289.70061      -   537 5837s
  5925  5629  292.25014   98 2251          -  289.70061      -   540 5865s
  5932  5692  292.20000   99 2953          -  289.70061      -   541 5875s
  6001  5759  354.86141  113  556          -  289.70061      -   541 5889s
  6103  5738  358.10318  129  370          -  289.70061      -   537 5906s
  6116  5806  294.44268  133  998          -  289.70061      -   538 5922s
  6188  5847  294.45847  138  986          -  289.70061      -   537 5950s
  6253  5832  357.75843  138  369          -  289.70061      -   537 5978s
  6260  5863  294.45968  139  985          -  289.70061      -   537 5999s
  6293  5915  294.49483  148  950          -  289.70061      -   537 6018s
  6376  5897  294.55127  158  915          -  289.70061      -   536 6039s
  6388  5956  358.02269  158  638          -  289.70061      -   536 6059s
  6457  5955  294.59008  168  893          -  289.70061      -   535 6080s
  6479  6036  294.60963  173  883          -  289.70061      -   535 6102s
  6587  6038  294.63317  184  871          -  289.70061      -   532 6126s
  6625  6033  357.91884  184  429          -  289.70061      -   534 6147s
  6635  6072  294.64206  185  809          -  289.70061      -   535 6171s
  6677  6186  294.65752  186  803          -  289.70061      -   535 6196s
  6819  6144  357.90008  209  461          -  289.70061      -   533 6226s
  6825  6178  294.76902  210  749          -  289.70061      -   534 6249s
  6863  6217  357.87068  210  565          -  289.70061      -   535 6277s
  6916  6212  294.79924  217  734          -  289.70061      -   536 6305s
  6929  6233  294.80305  220  737          -  289.70061      -   537 6345s
  6956  6280  294.81061  225  729          -  289.70061      -   538 6375s
  7018  6269  294.81841  227  726          -  289.70061      -   538 6412s
  7030  6383  294.84041  229  717          -  289.70061      -   539 6441s
  7156  6349  294.90514  247  696          -  289.70061      -   540 6475s
  7168  6348  357.67384  247  512          -  289.70061      -   540 6514s
  7173  6350  294.90739  248  695          -  289.70061      -   540 6548s
  7177  6353  357.69526  248  354          -  289.70061      -   540 6587s
  7181  6356  294.90739  249  890          -  289.70061      -   539 6618s
  7185  6364  357.69464  249  426          -  289.70061      -   539 6660s
  7195  6364  294.94700  253  677          -  289.70061      -   539 6775s
  7200  6367  358.12098  253  217          -  289.70061      -   539 6811s
  7207  6383  294.95460  255  677          -  289.70061      -   539 6918s
  7227  6398  294.99984  261  665          -  289.70061      -   539 6972s
  7253  6424  295.01654  266  972          -  289.70061      -   538 7016s
  7303  6407  357.86380  266  309          -  289.70061      -   538 7054s
  7323  6583  295.01654  267  658          -  289.70061      -   537 7095s
  7554  6517  358.14266  291  349          -  289.70061      -   529 7189s
  7565  6568  295.28437  292  634          -  289.70061      -   529 7200s

Cutting planes:
  Learned: 1
  Gomory: 8
  Cover: 86
  Implied bound: 32
  Projected implied bound: 51
  Clique: 8
  MIR: 151
  StrongCG: 10
  Flow cover: 206
  GUB cover: 50
  Zero half: 28
  RLT: 33
  Relax-and-lift: 58

Explored 7621 nodes (4224355 simplex iterations) in 7200.08 seconds (6226.23 work units)
Thread count was 4 (of 8 available processors)

Solution count 0

Time limit reached
Best objective -, best bound 2.898000000000e+02, gap -
