
Gurobi 13.0.2 (linux64) logging started Sun Jul 12 08:41:33 2026

Set parameter LogFile to value "src/Resultados/Restriccion_solo_cliques/logs/R106-50.xml_log.log"
Set parameter Threads to value 4
Gurobi Optimizer version 13.0.2 build v13.0.2rc1 (linux64 - "Rocky Linux 9.7 (Blue Onyx)")

CPU model: QEMU Virtual CPU version 2.5+, instruction set [SSE2]
Thread count: 8 physical cores, 8 logical processors, using up to 4 threads

Non-default parameters:
TimeLimit  7200
Threads  4

Optimize a model with 239410 rows, 149850 columns and 2395800 nonzeros (Min)
Model fingerprint: 0xc72e2684
Model has 32775 linear objective coefficients
Variable types: 29430 continuous, 120420 integer (120405 binary)
Coefficient statistics:
  Matrix range     [1e+00, 4e+04]
  Objective range  [4e+00, 6e+01]
  Bounds range     [1e+00, 2e+03]
  RHS range        [1e+00, 4e+04]

Presolve removed 0 rows and 0 columns (presolve time = 5s)...
Presolve removed 71776 rows and 420 columns (presolve time = 10s)...
Presolve removed 71971 rows and 510 columns (presolve time = 15s)...
Presolve removed 71866 rows and 405 columns
Presolve time: 15.49s
Presolved: 167544 rows, 149445 columns, 826875 nonzeros
Variable types: 750 continuous, 148695 integer (132840 binary)
Deterministic concurrent LP optimizer: primal simplex, dual simplex, and barrier
Showing barrier log only...

Root barrier log...

Ordering time: 2.35s

Barrier statistics:
 Dense cols : 105
 AA' NZ     : 3.085e+06
 Factor NZ  : 1.172e+07 (roughly 220 MB of memory)
 Factor Ops : 3.876e+09 (roughly 1 second per iteration)
 Threads    : 1

                  Objective                Residual
Iter       Primal          Dual         Primal    Dual     Compl     Time
   0   3.30403309e+06 -3.21555635e+06  1.83e+05 4.44e-16  2.54e+02    25s
   1   1.41058736e+06 -3.57128086e+06  7.88e+04 8.05e-01  1.09e+02    26s
   2   1.38613423e+06 -3.66854568e+06  7.74e+04 5.68e-01  1.02e+02    28s
   3   2.51060683e+05 -3.36608966e+06  1.47e+04 1.28e-11  2.37e+01    29s
   4   6.48199509e+04 -9.73533046e+05  3.69e+03 1.84e-11  5.73e+00    30s
   5   1.02645476e+04 -1.96394989e+05  5.02e+02 1.97e-12  8.52e-01    31s
   6   3.85150449e+03 -7.06776878e+04  1.34e+02 4.85e-13  2.55e-01    32s
   7   1.63768611e+03 -1.95198627e+04  1.28e+01 8.90e-14  5.77e-02    34s
   8   1.16000471e+03 -8.47691159e+03  2.15e+00 3.89e-14  2.45e-02    35s
   9   9.20962697e+02 -3.20316932e+03  5.78e-01 1.71e-14  1.04e-02    37s
  10   6.68639412e+02 -2.52232743e+02  2.98e-02 1.08e-14  2.27e-03    39s
  11   6.08186467e+02  2.60860153e+02  1.04e-02 9.37e-15  8.54e-04    40s
  12   5.84350098e+02  3.78230087e+02  6.45e-03 5.73e-15  5.07e-04    42s
  13   5.87796156e+02  4.40772030e+02  5.70e-03 8.47e-15  3.61e-04    43s
  14   5.63439156e+02  5.60703820e+02  1.98e-05 3.28e-15  6.69e-06    44s
  15   5.62700743e+02  5.62697977e+02  5.02e-11 1.53e-15  6.77e-09    45s
  16   5.62700001e+02  5.62699998e+02  9.55e-12 1.88e-15  6.77e-12    46s

Barrier solved model in 16 iterations and 46.48 seconds (21.30 work units)
Optimal objective 5.62700001e+02


Root crossover log...

    9658 DPushes remaining with DInf 0.0000000e+00                47s
       0 DPushes remaining with DInf 0.0000000e+00                47s

   60025 PPushes remaining with PInf 0.0000000e+00                47s
   13576 PPushes remaining with PInf 0.0000000e+00                50s
       0 PPushes remaining with PInf 0.0000000e+00                52s

  Push phase complete: Pinf 0.0000000e+00, Dinf 3.5527137e-14     52s


Root simplex log...

Iteration    Objective       Primal Inf.    Dual Inf.      Time
   69686    5.6270000e+02   0.000000e+00   0.000000e+00     52s
Crossover time: 5.56 seconds (2.89 work units)
Concurrent spin time: 0.00s

Solved with barrier

Root relaxation: objective 5.627000e+02, 69686 iterations, 34.14 seconds (13.73 work units)

    Nodes    |    Current Node    |     Objective Bounds      |     Work
 Expl Unexpl |  Obj  Depth IntInf | Incumbent    BestBd   Gap | It/Node Time

     0     0  562.70000    0 8295          -  562.70000      -     -  147s
     0     0  562.70000    0 8244          -  562.70000      -     -  150s
     0     0  562.70000    0 12934          -  562.70000      -     -  201s
     0     0  562.70000    0 12468          -  562.70000      -     -  216s
     0     0  562.70000    0 13932          -  562.70000      -     -  243s
     0     0  562.70000    0 13932          -  562.70000      -     -  243s
     0     0  562.70000    0 4917          -  562.70000      -     -  284s
     0     0  562.70000    0 8406          -  562.70000      -     -  307s
     0     0  562.70000    0 11179          -  562.70000      -     -  339s
     0     0  562.70000    0 11179          -  562.70000      -     -  339s
     0     0  562.70000    0 5672          -  562.70000      -     -  368s
     0     0  562.70000    0 5695          -  562.70000      -     -  385s
     0     0  562.70000    0 5854          -  562.70000      -     -  389s
     0     0  562.70000    0 13215          -  562.70000      -     -  447s
     0     0  562.70000    0 13215          -  562.70000      -     -  447s
     0     0  562.70000    0 3354          -  562.70000      -     -  496s
     0     0  562.70000    0 5543          -  562.70000      -     -  523s
     0     0  562.70000    0 10884          -  562.70000      -     -  569s
     0     0  562.70000    0 10884          -  562.70000      -     -  569s
     0     0  562.70000    0 4059          -  562.70000      -     -  618s
     0     0  562.70000    0 4194          -  562.70000      -     -  637s
     0     0  562.70000    0 4222          -  562.70000      -     -  638s
     0     0  562.70000    0 6753          -  562.70000      -     -  680s
     0     0  562.70000    0 6753          -  562.70000      -     -  680s
     0     0  562.70000    0 4961          -  562.70000      -     -  757s
     0     0  562.70000    0 6065          -  562.70000      -     -  800s
     0     0  568.45394    0 9878          -  568.45394      -     -  854s
     0     0  568.45394    0 9878          -  568.45394      -     -  855s
     0     0  568.45394    0 4956          -  568.45394      -     -  907s
     0     0  568.86686    0 9701          -  568.86686      -     -  944s
     0     0  568.86686    0 9962          -  568.86686      -     -  970s
     0     0  578.72038    0 11904          -  578.72038      -     - 1012s
     0     0  578.99093    0 8896          -  578.99093      -     - 1041s
     0     0  578.99959    0 9422          -  578.99959      -     - 1045s
     0     0  579.00625    0 9416          -  579.00625      -     - 1046s
     0     0  579.00659    0 9417          -  579.00659      -     - 1046s
     0     0  580.44770    0 11332          -  580.44770      -     - 1067s
     0     0  580.52609    0 13836          -  580.52609      -     - 1092s
     0     0  580.52609    0 13707          -  580.52609      -     - 1093s
     0     0  580.58976    0 8540          -  580.58976      -     - 1096s
     0     0  580.59263    0 9380          -  580.59263      -     - 1098s
     0     0  580.59263    0 8611          -  580.59263      -     - 1100s
     0     0  582.46494    0 14240          -  582.46494      -     - 1110s
     0     0  582.47053    0 11287          -  582.47053      -     - 1130s
     0     0  582.47053    0 13710          -  582.47053      -     - 1131s
     0     0  583.06272    0 11565          -  583.06272      -     - 1146s
     0     0  583.09622    0 9869          -  583.09622      -     - 1162s
     0     0  583.09622    0 9903          -  583.09622      -     - 1164s
     0     0  584.62522    0 13208          -  584.62522      -     - 1184s
     0     0  584.65228    0 6295          -  584.65228      -     - 1209s
     0     0  584.65349    0 9174          -  584.65349      -     - 1217s
     0     0  586.69847    0 9835          -  586.69847      -     - 1238s
     0     0  586.80477    0 10762          -  586.80477      -     - 1255s
     0     0  586.80843    0 9469          -  586.80843      -     - 1256s
     0     0  587.68420    0 8948          -  587.68420      -     - 1274s
     0     0  587.69676    0 10936          -  587.69676      -     - 1389s
     0     0  587.70292    0 11897          -  587.70292      -     - 1401s
     0     0  587.70541    0 11864          -  587.70541      -     - 1403s
     0     0  590.15761    0 12215          -  590.15761      -     - 1421s
     0     0  590.28051    0 14229          -  590.28051      -     - 1436s
     0     0  590.28321    0 13720          -  590.28321      -     - 1453s
     0     0  590.85019    0 10928          -  590.85019      -     - 1475s
     0     0  590.93915    0 13053          -  590.93915      -     - 1502s
     0     0  590.96269    0 10591          -  590.96269      -     - 1508s
     0     0  590.96361    0 9880          -  590.96361      -     - 1512s
     0     0  593.07344    0 12098          -  593.07344      -     - 1570s
     0     0  593.35437    0 11789          -  593.35437      -     - 1622s
     0     0  593.40720    0 12825          -  593.40720      -     - 1634s
     0     0  593.40720    0 12815          -  593.40720      -     - 1634s
     0     0  593.42900    0 15047          -  593.42900      -     - 1648s
     0     0  593.43290    0 15108          -  593.43290      -     - 1651s
     0     0  595.27909    0 8345          -  595.27909      -     - 1675s
     0     0  595.27909    0 8371          -  595.27909      -     - 1675s
     0     0  595.27909    0 12220          -  595.27909      -     - 1710s
     0     0  595.39191    0 15428          -  595.39191      -     - 1734s
     0     0  595.39191    0 15438          -  595.39191      -     - 1734s
     0     0  595.47878    0 13125          -  595.47878      -     - 1775s
     0     0  595.48671    0 18357          -  595.48671      -     - 1811s
     0     0  595.49301    0 15355          -  595.49301      -     - 1820s
     0     0  595.60240    0 21530          -  595.60240      -     - 1850s
     0     0  595.62097    0 17917          -  595.62097      -     - 1870s
     0     0  595.62518    0 17695          -  595.62518      -     - 1883s
     0     0  595.80935    0 18281          -  595.80935      -     - 1925s
     0     0  595.96478    0 13109          -  595.96478      -     - 1963s
     0     0  595.96478    0 15029          -  595.96478      -     - 2000s
     0     0  596.10019    0 16412          -  596.10019      -     - 2110s
     0     0  596.11775    0 20248          -  596.11775      -     - 2152s
     0     0  596.21045    0 18290          -  596.21045      -     - 2158s
     0     0  596.29990    0 19161          -  596.29990      -     - 2162s
     0     0  596.32974    0 18221          -  596.32974      -     - 2167s
     0     0  596.33651    0 16847          -  596.33651      -     - 2171s
     0     0  596.68842    0 17631          -  596.68842      -     - 2218s
     0     0  596.69922    0 14164          -  596.69922      -     - 2239s
     0     0  596.69991    0 13560          -  596.69991      -     - 2241s
     0     0  597.02197    0 17352          -  597.02197      -     - 2271s
     0     0  597.07224    0 17783          -  597.07224      -     - 2302s
     0     0  597.11026    0 16958          -  597.11026      -     - 2315s
     0     0  597.11787    0 16190          -  597.11787      -     - 2319s
     0     0  597.50268    0 18434          -  597.50268      -     - 2348s
     0     0  597.52039    0 20965          -  597.52039      -     - 2365s
     0     0  597.52889    0 19990          -  597.52889      -     - 2367s
     0     0  597.72150    0 16418          -  597.72150      -     - 2410s
     0     0  597.74965    0 17984          -  597.74965      -     - 2455s
     0     0  597.75521    0 16990          -  597.75521      -     - 2458s
     0     0  597.89894    0 17712          -  597.89894      -     - 2478s
     0     0  597.93718    0 16320          -  597.93718      -     - 2501s
     0     0  597.95018    0 14883          -  597.95018      -     - 2505s
     0     0  597.95160    0 14656          -  597.95160      -     - 2509s
     0     0  598.13978    0 17003          -  598.13978      -     - 2524s
     0     0  598.15154    0 18301          -  598.15154      -     - 2558s
     0     0  598.15154    0 15004          -  598.15154      -     - 2559s
     0     0  598.25123    0 16838          -  598.25123      -     - 2584s
     0     0  598.31810    0 21844          -  598.31810      -     - 2607s
     0     0  598.33164    0 21837          -  598.33164      -     - 2614s
     0     0  598.33465    0 15928          -  598.33465      -     - 2619s
     0     0  598.49199    0 20635          -  598.49199      -     - 2649s
     0     0  598.51026    0 18772          -  598.51026      -     - 2665s
     0     0  598.51047    0 18500          -  598.51047      -     - 2666s
     0     0  598.71630    0 18184          -  598.71630      -     - 2693s
     0     0  598.78025    0 20720          -  598.78025      -     - 2714s
     0     0  598.81879    0 18048          -  598.81879      -     - 2716s
     0     0  598.84021    0 20151          -  598.84021      -     - 2719s
     0     0  598.84250    0 20863          -  598.84250      -     - 2720s
     0     0  598.90523    0 19508          -  598.90523      -     - 2738s
     0     0  598.90910    0 18452          -  598.90910      -     - 2753s
     0     0  599.07422    0 17416          -  599.07422      -     - 2773s
     0     0  599.08316    0 16222          -  599.08316      -     - 2792s
     0     0  599.15525    0 19158          -  599.15525      -     - 2814s
     0     0  599.16053    0 19158          -  599.16053      -     - 2823s
     0     0  599.16053    0 10345          -  599.16053      -     - 2982s
     0     2  599.16053    0 10345          -  599.16053      -     - 3118s
     1     4  599.18651    1 6838          -  599.18651      -  1594 3183s
     3     6  599.23338    2 7380          -  599.23338      -  4003 3213s
     7    10  599.24340    3 10642          -  599.24340      -  3730 3230s
    11    12  599.28510    4 7820          -  599.25790      -  2981 3266s
    13    17  599.35139    5 12209          -  599.25790      -  2631 3298s
    18    22  599.44673    6 11607          -  599.25790      -  2480 3331s
    25    26  599.44673    7 10806          -  599.28640      -  2493 3351s
    29    29  604.56636    8 10228          -  599.28640      -  2551 3382s
    32    38  599.50252    8 12199          -  599.28640      -  2522 3438s
    41    45  599.51426    9 12211          -  599.28640      -  2208 3466s
    48    50  599.84310   11 8015          -  599.28640      -  2174 3521s
    55    57  599.86817   12 11117          -  599.28640      -  2032 3548s
    64    70  600.41121   14 11248          -  599.28640      -  2013 3572s
    77    80  600.41165   15 11243          -  599.28640      -  1847 3602s
    87    90  633.26964   11 11809          -  599.28640      -  1838 3628s
    97   101  615.01604   18 12192          -  599.28640      -  1707 3650s
   108   115  615.24761   20 10838          -  599.28640      -  1670 3667s
   122   135  615.25120   21 11290          -  599.28640      -  1570 3697s
   142   155  624.40142   23 9569          -  599.28640      -  1423 3708s
   162   173  615.64746   24 7744          -  599.28640      -  1292 3739s
   180   195  615.88568   25 6004          -  599.28640      -  1236 3761s
   202   220  616.35758   26 8183          -  599.28640      -  1161 3776s
   228   232  616.43108   27 8007          -  599.28640      -  1061 3801s
   244   250  616.59089   29 7000          -  599.28640      -  1044 3816s
   262   254  616.71145   31 8776          -  599.28640      -  1007 4437s
   266   259  616.82175   32 8722          -  599.28640      -  1004 4501s
   273   264  617.08435   33 8862          -  599.28640      -   994 4553s
   278   270  617.31783   34 8007          -  599.28640      -  1003 4621s
   284   276  629.42109   34 8961          -  599.28640      -   999 4662s
   290   280  617.35639   35 8455          -  599.28640      -  1008 4701s
   294   284  617.54617   36 7716          -  599.28640      -   996 4970s
   298   288  617.87251   37 6588          -  599.28640      -  1004 5011s
   302   292  619.58476   37 7917          -  599.28640      -  1000 5049s
   306   296  617.91613   38 6967          -  599.28640      -  1000 5102s
   310   299  617.99501   39 6146          -  599.28640      -   989 5174s
   315   303  618.04852   40 6276          -  599.28640      -   977 5228s
   319   306  618.06974   41 6664          -  599.28640      -   981 5270s
   324   308  618.10590   42 7372          -  599.28640      -   972 5313s
   330   311  618.23675   43 6755          -  599.28640      -   960 5354s
   335   314  619.32509   43 5814          -  599.28640      -   958 5387s
   340   315  618.23675   44 6731          -  599.28640      -   950 5446s
   347   319  618.34441   45 6220          -  599.35623      -   948 5491s
   351   323  618.46352   46 7290          -  599.35623      -   948 5534s
   355   327  618.65559   47 5844          -  599.35623      -   946 5588s
   359   331  620.52003   47 8929          -  599.35623      -   944 5643s
   363   334  618.67092   48 6260          -  599.35623      -   947 5695s
   368   341  618.72623   49 6657          -  599.35623      -   941 5756s
   375   355  618.75836   50 6369          -  599.35623      -   940 5821s
   391   363  618.75885   51 6377          -  599.35623      -   917 5890s
   401   387  618.75885   52 6672          -  599.35623      -   944 5953s
   425   410  619.01628   53 7047          -  599.35623      -   901 6055s
   450   408  619.01628   54 7036          -  599.35623      -   879 6108s
   467   410  619.37344   55 7383          -  599.35623      -   877 6191s
   475   414  620.90660   55 5887          -  599.46598      -   890 6272s
   479   440  619.57041   56 7633          -  599.46598      -   905 6346s
   505   474  619.78577   57 6999          -  599.46598      -   865 6906s
   539   528  619.80713   58 6572          -  599.46598      -   834 6979s
   593   581  619.88315   59 7276          -  599.46598      -   778 7046s
   646   641  620.80901   73 6878          -  599.46598      -   748 7147s
   706   705  621.93683   84 7331          -  599.46598      -   721 7200s

Cutting planes:
  Cover: 225
  Implied bound: 1852
  Clique: 797
  MIR: 296
  StrongCG: 31
  Flow cover: 57
  GUB cover: 16
  Zero half: 5
  RLT: 275
  Relax-and-lift: 2150

Explored 770 nodes (1133275 simplex iterations) in 7200.68 seconds (5028.35 work units)
Thread count was 4 (of 8 available processors)

Solution count 0

Time limit reached
Best objective -, best bound 5.995000000000e+02, gap -
