
Gurobi 13.0.2 (linux64) logging started Sun Jul 12 16:47:03 2026

Set parameter LogFile to value "src/Resultados/Restriccion_solo_cliques/logs/R108-50.xml_log.log"
Set parameter Threads to value 4
Gurobi Optimizer version 13.0.2 build v13.0.2rc1 (linux64 - "Rocky Linux 9.7 (Blue Onyx)")

CPU model: QEMU Virtual CPU version 2.5+, instruction set [SSE2]
Thread count: 8 physical cores, 8 logical processors, using up to 4 threads

Non-default parameters:
TimeLimit  7200
Threads  4

Optimize a model with 258308 rows, 164895 columns and 2760375 nonzeros (Min)
Model fingerprint: 0x5ba84b5c
Model has 42780 linear objective coefficients
Variable types: 30690 continuous, 134205 integer (134190 binary)
Coefficient statistics:
  Matrix range     [1e+00, 4e+04]
  Objective range  [4e+00, 6e+01]
  Bounds range     [1e+00, 2e+03]
  RHS range        [1e+00, 4e+04]

Presolve removed 60055 rows and 120 columns (presolve time = 5s)...
Presolve removed 75305 rows and 420 columns (presolve time = 10s)...
Presolve removed 75410 rows and 420 columns (presolve time = 15s)...
Presolve removed 75350 rows and 360 columns
Presolve time: 18.39s
Presolved: 182958 rows, 164535 columns, 937995 nonzeros
Variable types: 750 continuous, 163785 integer (147930 binary)
Deterministic concurrent LP optimizer: primal simplex, dual simplex, and barrier
Showing barrier log only...

Root barrier log...

Elapsed ordering time = 5s
Ordering time: 5.88s

Barrier statistics:
 Dense cols : 105
 AA' NZ     : 4.990e+06
 Factor NZ  : 2.120e+07 (roughly 300 MB of memory)
 Factor Ops : 1.186e+10 (roughly 2 seconds per iteration)
 Threads    : 1

                  Objective                Residual
Iter       Primal          Dual         Primal    Dual     Compl     Time
   0   4.01129911e+06 -2.65330523e+06  1.95e+05 1.67e-16  1.92e+02    34s
   1   1.73577001e+06 -3.15222345e+06  8.54e+04 8.86e-01  8.43e+01    37s
   2   7.39492653e+05 -4.76972764e+06  3.73e+04 1.15e-01  4.43e+01    40s
   3   2.51396068e+05 -3.73903053e+06  1.26e+04 5.04e-02  1.87e+01    42s
   4   8.44488251e+04 -1.05066369e+06  4.18e+03 1.39e-11  5.02e+00    46s
   5   1.64990028e+04 -1.48201851e+05  7.48e+02 3.82e-12  7.38e-01    49s
   6   5.34878981e+03 -4.01605833e+04  1.95e+02 5.35e-13  1.76e-01    52s
   7   1.64055225e+03 -5.17263809e+03  1.22e+01 2.99e-14  1.90e-02    56s
   8   9.61988806e+02 -3.83573318e+02  7.67e-01 5.59e-15  3.19e-03    60s
   9   5.71266504e+02  2.77518950e+02  2.40e-02 5.45e-15  6.57e-04    65s
  10   4.83446836e+02  4.62955296e+02  2.10e-04 9.28e-15  4.54e-05    69s
  11   4.76484916e+02  4.76308290e+02  9.52e-07 2.58e-15  3.91e-07    72s
  12   4.76400085e+02  4.76399908e+02  3.76e-11 2.60e-15  3.91e-10    75s
  13   4.76400000e+02  4.76400000e+02  1.56e-10 2.39e-15  3.91e-13    78s

Barrier solved model in 13 iterations and 77.94 seconds (34.29 work units)
Optimal objective 4.76400000e+02


Root crossover log...

    9770 DPushes remaining with DInf 0.0000000e+00                78s
       0 DPushes remaining with DInf 0.0000000e+00                79s

   62834 PPushes remaining with PInf 0.0000000e+00                79s
   19851 PPushes remaining with PInf 0.0000000e+00                80s
    3915 PPushes remaining with PInf 0.0000000e+00                85s
       0 PPushes remaining with PInf 0.0000000e+00                86s

  Push phase complete: Pinf 0.0000000e+00, Dinf 2.2398750e-14     86s


Root simplex log...

Iteration    Objective       Primal Inf.    Dual Inf.      Time
   72517    4.7640000e+02   0.000000e+00   0.000000e+00     86s
Crossover time: 8.21 seconds (2.85 work units)
Concurrent spin time: 0.00s

Solved with barrier

Root relaxation: objective 4.764000e+02, 72517 iterations, 63.35 seconds (24.38 work units)

    Nodes    |    Current Node    |     Objective Bounds      |     Work
 Expl Unexpl |  Obj  Depth IntInf | Incumbent    BestBd   Gap | It/Node Time

     0     0  476.40000    0 9222          -  476.40000      -     -  198s
     0     0  476.40000    0 8159          -  476.40000      -     -  200s
     0     0  476.40000    0 7410          -  476.40000      -     -  204s
     0     0  476.40000    0 7412          -  476.40000      -     -  206s
     0     0  476.40000    0 6860          -  476.40000      -     -  209s
     0     0  476.40000    0 16690          -  476.40000      -     -  248s
     0     0  476.40000    0 16167          -  476.40000      -     -  263s
     0     0  476.40000    0 20871          -  476.40000      -     -  290s
     0     0  476.40000    0 20341          -  476.40000      -     -  298s
     0     0  476.40000    0 18916          -  476.40000      -     -  306s
     0     0  476.40000    0 5719          -  476.40000      -     -  400s
     0     0  476.40000    0 5718          -  476.40000      -     -  415s
     0     0  476.40000    0 6207          -  476.40000      -     -  418s
     0     0  476.40000    0 12512          -  476.40000      -     -  480s
     0     0  476.40000    0 12512          -  476.40000      -     -  480s
     0     0  476.40000    0 5333          -  476.40000      -     -  527s
     0     0  476.40000    0 5332          -  476.40000      -     -  541s
     0     0  476.40000    0 4845          -  476.40000      -     -  543s
     0     0  476.40000    0 5006          -  476.40000      -     -  577s
     0     0  476.40000    0 5006          -  476.40000      -     -  577s
     0     0  476.40000    0 2567          -  476.40000      -     -  666s
     0     0  476.40000    0 6325          -  476.40000      -     -  684s
     0     0  476.40000    0 6203          -  476.40000      -     -  685s
     0     0  476.40000    0 7354          -  476.40000      -     -  715s
     0     0  476.40000    0 7354          -  476.40000      -     -  716s
     0     0  476.40000    0 1814          -  476.40000      -     -  763s
     0     0  476.40000    0 4503          -  476.40000      -     -  782s
     0     0  476.40000    0 4126          -  476.40000      -     -  784s
     0     0  476.40000    0 7484          -  476.40000      -     -  847s
     0     0  476.40000    0 7484          -  476.40000      -     -  847s
     0     0  476.40000    0 3326          -  476.40000      -     -  913s
     0     0  476.40000    0 5288          -  476.40000      -     -  930s
     0     0  476.40000    0 5817          -  476.40000      -     -  933s
     0     0  476.40000    0 5853          -  476.40000      -     -  933s
     0     0  476.92562    0 10362          -  476.92562      -     -  979s
     0     0  476.92562    0 10362          -  476.92562      -     -  979s
     0     0  476.92562    0 3521          -  476.92562      -     - 1068s
     0     0  476.92562    0 4853          -  476.92562      -     - 1079s
     0     0  476.92562    0 4957          -  476.92562      -     - 1079s
     0     0  480.00000    0 7134          -  480.00000      -     - 1129s
     0     0  480.00000    0 7134          -  480.00000      -     - 1129s
     0     0  480.00000    0 8030          -  480.00000      -     - 1234s
     0     0  480.00000    0 8064          -  480.00000      -     - 1234s
     0     0  480.00000    0 9539          -  480.00000      -     - 1257s
     0     0  480.00000    0 9559          -  480.00000      -     - 1268s
     0     0  480.00270    0 10078          -  480.00270      -     - 1288s
     0     0  480.00270    0 10078          -  480.00270      -     - 1288s
     0     0  480.00270    0 3722          -  480.00270      -     - 1341s
     0     0  480.01911    0 4687          -  480.01911      -     - 1371s
     0     0  480.01911    0 4630          -  480.01911      -     - 1385s
     0     0  480.30472    0 7900          -  480.30472      -     - 1411s
     0     0  480.30472    0 7663          -  480.30472      -     - 1426s
     0     0  480.30472    0 7563          -  480.30472      -     - 1449s
     0     0  480.31064    0 8114          -  480.31064      -     - 1464s
     0     0  480.31064    0 7895          -  480.31064      -     - 1465s
     0     0  480.82115    0 8464          -  480.82115      -     - 1485s
     0     0  480.82115    0 8464          -  480.82115      -     - 1486s
     0     0  480.82115    0 5333          -  480.82115      -     - 1562s
     0     0  481.24352    0 6429          -  481.24352      -     - 1591s
     0     0  481.24352    0 7351          -  481.24352      -     - 1599s
     0     0  481.37114    0 7826          -  481.37114      -     - 1612s
     0     0  481.44833    0 9173          -  481.44833      -     - 1622s
     0     0  481.44833    0 9767          -  481.44833      -     - 1631s
     0     0  481.44833    0 9300          -  481.44833      -     - 1633s
     0     0  482.94655    0 7233          -  482.94655      -     - 1657s
     0     0  483.08537    0 9849          -  483.08537      -     - 1674s
     0     0  483.26042    0 7942          -  483.26042      -     - 1683s
     0     0  483.26042    0 8549          -  483.26042      -     - 1688s
     0     0  485.84897    0 9740          -  485.84897      -     - 1705s
     0     0  485.85014    0 11421          -  485.85014      -     - 1731s
     0     0  487.95232    0 11459          -  487.95232      -     - 1751s
     0     0  487.95232    0 10649          -  487.95232      -     - 1771s
     0     0  489.12201    0 10324          -  489.12201      -     - 1791s
     0     0  489.12201    0 12551          -  489.12201      -     - 1816s
     0     0  489.12201    0 8463          -  489.12201      -     - 1841s
     0     0  489.12990    0 10517          -  489.12990      -     - 1864s
     0     0  489.12990    0 10836          -  489.12990      -     - 1880s
     0     0  489.12990    0 9586          -  489.12990      -     - 1905s
     0     0  489.12990    0 9586          -  489.12990      -     - 1905s
     0     0  489.12990    0 3428          -  489.12990      -     - 1968s
     0     0  489.14533    0 5994          -  489.14533      -     - 1985s
     0     0  489.14533    0 5627          -  489.14533      -     - 1985s
     0     0  489.14533    0 7366          -  489.14533      -     - 1994s
     0     0  489.62271    0 8558          -  489.62271      -     - 2021s
     0     0  489.62271    0 11245          -  489.62271      -     - 2060s
     0     0  490.24639    0 15845          -  490.24639      -     - 2100s
     0     0  490.54219    0 14613          -  490.54219      -     - 2120s
     0     0  490.54219    0 19038          -  490.54219      -     - 2134s
     0     0  491.34026    0 18539          -  491.34026      -     - 2159s
     0     0  491.34026    0 16546          -  491.34026      -     - 2183s
     0     0  492.36291    0 21082          -  492.36291      -     - 2205s
     0     0  492.57125    0 18631          -  492.57125      -     - 2222s
     0     0  492.57125    0 20534          -  492.57125      -     - 2246s
     0     0  492.66442    0 19574          -  492.66442      -     - 2273s
     0     0  492.66442    0 14753          -  492.66442      -     - 2291s
     0     0  492.90458    0 18433          -  492.90458      -     - 2315s
     0     0  492.90458    0 15007          -  492.90458      -     - 2335s
     0     0  493.87768    0 16241          -  493.87768      -     - 2355s
     0     0  493.87768    0 18178          -  493.87768      -     - 2380s
     0     0  493.88427    0 16437          -  493.88427      -     - 2402s
     0     0  493.88493    0 15150          -  493.88493      -     - 2420s
     0     0  493.94018    0 21807          -  493.94018      -     - 2453s
     0     0  494.04952    0 20457          -  494.04952      -     - 2479s
     0     0  494.04952    0 21090          -  494.04952      -     - 2485s
     0     0  494.05121    0 19820          -  494.05121      -     - 2523s
     0     0  494.05121    0 17319          -  494.05121      -     - 2547s
     0     0  494.07608    0 18051          -  494.07608      -     - 2589s
     0     0  494.07608    0 18051          -  494.07608      -     - 2596s
     0     0  494.07608    0 4850          -  494.07608      -     - 2697s
     0     2  494.07608    0 4850          -  494.07608      -     - 2769s
     1     4  494.24536    1 6809          -  494.07608      -  1322 2780s
     3     8  494.29198    2 6527          -  494.26055      -  1873 2807s
     7    12  494.29198    3 7576          -  494.29198      -  1603 2829s
    11    21  494.29204    4 7319          -  494.29198      -  1054 2858s
    20    30  494.29204    5 7876          -  494.29198      -   958 2878s
    29    39  494.30128    6 7668          -  494.29198      -   836 2903s
    38    51  494.75252    7 7116          -  494.29198      -   776 2937s
    50    63  496.39579    8 7980          -  494.29198      -   752 2961s
    62    71  495.87108    8 6741          -  494.29198      -   675 2991s
    70    83  495.90317    9 6783          -  494.29198      -   656 3010s
    82    93  495.90317   10 7921          -  494.29198      -   595 3032s
    92   102  495.90317   11 7924          -  494.29198      -   558 3052s
   101   115  495.90317   12 8645          -  494.29198      -   529 3073s
   115   126  495.90317   13 7927          -  494.29198      -   481 3095s
   126   139  495.90317   14 7572          -  494.29198      -   452 3118s
   139   150  495.90317   15 6999          -  494.29198      -   454 3136s
   150   163  496.06984   16 7805          -  494.29198      -   452 3161s
   163   180  496.13494   17 8722          -  494.29198      -   455 3182s
   180   193  498.08650   17 5689          -  494.29198      -   446 3219s
   193   206  496.13494   18 8616          -  494.29198      -   446 3244s
   206   226  502.08479   19 8125          -  494.29198      -   447 3267s
   228   250  496.86984   19 10955          -  494.29198      -   438 3294s
   254   276  496.91984   20 10329          -  494.29198      -   404 3314s
   282   292  496.91984   21 10325          -  494.29198      -   373 3336s
   304   315  496.91984   22 8035          -  494.29890      -   374 3359s
   327   335  496.98858   23 7099          -  494.29890      -   370 3387s
   347   362  497.44126   24 7872          -  494.29890      -   365 3410s
   374   374  497.44126   25 7873          -  494.29890      -   359 3433s
   386   404  497.48226   26 8026          -  494.29890      -   352 3458s
   416   433  497.48412   27 8024          -  494.29890      -   342 3480s
   445   437  497.48412   28 8010          -  494.29890      -   337 3826s
   449   441  497.54126   29 7811          -  494.29890      -   337 4179s
   453   445  497.59978   30 10134          -  494.29890      -   334 4634s
   457   449  497.65212   31 10134          -  494.29890      -   332 5007s
   461   453  497.66269   32 7552          -  494.29890      -   333 5404s
   465   457  497.66269   33 7559          -  494.29890      -   331 5773s
   469   461  497.66269   34 7173          -  494.29890      -   330 6118s
   473   478  497.66269   35 7449          -  494.29890      -   329 6180s
   492   518  497.66269   36 7447          -  494.29890      -   328 6272s
   532   560  497.66269   37 7933          -  494.29890      -   324 6382s
   574   602  498.14484   38 8559          -  494.29890      -   323 6427s
   620   661  500.32844   38 7378          -  494.29890      -   326 6489s
   693   684  499.26428   57 7883          -  494.29890      -   318 6544s
   716   744  499.33984   62 7294          -  494.29890      -   344 6660s
   782   784  500.31984   96 6253          -  494.29890      -   340 6763s
   822   857  500.54484  105 7641          -  494.29890      -   357 6914s
   895   938  501.39345  129 5729          -  494.29890      -   352 6978s
   978  1023  506.11104  151 5349          -  494.29890      -   349 7054s
  1063  1119  506.67932  169 6427          -  494.29890      -   347 7113s
  1184  1233  507.37307  181 5938          -  494.29890      -   341 7161s

Cutting planes:
  Gomory: 2
  Cover: 112
  Implied bound: 1245
  Clique: 462
  MIR: 271
  StrongCG: 12
  Flow cover: 33
  GUB cover: 13
  Zero half: 6
  RLT: 347
  Relax-and-lift: 1486

Explored 1298 nodes (1170443 simplex iterations) in 7200.17 seconds (4559.79 work units)
Thread count was 4 (of 8 available processors)

Solution count 0

Time limit reached
Best objective -, best bound 4.943000000000e+02, gap -
