
Gurobi 13.0.2 (linux64) logging started Sun Jul 12 20:50:04 2026

Set parameter LogFile to value "src/Resultados/Restriccion_solo_cliques/logs/R109-50.xml_log.log"
Set parameter Threads to value 4
Gurobi Optimizer version 13.0.2 build v13.0.2rc1 (linux64 - "Rocky Linux 9.7 (Blue Onyx)")

CPU model: QEMU Virtual CPU version 2.5+, instruction set [SSE2]
Thread count: 8 physical cores, 8 logical processors, using up to 4 threads

Non-default parameters:
TimeLimit  7200
Threads  4

Optimize a model with 227252 rows, 141015 columns and 2008620 nonzeros (Min)
Model fingerprint: 0x895ae364
Model has 28260 linear objective coefficients
Variable types: 28350 continuous, 112665 integer (112650 binary)
Coefficient statistics:
  Matrix range     [1e+00, 4e+04]
  Objective range  [4e+00, 6e+01]
  Bounds range     [1e+00, 2e+03]
  RHS range        [1e+00, 4e+04]

Presolve removed 68615 rows and 420 columns (presolve time = 5s)...
Presolve removed 68810 rows and 510 columns (presolve time = 10s)...
Presolve removed 68735 rows and 435 columns
Presolve time: 11.88s
Presolved: 158517 rows, 140580 columns, 771915 nonzeros
Variable types: 750 continuous, 139830 integer (123975 binary)
Deterministic concurrent LP optimizer: primal simplex, dual simplex, and barrier
Showing barrier log only...

Root barrier log...

Ordering time: 3.90s

Barrier statistics:
 Dense cols : 15
 AA' NZ     : 3.052e+06
 Factor NZ  : 1.772e+07 (roughly 260 MB of memory)
 Factor Ops : 1.014e+10 (roughly 1 second per iteration)
 Threads    : 1

                  Objective                Residual
Iter       Primal          Dual         Primal    Dual     Compl     Time
   0   2.74889523e+06 -2.02141887e+06  1.75e+05 2.22e-16  1.76e+02    25s
   1   1.18128809e+06 -2.30642943e+06  7.58e+04 2.92e-01  7.08e+01    26s
   2   5.13435793e+05 -2.16550372e+06  3.28e+04 1.44e-01  3.26e+01    28s
   3   9.17926681e+04 -9.46658062e+05  5.77e+03 3.65e-04  6.52e+00    29s
   4   8.46611564e+03 -1.86703452e+05  4.47e+02 3.67e-05  7.53e-01    31s
   5   4.58034810e+03 -5.75636310e+04  2.00e+02 7.63e-06  2.44e-01    33s
   6   1.54026482e+03 -1.09279452e+04  1.03e+01 9.30e-07  3.64e-02    36s
   7   1.04017904e+03 -2.22140638e+03  1.49e+00 2.06e-07  9.00e-03    39s
   8   6.97480158e+02 -6.16445417e-01  1.40e-01 3.52e-08  1.87e-03    42s
   9   6.36306627e+02  3.53732037e+02  6.91e-02 1.20e-08  7.60e-04    44s
  10   6.13238263e+02  4.21686772e+02  4.88e-02 7.70e-09  5.14e-04    46s
  11   5.84443302e+02  5.46172039e+02  1.66e-02 9.94e-10  1.01e-04    49s
  12   5.71438256e+02  5.70635396e+02  9.11e-05 1.45e-11  2.09e-06    51s
  13   5.71300138e+02  5.71299328e+02  6.31e-12 1.38e-15  2.11e-09    53s
  14   5.71300000e+02  5.71299999e+02  6.80e-12 1.11e-15  2.11e-12    55s

Barrier solved model in 14 iterations and 55.15 seconds (28.01 work units)
Optimal objective 5.71300000e+02


Root crossover log...

    9362 DPushes remaining with DInf 0.0000000e+00                56s
       0 DPushes remaining with DInf 0.0000000e+00                56s

   57885 PPushes remaining with PInf 0.0000000e+00                56s
    1086 PPushes remaining with PInf 0.0000000e+00                60s
       0 PPushes remaining with PInf 0.0000000e+00                61s

  Push phase complete: Pinf 0.0000000e+00, Dinf 5.6982197e-14     61s


Root simplex log...

Iteration    Objective       Primal Inf.    Dual Inf.      Time
   67160    5.7130000e+02   0.000000e+00   0.000000e+00     61s
Crossover time: 5.68 seconds (2.29 work units)
Concurrent spin time: 0.00s

Solved with barrier

Root relaxation: objective 5.713000e+02, 67160 iterations, 45.96 seconds (21.10 work units)

    Nodes    |    Current Node    |     Objective Bounds      |     Work
 Expl Unexpl |  Obj  Depth IntInf | Incumbent    BestBd   Gap | It/Node Time

     0     0  571.30000    0 7106          -  571.30000      -     -  103s
     0     0  571.30000    0 8435          -  571.30000      -     -  105s
     0     0  571.30000    0 14819          -  571.30000      -     -  125s
     0     0  571.30000    0 14911          -  571.30000      -     -  131s
     0     0  571.30000    0 16396          -  571.30000      -     -  163s
     0     0  571.30000    0 16396          -  571.30000      -     -  163s
     0     0  571.30000    0 5759          -  571.30000      -     -  193s
     0     0  571.30000    0 6130          -  571.30000      -     -  203s
     0     0  571.30000    0 6025          -  571.30000      -     -  206s
     0     0  571.30000    0 10123          -  571.30000      -     -  232s
     0     0  571.30000    0 10123          -  571.30000      -     -  232s
     0     0  571.30000    0 3431          -  571.30000      -     -  268s
     0     0  571.30000    0 3430          -  571.30000      -     -  274s
     0     0  577.22118    0 7965          -  577.22118      -     -  311s
     0     0  577.22118    0 7965          -  577.22118      -     -  311s
     0     0  577.22118    0 2933          -  577.22118      -     -  335s
     0     0  577.22118    0 3298          -  577.22118      -     -  344s
     0     0  577.22118    0 3375          -  577.22118      -     -  346s
     0     0  577.22118    0 3378          -  577.22118      -     -  347s
     0     0  595.52150    0 5966          -  595.52150      -     -  394s
     0     0  595.60356    0 5965          -  595.60356      -     -  399s
     0     0  597.98785    0 9109          -  597.98785      -     -  443s
     0     0  597.98785    0 9112          -  597.98785      -     -  449s
     0     0  598.02796    0 12606          -  598.02796      -     -  474s
     0     0  598.08809    0 12225          -  598.08809      -     -  482s
     0     0  598.08809    0 12105          -  598.08809      -     -  483s
     0     0  601.93278    0 13183          -  601.93278      -     -  504s
     0     0  602.07830    0 16937          -  602.07830      -     -  535s
     0     0  602.07858    0 16597          -  602.07858      -     -  538s
     0     0  603.62607    0 13389          -  603.62607      -     -  551s
     0     0  603.92693    0 15304          -  603.92693      -     -  561s
     0     0  603.92693    0 15304          -  603.92693      -     -  562s
     0     0  603.92693    0 15304          -  603.92693      -     -  562s
     0     0  603.92693    0 15304          -  603.92693      -     -  562s
     0     0  603.92693    0 15304          -  603.92693      -     -  562s
     0     0  603.92693    0 15304          -  603.92693      -     -  563s
     0     0  603.92693    0 15306          -  603.92693      -     -  563s
     0     0  603.92693    0 13377          -  603.92693      -     -  574s
     0     0  604.64723    0 13844          -  604.64723      -     -  601s
     0     0  604.67253    0 12444          -  604.67253      -     -  670s
     0     0  604.67367    0 9703          -  604.67367      -     -  721s
     0     0  605.83005    0 12602          -  605.83005      -     -  778s
     0     0  605.83313    0 12641          -  605.83313      -     -  790s
     0     0  606.88373    0 18118          -  606.88373      -     -  818s
     0     0  606.88373    0 17940          -  606.88373      -     -  825s
     0     0  607.56794    0 21785          -  607.56794      -     -  854s
     0     0  607.70099    0 19976          -  607.70099      -     -  862s
     0     0  608.00854    0 20153          -  608.00854      -     -  864s
     0     0  608.00854    0 20119          -  608.00854      -     -  865s
     0     0  608.50940    0 15991          -  608.50940      -     -  887s
     0     0  608.55937    0 22338          -  608.55937      -     -  914s
     0     0  608.55937    0 22335          -  608.55937      -     -  915s
     0     0  608.59270    0 19552          -  608.59270      -     -  924s
     0     0  608.59350    0 18616          -  608.59350      -     -  931s
     0     0  609.61504    0 20598          -  609.61504      -     -  955s
     0     0  609.91194    0 20827          -  609.91194      -     -  966s
     0     0  610.46180    0 21122          -  610.46180      -     -  974s
     0     0  610.46180    0 21121          -  610.46180      -     -  974s
     0     0  610.46180    0 20929          -  610.46180      -     -  976s
     0     0  610.46180    0 21128          -  610.46180      -     -  995s
     0     0  610.46180    0 20465          -  610.46180      -     - 1002s
     0     0  610.49317    0 20943          -  610.49317      -     - 1026s
     0     0  610.49317    0 18157          -  610.49317      -     - 1036s
     0     0  610.78039    0 20477          -  610.78039      -     - 1066s
     0     0  610.78039    0 21334          -  610.78039      -     - 1068s
     0     0  610.78095    0 15726          -  610.78095      -     - 1105s
     0     0  610.78095    0 15757          -  610.78095      -     - 1105s
     0     0  617.34221    0 20028          -  617.34221      -     - 1144s
     0     0  617.35042    0 20862          -  617.35042      -     - 1157s
     0     0  617.35042    0 20793          -  617.35042      -     - 1158s
     0     0  617.35076    0 20197          -  617.35076      -     - 1185s
     0     0  617.35109    0 20197          -  617.35109      -     - 1193s
     0     0  617.35109    0 3953          -  617.35109      -     - 1286s
     0     2  617.35109    0 3953          -  617.35109      -     - 1714s
     1     4  617.35365    1 5793          -  617.35114      -  2999 1762s
     3     8  617.39056    2 7760          -  617.35749      -  6951 1791s
    11    21  617.39056    4 7139          -  617.39056      -  2900 1811s
    22    25  618.95855    8 7437          -  617.39056      -  2190 1829s
    26    32  618.95855    9 7237          -  617.39056      -  2450 1845s
    33    45  624.22229   11 5052          -  617.39056      -  2220 1878s
    46    58  621.99493   14 8752          -  617.39056      -  1821 1911s
    59    69  624.14308   15 7637          -  617.39056      -  1700 1932s
    70    77  626.04460   17 5058          -  617.39056      -  1804 1961s
    82    91  626.04460   18 5048          -  617.39056      -  1790 1988s
    98   117  626.04460   21 5655          -  617.39056      -  1715 2010s
   124   148  626.04473   31 5643          -  617.39056      -  1401 2026s
   155   166  626.38584   39 4078          -  617.39056      -  1194 2039s
   173   175  634.33280   44 5777          -  617.39056      -  1139 2049s
   182   191  626.72640   44 5582          -  617.39056      -  1110 2063s
   198   210  627.49712   47 7364          -  617.39056      -  1070 2076s
   219   228  628.04795   50 7891          -  617.39056      -   998 2088s
   237   251  628.74868   51 6720          -  617.39056      -   949 2099s
   260   267  629.31371   55 8168          -  617.39056      -   885 2115s
   276   284  637.15622   63 7679          -  617.39056      -   870 2137s
   293   303  630.69285   64 7972          -  617.39056      -   826 2543s
   312   324  630.73325   65 8351          -  617.39056      -   792 2938s
   333   350  630.76260   66 8496          -  617.39056      -   754 3328s
   359   378  630.77087   67 8491          -  617.39056      -   713 3677s
   387   434  630.77968   68 7972          -  617.39056      -   680 3931s
   443   480  630.87994   69 8016          -  617.39056      -   614 3971s
   489   542  632.10732   81 7017          -  617.39056      -   602 4011s
   553   580  633.49707  105 5742          -  617.39056      -   577 4057s
   594   620  648.78224  117 7009          -  617.39056      -   582 4104s
   640   649  653.04269  119 6890          -  617.39056      -   583 4146s
   681   706 infeasible  120               -  617.39056      -   583 4192s
   745   764  664.28465  123 5939          -  617.39056      -   578 4234s
   807   807  674.20979  135 9468          -  617.39056      -   564 4293s
   856   843  634.28751    5 9116          -  617.39056      -   562 4332s
   894   906  630.47364    6 7708          -  617.39056      -   557 4381s
   957   998  632.66957    6 6955          -  617.39056      -   542 4429s
  1049  1101  630.70703    7 7499          -  617.39056      -   501 4475s
  1153  1102  767.56093  354 3953          -  617.39056      -   468 4751s
  1155  1103  767.24924  382 6740          -  617.39056      -   467 5523s
  1156  1104  651.67999   87 4816          -  617.39056      -   467 5761s
  1157  1105  626.04460   25 6280          -  619.03343      -   466 5801s
  1158  1105  651.64157   84 6126          -  620.91711      -   466 5839s
  1159  1106  670.45931  127 6972          -  621.05998      -   465 5851s
  1160  1107  629.72436   51 6841          -  622.10286      -   465 5870s
  1161  1107  635.77402    6 7048          -  622.24204      -   465 5959s
  1162  1108  640.50469   12 5485          -  623.79071      -   464 6104s
  1163  1109  664.81356   32 4308          -  624.73222      -   464 6137s
  1164  1109  640.50469   12 6042          -  627.80272      -   463 6183s
  1165  1110  676.34144  140 5473          -  628.99321      -   463 6201s
  1166  1111  656.09602  103 6473          -  630.12558      -   463 6214s
  1167  1111  688.15102  111 6605          -  630.20670      -   462 6222s
  1168  1112  636.10423   68 5372          -  630.57042      -   462 6241s
  1169  1113  645.06877   26 5093          -  630.67692      -   461 6250s
  1170  1113  767.24924  364 5691          -  631.05473      -   461 6285s
  1171  1114  631.19520   66 4358          -  631.19520      -   461 6303s
  1172  1115  632.22116   27 4928          -  631.28699      -   460 6311s
  1173  1115  631.36349   36 4932          -  631.36349      -   460 6321s
  1174  1116  632.40630   88 5315          -  631.36349      -   459 6384s
  1175  1117  634.53927    5 2447          -  634.53927      -   459 6500s
  1176  1117  710.25727  135 4535          -  636.81113      -   459 6549s
  1177  1118  638.87509   68 4516          -  638.87509      -   458 6578s
  1178  1119  639.08375   92 4223          -  639.08375      -   458 6593s
  1179  1119  766.77273  284 5340          -  639.23368      -   458 6608s
  1180  1120  697.83927  132 5190          -  639.23368      -   457 6675s
  1181  1121  651.64157   84 5234          -  639.60406      -   457 6807s
  1182  1121  639.72368   23 5195          -  639.72368      -   456 6816s
  1183  1122  688.18877  125 4858          -  639.86375      -   456 6828s
  1184  1123  687.98722  111 4747          -  639.92224      -   456 6854s
  1185  1123  689.23689   59 4933          -  639.94037      -   455 6865s
  1186  1124  714.23113  194 5138          -  639.96530      -   455 6873s
  1187  1125  710.71259  210 5144          -  639.96534      -   454 6923s
  1188  1125  640.05905   14 5514          -  640.05905      -   454 7083s
  1189  1126  688.25944   85 4715          -  640.08967      -   454 7112s
  1190  1127  701.89301  229 5008          -  640.14339      -   453 7128s
  1191  1127  688.34681  128 4721          -  640.19865      -   453 7133s
  1192  1128  689.60472  152 4737          -  640.29099      -   453 7137s
  1193  1129  640.29612   65 5092          -  640.29612      -   452 7149s
  1194  1129  767.16293  338 4804          -  640.29766      -   452 7150s

Cutting planes:
  Gomory: 8
  Cover: 207
  Implied bound: 49
  Projected implied bound: 63
  Clique: 74
  MIR: 188
  Mixing: 1
  StrongCG: 17
  Flow cover: 343
  GUB cover: 182
  Zero half: 46
  RLT: 143
  Relax-and-lift: 58

Explored 1195 nodes (1305362 simplex iterations) in 7201.01 seconds (5224.27 work units)
Thread count was 4 (of 8 available processors)

Solution count 0

Time limit reached
Best objective -, best bound 6.404000000000e+02, gap -
