
Gurobi 13.0.2 (linux64) logging started Mon Jul 13 04:55:08 2026

Set parameter LogFile to value "src/Resultados/Restriccion_solo_cliques/logs/R111-50.xml_log.log"
Set parameter Threads to value 4
Gurobi Optimizer version 13.0.2 build v13.0.2rc1 (linux64 - "Rocky Linux 9.7 (Blue Onyx)")

CPU model: QEMU Virtual CPU version 2.5+, instruction set [SSE2]
Thread count: 8 physical cores, 8 logical processors, using up to 4 threads

Non-default parameters:
TimeLimit  7200
Threads  4

Optimize a model with 244754 rows, 155205 columns and 2501625 nonzeros (Min)
Model fingerprint: 0x27d44a35
Model has 38130 linear objective coefficients
Variable types: 29430 continuous, 125775 integer (125760 binary)
Coefficient statistics:
  Matrix range     [1e+00, 4e+04]
  Objective range  [4e+00, 6e+01]
  Bounds range     [1e+00, 2e+03]
  RHS range        [1e+00, 4e+04]

Presolve removed 57745 rows and 330 columns (presolve time = 5s)...
Presolve removed 71840 rows and 420 columns (presolve time = 10s)...
Presolve removed 71825 rows and 390 columns
Presolve time: 14.58s
Presolved: 172929 rows, 154815 columns, 876795 nonzeros
Variable types: 750 continuous, 154065 integer (138210 binary)
Deterministic concurrent LP optimizer: primal simplex, dual simplex, and barrier
Showing barrier log only...

Root barrier log...

Ordering time: 3.00s

Barrier statistics:
 Dense cols : 75
 AA' NZ     : 4.343e+06
 Factor NZ  : 2.074e+07 (roughly 300 MB of memory)
 Factor Ops : 1.247e+10 (roughly 2 seconds per iteration)
 Threads    : 1

                  Objective                Residual
Iter       Primal          Dual         Primal    Dual     Compl     Time
   0   3.59208270e+06 -2.37122541e+06  1.83e+05 2.22e-16  1.82e+02    24s
   1   1.52993807e+06 -2.81899083e+06  7.87e+04 7.04e-01  7.76e+01    26s
   2   5.53200688e+05 -3.70697191e+06  2.85e+04 1.23e-02  3.37e+01    28s
   3   1.42734075e+05 -2.70727076e+06  7.30e+03 5.75e-03  1.22e+01    30s
   4   2.02034549e+04 -3.72083045e+05  9.59e+02 7.03e-05  1.47e+00    33s
   5   3.71123749e+03 -1.02801943e+05  1.13e+02 1.32e-05  3.00e-01    36s
   6   1.48552323e+03 -9.89901282e+03  7.68e+00 6.67e-07  2.96e-02    40s
   7   1.05972443e+03 -3.36715970e+03  1.62e+00 2.43e-07  1.10e-02    43s
   8   7.81037602e+02 -1.16484608e+03  5.09e-01 1.03e-07  4.76e-03    48s
   9   5.59409966e+02  2.63432080e+02  2.82e-02 1.05e-08  7.06e-04    52s
  10   5.12408270e+02  4.65320525e+02  1.09e-03 7.28e-10  1.11e-04    55s
  11   4.96793909e+02  4.95750793e+02  2.47e-12 6.87e-12  2.46e-06    58s
  12   4.96605489e+02  4.96591485e+02  5.69e-11 1.24e-15  3.30e-08    61s
  13   4.96600005e+02  4.96599991e+02  3.47e-10 2.80e-15  3.46e-11    64s
  14   4.96600000e+02  4.96600000e+02  3.76e-10 8.88e-16  3.48e-14    67s

Barrier solved model in 14 iterations and 67.05 seconds (34.23 work units)
Optimal objective 4.96600000e+02


Root crossover log...

    9338 DPushes remaining with DInf 0.0000000e+00                67s
       0 DPushes remaining with DInf 0.0000000e+00                68s

   60200 PPushes remaining with PInf 0.0000000e+00                68s
   13787 PPushes remaining with PInf 0.0000000e+00                70s
       0 PPushes remaining with PInf 0.0000000e+00                73s

  Push phase complete: Pinf 0.0000000e+00, Dinf 5.6482596e-15     73s


Root simplex log...

Iteration    Objective       Primal Inf.    Dual Inf.      Time
   69451    4.9660000e+02   0.000000e+00   0.000000e+00     73s
Crossover time: 5.58 seconds (2.41 work units)
Concurrent spin time: 0.00s

Solved with barrier

Root relaxation: objective 4.966000e+02, 69451 iterations, 55.20 seconds (25.18 work units)

    Nodes    |    Current Node    |     Objective Bounds      |     Work
 Expl Unexpl |  Obj  Depth IntInf | Incumbent    BestBd   Gap | It/Node Time

     0     0  496.60000    0 11214          -  496.60000      -     -  144s
     0     0  496.60000    0 10196          -  496.60000      -     -  147s
     0     0  496.60000    0 12897          -  496.60000      -     -  186s
     0     0  496.60000    0 13073          -  496.60000      -     -  201s
     0     0  496.60000    0 22480          -  496.60000      -     -  230s
     0     0  496.60000    0 22480          -  496.60000      -     -  230s
     0     0  496.60000    0 5279          -  496.60000      -     -  278s
     0     0  496.60000    0 8183          -  496.60000      -     -  292s
     0     0  496.60000    0 7760          -  496.60000      -     -  296s
     0     0  496.60000    0 11406          -  496.60000      -     -  343s
     0     0  496.60000    0 11406          -  496.60000      -     -  343s
     0     0  496.60000    0 4911          -  496.60000      -     -  392s
     0     0  496.60000    0 4575          -  496.60000      -     -  417s
     0     0  496.60000    0 9152          -  496.60000      -     -  456s
     0     0  496.60000    0 9152          -  496.60000      -     -  456s
     0     0  496.60000    0 3055          -  496.60000      -     -  491s
     0     0  496.60000    0 5106          -  496.60000      -     -  505s
     0     0  496.60000    0 9377          -  496.60000      -     -  527s
     0     0  496.60000    0 9377          -  496.60000      -     -  527s
     0     0  496.60000    0 4224          -  496.60000      -     -  570s
     0     0  496.60000    0 5026          -  496.60000      -     -  580s
     0     0  496.60000    0 5101          -  496.60000      -     -  580s
     0     0  496.60000    0 8101          -  496.60000      -     -  622s
     0     0  496.60000    0 8109          -  496.60000      -     -  624s
     0     0  496.60000    0 8109          -  496.60000      -     -  624s
     0     0  496.60000    0 4691          -  496.60000      -     -  682s
     0     0  496.60000    0 4391          -  496.60000      -     -  706s
     0     0  496.60000    0 3595          -  496.60000      -     -  708s
     0     0  496.60000    0 3595          -  496.60000      -     -  708s
     0     0  496.60000    0 3595          -  496.60000      -     -  709s
     0     0  496.60000    0 3595          -  496.60000      -     -  709s
     0     0  496.60000    0 3595          -  496.60000      -     -  709s
     0     0  496.60000    0 3597          -  496.60000      -     -  710s
     0     0  496.64129    0 8330          -  496.64129      -     -  741s
     0     0  496.64129    0 8330          -  496.64129      -     -  742s
     0     0  496.64129    0 3132          -  496.64129      -     -  781s
     0     0  496.64129    0 3140          -  496.64129      -     -  804s
     0     0  496.64129    0 3011          -  496.64129      -     -  806s
     0     0  496.64129    0 2988          -  496.64129      -     -  806s
     0     0  496.64129    0 2988          -  496.64129      -     -  806s
     0     0  496.64129    0 2988          -  496.64129      -     -  807s
     0     0  496.64129    0 2990          -  496.64129      -     -  807s
     0     0  498.50000    0 5708          -  498.50000      -     -  864s
     0     0  498.50000    0 5617          -  498.50000      -     -  887s
     0     0  498.50000    0 5617          -  498.50000      -     -  887s
     0     0  498.50000    0 6405          -  498.50000      -     -  918s
     0     0  498.50000    0 9038          -  498.50000      -     -  940s
     0     0  498.50000    0 10064          -  498.50000      -     -  971s
     0     0  498.50000    0 10064          -  498.50000      -     -  971s
     0     0  498.50000    0 4343          -  498.50000      -     - 1018s
     0     0  498.50000    0 5082          -  498.50000      -     - 1052s
     0     0  498.50000    0 5572          -  498.50000      -     - 1053s
     0     0  499.09130    0 5102          -  499.09130      -     - 1097s
     0     0  499.09130    0 5144          -  499.09130      -     - 1097s
     0     0  499.09130    0 4292          -  499.09130      -     - 1171s
     0     0  499.10085    0 6247          -  499.10085      -     - 1206s
     0     0  499.10085    0 6453          -  499.10085      -     - 1207s
     0     0  499.10085    0 6453          -  499.10085      -     - 1207s
     0     0  499.13837    0 4322          -  499.13837      -     - 1217s
     0     0  499.13837    0 5390          -  499.13837      -     - 1222s
     0     0  499.23082    0 7336          -  499.23082      -     - 1246s
     0     0  499.23082    0 7336          -  499.23082      -     - 1246s
     0     0  499.23082    0 10470          -  499.23082      -     - 1301s
     0     0  499.34351    0 11155          -  499.34351      -     - 1343s
     0     0  499.39252    0 12159          -  499.39252      -     - 1369s
     0     0  499.39277    0 11784          -  499.39277      -     - 1385s
     0     0  500.47561    0 15760          -  500.47561      -     - 1413s
     0     0  500.48951    0 15126          -  500.48951      -     - 1742s
     0     0  500.49411    0 13277          -  500.49411      -     - 1757s
     0     0  500.53208    0 14303          -  500.53208      -     - 1765s
     0     0  500.53877    0 14524          -  500.53877      -     - 1771s
     0     0  500.53996    0 15739          -  500.53996      -     - 1780s
     0     0  500.54180    0 11199          -  500.54180      -     - 1784s
     0     0  500.54180    0 12225          -  500.54180      -     - 1810s
     0     0  500.88485    0 14231          -  500.88485      -     - 1837s
     0     0  501.65023    0 14099          -  501.65023      -     - 1863s
     0     0  502.77470    0 13585          -  502.77470      -     - 1868s
     0     0  503.06981    0 13965          -  503.06981      -     - 1876s
     0     0  503.07487    0 15350          -  503.07487      -     - 1882s
     0     0  503.07487    0 14714          -  503.07487      -     - 1883s
     0     0  511.65390    0 18851          -  511.65390      -     - 1910s
     0     0  511.65390    0 18850          -  511.65390      -     - 1911s
     0     0  511.78763    0 13945          -  511.78763      -     - 1941s
     0     0  511.78763    0 12475          -  511.78763      -     - 1947s
     0     0  511.78763    0 13156          -  511.78763      -     - 1953s
     0     0  511.78763    0 14144          -  511.78763      -     - 1957s
     0     0  512.47065    0 18058          -  512.47065      -     - 1981s
     0     0  512.48580    0 19583          -  512.48580      -     - 2002s
     0     0  512.51999    0 16475          -  512.51999      -     - 2011s
     0     0  512.51999    0 18385          -  512.51999      -     - 2022s
     0     0  512.75611    0 19829          -  512.75611      -     - 2056s
     0     0  512.75611    0 19833          -  512.75611      -     - 2056s
     0     0  512.78548    0 16935          -  512.78548      -     - 2076s
     0     0  512.78548    0 19655          -  512.78548      -     - 2099s
     0     0  512.78920    0 18438          -  512.78920      -     - 2122s
     0     0  512.78920    0 18438          -  512.78920      -     - 2123s
     0     0  512.78938    0 18670          -  512.78938      -     - 2130s
     0     0  512.89952    0 19848          -  512.89952      -     - 2160s
     0     0  512.91089    0 20946          -  512.91089      -     - 2183s
     0     0  512.91089    0 12370          -  512.91089      -     - 2200s
     0     0  516.71367    0 13633          -  516.71367      -     - 2215s
     0     0  516.75107    0 17019          -  516.75107      -     - 2233s
     0     0  516.79196    0 17079          -  516.79196      -     - 2245s
     0     0  516.79436    0 19002          -  516.79436      -     - 2251s
     0     0  516.83055    0 18212          -  516.83055      -     - 2272s
     0     0  516.83989    0 15523          -  516.83989      -     - 2301s
     0     0  516.84445    0 15136          -  516.84445      -     - 2313s
     0     0  516.86328    0 16094          -  516.86328      -     - 2342s
     0     0  516.86446    0 12204          -  516.86446      -     - 2385s
     0     0  516.90006    0 12369          -  516.90006      -     - 2416s
     0     0  516.90006    0 12379          -  516.90006      -     - 2416s
     0     0  516.90007    0 20366          -  516.90007      -     - 2461s
     0     0  517.39125    0 12330          -  517.39125      -     - 2491s
     0     0  517.39812    0 16395          -  517.39812      -     - 2520s
     0     0  517.60630    0 19800          -  517.60630      -     - 2546s
     0     0  517.60909    0 19112          -  517.60909      -     - 2584s
     0     0  518.40872    0 18134          -  518.40872      -     - 2608s
     0     0  518.40872    0 18643          -  518.40872      -     - 2633s
     0     0  518.40872    0 17930          -  518.40872      -     - 2662s
     0     0  518.40872    0 16912          -  518.40872      -     - 2691s
     0     0  518.40872    0 17973          -  518.40872      -     - 2726s
     0     0  518.40872    0 17973          -  518.40872      -     - 2726s
     0     0  518.40872    0 5763          -  518.40872      -     - 2794s
     0     0  518.40872    0 15274          -  518.40872      -     - 2871s
     0     0  518.40872    0 15268          -  518.40872      -     - 2871s
     0     0  518.47991    0 19922          -  518.47991      -     - 2913s
     0     0  518.47991    0 20354          -  518.47991      -     - 2915s
     0     0  518.47991    0 8532          -  518.47991      -     - 3006s
     0     0  518.49401    0 9913          -  518.49401      -     - 3022s
     0     0  518.49401    0 9618          -  518.49401      -     - 3023s
     0     0  518.68265    0 13710          -  518.68265      -     - 3052s
     0     0  518.68265    0 13691          -  518.68265      -     - 3052s
     0     0  518.69347    0 15598          -  518.69347      -     - 3075s
     0     0  518.70027    0 14985          -  518.70027      -     - 3088s
     0     0  518.70027    0 14985          -  518.70027      -     - 3089s
     0     0  518.70027    0 13673          -  518.70027      -     - 3102s
     0     0  518.74488    0 22883          -  518.74488      -     - 3156s
     0     0  518.74508    0 22363          -  518.74508      -     - 3192s
     0     0  518.89065    0 27823          -  518.89065      -     - 3217s
     0     0  518.89337    0 22801          -  518.89337      -     - 3246s
     0     0  519.48029    0 29310          -  519.48029      -     - 3291s
     0     0  519.48029    0 29279          -  519.48029      -     - 3292s
     0     0  519.53545    0 29833          -  519.53545      -     - 3319s
     0     0  519.59104    0 25106          -  519.59104      -     - 3327s
     0     0  519.59244    0 31217          -  519.59244      -     - 3337s
     0     0  519.73860    0 29347          -  519.73860      -     - 3382s
     0     0  519.77267    0 30326          -  519.77267      -     - 3405s
     0     0  519.81401    0 32655          -  519.81401      -     - 3418s
     0     0  519.81401    0 31752          -  519.81401      -     - 3430s
     0     0  519.84296    0 34259          -  519.84296      -     - 3463s
     0     0  519.85416    0 27985          -  519.85416      -     - 3483s
     0     0  519.85416    0 29139          -  519.85416      -     - 3492s
     0     0  520.04620    0 25315          -  520.04620      -     - 3518s
     0     0  520.04620    0 29908          -  520.04620      -     - 3546s
     0     0  520.26560    0 26707          -  520.26560      -     - 3573s
     0     0  520.26560    0 24389          -  520.26560      -     - 3598s
     0     0  520.29647    0 29941          -  520.29647      -     - 3636s
     0     0  520.32732    0 29941          -  520.32732      -     - 3649s
     0     0  520.32732    0 6195          -  520.32732      -     - 3794s
     0     2  520.32732    0 6195          -  520.32732      -     - 3906s
     1     4  520.44308    1 5545          -  520.44308      -  4653 3935s
     3     8  520.50984    2 5534          -  520.50984      -  3700 3951s
     7    12  520.54323    3 9807          -  520.52733      -  2923 3972s
    11    17  520.62899    4 9173          -  520.52733      -  2476 3998s
    16    23  520.70566    5 8972          -  520.52733      -  2054 4029s
    22    35  539.21262    6 7672          -  520.52733      -  1900 4055s
    34    48  521.57678   11 6080          -  520.52733      -  1650 4070s
    47    56  523.17947   15 7966          -  520.52733      -  1524 4086s
    57    66  521.58489   15 8485          -  520.52733      -  1420 4099s
    67    72  521.58489   20 7938          -  520.52733      -  1391 4115s
    73    80  522.08489   22 8286          -  520.52733      -  1388 4127s
    81    92  522.37689   23 7465          -  520.52733      -  1361 4138s
    93   100  531.49744   24 7172          -  520.52733      -  1264 4160s
   101   110  523.40178   25 7707          -  520.52733      -  1255 4169s
   111   121  523.46795   26 7498          -  520.52733      -  1194 4182s
   124   136  523.58023   27 6875          -  520.52733      -  1109 4190s
   139   146  523.81872   29 6626          -  520.52733      -  1030 4199s
   151   165  524.19031   30 6240          -  520.52733      -   991 4209s
   170   175  528.38734   37 6180          -  520.52733      -   919 4231s
   182   192  525.42360   38 6201          -  520.52733      -   897 4257s
   201   196  525.77855   44 5271          -  520.52733      -   851 4542s
   205   200  525.85332   45 5273          -  520.52733      -   854 4935s
   209   204  525.86502   46 5618          -  520.52733      -   856 5283s
   213   208  526.00351   47 6036          -  520.52733      -   852 5610s
   217   212  526.16595   48 6030          -  520.52733      -   839 5977s
   221   216  526.21995   49 5658          -  520.52733      -   830 6364s
   225   220  526.37138   50 5648          -  520.52733      -   836 6751s
   229   223  526.65630   51 5628          -  520.52733      -   837 7124s
   232   223  526.69993   52 4879          -  520.52733      -   837 7200s

Cutting planes:
  Gomory: 2
  Cover: 170
  Implied bound: 680
  Clique: 310
  MIR: 279
  StrongCG: 13
  Flow cover: 47
  GUB cover: 20
  Zero half: 5
  RLT: 359
  Relax-and-lift: 858

Explored 240 nodes (1043300 simplex iterations) in 7200.79 seconds (4718.69 work units)
Thread count was 4 (of 8 available processors)

Solution count 0

Time limit reached
Best objective -, best bound 5.206000000000e+02, gap -
