
Gurobi 13.0.2 (linux64) logging started Fri Jul 10 09:53:04 2026

Set parameter LogFile to value "src/Resultados/Restriccion_solo_cliques/logs/C203-25.xml_log.log"
Set parameter Threads to value 4
Gurobi Optimizer version 13.0.2 build v13.0.2rc1 (linux64 - "Rocky Linux 9.7 (Blue Onyx)")

CPU model: QEMU Virtual CPU version 2.5+, instruction set [SSE2]
Thread count: 8 physical cores, 8 logical processors, using up to 4 threads

Non-default parameters:
TimeLimit  7200
Threads  4

Optimize a model with 376581 rows, 219255 columns and 1538640 nonzeros (Min)
Model fingerprint: 0x557b2b15
Model has 12840 linear objective coefficients
Variable types: 51465 continuous, 167790 integer (167775 binary)
Coefficient statistics:
  Matrix range     [1e+00, 1e+05]
  Objective range  [2e+00, 6e+01]
  Bounds range     [1e+00, 4e+03]
  RHS range        [1e+00, 1e+05]

Presolve removed 51060 rows and 30 columns (presolve time = 5s)...
Presolve removed 126842 rows and 105 columns (presolve time = 10s)...
Presolve removed 127423 rows and 120 columns (presolve time = 15s)...
Presolve removed 127423 rows and 120 columns
Presolve time: 17.62s
Presolved: 249158 rows, 219135 columns, 1042095 nonzeros
Variable types: 375 continuous, 218760 integer (192405 binary)
Deterministic concurrent LP optimizer: primal simplex, dual simplex, and barrier
Showing barrier log only...

Root barrier log...

Elapsed ordering time = 5s
Ordering time: 6.46s

Barrier statistics:
 Dense cols : 15
 AA' NZ     : 2.256e+06
 Factor NZ  : 8.580e+06 (roughly 260 MB of memory)
 Factor Ops : 1.569e+09 (less than 1 second per iteration)
 Threads    : 1

                  Objective                Residual
Iter       Primal          Dual         Primal    Dual     Compl     Time
   0   1.32968502e+06 -5.00502188e+05  8.48e+05 0.00e+00  2.19e+01    53s
   1   5.19298153e+05 -4.95249419e+05  3.33e+05 4.43e-02  9.33e+00    54s
   2   2.09616770e+05 -6.66821423e+05  1.36e+05 8.95e-13  3.90e+00    55s
   3   9.92976992e+04 -2.52518145e+05  6.46e+04 2.56e-13  1.52e+00    56s
   4   7.26324325e+03 -3.45888512e+04  4.39e+03 5.97e-14  1.30e-01    57s
   5   4.98970612e+03 -4.99149186e+03  2.98e+03 1.40e-14  4.57e-02    58s
   6   2.29516583e+03 -1.97379256e+03  1.27e+03 7.66e-15  1.74e-02    59s
   7   7.73221990e+02 -4.50906939e+02  3.19e+02 1.19e-15  4.51e-03    60s
   8   4.24676692e+02 -7.45502020e+01  1.21e+02 4.44e-16  1.74e-03    61s
   9   3.17153238e+02  3.73370642e+01  6.03e+01 4.44e-16  9.06e-04    62s
  10   2.25408969e+02  9.16912037e+01  1.05e+01 4.44e-16  3.01e-04    63s
  11   2.09203643e+02  1.79754672e+02  1.62e+00 4.44e-16  6.06e-05    64s
  12   2.06435828e+02  2.02397087e+02  1.71e-01 4.44e-16  7.75e-06    65s
  13   2.06101243e+02  2.05884965e+02  1.52e-09 4.44e-16  3.70e-07    66s
  14   2.06100001e+02  2.06099785e+02  5.11e-09 4.44e-16  3.70e-10    66s
  15   2.06100000e+02  2.06100000e+02  4.48e-10 4.44e-16  3.70e-13    67s

Barrier solved model in 15 iterations and 67.31 seconds (14.85 work units)
Optimal objective 2.06100000e+02


Root crossover log...

   34741 DPushes remaining with DInf 0.0000000e+00                71s
       0 DPushes remaining with DInf 0.0000000e+00                72s

  104434 PPushes remaining with PInf 0.0000000e+00                72s
   42005 PPushes remaining with PInf 0.0000000e+00                77s
   35457 PPushes remaining with PInf 0.0000000e+00                80s
   24337 PPushes remaining with PInf 0.0000000e+00                87s
   18707 PPushes remaining with PInf 0.0000000e+00                90s
   13519 PPushes remaining with PInf 0.0000000e+00                95s
    9268 PPushes remaining with PInf 0.0000000e+00               100s
    4920 PPushes remaining with PInf 0.0000000e+00               105s
    1679 PPushes remaining with PInf 0.0000000e+00               110s
       0 PPushes remaining with PInf 0.0000000e+00               113s

  Push phase complete: Pinf 0.0000000e+00, Dinf 1.0477730e-14    113s


Root simplex log...

Iteration    Objective       Primal Inf.    Dual Inf.      Time
  139178    2.0610000e+02   0.000000e+00   0.000000e+00    114s
Crossover time: 46.19 seconds (22.58 work units)
Concurrent spin time: 0.00s

Solved with barrier

Root relaxation: objective 2.061000e+02, 139178 iterations, 86.81 seconds (28.67 work units)

    Nodes    |    Current Node    |     Objective Bounds      |     Work
 Expl Unexpl |  Obj  Depth IntInf | Incumbent    BestBd   Gap | It/Node Time

     0     0  206.10000    0 36969          -  206.10000      -     -  429s
     0     0  206.10000    0 41803          -  206.10000      -     -  499s
     0     0  206.10000    0 48958          -  206.10000      -     -  556s
     0     0  206.10000    0 48958          -  206.10000      -     -  896s
     0     0  206.10000    0 48955          -  206.10000      -     -  909s
     0     0  206.10000    0 48584          -  206.10000      -     -  973s
     0     0  206.10000    0 48969          -  206.10000      -     -  990s
     0     0  206.10000    0 51061          -  206.10000      -     - 1047s
     0     0  206.10000    0 51058          -  206.10000      -     - 1058s
     0     0  206.10000    0 51059          -  206.10000      -     - 1108s
     0     0  206.10000    0 51059          -  206.10000      -     - 1122s
     0     0  206.10000    0 45560          -  206.10000      -     - 1180s
     0     0  206.10000    0 45560          -  206.10000      -     - 1197s
     0     2  207.50000    0 45560          -  207.50000      -     - 1257s
     1     4  207.50000    1 45777          -  207.50000      -   355 1322s
     3     8  207.50000    2 45689          -  207.50000      -  4118 1427s
     7    12  207.50000    3 45202          -  207.50000      -  5514 1444s
    11    41  207.50000    4 45202          -  207.50000      -  3641 1555s
    40    81  207.50000    8 45202          -  207.50000      -  1168 1566s
   112   136  207.50000   27 45213          -  207.50000      -   425 1573s
   135   156  207.50000   33 45210          -  207.50000      -   353 1578s
   155   160  207.50000   39 45210          -  207.50000      -   314 1583s
   159   182  207.50000   40 45203          -  207.50000      -   309 1585s
   199   220  207.50000   51 45210          -  207.50000      -   250 1594s
   219   231  207.50000   56 45213          -  207.50000      -   232 1599s
   230   254  207.50000   61 45214          -  207.50000      -   222 1601s
   277   298  207.50000   73 45214          -  207.50000      -   185 1610s
   323   351  207.50000   84 45224          -  207.50000      -   159 1615s
   350   355  207.50000   91 45215          -  207.50000      -   147 1626s
   383   412  207.50000   99 45224          -  207.50000      -   135 1638s
   411   416  207.50000  106 45206          -  207.50000      -   129 1643s
   415   420  207.50000  107 45207          -  207.50000      -   128 1650s
   446   451  207.50000  116 45213          -  207.50000      -   120 1667s
   450   477  207.50000  117 45211          -  207.50000      -   119 1677s
   476   481  207.50000  126 45223          -  207.50000      -   118 1683s
   480   493  207.50000  127 45223          -  207.50000      -   117 1700s
   492   516  207.50000  136 45217          -  207.50000      -   114 1710s
   515   520  207.50000  145 45208          -  207.50000      -   111 1718s
   519   558  207.50000  146 45207          -  207.50000      -   111 1723s
   557   562  207.50000  157 45221          -  207.50000      -   105 1731s
   561   580  207.50000  158 45222          -  207.50000      -   105 1757s
   579   584  207.50000  165 45222          -  207.50000      -   104 1774s
   583   608  207.50000  166 45222          -  207.50000      -   103 1782s
   607   612  207.50000  179 45210          -  207.50000      -   101 1791s
   611   619  207.50000  180 45223          -  207.50000      -   101 1893s
   618   623  207.50000  181 45220          -  207.50000      -   101 1905s
   622   628  207.50000  182 45224          -  207.50000      -   101 1911s
   627   632  207.50000  183 45225          -  207.50000      -   102 1918s
   631   638  207.50000  184 45224          -  207.50000      -   101 1931s
   637   642  207.50000  185 45224          -  207.50000      -   103 1939s
   641   648  207.50000  186 45224          -  207.50000      -   103 1949s
   647   657  207.50000  187 45221          -  207.50000      -   103 1960s
   656   661  207.50000  188 45222          -  207.50000      -   104 1973s
   660   683  207.50000  189 45222          -  207.50000      -   105 1980s
   682   733  207.50000  190 45214          -  207.50000      -   102 1994s
   732   737  207.50000  191 45223          -  207.50000      -  96.0 2004s
   736   773  207.50000  192 45222          -  207.50000      -  95.5 2016s
   772   805  207.50000  193 45222          -  207.50000      -  92.4 2031s
   804   850  207.50000  194 45223          -  207.50000      -  90.1 2046s
   849   883  207.50000  195 45220          -  207.50000      -  86.0 2059s
   882   916  207.50000  196 45224          -  207.50000      -  85.2 2071s
   915   965  207.50000  197 45225          -  207.50000      -  84.2 2086s
   964   998  207.50000  198 45224          -  207.50000      -  81.0 2105s
   997  1019  207.50000  199 45224          -  207.50000      -  81.8 2117s
  1018  1057  207.50000  200 45224          -  207.50000      -  82.1 2129s
  1056  1110  207.50000  201 45221          -  207.50000      -  81.1 2143s
  1109  1144  207.50000  202 45223          -  207.50000      -  80.6 2155s
  1143  1194  207.50000  203 45224          -  207.50000      -  81.2 2168s
  1193  1225  207.50000  204 45222          -  207.50000      -  79.7 2182s
  1224  1260  207.50000  205 45224          -  207.50000      -  80.1 2194s
  1259  1276  207.50000  206 45223          -  207.50000      -  80.1 2215s
  1275  1300  207.50000  207 45214          -  207.50000      -  82.8 2229s
  1299  1333  207.50000  208 45210          -  207.50000      -  83.7 2244s
  1332  1370  207.50000  209 45210          -  207.50000      -  84.9 2261s
  1369  1424  207.50000  210 45221          -  207.50000      -  86.3 2278s
  1423  1464  207.50000  211 45222          -  207.50000      -  85.1 2292s
  1463  1490  207.50000  212 45222          -  207.50000      -  85.3 2312s
  1489  1538  207.50000  213 45222          -  207.50000      -  88.4 2331s
  1537  1596  207.50000  240 45229          -  207.50000      -  90.1 2351s
  1595  1659  207.50000  257 45222          -  207.50000      -  91.1 2370s
  1658  1757  207.50000  291 45217          -  207.50000      -  92.0 2388s
  1756  1863  207.50000  317 45219          -  207.50000      -  89.5 2406s
  1862  1955  207.50000  354 45201          -  207.50000      -  87.8 2436s
  1954  2062  207.50000  411 45113          -  207.50000      -  91.3 2465s
  2061  2184  207.50000  456 45095          -  207.50000      -  89.6 2489s
  2163  2184  207.50000  566 43833          -  207.50000      -  88.6 2490s
  2183  2258  207.50000  505 46786          -  207.50000      -  90.2 2518s
  2257  2376  207.50000  536 47017          -  207.50000      -  92.1 2544s
  2375  2467  207.50000  577 47483          -  207.50000      -  92.7 2573s
  2466  2542  207.50000  605 47547          -  207.50000      -  93.0 2613s
  2541  2543  207.50000  609 49422          -  207.50000      -   103 2650s
  2542  2561  244.68649  636 40511          -  207.50000      -   105 2693s
  2560  2586  244.68649  637 53957          -  207.50000      -   114 2737s
  2585  2623  244.68649  638 47428          -  207.50000      -   115 2779s
  2622  2639  244.68649  643 36933          -  207.50000      -   120 3390s
  2638  2703  245.40000  643 45142          -  207.50000      -   130 3475s
  2702  2722  245.40000  649 43190          -  207.50000      -   132 3532s
  2721  2737  245.40000  651 28449          -  207.50000      -   138 3637s
  2736  2756  245.40000  652 26214          -  207.50000      -   144 3871s
  2755  2790  245.40000  653 22354          -  207.50000      -   148 3953s
  2789  2800  245.40000  654 19266          -  207.50000      -   150 3994s
  2800  2806  246.27989  656 19271          -  207.50000      -   153 4056s
  2814  2874  245.40000  659 11284          -  207.50000      -   160 4122s
  2886  3093  245.40000  660 10646          -  207.50000      -   163 4205s
  3108  3293  245.40000  727 10450          -  207.50000      -   154 4247s
  3309  3496  245.40000  793 10249          -  207.50000      -   145 4284s
  3512  3699  245.40000  860 10048          -  207.50000      -   138 4321s
  3715  3893  245.40000  927 9610          -  207.50000      -   132 4365s
  3909  4096  245.43835  978 24886          -  207.50000      -   128 4407s
  4112  4327  245.45140 1045 30375          -  207.50000      -   123 4464s
  4343  4497  245.46050 1112 37217          -  207.50000      -   119 4521s
  4513  4665  245.46654 1179 30342          -  207.50000      -   118 4571s
  4681  4839  245.47467 1246 30654          -  207.50000      -   118 4623s
  4855  4997  245.48462 1312 30714          -  207.50000      -   118 4678s
  5013  5156  245.49539 1379 29590          -  207.50000      -   119 4754s
  5173  5157  210.80000   36 45560          -  207.50000      -   121 4896s
  5175  5158  234.00000  130 18007          -  207.50000      -   121 5190s
  5176  5159  288.33130   56 15560          -  207.50000      -   121 5203s
  5178  5160  210.70000  416 20138          -  207.50000      -   121 5492s
H 5178  4901                     461.5000000  207.50000  55.0%   121 5496s
H 5179  4657                     408.4000000  207.50000  49.2%   121 5753s
  5180  4658  245.50598 1125 14473  408.40000  207.50000  49.2%   121 5756s
  5181  4658  253.40000  445 8122  408.40000  207.50000  49.2%   121 5763s
  5182  4659  209.40000  456 8757  408.40000  207.50000  49.2%   121 5880s
  5184  4660  245.40000  876 8757  408.40000  207.50000  49.2%   121 6007s
  5186  4662  242.60000  323 8758  408.40000  207.50000  49.2%   121 6114s
  5187  4662  239.90000  640 8758  408.40000  207.50000  49.2%   120 6259s
  5188  4663  219.70000  467 8758  408.40000  207.50000  49.2%   120 6271s
  5189  4667  207.50000   12 8739  408.40000  207.50000  49.2%   213 6466s
  5191  4669  207.50000   13 8813  408.40000  207.50000  49.2%   214 6477s
  5195  4672  207.50000   14 8730  408.40000  207.50000  49.2%   214 6482s
  5199  4684  207.50000   15 8730  408.40000  207.50000  49.2%   214 6496s
  5213  4687  207.50000   17 8831  408.40000  207.50000  49.2%   215 6506s
  5220  4693  207.50000   18 8764  408.40000  207.50000  49.2%   216 6515s
  5229  4697  207.50000   18 9082  408.40000  207.50000  49.2%   217 6524s
  5236  4706  207.50000   19 9004  408.40000  207.50000  49.2%   218 6533s
  5247  4708  207.50000   20 8243  408.40000  207.50000  49.2%   219 6538s
  5253  4713  210.87315   20 8641  408.40000  207.50000  49.2%   220 6545s
  5260  4719  207.50000   21 11768  408.40000  207.50000  49.2%   220 6552s
  5271  4720  207.50000   22 12447  408.40000  207.50000  49.2%   221 6594s
  5280  4719  207.50000   23 13049  408.40000  207.50000  49.2%   222 6645s
  5286  4721  207.50000   23 9690  408.40000  207.50000  49.2%   224 6672s
  5290  4723  207.50000   24 13065  408.40000  207.50000  49.2%   224 6694s
  5293  4726  210.87315   24 15001  408.40000  207.50000  49.2%   225 6718s
  5297  4728  207.50000   25 13069  408.40000  207.50000  49.2%   225 6735s
  5300  4730  209.47279   25 14915  408.40000  207.50000  49.2%   226 6749s
H 5301  4496                     404.1000000  207.50000  48.7%   226 6749s
H 5302  4274                     364.8000000  207.50000  43.1%   226 6749s
  5303  4277  207.50000   26 13935  364.80000  207.50000  43.1%   226 6767s
  5312  4278  207.50000   27 13606  364.80000  207.50000  43.1%   227 6783s
  5324  4283  207.50000   28 15285  364.80000  207.50000  43.1%   228 6801s
  5337  4281  211.03086   28 15933  364.80000  207.50000  43.1%   229 6822s
  5342  4281  207.50000   29 13585  364.80000  207.50000  43.1%   229 6856s
  5349  4288  207.50000   30 13555  364.80000  207.50000  43.1%   229 6880s
  5359  4289  207.50000   31 13602  364.80000  207.50000  43.1%   229 6901s
  5363  4291  210.88243   31 15313  364.80000  207.50000  43.1%   230 6955s
H 5366  4083                     360.3000000  207.50000  42.4%   230 6973s
H 5367  3882                     327.7000000  207.50000  36.7%   230 6973s
  5370  3903  210.88243   32 13331  327.70000  207.50000  36.7%   230 7001s
  5393  3900  207.50000   37 14506  327.70000  207.50000  36.7%   231 7026s
  5397  3919  210.89998   39 11642  327.70000  207.50000  36.7%   231 7056s
  5418  3948  207.50000   38 15270  327.70000  207.50000  36.7%   231 7077s
  5454  3962  207.50000   43 16616  327.70000  207.50000  36.7%   232 7100s
  5480  3978  207.50000   47 16596  327.70000  207.50000  36.7%   233 7125s
  5504  3992  207.50000   54 16541  327.70000  207.50000  36.7%   235 7150s
  5526  4009  207.50000   57 16542  327.70000  207.50000  36.7%   238 7180s
  5553  4004  207.50000   60 17343  327.70000  207.50000  36.7%   239 7200s

Cutting planes:
  Gomory: 1
  Implied bound: 15
  MIR: 28
  RLT: 51
  Relax-and-lift: 9

Explored 5557 nodes (1606616 simplex iterations) in 7201.54 seconds (4684.00 work units)
Thread count was 4 (of 8 available processors)

Solution count 6: 327.7 360.3 364.8 ... 461.5

Time limit reached
Best objective 3.277000000000e+02, best bound 2.075000000000e+02, gap 36.6799%
