
Gurobi 13.0.2 (linux64) logging started Fri Jul 10 13:57:37 2026

Set parameter LogFile to value "src/Resultados/Restriccion_solo_cliques/logs/C204-25.xml_log.log"
Set parameter Threads to value 4
Gurobi Optimizer version 13.0.2 build v13.0.2rc1 (linux64 - "Rocky Linux 9.7 (Blue Onyx)")

CPU model: QEMU Virtual CPU version 2.5+, instruction set [SSE2]
Thread count: 8 physical cores, 8 logical processors, using up to 4 threads

Non-default parameters:
TimeLimit  7200
Threads  4

Optimize a model with 377451 rows, 220125 columns and 1552875 nonzeros (Min)
Model fingerprint: 0xd0e9bb02
Model has 13710 linear objective coefficients
Variable types: 51465 continuous, 168660 integer (168645 binary)
Coefficient statistics:
  Matrix range     [1e+00, 1e+05]
  Objective range  [2e+00, 6e+01]
  Bounds range     [1e+00, 4e+03]
  RHS range        [1e+00, 1e+05]

Presolve removed 0 rows and 0 columns (presolve time = 5s)...
Presolve removed 102107 rows and 45 columns (presolve time = 10s)...
Presolve removed 127348 rows and 105 columns (presolve time = 16s)...
Presolve removed 127378 rows and 120 columns (presolve time = 20s)...
Presolve removed 127378 rows and 120 columns
Presolve time: 24.10s
Presolved: 250073 rows, 220005 columns, 1050030 nonzeros
Variable types: 375 continuous, 219630 integer (193275 binary)
Deterministic concurrent LP optimizer: primal simplex, dual simplex, and barrier
Showing barrier log only...

Root barrier log...

Elapsed ordering time = 8s
Elapsed ordering time = 10s
Ordering time: 13.37s

Barrier statistics:
 Dense cols : 15
 AA' NZ     : 2.378e+06
 Factor NZ  : 9.046e+06 (roughly 260 MB of memory)
 Factor Ops : 1.815e+09 (less than 1 second per iteration)
 Threads    : 1

                  Objective                Residual
Iter       Primal          Dual         Primal    Dual     Compl     Time
   0   1.27541970e+06 -4.99226203e+05  8.35e+05 0.00e+00  2.14e+01    76s
   1   4.93041961e+05 -4.95441677e+05  3.23e+05 4.27e-02  9.13e+00    77s
   2   2.09316127e+05 -5.85770469e+05  1.38e+05 9.59e-13  3.72e+00    78s
   3   8.33581635e+04 -2.26466491e+05  5.49e+04 4.67e-12  1.27e+00    79s
   4   8.98779111e+03 -3.08441477e+04  5.60e+03 8.26e-14  1.39e-01    80s
   5   4.16998502e+03 -7.31965079e+03  2.42e+03 1.55e-14  4.44e-02    81s
   6   1.61911535e+03 -2.10815621e+03  8.36e+02 7.11e-15  1.35e-02    83s
   7   5.56288973e+02 -4.24610078e+02  1.93e+02 1.11e-15  3.35e-03    84s
   8   2.63677062e+02 -2.21575881e+01  2.88e+01 9.14e-16  7.25e-04    85s
   9   2.11192226e+02  6.98207801e+01  4.19e+00 3.16e-16  2.74e-04    86s
  10   2.04455742e+02  1.55824543e+02  1.17e+00 5.62e-16  9.12e-05    87s
  11   2.02732715e+02  1.85117493e+02  3.98e-01 2.22e-16  3.24e-05    88s
  12   2.01867392e+02  1.96152159e+02  2.13e-02 2.22e-16  9.80e-06    89s
  13   2.01800284e+02  2.01766801e+02  9.89e-06 2.22e-16  5.70e-08    90s
  14   2.01800000e+02  2.01800000e+02  7.38e-10 2.22e-16  5.75e-14    91s

Barrier solved model in 14 iterations and 90.89 seconds (15.08 work units)
Optimal objective 2.01800000e+02


Root crossover log...

   34092 DPushes remaining with DInf 0.0000000e+00                93s
       0 DPushes remaining with DInf 0.0000000e+00                94s

  104369 PPushes remaining with PInf 0.0000000e+00                94s
   79983 PPushes remaining with PInf 0.0000000e+00                95s
   47932 PPushes remaining with PInf 0.0000000e+00               104s
   46569 PPushes remaining with PInf 0.0000000e+00               105s
   33492 PPushes remaining with PInf 0.0000000e+00               113s
   23412 PPushes remaining with PInf 0.0000000e+00               124s
   22067 PPushes remaining with PInf 0.0000000e+00               125s
   18073 PPushes remaining with PInf 0.0000000e+00               131s
   14938 PPushes remaining with PInf 0.0000000e+00               135s
   11086 PPushes remaining with PInf 0.0000000e+00               140s
    7733 PPushes remaining with PInf 0.0000000e+00               145s
    5051 PPushes remaining with PInf 0.0000000e+00               150s
    2053 PPushes remaining with PInf 0.0000000e+00               155s
       0 PPushes remaining with PInf 0.0000000e+00               160s

  Push phase complete: Pinf 0.0000000e+00, Dinf 7.7299278e-15    160s


Root simplex log...

Iteration    Objective       Primal Inf.    Dual Inf.      Time
  138464    2.0180000e+02   0.000000e+00   0.000000e+00    160s
Crossover time: 68.82 seconds (33.79 work units)
Concurrent spin time: 0.04s

Solved with barrier

Root relaxation: objective 2.018000e+02, 138464 iterations, 117.87 seconds (40.03 work units)

    Nodes    |    Current Node    |     Objective Bounds      |     Work
 Expl Unexpl |  Obj  Depth IntInf | Incumbent    BestBd   Gap | It/Node Time

     0     0  201.80000    0 33047          -  201.80000      -     -  631s
     0     0  201.80000    0 35890          -  201.80000      -     -  731s
     0     0  201.80000    0 35890          -  201.80000      -     -  741s
     0     0  201.80000    0 35641          -  201.80000      -     -  942s
     0     0  201.80000    0 35641          -  201.80000      -     - 1411s
     0     0  201.80000    0 33104          -  201.80000      -     - 1426s
     0     0  201.80000    0 29336          -  201.80000      -     - 1479s
     0     0  201.80000    0 29776          -  201.80000      -     - 1493s
     0     0  201.80000    0 32074          -  201.80000      -     - 1516s
     0     0  201.80000    0 32074          -  201.80000      -     - 1526s
     0     0  201.80000    0 32848          -  201.80000      -     - 1578s
     0     0  201.80000    0 31757          -  201.80000      -     - 1586s
     0     0  201.80000    0 31607          -  201.80000      -     - 1614s
     0     0  201.80000    0 31605          -  201.80000      -     - 1622s
     0     0  201.80105    0 31662          -  201.80105      -     - 1646s
     0     0  201.80105    0 31661          -  201.80105      -     - 1654s
     0     0  201.82873    0 32483          -  201.82873      -     - 1696s
     0     0  201.82873    0 31688          -  201.82873      -     - 1704s
     0     0  201.82873    0 32001          -  201.82873      -     - 1758s
     0     0  201.82873    0 32104          -  201.82873      -     - 1770s
     0     0  201.82873    0 32608          -  201.82873      -     - 1821s
     0     0  201.82873    0 32557          -  201.82873      -     - 1831s
     0     0  201.95994    0 32545          -  201.95994      -     - 1842s
     0     0  201.96496    0 32549          -  201.96496      -     - 1852s
     0     0  203.20000    0 32539          -  203.20000      -     - 1862s
     0     0  203.20000    0 32569          -  203.20000      -     - 1872s
     0     0  203.20000    0 32565          -  203.20000      -     - 1882s
     0     0  203.20000    0 32565          -  203.20000      -     - 1889s
     0     0  204.50000    0 32678          -  204.50000      -     - 1915s
     0     0  204.50000    0 27038          -  204.50000      -     - 1937s
     0     0  205.80298    0 31565          -  205.80298      -     - 2015s
     0     0  205.80298    0 30313          -  205.80298      -     - 2026s
     0     0  205.85465    0 32480          -  205.85465      -     - 2057s
     0     0  205.85465    0 32480          -  205.85465      -     - 2068s
     0     0  205.85465    0 34840          -  205.85465      -     - 2124s
     0     0  205.85465    0 34835          -  205.85465      -     - 2133s
     0     0  205.86677    0 34741          -  205.86677      -     - 2146s
     0     0  205.86677    0 34142          -  205.86677      -     - 2163s
     0     0  205.86677    0 34148          -  205.86677      -     - 2179s
     0     0  205.86677    0 34142          -  205.86677      -     - 2189s
     0     0  206.43701    0 33846          -  206.43701      -     - 2208s
     0     0  206.43701    0 33766          -  206.43701      -     - 2221s
     0     0  206.43941    0 32326          -  206.43941      -     - 2267s
     0     0  206.43941    0 32233          -  206.43941      -     - 2276s
     0     0  206.43941    0 33184          -  206.43941      -     - 2311s
     0     0  206.43941    0 33184          -  206.43941      -     - 2378s
     0     2  206.43941    0 33184          -  206.43941      -     - 2667s
     1     4  206.43941    1 33184          -  206.43941      -   1.0 2684s
     3     8  206.75000    2 33151          -  206.75000      -   854 2718s
     7    12  206.75000    3 33148          -  206.75000      -  1249 2728s
    11    17  208.10830    4 31380          -  206.75000      -   885 2776s
    16    26  220.13927    6 30856          -  206.75000      -   775 2802s
    25    32  221.58090    8 30534          -  206.75000      -   787 2830s
    31    42  222.27823   11 30105          -  206.75000      -   805 2858s
    41    48  243.76883   13 30815          -  206.75000      -   859 2886s
    47    55  244.18764   14 33153          -  206.75000      -   757 2911s
    54    64  245.04784   18 37329          -  206.75000      -   728 2942s
    65    73 infeasible   21               -  206.75000      -   723 2964s
    76    79  248.91910   26 33461          -  206.75000      -   723 2987s
    82    84 infeasible   26               -  206.75000      -   724 3020s
    89    90  250.60195   29 39338          -  206.75000      -   744 3046s
    99    92 infeasible   32               -  206.75000      -   695 3081s
   108    97  240.40000   18 34593          -  206.75000      -   700 3112s
   113    99  240.40000   19 34593          -  206.75000      -   714 3147s
   117   101  249.53292   29 32984          -  206.75000      -   708 3175s
   125   108  206.93030    8 30197          -  206.75000      -   666 3207s
   132   121  240.43374   19 34592          -  206.75000      -   632 3237s
   147   127  241.30745   24 34591          -  206.75000      -   590 3276s
   153   144  244.72019   27 34588          -  206.75000      -   596 3308s
   170   164  245.33659   35 34593          -  206.75000      -   607 3348s
   190   179  245.71848   43 34586          -  206.75000      -   576 3399s
   207   202  245.96964   48 33047          -  206.75000      -   555 3428s
   231   227  247.38685   55 33007          -  206.75000      -   545 3632s
   256   246  249.65064   67 33015          -  206.75000      -   517 3845s
   275   274  250.26306   80 33008          -  206.75000      -   500 3876s
   303   309  250.55298   86 32702          -  206.75000      -   499 3905s
   338   327  250.93798   93 33023          -  206.75000      -   481 4072s
   356   364  251.34174   99 30959          -  206.75000      -   466 4114s
   393   387  252.42365  111 32504          -  206.75000      -   447 4154s
   418   403  253.09467  117 32871          -  206.75000      -   476 4204s
   436   441  254.25941  124 29516          -  206.75000      -   502 4282s
   478   446 infeasible  137               -  206.75000      -   478 4340s
   487   457  247.92938   59 34846          -  206.75000      -   492 4418s
   498   483  206.78464    5 35565          -  206.75000      -   488 4493s
   524   503  206.89697   18 42113          -  206.75000      -   484 4550s
   544   511  206.92768   34 40102          -  206.75000      -   491 4627s
   552   515  208.07264   37 41328          -  206.75000      -   507 4696s
   558   522  208.07266   38 41330          -  206.75000      -   517 4766s
   569   526  208.16341   45 45139          -  206.75000      -   517 4834s
   583   563  208.23592   49 40708          -  206.75000      -   522 4912s
   620   568  208.50000   76 37631          -  206.75000      -   522 4976s
   629   594  208.55385   78 37643          -  206.75000      -   536 5033s
   655   604  208.68552   98 37198          -  206.75000      -   537 5098s
   665   613  208.84348  102 38847          -  206.75000      -   543 5166s
   674   662  208.98610  106 43057          -  206.75000      -   553 5236s
   723   708  209.01279  139 38096          -  206.75000      -   532 5295s
   769   715  209.62426  174 38096          -  206.75000      -   513 5458s
   776   751  209.71176  175 38095          -  206.75000      -   517 5993s
   812   761  225.37359  207 34635          -  206.75000      -   497 6092s
   822   780  225.65764  208 34644          -  206.75000      -   531 6154s
   841   797  226.99221  214 35017          -  206.75000      -   543 6241s
   858   843  229.12652  221 37256          -  206.75000      -   560 6306s
   914   916 infeasible  222               -  206.75000      -   552 6537s
   989  1016  245.77316  263 16442          -  206.75000      -   512 6612s
  1092  1017  210.59281  196 33184          -  206.75000      -   466 6854s
  1093  1018  217.63941   74 33184          -  206.75000      -   466 6858s
  1094  1018  220.17222   86 1636          -  206.75000      -   465 7092s

Cutting planes:
  Gomory: 4
  Cover: 11
  Implied bound: 10
  Projected implied bound: 51
  MIR: 8
  StrongCG: 17
  Flow cover: 100
  GUB cover: 4
  RLT: 17
  Relax-and-lift: 117

Explored 1094 nodes (922546 simplex iterations) in 7200.20 seconds (4404.34 work units)
Thread count was 4 (of 8 available processors)

Solution count 0

Time limit reached
Best objective -, best bound 2.068000000000e+02, gap -
