
Gurobi 13.0.2 (linux64) logging started Sat Jul 11 02:19:30 2026

Set parameter LogFile to value "src/Resultados/Restriccion_solo_cliques/logs/C207-25.xml_log.log"
Set parameter Threads to value 4
Gurobi Optimizer version 13.0.2 build v13.0.2rc1 (linux64 - "Rocky Linux 9.7 (Blue Onyx)")

CPU model: QEMU Virtual CPU version 2.5+, instruction set [SSE2]
Thread count: 8 physical cores, 8 logical processors, using up to 4 threads

Non-default parameters:
TimeLimit  7200
Threads  4

Optimize a model with 373727 rows, 216585 columns and 1494840 nonzeros (Min)
Model fingerprint: 0xa455d008
Model has 10410 linear objective coefficients
Variable types: 51405 continuous, 165180 integer (165165 binary)
Coefficient statistics:
  Matrix range     [1e+00, 1e+05]
  Objective range  [2e+00, 6e+01]
  Bounds range     [1e+00, 4e+03]
  RHS range        [1e+00, 1e+05]

Presolve removed 50985 rows and 30 columns (presolve time = 5s)...
Presolve removed 101987 rows and 45 columns (presolve time = 10s)...
Presolve removed 126662 rows and 105 columns (presolve time = 16s)...
Presolve removed 127273 rows and 120 columns (presolve time = 20s)...
Presolve removed 127288 rows and 120 columns (presolve time = 25s)...
Presolve removed 127288 rows and 120 columns (presolve time = 30s)...
Presolve removed 127288 rows and 120 columns
Presolve time: 30.28s
Presolved: 246439 rows, 216465 columns, 1019190 nonzeros
Variable types: 375 continuous, 216090 integer (189735 binary)
Deterministic concurrent LP optimizer: primal simplex, dual simplex, and barrier
Showing barrier log only...

Root barrier log...

Elapsed ordering time = 5s
Elapsed ordering time = 13s
Elapsed ordering time = 15s
Elapsed ordering time = 20s
Ordering time: 21.11s

Barrier statistics:
 Dense cols : 15
 AA' NZ     : 1.959e+06
 Factor NZ  : 7.040e+06 (roughly 240 MB of memory)
 Factor Ops : 7.825e+08 (less than 1 second per iteration)
 Threads    : 1

                  Objective                Residual
Iter       Primal          Dual         Primal    Dual     Compl     Time
   0   1.21702516e+06 -4.99408594e+05  8.66e+05 0.00e+00  2.22e+01   160s
   1   4.85971316e+05 -4.88745951e+05  3.47e+05 4.42e-02  9.59e+00   162s
   2   2.40911231e+05 -7.65522045e+05  1.74e+05 7.11e-13  4.93e+00   163s
   3   1.25887281e+05 -4.82672388e+05  9.08e+04 4.69e-13  2.47e+00   164s
   4   4.12271879e+04 -1.29167079e+05  2.96e+04 3.23e-13  6.84e-01   165s
   5   3.64648256e+03 -1.11644705e+04  2.33e+03 1.47e-13  5.36e-02   166s
   6   4.71061038e+02 -3.33103972e+03  9.75e+01 5.24e-14  7.45e-03   167s
   7   3.02246018e+02 -1.04446673e+03  3.32e+01 1.55e-14  2.86e-03   167s
   8   2.43692351e+02 -1.60472191e+02  1.36e+01 4.10e-15  9.20e-04   168s
   9   2.16550854e+02  1.02425221e+02  4.96e+00 1.06e-15  2.76e-04   169s
  10   2.05907142e+02  1.71869036e+02  1.66e+00 4.44e-16  8.31e-05   169s
  11   2.02000315e+02  1.91734475e+02  4.58e-01 4.44e-16  2.31e-05   170s
  12   2.00644270e+02  1.98229479e+02  4.35e-02 4.44e-16  4.44e-06   171s
  13   2.00500420e+02  2.00425798e+02  1.03e-04 4.44e-16  1.29e-07   171s
  14   2.00500000e+02  2.00499926e+02  3.97e-08 6.66e-16  1.29e-10   172s
  15   2.00500000e+02  2.00500000e+02  2.93e-09 4.44e-16  1.29e-13   173s

Barrier solved model in 15 iterations and 172.77 seconds (13.09 work units)
Optimal objective 2.00500000e+02


Root crossover log...

   32032 DPushes remaining with DInf 0.0000000e+00               214s
    1135 DPushes remaining with DInf 0.0000000e+00               216s
       0 DPushes remaining with DInf 0.0000000e+00               218s

  103982 PPushes remaining with PInf 0.0000000e+00               218s
   68433 PPushes remaining with PInf 0.0000000e+00               225s
   35912 PPushes remaining with PInf 0.0000000e+00               243s
   32700 PPushes remaining with PInf 0.0000000e+00               245s
   12605 PPushes remaining with PInf 0.0000000e+00               267s
    9505 PPushes remaining with PInf 0.0000000e+00               271s
    5345 PPushes remaining with PInf 0.0000000e+00               275s
    2135 PPushes remaining with PInf 0.0000000e+00               280s
     266 PPushes remaining with PInf 0.0000000e+00               285s
       0 PPushes remaining with PInf 0.0000000e+00               287s

  Push phase complete: Pinf 0.0000000e+00, Dinf 4.4547699e-15    287s


Root simplex log...

Iteration    Objective       Primal Inf.    Dual Inf.      Time
  136017    2.0050000e+02   0.000000e+00   0.000000e+00    288s
Crossover time: 114.79 seconds (21.71 work units)
Concurrent spin time: 0.01s

Solved with barrier

Root relaxation: objective 2.005000e+02, 136017 iterations, 230.58 seconds (26.29 work units)

    Nodes    |    Current Node    |     Objective Bounds      |     Work
 Expl Unexpl |  Obj  Depth IntInf | Incumbent    BestBd   Gap | It/Node Time

     0     0  200.50000    0 33528          -  200.50000      -     -  532s
     0     0  200.50000    0 30597          -  200.50000      -     -  533s
     0     0  200.50000    0 41643          -  200.50000      -     -  757s
     0     0  200.50000    0 50572          -  200.50000      -     -  859s
     0     0  200.50000    0 16790          -  200.50000      -     - 1168s
     0     0  200.50000    0 8344          -  200.50000      -     - 1178s
     0     0  200.50000    0 17550          -  200.50000      -     - 1219s
     0     0  200.50000    0 8950          -  200.50000      -     - 1520s
     0     0  200.50000    0 9025          -  200.50000      -     - 1543s
     0     0  200.50000    0 16019          -  200.50000      -     - 1603s
     0     0  200.50000    0 16019          -  200.50000      -     - 1945s
     0     0  200.50000    0 17451          -  200.50000      -     - 1970s
     0     0  200.50000    0 17451          -  200.50000      -     - 2153s
     0     0  200.50000    0 17495          -  200.50000      -     - 2158s
     0     0  200.50000    0 19290          -  200.50000      -     - 2178s
     0     0  200.50000    0 19290          -  200.50000      -     - 2513s
     0     0  200.52084    0 20426          -  200.52084      -     - 2528s
     0     0  200.52084    0 20441          -  200.52084      -     - 2532s
     0     0  201.41641    0 17651          -  201.41641      -     - 2561s
     0     0  201.41641    0 17658          -  201.41641      -     - 3064s
H    0     0                     491.0000000  201.41641  59.0%     - 3079s
     0     0  202.54210    0 25504  491.00000  202.54210  58.7%     - 3098s
H    0     0                     463.0000000  202.54210  56.3%     - 3098s
     0     0  202.54210    0 24754  463.00000  202.54210  56.3%     - 3103s
     0     0  210.84095    0 24159  463.00000  210.84095  54.5%     - 3139s
     0     0  210.84095    0 24165  463.00000  210.84095  54.5%     - 3140s
     0     0  210.84217    0 24200  463.00000  210.84217  54.5%     - 3144s
     0     0  210.84701    0 29544  463.00000  210.84701  54.5%     - 3175s
     0     0  210.84701    0 29043  463.00000  210.84701  54.5%     - 3182s
     0     0  210.84702    0 28881  463.00000  210.84702  54.5%     - 3212s
     0     0  210.84702    0 28881  463.00000  210.84702  54.5%     - 3220s
     0     2  210.84702    0 28881  463.00000  210.84702  54.5%     - 3297s
     1     4  210.84702    1 29959  463.00000  210.84702  54.5%  2168 3310s
     3     8  210.92867    2 29981  463.00000  210.84702  54.5%  1049 3431s
     7    12  210.92867    3 28784  463.00000  210.92867  54.4%  1262 3454s
H   10    12                     458.6000000  210.92867  54.0%  1053 3454s
H   11    16                     450.0000000  210.92867  53.1%   988 3532s
    15    22  211.14244    5 25747  450.00000  210.92867  53.1%   861 3563s
    21    28  211.16239    7 27845  450.00000  210.92867  53.1%   958 3599s
    27    33  210.92867    6 29337  450.00000  210.92867  53.1%  1007 3636s
    33    37  211.16239    8 27536  450.00000  210.92867  53.1%  1110 3662s
    41    43  211.16243   12 27876  450.00000  210.92867  53.1%  1274 3703s
    48    49  211.16555   14 27257  450.00000  210.92867  53.1%  1209 3737s
    54    52  211.43787   17 32113  450.00000  210.92867  53.1%  1161 3773s
    57    56  211.43787   18 30532  450.00000  210.92867  53.1%  1208 3806s
    61    61  211.43787   19 31580  450.00000  210.92867  53.1%  1164 3846s
H   65    61                     448.1000000  210.92867  52.9%  1158 3846s
    66    67  211.43787   21 32899  448.10000  210.92867  52.9%  1181 3878s
    72    71  211.62179   22 32609  448.10000  210.92867  52.9%  1399 3910s
    76    74  215.53150   23 35046  448.10000  210.92867  52.9%  1465 3950s
    80    80  212.31181   20 26849  448.10000  210.92867  52.9%  1441 4072s
    86    84  216.51035   24 38393  448.10000  210.92867  52.9%  1413 4109s
    90    90  216.35691   24 29039  448.10000  210.92867  52.9%  1494 4146s
    96    94  216.35691   25 24476  448.10000  210.92867  52.9%  1504 4191s
   100    98  216.35691   26 24358  448.10000  210.92867  52.9%  1528 4246s
   104   106  220.90228   26 24496  448.10000  210.92867  52.9%  1511 4297s
   112   110  216.35691   27 24353  448.10000  210.92867  52.9%  1481 4387s
H  113   110                     446.2000000  210.92867  52.7%  1468 4387s
   116   114  216.35691   28 26562  446.20000  210.92867  52.7%  1480 4451s
   120   125  216.35691   29 27550  446.20000  210.92867  52.7%  1493 4487s
H  121   125                     442.0000000  210.92867  52.3%  1481 4487s
H  131   131                     435.9000000  210.92867  51.6%  1399 4538s
   137   136  216.36919   31 28642  435.90000  210.92867  51.6%  1408 4582s
   142   152  216.36919   32 28587  435.90000  210.92867  51.6%  1371 4610s
   158   166  216.36919   35 31636  435.90000  210.92867  51.6%  1273 4644s
   172   183  216.51035   40 25109  435.90000  210.92867  51.6%  1297 4677s
   189   200  216.51035   43 24282  435.90000  210.92867  51.6%  1278 4717s
   206   204  216.78819   48 30404  435.90000  210.92867  51.6%  1239 5110s
   210   209  217.15626   49 30062  435.90000  210.92867  51.6%  1239 5170s
   215   222  216.78819   49 26979  435.90000  210.92867  51.6%  1255 5353s
   228   243  216.84614   52 21538  435.90000  210.92867  51.6%  1253 5402s
   249   261  219.43383   57 41286  435.90000  210.92867  51.6%  1231 5459s
   267   271  221.32236   63 32857  435.90000  210.92867  51.6%  1218 5515s
   277   284  221.55643   64 32946  435.90000  210.92867  51.6%  1221 5575s
   290   298  226.05529   66 20152  435.90000  210.92867  51.6%  1283 5626s
   304   328  226.05629   67 20148  435.90000  210.92867  51.6%  1300 5691s
   335   369  226.12242   69 20142  435.90000  210.92867  51.6%  1254 5753s
   376   409  226.49379   84 13268  435.90000  210.92867  51.6%  1144 5884s
   416   450  227.28183  101 20131  435.90000  210.92867  51.6%  1051 5941s
   459   472  227.84873  122 20132  435.90000  210.92867  51.6%   981 6006s
   489   472  211.83150    4 26783  435.90000  210.92867  51.6%   944 6011s
   490   505  232.15631  143 6386  435.90000  210.92867  51.6%   942 6094s
   525   539  285.71149  165 32553  435.90000  210.92867  51.6%   910 6162s
   568   580  285.71224  192 39292  435.90000  210.92867  51.6%   859 6239s
   609   624  285.73942  221 38663  435.90000  210.92867  51.6%   830 6308s
   641   624  211.83280    4 37411  435.90000  210.92867  51.6%   799 6310s
   656   666  285.74225  252 38318  435.90000  210.92867  51.6%   815 6387s
   698   716  285.74329  285 38142  435.90000  210.92867  51.6%   798 6470s
   748   762  285.75580  320 37130  435.90000  210.92867  51.6%   770 6629s
   794   826  285.76104  358 36717  435.90000  210.92867  51.6%   745 6706s
   858   848  285.77261  398 33172  435.90000  210.92867  51.6%   704 7026s
   880   855  285.80941  417 32536  435.90000  210.92867  51.6%   693 7138s
   887   857  285.80945  418 32534  435.90000  210.92867  51.6%   700 7200s

Cutting planes:
  Cover: 77
  Implied bound: 6195
  Clique: 33
  MIR: 1947
  StrongCG: 39
  Flow cover: 16
  GUB cover: 6
  Zero half: 3
  RLT: 188
  Relax-and-lift: 2912

Explored 894 nodes (1335485 simplex iterations) in 7207.67 seconds (4120.46 work units)
Thread count was 4 (of 8 available processors)

Solution count 8: 435.9 442 446.2 ... 491

Time limit reached
Best objective 4.359000000000e+02, best bound 2.110000000000e+02, gap 51.5944%
