
Gurobi 13.0.2 (linux64) logging started Sat Jul 11 06:24:21 2026

Set parameter LogFile to value "src/Resultados/Restriccion_solo_cliques/logs/C208-25.xml_log.log"
Set parameter Threads to value 4
Gurobi Optimizer version 13.0.2 build v13.0.2rc1 (linux64 - "Rocky Linux 9.7 (Blue Onyx)")

CPU model: QEMU Virtual CPU version 2.5+, instruction set [SSE2]
Thread count: 8 physical cores, 8 logical processors, using up to 4 threads

Non-default parameters:
TimeLimit  7200
Threads  4

Optimize a model with 373052 rows, 215910 columns and 1482870 nonzeros (Min)
Model fingerprint: 0xf53d0262
Model has 9735 linear objective coefficients
Variable types: 51405 continuous, 164505 integer (164490 binary)
Coefficient statistics:
  Matrix range     [1e+00, 1e+05]
  Objective range  [2e+00, 6e+01]
  Bounds range     [1e+00, 4e+03]
  RHS range        [1e+00, 1e+05]

Presolve removed 102047 rows and 105 columns (presolve time = 5s)...
Presolve removed 127288 rows and 105 columns (presolve time = 11s)...
Presolve removed 127318 rows and 120 columns (presolve time = 18s)...
Presolve removed 127318 rows and 120 columns
Presolve time: 19.65s
Presolved: 245734 rows, 215790 columns, 1013100 nonzeros
Variable types: 375 continuous, 215415 integer (189060 binary)
Deterministic concurrent LP optimizer: primal simplex, dual simplex, and barrier
Showing barrier log only...

Root barrier log...

Ordering time: 3.52s

Barrier statistics:
 Dense cols : 15
 AA' NZ     : 1.875e+06
 Factor NZ  : 6.726e+06 (roughly 240 MB of memory)
 Factor Ops : 6.622e+08 (less than 1 second per iteration)
 Threads    : 1

                  Objective                Residual
Iter       Primal          Dual         Primal    Dual     Compl     Time
   0   1.16891493e+06 -4.98094125e+05  8.25e+05 0.00e+00  2.13e+01    70s
   1   5.52971236e+05 -4.83294279e+05  3.91e+05 4.33e-02  1.05e+01    70s
   2   4.34741907e+05 -4.42085447e+05  3.08e+05 1.95e-02  7.41e+00    71s
   3   1.70742784e+05 -3.98852188e+05  1.21e+05 6.39e-03  3.07e+00    72s
   4   5.75637426e+04 -1.64558215e+05  4.06e+04 5.33e-04  9.91e-01    73s
   5   4.60528324e+03 -1.95004843e+04  2.98e+03 4.56e-07  8.25e-02    73s
   6   7.33067091e+02 -5.40005506e+03  2.68e+02 2.15e-14  1.34e-02    74s
   7   6.22109306e+02 -2.38029913e+03  2.07e+02 1.01e-14  7.32e-03    75s
   8   4.46166347e+02 -6.06078902e+02  1.25e+02 3.03e-15  3.17e-03    75s
   9   2.65135358e+02 -3.64441203e+01  3.19e+01 7.08e-16  8.59e-04    76s
  10   2.15695154e+02  7.16688320e+01  6.86e+00 4.44e-16  3.21e-04    77s
  11   2.04753488e+02  1.82926894e+02  1.40e+00 4.44e-16  5.11e-05    78s
  12   2.02329949e+02  1.98306618e+02  2.08e-01 4.44e-16  8.35e-06    78s
  13   2.01902880e+02  2.01432493e+02  1.15e-03 4.44e-16  8.20e-07    79s
  14   2.01900000e+02  2.01899989e+02  3.22e-09 4.44e-16  1.89e-11    79s
  15   2.01900000e+02  2.01900000e+02  6.10e-10 4.44e-16  1.89e-14    80s

Barrier solved model in 15 iterations and 80.07 seconds (12.65 work units)
Optimal objective 2.01900000e+02


Root crossover log...

   35799 DPushes remaining with DInf 0.0000000e+00                87s
       0 DPushes remaining with DInf 0.0000000e+00                88s

  104308 PPushes remaining with PInf 0.0000000e+00                88s
   78950 PPushes remaining with PInf 0.0000000e+00                93s
   56191 PPushes remaining with PInf 0.0000000e+00                98s
   47896 PPushes remaining with PInf 0.0000000e+00               102s
   29841 PPushes remaining with PInf 0.0000000e+00               113s
   21250 PPushes remaining with PInf 0.0000000e+00               116s
       0 PPushes remaining with PInf 0.0000000e+00               133s

  Push phase complete: Pinf 0.0000000e+00, Dinf 3.5110803e-15    133s


Root simplex log...

Iteration    Objective       Primal Inf.    Dual Inf.      Time
  140110    2.0190000e+02   0.000000e+00   0.000000e+00    133s
Crossover time: 52.77 seconds (15.53 work units)
Concurrent spin time: 23.77s (can be avoided by choosing Method=3)

Solved with barrier

Root relaxation: objective 2.019000e+02, 140110 iterations, 122.60 seconds (19.73 work units)

    Nodes    |    Current Node    |     Objective Bounds      |     Work
 Expl Unexpl |  Obj  Depth IntInf | Incumbent    BestBd   Gap | It/Node Time

     0     0  201.90000    0 37101          -  201.90000      -     -  392s
     0     0  201.90000    0 37477          -  201.90000      -     -  396s
     0     0  201.90000    0 33096          -  201.90000      -     -  495s
     0     0  201.90000    0 33096          -  201.90000      -     -  502s
     0     0  201.90000    0 42418          -  201.90000      -     -  545s
     0     0  201.90000    0 42418          -  201.90000      -     -  859s
     0     0  201.90000    0 42405          -  201.90000      -     -  866s
     0     0  201.90000    0 41478          -  201.90000      -     -  922s
     0     0  201.90000    0 41478          -  201.90000      -     -  930s
     0     0  201.90000    0 41858          -  201.90000      -     -  977s
     0     0  201.90000    0 41858          -  201.90000      -     -  983s
     0     0  201.90000    0 42676          -  201.90000      -     - 1018s
     0     0  201.90000    0 42676          -  201.90000      -     - 1033s
     0     2  201.90000    0 42676          -  201.90000      -     - 1074s
     1     4  201.90000    1 42522          -  201.90000      -   1.0 1101s
     3     8  201.90000    2 43141          -  201.90000      -   992 1164s
     5     8  201.90000    2 39290          -  201.90000      -  1179 1165s
     7    11  201.90000    3 41278          -  201.90000      -   850 1201s
    10    22  201.90000    4 38787          -  201.90000      -   773 1235s
    21    54  201.90000    6 40455          -  201.90000      -   825 1293s
    61   174  201.90000   12 39493          -  201.90000      -   469 1358s
   183   332  201.90000   22 17836          -  201.90000      -   281 1453s
   345   510  201.90000   31 14075          -  201.90000      -   226 1606s
   523   782  202.00187   80 13775          -  201.90000      -   239 1658s
   795  1017  202.25547  148 21143          -  201.90000      -   162 1721s
  1030  1211  202.34443  179 15673          -  201.90000      -   134 1790s
  1224  1411  202.34490  181 17554          -  201.90000      -   120 1871s
  1424  1567  202.35120  187 17657          -  201.90000      -   109 1948s
  1590  1768  202.40821  230 17667          -  201.90000      -   109 2032s
  1803  1944  202.44728  277 10444          -  201.90000      -   105 2120s
  1980  1948  202.44962  286 14057          -  201.90000      -  98.5 2246s
  1984  1959  202.45073  287 14043          -  201.90000      -  98.3 2372s
  1995  1970  202.46011  295 14062          -  201.90000      -   100 2522s
  2006  2041  202.46600  303 17666          -  201.90000      -  99.3 2716s
  2077  2107  202.53262  371 12767          -  201.90000      -  98.7 2897s
  2145  2137  203.04668  594 24289          -  201.90000      -  98.1 3036s
  2175  2291  220.69409  379 14021          -  201.90000      -   100 3112s
  2332  2391  222.03081  406 11085          -  201.90000      -  98.6 3203s
  2434  2517  222.77459  452 14706          -  201.90000      -   107 3272s
  2562  2598  225.19342  464 14989          -  201.90000      -   114 3391s
  2649  2659  250.22889  471 13818          -  201.90000      -   125 3471s
  2731  2660  204.00000  104 42676          -  201.90000      -   131 4358s
  2732  2661  214.60000  766 42676          -  201.90000      -   131 4361s
  2733  2661  201.90000   61 5486          -  201.90000      -   131 4554s
  2734  2662  355.05941  655 11445          -  201.90000      -   131 4763s
  2735  2663  211.70000  431 10353          -  201.90000      -   131 4809s
  2736  2663  207.65202   40 15757          -  201.90000      -   131 5028s
  2737  2664  211.30000  173 15184          -  201.90000      -   131 5059s
  2738  2665  217.30000  381 14235          -  201.90000      -   131 5269s
  2739  2665  208.30000  150 14655          -  201.90000      -   131 5301s
  2740  2666  224.02494  438 18611          -  201.90077      -   131 5511s
  2741  2667  214.70000  572 16236          -  201.90724      -   130 5542s
  2742  2667  213.00000  232 16118          -  201.95714      -   130 5569s
  2743  2668  214.70000  363 15241          -  201.98000      -   130 5598s
  2744  2669  335.72578  367 15578          -  202.00090      -   130 5623s
  2745  2669  225.00000  736 12652          -  202.08229      -   130 5655s
  2746  2670  215.70000  312 15509          -  202.16236      -   130 5683s
  2747  2671  219.00000  705 16364          -  202.18166      -   130 5712s
  2748  2671  290.36370  534 16542          -  202.50580      -   130 5738s
  2749  2672  211.50000  423 18764          -  202.60064      -   130 5770s
  2750  2673  202.67164    3 14460          -  202.67164      -   130 5798s
  2751  2673  287.41995  158 15207          -  202.73264      -   130 5826s
  2752  2674  217.30000  328 13818          -  202.79992      -   130 5855s
  2753  2675  202.80926   99 17312          -  202.80926      -   130 5888s
  2754  2675  217.30000  701 15520          -  203.00771      -   130 5943s
  2755  2676  214.30000  656 17522          -  203.01950      -   130 5986s
  2756  2677  203.21989   58 15377          -  203.21989      -   130 6034s
  2757  2677  379.15916  753 14046          -  203.21989      -   130 6067s
  2758  2678  203.52640   13 14682          -  203.52640      -   130 6095s
  2759  2679  203.53198  108 14936          -  203.53198      -   130 6127s
  2760  2679  211.50000  490 14940          -  205.15350      -   130 6166s
  2761  2680  210.40000  337 18928          -  205.17626      -   130 6202s
  2762  2681  291.48559  554 17872          -  206.68483      -   129 6231s
  2763  2681  208.16273  199 16754          -  206.68483      -   129 6264s
  2764  2682  206.82973  291 14695          -  206.82973      -   129 6289s
  2765  2683  214.70000  109 17738          -  206.83093      -   129 6317s
  2766  2683  211.70000  203 17332          -  206.91722      -   129 6339s
  2767  2684  288.96331  225 18044          -  207.24248      -   129 6362s
  2768  2685  357.66292  685 19450          -  207.28335      -   129 6379s
  2769  2685  214.70000  331 19606          -  207.29079      -   129 6404s
  2770  2686  207.33819   23 21374          -  207.33819      -   129 6427s
  2771  2687  221.00000  434 19226          -  207.33819      -   129 6453s
  2772  2687  225.00000  732 18970          -  207.38674      -   129 6477s
  2773  2688  215.30000  226 22193          -  207.39007      -   129 6510s
  2774  2689  220.20000  114 19333          -  208.13717      -   129 6530s
  2775  2689  208.13717   14 22082          -  208.13717      -   129 6556s
  2776  2690  287.32027   73 21024          -  208.17406      -   129 6577s
  2777  2691  208.17406  148 19466          -  208.17406      -   129 6610s
  2778  2691  230.92085  193 19385          -  208.38064      -   129 6633s
  2779  2692  244.60000  185 19472          -  208.45114      -   129 6663s
  2780  2693  218.20000  359 19203          -  208.50069      -   129 6685s
  2781  2693  211.50000  203 20738          -  208.50069      -   129 6710s
  2782  2694  287.57032  100 19647          -  208.80076      -   129 6732s
  2783  2695  213.20000  277 21064          -  208.80076      -   129 6762s
  2784  2695  209.03443   36 21467          -  209.03443      -   128 6795s
  2785  2696  209.07187  293 23433          -  209.07187      -   128 6842s
  2786  2697  209.26082  409 21656          -  209.26082      -   128 6866s
  2787  2697  298.86214   97 22732          -  209.29363      -   128 6903s
  2788  2698  230.26104  182 20767          -  209.29363      -   128 6934s
  2789  2699  214.40000  287 21192          -  209.29363      -   128 6961s
  2790  2699  220.30000  257 24439          -  209.31505      -   128 6983s
  2791  2700  287.40657  118 24526          -  209.35488      -   128 7012s
  2792  2701  222.03765  412 24994          -  209.35488      -   128 7042s
  2793  2701  211.30000  173 22119          -  209.39223      -   128 7065s
  2794  2702  222.77457  452 20968          -  209.39223      -   128 7091s
  2795  2703  298.86214   97 24502          -  209.39223      -   128 7111s
  2796  2703  209.39223  138 21831          -  209.39223      -   128 7145s
  2797  2704  223.00000  763 23678          -  209.39227      -   128 7185s

Cutting planes:
  Gomory: 15
  Cover: 64
  Implied bound: 105
  Projected implied bound: 299
  Clique: 10
  MIR: 61
  StrongCG: 6
  Flow cover: 700
  GUB cover: 52
  Zero half: 34
  RLT: 12
  Relax-and-lift: 113

Explored 2797 nodes (917640 simplex iterations) in 7200.31 seconds (4673.81 work units)
Thread count was 4 (of 8 available processors)

Solution count 0

Time limit reached
Best objective -, best bound 2.094000000000e+02, gap -
