
Gurobi 13.0.2 (linux64) logging started Mon Jun 29 19:55:47 2026

Set parameter LogFile to value "src/Resultados/Restriccion todas cliques/logs/C101-25.xml_log.log"
Set parameter Threads to value 4
Gurobi Optimizer version 13.0.2 build v13.0.2rc1 (linux64 - "Rocky Linux 9.7 (Blue Onyx)")

CPU model: QEMU Virtual CPU version 2.5+, instruction set [SSE2]
Thread count: 8 physical cores, 8 logical processors, using up to 4 threads

Non-default parameters:
TimeLimit  7200
Threads  4

Optimize a model with 125299 rows, 74985 columns and 515565 nonzeros (Min)
Model fingerprint: 0x0ad1d5a1
Model has 8130 linear objective coefficients
Variable types: 16575 continuous, 58410 integer (58395 binary)
Coefficient statistics:
  Matrix range     [1e+00, 4e+04]
  Objective range  [1e+00, 6e+01]
  Bounds range     [1e+00, 2e+03]
  RHS range        [1e+00, 4e+04]

Presolve removed 39462 rows and 120 columns
Presolve time: 3.43s
Presolved: 85837 rows, 74865 columns, 380010 nonzeros
Variable types: 0 continuous, 74865 integer (64320 binary)
Deterministic concurrent LP optimizer: primal and dual simplex
Showing primal log only...


Root simplex log...

Iteration    Objective       Primal Inf.    Dual Inf.      Time
       0    1.1210000e+03   2.853984e+03   1.966767e+10      5s
   20902    5.5295921e+02   1.490278e+02   1.776004e+09     10s
   25894    4.5784788e+02   8.725810e+01   3.989105e+09     15s
   30238    4.2904797e+02   4.527796e+01   5.761468e+09     20s
   34080    4.5093477e+02   5.158720e+00   2.408763e+09     25s
   37587    4.4623765e+02   6.052064e-01   1.233095e+09     30s
   41849    2.7064403e+02   0.000000e+00   5.086489e+02     35s
   46920    1.9128328e+02   0.000000e+00   6.226286e-01     40s
   49796    1.9130001e+02   4.063717e-02   0.000000e+00     45s
   50246    1.9130000e+02   0.000000e+00   0.000000e+00     47s
Concurrent spin time: 14.33s (can be avoided by choosing Method=3)

Solved with primal simplex

Root relaxation: objective 1.913000e+02, 50246 iterations, 56.37 seconds (35.62 work units)

    Nodes    |    Current Node    |     Objective Bounds      |     Work
 Expl Unexpl |  Obj  Depth IntInf | Incumbent    BestBd   Gap | It/Node Time

     0     0  191.30000    0 2156          -  191.30000      -     -   78s
     0     0  191.30000    0 1858          -  191.30000      -     -   88s
     0     0  191.30000    0 1831          -  191.30000      -     -   90s
     0     0  191.30000    0  891          -  191.30000      -     -   97s
     0     0  191.30000    0  325          -  191.30000      -     -  107s
     0     0  191.30000    0  339          -  191.30000      -     -  131s
H    0     0                     268.0000000  191.30000  28.6%     -  200s
     0     0  191.30000    0 4630  268.00000  191.30000  28.6%     -  201s
     0     0  191.30000    0 3889  268.00000  191.30000  28.6%     -  204s
     0     0  191.30000    0  743  268.00000  191.30000  28.6%     -  230s
     0     0  191.30000    0 3017  268.00000  191.30000  28.6%     -  244s
     0     0  191.30000    0 3121  268.00000  191.30000  28.6%     -  251s
     0     0  191.30000    0 1592  268.00000  191.30000  28.6%     -  273s
     0     0  191.30000    0 1536  268.00000  191.30000  28.6%     -  275s
     0     0  191.30000    0 2000  268.00000  191.30000  28.6%     -  285s
     0     0  191.30000    0 1025  268.00000  191.30000  28.6%     -  298s
     0     0  191.30000    0 1025  268.00000  191.30000  28.6%     -  299s
     0     0  191.30000    0  953  268.00000  191.30000  28.6%     -  306s
     0     2  191.30000    0  953  268.00000  191.30000  28.6%     -  330s
     1     4  191.30000    1  898  268.00000  191.30000  28.6%  1415  344s
     3     8  191.30000    2 2832  268.00000  191.30000  28.6%  5048  355s
     7    12  191.30000    3 3337  268.00000  191.30000  28.6%  3976  363s
    11    25  191.30000    4 3010  268.00000  191.30000  28.6%  3442  375s
    24    29  191.30000    8 1214  268.00000  191.30000  28.6%  2712  386s
    28    32  191.30000    9 1211  268.00000  191.30000  28.6%  2666  404s
    33    44  191.30000   10 1208  268.00000  191.30000  28.6%  2505  411s
    45    53  191.30000   11 1205  268.00000  191.30000  28.6%  2032  416s
    56    58  191.30000   12 1202  268.00000  191.30000  28.6%  1685  431s
H   63    71                     264.2000000  191.30000  27.6%  1800  438s
    78    93  191.30000   14 1196  264.20000  191.30000  27.6%  1515  455s
   102   129  191.30000   15 1206  264.20000  191.30000  27.6%  1300  464s
   140   175  191.30000   16 1207  264.20000  191.30000  27.6%  1077  473s
   192   229  191.30000   31 1134  264.20000  191.30000  27.6%   811  493s
   250   275  191.30000   36  845  264.20000  191.30000  27.6%   723  514s
   304   314  191.30000   39 4438  264.20000  191.30000  27.6%   676  528s
   343   338  191.30000   40 3757  264.20000  191.30000  27.6%   623  552s
   367   359  191.30000   45 1343  264.20000  191.30000  27.6%   667  569s
   390   381  191.30000   49 1270  264.20000  191.30000  27.6%   698  586s
   412   397  191.30000   50 1514  264.20000  191.30000  27.6%   711  602s
   428   414  191.30000   53 1997  264.20000  191.30000  27.6%   735  617s
   445   460  191.30000   54 1105  264.20000  191.30000  27.6%   743  639s
   495   615  191.30000   78  983  264.20000  191.30000  27.6%   717  664s
   660   843  191.30000  148  936  264.20000  191.30000  27.6%   600  705s
   890   906  191.30000  242 1998  264.20000  191.30000  27.6%   493  745s
H  950   906                     261.7000000  191.30000  26.9%   462  745s
   955  1280  191.30000  293 1687  261.70000  191.30000  26.9%   464  795s
  1364  1812     cutoff  443       261.70000  191.30000  26.9%   389  841s
  1927  1968  191.63456  256 1742  261.70000  191.30000  26.9%   309  898s
H 1979  1928                     244.4000000  191.30000  21.7%   302  898s
  2086  2277     cutoff  259       244.40000  191.30000  21.7%   300  949s
H 2133  2260                     242.5000000  191.30000  21.1%   299  949s
  2528  2390  199.37313  178 1768  242.50000  191.30000  21.1%   264  992s
  2686  2391  211.50000  174  953  242.50000  191.30000  21.1%   264 1106s
  2688  2392  214.93462   66 1193  242.50000  191.30000  21.1%   263 1148s
  2689  2393  203.50000  336  499  242.50000  191.30000  21.1%   263 1173s
  2690  2394  211.59795  186  934  242.50000  191.30000  21.1%   263 1195s
  2691  2394  211.50000  589  776  242.50000  191.30000  21.1%   263 1237s
H 2691  2274                     241.4000000  191.30000  20.8%   263 1238s
  2692  2275  215.90000  277  268  241.40000  191.30000  20.8%   263 1243s
  2693  2276  211.50000  148 1029  241.40000  191.30000  20.8%   263 1270s
  2694  2276  211.50000  248  699  241.40000  191.30000  20.8%   263 1276s
  2695  2277  203.50000  176  430  241.40000  191.30000  20.8%   263 1300s
  2696  2278  211.50000  401 3090  241.40000  191.30000  20.8%   263 1324s
  2697  2278  191.30000   26  433  241.40000  191.30000  20.8%   262 1352s
  2698  2279  211.50000  476 1919  241.40000  191.30000  20.8%   262 1368s
  2699  2280  211.50000    5  647  241.40000  191.30000  20.8%   262 1391s
H 2699  2165                     230.5000000  191.30000  17.0%   262 1392s
  2700  2165  211.50300   94  476  230.50000  191.30000  17.0%   262 1396s
  2701  2166  230.50000  403  520  230.50000  191.30000  17.0%   262 1414s
  2702  2167  212.70000  172  453  230.50000  191.30000  17.0%   262 1421s
  2703  2167  230.50000  316  453  230.50000  191.30000  17.0%   262 1444s
  2704  2171  191.30000   11  628  230.50000  191.30000  17.0%   328 1452s
  2706  2174  191.30000   12  617  230.50000  191.30000  17.0%   328 1457s
  2710  2177  191.30000   13  942  230.50000  191.30000  17.0%   329 1475s
  2714  2181  191.30000   14 2614  230.50000  191.30000  17.0%   332 1485s
  2719  2186  191.30000   15 2432  230.50000  191.30000  17.0%   338 1499s
  2728  2195  191.30000   16 2378  230.50000  191.30000  17.0%   340 1505s
H 2740  2092                     228.1000000  191.30000  16.1%   339 1511s
  2750  2104  191.30000   17 1305  228.10000  191.30000  16.1%   339 1518s
H 2759  1998                     226.2000000  191.30000  15.4%   339 1518s
  2769  2004  191.30000   18 1184  226.20000  191.30000  15.4%   339 1532s
H 2790  1898                     222.4000000  191.30000  14.0%   341 1532s
  2795  1906  191.30000   20  384  222.40000  191.30000  14.0%   347 1545s
H 2807  1822                     221.5000000  191.30000  13.6%   351 1562s
  2824  1828  191.30000   22  325  221.50000  191.30000  13.6%   352 1586s
H 2826  1739                     221.4000000  191.30000  13.6%   352 1586s
  2840  1747  191.30000   24  321  221.40000  191.30000  13.6%   354 1691s
  2872  1750  191.30000   27  305  221.40000  191.30000  13.6%   357 1765s
  2897  1761  191.30000   30  299  221.40000  191.30000  13.6%   365 1784s
  2916  1765  191.30000   32  295  221.40000  191.30000  13.6%   368 1806s
  2931  1772  191.30000   35  289  221.40000  191.30000  13.6%   372 1826s
  2943  1775  191.30000   39  281  221.40000  191.30000  13.6%   374 1848s
  2960  1781  191.30000   42  268  221.40000  191.30000  13.6%   378 1875s
  2977  1783  191.30000   45  262  221.40000  191.30000  13.6%   381 1903s
  2993  1791  191.30000   47  258  221.40000  191.30000  13.6%   388 1933s
  3011  1803  191.30000   50  265  221.40000  191.30000  13.6%   397 1971s
  3050  1799  191.30000   53  252  221.40000  191.30000  13.6%   403 2175s
  3070  1799  191.30000   55  254  221.40000  191.30000  13.6%   421 2305s
  3091  1795  211.50000   55 1245  221.40000  191.30000  13.6%   432 2400s
  3104  1798  191.30000   57  293  221.40000  191.30000  13.6%   450 2478s
  3111  1803  191.30000   58  405  221.40000  191.30000  13.6%   461 2506s
  3119  1804  201.75749   58  447  221.40000  191.30000  13.6%   463 2536s
  3123  1811  191.30000   59  395  221.40000  191.30000  13.6%   463 2687s
  3138  1809  191.30000   65  383  221.40000  191.30000  13.6%   474 2907s
  3144  1810  191.30000   66  383  221.40000  191.30000  13.6%   495 2978s
  3149  1816  191.30000   67  383  221.40000  191.30000  13.6%   501 3006s
  3159  1820  191.30000   68  383  221.40000  191.30000  13.6%   502 3038s
  3169  1822  191.30000   69  383  221.40000  191.30000  13.6%   503 3086s
  3189  1864  199.91921   69 1259  221.40000  191.30000  13.6%   506 3130s
  3249  2029  191.30000   70  383  221.40000  191.30000  13.6%   503 3232s
  3454  2344  211.50000   94  689  221.40000  191.30000  13.6%   508 3384s
  3845  2561  191.30000  148  273  221.40000  191.30000  13.6%   493 3535s
  4542  2494  191.30000  197  715  221.40000  191.30000  13.6%   452 3636s
  4733  2630  191.30000  217 1375  221.40000  191.30000  13.6%   448 3765s
  5097  2629 infeasible  286       221.40000  191.30000  13.6%   424 3862s
  5239  2699  213.40000  168 1205  221.40000  191.30000  13.6%   420 3990s
  5392  2901  200.63782  161  888  221.40000  191.30000  13.6%   419 4081s
  5978  2718  211.50000  163  438  221.40000  191.30000  13.6%   393 4159s
  6024  2705  211.50000  166  394  221.40000  191.30000  13.6%   401 4256s
  6039  2706  211.53435  167  565  221.40000  191.30000  13.6%   410 4353s
  6049  2705     cutoff  169       221.40000  191.30000  13.6%   417 4467s
  6054  2708  211.68497  170  481  221.40000  191.30000  13.6%   417 4567s
  6075  2715  211.68497  171  481  221.40000  191.30000  13.6%   418 4686s
  6104  2719  211.69190  172  469  221.40000  191.30000  13.6%   424 4776s
  6172  2720  211.50000  156  283  221.40000  191.30000  13.6%   430 4856s
  6247  2704  211.50000  162  440  221.40000  191.30000  13.6%   435 4933s
  6272  2776  191.30000   63  272  221.40000  191.30000  13.6%   445 5023s
  6378  2747  211.30000  146 1049  221.40000  191.30000  13.6%   449 5212s
  6424  2741  211.50000   67 1438  221.40000  191.30000  13.6%   461 5333s
  6448  2741     cutoff   68       221.40000  191.30000  13.6%   463 5434s
  6472  2739  211.50000   70 1144  221.40000  191.30000  13.6%   475 5555s
  6523  2757  211.50000   73  463  221.40000  191.30000  13.6%   488 5701s
  6610  2753  211.50000   97  529  221.40000  191.30000  13.6%   501 5816s
  6672  2759  213.20026  109  722  221.40000  191.30000  13.6%   510 5925s
  6753  2829  212.38671  158  405  221.40000  191.30000  13.6%   519 6023s
  7242  2671  213.20000  237  244  221.40000  191.30000  13.6%   500 6170s
  7277  2705  211.50000  101  518  221.40000  191.30000  13.6%   509 6268s
  7382  2671 infeasible  114       221.40000  191.30000  13.6%   514 6382s
  7421  2835  211.50000  141  721  221.40000  191.30000  13.6%   519 6493s
  7618  2802  211.54391  144  512  221.40000  191.30000  13.6%   518 6605s
  7765  2777  211.50000  205  295  221.40000  191.30000  13.6%   517 6727s
  7800  2775  211.50000  206  280  221.40000  191.30000  13.6%   527 6838s
  7826  2889  211.50000  208  293  221.40000  191.30000  13.6%   539 6940s
  8265  2885 infeasible  217       221.40000  191.30000  13.6%   523 7061s
  8274  2888  219.97435  218  441  221.40000  191.30000  13.6%   528 7200s

Cutting planes:
  Cover: 2489
  Implied bound: 13
  Clique: 626
  MIR: 111
  StrongCG: 23
  Flow cover: 167
  GUB cover: 61
  Zero half: 20
  RLT: 6
  Relax-and-lift: 1245

Explored 8281 nodes (4663549 simplex iterations) in 7200.57 seconds (8649.52 work units)
Thread count was 4 (of 8 available processors)

Solution count 10: 221.4 221.5 222.4 ... 261.7

Time limit reached
Best objective 2.214000000000e+02, best bound 1.913000000000e+02, gap 13.5953%
