
Gurobi 13.0.2 (linux64) logging started Mon Jun 29 23:57:48 2026

Set parameter LogFile to value "src/Resultados/Restriccion todas cliques/logs/C102-25.xml_log.log"
Set parameter Threads to value 4
Gurobi Optimizer version 13.0.2 build v13.0.2rc1 (linux64 - "Rocky Linux 9.7 (Blue Onyx)")

CPU model: QEMU Virtual CPU version 2.5+, instruction set [SSE2]
Thread count: 8 physical cores, 8 logical processors, using up to 4 threads

Non-default parameters:
TimeLimit  7200
Threads  4

Optimize a model with 146496 rows, 88365 columns and 612915 nonzeros (Min)
Model fingerprint: 0xa83a6777
Model has 11310 linear objective coefficients
Variable types: 19125 continuous, 69240 integer (69225 binary)
Coefficient statistics:
  Matrix range     [1e+00, 4e+04]
  Objective range  [1e+00, 6e+01]
  Bounds range     [1e+00, 2e+03]
  RHS range        [1e+00, 4e+04]

Presolve removed 46569 rows and 120 columns (presolve time = 5s)...
Presolve removed 46569 rows and 120 columns
Presolve time: 5.20s
Presolved: 99927 rows, 88245 columns, 454320 nonzeros
Variable types: 345 continuous, 87900 integer (77670 binary)
Deterministic concurrent LP optimizer: primal and dual simplex
Showing primal log only...


Root simplex log...

Iteration    Objective       Primal Inf.    Dual Inf.      Time
       0    1.0219000e+03   1.661309e+03   3.075144e+10     13s
   13656    4.2110528e+02   2.541123e+02   5.543299e+09     15s
   22493    2.7624718e+02   8.952288e+01   5.367506e+09     20s
   26766    2.6702773e+02   4.236682e+01   1.822843e+09     25s
   33341    2.8122220e+02   7.215010e+00   2.221047e+09     30s
   37697    2.8535585e+02   1.190149e-02   7.196928e+08     35s
   42503    1.7328221e+02   0.000000e+00   6.807766e+02     40s
   45744    1.7210000e+02   1.484981e-01   0.000000e+00     45s
   46481    1.7210000e+02   0.000000e+00   0.000000e+00     46s
Concurrent spin time: 17.36s (can be avoided by choosing Method=3)

Solved with primal simplex

Root relaxation: objective 1.721000e+02, 46481 iterations, 53.57 seconds (26.57 work units)

    Nodes    |    Current Node    |     Objective Bounds      |     Work
 Expl Unexpl |  Obj  Depth IntInf | Incumbent    BestBd   Gap | It/Node Time

     0     0  172.10000    0 2123          -  172.10000      -     -  103s
     0     0  172.10000    0 1891          -  172.10000      -     -  104s
     0     0  172.10000    0 2191          -  172.10000      -     -  140s
     0     0  172.10000    0 2068          -  172.10000      -     -  141s
     0     0  172.10000    0 2710          -  172.10000      -     -  149s
     0     0  172.10000    0 4618          -  172.10000      -     -  195s
     0     0  172.10000    0 4618          -  172.10000      -     -  195s
     0     0  172.10000    0 3711          -  172.10000      -     -  236s
     0     0  172.10000    0 3712          -  172.10000      -     -  245s
     0     0  172.10000    0 3159          -  172.10000      -     -  245s
     0     0  172.10000    0 6465          -  172.10000      -     -  275s
     0     0  172.10000    0 1601          -  172.10000      -     -  301s
     0     0  172.10000    0 1641          -  172.10000      -     -  307s
     0     0  172.10000    0 1641          -  172.10000      -     -  307s
     0     0  172.10000    0 3218          -  172.10000      -     -  326s
     0     0  172.10000    0 3218          -  172.10000      -     -  366s
     0     0  172.10000    0 3231          -  172.10000      -     -  372s
     0     0  172.10000    0 6453          -  172.10000      -     -  387s
     0     0  172.10000    0 6451          -  172.10000      -     -  387s
     0     0  172.10000    0 2509          -  172.10000      -     -  430s
     0     0  172.10000    0 4008          -  172.10000      -     -  438s
     0     0  172.10000    0 6927          -  172.10000      -     -  457s
     0     0  172.10000    0 7139          -  172.10000      -     -  458s
     0     0  172.10000    0 7139          -  172.10000      -     -  477s
     0     0  172.10000    0 7100          -  172.10000      -     -  485s
     0     0  172.10000    0 7901          -  172.10000      -     -  493s
     0     0  172.10000    0 4585          -  172.10000      -     -  513s
     0     0  172.10000    0 4585          -  172.10000      -     -  515s
     0     0  172.10000    0 4585          -  172.10000      -     -  525s
     0     2  172.10000    0 4585          -  172.10000      -     -  558s
     3     8  172.10000    2 3020          -  172.10000      -   615  572s
     7    12  172.10000    3 4880          -  172.10000      -   943  576s
    11    16  172.10000    4 5922          -  172.10000      -  1046  594s
    15    19  172.55188    5 8734          -  172.10000      -  1549  617s
    18    27  172.10000    5 7419          -  172.10000      -  1791  635s
    26    39  172.30000    8 10510          -  172.10000      -  1845  645s
    38    51  172.39669   13 9021          -  172.10000      -  1495  671s
    50    92  173.21972   15 10251          -  172.10000      -  1416  688s
    91   102  174.08913   30 10666          -  172.10000      -  1090  712s
   101   136  175.00719   32 13611          -  172.10000      -  1159  726s
   135   170  180.16021   47 14001          -  172.10000      -  1004  737s
   169   199  182.07450   57 13005          -  172.10000      -   882  749s
   198   217  182.62459   68 13003          -  172.10000      -   822  759s
   216   231  183.45033   77 10616          -  172.10000      -   814  767s
   230   249  203.23114   82 12184          -  172.10000      -   810  777s
   249   266 infeasible   86               -  172.10000      -   793  788s
   270   276  244.16534   87 12637          -  172.10000      -   776  796s
   280   285  244.56673   88 12742          -  172.10000      -   785  811s
   295   305  172.62188    5 6236          -  172.10000      -   780  823s
   315   330  173.48750    8 2914          -  172.10000      -   766  833s
   340   355  174.68145   13 6911          -  172.10000      -   737  844s
   365   375  175.36027   20 5886          -  172.10000      -   711  860s
   385   383  175.87222   24 6576          -  172.10000      -   692  879s
   393   404  175.94311   27 7023          -  172.10000      -   693  989s
   414   408  176.27478   43 5872          -  172.10000      -   669 1363s
   418   412  176.30445   44 5984          -  172.10000      -   668 1420s
   422   416  176.30713   45 5987          -  172.10000      -   669 1471s
   426   420  176.31256   46 5863          -  172.10000      -   668 1586s
   430   428  176.31811   47 5941          -  172.10000      -   671 1629s
   438   450  176.31811   48 5945          -  172.10000      -   670 1642s
   460   454  176.80561   61 7104          -  172.10000      -   660 1675s
   464   458  176.83478   62 7106          -  172.10000      -   662 1701s
   468   462  176.84311   63 7099          -  172.10000      -   660 1717s
   472   466  176.85478   64 5528          -  172.10000      -   661 1730s
   476   470  176.89033   65 5088          -  172.10000      -   661 1752s
   480   474  176.89936   66 4700          -  172.10000      -   660 1763s
   484   509  176.93811   67 4707          -  172.10000      -   655 1782s
   519   550  176.96811   68 4665          -  172.10000      -   630 1803s
   560   584  177.01478   69 4667          -  172.10000      -   606 1821s
   594   616  177.01811   70 4659          -  172.10000      -   594 1836s
   626   654  177.04993   71 4665          -  172.10000      -   589 1856s
   664   712  177.07367   72 5030          -  172.10000      -   579 1875s
   722   767  177.07417   73 4782          -  172.10000      -   552 1901s
   777   838  177.11478   74 6694          -  172.10000      -   533 1929s
   848   896  177.11811   75 6487          -  172.10000      -   508 1954s
   906  1020  177.18686   80 4806          -  172.10000      -   494 1976s
  1030  1105  177.64634  108 8206          -  172.10000      -   454 1992s
  1115  1232  178.05562  145 6592          -  172.10000      -   439 2010s
  1242  1302  178.71672  189 5949          -  172.10000      -   414 2028s
  1312  1394  179.32957  209 9939          -  172.10000      -   411 2048s
  1404  1490  179.36593  250 11516          -  172.10000      -   404 2071s
  1500  1582  179.39345  289 7980          -  172.10000      -   395 2094s
  1592  1755  179.68751  313 10786          -  172.10000      -   389 2116s
  1765  1823  185.03002  346 10814          -  172.10000      -   365 2138s
  1835  1891  190.73478  349 10533          -  172.10000      -   366 2166s
  1904  2055  232.57687  365 9177          -  172.10000      -   370 2191s
  2068  2273  232.64496  387 12649          -  172.10000      -   352 2216s
  2286  2516  233.78229  434 8598          -  172.10000      -   330 2243s
  2529  2747  234.25145  483 9780          -  172.10000      -   309 2268s
  2761  3094  234.78729  518 10215          -  172.10000      -   293 2299s
  3108  3463  234.84277  557 12203          -  172.10000      -   268 2331s
  3477  3668  235.05146  606 6353          -  172.10000      -   248 2356s
  3682  3902  235.11676  672 12034          -  172.10000      -   242 2379s
  3916  4219  235.19769  719 10049          -  172.10000      -   235 2413s
  4235  4536  235.30691  798 12715          -  172.10000      -   223 2443s
  4560  4750  239.78077  830 3528          -  172.10000      -   213 2476s
  4784  5119  243.15471  874 3392          -  172.10000      -   210 2506s
  5154  5120  189.00000   98 4585          -  172.10000      -   201 3070s
  5156  5121  184.59206  548 3100          -  172.33618      -   201 3178s
  5157  5122  245.47227  968 3634          -  173.64921      -   201 3247s
  5158  5123  201.60000  758 4650          -  180.50000      -   201 3317s
  5159  5123  220.70000  791 5199          -  180.50000      -   201 3381s
H 5159  4866                     470.0000000  180.51728  61.6%   201 3414s
H 5160  4624                     436.7000000  180.51728  58.7%   200 3466s
H 5161  4393                     213.6000000  180.51728  15.5%   200 3474s
  5162  4393  213.60000 1595 2932  213.60000  180.62172  15.4%   200 3484s
  5163  4394  213.60000  747  370  213.60000  180.72729  15.4%   200 3531s
  5164  4395  180.72967   35 1351  213.60000  180.72967  15.4%   200 3544s
  5165  4395  181.90000  392 1626  213.60000  180.72967  15.4%   200 3600s
H 5165  4175                     192.4000000  180.73257  6.06%   200 3632s
H 5165  3966                     191.6000000  180.73257  5.67%   200 3632s
H 5166  3769                     190.3000000  180.73257  5.03%   200 3672s
  5167  3770  190.30000  593 6041  190.30000  180.73257  5.03%   200 3676s
  5168  3770  190.30000  669 3438  190.30000  180.78378  5.00%   200 3687s
  5169  3771  190.30000  954 3301  190.30000  180.78378  5.00%   200 3719s
  5170  3772  190.30000  939 3496  190.30000  181.33676  4.71%   200 3730s
  5171  3772  190.30000 1556 2599  190.30000  181.33676  4.71%   200 3762s
  5172  3773  188.20000  152 2988  190.30000  181.33676  4.71%   200 3773s
  5173  3774  190.30000  268 1086  190.30000  181.33676  4.71%   200 3812s
  5174  3774  190.30000  804 2097  190.30000  181.33676  4.71%   200 3820s
  5175  3775  190.30000  943  321  190.30000  181.33676  4.71%   200 3846s
  5176  3776  181.33676   21  795  190.30000  181.33676  4.71%   200 3853s
  5177  3776  181.33676  306 2628  190.30000  181.33676  4.71%   200 3889s
  5178  3777  186.10000  466 1590  190.30000  181.36354  4.70%   200 3898s
  5179  3778  184.37120  541  416  190.30000  181.37618  4.69%   200 3928s
  5180  3778  190.30000 1208 2895  190.30000  181.37673  4.69%   200 3938s
  5181  3779  190.30000  591 1476  190.30000  181.37673  4.69%   200 3964s
  5182  3780  190.30000  848 1334  190.30000  181.37673  4.69%   200 3975s
  5183  3780  184.33995  723  814  190.30000  181.37673  4.69%   200 4010s
  5184  3781  181.37673  130 1174  190.30000  181.37673  4.69%   200 4016s
  5185  3782  190.30000  261 1443  190.30000  181.37734  4.69%   200 4045s
  5186  3782  184.30000  339 1112  190.30000  181.37734  4.69%   199 4050s
  5187  3783  184.80000  236 1530  190.30000  181.37734  4.69%   199 4093s
  5188  3784  190.30000   76 1751  190.30000  181.37734  4.69%   199 4100s
  5189  3784  190.30000  968  996  190.30000  181.37734  4.69%   199 4147s
  5190  3785  190.30000  615 1224  190.30000  181.37734  4.69%   199 4153s
  5191  3786  186.50000  317 1837  190.30000  181.37734  4.69%   199 4177s
  5192  3786  190.30000 1496 1909  190.30000  181.38003  4.69%   199 4186s
  5193  3787  190.30000 1673 1725  190.30000  181.38109  4.69%   199 4214s
  5196  3790  181.38109   66 4585  190.30000  181.38109  4.69%   325 4251s
  5198  3791  184.30000  583 3205  190.30000  181.38109  4.69%   324 4336s
  5199  3792  190.30000  977 3458  190.30000  181.38109  4.69%   324 4409s
  5200  3793  190.30000 1038 1768  190.30000  181.38109  4.69%   324 4474s
  5201  3793  190.30000 1281 1154  190.30000  181.38109  4.69%   324 4498s
  5202  3794  190.30000  710 1533  190.30000  181.38109  4.69%   324 4551s
  5203  3795  190.30000 1107 2265  190.30000  181.40000  4.68%   324 4582s
  5204  3795  190.30000 1682 1940  190.30000  181.40000  4.68%   324 4597s
  5205  3796  190.30000 1452 1656  190.30000  181.40000  4.68%   324 4627s
  5206  3797  181.40000  279 1590  190.30000  181.40000  4.68%   324 4643s
  5207  3797  190.30000  839 1071  190.30000  181.40470  4.67%   324 4679s
  5208  3798  181.42307   34 3761  190.30000  181.42307  4.66%   324 4695s
  5209  3799  181.50000  485 3433  190.30000  181.46037  4.65%   324 4732s
  5210  3799  190.30000  187 3352  190.30000  181.49241  4.63%   324 4753s
  5211  3800  190.30000 1609 3846  190.30000  181.50842  4.62%   324 4792s
  5212  3801  190.30000 1141 3790  190.30000  181.50842  4.62%   324 4813s
  5213  3801  190.30000  817 1712  190.30000  181.50842  4.62%   323 4841s
  5214  3802  181.50842  112 1995  190.30000  181.50842  4.62%   323 4850s
  5215  3803  190.30000  893 1104  190.30000  181.50842  4.62%   323 4880s
  5216  3803  181.50842  331 1965  190.30000  181.50842  4.62%   323 4888s
  5217  3804  190.30000  855 4108  190.30000  181.50842  4.62%   323 4933s
  5218  3805  190.30000  507 3814  190.30000  181.50842  4.62%   323 4945s
  5219  3805  181.50842  418 2979  190.30000  181.50842  4.62%   323 4975s
  5220  3806  190.30000 1032 2911  190.30000  181.50842  4.62%   323 4988s
  5221  3807  181.50842  118 4369  190.30000  181.50842  4.62%   323 5028s
  5222  3807  182.00000  483 4400  190.30000  181.50842  4.62%   323 5038s
  5223  3808  185.09702  979  673  190.30000  181.50842  4.62%   323 5069s
  5224  3809  190.30000  556 1456  190.30000  181.50842  4.62%   323 5078s
  5225  3809  181.50842    4 1771  190.30000  181.50842  4.62%   323 5118s
  5226  3810  190.30000  784 2131  190.30000  181.50842  4.62%   323 5127s
  5227  3811  190.30000  411 2324  190.30000  181.50842  4.62%   323 5155s
  5228  3811  190.30000 1305 2307  190.30000  181.50842  4.62%   323 5160s
  5229  3812  186.60000  149 2347  190.30000  181.50842  4.62%   322 5217s
  5230  3813  190.30000 1360 2815  190.30000  181.51261  4.62%   322 5224s
  5231  3813  190.30000  463 2309  190.30000  181.51261  4.62%   322 5253s
  5232  3814  190.30000  648 2840  190.30000  181.51305  4.62%   322 5257s
  5233  3815  181.54036  898 3193  190.30000  181.54036  4.60%   322 5298s
  5234  3815  190.30000 1101 3193  190.30000  181.54036  4.60%   322 5351s
  5235  3816  181.54036  359 3193  190.30000  181.54036  4.60%   322 5366s
  5236  3820  181.54036   26 2377  190.30000  181.54036  4.60%   442 5425s
  5238  3823  181.54036   27 3412  190.30000  181.54036  4.60%   442 5434s
  5242  3826  181.54036   28 3101  190.30000  181.54036  4.60%   442 5489s
  5246  3830  181.54036   29 2149  190.30000  181.54036  4.60%   442 5534s
  5252  3842  182.69897   30 5182  190.30000  181.54036  4.60%   443 5544s
  5266  3851  181.54036   32 2684  190.30000  181.54036  4.60%   445 5552s
  5279  3862  182.74751   33 4950  190.30000  181.54036  4.60%   446 5559s
  5295  3861  182.32377   34 3133  190.30000  181.54036  4.60%   445 5568s
  5299  3867  181.54036   35 3159  190.30000  181.54036  4.60%   445 5574s
  5306  3870  182.09559   35 1981  190.30000  181.54036  4.60%   445 5578s
  5312  3874  181.54036   36 2651  190.30000  181.54036  4.60%   445 5585s
  5318  3877  182.32377   36 2681  190.30000  181.54036  4.60%   445 5590s
  5323  3885  181.54036   37 5554  190.30000  181.54036  4.60%   446 5598s
  5332  3888  182.22442   37 6499  190.30000  181.54036  4.60%   446 5605s
  5340  3893  181.54036   38 4916  190.30000  181.54036  4.60%   446 5612s
  5350  3896  182.36521   38 10309  190.30000  181.54036  4.60%   446 5619s
  5361  3899  181.54036   39 4901  190.30000  181.54036  4.60%   446 5627s
  5370  3905  183.63427   39 3843  190.30000  181.54036  4.60%   446 5639s
  5385  3912  181.54036   40 4913  190.30000  181.54036  4.60%   445 5646s
  5403  3916  184.55022   40 2655  190.30000  181.54036  4.60%   445 5654s
  5419  3920  181.54036   41 6216  190.30000  181.54036  4.60%   445 5661s
  5436  3930  181.81996   41 3239  190.30000  181.54036  4.60%   445 5668s
  5452  3933  181.54036   42 4213  190.30000  181.54036  4.60%   444 5674s
  5460  3947  182.60758   42 2572  190.30000  181.54036  4.60%   445 5682s
  5477  3968  181.54036   43 4374  190.30000  181.54036  4.60%   445 5691s
  5506  3979  181.54036   43 3405  190.30000  181.54036  4.60%   444 5700s
  5526  3987  181.64570   44 3411  190.30000  181.54036  4.60%   444 5706s
  5545  3995  182.58863   44 2841  190.30000  181.54036  4.60%   444 5712s
  5574  4001  181.81951   45 2844  190.30000  181.54036  4.60%   443 5720s
  5598  4002  181.87301   48 10187  190.30000  181.54036  4.60%   443 5726s
  5613  4022  184.82478   48 2342  190.30000  181.54036  4.60%   443 5737s
  5653  4031  185.76104   55 3133  190.30000  181.54036  4.60%   441 5746s
  5675  4057  182.89115   58 2528  190.30000  181.54036  4.60%   441 5760s
  5721  4078  181.71000   40 3637  190.30000  181.54036  4.60%   440 5772s
  5763  4115  182.17599   45 3081  190.30000  181.54036  4.60%   439 5781s
  5828  4147  185.99474   57 9158  190.30000  181.54036  4.60%   436 5794s
  5921  4140  183.23512   46 1577  190.30000  181.54036  4.60%   432 5807s
  5989  4175  182.25598   46 2185  190.30000  181.54036  4.60%   429 5819s
  6054  4187  184.87578   49  756  190.30000  181.54036  4.60%   427 5833s
  6097  4218  189.97652   56 3194  190.30000  181.54036  4.60%   426 5845s
  6170  4221  183.07603   53 6656  190.30000  181.54036  4.60%   424 5860s
  6214  4211  182.45127   55 5629  190.30000  181.54036  4.60%   423 5879s
  6218  4213  182.50764   56 6245  190.30000  181.54036  4.60%   423 5894s
  6222  4216  182.52443   57 5630  190.30000  181.54036  4.60%   423 5916s
  6226  4218  182.61947   58 5623  190.30000  181.54036  4.60%   423 5938s
  6231  4220  183.03540   57 9612  190.30000  181.54036  4.60%   423 5961s
  6235  4223  182.68955   59 6645  190.30000  181.54036  4.60%   423 5975s
  6239  4224  182.65276   58 5680  190.30000  181.54036  4.60%   423 5990s
  6244  4226  182.99100   59 3705  190.30000  181.54036  4.60%   422 6012s
  6249  4228  182.80214   59 5687  190.30000  181.54036  4.60%   422 6030s
  6253  4231  182.83287   60 5656  190.30000  181.54036  4.60%   422 6042s
  6257  4232  182.97257   60 5155  190.30000  181.54036  4.60%   422 6054s
  6262  4234  183.19554   61 5686  190.30000  181.54036  4.60%   421 6066s
  6267  4235  183.11977   60 3511  190.30000  181.54036  4.60%   421 6082s
  6272  4237  183.38777   61 7407  190.30000  181.54036  4.60%   421 6098s
  6276  4253  183.21172   61 3237  190.30000  181.54036  4.60%   421 6125s
  6295  4264  185.37217   66 6482  190.30000  181.54036  4.60%   420 6181s
  6321  4255     cutoff   72       190.30000  181.54036  4.60%   420 6206s
  6333  4257  181.87844   48 2724  190.30000  181.54036  4.60%   420 6226s
  6347  4268  181.91527   51 8830  190.30000  181.54036  4.60%   420 6245s
  6366  4279  187.33910   60 8561  190.30000  181.54036  4.60%   419 6262s
  6401  4267 infeasible   66       190.30000  181.54036  4.60%   418 6278s
  6409  4268  187.35475   67 4327  190.30000  181.54036  4.60%   417 6302s
  6414  4269  187.36055   68 4334  190.30000  181.54036  4.60%   417 6329s
  6419  4268  187.36101   69 4324  190.30000  181.54036  4.60%   417 6350s
  6426  4274  187.36978   70 3896  190.30000  181.54036  4.60%   416 6370s
  6434  4286  187.36978   71 3359  190.30000  181.54036  4.60%   417 6393s
  6449  4293  187.36978   72 3698  190.30000  181.54036  4.60%   417 6411s
  6463  4293  187.36978   73 3738  190.30000  181.54036  4.60%   417 6435s
  6481  4293  187.36978   74 4049  190.30000  181.54036  4.60%   417 6453s
  6501  4323  187.37022   75 3356  190.30000  181.54036  4.60%   416 6484s
  6538  4335  187.37222   76 3298  190.30000  181.54036  4.60%   415 6508s
  6570  4355 infeasible   77       190.30000  181.54036  4.60%   414 6544s
  6616  4351 infeasible   78       190.30000  181.54286  4.60%   412 6590s
  6643  4367  182.50213   53 2185  190.30000  181.57500  4.58%   411 6617s
  6668  4386  182.50660   54 2182  190.30000  181.57500  4.58%   411 6650s
  6706  4408 infeasible   61       190.30000  181.58055  4.58%   411 6676s
  6776  4415  188.13829   65 3302  190.30000  181.58055  4.58%   409 6699s
  6821  4465  188.54127   73 3574  190.30000  181.60000  4.57%   407 6732s
  6935  4491  182.03625   82 2144  190.30000  181.60745  4.57%   404 6767s
  7007  4613  182.05480   84 2387  190.30000  181.61354  4.56%   401 6794s
  7161  4857  182.89832  127 4831  190.30000  181.62857  4.56%   394 6825s
  7502  4969  184.00976  224 6607  190.30000  181.62857  4.56%   382 6860s
  7920  4961     cutoff   52       190.30000  181.70000  4.52%   367 6901s
  8148  4983  185.06922   77 2598  190.30000  181.73099  4.50%   361 6925s
  8266  5161  184.62703   60 2976  190.30000  181.73099  4.50%   358 6957s
  8579  5164  183.98750   84 5601  190.30000  181.75763  4.49%   350 7050s
  8780  5174 infeasible   65       190.30000  181.80742  4.46%   345 7082s
  8950  5323  183.22459   48 2655  190.30000  181.83218  4.45%   342 7121s
  9271  5265  188.70851   42 2897  190.30000  181.85851  4.44%   335 7152s
  9354  5535  183.93563   65 4031  190.30000  181.86622  4.43%   334 7191s
  9769  5413  184.49743   78 4653  190.30000  181.87104  4.43%   326 7200s

Cutting planes:
  Learned: 1
  Gomory: 14
  Cover: 152
  Implied bound: 45
  Projected implied bound: 338
  Clique: 75
  MIR: 127
  StrongCG: 18
  Flow cover: 610
  GUB cover: 74
  Zero half: 18
  RLT: 46
  Relax-and-lift: 165

Explored 9803 nodes (3530022 simplex iterations) in 7201.35 seconds (6405.85 work units)
Thread count was 4 (of 8 available processors)

Solution count 7: 190.3 190.3 191.6 ... 470

Time limit reached
Best objective 1.903000000000e+02, best bound 1.819000000000e+02, gap 4.4141%
