
Gurobi 13.0.2 (linux64) logging started Tue Jun 30 04:00:15 2026

Set parameter LogFile to value "src/Resultados/Restriccion todas cliques/logs/C103-25.xml_log.log"
Set parameter Threads to value 4
Gurobi Optimizer version 13.0.2 build v13.0.2rc1 (linux64 - "Rocky Linux 9.7 (Blue Onyx)")

CPU model: QEMU Virtual CPU version 2.5+, instruction set [SSE2]
Thread count: 8 physical cores, 8 logical processors, using up to 4 threads

Non-default parameters:
TimeLimit  7200
Threads  4

Optimize a model with 149086 rows, 90870 columns and 631470 nonzeros (Min)
Model fingerprint: 0x970b0830
Model has 13695 linear objective coefficients
Variable types: 19155 continuous, 71715 integer (71700 binary)
Coefficient statistics:
  Matrix range     [1e+00, 4e+04]
  Objective range  [1e+00, 6e+01]
  Bounds range     [1e+00, 2e+03]
  RHS range        [1e+00, 4e+04]

Presolve removed 46622 rows and 120 columns (presolve time = 5s)...
Presolve removed 46622 rows and 120 columns
Presolve time: 7.55s
Presolved: 102464 rows, 90750 columns, 481110 nonzeros
Variable types: 360 continuous, 90390 integer (80175 binary)
Deterministic concurrent LP optimizer: primal and dual simplex
Showing primal log only...


Root simplex log...

Iteration    Objective       Primal Inf.    Dual Inf.      Time
       0    1.1175000e+03   2.114600e+03   4.897677e+10     19s
   12470    3.5037361e+02   4.245596e+02   1.360364e+10     20s
   23773    3.0625913e+02   1.544253e+02   1.192303e+10     25s
   35170    2.8533519e+02   3.449724e+01   4.565940e+09     30s
   43273    2.2763261e+02   0.000000e+00   3.339237e+04     35s
   51247    1.6260000e+02   4.492720e+02   0.000000e+00     40s
   55525    1.6260062e+02   9.619404e+00   0.000000e+00     45s
   58284    1.6260079e+02   2.798618e-02   0.000000e+00     50s
   59486    1.6260000e+02   0.000000e+00   0.000000e+00     53s
Concurrent spin time: 22.14s (can be avoided by choosing Method=3)

Solved with primal simplex

Root relaxation: objective 1.626000e+02, 59486 iterations, 60.14 seconds (30.23 work units)

    Nodes    |    Current Node    |     Objective Bounds      |     Work
 Expl Unexpl |  Obj  Depth IntInf | Incumbent    BestBd   Gap | It/Node Time

     0     0  162.60000    0 9638          -  162.60000      -     -  133s
     0     0  162.60000    0 9637          -  162.60000      -     -  134s
     0     0  162.60000    0 14930          -  162.60000      -     -  188s
     0     0  162.60000    0 14930          -  162.60000      -     -  193s
     0     0  162.60000    0 18403          -  162.60000      -     -  203s
     0     0  162.60000    0 18403          -  162.60000      -     -  203s
     0     0  162.60000    0 13679          -  162.60000      -     -  257s
     0     0  162.60000    0 13681          -  162.60000      -     -  264s
     0     0  162.60000    0 11366          -  162.60000      -     -  285s
     0     0  162.60000    0 6012          -  162.60000      -     -  308s
     0     0  162.60000    0 6012          -  162.60000      -     -  313s
     0     0  162.60000    0 16569          -  162.60000      -     -  335s
     0     0  162.60000    0 16569          -  162.60000      -     -  335s
     0     0  162.60000    0 8979          -  162.60000      -     -  362s
     0     0  162.60000    0 8979          -  162.60000      -     -  425s
     0     0  162.60000    0 16756          -  162.60000      -     -  444s
     0     0  162.60000    0 16756          -  162.60000      -     -  444s
     0     0  162.60000    0 10697          -  162.60000      -     -  492s
     0     0  162.60000    0 10700          -  162.60000      -     -  498s
     0     0  162.60000    0 15542          -  162.60000      -     -  513s
     0     0  162.60000    0 15542          -  162.60000      -     -  513s
     0     0  162.60000    0 10680          -  162.60000      -     -  540s
     0     0  162.60000    0 10680          -  162.60000      -     -  542s
     0     0  162.60000    0 10680          -  162.60000      -     -  548s
     0     2  162.60000    0 10680          -  162.60000      -     -  597s
     1     4  162.60000    1 8456          -  162.60000      -   925  602s
     3     8  162.60000    2 9751          -  162.60000      -  1879  608s
     7    10  162.60000    3 10601          -  162.60000      -  1380  615s
    11    14  162.60000    4 11285          -  162.60000      -  1676  639s
    14    14  162.60000    4 8088          -  162.60000      -  1659  640s
    15    46  162.60000    5 11284          -  162.60000      -  1548  662s
    49    91  162.64704   16 11125          -  162.60000      -  1189  681s
    94   196  162.78709   32 10618          -  162.60000      -   900  705s
   199   284  162.94499   73 11401          -  162.60000      -   598  720s
   287   364  162.96067   98 8364          -  162.60000      -   508  735s
   367   417  163.00688  114 9892          -  162.60000      -   464  750s
   420   483  163.04971  121 8564          -  162.60000      -   460  765s
   486   487  163.11599  135 10325          -  162.60000      -   443  779s
   490   491  163.11599  136 10328          -  162.60000      -   441  795s
   494   495  163.11599  137 10332          -  162.60000      -   440  805s
   498   499  163.11599  138 9495          -  162.60000      -   438  816s
   502   503  163.11599  139 9497          -  162.60000      -   435  831s
   506   507  163.11599  140 9499          -  162.60000      -   436  865s
   510   511  163.11599  141 9498          -  162.60000      -   435  883s
   514   524  163.12504  142 9845          -  162.60000      -   434  895s
   527   560  163.12829  143 9524          -  162.60000      -   429  934s
   563   566  163.12829  144 8689          -  162.60000      -   410  957s
   569   605  163.13126  145 8738          -  162.60000      -   409  972s
   608   657  163.13368  146 9183          -  162.60000      -   391 1001s
   660   704  163.17634  157 9873          -  162.60000      -   379 1049s
   707   797  163.20613  165 10247          -  162.60000      -   369 1070s
   800   884  163.25861  187 11026          -  162.60000      -   347 1093s
   887   949  163.28517  206 11810          -  162.60000      -   326 1111s
   952  1052  163.28998  217 10661          -  162.60000      -   324 1130s
  1055  1129  163.31292  260 13258          -  162.60000      -   307 1145s
  1132  1207  163.31531  289 14867          -  162.60000      -   298 1162s
  1210  1281  163.50951  311 14119          -  162.60000      -   292 1249s
  1284  1310  163.60867  329 12152          -  162.60000      -   286 1317s
  1313  1314  163.62390  338 13437          -  162.60000      -   289 1512s
  1317  1318  163.62911  339 10920          -  162.60000      -   290 1643s
  1321  1322  163.64383  340 10888          -  162.60000      -   290 1810s
  1325  1326  163.64466  341 10841          -  162.60000      -   289 1937s
  1329  1343  163.64718  342 11371          -  162.60000      -   290 1994s
  1346  1446  163.64718  343 9459          -  162.60000      -   291 2008s
  1449  1518  163.72007  372 13159          -  162.60000      -   291 2027s
  1521  1624  163.75639  386 10534          -  162.60000      -   297 2044s
  1627  1807  163.77786  403 12066          -  162.60000      -   295 2067s
  1810  1967  163.82169  426 13269          -  162.60000      -   280 2088s
  1970  2073  163.89594  466 13540          -  162.60000      -   269 2109s
  2076  2240  163.92770  491 12674          -  162.60000      -   266 2127s
  2243  2366  164.04258  552 14057          -  162.60000      -   259 2147s
  2369  2498  164.11301  592 13936          -  162.60000      -   258 2171s
  2501  2583  164.17937  615 17067          -  162.60000      -   260 2191s
  2586  2678  165.85690  640 12766          -  162.60000      -   269 2215s
  2683  2815  176.94690  654 10790          -  162.60000      -   274 2242s
  2822  3020  185.43663  697 11823          -  162.60000      -   275 2264s
  3031  3203  227.79667  736 15057          -  162.60000      -   268 2288s
  3217  3383  234.69114  763 14510          -  162.60000      -   264 2328s
  3410  3668  162.60000   28 11708          -  162.60000      -   261 2358s
  3711  3669  166.00000  485 10680          -  162.60000      -   248 3002s
  3713  3670  227.79667  734 3232          -  162.92591      -   248 3099s
  3714  3671  166.80000  462 3430          -  164.22265      -   248 3163s
  3715  3672  169.35796  186 3012          -  169.35796      -   248 3191s
  3716  3672  197.10000  677 3733          -  169.36935      -   248 3309s
  3717  3673  175.90000  453 3357          -  171.15739      -   248 3336s
  3718  3674  171.15739  265 3895          -  171.15739      -   248 3394s
  3719  3674  171.86510  454 3449          -  171.86510      -   248 3431s
  3720  3675  172.09328  198 4611          -  172.09328      -   248 3466s
  3721  3676  172.29734  227 4131          -  172.29734      -   247 3485s
  3722  3676  172.45461  140 4860          -  172.45461      -   247 3550s
  3723  3677  208.77495 1230 4389          -  172.70067      -   247 3563s
  3724  3678  172.85726  354 3355          -  172.85726      -   247 3593s
  3725  3678  173.14934  408 3262          -  173.14934      -   247 3603s
  3726  3679  181.80000  520 3621          -  173.65000      -   247 3649s
  3727  3680  173.68333  119 3148          -  173.68333      -   247 3659s
  3728  3680  173.68333   13 1608          -  173.68333      -   247 3726s
  3729  3681  199.50000  840 1348          -  173.95000      -   247 3741s
  3730  3682  173.99177  162 4918          -  173.99177      -   247 3787s
  3731  3682  174.13912   51 5072          -  174.13912      -   247 3804s
  3732  3683  174.35406  100 6545          -  174.35406      -   247 3847s
  3733  3684  174.36812   71 7156          -  174.36812      -   247 3863s
  3734  3684  174.43968   35 7963          -  174.43968      -   247 3907s
  3735  3685  208.58448 1216 8152          -  174.44112      -   247 3922s
  3736  3686  174.66396  607 7574          -  174.66396      -   247 3957s
  3737  3686  194.40000  723 7513          -  174.73023      -   246 3971s
  3738  3687  174.73241  100 6433          -  174.73241      -   246 4017s
  3739  3688  174.74773  187 6135          -  174.74773      -   246 4033s
  3740  3688  174.74839  495 7577          -  174.74839      -   246 4073s
H 3740  3503                     270.1000000  174.88355  35.3%   246 4077s
H 3740  3327                     268.1000000  174.88355  34.8%   246 4077s
  3741  3328  174.88355  144 7400  268.10000  174.88355  34.8%   246 4088s
  3742  3329  174.89382  473 7374  268.10000  174.89382  34.8%   246 4142s
  3743  3329  174.89414  465 7393  268.10000  174.89414  34.8%   246 4157s
  3744  3330  175.17731   88 3439  268.10000  175.17731  34.7%   246 4203s
  3745  3331  175.17800  148 3354  268.10000  175.17800  34.7%   246 4212s
  3746  3331  175.17931  464 4678  268.10000  175.17931  34.7%   246 4241s
  3747  3332  184.81004  888 6408  268.10000  175.18306  34.7%   246 4255s
  3748  3333  175.18867  287 5827  268.10000  175.18867  34.7%   246 4286s
H 3748  3166                     266.6000000  175.18947  34.3%   246 4292s
  3749  3166  175.18947  133 5757  266.60000  175.18947  34.3%   246 4302s
  3750  3167  175.18976  472 4367  266.60000  175.18976  34.3%   246 4357s
  3751  3168  175.18976  197 5898  266.60000  175.18976  34.3%   246 4369s
  3752  3168  209.80000  722 5007  266.60000  175.18976  34.3%   245 4412s
  3753  3169  178.40000  578 4066  266.60000  175.18976  34.3%   245 4428s
  3754  3170  175.18976  333 5199  266.60000  175.18976  34.3%   245 4472s
  3755  3170  175.18976  273 4929  266.60000  175.18976  34.3%   245 4481s
  3756  3171  175.19021  626 3970  266.60000  175.19021  34.3%   245 4506s
  3759  3174  175.19021   84 10680  266.60000  175.19021  34.3%   454 4534s
H 3760  3016                     265.7000000  175.19021  34.1%   454 4672s
H 3761  2865                     264.5000000  175.19021  33.8%   454 4693s
H 3761  2722                     263.4000000  175.19021  33.5%   454 4693s
H 3761  2585                     261.7000000  175.19021  33.1%   454 4693s
H 3761  2456                     260.8000000  175.19021  32.8%   454 4693s
H 3761  2333                     258.9000000  175.19021  32.3%   454 4693s
  3762  2334  175.19122  426 9052  258.90000  175.19122  32.3%   454 4736s
  3763  2335  175.19122  139 5787  258.90000  175.19122  32.3%   454 4758s
H 3763  2218                     257.8000000  175.19122  32.0%   454 4764s
  3764  2218  175.19122  377 3875  257.80000  175.19122  32.0%   454 4788s
  3765  2219  175.19122  350 3569  257.80000  175.19122  32.0%   454 4803s
  3766  2220  175.19122  273 8427  257.80000  175.19122  32.0%   454 4850s
H 3766  2109                     256.9000000  175.19122  31.8%   454 4855s
H 3766  2004                     255.4000000  175.19122  31.4%   454 4855s
  3767  2004  175.19122  167  930  255.40000  175.19122  31.4%   454 4863s
  3768  2005  175.19122  422 2471  255.40000  175.19122  31.4%   453 4912s
  3769  2006  175.19192  313 6550  255.40000  175.19192  31.4%   453 4938s
  3770  2006  175.20273  640 1825  255.40000  175.20273  31.4%   453 4987s
  3771  2007  175.20964  347 5895  255.40000  175.20964  31.4%   453 5017s
  3772  2008  175.20964  278 2982  255.40000  175.20964  31.4%   453 5057s
  3773  2008  175.20964  433 2291  255.40000  175.20964  31.4%   453 5071s
  3774  2009  175.50000  639 2226  255.40000  175.21255  31.4%   453 5114s
  3775  2010  175.21255  398 2564  255.40000  175.21255  31.4%   453 5121s
  3776  2010  175.21255   13 3429  255.40000  175.21255  31.4%   452 5159s
  3777  2011  184.89803  893 2817  255.40000  175.21255  31.4%   452 5173s
  3778  2012  175.21255  263 2182  255.40000  175.21255  31.4%   452 5216s
  3779  2012  180.90000  422 1819  255.40000  175.21255  31.4%   452 5223s
  3780  2013  175.21255  369 2363  255.40000  175.21255  31.4%   452 5279s
H 3780  1912                     254.6000000  175.21255  31.2%   452 5280s
  3781  1913  175.21255  244 1774  254.60000  175.21255  31.2%   452 5290s
  3782  1913  175.21259  133 3552  254.60000  175.21259  31.2%   452 5321s
  3785  1917  175.21259    9 10680  254.60000  175.21259  31.2%   552 5359s
  3787  1918  175.21259  265 2982  254.60000  175.21259  31.2%   552 5510s
  3788  1919  191.50000  601 2584  254.60000  175.21259  31.2%   552 5565s
  3789  1920  175.21259  284 2867  254.60000  175.21259  31.2%   552 5589s
  3790  1920  175.21259  655 2847  254.60000  175.21259  31.2%   551 5640s
  3791  1921  175.21259  473 2713  254.60000  175.21259  31.2%   551 5652s
  3792  1922  175.21259   76 3172  254.60000  175.21259  31.2%   551 5688s
  3793  1922  175.21259   54 2802  254.60000  175.21259  31.2%   551 5710s
  3794  1923  175.21259  277 2441  254.60000  175.21259  31.2%   551 5751s
  3795  1924  227.41698  720 4175  254.60000  175.21259  31.2%   551 5782s
  3796  1924  175.21259  132 3170  254.60000  175.21259  31.2%   551 5840s
  3797  1925  175.21259  312 3086  254.60000  175.21259  31.2%   550 5863s
  3798  1926  175.21259  280 2075  254.60000  175.21259  31.2%   550 5907s
  3799  1926  175.25293  296 3718  254.60000  175.25293  31.2%   550 5923s
  3800  1927  175.28637   91 3403  254.60000  175.28637  31.2%   550 5961s
  3801  1928  175.30230  226 5664  254.60000  175.30230  31.1%   550 5997s
  3802  1928  175.30230  265 4909  254.60000  175.30230  31.1%   550 6041s
  3803  1929  175.30250  251 4209  254.60000  175.30250  31.1%   550 6068s
  3804  1930  175.31013  385 3160  254.60000  175.31013  31.1%   549 6103s
  3805  1930  175.31255  412 2652  254.60000  175.31255  31.1%   549 6116s
  3806  1931  200.30000  690  501  254.60000  175.31255  31.1%   549 6146s
  3807  1932  175.31255  645  253  254.60000  175.31255  31.1%   549 6151s
  3808  1932  210.93889  554 1222  254.60000  175.31255  31.1%   549 6168s
  3809  1933  185.37331 1126 1200  254.60000  175.31255  31.1%   549 6183s
H 3809  1835                     250.9000000  175.31255  30.1%   549 6235s
  3810  1836  175.31255  146 1572  250.90000  175.31255  30.1%   548 6247s
  3811  1836  175.31255  485 2297  250.90000  175.31255  30.1%   548 6257s
  3812  1837  175.31255  731  962  250.90000  175.31255  30.1%   548 6295s
  3813  1838  227.79667  734 2079  250.90000  175.31255  30.1%   548 6301s
  3814  1838  175.31255  462 2405  250.90000  175.31255  30.1%   548 6339s
  3817  1842  175.90000  453 10680  250.90000  175.31255  30.1%   678 6364s
H 3818  1750                     249.1000000  175.31255  29.6%   678 6500s
  3820  1751  175.31255  198 3707  249.10000  175.31255  29.6%   678 6574s
H 3820  1664                     229.1000000  175.31255  23.5%   678 6578s
  3821  1665  175.31255  227 4561  229.10000  175.31255  23.5%   677 6593s
  3822  1665  175.31255  140 2209  229.10000  175.31255  23.5%   677 6675s
  3823  1666  208.77495 1230 1954  229.10000  175.31255  23.5%   677 6687s
  3824  1667  175.31255  354 3361  229.10000  175.31255  23.5%   677 6726s
  3825  1667  175.31255  408 2815  229.10000  175.31255  23.5%   677 6739s
  3826  1668  181.80000  520 1980  229.10000  175.31255  23.5%   676 6793s
  3827  1669  175.31255  119 2614  229.10000  175.31255  23.5%   676 6806s
  3828  1669  175.31255   13 1897  229.10000  175.31255  23.5%   676 6837s
  3829  1670  199.50000  840 2689  229.10000  175.31255  23.5%   676 6863s
  3830  1671  175.31255  162 1885  229.10000  175.31255  23.5%   676 6919s
  3831  1671  175.31255   51 4214  229.10000  175.31255  23.5%   676 6946s
  3832  1672  175.31255  100 5272  229.10000  175.31255  23.5%   675 7012s
  3833  1673  175.31255   71 6190  229.10000  175.31255  23.5%   675 7031s
  3834  1673  175.31255   35 5558  229.10000  175.31255  23.5%   675 7125s
  3835  1674  208.58448 1216 8095  229.10000  175.31255  23.5%   675 7140s
  3836  1675  175.31255  607 3582  229.10000  175.31255  23.5%   675 7181s
  3837  1675  194.40000  723 5418  229.10000  175.31255  23.5%   675 7197s

Cutting planes:
  Gomory: 9
  Cover: 151
  Implied bound: 51
  Projected implied bound: 148
  Clique: 29
  MIR: 49
  StrongCG: 7
  Flow cover: 310
  GUB cover: 99
  Zero half: 12
  RLT: 76
  Relax-and-lift: 99

Explored 3837 nodes (3278263 simplex iterations) in 7200.74 seconds (5456.05 work units)
Thread count was 4 (of 8 available processors)

Solution count 10: 229.1 249.1 250.9 ... 261.7

Time limit reached
Best objective 2.291000000000e+02, best bound 1.754000000000e+02, gap 23.4395%
