
Gurobi 13.0.2 (linux64) logging started Tue Jun 30 12:05:55 2026

Set parameter LogFile to value "src/Resultados/Restriccion todas cliques/logs/C105-25.xml_log.log"
Set parameter Threads to value 4
Gurobi Optimizer version 13.0.2 build v13.0.2rc1 (linux64 - "Rocky Linux 9.7 (Blue Onyx)")

CPU model: QEMU Virtual CPU version 2.5+, instruction set [SSE2]
Thread count: 8 physical cores, 8 logical processors, using up to 4 threads

Non-default parameters:
TimeLimit  7200
Threads  4

Optimize a model with 128585 rows, 77085 columns and 522825 nonzeros (Min)
Model fingerprint: 0xe02cb30d
Model has 8670 linear objective coefficients
Variable types: 16965 continuous, 60120 integer (60105 binary)
Coefficient statistics:
  Matrix range     [1e+00, 4e+04]
  Objective range  [1e+00, 6e+01]
  Bounds range     [1e+00, 2e+03]
  RHS range        [1e+00, 4e+04]

Presolve removed 40622 rows and 120 columns (presolve time = 5s)...
Presolve removed 40622 rows and 120 columns
Presolve time: 8.18s
Presolved: 87963 rows, 76965 columns, 394005 nonzeros
Variable types: 345 continuous, 76620 integer (66420 binary)
Deterministic concurrent LP optimizer: primal and dual simplex
Showing primal log only...


Root simplex log...

Iteration    Objective       Primal Inf.    Dual Inf.      Time
       0    1.2836000e+03   2.647619e+03   4.608452e+10     19s
   13675    8.9585610e+02   1.033988e+03   6.510331e+09     20s
   18689    5.5449212e+02   3.125346e+02   4.219211e+09     25s
   23554    4.1653050e+02   1.757818e+02   5.043455e+09     30s
   27418    3.4651697e+02   9.523350e+01   5.740224e+09     35s
   32435    3.4259011e+02   3.411732e+01   7.553034e+09     40s
   36176    3.5322811e+02   2.341433e+01   8.156810e+08     45s
   40040    3.3956446e+02   5.561328e-01   9.432312e+07     50s
   44541    2.7048223e+02   0.000000e+00   4.396846e+05     55s
   48279    1.9120000e+02   2.295666e+03   0.000000e+00     62s
   50864    1.9120001e+02   3.696907e+00   0.000000e+00     65s
   52634    1.9120000e+02   0.000000e+00   0.000000e+00     69s
Concurrent spin time: 3.70s

Solved with primal simplex

Root relaxation: objective 1.912000e+02, 52634 iterations, 59.21 seconds (34.89 work units)

    Nodes    |    Current Node    |     Objective Bounds      |     Work
 Expl Unexpl |  Obj  Depth IntInf | Incumbent    BestBd   Gap | It/Node Time

     0     0  191.20000    0 7125          -  191.20000      -     -  112s
     0     0  191.20000    0 4955          -  191.20000      -     -  114s
H    0     0                     223.3000000  191.20000  14.4%     -  116s
     0     0  191.20000    0 6260  223.30000  191.20000  14.4%     -  142s
     0     0  191.20000    0 5816  223.30000  191.20000  14.4%     -  144s
     0     0  191.20000    0 2861  223.30000  191.20000  14.4%     -  151s
     0     0  191.20000    0 1437  223.30000  191.20000  14.4%     -  185s
H    0     0                     221.4000000  191.20000  13.6%     -  191s
H    0     0                     220.3000000  191.20000  13.2%     -  205s
     0     0  191.20000    0  825  220.30000  191.20000  13.2%     -  216s
     0     0  191.20000    0 2949  220.30000  191.20000  13.2%     -  222s
     0     0  191.20000    0 4590  220.30000  191.20000  13.2%     -  223s
     0     0  191.20000    0 4590  220.30000  191.20000  13.2%     -  316s
     0     0  191.20000    0 4820  220.30000  191.20000  13.2%     -  324s
     0     0  191.20000    0 5500  220.30000  191.20000  13.2%     -  329s
     0     0  191.20000    0 4170  220.30000  191.20000  13.2%     -  428s
     0     0  191.20000    0 4504  220.30000  191.20000  13.2%     -  454s
     0     0  191.20000    0 9319  220.30000  191.20000  13.2%     -  462s
     0     0  191.20000    0 6618  220.30000  191.20000  13.2%     -  511s
     0     0  191.20000    0 6792  220.30000  191.20000  13.2%     -  551s
     0     0  191.20000    0 10818  220.30000  191.20000  13.2%     -  558s
     0     0  191.20000    0 10818  220.30000  191.20000  13.2%     -  558s
     0     0  191.20000    0 4266  220.30000  191.20000  13.2%     -  590s
     0     0  191.20000    0 4266  220.30000  191.20000  13.2%     -  593s
     0     0  191.20000    0 4266  220.30000  191.20000  13.2%     -  593s
     0     0  191.20000    0 3534  220.30000  191.20000  13.2%     -  610s
H    0     2                     204.2000000  191.20000  6.37%     -  674s
     0     2  191.20000    0 3534  204.20000  191.20000  6.37%     -  674s
     1     4  191.20000    1 3362  204.20000  191.20000  6.37%  2168  678s
     3     8  191.20000    2 6306  204.20000  191.20000  6.37%  1585  686s
     7    12  191.20000    3 5677  204.20000  191.20000  6.37%  1555  690s
    11    19  191.20000    4 8011  204.20000  191.20000  6.37%  1532  699s
    18    31  191.20000    5 5191  204.20000  191.20000  6.37%  1504  705s
    30    42  191.20000    6 5786  204.20000  191.20000  6.37%  1204  711s
    41    64  192.50000    8 2989  204.20000  191.20000  6.37%  1005  717s
    63    91  191.20507   12 2223  204.20000  191.20000  6.37%   768  723s
    97   114  191.21197   14 2009  204.20000  191.20000  6.37%   562  729s
   120   145  191.30000   15 1161  204.20000  191.20000  6.37%   480  734s
   153   190  191.30000   27 1101  204.20000  191.20000  6.37%   379  739s
   200   225  191.30000   42 1105  204.20000  191.20000  6.37%   296  741s
   239   229  191.30000   57 1060  204.20000  191.20000  6.37%   248  745s
   280   266  191.30000   71 1004  204.20000  191.20000  6.37%   217  754s
   284   273  191.30000   72 1001  204.20000  191.20000  6.37%   215  759s
   291   321  191.30000   73  998  204.20000  191.20000  6.37%   209  761s
   339   325  191.30000   87 1009  204.20000  191.20000  6.37%   180  768s
   343   329  191.30000   88 1006  204.20000  191.20000  6.37%   178  770s
   351   340  191.30000   90 1002  204.20000  191.20000  6.37%   174  775s
   372   362  191.30000   92  998  204.20000  191.20000  6.37%   165  780s
   395   374  191.30000   94  994  204.20000  191.20000  6.37%   156  788s
   400   379  191.30000   95 1031  204.20000  191.20000  6.37%   154  792s
   409   386  191.30000   96 1026  204.20000  191.20000  6.37%   152  795s
   420   389  191.30000   97 1025  204.20000  191.20000  6.37%   148  800s
   456   461  191.30000   99  970  204.20000  191.20000  6.37%   137  807s
   544   532  191.30000  101  966  204.20000  191.20000  6.37%   115  818s
   572   578  191.30000  102  964  204.20000  191.20000  6.37%   110  822s
   618   603  191.30000  103  993  204.20000  191.20000  6.37%   102  832s
   643   651  191.30000  104  992  204.20000  191.20000  6.37%  98.0  839s
   691   665  191.30000  105 1031  204.20000  191.20000  6.37%  91.3  847s
   705   705  191.30000  106 1020  204.20000  191.20000  6.37%  89.6  850s
   747   732  191.30000  107  992  204.20000  191.20000  6.37%  84.7  856s
   776   790  191.30000  108  978  204.20000  191.20000  6.37%  81.7  863s
   834   847 infeasible  108       204.20000  191.20000  6.37%  77.7  874s
   893   904  191.30000  110  976  204.20000  191.20000  6.37%  73.6  878s
   950   907  191.30000  111  978  204.20000  191.20000  6.37%  70.2  891s
   955   973  191.30000  112  976  204.20000  191.20000  6.37%  69.9  895s
  1140  1193  191.30000  114  917  204.20000  191.20000  6.37%  59.9  904s
  1255  1272  191.30000  115  914  204.20000  191.20000  6.37%  55.7  909s
  1358  1317  191.30000  116  911  204.20000  191.20000  6.37%  54.6  914s
  1412  1346  191.30000  117  892  204.20000  191.20000  6.37%  56.3  918s
  1458  1350  191.30000  119  922  204.20000  191.20000  6.37%  60.1  928s
  1464  1393  191.30000  120  903  204.20000  191.20000  6.37%  62.5  933s
  1525  1428 infeasible  144       204.20000  191.20000  6.37%  65.9  939s
  1605  1481 infeasible  183       204.20000  191.20000  6.37%  69.6  945s
  1677  1482  191.30000   90 3534  204.20000  191.20000  6.37%  73.2 1075s
  1679  1483  191.30000  258 4856  204.20000  191.20636  6.36%  73.1 1148s
  1680  1484  191.30000   18 2382  204.20000  191.30000  6.32%  73.1 1192s
  1681  1485  191.30000   35 1746  204.20000  191.30000  6.32%  73.0 1222s
  1682  1485  191.30000   40  389  204.20000  191.30000  6.32%  73.0 1250s
  1683  1486  191.30000   25  885  204.20000  191.30000  6.32%  72.9 1257s
  1684  1487  191.30000   61  359  204.20000  191.30000  6.32%  72.9 1267s
  1685  1487  191.30000  139  561  204.20000  191.30000  6.32%  72.8 1294s
  1686  1488  191.30000  179  858  204.20000  191.30000  6.32%  72.8 1314s
  1687  1489  191.30000  150  351  204.20000  191.30000  6.32%  72.8 1333s
  1688  1489  191.30000  397  564  204.20000  191.30000  6.32%  72.7 1335s
  1689  1490  191.30000   30  859  204.20000  191.30000  6.32%  72.7 1348s
  1690  1491  191.30000  416  355  204.20000  191.30000  6.32%  72.6 1351s
  1691  1491  191.30000  402  228  204.20000  191.30000  6.32%  72.6 1357s
  1692  1492  191.30000  111  290  204.20000  191.30000  6.32%  72.5 1361s
  1695  1495  191.30000  193 3534  204.20000  191.30000  6.32%   196 1368s
  1697  1496  191.30000  131 3235  204.20000  191.30000  6.32%   196 1423s
  1698  1497  191.30000  164 1101  204.20000  191.30000  6.32%   196 1453s
  1699  1498  191.30000   80 1157  204.20000  191.30000  6.32%   196 1505s
  1700  1498  191.30000   98  541  204.20000  191.30000  6.32%   196 1537s
  1701  1499  191.30000  157  982  204.20000  191.30000  6.32%   195 1547s
  1702  1500  191.30000   81 1312  204.20000  191.30000  6.32%   195 1563s
  1703  1500  191.30000  447 1308  204.20000  191.30000  6.32%   195 1582s
  1704  1501  191.30000   40 1306  204.20000  191.30000  6.32%   195 1595s
  1705  1502  191.30000   12 1409  204.20000  191.30000  6.32%   195 1610s
  1706  1502  191.30000  103 1407  204.20000  191.30000  6.32%   195 1617s
  1707  1503  191.30000  293 1107  204.20000  191.30000  6.32%   195 1660s
  1708  1504  191.30000  123 1050  204.20000  191.30000  6.32%   195 1668s
  1709  1504  191.30000   53 1160  204.20000  191.30000  6.32%   194 1670s
  1710  1505  191.30000  606 1066  204.20000  191.30000  6.32%   194 1701s
  1712  1506  198.60000   31 1108  204.20000  191.30000  6.32%   194 1714s
  1713  1507  191.30000  347 1108  204.20000  191.30000  6.32%   194 1717s
  1714  1508  191.30000  352 1025  204.20000  191.30000  6.32%   194 1750s
  1715  1508  191.30000  608 1025  204.20000  191.30000  6.32%   194 1797s
  1716  1509  191.30000    6 1025  204.20000  191.30000  6.32%   194 1803s
  1717  1513  191.30000   27  735  204.20000  191.30000  6.32%   362 1847s
  1719  1514  191.30000   28  716  204.20000  191.30000  6.32%   362 1858s
  1723  1516  191.30000   29  771  204.20000  191.30000  6.32%   362 1871s
  1727  1520  191.30000   30  765  204.20000  191.30000  6.32%   362 1879s
  1748  1517  191.30000   33  623  204.20000  191.30000  6.32%   360 1883s
  1770  1510  191.30000   35  552  204.20000  191.30000  6.32%   359 1887s
  1790  1507  191.30000   36  552  204.20000  191.30000  6.32%   356 1892s
  1824  1497     cutoff   42       204.20000  191.30000  6.32%   350 1896s
  1839  1493     cutoff   44       204.20000  191.30000  6.32%   349 1901s
  1846  1492     cutoff   45       204.20000  191.30000  6.32%   348 1909s
  1857  1495     cutoff   46       204.20000  191.30000  6.32%   347 1918s
  1874  1499     cutoff   47       204.20000  191.30000  6.32%   345 1957s
  1904  1508     cutoff   48       204.20000  191.30000  6.32%   344 1976s
  1941  1504     cutoff   49       204.20000  191.30000  6.32%   341 1983s
  1966  1504     cutoff   50       204.20000  191.30000  6.32%   340 2002s
  1988  1515     cutoff   55       204.20000  191.30000  6.32%   338 2013s
  2049  1502     cutoff   64       204.20000  191.30000  6.32%   334 2054s
  2127  1550  191.30000   87  550  204.20000  191.30000  6.32%   330 2064s
  2287  1511     cutoff  109       204.20000  191.30000  6.32%   317 2072s
  2427  1469  195.42419  132 1500  204.20000  191.30000  6.32%   307 2091s
  2433  1475  191.30000  132  506  204.20000  191.30000  6.32%   307 2105s
  2444  1479  191.30000  135  512  204.20000  191.30000  6.32%   309 2116s
  2460  1485  191.30000  135 1113  204.20000  191.30000  6.32%   311 2123s
  2477  1482  191.30000  137  693  204.20000  191.30000  6.32%   313 2134s
  2492  1480  191.30000  138  488  204.20000  191.30000  6.32%   316 2141s
  2503  1498  191.30000  140  520  204.20000  191.30000  6.32%   319 2155s
  2534  1511  191.30000  141  801  204.20000  191.30000  6.32%   321 2165s
  2558  1519 infeasible  143       204.20000  191.30000  6.32%   321 2177s
  2578  1594  191.30000  144  378  204.20000  191.30000  6.32%   323 2191s
  2690  1560  192.64373  160  350  204.20000  191.30000  6.32%   320 2219s
  2700  1580  192.64235  162  357  204.20000  191.30000  6.32%   321 2236s
  3038  1518 infeasible  227       204.20000  191.30000  6.32%   293 2253s
  3448  1379 infeasible  283       204.20000  191.30000  6.32%   262 2271s
  3469  1374  191.30000  284  427  204.20000  191.30000  6.32%   263 2284s
  3479  1445 infeasible  284       204.20000  191.30000  6.32%   264 2303s
  3781  1347  191.30000  351  713  204.20000  191.30000  6.32%   248 2320s
  3799  1339 infeasible  355       204.20000  191.30000  6.32%   248 2357s
  3809  1370     cutoff  356       204.20000  191.30000  6.32%   249 2387s
  3896  1487  191.30000  358  745  204.20000  191.30000  6.32%   245 2412s
  4098  1524 infeasible  358       204.20000  191.30000  6.32%   233 2438s
  4204  1908     cutoff  359       204.20000  191.30000  6.32%   228 2464s
  4722  1747  192.63407  360  534  204.20000  191.30000  6.32%   206 2489s
  4736  1950  191.30000  361  793  204.20000  191.30000  6.32%   206 2512s
  4946  1919 infeasible  361       204.20000  191.30000  6.32%   198 2525s
  5156  2529  191.30000  363  628  204.20000  191.30000  6.32%   196 2556s
  6166  2232 infeasible  501       204.20000  191.30000  6.32%   168 2567s
  6357  2421  191.30000  502  213  204.20000  191.30000  6.32%   165 2585s
  6973  2575  191.30000  269  987  204.20000  191.30000  6.32%   154 2603s
  7455  2733  191.30000  453  873  204.20000  191.30000  6.32%   146 2621s
  7799  2994  191.30000  635  170  204.20000  191.30000  6.32%   143 2642s
  8336  3252  191.30000  818  331  204.20000  191.30000  6.32%   136 2665s
  9469  3254  192.10193  957  308  204.20000  191.30000  6.32%   123 2677s
  9475  3246 infeasible  958       204.20000  191.30000  6.32%   123 2688s
  9491  3190 infeasible  957       204.20000  191.30000  6.32%   123 2703s
  9557  3145  194.18426  888   61  204.20000  191.30000  6.32%   123 2717s
  9611  3200  194.56803  889   59  204.20000  191.30000  6.32%   124 2729s
  9668  3240 infeasible  890       204.20000  191.30000  6.32%   123 2742s
  9816  3245  194.09208  886  101  204.20000  191.30000  6.32%   122 2759s
  9979  3794 infeasible  227       204.20000  191.30000  6.32%   122 2789s
 10883  3775  191.30000  324  409  204.20000  191.30000  6.32%   115 3051s
 11448  3685  191.30000  586  892  204.20000  191.30000  6.32%   113 3062s
 11662  3459  191.30000  608  578  204.20000  191.30000  6.32%   113 3076s
 11960  3239  191.30000  298  271  204.20000  191.30000  6.32%   114 3094s
 12297  3022 infeasible  248       204.20000  191.30000  6.32%   116 3110s
 12569  3445  191.30000   93   81  204.20000  191.30000  6.32%   117 3165s
 13104  3354  191.30000  312  174  204.20000  191.30000  6.32%   115 3202s
 13205  3362  191.30000  313  177  204.20000  191.30000  6.32%   115 3230s
 13219  3420  191.30000  314  183  204.20000  191.30000  6.32%   115 3263s
 13287  3446 infeasible  316       204.20000  191.30000  6.32%   115 3307s
 13338  3446 infeasible  461       204.20000  191.30000  6.32%   116 3342s
 13458  3518  191.30000   93  135  204.20000  191.30000  6.32%   117 3395s
 13534  3677  191.30000  108  164  204.20000  191.30000  6.32%   117 3446s
 13741  3766  191.30000  149  132  204.20000  191.30000  6.32%   116 3487s
 13969  3993  192.50000  160   85  204.20000  191.30000  6.32%   116 3532s
 14746  3975 infeasible  154       204.20000  191.30000  6.32%   116 3568s
 14793  3976 infeasible  321       204.20000  191.30000  6.32%   117 3621s
 14930  4554  191.61740  258  209  204.20000  191.30000  6.32%   118 3651s
 16178  5033 infeasible  435       204.20000  191.30000  6.32%   111 3681s
 17419  5368 infeasible  427       204.20000  191.30000  6.32%   108 3710s
 18381  5303 infeasible  360       204.20000  191.30000  6.32%   105 3732s
 18490  5488  191.30000  213  121  204.20000  191.30000  6.32%   105 3756s
 19623  5632 infeasible  219       204.20000  191.30000  6.32%   102 3780s
 20614  5420 infeasible  345       204.20000  191.30000  6.32%   100 3798s
 20854  5335 infeasible  146       204.20000  191.30000  6.32%   100 3823s
 21077  5615 infeasible  213       204.20000  191.30000  6.32%   101 3845s
 22090  5616  191.30000  244 3534  204.20000  191.30000  6.32%  98.9 4130s
 22092  5617  191.30000  384  936  204.20000  191.30000  6.32%  98.9 4137s
 22093  5618  199.40000  347  528  204.20000  191.30000  6.32%  98.9 4142s
 22095  5619  203.30000  707  571  204.20000  191.30000  6.32%  98.9 4150s
 22097  5621  192.50000  338  465  204.20000  191.30000  6.32%  98.9 4160s
 22098  5621  203.30000  150  802  204.20000  191.30000  6.32%  98.9 4165s
 22100  5623  191.30000  206 1042  204.20000  191.30000  6.32%  98.8 4172s
 22101  5623  191.30000  337  583  204.20000  191.30000  6.32%  98.8 4177s
 22102  5624  192.50000  354  774  204.20000  191.30000  6.32%  98.8 4181s
 22103  5625  191.30000  475  384  204.20000  191.30000  6.32%  98.8 4190s
 22105  5626  199.40000  357  743  204.20000  191.30000  6.32%  98.8 4199s
 22106  5627  191.30000  254  854  204.20000  191.30000  6.32%  98.8 4204s
 22107  5627  203.30000  222  703  204.20000  191.30000  6.32%  98.8 4209s
 22108  5628  191.34821  371  682  204.20000  191.34821  6.29%  98.8 4222s
 22109  5629  193.90857  499  974  204.20000  191.90083  6.02%  98.8 4227s
 22111  5630  192.06923  774  895  204.20000  192.06923  5.94%  98.8 4235s
 22113  5631  203.30000  864  832  204.20000  192.39351  5.78%  98.8 4242s
 22115  5633  192.68821  379 1020  204.20000  192.68821  5.64%  98.8 4250s
 22117  5634  195.76127  991  948  204.20000  192.84515  5.56%  98.8 4260s
 22119  5635  193.08676   97  840  204.20000  193.08676  5.44%  98.8 4267s
 22120  5636  193.09601  775 1253  204.20000  193.09601  5.44%  98.8 4270s
 22121  5637  203.30000  863  796  204.20000  193.17485  5.40%  98.8 4275s
 22123  5638  203.30000  266  748  204.20000  193.65155  5.17%  98.7 4286s
 22125  5639  193.94956  465  835  204.20000  193.94956  5.02%  98.7 4294s
 22126  5640  203.30000  697  935  204.20000  193.94956  5.02%  98.7 4296s
 22127  5641  193.94956  233 1050  204.20000  193.94956  5.02%  98.7 4306s
 22129  5642  197.21490   90 1363  204.20000  197.21490  3.42%  98.7 4312s
 22131  5643  198.63597  202 1226  204.20000  198.63597  2.72%  98.7 4316s
 22133  5645  198.63597  742 1143  204.20000  198.63597  2.72%  98.7 4321s
 22135  5646  199.01821  283  866  204.20000  199.01821  2.54%  98.7 4327s
 22137  5647  199.79653  146  967  204.20000  199.79653  2.16%  98.7 4330s
 22139  5649  202.24569   86 1098  204.20000  202.24569  0.96%  98.7 4336s
 22141  5650  203.30000  644 1128  204.20000  203.30000  0.44%  98.7 4342s
 22143  5651  203.30000  310  718  204.20000  203.30000  0.44%  98.7 4346s
 22145  5653  203.30000  310 1133  204.20000  203.30000  0.44%  98.6 4354s
 22146  5653  203.30000  621 1475  204.20000  203.30000  0.44%  98.6 4355s
 22148  5655  203.30000  499 1019  204.20000  203.30000  0.44%  98.6 4360s
 22150  5656  203.30000  189  865  204.20000  203.30000  0.44%  98.6 4365s
 22152  5657  203.30000  263  796  204.20000  203.30000  0.44%  98.6 4370s
 22154  5659  203.30000  755 1038  204.20000  203.30000  0.44%  98.6 4375s
 22156  5660  203.30000  414  841  204.20000  203.30000  0.44%  98.6 4380s
 22157  5661  203.30000  450  912  204.20000  203.30000  0.44%  98.6 4385s
 22159  5662  203.30000   99 1012  204.20000  203.30000  0.44%  98.6 4390s
 22161  5663  203.30000  123  862  204.20000  203.30000  0.44%  98.6 4395s
 22163  5665  203.30000  393  839  204.20000  203.30000  0.44%  98.6 4400s
 22165  5666  203.30000   92  910  204.20000  203.30000  0.44%  98.6 4406s
 22167  5667  203.30000  445 1346  204.20000  203.30000  0.44%  98.5 4411s
 22169  5669  203.30000  191 1415  204.20000  203.30000  0.44%  98.5 4418s
 22171  5670  203.30000  343 1468  204.20000  203.30000  0.44%  98.5 4423s
 22174  5673  203.30000  473 3534  204.20000  203.30000  0.44%   115 4431s
 22176  5674  203.30000  294  587  204.20000  203.30000  0.44%   115 4441s
 22177  5675  203.30000  128  564  204.20000  203.30000  0.44%   115 4448s
 22178  5676  203.30000  315  988  204.20000  203.30000  0.44%   115 4455s
 22179  5676  203.30000  137  663  204.20000  203.30000  0.44%   115 4462s
 22180  5677  203.30000  244  873  204.20000  203.30000  0.44%   115 4466s
 22181  5678  203.30000  428  394  204.20000  203.30000  0.44%   115 4473s
 22182  5678  203.30000  977  844  204.20000  203.30000  0.44%   115 4476s
 22183  5679  203.30000  619  478  204.20000  203.30000  0.44%   115 4481s
 22184  5680  203.30000  228 1129  204.20000  203.30000  0.44%   115 4497s
 22185  5680  203.30000   45  710  204.20000  203.30000  0.44%   115 4505s
 22187  5682  203.30000  206  511  204.20000  203.30000  0.44%   115 4513s
 22188  5682  203.30000  286 1034  204.20000  203.30000  0.44%   115 4516s
 22189  5683  203.30000  371  835  204.20000  203.30000  0.44%   115 4521s
 22191  5684  203.30000  461  837  204.20000  203.30000  0.44%   115 4527s
 22192  5685  203.30000  384 1045  204.20000  203.30000  0.44%   115 4532s
 22193  5686  203.30000  347  947  204.20000  203.30000  0.44%   115 4536s
 22195  5687  203.30000  707  822  204.20000  203.30000  0.44%   115 4541s
 22197  5688  203.30000  338  898  204.20000  203.30000  0.44%   115 4545s
 22199  5690  203.30000  237 1124  204.20000  203.30000  0.44%   115 4554s
 22200  5690  203.30000  206 1129  204.20000  203.30000  0.44%   115 4556s
 22201  5691  203.30000  337  694  204.20000  203.30000  0.44%   115 4560s
 22203  5692  203.30000  475  839  204.20000  203.30000  0.44%   115 4565s
 22205  5694  203.30000  357 1146  204.20000  203.30000  0.44%   115 4572s
 22206  5694  203.30000  254 1391  204.20000  203.30000  0.44%   115 4575s
 22207  5695  203.30000  222  881  204.20000  203.30000  0.44%   115 4581s
 22208  5696  203.30000  371 1027  204.20000  203.30000  0.44%   115 4585s
 22210  5697  203.30000   89 1098  204.20000  203.30000  0.44%   115 4590s
 22212  5698  203.30000  801  860  204.20000  203.30000  0.44%   115 4596s
 22214  5700  203.30000  728  915  204.20000  203.30000  0.44%   115 4602s
 22216  5701  203.30000  341  816  204.20000  203.30000  0.44%   115 4607s
 22218  5702  203.30000  269  635  204.20000  203.30000  0.44%   115 4613s
 22220  5704  203.30000  775  656  204.20000  203.30000  0.44%   115 4616s
 22222  5705  203.30000  928  918  204.20000  203.30000  0.44%   115 4621s
 22225  5707  203.30000  465  701  204.20000  203.30000  0.44%   115 4630s
 22227  5709  203.30000   49 1090  204.20000  203.30000  0.44%   126 4641s
 22229  5711  203.30000   50  980  204.20000  203.30000  0.44%   126 4645s
 22235  5710  203.30000   52 1091  204.20000  203.30000  0.44%   127 4652s
 22250  5708  203.30000   55  876  204.20000  203.30000  0.44%   128 4655s
 22262  5709  203.30000   57  614  204.20000  203.30000  0.44%   128 4661s
 22282  5703  203.30000   60  999  204.20000  203.30000  0.44%   129 4665s
 22297  5706  203.30000   62  982  204.20000  203.30000  0.44%   129 4672s
 22316  5708  203.30000   65 1123  204.20000  203.30000  0.44%   130 4676s
 22329  5717  203.30000   67  888  204.20000  203.30000  0.44%   130 4681s
 22343  5724  203.30000   69  882  204.20000  203.30000  0.44%   131 4685s
 22372  5730  203.30000   70  608  204.20000  203.30000  0.44%   131 4692s
 22387  5727     cutoff   72       204.20000  203.30000  0.44%   131 4696s
 22416  5724 infeasible   79       204.20000  203.30000  0.44%   132 4707s
 22434  5728  203.30000   65  581  204.20000  203.30000  0.44%   133 4712s
 22443  5732 infeasible   66       204.20000  203.30000  0.44%   133 4715s
 22470  5731  203.30000   81  508  204.20000  203.30000  0.44%   134 4721s
 22479  5728  203.90274   83  321  204.20000  203.30000  0.44%   134 4726s
 22486  5733 infeasible   84       204.20000  203.30000  0.44%   135 4732s
 22497  5735 infeasible   83       204.20000  203.30000  0.44%   135 4736s
 22509  5739  203.30000   63  701  204.20000  203.30000  0.44%   135 4743s
 22527  5750  203.30000   68  915  204.20000  203.30000  0.44%   136 4749s
 22552  5743  203.30000   75 1021  204.20000  203.30000  0.44%   136 4754s
 22563  5738  203.30000   77  440  204.20000  203.30000  0.44%   137 4762s
 22576  5744  203.30000   79  233  204.20000  203.30000  0.44%   138 4765s
 22601  5741  203.30000   85   38  204.20000  203.30000  0.44%   138 4770s
 22637  5745  203.30000   69  997  204.20000  203.30000  0.44%   138 4775s
 22670  5744  203.90504   73  802  204.20000  203.30000  0.44%   139 4780s
 22701  5741 infeasible   82       204.20000  203.30000  0.44%   139 4785s
 22724  5731 infeasible   69       204.20000  203.30000  0.44%   140 4790s
 22747  5724     cutoff   75       204.20000  203.30000  0.44%   140 4798s
 22766  5722  203.30000   75  476  204.20000  203.30000  0.44%   142 4804s
 22784  5724     cutoff   74       204.20000  203.30000  0.44%   143 4808s
 22816  5717  203.30000   84  601  204.20000  203.30000  0.44%   143 4812s
 22852  5711 infeasible   74       204.20000  203.30000  0.44%   144 4820s
 22879  5693  203.52560   79  707  204.20000  203.30000  0.44%   145 4826s
 22909  5688  203.30000   76  916  204.20000  203.30000  0.44%   146 4837s
 22940  5679  203.30000   81  405  204.20000  203.30000  0.44%   147 4845s
 22947  5679  203.30000   82  392  204.20000  203.30000  0.44%   147 4853s
 22956  5686  203.30000   84  533  204.20000  203.30000  0.44%   147 4865s
 22977  5683  203.30000   89  502  204.20000  203.30000  0.44%   147 4880s
 23017  5674  203.30000   96  432  204.20000  203.30000  0.44%   148 4889s
 23061  5674  203.30000   98  495  204.20000  203.30000  0.44%   149 4902s
 23106  5663  203.30000  100  354  204.20000  203.30000  0.44%   149 4913s
 23138  5665 infeasible   85       204.20000  203.30000  0.44%   150 4924s
 23193  5639  203.30000   81  183  204.20000  203.30000  0.44%   151 4934s
 23249  5614 infeasible   78       204.20000  203.30000  0.44%   152 4950s
 23298  5594 infeasible   73       204.20000  203.30000  0.44%   153 4961s
 23323  5578  203.30000   91  600  204.20000  203.30000  0.44%   155 4975s
 23363  5575 infeasible   95       204.20000  203.30000  0.44%   156 4986s
 23397  5599 infeasible   79       204.20000  203.30000  0.44%   157 5033s
 23549  5551 infeasible  102       204.20000  203.30000  0.44%   163 5086s
 23783  5461  203.30000  108  203  204.20000  203.30000  0.44%   172 5149s
 24010  5336  203.30000  102  408  204.20000  203.30000  0.44%   177 5204s
 24573  5121     cutoff   77       204.20000  203.30000  0.44%   183 5246s
 24750  5063  203.30000   84  308  204.20000  203.30000  0.44%   187 5280s
 24943  5018 infeasible   94       204.20000  203.30000  0.44%   191 5311s
 25367  4867  203.30000  100  207  204.20000  203.30000  0.44%   195 5349s
 25507  4816  203.30000   80  566  204.20000  203.30000  0.44%   199 5388s
 25780  4703  203.30000   90  202  204.20000  203.30000  0.44%   202 5420s
 25927  4638  203.30000   94  610  204.20000  203.30000  0.44%   205 5447s
 26153  4584  203.30000   92  242  204.20000  203.30000  0.44%   208 5473s
 26310  4511     cutoff  103       204.20000  203.30000  0.44%   210 5506s
 26476  4455  203.30000   93  311  204.20000  203.30000  0.44%   213 5539s
 26779  4333 infeasible   88       204.20000  203.30000  0.44%   215 5566s
 26921  4293 infeasible   76       204.20000  203.30000  0.44%   217 5595s
 27071  4239  203.30000  110  165  204.20000  203.30000  0.44%   219 5628s
 27748  3983     cutoff   84       204.20000  203.30000  0.44%   218 5665s
 27875  3929 infeasible  100       204.20000  203.30000  0.44%   220 5702s
 27939  3867 infeasible   85       204.20000  203.30000  0.44%   221 5735s
 28062  3785  203.30000   90  303  204.20000  203.30000  0.44%   223 5766s
 28208  3714 infeasible   99       204.20000  203.30000  0.44%   224 5775s

Cutting planes:
  Learned: 1
  Gomory: 9
  Cover: 19
  Implied bound: 22
  Projected implied bound: 3
  Clique: 211
  MIR: 23
  StrongCG: 5
  Flow cover: 45
  GUB cover: 26
  Zero half: 3
  Network: 1
  RLT: 31
  Relax-and-lift: 11
  BQP: 3

Explored 28263 nodes (6675707 simplex iterations) in 5776.64 seconds (5559.65 work units)
Thread count was 4 (of 8 available processors)

Solution count 4: 204.2 220.3 221.4 223.3 

Optimal solution found (tolerance 1.00e-04)
Best objective 2.042000000000e+02, best bound 2.042000000000e+02, gap 0.0000%
