
Gurobi 13.0.2 (linux64) logging started Tue Jun 30 15:44:45 2026

Set parameter LogFile to value "src/Resultados/Restriccion todas cliques/logs/C106-25.xml_log.log"
Set parameter Threads to value 4
Gurobi Optimizer version 13.0.2 build v13.0.2rc1 (linux64 - "Rocky Linux 9.7 (Blue Onyx)")

CPU model: QEMU Virtual CPU version 2.5+, instruction set [SSE2]
Thread count: 8 physical cores, 8 logical processors, using up to 4 threads

Non-default parameters:
TimeLimit  7200
Threads  4

Optimize a model with 127052 rows, 76005 columns and 520560 nonzeros (Min)
Model fingerprint: 0xecf265a0
Model has 8190 linear objective coefficients
Variable types: 16815 continuous, 59190 integer (59175 binary)
Coefficient statistics:
  Matrix range     [1e+00, 4e+04]
  Objective range  [1e+00, 6e+01]
  Bounds range     [1e+00, 2e+03]
  RHS range        [1e+00, 4e+04]

Presolve removed 40179 rows and 120 columns
Presolve time: 3.70s
Presolved: 86873 rows, 75885 columns, 384450 nonzeros
Variable types: 30 continuous, 75855 integer (65340 binary)
Deterministic concurrent LP optimizer: primal and dual simplex
Showing primal log only...


Root simplex log...

Iteration    Objective       Primal Inf.    Dual Inf.      Time
       0    1.1143000e+03   2.689125e+03   2.036895e+10     11s
   22413    3.9042496e+02   1.068686e+02   1.808168e+09     15s
   29095    3.4823646e+02   3.455292e+01   3.599960e+09     20s
   35108    3.3726901e+02   8.431324e+00   2.991373e+09     25s
   38748    3.3366577e+02   1.496366e+00   3.800179e+07     30s
   42756    2.9973411e+02   2.027449e-02   3.637278e+07     35s
   48601    1.9127876e+02   0.000000e+00   2.391773e+01     40s
   49710    1.9130000e+02   0.000000e+00   0.000000e+00     43s
Concurrent spin time: 9.41s (can be avoided by choosing Method=3)

Solved with primal simplex

Root relaxation: objective 1.913000e+02, 49710 iterations, 44.93 seconds (24.06 work units)

    Nodes    |    Current Node    |     Objective Bounds      |     Work
 Expl Unexpl |  Obj  Depth IntInf | Incumbent    BestBd   Gap | It/Node Time

     0     0  191.30000    0 3019          -  191.30000      -     -   69s
     0     0  191.30000    0 2410          -  191.30000      -     -  127s
     0     0  191.30000    0 2399          -  191.30000      -     -  130s
     0     0  191.30000    0 3979          -  191.30000      -     -  147s
     0     0  191.30000    0 1499          -  191.30000      -     -  157s
H    0     0                     273.9000000  191.30000  30.2%     -  187s
     0     0  191.30000    0 4058  273.90000  191.30000  30.2%     -  251s
     0     0  191.30000    0 1063  273.90000  191.30000  30.2%     -  276s
     0     0  191.30000    0 1106  273.90000  191.30000  30.2%     -  278s
     0     0  191.30000    0  883  273.90000  191.30000  30.2%     -  281s
     0     0  191.30000    0  883  273.90000  191.30000  30.2%     -  292s
     0     0  191.30000    0 4600  273.90000  191.30000  30.2%     -  307s
     0     0  191.30000    0 2686  273.90000  191.30000  30.2%     -  329s
     0     0  191.30000    0 2427  273.90000  191.30000  30.2%     -  332s
     0     0  191.30000    0 3179  273.90000  191.30000  30.2%     -  357s
     0     0  191.30000    0 3179  273.90000  191.30000  30.2%     -  431s
     0     0  191.30000    0 3157  273.90000  191.30000  30.2%     -  434s
     0     0  191.30000    0 2528  273.90000  191.30000  30.2%     -  437s
     0     0  191.30000    0 1174  273.90000  191.30000  30.2%     -  452s
     0     0  191.30000    0 1172  273.90000  191.30000  30.2%     -  458s
     0     0  191.30000    0 6114  273.90000  191.30000  30.2%     -  498s
     0     0  191.30000    0  945  273.90000  191.30000  30.2%     -  526s
     0     0  191.30000    0  945  273.90000  191.30000  30.2%     -  527s
     0     0  191.30000    0  627  273.90000  191.30000  30.2%     -  529s
     0     2  191.30000    0  627  273.90000  191.30000  30.2%     -  553s
     1     4  191.30000    1  610  273.90000  191.30000  30.2%  32.0  580s
     3     8  191.30000    2  609  273.90000  191.30000  30.2%  5758  608s
     7    12  191.30000    3  609  273.90000  191.30000  30.2%  6125  612s
    11    28  191.30000    4  613  273.90000  191.30000  30.2%  4454  616s
    27    34  191.30000    9  699  273.90000  191.30000  30.2%  1901  629s
    33    65  191.30000   13  694  273.90000  191.30000  30.2%  1556  633s
    64   126  191.30000   23  692  273.90000  191.30000  30.2%   854  637s
   125   265  191.30000   43  771  273.90000  191.30000  30.2%   456  643s
   264   269  191.30000   84  642  273.90000  191.30000  30.2%   217  648s
   268   273  191.30000   85  547  273.90000  191.30000  30.2%   214  653s
   272   277  191.30000   86  544  273.90000  191.30000  30.2%   211  657s
H  276   281                     270.8000000  191.30000  29.4%   208  662s
   280   335  191.30000   88  538  270.80000  191.30000  29.4%   205  668s
   334   456  191.30000   91  529  270.80000  191.30000  29.4%   172  683s
   457   555  191.30000  126 2318  270.80000  191.30000  29.4%   155  700s
   556   645  191.30000  126 2679  270.80000  191.30000  29.4%   181  718s
   646   711  191.30000  127 1604  270.80000  191.30000  29.4%   202  732s
   712   842  191.30000  130 1921  270.80000  191.30000  29.4%   223  747s
   843   983  191.30000  147  743  270.80000  191.30000  29.4%   213  762s
   984  1119  191.30000  236  958  270.80000  191.30000  29.4%   202  774s
  1120  1342  191.30000  297  394  270.80000  191.30000  29.4%   198  793s
  1354  1499  191.30000  384  797  270.80000  191.30000  29.4%   186  815s
  1518  1732  191.30000  386  464  270.80000  191.30000  29.4%   187  838s
  1751  1930  191.30000  494  547  270.80000  191.30000  29.4%   176  868s
  1957  1988  221.40000  564 1216  270.80000  191.30000  29.4%   177  891s
H 2016  2332                     221.4000000  191.30000  13.6%   180  925s
  2482  2462     cutoff  650       221.40000  191.30000  13.6%   158  950s
  2944  2445  218.48000  425 2489  221.40000  191.30000  13.6%   159  970s
  3002  2446  211.50000  427  627  221.40000  191.30000  13.6%   180 1103s
  3004  2447  211.50000  376 1228  221.40000  191.30000  13.6%   180 1153s
  3005  2448  211.50000   21  825  221.40000  191.30000  13.6%   180 1181s
  3006  2449  211.50000    7 1155  221.40000  191.30000  13.6%   180 1211s
  3007  2449  211.50000   78  480  221.40000  191.30000  13.6%   180 1233s
  3008  2450  191.30000  353  873  221.40000  191.30000  13.6%   180 1256s
  3011  2453  211.50000  338  627  221.40000  191.30000  13.6%   207 1306s
  3013  2454  191.30000  417  737  221.40000  191.30000  13.6%   207 1340s
  3014  2455  192.20820  261  195  221.40000  191.30000  13.6%   207 1356s
  3015  2456  211.50000  116  334  221.40000  191.30000  13.6%   207 1370s
  3016  2456  191.30000  386 1282  221.40000  191.30000  13.6%   206 1394s
  3017  2457  211.50000  764  687  221.40000  191.30000  13.6%   206 1424s
  3018  2458  211.50000   94  164  221.40000  191.30000  13.6%   206 1455s
  3019  2458  211.50000  136  309  221.40000  191.30000  13.6%   206 1473s
  3020  2459  211.50000  681  154  221.40000  191.30000  13.6%   206 1495s
  3021  2460  191.79949  400  942  221.40000  191.30000  13.6%   206 1510s
  3022  2460  191.30000  311  238  221.40000  191.30000  13.6%   206 1525s
  3023  2461  191.88764  355  798  221.40000  191.30000  13.6%   206 1535s
  3024  2462  211.50000  688  508  221.40000  191.30000  13.6%   206 1553s
  3025  2462  211.50000    9 1263  221.40000  191.30000  13.6%   206 1562s
  3026  2463  211.50000   40  560  221.40000  191.30000  13.6%   206 1590s
  3027  2464  211.50000  570  560  221.40000  191.30000  13.6%   206 1621s
  3028  2464  211.50000  774  560  221.40000  191.30000  13.6%   206 1653s
  3029  2468  191.30000   25  544  221.40000  191.30000  13.6%   267 1668s
  3031  2470  191.30000   26  540  221.40000  191.30000  13.6%   268 1856s
  3035  2473  191.30000   27  538  221.40000  191.30000  13.6%   297 1896s
  3039  2480  191.30000   28 1364  221.40000  191.30000  13.6%   298 1923s
  3050  2481  191.30000   29 1362  221.40000  191.30000  13.6%   300 2075s
  3060  2485  191.30000   29 1141  221.40000  191.30000  13.6%   322 2126s
  3071  2488  191.30000   30 1362  221.40000  191.30000  13.6%   326 2249s
  3081  2489  191.30000   30 2409  221.40000  191.30000  13.6%   331 2327s
  3089  2485  191.30000   31 1360  221.40000  191.30000  13.6%   334 2503s
  3098  2488  191.30000   31 1109  221.40000  191.30000  13.6%   344 2522s
  3104  2496  191.30000   32  554  221.40000  191.30000  13.6%   347 2534s
  3116  2498  191.30000   32 1129  221.40000  191.30000  13.6%   350 2581s
  3126  2517  191.30000   33  565  221.40000  191.30000  13.6%   357 2604s
  3166  2518  191.30000   38 1480  221.40000  191.30000  13.6%   359 2710s
  3201  2544  191.30000   43  401  221.40000  191.30000  13.6%   380 2774s
  3264  2558  211.30000   60  720  221.40000  191.30000  13.6%   394 2825s
  3349  2547  219.20000   87  853  221.40000  191.30000  13.6%   403 2874s
  3389  2549 infeasible   88       221.40000  191.30000  13.6%   411 2917s
  3428  2562  191.52565   36  347  221.40000  191.30000  13.6%   419 2960s
  3478  2553  211.50000   46 1373  221.40000  191.30000  13.6%   424 3005s
  3490  2562  211.50000   51  505  221.40000  191.30000  13.6%   425 3049s
  3529  2576  212.61394   64 1560  221.40000  191.30000  13.6%   428 3091s
  3607  2626     cutoff   60       221.40000  191.30000  13.6%   436 3251s
  3729  2701  191.58417   41  547  221.40000  191.30000  13.6%   452 3317s
  3866  2820  191.30000   94  582  221.40000  191.30000  13.6%   452 3401s
  4236  2703  211.30000  156 1106  221.40000  191.30000  13.6%   437 3488s
  4254  2714     cutoff  165       221.40000  191.30000  13.6%   443 3579s
  4376  2788  213.10000   62  530  221.40000  191.30000  13.6%   447 3656s
  4666  2698  215.90096   80  585  221.40000  191.30000  13.6%   439 3723s
  4727  2690  201.47660   80  566  221.40000  191.30000  13.6%   452 3820s
  4777  2804  213.40000   84  752  221.40000  191.30000  13.6%   463 3890s
  5069  2704  196.25006  124  514  221.40000  191.30000  13.6%   448 3963s
  5078  2734     cutoff  125       221.40000  191.30000  13.6%   450 4014s
  5127  2793 infeasible   40       221.40000  191.30000  13.6%   455 4114s
  5217  2948  213.10000   40 1354  221.40000  191.30000  13.6%   455 4211s
  5529  2877 infeasible   41       221.40000  191.30000  13.6%   444 4287s
  5622  2985  213.10000   94  717  221.40000  191.30000  13.6%   450 4402s
  5867  2912  213.10000   95  523  221.40000  191.30000  13.6%   435 4500s
  5918  2891 infeasible  114       221.40000  191.30000  13.6%   437 4601s
  6077  2851  213.10000  105  439  221.40000  191.30000  13.6%   442 4766s
  6195  2865  213.10000  116  399  221.40000  191.30000  13.6%   443 4835s
  7195  2749  213.27651  453  667  221.40000  191.30000  13.6%   386 4896s
  8121  2581  213.10000  207  669  221.40000  191.30000  13.6%   349 4947s
  8557  2530  214.00939  267  414  221.40000  191.30000  13.6%   341 4994s
  9100  2366  213.70018  363  416  221.40000  191.30000  13.6%   332 5041s
  9210  2447     cutoff  359       221.40000  191.30000  13.6%   334 5114s
  9660  2285  205.29773  337  577  221.40000  191.30000  13.6%   324 5165s
  9688  2285  206.12192  338 1652  221.40000  191.30000  13.6%   327 5406s
  9723  2289  206.48737  339 1425  221.40000  191.30000  13.6%   336 5465s
  9780  2276  215.58016  342  547  221.40000  191.30000  13.6%   339 5555s
  9791  2279  215.65791  343  462  221.40000  191.30000  13.6%   339 5609s
  9832  2264 infeasible  344       221.40000  191.30000  13.6%   340 5675s
  9882  2249  211.30000  342  451  221.40000  191.30000  13.6%   342 5731s
  9942  2286  211.30000  343  452  221.40000  191.30000  13.6%   345 5811s
 10107  2272     cutoff  149       221.40000  191.30000  13.6%   346 5891s
 10281  2266  214.33424   77  628  221.40000  191.30000  13.6%   349 6308s
 10513  2818  213.10000  115  721  221.40000  191.30000  13.6%   353 6388s
 11705  2905  221.10000  233  517  221.40000  191.30000  13.6%   325 6418s
 11951  2914  194.97692   54 1121  221.40000  191.30000  13.6%   322 6474s
 12021  2939  215.84697   59  537  221.40000  191.30000  13.6%   326 6512s
 12193  2942  213.10522  125 1114  221.40000  191.30000  13.6%   325 6552s
 12342  2942  191.50000   45  266  221.40000  191.30000  13.6%   324 6598s
 12381  2937  213.28507  369  543  221.40000  191.30000  13.6%   326 6637s
 12417  2929  213.10000  170  508  221.40000  191.30000  13.6%   330 6712s
 12516  2923  191.65311   31 2179  221.40000  191.30000  13.6%   332 6755s
 12558  2922  215.38373   39 1090  221.40000  191.30000  13.6%   335 6874s
 12618  2928  213.47321  123  440  221.40000  191.30000  13.6%   343 6933s
 12653  2936  211.50000   32  604  221.40000  191.30000  13.6%   347 7137s
 12665  2935  213.11766   41  793  221.40000  191.30000  13.6%   354 7200s

Cutting planes:
  Cover: 2258
  Implied bound: 29
  Projected implied bound: 14
  Clique: 839
  MIR: 88
  StrongCG: 16
  Flow cover: 150
  GUB cover: 184
  Inf proof: 2
  RLT: 10
  Relax-and-lift: 99
  BQP: 46

Explored 12682 nodes (4848218 simplex iterations) in 7200.87 seconds (7910.27 work units)
Thread count was 4 (of 8 available processors)

Solution count 3: 221.4 270.8 273.9 

Time limit reached
Best objective 2.214000000000e+02, best bound 1.913000000000e+02, gap 13.5953%
