
Gurobi 13.0.2 (linux64) logging started Tue Jun 30 21:30:32 2026

Set parameter LogFile to value "src/Resultados/Restriccion todas cliques/logs/C108-25.xml_log.log"
Set parameter Threads to value 4
Gurobi Optimizer version 13.0.2 build v13.0.2rc1 (linux64 - "Rocky Linux 9.7 (Blue Onyx)")

CPU model: QEMU Virtual CPU version 2.5+, instruction set [SSE2]
Thread count: 8 physical cores, 8 logical processors, using up to 4 threads

Non-default parameters:
TimeLimit  7200
Threads  4

Optimize a model with 135745 rows, 81855 columns and 559335 nonzeros (Min)
Model fingerprint: 0x7af6d0fe
Model has 10320 linear objective coefficients
Variable types: 17745 continuous, 64110 integer (64095 binary)
Coefficient statistics:
  Matrix range     [1e+00, 4e+04]
  Objective range  [1e+00, 6e+01]
  Bounds range     [1e+00, 2e+03]
  RHS range        [1e+00, 4e+04]

Presolve removed 42510 rows and 120 columns
Presolve time: 4.58s
Presolved: 93235 rows, 81735 columns, 424590 nonzeros
Variable types: 375 continuous, 81360 integer (71160 binary)
Deterministic concurrent LP optimizer: primal and dual simplex
Showing primal log only...


Root simplex log...

Iteration    Objective       Primal Inf.    Dual Inf.      Time
       0    1.3372000e+03   2.898006e+03   5.325626e+10     12s
   24783    4.0726792e+02   2.116923e+02   4.110945e+09     15s
   33626    2.9174189e+02   1.436284e+02   3.222083e+09     20s
   38927    2.8181711e+02   7.683373e+01   4.052958e+09     25s
   43213    2.7294595e+02   5.709213e+01   1.647719e+09     30s
   47058    2.7465451e+02   2.439383e+01   2.607247e+09     35s
   51037    2.9956480e+02   8.047644e+00   5.847867e+09     40s
   54497    2.0666477e+02   4.078607e-01   4.728075e+08     45s
   57957    1.5900155e+02   0.000000e+00   2.191461e+05     50s
   60552    1.3515701e+02   0.000000e+00   4.907087e+03     55s
   64296    1.2990000e+02   1.879614e+01   0.000000e+00     60s
   67677    1.2990000e+02   8.391383e-01   0.000000e+00     65s
   71335    1.2990001e+02   8.838626e-02   0.000000e+00     70s
   72337    1.2990000e+02   0.000000e+00   0.000000e+00     73s
Concurrent spin time: 10.82s (can be avoided by choosing Method=3)

Solved with primal simplex

Root relaxation: objective 1.299000e+02, 72337 iterations, 75.24 seconds (44.25 work units)

    Nodes    |    Current Node    |     Objective Bounds      |     Work
 Expl Unexpl |  Obj  Depth IntInf | Incumbent    BestBd   Gap | It/Node Time

     0     0  129.90000    0 7661          -  129.90000      -     -  105s
     0     0  129.90000    0 5942          -  129.90000      -     -  107s
     0     0  129.90000    0 6296          -  129.90000      -     -  137s
     0     0  129.90000    0 7001          -  129.90000      -     -  141s
     0     0  129.90000    0 7531          -  129.90000      -     -  158s
     0     0  129.90000    0 7531          -  129.90000      -     -  214s
     0     0  129.90000    0 6384          -  129.90000      -     -  217s
     0     0  129.90000    0 8061          -  129.90000      -     -  224s
     0     0  129.90000    0 4521          -  129.90000      -     -  260s
     0     0  129.90000    0 5495          -  129.90000      -     -  265s
     0     0  129.90000    0 8101          -  129.90000      -     -  282s
     0     0  129.90000    0 7843          -  129.90000      -     -  312s
     0     0  129.90000    0 10138          -  129.90000      -     -  319s
     0     0  129.90000    0 10538          -  129.90000      -     -  333s
     0     0  129.90000    0 7682          -  129.90000      -     -  361s
     0     0  129.90000    0 12445          -  129.90000      -     -  374s
     0     0  129.90000    0 8421          -  129.90000      -     -  389s
     0     0  129.90000    0 8649          -  129.90000      -     -  392s
     0     0  129.90000    0 7240          -  129.90000      -     -  407s
     0     2  131.30000    0 7238          -  131.30000      -     -  497s
     3     8  131.30000    2 7459          -  131.30000      -   640  502s
     7    12  131.50373    3 7336          -  131.30000      -   786  507s
    11    28  131.50373    4 7340          -  131.30000      -  1055  510s
    27    34  131.50651    9 6071          -  131.30000      -   591  515s
    39    45  131.80562   14 8896          -  131.30000      -   621  521s
    44    53  131.86532   16 8559          -  131.30000      -   669  528s
    52    59  131.95385   18 7445          -  131.30000      -   663  532s
    58    68  132.04218   20 11084          -  131.30000      -   744  536s
    67    77  132.11333   21 13322          -  131.30000      -   734  540s
    76    85  132.11333   22 11776          -  131.30000      -   678  551s
    84    96  132.12896   25 12751          -  131.30000      -   647  555s
    95   107  132.17759   28 10984          -  131.30000      -   617  562s
   106   122  132.17759   30 10984          -  131.30000      -   564  568s
   121   147  132.18385   35 9280          -  131.30000      -   528  572s
   146   164  132.27273   42 7700          -  131.30000      -   459  576s
   163   179  132.33205   50 9198          -  131.30000      -   439  580s
   200   220  132.88087   54 10753          -  131.30000      -   393  587s
   219   245  132.92095   56 9827          -  131.30000      -   383  592s
   244   266  132.92327   57 10212          -  131.30000      -   351  597s
   265   300  132.92628   61 10523          -  131.30000      -   338  600s
   340   385  132.95954   79 10686          -  131.30000      -   280  606s
   425   447  132.99536  110 11594          -  131.30000      -   235  612s
   446   464  133.15151  115 11522          -  131.30000      -   238  615s
   463   486  133.15764  118 11158          -  131.30000      -   238  631s
   485   506  133.16070  124 11511          -  131.30000      -   239  636s
   505   529  133.18092  128 11118          -  131.30000      -   238  640s
   528   565  133.22995  140 11130          -  131.30000      -   231  761s
   564   574  133.32880  161 11122          -  131.30000      -   219  844s
   573   582  133.34044  162 11507          -  131.30000      -   216  952s
   581   612  133.34999  163 11516          -  131.30000      -   223 1065s
   611   616  133.47162  187 11161          -  131.30000      -   219 1073s
   615   620  133.47162  188 11175          -  131.30000      -   219 1083s
   619   624  133.47479  189 11173          -  131.30000      -   219 1092s
   623   628  133.48208  190 11161          -  131.30000      -   218 1103s
   627   632  133.48748  191 11166          -  131.30000      -   220 1115s
   631   636  133.48844  192 11169          -  131.30000      -   223 1127s
   635   640  133.48880  193 11158          -  131.30000      -   224 1137s
   639   644  133.49222  194 11171          -  131.30000      -   224 1148s
   643   648  133.50167  195 11176          -  131.30000      -   223 1156s
   647   652  133.50167  196 11176          -  131.30000      -   223 1167s
   651   656  133.50324  197 11170          -  131.30000      -   223 1182s
   655   660  133.51520  198 11161          -  131.30000      -   222 1192s
   659   664  133.52529  199 11172          -  131.30000      -   222 1205s
   663   668  133.52844  200 11163          -  131.30000      -   222 1214s
   667   672  133.53316  201 11176          -  131.30000      -   223 1268s
   671   676  133.53474  202 11169          -  131.30000      -   224 1279s
   675   680  133.54734  203 11169          -  131.30000      -   225 1289s
   679   684  133.55442  204 11174          -  131.30000      -   227 1301s
   683   688  133.55836  205 11170          -  131.30000      -   229 1312s
   687   692  133.56466  206 11174          -  131.30000      -   229 1324s
   691   696  133.56466  207 11170          -  131.30000      -   231 1345s
   695   700  133.56466  208 11172          -  131.30000      -   230 1354s
   699   704  133.56466  209 11178          -  131.30000      -   232 1365s
   703   708  133.58671  210 11162          -  131.30000      -   233 1377s
   707   712  133.59144  211 11170          -  131.30000      -   235 1389s
   711   716  133.59301  212 11163          -  131.30000      -   236 1399s
   715   732  133.59773  213 11168          -  131.30000      -   237 1451s
   731   745  133.59773  214 11171          -  131.30000      -   235 1491s
   744   765  133.59773  215 11176          -  131.30000      -   239 1512s
   764   803  133.66025  224 11169          -  131.30000      -   251 1529s
   802   847  137.75055  248 9281          -  131.30000      -   259 1540s
   846   866  139.55010  274 8691          -  131.30000      -   260 1553s
   865   918  146.81985  282 7832          -  131.30000      -   265 1595s
H  916   918                     320.8000000  131.30000  59.1%   269 1595s
   917   948  148.05553  298 5526  320.80000  131.30000  59.1%   270 1609s
   950   979  148.61604  307 4961  320.80000  131.30000  59.1%   288 1626s
   981  1015  160.17350  311 8415  320.80000  131.30000  59.1%   308 1644s
  1017  1061  161.85550  314 9425  320.80000  131.30000  59.1%   320 1663s
  1063  1120  162.06537  326 10356  320.80000  131.30000  59.1%   336 1680s
  1122  1214  164.14785  339 10910  320.80000  131.30000  59.1%   344 1696s
  1218  1262  168.76605  356 13722  320.80000  131.30000  59.1%   339 1721s
  1267  1321  169.15000  370 14771  320.80000  131.30000  59.1%   352 1743s
  1326  1428  179.15300  390 13810  320.80000  131.30000  59.1%   357 1764s
  1433  1550  186.53219  419 16046  320.80000  131.30000  59.1%   353 1782s
  1557  1663  195.18064  429 15043  320.80000  131.30000  59.1%   346 1801s
  1670  1734  199.13514  468 15317  320.80000  131.30000  59.1%   340 1820s
  1741  1824  202.48182  501 12767  320.80000  131.30000  59.1%   341 1841s
  1831  1899  209.19334  529 11048  320.80000  131.30000  59.1%   344 1866s
  1914  1980  133.52651    9 7879  320.80000  131.30000  59.1%   351 1890s
  1995  2057  174.73257   33 13368  320.80000  131.30000  59.1%   354 1912s
  2074  2159  148.83852   68 15142  320.80000  131.30000  59.1%   359 1932s
  2176  2248  149.33729  106 13160  320.80000  131.30000  59.1%   362 1963s
  2265  2352  149.57540  128 17996  320.80000  131.30000  59.1%   368 1995s
  2369  2441  151.28296  180 14193  320.80000  131.30000  59.1%   369 2025s
  2458  2541  153.27339  207 16853  320.80000  131.30000  59.1%   377 2058s
  2558  2751  153.85063  245 16676  320.80000  131.30000  59.1%   380 2090s
  2768  3050  154.14209  266 15152  320.80000  131.30000  59.1%   365 2120s
  3067  3310  154.46666  297 16295  320.80000  131.30000  59.1%   340 2161s
  3335  3681  154.75786  328 15571  320.80000  131.30000  59.1%   322 2196s
  3708  4035  155.12928  366 19991  320.80000  131.30000  59.1%   297 2237s
  4066  4408  155.49449  399 19347  320.80000  131.30000  59.1%   279 2279s
  4444  4939  212.70497  439 12262  320.80000  131.30000  59.1%   261 2328s
  4983  4943  253.06697  606 12212  320.80000  131.30000  59.1%   237 2426s
  4987  4947  253.06697  607 9826  320.80000  131.30000  59.1%   237 2529s
H 4991  3924                     261.8000000  131.30000  49.8%   237 2624s
  4995  3999  253.07190  609 9826  261.80000  131.30000  49.8%   237 2659s
  5108  3999  135.35668    4 9876  261.80000  131.30000  49.8%   232 2660s
  5203  3994  254.92007 1108 7240  261.80000  131.50373  49.8%   236 2785s
  5205  3995  211.79147  446 2033  261.80000  131.50373  49.8%   236 2880s
H 5205  3795                     252.3000000  131.50373  47.9%   236 2885s
  5206  3796  175.90000  201 2242  252.30000  131.50373  47.9%   236 2893s
  5207  3797  214.24908  617 2268  252.30000  133.43273  47.1%   236 2897s
  5210  3799  174.40000  354 2266  252.30000  133.44478  47.1%   236 2943s
  5211  3799  171.70000  381 2266  252.30000  133.64531  47.0%   236 2949s
  5212  3803  133.64531   16 2258  252.30000  133.64531  47.0%   249 2975s
  5214  3806  133.70171   17 2075  252.30000  133.70171  47.0%   250 2988s
  5218  3809  133.73267   18 2233  252.30000  133.71302  47.0%   252 2992s
  5222  3821  133.88040   19 2213  252.30000  133.71302  47.0%   252 3004s
  5235  3826  134.02106   21 3524  252.30000  133.71302  47.0%   254 3014s
  5245  3834  134.11510   22 3526  252.30000  133.71302  47.0%   256 3022s
  5256  3839  134.14009   23 3526  252.30000  133.71302  47.0%   259 3029s
  5265  3846  134.16500   24 3521  252.30000  133.71302  47.0%   261 3034s
  5275  3849  134.58791   25 4489  252.30000  133.71302  47.0%   262 3079s
  5281  3851  134.77652   26 4933  252.30000  133.71302  47.0%   262 3083s
  5285  3856  137.97782   26 5229  252.30000  133.71302  47.0%   263 3090s
  5291  3861  134.80707   27 4929  252.30000  133.71302  47.0%   264 3097s
  5298  3870  168.87452   27 5233  252.30000  133.71302  47.0%   264 3105s
  5310  3879  134.84523   28 4921  252.30000  133.71302  47.0%   265 3115s
  5325  3882  134.95329   30 4912  252.30000  133.71302  47.0%   266 3137s
  5333  3886  134.98721   31 4890  252.30000  133.71302  47.0%   267 3143s
  5345  3891  135.14423   32 4698  252.30000  133.71302  47.0%   268 3149s
  5354  3895  135.59893   34 4724  252.30000  133.71302  47.0%   268 3156s
  5361  3905  135.60283   35 4721  252.30000  133.71302  47.0%   269 3164s
  5376  3906  135.74481   38 5202  252.30000  133.71302  47.0%   270 3171s
H 5378  3716                     226.7000000  133.71302  41.0%   270 3171s
  5386  3727  135.81891   39 4497  226.70000  133.71302  41.0%   271 3181s
  5400  3731  135.93879   41 5590  226.70000  133.71302  41.0%   273 3192s
  5413  3746  136.21873   42 5585  226.70000  133.71302  41.0%   275 3200s
  5434  3752  139.49527   44 6447  226.70000  133.71302  41.0%   276 3316s
  5452  3754  136.35635   45 5586  226.70000  133.71302  41.0%   277 3325s
  5462  3769  136.36193   46 5536  226.70000  133.71302  41.0%   278 3334s
  5485  3778  136.37686   47 5528  226.70000  133.71302  41.0%   279 3343s
H 5502  3595                     225.0000000  133.71302  40.6%   279 3351s
H 5504  3419                     217.0000000  133.71302  38.4%   279 3351s
  5506  3454  146.73516   48 5325  217.00000  133.71302  38.4%   280 3363s
H 5520  3261                     197.0000000  133.71302  32.1%   280 3363s
  5542  3269  136.92991   52 5850  197.00000  133.71302  32.1%   281 3477s
  5574  3285  136.92991   55 5804  197.00000  133.71302  32.1%   281 3489s
  5623  3312  136.93087   60 6727  197.00000  133.84150  32.1%   282 3500s
  5675  3323  137.27535   66 6057  197.00000  133.84150  32.1%   282 3511s
H 5711  3122                     191.3000000  133.84150  30.0%   284 3523s
  5725  3140  137.51692   76 6059  191.30000  133.84150  30.0%   285 3532s
  5750  3156  137.55149   82 6092  191.30000  133.84150  30.0%   288 3544s
  5788  3174  137.70104   89 7026  191.30000  133.84150  30.0%   290 3562s
  5835  3164  137.72004   97 6343  191.30000  133.84150  30.0%   292 3584s
  5858  3163  140.50701   97 6968  191.30000  133.84150  30.0%   293 3607s
  5884  3187  137.75494  100 6035  191.30000  136.92991  28.4%   294 3626s
  5919  3192  137.86037  108 5277  191.30000  136.92991  28.4%   298 3658s
  5942  3214  137.86846  111 5234  191.30000  136.92991  28.4%   300 3679s
  5979  3229  138.40061  117 5369  191.30000  136.92991  28.4%   301 3697s
  6007  3243  138.47501  121 5307  191.30000  136.92991  28.4%   303 3713s
  6046  3314  138.48270  127 5107  191.30000  136.93086  28.4%   304 3733s
  6130  3335  138.62234  134 4300  191.30000  136.93086  28.4%   304 3748s
  6179  3361  138.63200  135 5124  191.30000  136.93086  28.4%   303 3769s
  6221  3380  138.72134  138 5262  191.30000  136.93086  28.4%   306 3786s
  6255  3394  139.04994  141 5507  191.30000  136.93086  28.4%   310 3807s
  6281  3452  167.27073  142 5809  191.30000  136.93086  28.4%   315 3825s
  6347  3498  164.62436  143 5565  191.30000  136.93086  28.4%   315 3849s
  6415  3498  139.24344  145 5445  191.30000  136.93086  28.4%   316 3871s
  6438  3545  149.00646  145 2754  191.30000  136.93086  28.4%   318 3891s
  6493  3546  139.24344  146 5445  191.30000  136.93086  28.4%   318 3914s
  6512  3604  140.31945  146 5764  191.30000  136.93086  28.4%   321 3937s
  6581  3663  139.31739  147 5456  191.30000  136.93086  28.4%   321 3965s
  6663  3681  167.70874  147 4348  191.30000  136.93086  28.4%   320 3993s
  6709  3732  139.36701  148 5479  191.30000  136.93086  28.4%   322 4014s
  6777  3713  139.52704  150 5475  191.30000  136.93086  28.4%   323 4041s
  6781  3716  167.20121  150 5478  191.30000  136.93086  28.4%   324 4065s
  6785  3719  139.85648  151 5475  191.30000  136.93086  28.4%   324 4095s
  6789  3721  142.89065  151 5774  191.30000  136.93086  28.4%   325 4140s
  6793  3768  141.46918  152 5496  191.30000  136.93086  28.4%   326 4183s
  6841  3828  144.67318  152 5774  191.30000  136.93086  28.4%   326 4212s
  6923  3870  141.46995  154 5397  191.30000  136.93086  28.4%   325 4242s
  6992  3989  143.16719  157 4889  191.30000  136.93086  28.4%   325 4274s
  7141  4082  141.46995  161 5393  191.30000  136.93086  28.4%   325 4307s
  7295  4212  141.46995  166 5357  191.30000  136.93086  28.4%   325 4338s
  7485  4243  141.49292  171 5676  191.30000  136.93086  28.4%   323 4374s
  7580  4413  144.06352  185 4352  191.30000  136.93086  28.4%   323 4413s
  7803  4560  166.85093  204 1071  191.30000  136.93086  28.4%   319 4454s
  8087  4656  145.95861  228 2862  191.30000  136.93086  28.4%   314 4492s
  8278  4865  146.42958  248 2719  191.30000  136.93086  28.4%   311 4544s
  8556  4950  146.81835  272 3263  191.30000  136.93086  28.4%   306 4586s
  8837  5027  176.15502  313 3285  191.30000  136.93086  28.4%   299 4633s
  9044  5208  141.19634   63 4929  191.30000  136.93087  28.4%   297 4687s
  9332  5220  162.76349  122 3326  191.30000  136.93087  28.4%   294 4739s
  9480  5220     cutoff  146       191.30000  136.93087  28.4%   293 4791s
  9560  5528  159.36151   70 5376  191.30000  136.93087  28.4%   294 4852s
 10011  5406  174.96755   79 6392  191.30000  137.27535  28.2%   287 4895s
 10089  5412  142.62119   73 3806  191.30000  137.27535  28.2%   289 4939s
 10188  5398  185.27045   55 7443  191.30000  137.27535  28.2%   291 4999s
 10248  5477  141.10969   71 2680  191.30000  137.35628  28.2%   294 5357s
 10425  5886  162.13189   75 5890  191.30000  137.39511  28.2%   294 5483s
 11078  5765  149.56513  110 1550  191.30000  137.39511  28.2%   283 5559s
 11209  5822 infeasible  136       191.30000  137.39511  28.2%   283 5611s
 11452  5803  170.15086   68 5857  191.30000  137.39653  28.2%   283 5670s
 11561  6144  179.62106   89 6350  191.30000  137.39653  28.2%   286 5744s
 12190  5967     cutoff  114       191.30000  137.41002  28.2%   278 5801s
 12319  6008  149.50563   64 5917  191.30000  137.41002  28.2%   279 5860s
 12519  6080  138.03270   69 4619  191.30000  137.44554  28.2%   280 5917s
 12751  6511  172.71117   74 2819  191.30000  137.44754  28.2%   279 5991s
 13368  6377  170.74541   83 4538  191.30000  137.46600  28.1%   274 6052s
 13496  6447     cutoff  105       191.30000  137.46600  28.1%   275 6109s
 13896  6427  167.73848   98 6301  191.30000  137.48292  28.1%   275 6196s
 14089  6888  179.72385  183 4849  191.30000  137.48292  28.1%   273 6267s
 14655  7275  174.13134  104 4169  191.30000  137.49634  28.1%   268 6333s
 15133  7385  162.39399   71 4849  191.30000  137.51311  28.1%   267 6412s
 15277  7685     cutoff   67       191.30000  137.54187  28.1%   269 6483s
 15665  7813  152.53648  104 1938  191.30000  137.61278  28.1%   270 6567s
 15882  8061 infeasible  120       191.30000  137.61665  28.1%   270 6659s
 16297  8080  177.77984   81 4132  191.30000  137.63206  28.1%   269 6769s
 16338  8175  183.68313   88 3689  191.30000  137.63748  28.1%   269 6843s
 16547  8293  169.92134   90 4765  191.30000  137.63784  28.1%   270 6911s
 16685  8658  177.61437  146 3897  191.30000  137.63784  28.1%   271 6986s
 17183  8783  152.13312  107 2986  191.30000  137.63784  28.1%   270 7065s
 17417  9368  180.88009   68 2262  191.30000  137.63792  28.1%   272 7158s
 18195  9492  175.58148  118  701  191.30000  137.64174  28.0%   266 7200s

Cutting planes:
  Cover: 21
  Implied bound: 80
  Clique: 10
  MIR: 35
  GUB cover: 7
  RLT: 108
  Relax-and-lift: 5

Explored 18370 nodes (5158167 simplex iterations) in 7200.88 seconds (8104.47 work units)
Thread count was 4 (of 8 available processors)

Solution count 8: 191.3 197 217 ... 320.8

Time limit reached
Best objective 1.913000000000e+02, best bound 1.377000000000e+02, gap 28.0188%
