
Gurobi 13.0.2 (linux64) logging started Wed Jul  1 01:34:03 2026

Set parameter LogFile to value "src/Resultados/Restriccion todas cliques/logs/C109-25.xml_log.log"
Set parameter Threads to value 4
Gurobi Optimizer version 13.0.2 build v13.0.2rc1 (linux64 - "Rocky Linux 9.7 (Blue Onyx)")

CPU model: QEMU Virtual CPU version 2.5+, instruction set [SSE2]
Thread count: 8 physical cores, 8 logical processors, using up to 4 threads

Non-default parameters:
TimeLimit  7200
Threads  4

Optimize a model with 145167 rows, 87735 columns and 601965 nonzeros (Min)
Model fingerprint: 0xef003057
Model has 11580 linear objective coefficients
Variable types: 18900 continuous, 68835 integer (68820 binary)
Coefficient statistics:
  Matrix range     [1e+00, 4e+04]
  Objective range  [1e+00, 6e+01]
  Bounds range     [1e+00, 2e+03]
  RHS range        [1e+00, 4e+04]

Presolve removed 45285 rows and 105 columns (presolve time = 5s)...
Presolve removed 45975 rows and 120 columns
Presolve time: 9.00s
Presolved: 99192 rows, 87615 columns, 455655 nonzeros
Variable types: 375 continuous, 87240 integer (77040 binary)
Deterministic concurrent LP optimizer: primal and dual simplex
Showing primal log only...


Root simplex log...

Iteration    Objective       Primal Inf.    Dual Inf.      Time
       0    1.1412000e+03   1.978538e+03   5.223136e+10     19s
   14934    3.9227789e+02   2.623144e+02   2.574850e+10     20s
   22990    2.5955864e+02   8.622704e+01   2.333504e+09     25s
   27330    2.5637374e+02   5.639290e+01   2.770196e+09     30s
   33247    2.6760377e+02   2.485708e+01   8.514274e+09     35s
   39807    2.7343157e+02   5.366944e+00   3.587006e+10     40s
   43251    2.2919573e+02   3.983275e-02   4.255091e+07     45s
   48829    1.3154445e+02   0.000000e+00   1.013756e+01     50s
   52554    1.2990001e+02   7.920407e-01   0.000000e+00     55s
   53652    1.2990000e+02   0.000000e+00   0.000000e+00     58s
Concurrent spin time: 21.44s (can be avoided by choosing Method=3)

Solved with primal simplex

Root relaxation: objective 1.299000e+02, 53652 iterations, 65.35 seconds (27.83 work units)

    Nodes    |    Current Node    |     Objective Bounds      |     Work
 Expl Unexpl |  Obj  Depth IntInf | Incumbent    BestBd   Gap | It/Node Time

     0     0  129.90000    0 6200          -  129.90000      -     -  111s
     0     0  129.90000    0 5597          -  129.90000      -     -  111s
     0     0  129.90000    0 3796          -  129.90000      -     -  313s
     0     0  129.90000    0 4428          -  129.90000      -     -  325s
     0     0  129.90000    0  635          -  129.90000      -     -  356s
     0     0  129.90000    0  635          -  129.90000      -     -  358s
     0     0  129.90000    0 5343          -  129.90000      -     -  375s
     0     0  129.90000    0 5343          -  129.90000      -     -  422s
     0     0  129.90000    0 5672          -  129.90000      -     -  424s
     0     0  129.90000    0 6388          -  129.90000      -     -  432s
     0     0  129.90000    0 4172          -  129.90000      -     -  460s
     0     0  129.90000    0 5599          -  129.90000      -     -  473s
     0     0  129.90000    0 12810          -  129.90000      -     -  502s
     0     0  129.90000    0 12810          -  129.90000      -     -  502s
     0     0  129.90000    0 3015          -  129.90000      -     -  560s
     0     0  129.90000    0 3896          -  129.90000      -     -  564s
     0     0  129.90000    0 3885          -  129.90000      -     -  565s
     0     0  129.90000    0 8631          -  129.90000      -     -  574s
     0     0  129.90000    0 6675          -  129.90000      -     -  603s
     0     0  129.90000    0 5082          -  129.90000      -     -  605s
     0     0  129.90000    0 14239          -  129.90000      -     -  619s
     0     0  129.90000    0 14239          -  129.90000      -     -  619s
     0     0  129.90000    0 7069          -  129.90000      -     -  640s
     0     0  129.90000    0 7069          -  129.90000      -     -  643s
     0     0  129.90000    0 7069          -  129.90000      -     -  658s
     0     2  130.10000    0 7069          -  130.10000      -     -  688s
     1     4  130.10000    1 5857          -  130.10000      -   4.0  694s
     3     8  130.10000    2 8409          -  130.10000      -   773  701s
     7    12  130.10000    3 10644          -  130.10000      -   629  710s
    11    16  130.10000    4 10649          -  130.10000      -  1179  718s
    15    38  130.10000    5 10647          -  130.10000      -   965  724s
    37    49  130.10000    6 10649          -  130.10000      -   396  729s
    48    71  130.10000    7 10649          -  130.10000      -   340  734s
    70    92  130.10000    8 10649          -  130.10000      -   241  738s
    91   114  130.10000    9 10650          -  130.10000      -   186  742s
   113   136  130.10000   10 11719          -  130.10000      -   154  746s
   153   176  130.10000   12 10649          -  130.10000      -   125  754s
   175   195  130.10000   13 10868          -  130.10000      -   117  760s
   194   199  130.10000   14 10649          -  130.10000      -   113  766s
   198   221  130.10000   15 10648          -  130.10000      -   111  770s
   243   265  130.10000   17 10647          -  130.10000      -  91.8  777s
   264   293  130.10000   18 10647          -  130.10000      -  85.8  781s
   292   314  130.10000   19 10867          -  130.10000      -  78.9  785s
   341   354  130.10000   21 10649          -  130.10000      -  71.7  818s
   353   377  130.10000   22 11701          -  130.10000      -  73.0  821s
   376   381  130.10000   23 10649          -  130.10000      -  71.2  829s
   380   398  130.10000   24 10649          -  130.10000      -  72.5  838s
   397   420  130.10000   25 10544          -  130.10000      -  72.5  843s
   419   433  130.10000   26 10539          -  130.10000      -  71.7  847s
   432   445  130.10000   27 11847          -  130.10000      -  73.7  853s
   444   465  130.10000   28 11849          -  130.10000      -  76.0  859s
   464   481  130.10000   29 12562          -  130.10000      -  77.3  874s
   480   500  130.10000   30 11847          -  130.10000      -  80.4  879s
   499   525  130.10000   31 11845          -  130.10000      -  81.6  885s
   524   545  130.10000   32 11845          -  130.10000      -  82.6  891s
   544   564  130.10000   33 11847          -  130.10000      -  84.3  897s
   563   606  130.10000   34 11847          -  130.10000      -  86.9  914s
   605   644  130.10000   35 11847          -  130.10000      -  83.8  920s
   643   684  130.10000   36 12193          -  130.10000      -  83.1  926s
   683   716  130.10000   37 11850          -  130.10000      -  81.9  932s
   715   744  130.10000   38 12979          -  130.10000      -  82.7  940s
   743   764  130.10000   39 12976          -  130.10000      -  85.6  951s
   763   792  130.10000   40 12978          -  130.10000      -  87.9  965s
   791   818  130.10000   41 13205          -  130.10000      -  90.7  980s
   817   904  130.10000   42 12976          -  130.10000      -  93.8  988s
   903   958  130.10000   77 11891          -  130.10000      -  89.3  996s
   957  1009  130.10000  104 12976          -  130.10000      -  89.1 1006s
  1008  1060  130.10000  127 12708          -  130.10000      -  89.2 1016s
  1059  1102  130.10000  147 12990          -  130.10000      -  91.7 1041s
  1101  1182  130.10000  160 14609          -  130.10000      -  94.9 1075s
  1181  1227  130.10000  189 14880          -  130.10000      -  94.2 1099s
  1226  1231  130.10000  205 13857          -  130.10000      -  96.2 1331s
  1230  1286  130.10000  206 14879          -  130.10000      -  95.9 1398s
  1285  1450  130.10000  207 11713          -  130.10000      -  93.2 1412s
  1449  1601  130.10000  248 11082          -  130.10000      -  92.5 1423s
  1600  1710  131.08078  274 10431          -  130.10000      -  92.6 1434s
  1709  1826  134.39358  285 12721          -  130.10000      -  96.5 1446s
  1825  1922  134.43533  299 10192          -  130.10000      -   102 1460s
  1921  2043  134.45322  308 14096          -  130.10000      -   109 1475s
  2042  2249  134.65413  329 12443          -  130.10000      -   115 1490s
  2248  2372  134.66185  339 11643          -  130.10000      -   112 1505s
  2378  2497  134.69406  348 12111          -  130.10000      -   116 1521s
  2505  2649  134.71841  360 11713          -  130.10000      -   119 1546s
  2664  2771  141.10000  372 14677          -  130.10000      -   121 1561s
  2786  2891  141.70000  384 13212          -  130.10000      -   125 1577s
  2906  3027  141.83486  398 13702          -  130.10000      -   129 1593s
  3042  3165  141.92477  418 12730          -  130.10000      -   133 1610s
  3181  3309  142.05463  446 12002          -  130.10000      -   136 1627s
  3325  3423  142.14288  470 16045          -  130.10000      -   140 1645s
  3439  3538  142.22499  490 14904          -  130.10000      -   146 1663s
  3554  3643  142.34060  509 13581          -  130.10000      -   152 1685s
  3659  3763  142.48671  528 13570          -  130.10000      -   158 1705s
  3779  3917  142.61386  545 14331          -  130.10000      -   163 1722s
  3933  4083  142.66091  570 14217          -  130.10000      -   166 1740s
  4099  4206  142.84634  614 14316          -  130.10000      -   170 1761s
  4222  4345  142.99994  639 15494          -  130.10000      -   175 1786s
  4361  4476  143.29565  665 15981          -  130.10000      -   180 1811s
  4492  4638  143.50943  687 17392          -  130.10000      -   185 1835s
  4654  4790  143.82411  711 14408          -  130.10000      -   188 1857s
  4806  5005  144.67825  736 14300          -  130.10000      -   192 1886s
  5023  5161  146.60602  771 15742          -  130.10000      -   193 1909s
  5184  5162  155.50000  617 7069          -  130.10000      -   198 2061s
  5185  5163  146.80000  434 7069          -  130.10000      -   198 2067s
  5186  5163  131.33581  278 1715          -  130.10000      -   198 2159s
  5187  5164  131.10000   73 1515          -  130.12158      -   198 2168s
  5188  5165  137.80000  224 1684          -  130.12158      -   198 2170s
  5189  5165  151.30000  558 1649          -  130.12158      -   198 2176s
  5190  5166  139.90000  187 1640          -  130.12158      -   198 2181s
  5191  5167  151.60000  491 1640          -  130.12158      -   198 2208s
  5192  5167  155.20000  258 1640          -  130.19683      -   198 2232s
  5193  5171  130.19683   12 1709          -  130.19683      -   213 2272s
  5195  5174  130.19683   13 1602          -  130.19683      -   213 2282s
  5203  5188  130.19683   15 1709          -  130.19683      -   213 2287s
  5215  5192  130.19683   17 2142          -  130.19683      -   214 2292s
  5223  5196  130.19683   18 2388          -  130.19683      -   215 2295s
  5230  5200  130.30775   19 2427          -  130.19683      -   216 2302s
  5238  5202  130.34143   20 2398          -  130.19683      -   217 2311s
  5245  5204  130.34875   21 2396          -  130.19683      -   218 2318s
  5249  5207  141.52111   21 3435          -  130.19683      -   219 2326s
  5254  5212  130.35344   22 2394          -  130.19683      -   219 2334s
  5260  5217  130.39360   23 2410          -  130.19683      -   220 2343s
  5267  5222  130.39373   24 2399          -  130.19683      -   221 2352s
  5275  5233  130.39373   25 2399          -  130.19683      -   222 2357s
  5288  5237  130.39644   27 2398          -  130.19683      -   222 2361s
  5297  5241  130.40155   28 2396          -  130.19683      -   223 2367s
  5304  5252  130.45185   29 2307          -  130.19683      -   223 2373s
  5317  5258  130.50532   31 2310          -  130.19683      -   223 2379s
  5327  5268  130.50532   32 2310          -  130.19683      -   224 2383s
  5341  5278  130.51081   33 2392          -  130.19683      -   225 2386s
  5355  5277  130.51081   34 2389          -  130.19683      -   226 2392s
  5359  5281  140.94034   34 3394          -  130.19683      -   226 2399s
  5364  5286  130.51081   35 2380          -  130.19683      -   226 2406s
  5371  5313  130.52859   36 2388          -  130.19683      -   227 2411s
  5400  5330  130.53842   39 2373          -  130.19683      -   227 2418s
  5427  5331  130.56418   41 2376          -  130.19683      -   227 2423s
  5437  5351  130.56972   42 2461          -  130.19683      -   227 2427s
  5461  5366  130.57524   44 2433          -  130.19683      -   227 2436s
  5485  5362  130.58116   46 2857          -  130.19683      -   228 2444s
  5489  5364  142.45689   46 3078          -  130.19683      -   228 2463s
  5493  5368  130.58929   47 3151          -  130.19683      -   228 2487s
  5498  5373  132.22144   47 3138          -  130.19683      -   228 2515s
  5505  5377  130.60911   48 3295          -  130.19683      -   228 2538s
  5511  5380  142.27669   48 3817          -  130.19683      -   229 2558s
  5516  5382  130.72642   49 3291          -  130.19683      -   229 2575s
  5520  5387  133.33924   49 5117          -  130.19683      -   229 2599s
  5526  5391  130.80282   50 3300          -  130.19683      -   229 2616s
  5532  5396  133.37337   50 3834          -  130.19683      -   229 2635s
  5539  5402  130.87248   51 3167          -  130.19683      -   230 2649s
  5547  5410  134.07680   51 2489          -  130.19683      -   230 2661s
  5560  5433  130.87248   52 3174          -  130.19683      -   231 2669s
  5587  5468  130.87248   53 3264          -  130.19683      -   231 2678s
  5631  5490  130.87767   57 2761          -  130.19683      -   232 2687s
  5668  5498  131.90005   62 3691          -  130.19683      -   233 2698s
  5690  5530  130.92377   66 3032          -  130.19683      -   233 2708s
  5730  5555  131.30856   71 4078          -  130.19683      -   235 2721s
  5768  5563  133.47095   75 4636          -  130.19683      -   237 2740s
  5789  5575  142.29999   77 4859          -  130.19683      -   239 2748s
  5810  5602  134.58548   82 4640          -  130.19683      -   241 2757s
  5844  5606  152.40595   88 4655          -  130.19683      -   243 2767s
  5859  5659  151.07111   90 3526          -  130.19683      -   245 2780s
  5917  5689  151.08986   98 5152          -  130.19683      -   245 2799s
  5966  5681  151.09352   99 5145          -  130.19683      -   246 2814s
  5975  5690  151.09440  100 5144          -  130.19683      -   249 2836s
  5987  5692  151.22835  101 9968          -  130.19683      -   253 2846s
  5993  5704  151.11586  102 4964          -  130.19683      -   254 2858s
  6007  5713  151.12856  103 4865          -  130.19683      -   257 2876s
  6020  5747  151.12856  104 4865          -  130.19683      -   259 2892s
  6059  5750  151.15226  108 4780          -  130.19683      -   262 2904s
  6075  5774  151.16059  110 4777          -  130.19683      -   265 2917s
  6104  5798  151.16059  115 4776          -  130.19683      -   267 2935s
  6138  5821  154.43705  120 4031          -  130.19683      -   270 2954s
  6172  5851  155.15858  129 3404          -  130.19683      -   272 2968s
  6213  5863  151.22928  139 5321          -  130.19683      -   278 2987s
  6239  5871  151.23046  142 5056          -  130.19683      -   282 3009s
  6256  5890  151.23535  145 4972          -  130.19683      -   286 3028s
  6322  5919  151.24736  148 4780          -  130.19683      -   288 3045s
  6373  5914  151.31996  159 4951          -  130.19683      -   295 3074s
  6385  5954  151.31996  160 4955          -  130.19683      -   297 3100s
  6435  5952  151.78407  165 4900          -  130.19683      -   300 3123s
  6450  6024  151.80216  167 4758          -  130.19683      -   303 3148s
  6527  6016  151.82118  172 4479          -  130.19683      -   306 3176s
  6547  6070  151.83298  175 4502          -  130.19683      -   310 3198s
  6607  6111  151.83576  179 5014          -  130.19683      -   315 3223s
  6670  6114  153.08883  190 8680          -  130.19683      -   318 3261s
  6694  6172  153.33491  192 8673          -  130.19683      -   319 3288s
  6760  6175  154.02669  202 8724          -  130.19683      -   321 3322s
  6785  6276  154.03150  204 8720          -  130.19683      -   323 3348s
  6897  6283  154.58202  217 8535          -  130.19683      -   325 3376s
  6941  6388  154.94278  221 8477          -  130.19683      -   326 3412s
  7061  6352  216.75000  241 1256          -  130.19683      -   328 3463s
  7065  6382  181.84612  242 2694          -  130.19683      -   328 3506s
  7096  6419  182.75676  250 1010          -  130.19683      -   330 3577s
  7145  6461  184.70000  260  147          -  130.19683      -   332 3633s
  7208  6471  184.75072  290  570          -  130.19683      -   331 3669s
  7239  6498  184.75560  297  549          -  130.19683      -   332 3712s
  7278  6489  184.75691  304  544          -  130.19683      -   332 3781s
  7282  6496  217.10000  304  410          -  130.19683      -   332 3832s
  7290  6518  184.75691  305  544          -  130.19683      -   333 3877s
  7315  6532  217.10000  305  415          -  130.19683      -   335 3936s
  7337  6556  184.75772  306  541          -  130.19683      -   336 3976s
  7369  6590  217.10000  306  530          -  130.19683      -   337 4018s
  7413  6603  184.75855  307  538          -  130.19683      -   337 4096s
  7441  6650  217.10000  307  417          -  130.19683      -   339 4147s
  7497  6853  184.75884  308  537          -  130.19683      -   338 4202s
  7723  6838  217.10000  308  408          -  130.19683      -   338 4252s
  7783  7022  184.75912  309  536          -  130.19683      -   339 4296s
  7989  6999  217.10000  309  408          -  130.19683      -   340 4348s
  8035  7058  184.75912  310  536          -  130.19683      -   341 4407s
  8109  7338  217.10000  310  328          -  130.19683      -   341 4470s
  8432  7306  185.50508  361  569          -  130.19683      -   340 4549s
  8508  7456  185.59059  370  523          -  130.19683      -   339 4603s
  8695  7530 infeasible  393               -  130.19683      -   338 4676s
H 8696  7270                     303.9000000  130.19683  57.2%   338 4678s
  8861  7439  238.23171  439  415  303.90000  130.19683  57.2%   337 4738s
  9148  7684  140.68753   20 10740  303.90000  130.19683  57.2%   337 4808s
  9533  7652  155.25023   50 5560  303.90000  130.19683  57.2%   337 4905s
  9634  7854  155.26250   54 5556  303.90000  130.19683  57.2%   338 4965s
  9973  7902  155.92875   69 6965  303.90000  130.19683  57.2%   338 5039s
 10188  7928  158.72506   82 1885  303.90000  130.19683  57.2%   343 5104s
 10300  8293  190.21731   87 1853  303.90000  130.19683  57.2%   345 5477s
H10714  7880                     271.6000000  130.19683  52.1%   346 5528s
H10783  7717                     270.7000000  130.19683  51.9%   346 5589s
H10822  7423                     260.3000000  130.19683  50.0%   347 5589s
H10978  6335                     219.6000000  130.19683  40.7%   345 5589s
 10979  6635  131.56065   18 3484  219.60000  130.19683  40.7%   345 5680s
 11396  6658  190.31572   61 3076  219.60000  130.58074  40.5%   346 5739s
 11613  7201  138.76488   82  409  219.60000  130.58074  40.5%   345 5818s
 12293  6977  168.92922  232 1412  219.60000  130.58074  40.5%   334 5915s
 12298  6979  168.93001  233 1410  219.60000  130.58074  40.5%   334 5968s
 12302  6981  168.93011  234 1410  219.60000  130.58074  40.5%   334 6030s
 12306  7134  168.93090  235 1410  219.60000  130.58074  40.5%   334 6081s
 12484  7333  168.99769  342 1797  219.60000  130.58074  40.5%   333 6138s
 12745  7445  169.66534  521  930  219.60000  130.58074  40.5%   331 6201s
 12948  7642     cutoff  585       219.60000  130.58074  40.5%   329 6270s
 13251  7893  183.99633  741  108  219.60000  130.58074  40.5%   325 6342s
 13803  8267  158.37296   96 4316  219.60000  130.58074  40.5%   317 6416s
 14479  8046  152.02643   59  387  219.60000  130.85462  40.4%   310 6488s
 14483  8107  152.02643   60  380  219.60000  130.85462  40.4%   310 6552s
 14558  8175  134.97330   49 3459  219.60000  130.85462  40.4%   309 6618s
 14651  8216  145.53506   66  410  219.60000  130.96995  40.4%   309 6688s
 14761  8234  173.03000   46 3528  219.60000  130.97001  40.4%   309 6760s
H14838  7782                     216.2000000  130.97058  39.4%   309 6859s
 14957  8062  204.86070  173 1035  216.20000  130.97058  39.4%   307 6945s
H15009  7057                     196.3000000  130.97739  33.3%   307 6945s
H15108  6142                     191.3000000  130.97739  31.5%   306 6945s
 15335  6727  143.05723   85 6611  191.30000  131.00169  31.5%   303 7035s
 16228  6685  138.31738  100 7391  191.30000  131.03237  31.5%   292 7122s
 16232  6729  138.31738  101 7242  191.30000  131.03237  31.5%   292 7200s

Cutting planes:
  Cover: 2
  Implied bound: 39
  MIR: 22
  GUB cover: 3
  Zero half: 1
  RLT: 59
  Relax-and-lift: 5

Explored 16303 nodes (5041521 simplex iterations) in 7201.04 seconds (8158.81 work units)
Thread count was 4 (of 8 available processors)

Solution count 8: 191.3 196.3 216.2 ... 303.9

Time limit reached
Best objective 1.913000000000e+02, best bound 1.311000000000e+02, gap 31.4689%
