
Gurobi 13.0.2 (linux64) logging started Sat Jul 11 18:31:49 2026

Set parameter LogFile to value "src/Resultados/Restriccion_solo_cliques/logs/R103-25.xml_log.log"
Set parameter Threads to value 4
Gurobi Optimizer version 13.0.2 build v13.0.2rc1 (linux64 - "Rocky Linux 9.7 (Blue Onyx)")

CPU model: QEMU Virtual CPU version 2.5+, instruction set [SSE2]
Thread count: 8 physical cores, 8 logical processors, using up to 4 threads

Non-default parameters:
TimeLimit  7200
Threads  4

Optimize a model with 112928 rows, 69000 columns and 602190 nonzeros (Min)
Model fingerprint: 0x2c762bfb
Model has 10575 linear objective coefficients
Variable types: 14475 continuous, 54525 integer (54510 binary)
Coefficient statistics:
  Matrix range     [1e+00, 4e+04]
  Objective range  [7e+00, 6e+01]
  Bounds range     [1e+00, 2e+03]
  RHS range        [1e+00, 4e+04]

Presolve removed 35076 rows and 240 columns (presolve time = 5s)...
Presolve removed 34986 rows and 150 columns
Presolve time: 5.43s
Presolved: 77942 rows, 68850 columns, 352470 nonzeros
Variable types: 375 continuous, 68475 integer (60540 binary)
Deterministic concurrent LP optimizer: primal and dual simplex
Showing primal log only...


Root simplex log...

Iteration    Objective       Primal Inf.    Dual Inf.      Time
       0    8.9470000e+02   1.653531e+03   2.697058e+10      8s
   12139    5.2876494e+02   2.366009e+02   1.577352e+10     10s
   20776    4.8963869e+02   1.543792e+02   9.016171e+09     15s
   27295    5.0880527e+02   1.289007e+02   5.395584e+09     20s
   32543    5.3940362e+02   6.225739e+01   3.448331e+09     25s
   36200    5.3566398e+02   3.247860e+01   1.536773e+09     30s
   38904    5.3848480e+02   2.626812e+00   4.129570e+08     35s
   42402    5.4052835e+02   4.793311e-01   2.147842e+09     40s
   45267    5.2809379e+02   2.950585e-02   2.438245e+08     45s
   49560    4.0917885e+02   0.000000e+00   3.863472e+04     50s
   52191    3.7371335e+02   0.000000e+00   1.826497e+06     55s
   55579    3.6380000e+02   2.881311e+02   0.000000e+00     60s
   57404    3.6380001e+02   7.772854e+00   0.000000e+00     65s
   59356    3.6380001e+02   1.598422e+00   0.000000e+00     70s
   60946    3.6380001e+02   2.056976e-02   0.000000e+00     75s
   61196    3.6380000e+02   0.000000e+00   0.000000e+00     76s
Concurrent spin time: 1.53s

Solved with primal simplex

Root relaxation: objective 3.638000e+02, 61196 iterations, 70.21 seconds (44.23 work units)

    Nodes    |    Current Node    |     Objective Bounds      |     Work
 Expl Unexpl |  Obj  Depth IntInf | Incumbent    BestBd   Gap | It/Node Time

     0     0  363.80000    0 3482          -  363.80000      -     -   98s
     0     0  363.80000    0 3488          -  363.80000      -     -   99s
     0     0  363.80000    0 4254          -  363.80000      -     -  100s
     0     0  363.80000    0 5237          -  363.80000      -     -  116s
     0     0  363.80000    0 5235          -  363.80000      -     -  116s
     0     0  363.80000    0 5770          -  363.80000      -     -  122s
     0     0  363.80000    0 6682          -  363.80000      -     -  138s
     0     0  363.80000    0 6682          -  363.80000      -     -  138s
     0     0  363.80000    0 3355          -  363.80000      -     -  163s
     0     0  363.80000    0 4474          -  363.80000      -     -  168s
     0     0  363.80000    0 4481          -  363.80000      -     -  168s
     0     0  363.80000    0 12055          -  363.80000      -     -  179s
     0     0  363.80000    0 12055          -  363.80000      -     -  180s
     0     0  363.80000    0 3325          -  363.80000      -     -  198s
     0     0  363.80000    0 6184          -  363.80000      -     -  202s
     0     0  363.80000    0 6184          -  363.80000      -     -  202s
     0     0  363.80000    0 10334          -  363.80000      -     -  210s
     0     0  363.80000    0 10334          -  363.80000      -     -  210s
     0     0  363.80000    0 4897          -  363.80000      -     -  227s
     0     0  363.80000    0 5637          -  363.80000      -     -  228s
     0     0  363.80000    0 5625          -  363.80000      -     -  229s
     0     0  363.80000    0 5623          -  363.80000      -     -  229s
     0     0  363.80000    0 8566          -  363.80000      -     -  249s
     0     0  363.80000    0 8566          -  363.80000      -     -  249s
     0     0  363.80000    0 4374          -  363.80000      -     -  269s
     0     0  363.80000    0 4665          -  363.80000      -     -  271s
     0     0  363.80000    0 4403          -  363.80000      -     -  271s
     0     0  363.80000    0 7298          -  363.80000      -     -  284s
     0     0  363.80000    0 5676          -  363.80000      -     -  296s
     0     0  363.80000    0 7288          -  363.80000      -     -  298s
     0     0  363.80000    0 4712          -  363.80000      -     -  316s
     0     2  364.90000    0 4712          -  364.90000      -     -  370s
     3     8  364.90000    2 6685          -  364.90000      -   627  376s
    11    22  364.90000    4 6202          -  364.90000      -   642  380s
    31    41  364.90000    6 6329          -  364.90000      -   521  385s
    45    53  364.90000    8 5048          -  364.90000      -   499  391s
    61    72  364.90000   11 7652          -  364.90000      -   515  397s
    71    79  364.90000   11 7560          -  364.90000      -   496  400s
    88   103  364.90000   12 7825          -  364.90000      -   441  405s
   132   146  364.90000   18 7405          -  364.90000      -   336  411s
   159   174  364.90000   19 8108          -  364.90000      -   325  417s
   192   208  364.90000   21 7939          -  364.90000      -   293  422s
   207   228  364.90000   24 8167          -  364.90000      -   285  428s
   227   252  364.90000   28 5776          -  364.90000      -   290  432s
   251   271  364.90000   33 6876          -  364.90000      -   281  437s
   282   300  364.90000   44 5921          -  364.90000      -   288  445s
   363   402  364.90000   72 6895          -  364.90000      -   251  451s
   429   443  364.90000   81 5994          -  364.90000      -   233  457s
   442   450  364.90000   82 5825          -  364.90000      -   231  461s
   449   454  364.90000   83 5991          -  364.90000      -   235  605s
   453   458  364.90000   84 6095          -  364.90000      -   237  736s
   457   462  364.90000   85 5378          -  364.90000      -   235  748s
   461   466  364.90000   86 6758          -  364.90000      -   238  754s
   465   470  364.90000   87 6230          -  364.90000      -   239  761s
   469   474  364.90000   88 5963          -  364.90000      -   238  769s
   473   478  364.90000   89 6705          -  364.90000      -   239  776s
   477   482  364.90000   90 6093          -  364.90000      -   238  786s
   481   486  364.90000   91 6136          -  364.90000      -   238  901s
   485   499  364.90000   92 6107          -  364.90000      -   238  906s
   498   514  364.90000   93 6132          -  364.90000      -   235 1020s
   513   518  364.90000   94 5382          -  364.90000      -   231 1028s
   517   522  364.90000   95 6360          -  364.90000      -   233 1040s
   521   526  364.90000   96 5391          -  364.90000      -   233 1050s
   525   530  364.90000   97 6365          -  364.90000      -   233 1060s
   529   534  364.90000   98 6025          -  364.90000      -   234 1070s
   533   538  364.90000   99 6243          -  364.90000      -   233 1078s
   537   542  364.90000  100 5538          -  364.90000      -   231 1086s
   541   546  364.90000  101 4665          -  364.90000      -   230 1093s
   545   550  364.90000  102 4665          -  364.90000      -   229 1102s
   549   580  364.90000  103 4665          -  364.90000      -   229 1111s
   579   608  364.90000  121 4986          -  364.90000      -   221 1120s
   607   662  364.90000  127 4692          -  364.90000      -   219 1129s
   661   710  364.90000  155 5057          -  364.90000      -   207 1138s
   709   777  364.90000  180 5159          -  364.90000      -   201 1147s
   776   831  364.90000  211 6437          -  364.90000      -   191 1155s
   830   892  364.95208  244 5067          -  364.90000      -   185 1165s
   891   967  365.12806  286 5911          -  364.90000      -   178 1173s
   966  1033  365.29918  331 6601          -  364.90000      -   170 1182s
  1032  1107  365.53986  370 5270          -  364.90000      -   165 1190s
  1106  1164  365.90218  411 5282          -  364.90000      -   161 1198s
  1163  1221  366.70277  442 6191          -  364.90000      -   160 1208s
  1220  1275  370.64383  461 5007          -  364.90000      -   159 1218s
  1274  1334  371.75979  488 5065          -  364.90000      -   159 1227s
  1333  1392  372.45864  513 5156          -  364.90000      -   158 1236s
  1391  1455  374.09965  539 5716          -  364.90000      -   157 1246s
  1454  1520  374.86919  553 5461          -  364.90000      -   157 1255s
  1519  1559  376.13843  575 5862          -  364.90000      -   156 1265s
  1558  1632  376.88723  591 5845          -  364.90000      -   160 1277s
  1631  1702  379.03093  619 4586          -  364.90000      -   160 1288s
  1701  1763  382.18419  644 4342          -  364.90000      -   162 1302s
  1762  1863  385.32885  662 5947          -  364.90000      -   165 1335s
  1862  1974  388.50375  675 5731          -  364.90000      -   169 1347s
  1973  2080  390.95296  685 4416          -  364.90000      -   172 1361s
  2084  2159  401.13736  709 4430          -  364.90000      -   179 1376s
  2175  2328  378.87858   18 6193          -  364.90000      -   186 1390s
  2350  2550  380.28849   29 7113          -  364.90000      -   185 1404s
  2572  2787  389.92829   41 5268          -  364.90000      -   180 1419s
  2809  3015  414.10429   52 6416          -  364.90000      -   177 1438s
  3040  3227  424.85710  116 6731          -  364.90000      -   176 1454s
  3260  3517  427.44986  210 6250          -  364.90000      -   174 1473s
  3563  3518  372.30000   98 4712          -  364.90000      -   168 1548s
  3565  3519  365.96584  152 4229          -  365.96584      -   168 1634s
  3566  3520  395.60000  370 4986          -  366.39714      -   168 1651s
  3567  3521  378.00000  277 5288          -  366.39714      -   168 1658s
  3568  3521  392.80000  346 5167          -  366.39772      -   168 1661s
  3569  3522  378.00000  213 5167          -  366.39772      -   168 1671s
  3570  3523  369.70000   79 4174          -  366.39772      -   168 1694s
  3571  3523  390.60000  882 4174          -  368.90000      -   168 1718s
  3572  3527  368.90000   10 3906          -  368.90000      -   188 1746s
  3574  3530  368.90000   11 3685          -  368.90000      -   189 1754s
  3578  3533  368.90000   12 4360          -  368.90000      -   191 1764s
  3582  3536  368.90000   13 3775          -  368.90000      -   194 1773s
  3586  3540  368.90000   14 3634          -  368.90000      -   196 1784s
  3592  3542  368.94630   14 5567          -  368.90000      -   201 1799s
  3598  3545  368.90000   15 3725          -  368.90000      -   206 1810s
  3603  3547  382.59901   15 3431          -  368.90000      -   208 1928s
  3608  3545  368.90000   16 3048          -  368.90000      -   211 1942s
  3614  3548  368.95184   16 4330          -  368.90000      -   215 1954s
  3619  3554  368.90000   17 3146          -  368.90000      -   216 1981s
  3627  3566  368.90000   19 2854          -  368.90000      -   219 1994s
  3641  3567  379.47219   21 4531          -  368.90000      -   224 2012s
  3647  3575  381.13382   22 3750          -  368.90000      -   228 2022s
  3657  3578  368.90000   23 4011          -  368.90000      -   232 2038s
  3663  3590  368.90000   25 3917          -  368.90000      -   234 2047s
  3677  3591  368.90000   27 4259          -  368.90000      -   238 2054s
  3683  3604  382.10387   28 4624          -  368.90000      -   239 2062s
  3698  3605  368.90000   31 4124          -  368.90000      -   242 2073s
  3704  3625  368.90000   32 4090          -  368.90000      -   244 2084s
  3726  3621  379.78736   35 4323          -  368.90000      -   248 2094s
  3731  3639  368.90000   36 3986          -  368.90000      -   250 2110s
  3751  3640  368.90000   40 3516          -  368.90000      -   252 2123s
  3759  3655  369.03723   42 2820          -  368.90000      -   254 2134s
  3776  3656  384.70069   44 2831          -  368.90000      -   259 2146s
  3783  3665  369.37493   46 2806          -  368.90000      -   261 2177s
  3794  3669  369.37493   47 2807          -  368.90000      -   265 2186s
  3802  3686  381.06169   48 2217          -  368.90000      -   267 2196s
  3822  3689  369.75723   51 3099          -  368.90000      -   270 2208s
  3831  3713  369.75723   52 3087          -  368.90000      -   271 2222s
  3858  3712  369.85254   55 3386          -  368.90000      -   276 2237s
  3866  3731  378.37626   55 3780          -  368.90000      -   277 2250s
  3890  3733  387.57889   59 3020          -  368.90000      -   282 2271s
  3902  3755  383.63462   59 3088          -  368.90000      -   286 2289s
  3932  3764  383.92261   64 4767          -  368.90000      -   291 2304s
  3951  3795  383.93049   66 5263          -  368.90000      -   294 2322s
  3988  3794  383.94366   69 4016          -  368.90000      -   300 2338s
  4000  3796  383.95115   71 3373          -  368.90000      -   302 2449s
  4006  3798  383.97381   72 4218          -  368.90000      -   303 2530s
  4010  3807  430.22457   72 4779          -  368.90000      -   304 2563s
  4020  3823  384.15346   74 3483          -  368.90000      -   307 2609s
  4039  3833  384.50126   76 3929          -  368.90000      -   313 2631s
  4056  3849  384.52475   78 3930          -  368.90000      -   323 2648s
  4077  3861  420.01686   80 4200          -  368.90000      -   328 2671s
  4096  3900  384.59154   82 3173          -  368.90000      -   332 2693s
  4142  3891  384.61956   86 3369          -  368.90000      -   338 2716s
  4148  3897  413.22611   86 3526          -  368.90000      -   339 2814s
  4156  3903  384.62130   87 3551          -  368.90000      -   342 2840s
  4165  3917  384.93354   87 3454          -  368.90000      -   343 2864s
  4182  3970  384.80338   88 3554          -  368.90000      -   346 2890s
  4240  3971  384.91756   92 3853          -  368.90000      -   357 2950s
  4261  4032  384.93601   94 4308          -  368.90000      -   361 2976s
  4329  4072  384.98877   99 3589          -  368.90000      -   370 3028s
  4394  4070  385.07970  105 4503          -  368.90000      -   383 3061s
  4414  4140  385.10466  108 4059          -  368.90000      -   388 3088s
  4495  4142  385.19273  116 3431          -  368.90000      -   397 3124s
  4530  4169  385.22969  121 2858          -  368.90000      -   402 3161s
  4570  4236  385.23459  123 2988          -  368.90000      -   409 3196s
  4655  4225  385.36871  133 3637          -  368.90000      -   418 3224s
  4672  4299  395.70172  135 5116          -  368.90000      -   423 3263s
  4754  4309  396.22064  144 4173          -  368.90000      -   435 3299s
  4793  4376  385.53072  151 3657          -  368.90000      -   441 3334s
  4875  4357  385.94152  163 3557          -  368.90000      -   454 3401s
  4883  4358  385.98193  164 4196          -  368.90000      -   464 3524s
  4887  4361  434.50406  164 6074          -  368.90000      -   467 3761s
  4891  4363  386.01909  165 4247          -  368.90000      -   476 3848s
  4895  4366  404.10332  165 3531          -  368.90000      -   476 3936s
  4899  4369  386.05289  166 4105          -  368.90000      -   478 4014s
  4903  4371  447.38536  166 5254          -  368.90000      -   479 4110s
  4907  4374  406.66011  167 3968          -  368.90000      -   483 4194s
  4911  4377  386.11625  167 3705          -  368.90000      -   482 4282s
  4915  4379  386.14624  168 3419          -  368.90000      -   487 4388s
  4919  4382  386.51072  168 3462          -  368.90000      -   487 4537s
  4923  4385  386.16714  169 3261          -  368.90000      -   488 4605s
  4927  4389  401.50220  169 5221          -  368.90000      -   489 4939s
  4933  4394  386.33090  171 3988          -  368.90000      -   494 5035s
  4940  4400  386.33758  172 3978          -  368.90000      -   500 5109s
  4948  4401  443.02241  172 5603          -  368.90000      -   503 5157s
  4953  4407  386.39967  173 4007          -  368.90000      -   507 5224s
  4961  4410  399.78532  173 2936          -  368.90000      -   508 5273s
  4967  4417  386.41519  174 4015          -  368.90000      -   511 5399s
  4976  4422  416.10684  174 2860          -  368.90000      -   512 5482s
  4985  4433  386.45352  176 3744          -  368.90000      -   518 5542s
  4999  4442  386.55262  179 3350          -  368.90000      -   524 5886s
  5013  4451  386.57807  182 3953          -  368.90000      -   530 5950s
  5026  4461  386.61450  185 3908          -  368.90000      -   535 6017s
  5041  4489  386.61461  190 4229          -  368.90000      -   544 6082s
  5074  4567  386.70975  198 3774          -  368.90000      -   552 6157s
  5165  4548  386.83954  213 2722          -  368.90000      -   567 6280s
  5176  4645  386.89137  216 2961          -  368.90000      -   571 6344s
  5277  4644  387.15910  232 3153          -  368.90000      -   592 6410s
  5309  4739  387.22051  236 4233          -  368.90000      -   602 6478s
  5417  4727  412.29807  255 2222          -  368.90000      -   624 6542s
  5443  4838  390.99270  259 2624          -  368.90000      -   631 6610s
  5563  4814  391.20926  277 2885          -  368.90000      -   652 6691s
  5583  4920  391.24643  282 2536          -  368.90000      -   661 6773s
  5701  4909  391.69564  300 3056          -  368.90000      -   684 6855s
  5732  5028  452.06664  307 5022          -  368.90000      -   693 6943s
  5869  5003  392.07964  325 3242          -  368.90000      -   715 7035s
  5894  5120  392.08234  326 3226          -  368.90000      -   719 7123s
  6025  5138  392.24338  342 2891          -  368.90000      -   742 7200s

Cutting planes:
  Gomory: 1
  Cover: 20
  Implied bound: 16
  Clique: 1
  MIR: 3
  Flow cover: 3
  GUB cover: 12
  RLT: 40
  Relax-and-lift: 13

Explored 6103 nodes (4815118 simplex iterations) in 7200.08 seconds (8822.20 work units)
Thread count was 4 (of 8 available processors)

Solution count 0

Time limit reached
Best objective -, best bound 3.689000000000e+02, gap -
