
Gurobi 13.0.2 (linux64) logging started Sun Jul 12 06:40:25 2026

Set parameter LogFile to value "src/Resultados/Restriccion_solo_cliques/logs/R106-25.xml_log.log"
Set parameter Threads to value 4
Gurobi Optimizer version 13.0.2 build v13.0.2rc1 (linux64 - "Rocky Linux 9.7 (Blue Onyx)")

CPU model: QEMU Virtual CPU version 2.5+, instruction set [SSE2]
Thread count: 8 physical cores, 8 logical processors, using up to 4 threads

Non-default parameters:
TimeLimit  7200
Threads  4

Optimize a model with 112035 rows, 68100 columns and 606900 nonzeros (Min)
Model fingerprint: 0x802fb174
Model has 9675 linear objective coefficients
Variable types: 14475 continuous, 53625 integer (53610 binary)
Coefficient statistics:
  Matrix range     [1e+00, 4e+04]
  Objective range  [7e+00, 6e+01]
  Bounds range     [1e+00, 2e+03]
  RHS range        [1e+00, 4e+04]

Presolve removed 35038 rows and 150 columns
Presolve time: 4.12s
Presolved: 76997 rows, 67950 columns, 343380 nonzeros
Variable types: 375 continuous, 67575 integer (59640 binary)
Deterministic concurrent LP optimizer: primal and dual simplex
Showing primal log only...


Root simplex log...

Iteration    Objective       Primal Inf.    Dual Inf.      Time
       0    9.5750000e+02   1.693625e+03   2.473264e+10      7s
   22276    5.0887629e+02   2.169956e+02   7.830510e+09     10s
   30576    5.1562082e+02   1.455220e+02   8.864043e+09     15s
   38847    4.8252784e+02   5.482280e+01   3.606818e+09     20s
   44891    4.7484240e+02   1.818963e+01   2.275261e+09     25s
   50615    5.0622902e+02   2.039148e-01   1.816921e+09     30s
   58883    3.8296047e+02   0.000000e+00   8.302254e+04     35s
   63603    3.7870000e+02   0.000000e+00   0.000000e+00     39s
Concurrent spin time: 6.87s (can be avoided by choosing Method=3)

Solved with primal simplex

Root relaxation: objective 3.787000e+02, 63603 iterations, 40.00 seconds (23.70 work units)

    Nodes    |    Current Node    |     Objective Bounds      |     Work
 Expl Unexpl |  Obj  Depth IntInf | Incumbent    BestBd   Gap | It/Node Time

     0     0  378.70000    0 3863          -  378.70000      -     -   60s
     0     0  378.70000    0 3852          -  378.70000      -     -   60s
     0     0  378.70000    0 3909          -  378.70000      -     -   61s
     0     0  378.70000    0 4343          -  378.70000      -     -   78s
     0     0  378.70000    0 4385          -  378.70000      -     -   79s
     0     0  378.70000    0 5033          -  378.70000      -     -  116s
     0     0  378.70000    0 5033          -  378.70000      -     -  116s
     0     0  378.70000    0 2160          -  378.70000      -     -  130s
     0     0  378.70000    0 2160          -  378.70000      -     -  132s
     0     0  378.70000    0 2163          -  378.70000      -     -  132s
     0     0  378.70000    0 6169          -  378.70000      -     -  146s
     0     0  378.70000    0 6169          -  378.70000      -     -  146s
     0     0  378.70000    0 2261          -  378.70000      -     -  168s
     0     0  378.70000    0 2261          -  378.70000      -     -  170s
     0     0  378.70000    0 6598          -  378.70000      -     -  180s
     0     0  378.70000    0 6598          -  378.70000      -     -  180s
     0     0  378.70000    0 2147          -  378.70000      -     -  199s
     0     0  378.70000    0 2353          -  378.70000      -     -  200s
     0     0  378.70000    0 6090          -  378.70000      -     -  211s
     0     0  378.70000    0 6090          -  378.70000      -     -  211s
     0     0  378.70000    0 2685          -  378.70000      -     -  223s
     0     0  378.70000    0 2684          -  378.70000      -     -  225s
     0     0  378.70000    0 2687          -  378.70000      -     -  225s
     0     0  378.70000    0 6257          -  378.70000      -     -  239s
     0     0  378.70000    0 6257          -  378.70000      -     -  239s
     0     0  378.70000    0 3995          -  378.70000      -     -  250s
     0     0  378.70000    0 3999          -  378.70000      -     -  252s
     0     0  378.70000    0 3356          -  378.70000      -     -  260s
     0     2  380.50000    0 3356          -  380.50000      -     -  317s
     3     8  380.50000    2 3507          -  380.50000      -   665  323s
     7    12  380.50000    3 4234          -  380.50000      -  1336  329s
    11    22  380.50000    4 4437          -  380.50000      -  1147  335s
    21    35  380.50000    8 4304          -  380.50000      -  1008  342s
    34    42  394.75687   11 5058          -  380.50000      -   884  351s
    41    66  380.50000   12 4487          -  380.50000      -   999  358s
    65    83  380.50000   22 5061          -  380.50000      -   779  364s
    82   101  380.50000   28 5290          -  380.50000      -   720  370s
   128   147  381.08755   39 4550          -  380.50000      -   557  377s
   146   164  381.39840   42 5997          -  380.50000      -   524  383s
   163   179  381.58865   45 6054          -  380.50000      -   516  388s
   178   196  381.62427   46 5807          -  380.50000      -   498  392s
   195   214  381.79763   50 5646          -  380.50000      -   480  398s
   213   232  381.91288   52 5369          -  380.50000      -   461  409s
   231   256  381.91288   54 5589          -  380.50000      -   458  413s
   255   281  382.25513   60 5871          -  380.50000      -   432  416s
   308   339  382.71366   81 5507          -  380.50000      -   385  422s
   338   374  382.98124   89 7774          -  380.50000      -   365  426s
   406   418  383.18367  112 5246          -  380.50000      -   329  434s
   417   422  383.45181  119 7447          -  380.50000      -   332  622s
   421   426  383.52668  120 5706          -  380.50000      -   330  729s
   425   461  383.55034  121 5864          -  380.50000      -   331  734s
   460   465  383.76987  132 5799          -  380.50000      -   310  737s
   464   473  383.76987  133 5104          -  380.50000      -   310  741s
   472   477  383.76987  134 5629          -  380.50000      -   310  746s
   476   481  383.77354  135 7387          -  380.50000      -   308  750s
   480   485  383.80978  136 6688          -  380.50000      -   306  758s
   484   489  383.81491  137 6772          -  380.50000      -   309  767s
   488   493  383.82234  138 6074          -  380.50000      -   311  772s
   492   498  383.82234  139 6065          -  380.50000      -   312  780s
   505   515  383.82882  141 4987          -  380.50000      -   320  790s
   514   525  383.82882  142 4934          -  380.50000      -   323  797s
   524   538  383.82882  143 4631          -  380.50000      -   326  806s
   537   568  383.82882  144 5250          -  380.50000      -   323  810s
   567   599  383.89604  145 6221          -  380.50000      -   310  815s
   598   616  383.82882  145 5269          -  380.50000      -   298  821s
   615   649  384.50803  146 5968          -  380.50000      -   294  827s
   648   661  384.50803  147 5970          -  380.50000      -   281  836s
   660   667  384.50803  148 5983          -  380.50000      -   282  852s
   666   680  384.56578  149 6527          -  380.50000      -   283  858s
   679   711  384.64211  154 5730          -  380.50000      -   281  863s
   710   750  384.77737  170 5630          -  380.50000      -   275  873s
   749   764  385.18472  180 4354          -  380.50000      -   271  880s
   763   800  385.44851  189 5642          -  380.50000      -   273  893s
   799   833  386.39323  207 6111          -  380.50000      -   269  924s
   832   878  386.96719  226 5573          -  380.50000      -   267  937s
   877   911  406.82706  235 6733          -  380.50000      -   264  953s
   910   929  408.62960  256 5739          -  380.50000      -   275  965s
   928  1013  410.19844  261 5729          -  380.50000      -   290  975s
  1012  1102  412.52884  271 4708          -  380.50000      -   280  986s
  1101  1194  414.30423  284 5147          -  380.50000      -   274  996s
  1193  1322  415.75000  291 4565          -  380.50000      -   269 1008s
  1321  1426  415.75000  297 3727          -  380.50000      -   253 1020s
  1425  1551  417.29078  305 5266          -  380.50000      -   247 1032s
  1550  1627  417.86008  315 5651          -  380.50000      -   239 1045s
  1632  1711  394.75687    6 4290          -  380.50000      -   238 1056s
  1717  1808  396.17276   13 6143          -  380.50000      -   242 1068s
  1814  1863  397.40187   20 4200          -  380.50000      -   242 1078s
  1869  1974  398.04905   30 5881          -  380.50000      -   251 1090s
  1980  2100  398.99175   46 6443          -  380.50000      -   248 1106s
  2108  2236  401.23382   54 6433          -  380.50000      -   245 1120s
  2244  2366  401.63758   62 5837          -  380.50000      -   240 1134s
  2374  2417  403.76097   90 6269          -  380.50000      -   239 1150s
  2440  2510  381.73046   12 3473          -  380.50000      -   244 1167s
  2538  2592  382.67822   33 5391          -  380.50000      -   246 1186s
  2623  2593  400.60000  490 3356          -  380.50000      -   250 1285s
  2625  2594  396.17276   18 3996          -  394.61883      -   250 1427s
  2626  2595  402.40000  395 4216          -  394.65626      -   250 1437s
  2627  2596  396.60000  123 3414          -  394.65626      -   250 1446s
  2629  2597  404.10845  222 3525          -  394.65626      -   250 1450s
  2630  2598  415.91167  709 3525          -  394.65626      -   249 1468s
  2631  2598  403.44951  247 3525          -  394.65626      -   249 1493s
  2632  2599  394.65626    5 3525          -  394.65626      -   249 1539s
  2633  2603  394.65626   12 4072          -  394.65626      -   291 1584s
  2635  2606  394.65626   13 3034          -  394.65626      -   294 1594s
  2639  2609  394.65626   14 3089          -  394.65626      -   297 1606s
  2643  2614  394.65626   15 3099          -  394.65626      -   299 1626s
  2650  2617  394.65626   17 3069          -  394.65626      -   301 1645s
  2655  2619  394.65626   18 2647          -  394.65626      -   307 1668s
  2659  2623  394.86387   19 2342          -  394.65626      -   315 1685s
  2664  2627  403.47401   19 3856          -  394.65626      -   324 1700s
  2670  2629  397.08331   20 2305          -  394.65626      -   332 1716s
  2674  2633  394.86387   20 2071          -  394.65626      -   335 1743s
  2679  2635  394.87258   21 2112          -  394.65626      -   341 1759s
  2683  2638  394.92433   21 1853          -  394.65626      -   342 1814s
  2687  2641  394.92433   22 1935          -  394.65626      -   346 1839s
  2691  2644  405.52895   22 2623          -  394.65626      -   347 1919s
  2696  2648  394.92433   23 1796          -  394.65626      -   349 1936s
  2701  2651  398.47651   23 4376          -  394.65626      -   355 1978s
  2706  2654  394.92433   24 1930          -  394.65626      -   360 1995s
  2711  2658  398.69592   24 2799          -  394.65626      -   363 2022s
  2716  2660  394.92433   25 1988          -  394.65626      -   368 2045s
  2722  2662  398.23226   25 3200          -  394.65626      -   372 2072s
  2726  2667  395.31511   26 1822          -  394.65626      -   375 2112s
  2732  2669  403.47401   26 3336          -  394.65626      -   383 2131s
  2736  2670  395.88732   27 2139          -  394.65626      -   387 2160s
  2743  2673  420.16608   27 2258          -  394.65626      -   395 2177s
  2750  2677  395.97763   28 2367          -  394.65626      -   399 2202s
  2756  2679  422.19368   28 2282          -  394.65626      -   404 2221s
  2760  2682  396.17686   29 2391          -  394.65626      -   410 2245s
  2765  2690  400.43631   29 4123          -  394.65626      -   419 2284s
  2774  2694  396.46199   30 3077          -  394.65626      -   431 2341s
  2781  2702  442.11954   30 2336          -  394.65626      -   439 2369s
  2792  2706  397.71178   32 3745          -  394.65626      -   446 2397s
  2803  2712  420.33773   34 2749          -  394.65626      -   459 2442s
  2813  2721  416.85134   35 3663          -  394.65626      -   468 2470s
  2825  2736  416.94054   37 4400          -  394.65626      -   477 2533s
  2844  2744  424.81777   39 3598          -  394.65626      -   487 2570s
  2859  2748  418.10320   40 3538          -  394.65626      -   494 2617s
  2870  2757  418.10320   41 3278          -  394.65626      -   511 2747s
  2882  2769  418.10320   42 2906          -  394.65626      -   522 2797s
  2898  2783  418.21122   43 3787          -  394.65626      -   532 2842s
  2918  2814  422.59485   45 3959          -  394.65626      -   546 2887s
  2956  2817  420.50813   48 4418          -  394.65626      -   567 2928s
  2972  2852  418.11444   50 3803          -  394.65626      -   577 2968s
  3014  2846  418.15122   55 3690          -  394.65626      -   594 3148s
  3022  2847  418.16444   56 3506          -  394.65626      -   598 3301s
  3026  2854  429.30229   56 2509          -  394.65626      -   600 3444s
  3034  2874  418.16548   57 3115          -  394.65626      -   607 3622s
  3057  2886  419.61815   61 2499          -  394.65626      -   619 3673s
  3077  2958  422.49935   65 3734          -  394.65626      -   627 3718s
  3155  2954  418.34270   75 2451          -  394.65626      -   647 3787s
  3177  2984  418.64316   81 1646          -  394.65626      -   654 3908s
  3215  2976  418.73978   86 1872          -  394.65626      -   677 4042s
  3219  2978  425.45379   86 2737          -  394.65626      -   678 4208s
  3223  2981  418.73978   87 1609          -  394.65626      -   680 4371s
  3227  2984  423.99807   87 2173          -  394.65626      -   682 4573s
  3231  2986  418.73978   88 1609          -  394.65626      -   684 4716s
  3235  2989  430.13574   88 2744          -  394.65626      -   686 4876s
  3239  2997  418.73978   89 1601          -  394.65626      -   687 5035s
  3249  3000  421.69800   92 2848          -  394.65626      -   694 5143s
  3258  3019  418.98620   95 2052          -  394.65626      -   700 5254s
  3280  3037  419.00398   98 1600          -  394.65626      -   711 5344s
  3307  3064  434.87565  101 2709          -  394.65626      -   725 5426s
  3345  3082  419.00398  106 1778          -  394.65626      -   742 5505s
  3378  3115  419.00398  110 2002          -  394.65626      -   758 5636s
  3422  3124  419.05547  116 2391          -  394.65626      -   779 5716s
  3445  3163  419.83698  119 2010          -  394.65626      -   794 5789s
  3492  3196  419.89578  125 2084          -  394.65626      -   812 5886s
  3541  3232  419.93917  130 1681          -  394.65626      -   833 6041s
  3593  3258  421.05431  135 3173          -  394.65626      -   859 6128s
  3636  3279  424.34783  141 3443          -  394.65626      -   880 6314s
  3676  3272  425.08157  144 2997          -  394.65626      -   896 6423s
  3684  3291  430.50951  145 2344          -  394.65626      -   900 6530s
  3706  3316  427.68943  148 1933          -  394.65626      -   906 6666s
  3742  3421  428.69862  153 1847          -  394.65626      -   910 6784s
  3894  3448  435.88468  167 2277          -  394.65626      -   918 6897s
  3972  3620  439.05266  179 2538          -  394.65626      -   925 7007s
  4182  3588  438.88668  204 2095          -  394.65626      -   932 7140s
  4222  3737  439.03937  214 2116          -  394.65626      -   942 7200s

Cutting planes:
  Cover: 14
  Implied bound: 17
  Clique: 2
  MIR: 1
  Flow cover: 2
  RLT: 13
  Relax-and-lift: 1

Explored 4392 nodes (4318351 simplex iterations) in 7200.07 seconds (9128.06 work units)
Thread count was 4 (of 8 available processors)

Solution count 0

Time limit reached
Best objective -, best bound 3.947000000000e+02, gap -
