
Gurobi 13.0.2 (linux64) logging started Sun Jul 12 14:45:23 2026

Set parameter LogFile to value "src/Resultados/Restriccion_solo_cliques/logs/R108-25.xml_log.log"
Set parameter Threads to value 4
Gurobi Optimizer version 13.0.2 build v13.0.2rc1 (linux64 - "Rocky Linux 9.7 (Blue Onyx)")

CPU model: QEMU Virtual CPU version 2.5+, instruction set [SSE2]
Thread count: 8 physical cores, 8 logical processors, using up to 4 threads

Non-default parameters:
TimeLimit  7200
Threads  4

Optimize a model with 115965 rows, 71205 columns and 656355 nonzeros (Min)
Model fingerprint: 0x1c8e53d3
Model has 11700 linear objective coefficients
Variable types: 14745 continuous, 56460 integer (56445 binary)
Coefficient statistics:
  Matrix range     [1e+00, 4e+04]
  Objective range  [7e+00, 6e+01]
  Bounds range     [1e+00, 2e+03]
  RHS range        [1e+00, 4e+04]

Presolve removed 35755 rows and 165 columns
Presolve time: 3.52s
Presolved: 80210 rows, 71040 columns, 368010 nonzeros
Variable types: 375 continuous, 70665 integer (62730 binary)
Deterministic concurrent LP optimizer: primal and dual simplex
Showing primal log only...


Root simplex log...

Iteration    Objective       Primal Inf.    Dual Inf.      Time
       0    9.2040000e+02   1.697912e+03   2.962280e+10      7s
   24320    4.6402849e+02   2.124124e+02   6.544924e+10     10s
   29343    4.7444431e+02   5.040369e+01   1.062982e+10     15s
   34366    4.8809266e+02   2.284324e+01   2.254930e+09     20s
   38255    4.9343851e+02   1.057403e+00   2.839562e+09     25s
   42791    4.0868850e+02   0.000000e+00   3.484141e+05     30s
   48621    3.4360000e+02   7.387899e+00   0.000000e+00     35s
   49742    3.4360000e+02   0.000000e+00   0.000000e+00     37s
Concurrent spin time: 9.17s (can be avoided by choosing Method=3)

Solved with primal simplex

Root relaxation: objective 3.436000e+02, 49742 iterations, 41.37 seconds (27.35 work units)

    Nodes    |    Current Node    |     Objective Bounds      |     Work
 Expl Unexpl |  Obj  Depth IntInf | Incumbent    BestBd   Gap | It/Node Time

     0     0  343.60000    0 5011          -  343.60000      -     -   65s
     0     0  343.60000    0 4245          -  343.60000      -     -   66s
     0     0  343.60000    0 5238          -  343.60000      -     -   96s
     0     0  343.60000    0 4684          -  343.60000      -     -   99s
     0     0  343.60000    0 3994          -  343.60000      -     -   99s
     0     0  343.60000    0 5393          -  343.60000      -     -  121s
     0     0  343.60000    0 5393          -  343.60000      -     -  121s
     0     0  343.60000    0 2290          -  343.60000      -     -  169s
     0     0  343.60000    0 3564          -  343.60000      -     -  177s
     0     0  343.60000    0 8771          -  343.60000      -     -  189s
     0     0  343.60000    0 8771          -  343.60000      -     -  189s
     0     0  343.60000    0 2735          -  343.60000      -     -  223s
     0     0  343.60000    0 8317          -  343.60000      -     -  232s
     0     0  343.60000    0 8174          -  343.60000      -     -  232s
     0     0  343.60000    0 9360          -  343.60000      -     -  245s
     0     0  343.60000    0 9360          -  343.60000      -     -  245s
     0     0  343.60000    0 2955          -  343.60000      -     -  268s
     0     0  343.60000    0 3035          -  343.60000      -     -  270s
     0     0  343.60000    0 3583          -  343.60000      -     -  271s
     0     0  343.60000    0 8432          -  343.60000      -     -  278s
     0     0  343.60000    0 8432          -  343.60000      -     -  278s
     0     0  343.60000    0 4166          -  343.60000      -     -  292s
     0     0  343.60000    0 4239          -  343.60000      -     -  294s
     0     0  343.60000    0 4034          -  343.60000      -     -  295s
     0     0  343.60000    0 10214          -  343.60000      -     -  303s
     0     0  343.60000    0 4131          -  343.60000      -     -  318s
     0     0  343.60000    0 4132          -  343.60000      -     -  319s
     0     0  343.60000    0 4132          -  343.60000      -     -  321s
     0     2  346.15198    0 4132          -  346.15198      -     -  383s
     1     4  346.15198    1 6584          -  346.15198      -  2156  387s
     7    12  348.60000    3 7453          -  348.60000      -   920  394s
    11    28  348.60000    4 7651          -  348.60000      -   712  398s
    27    40  348.60000    9 7780          -  348.60000      -   472  400s
    39    49  348.60000   13 7912          -  348.60000      -   390  406s
    48    69  348.60000   18 7894          -  348.60000      -   411  410s
    68   115  349.07826   32 7279          -  348.60000      -   372  416s
   173   218  349.60277   81 8601          -  348.60000      -   264  422s
   217   272  349.60277   83 8600          -  348.60000      -   235  425s
   333   388  350.10895  114 8658          -  348.60000      -   166  431s
   426   465  350.34988  133 7975          -  348.60000      -   138  436s
   464   500  350.44443  144 7969          -  348.60000      -   129  440s
   526   554  350.81886  165 7972          -  348.60000      -   124  445s
   603   633  363.91889  186 6540          -  348.60000      -   120  451s
   669   702  364.07435  211 6909          -  348.60000      -   117  457s
   731   769  364.14223  247 7620          -  348.60000      -   115  462s
   768   816  364.15580  266 7545          -  348.60000      -   113  466s
   815   839  364.21172  294 7568          -  348.60000      -   110  516s
   838   858  364.22368  307 7701          -  348.60000      -   111  578s
   857   889  364.22368  322 7680          -  348.60000      -   109  662s
   888   929  364.24178  334 7119          -  348.60000      -   108  728s
   928   933  364.26441  352 7110          -  348.60000      -   108  749s
   932   941  364.26441  353 7110          -  348.60000      -   108  754s
   940   951  364.26441  354 7283          -  348.60000      -   108  759s
   950   968  364.26441  355 7283          -  348.60000      -   109  764s
   967   984  364.26441  356 7283          -  348.60000      -   110  768s
   983  1001  364.26441  357 6899          -  348.60000      -   111  773s
  1000  1013  364.26441  358 6315          -  348.60000      -   111  778s
  1012  1024  364.26441  359 6311          -  348.60000      -   113  783s
  1023  1035  364.26441  360 6138          -  348.60000      -   114  787s
  1034  1052  364.26441  361 6311          -  348.60000      -   115  792s
  1051  1067  364.26441  362 6312          -  348.60000      -   116  799s
  1066  1082  364.26441  363 6555          -  348.60000      -   117  805s
  1081  1090  364.26441  364 6555          -  348.60000      -   118  811s
  1089  1103  364.26441  365 6312          -  348.60000      -   121  815s
  1102  1124  364.26441  366 6311          -  348.60000      -   123  823s
  1123  1141  364.26441  367 6311          -  348.60000      -   125  828s
  1140  1158  364.26441  368 6312          -  348.60000      -   128  846s
  1157  1175  364.26441  369 6312          -  348.60000      -   130  860s
  1174  1186  364.26441  370 6311          -  348.60000      -   131  883s
  1185  1197  364.26441  371 6311          -  348.60000      -   133  894s
  1196  1234  364.26441  372 6311          -  348.60000      -   136  899s
  1233  1277  364.37302  400 6462          -  348.60000      -   137  905s
  1276  1318  364.42589  426 6421          -  348.60000      -   139  911s
  1317  1412  364.53449  455 6159          -  348.60000      -   141  945s
  1411  1511  365.61871  502 6199          -  348.60000      -   137  953s
  1510  1574  366.23035  553 6245          -  348.60000      -   135  960s
  1573  1644  366.29683  569 6761          -  348.60000      -   137  966s
  1643  1721  366.36331  583 6915          -  348.60000      -   138  975s
  1720  1816  366.43772  604 6146          -  348.60000      -   139  985s
  1815  1903  366.51751  628 6748          -  348.60000      -   138  995s
  1902  1997  366.61500  645 6920          -  348.60000      -   142 1006s
  1996  2091  366.83107  671 6997          -  348.60000      -   145 1017s
  2091  2188  367.26530  700 5731          -  348.60000      -   147 1030s
  2194  2293  367.64883  751 6544          -  348.60000      -   149 1042s
  2301  2388  447.08218  754 6113          -  348.60000      -   152 1052s
  2396  2480  431.55714  759 6129          -  348.60000      -   155 1066s
  2490  2649  437.24628  772 6262          -  348.60000      -   158 1079s
  2659  2796  440.14599  796 7262          -  348.60000      -   157 1095s
  2821  2946  352.07627   10 6093          -  348.60000      -   157 1112s
  2971  3159  357.85147   18 7539          -  348.60000      -   158 1130s
  3186  3449  366.09237   53 6265          -  348.60000      -   154 1149s
  3492  3663  373.77672  100 6843          -  348.60000      -   147 1168s
  3710  3664  363.40000   80 4132          -  348.60000      -   144 1258s
  3712  3665  359.70587  144 3639          -  348.60000      -   144 1334s
  3713  3666  385.15412  426 6436          -  348.60000      -   144 1347s
  3714  3667  360.48275  254 6957          -  348.60000      -   144 1354s
  3715  3667  412.02846  351 6957          -  348.60000      -   144 1355s
  3718  3669  364.07435  227 7179          -  348.60000      -   144 1377s
  3719  3670  381.40000  606 7179          -  349.03554      -   144 1408s
  3720  3674  349.03554   14 7433          -  349.03554      -   165 1463s
  3722  3677  349.03554   15 5156          -  349.03554      -   168 1478s
  3726  3680  349.22258   16 4595          -  349.03554      -   171 1487s
  3730  3686  349.91311   17 4596          -  349.03554      -   172 1500s
  3740  3689  361.59110   18 5607          -  349.03554      -   175 1511s
  3746  3693  363.37935   19 5046          -  349.03554      -   179 1523s
  3752  3705  356.31010   19 4281          -  349.03554      -   184 1536s
  3768  3704  356.37200   22 4481          -  349.03554      -   186 1543s
  3772  3713  356.39391   22 4381          -  349.03554      -   188 1552s
  3783  3715  356.41216   24 4210          -  349.03554      -   193 1565s
  3788  3719  356.41216   25 4372          -  349.03554      -   194 1576s
  3794  3724  356.47517   26 4364          -  349.03554      -   195 1588s
  3801  3728  364.10327   27 3707          -  349.03554      -   197 1603s
  3807  3733  357.41759   27 4552          -  349.03554      -   198 1608s
  3814  3735  357.60643   28 4071          -  349.03554      -   200 1612s
  3819  3745  357.41804   28 4370          -  349.03554      -   201 1617s
  3830  3748  360.35644   29 4738          -  349.03554      -   204 1623s
  3837  3751  366.45174   29 4414          -  349.03554      -   206 1631s
  3842  3760  361.02375   30 4037          -  349.03554      -   207 1636s
  3853  3765  370.43033   30 4153          -  349.03554      -   209 1641s
  3862  3777  369.48221   31 4890          -  349.03554      -   211 1647s
  3877  3785  364.58050   31 3914          -  349.03554      -   212 1654s
  3890  3789  364.58447   32 4036          -  349.03554      -   214 1783s
  3898  3791  367.34364   32 3517          -  349.03554      -   216 1800s
  3903  3801  364.58447   33 4596          -  349.03554      -   217 1823s
  3920  3800  364.74723   34 4127          -  349.03554      -   219 1841s
  3927  3815  364.78695   35 4119          -  349.03554      -   220 1849s
  3944  3817  368.24115   38 4082          -  349.03554      -   223 1860s
  3952  3845  367.02567   38 4040          -  349.03554      -   224 1871s
  3985  3846  368.90312   42 4320          -  349.03554      -   227 1881s
  3997  3865  372.72500   43 4160          -  349.03554      -   229 1890s
  4022  3867  369.28477   47 4508          -  349.03554      -   231 1918s
  4032  3900  369.36435   48 4551          -  349.03554      -   231 1930s
  4072  3903  375.13046   50 4888          -  349.03554      -   233 1982s
  4089  3905  369.75247   51 4479          -  349.03554      -   236 2038s
  4096  3910  370.86322   52 4519          -  349.03554      -   236 2136s
  4104  3912  369.87077   52 4632          -  349.03554      -   237 2217s
  4108  3914  370.86924   53 4532          -  349.03554      -   237 2264s
  4112  3916 infeasible   53               -  349.03554      -   238 2352s
  4117  3918  379.96092   54 4077          -  349.03554      -   239 2391s
  4121  3924  371.12467   55 4462          -  349.03554      -   240 2585s
  4128  3924 infeasible   55               -  349.03554      -   240 2619s
  4135  3931  378.01133   56 3570          -  349.03554      -   242 2642s
  4145  3966  371.42327   57 4482          -  349.03554      -   242 2658s
  4183  3968 infeasible   57               -  349.03554      -   246 2676s
  4200  4015  387.67694   58 4560          -  349.03554      -   248 2692s
  4252  4022  379.58047   59 4207          -  349.03554      -   250 2711s
  4277  4082  381.75335   60 3744          -  349.03554      -   253 2731s
  4347  4104  388.13609   68 4345          -  349.03554      -   261 2750s
  4392  4177  391.27157   75 3662          -  349.03554      -   265 2769s
  4482  4155  393.79490   83 3727          -  349.03554      -   270 2807s
  4490  4241  393.79553   84 3820          -  349.03554      -   271 2828s
  4585  4214 infeasible   94               -  349.03554      -   276 2853s
  4600  4296  402.92244   93 3195          -  349.03554      -   278 2876s
  4693  4274  415.88334  103 3912          -  349.03554      -   284 2901s
  4708  4335 infeasible  105               -  349.03554      -   287 2922s
  4796  4319 infeasible  114               -  351.78605      -   294 2974s
  4821  4373  371.62150   17 4512          -  351.78605      -   297 2996s
  4889  4373  366.19246   21 4477          -  351.78605      -   305 3058s
  4912  4440  366.82409   23 4075          -  351.78605      -   308 3083s
  4993  4463  367.80667   30 4464          -  351.78605      -   314 3111s
  5055  4452  379.41023   38 5512          -  351.78605      -   322 3138s
  5066  4516  378.53795   39 4849          -  351.78605      -   325 3159s
  5148  4505  380.40731   48 4126          -  351.78605      -   333 3184s
  5166  4572  394.77890   52 4704          -  351.78605      -   335 3213s
  5269  4542  427.68621   72 4426          -  351.78605      -   345 3248s
  5276  4551  429.59309   72 4100          -  351.78605      -   346 3287s
  5287  4558  427.68621   73 4407          -  351.78605      -   348 3329s
  5300  4612  451.53067   74 4454          -  351.78605      -   352 3357s
  5360  4608  428.10329   83 4208          -  351.78605      -   361 3392s
  5376  4674  438.13799   84 4650          -  351.78605      -   363 3425s
  5457  4681  428.60089   93 4513          -  351.78605      -   375 3454s
  5493  4757  428.65872   95 4545          -  351.78605      -   381 3486s
  5603  4724  428.86678  105 4312          -  351.78605      -   392 3614s
  5607  4726  429.79902  105 4187          -  351.78605      -   392 3676s
  5612  4730  428.86678  106 4685          -  351.78605      -   393 3769s
  5620  4732  437.38221  106 3172          -  351.78605      -   395 3822s
  5625  4736  428.87551  107 3966          -  351.78605      -   396 3864s
  5630  4738  434.41259  107 2372          -  351.78605      -   397 3950s
  5634  4741  428.87551  108 3884          -  351.78605      -   398 3994s
  5638  4743  438.68113  108 3750          -  351.78605      -   398 4212s
  5642  4747  428.88052  109 3877          -  351.78605      -   399 4269s
  5649  4749 infeasible  109               -  351.78605      -   400 4350s
  5659  4791  438.54502  110 3995          -  351.78605      -   401 4413s
  5715  4786  429.05594  111 3813          -  351.78605      -   403 4459s
  5728  4813  454.48300  111 4567          -  351.78605      -   403 4546s
  5770  4805  429.05594  112 3637          -  351.78605      -   403 4626s
  5776  4814  446.99137  112 2656          -  351.78605      -   405 4703s
  5787  4923  429.05594  113 3637          -  351.78605      -   407 4747s
  5911  4890  442.99583  113 3781          -  351.78605      -   405 4807s
  5922  4991  429.45198  114 4554          -  351.78605      -   406 4875s
  6094  4945  438.90399  114 3433          -  351.78605      -   407 4948s
  6106  5147  429.45198  117 4510          -  351.78605      -   408 4997s
  6330  5240  429.48026  128 4759          -  351.78605      -   419 5048s
  6577  5164  429.48026  136 4761          -  351.78605      -   429 5165s
  6602  5300  429.52721  138 3775          -  351.78605      -   432 5227s
  6760  5384  437.44600  155 4669          -  351.78605      -   444 5290s
  6949  5344  458.95256  171 4498          -  356.37200      -   454 5391s
  6972  5504  460.35623  172 4205          -  356.37200      -   456 5452s
  7158  5709  439.43013  186 5059          -  356.37420      -   465 5518s
  7535  5620  359.63018   29 4086          -  356.37991      -   463 5665s
  7572  5845  370.28204   37 4561          -  356.37991      -   465 5731s
  8015  6013  411.47216   68 4183          -  356.37991      -   458 5785s
  8487  6083  416.48537   99 4084          -  356.39516      -   448 5858s
  8732  6447  424.18953  110 3964          -  356.39516      -   444 5930s
  9297  6289  428.81188  166 2223          -  356.44746      -   429 6086s
  9327  6296  466.04267  166 1812          -  356.44746      -   431 6150s
  9344  6568  428.81394  167 2224          -  356.44746      -   431 6222s
  9694  6483  462.78137  167 1899          -  356.44746      -   423 6364s
H 9701  6265                     620.0000000  356.44746  42.5%   423 6364s
H 9778  6631                     600.0000000  356.44746  40.6%   424 6443s
H 9839  6108                     545.3000000  356.44746  34.6%   423 6443s
 10411  6611  440.39183  230 3333  545.30000  356.51793  34.6%   410 6836s
H11167  6164                     541.6000000  356.51793  34.2%   399 6917s
H11174  6001                     538.9000000  356.54483  33.8%   400 6917s
 11175  6087  512.59169  317 2321  538.90000  356.54483  33.8%   400 6983s
 11269  6594     cutoff  330       538.90000  356.54483  33.8%   399 7066s
 11897  6561  501.93774  369 3358  538.90000  357.54990  33.7%   391 7131s
 12162  6678  378.31730   44 1785  538.90000  357.59134  33.6%   392 7200s

Cutting planes:
  Gomory: 2
  Cover: 33
  Implied bound: 50
  Clique: 13
  MIR: 14
  Flow cover: 1
  GUB cover: 14
  RLT: 72
  Relax-and-lift: 10

Explored 12377 nodes (5091405 simplex iterations) in 7200.36 seconds (8614.72 work units)
Thread count was 4 (of 8 available processors)

Solution count 5: 538.9 541.6 545.3 ... 620

Time limit reached
Best objective 5.389000000000e+02, best bound 3.576000000000e+02, gap 33.6426%
