
Gurobi 13.0.2 (linux64) logging started Sun Jul 12 22:51:20 2026

Set parameter LogFile to value "src/Resultados/Restriccion_solo_cliques/logs/R110-25.xml_log.log"
Set parameter Threads to value 4
Gurobi Optimizer version 13.0.2 build v13.0.2rc1 (linux64 - "Rocky Linux 9.7 (Blue Onyx)")

CPU model: QEMU Virtual CPU version 2.5+, instruction set [SSE2]
Thread count: 8 physical cores, 8 logical processors, using up to 4 threads

Non-default parameters:
TimeLimit  7200
Threads  4

Optimize a model with 114060 rows, 69300 columns and 608595 nonzeros (Min)
Model fingerprint: 0x0ead6c6a
Model has 9795 linear objective coefficients
Variable types: 14745 continuous, 54555 integer (54540 binary)
Coefficient statistics:
  Matrix range     [1e+00, 4e+04]
  Objective range  [7e+00, 6e+01]
  Bounds range     [1e+00, 2e+03]
  RHS range        [1e+00, 4e+04]

Presolve removed 35890 rows and 180 columns
Presolve time: 3.91s
Presolved: 78170 rows, 69120 columns, 353175 nonzeros
Variable types: 375 continuous, 68745 integer (60810 binary)
Deterministic concurrent LP optimizer: primal and dual simplex
Showing primal log only...


Root simplex log...

Iteration    Objective       Primal Inf.    Dual Inf.      Time
       0    9.3970000e+02   1.284506e+03   2.119078e+10      8s
   18005    5.0988963e+02   2.699348e+02   4.491088e+09     10s
   27093    5.1807763e+02   1.584445e+02   1.185175e+10     15s
   32872    5.4603675e+02   1.090452e+02   5.989876e+09     20s
   37672    5.9938309e+02   3.991389e+01   7.335021e+09     25s
   41352    6.4536394e+02   3.791244e+00   3.525601e+09     30s
   47114    3.7045232e+02   0.000000e+00   1.120510e+05     35s
   50193    3.4470000e+02   0.000000e+00   0.000000e+00     37s
Concurrent spin time: 10.95s (can be avoided by choosing Method=3)

Solved with primal simplex

Root relaxation: objective 3.447000e+02, 50193 iterations, 42.42 seconds (21.43 work units)

    Nodes    |    Current Node    |     Objective Bounds      |     Work
 Expl Unexpl |  Obj  Depth IntInf | Incumbent    BestBd   Gap | It/Node Time

     0     0  344.70000    0 3720          -  344.70000      -     -   69s
     0     0  344.70000    0 3051          -  344.70000      -     -   71s
     0     0  344.70000    0 4589          -  344.70000      -     -  113s
     0     0  344.70000    0 5064          -  344.70000      -     -  115s
     0     0  344.70000    0 6103          -  344.70000      -     -  129s
     0     0  344.70000    0 6103          -  344.70000      -     -  129s
     0     0  344.70000    0 3079          -  344.70000      -     -  155s
     0     0  344.70000    0 3081          -  344.70000      -     -  163s
     0     0  344.70000    0 2753          -  344.70000      -     -  164s
     0     0  344.70000    0 2758          -  344.70000      -     -  164s
     0     0  344.70000    0 4046          -  344.70000      -     -  191s
     0     0  344.70000    0 4040          -  344.70000      -     -  191s
     0     0  344.70000    0 4040          -  344.70000      -     -  210s
     0     0  344.70000    0 5149          -  344.70000      -     -  217s
     0     0  344.70000    0 6981          -  344.70000      -     -  230s
     0     0  344.70000    0 2787          -  344.70000      -     -  269s
     0     0  344.70000    0 3550          -  344.70000      -     -  274s
     0     0  344.70000    0 9940          -  344.70000      -     -  289s
     0     0  344.70000    0 9940          -  344.70000      -     -  289s
     0     0  344.70000    0 2030          -  344.70000      -     -  306s
     0     0  344.70000    0 2029          -  344.70000      -     -  307s
     0     0  344.70000    0 2044          -  344.70000      -     -  307s
     0     0  344.70000    0 4845          -  344.70000      -     -  315s
     0     0  344.70000    0 2437          -  344.70000      -     -  328s
     0     0  344.70000    0 2437          -  344.70000      -     -  329s
     0     0  344.70000    0 2437          -  344.70000      -     -  336s
     0     2  345.80000    0 2437          -  345.80000      -     -  396s
     1     4  345.80000    1 2898          -  345.80000      -   474  401s
     3     8  345.80000    2 2631          -  345.80000      -  1021  411s
     7    12  345.80000    3 2998          -  345.80000      -  1418  418s
    11    29  345.80000    4 3252          -  345.80000      -  1613  427s
    28    48  345.80000    7 3940          -  345.80000      -   813  430s
    70    83  345.80000   16 5418          -  345.80000      -   440  436s
   123   142  345.80000   29 4382          -  345.80000      -   290  441s
   181   206  345.80000   46 3178          -  345.80000      -   212  445s
   217   227  345.80000   55 3656          -  345.80000      -   191  450s
   277   286  345.80000   67 4706          -  345.80000      -   168  455s
   314   327  345.80000   74 5050          -  345.80000      -   161  460s
   367   387  345.80000   93 4225          -  345.80000      -   148  466s
   420   431  345.83412  103 4922          -  345.80000      -   142  471s
   430   459  345.86475  107 3022          -  345.80000      -   142  475s
   482   489  345.88570  117 3669          -  345.80000      -   137  480s
   509   514  345.89776  127 3417          -  345.80000      -   137  486s
   513   537  345.89776  128 3849          -  345.80000      -   138  490s
   569   574  345.90857  143 4799          -  345.80000      -   134  497s
   573   586  345.91764  144 4802          -  345.80000      -   136  668s
   585   593  345.91934  145 5320          -  345.80000      -   134  781s
   592   597  345.92899  146 3936          -  345.80000      -   135  850s
   596   603  345.92899  147 3936          -  345.80000      -   135  857s
   602   625  345.93283  150 5315          -  345.80000      -   137  864s
   624   642  345.95509  169 5297          -  345.80000      -   133  871s
   641   663  345.96417  183 4934          -  345.80000      -   131  878s
   662   678  345.98344  201 5674          -  345.80000      -   129  885s
   677   701  346.02046  213 4663          -  345.80000      -   128  891s
   700   720  346.05353  233 5253          -  345.80000      -   126  898s
   719   740  346.08656  249 5962          -  345.80000      -   126  905s
   739   760  346.09516  266 5742          -  345.80000      -   125  912s
   759   784  346.11141  283 5403          -  345.80000      -   125  919s
   783   808  346.12905  304 5411          -  345.80000      -   123  926s
   807   838  346.14406  325 5154          -  345.80000      -   123  933s
   837   856  346.16016  352 5173          -  345.80000      -   120  941s
   855   863  346.16989  367 5843          -  345.80000      -   119  948s
   862   883  346.18458  370 5222          -  345.80000      -   123  956s
   882   905  346.29616  387 5606          -  345.80000      -   123  965s
   904   924  346.42945  406 5812          -  345.80000      -   124  974s
   923   948  346.59593  422 5311          -  345.80000      -   124  983s
   947   973  346.64717  443 5327          -  345.80000      -   124  992s
   972  1002  346.75961  465 7166          -  345.80000      -   124 1025s
  1001  1022  346.90825  491 3903          -  345.80000      -   123 1033s
  1021  1054  346.98164  508 5069          -  345.80000      -   125 1041s
  1053  1079  347.24263  537 3605          -  345.80000      -   123 1048s
  1078  1096  347.34479  559 5091          -  345.80000      -   125 1055s
  1095  1113  347.39589  573 4341          -  345.80000      -   129 1066s
  1112  1133  347.41071  587 4604          -  345.80000      -   132 1077s
  1132  1154  347.47580  604 5156          -  345.80000      -   136 1091s
  1153  1189  347.94390  622 4360          -  345.80000      -   138 1099s
  1188  1216  347.96747  654 5327          -  345.80000      -   139 1113s
  1215  1241  348.01126  678 5095          -  345.80000      -   140 1133s
  1240  1274  348.16812  700 4151          -  345.80000      -   143 1175s
  1273  1382  348.23814  725 4705          -  345.80000      -   144 1204s
  1386  1469  348.52219  766 4854          -  345.80000      -   146 1216s
  1473  1626  357.80182  777 4773          -  345.80000      -   154 1230s
  1630  1805  359.07214  804 5836          -  345.80000      -   154 1245s
  1809  1968  359.52249  844 5783          -  345.80000      -   152 1258s
  1977  2079  348.02318    8 5007          -  345.80000      -   150 1275s
  2093  2212  349.42975   27 5678          -  345.80000      -   154 1287s
  2230  2433  350.16776   81 5630          -  345.80000      -   157 1304s
  2455  2600  350.55378  153 4785          -  345.80000      -   153 1315s
  2634  2725  351.80764  198 5380          -  345.80000      -   153 1326s
  2772  2726  352.50000   75 2437          -  345.80000      -   157 1478s
  2773  2727  351.80000  155 2437          -  345.80000      -   157 1480s
  2774  2727  357.59595  166 3923          -  345.80000      -   157 1581s
  2775  2728  373.10000   74 4696          -  347.39466      -   157 1630s
  2778  2730  361.20000  301 4556          -  347.39542      -   157 1635s
  2779  2731  367.41470  201 2956          -  347.39542      -   157 1651s
  2780  2731  359.53085  852 2956          -  347.39598      -   156 1681s
  2781  2735  347.52922   13 3384          -  347.39631      -   183 1712s
  2783  2738  349.07650   14 3829          -  347.53166      -   186 1737s
  2787  2741  349.07973   15 3713          -  349.07650      -   193 1740s
  2791  2748  349.14085   16 3632          -  349.07650      -   193 1749s
  2799  2749  352.81487   17 4229          -  349.07650      -   199 1773s
  2803  2753  349.17481   18 3749          -  349.07650      -   214 1790s
  2808  2756  349.17508   19 3747          -  349.07650      -   220 1799s
  2813  2762  349.17508   20 3675          -  349.07650      -   223 1813s
  2821  2766  349.17508   21 3678          -  349.07650      -   229 1826s
  2829  2769  349.17508   22 3233          -  349.07650      -   234 1839s
  2835  2776  349.17891   22 2918          -  349.07650      -   238 1850s
  2844  2782  351.32829   23 3535          -  349.07650      -   242 1862s
  2853  2784  352.07121   24 4304          -  349.07650      -   245 1875s
  2858  2785 infeasible   25               -  349.07650      -   245 1900s
  2863  2790  353.49141   25 3325          -  349.07650      -   248 1914s
  2869  2793  372.42853   25 2512          -  349.07650      -   254 1935s
  2874  2796  353.51173   26 3309          -  349.07650      -   255 1948s
  2879  2799  371.97953   26 3920          -  349.07650      -   259 1961s
  2884  2803  354.28400   27 3134          -  349.07650      -   262 1975s
  2889  2808  355.07454   27 4200          -  349.07650      -   265 1994s
  2898  2809  355.96444   28 2983          -  349.07650      -   271 2012s
  2904  2813  367.45109   28 4103          -  349.07650      -   278 2039s
  2910  2821  359.27526   29 2979          -  349.07650      -   280 2049s
  2920  2828  381.16824   29 2930          -  349.07650      -   281 2062s
  2930  2831  379.92692   30 3196          -  349.07650      -   286 2079s
  2937  2838  363.44914   30 3183          -  349.07650      -   288 2091s
  2946  2847  365.83728   31 3798          -  349.07650      -   289 2109s
  2958  2847  365.67970   31 3185          -  349.07650      -   291 2135s
  2962  2858  366.93641   32 3279          -  349.07650      -   293 2150s
  2974  2873  366.95593   33 3337          -  349.07650      -   295 2167s
  2999  2871  367.92634   38 3749          -  349.07650      -   302 2184s
  3012  2903  367.92673   39 3747          -  349.07650      -   308 2200s
  3048  2900  370.82057   43 2050          -  349.07650      -   319 2216s
  3061  2935  370.84471   45 2676          -  349.07650      -   323 2232s
  3112  2924 infeasible   49               -  349.07973      -   331 2248s
  3124  2941  349.69990   16 5203          -  349.07973      -   339 2267s
  3145  2965  359.88344   17 4257          -  349.07973      -   346 2293s
  3178  2967  355.36303   19 3939          -  349.07973      -   362 2315s
  3191  3001  353.22895   19 4610          -  349.07973      -   367 2332s
  3230  3000  362.58975   20 2571          -  349.07973      -   376 2355s
  3242  3028  357.21142   21 2871          -  349.07973      -   381 2375s
  3276  3028  353.75961   24 2162          -  349.07973      -   390 2458s
  3287  3035  355.96959   26 4549          -  349.07973      -   397 2622s
  3298  3040  353.78861   26 2180          -  349.07973      -   400 2710s
  3306  3045  353.83186   28 2557          -  349.07973      -   401 2793s
  3316  3056  355.31470   31 4277          -  349.07973      -   406 2899s
  3332  3060  360.48987   33 3493          -  349.07973      -   412 3009s
  3344  3064  384.89237   34 5004          -  349.07973      -   423 3101s
  3358  3069  370.42473   35 3672          -  349.07973      -   429 3167s
  3373  3075  357.12532   36 4332          -  349.07973      -   437 3251s
  3384  3086  357.27513   38 4164          -  349.07973      -   451 3306s
  3403  3098  367.48987   40 4057          -  349.07973      -   464 3364s
  3423  3121  357.89054   42 4162          -  349.07973      -   472 3408s
  3457  3165  358.20863   45 3387          -  349.07973      -   485 3467s
  3518  3162  358.61928   50 2514          -  349.07973      -   500 3546s
  3538  3172  358.67577   51 2913          -  349.07973      -   507 3591s
  3564  3167  377.02606   51 2949          -  349.07973      -   511 3648s
  3570  3170  358.87232   52 2151          -  349.07973      -   515 3727s
  3579  3174  381.28766   52 2729          -  349.07973      -   524 3781s
  3586  3178  358.98055   53 3612          -  349.07973      -   528 3826s
  3592  3183  373.09314   53 3966          -  349.07973      -   535 3915s
  3603  3205  358.98055   54 3437          -  349.07973      -   541 3957s
  3629  3211  358.98216   54 3086          -  349.07973      -   555 4065s
  3644  3252  359.00118   55 2844          -  349.07973      -   561 4109s
  3721  3228  363.67551   55 4350          -  349.07973      -   575 4233s
  3728  3230  359.09523   56 3753          -  349.17508      -   577 4398s
  3737  3236  367.75024   59 4051          -  349.17508      -   582 4515s
  3748  3237  368.24129   63 3804          -  349.17508      -   591 4760s
  3754  3242  368.24129   64 3805          -  349.17508      -   594 4851s
  3765  3242  377.30871   68 2335          -  349.17508      -   601 5068s
  3770  3247  378.14713   69 2205          -  349.17508      -   608 5186s
  3779  3248  379.17190   72 1920          -  349.17508      -   614 5336s
  3784  3251  379.19852   73 1981          -  349.17508      -   621 5458s
  3796  3258  382.31345   77 2413          -  349.17508      -   627 5552s
  3809  3266 infeasible   82               -  349.17508      -   632 5646s
  3832  3279 infeasible   87               -  349.17508      -   645 5755s
  3856  3289 infeasible   90               -  349.17508      -   651 5874s
  3886  3315  349.18089   26 3903          -  349.17508      -   663 5945s
  3922  3328  350.02440   35 3747          -  349.17508      -   674 6048s
  3949  3350  351.06159   42 3220          -  349.17508      -   692 6229s
  3984  3369  356.70746   52 2860          -  349.17508      -   713 6375s
  4018  3396  357.50917   61 3437          -  349.17508      -   735 6467s
  4068  3498 infeasible   80               -  350.02440      -   749 6560s
  4221  3473  366.75033   44 3119          -  350.02440      -   776 6676s
  4259  3555  371.34528   55 3845          -  350.02440      -   791 6784s
  4394  3563  353.40966   50 2626          -  350.02440      -   822 6966s
  4447  3716  355.14372   74 3292          -  350.02440      -   829 7060s
  4623  3808  359.51407  142 4183          -  350.02440      -   845 7153s
  4780  3833  357.64490  225 2702          -  350.02440      -   848 7200s

Cutting planes:
  Cover: 27
  Implied bound: 55
  Clique: 7
  MIR: 36
  Flow cover: 8
  GUB cover: 10
  RLT: 75
  Relax-and-lift: 10

Explored 4857 nodes (4315868 simplex iterations) in 7200.19 seconds (8567.55 work units)
Thread count was 4 (of 8 available processors)

Solution count 0

Time limit reached
Best objective -, best bound 3.501000000000e+02, gap -
