
Gurobi 13.0.2 (linux64) logging started Mon Jul 13 06:56:37 2026

Set parameter LogFile to value "src/Resultados/Restriccion_solo_cliques/logs/R112-25.xml_log.log"
Set parameter Threads to value 4
Gurobi Optimizer version 13.0.2 build v13.0.2rc1 (linux64 - "Rocky Linux 9.7 (Blue Onyx)")

CPU model: QEMU Virtual CPU version 2.5+, instruction set [SSE2]
Thread count: 8 physical cores, 8 logical processors, using up to 4 threads

Non-default parameters:
TimeLimit  7200
Threads  4

Optimize a model with 116460 rows, 71700 columns and 667920 nonzeros (Min)
Model fingerprint: 0x1eede40e
Model has 12195 linear objective coefficients
Variable types: 14745 continuous, 56955 integer (56940 binary)
Coefficient statistics:
  Matrix range     [1e+00, 4e+04]
  Objective range  [7e+00, 6e+01]
  Bounds range     [1e+00, 2e+03]
  RHS range        [1e+00, 4e+04]

Presolve removed 35830 rows and 135 columns
Presolve time: 4.30s
Presolved: 80630 rows, 71565 columns, 370470 nonzeros
Variable types: 375 continuous, 71190 integer (63255 binary)
Deterministic concurrent LP optimizer: primal and dual simplex
Showing primal log only...


Root simplex log...

Iteration    Objective       Primal Inf.    Dual Inf.      Time
       0    8.6850000e+02   1.661925e+03   2.131238e+10      7s
   21303    4.4762389e+02   1.704852e+02   4.603426e+09     10s
   30052    4.7450165e+02   6.325750e+01   3.685523e+09     15s
   37440    4.6163384e+02   1.378688e+01   5.096108e+09     20s
   43596    4.4726557e+02   1.545355e-01   4.154378e+07     25s
   50400    3.4397683e+02   0.000000e+00   2.803720e+03     30s
   54393    3.4360000e+02   0.000000e+00   0.000000e+00     35s
Concurrent spin time: 10.14s (can be avoided by choosing Method=3)

Solved with primal simplex

Root relaxation: objective 3.436000e+02, 54393 iterations, 39.34 seconds (24.44 work units)

    Nodes    |    Current Node    |     Objective Bounds      |     Work
 Expl Unexpl |  Obj  Depth IntInf | Incumbent    BestBd   Gap | It/Node Time

     0     0  343.60000    0 2829          -  343.60000      -     -   59s
     0     0  343.60000    0 2696          -  343.60000      -     -   61s
     0     0  343.60000    0 3207          -  343.60000      -     -   78s
     0     0  343.60000    0 3212          -  343.60000      -     -   78s
     0     0  343.60000    0 3211          -  343.60000      -     -   78s
     0     0  343.60000    0 2988          -  343.60000      -     -   83s
     0     0  343.60000    0 2966          -  343.60000      -     -  104s
     0     0  343.60000    0 2966          -  343.60000      -     -  104s
     0     0  343.60000    0 2103          -  343.60000      -     -  115s
     0     0  343.60000    0 2111          -  343.60000      -     -  118s
     0     0  343.60000    0 2104          -  343.60000      -     -  119s
     0     0  343.60000    0 3343          -  343.60000      -     -  143s
     0     0  343.60000    0 2661          -  343.60000      -     -  160s
     0     0  343.60000    0 6871          -  343.60000      -     -  170s
     0     0  343.60000    0 6810          -  343.60000      -     -  171s
     0     0  343.60000    0 8587          -  343.60000      -     -  181s
     0     0  343.60000    0 8587          -  343.60000      -     -  181s
     0     0  343.60000    0 3055          -  343.60000      -     -  196s
     0     0  343.60000    0 4501          -  343.60000      -     -  203s
     0     0  343.60000    0 4518          -  343.60000      -     -  204s
     0     0  343.60000    0 6416          -  343.60000      -     -  219s
     0     0  343.60000    0 3676          -  343.60000      -     -  231s
     0     0  343.60000    0 4249          -  343.60000      -     -  236s
     0     0  343.60000    0 6384          -  343.60000      -     -  244s
     0     0  343.60000    0 6384          -  343.60000      -     -  244s
     0     0  343.60000    0 3276          -  343.60000      -     -  254s
     0     0  343.60000    0 3285          -  343.60000      -     -  256s
     0     0  343.60000    0 3255          -  343.60000      -     -  262s
     0     2  343.60000    0 3246          -  343.60000      -     -  282s
     1     4  343.60000    1 3314          -  343.60000      -   769  285s
     3     8  343.60000    2 3451          -  343.60000      -   546  292s
     7    12  343.60000    3 3208          -  343.60000      -  1046  298s
    11    17  343.60000    4 4129          -  343.60000      -  1107  307s
    16    24  343.78006    5 4353          -  343.60000      -  1038  313s
    23    29  343.60000    5 5272          -  343.60000      -   828  331s
    28    40  343.60000    6 5270          -  343.60000      -   852  340s
    39    53  343.60000    7 7016          -  343.60000      -   768  352s
    52    56  343.60000    8 7283          -  343.60000      -   712  377s
    57    84  343.60000    9 7291          -  343.60000      -  1119  447s
    85   180  343.60000   10 7288          -  343.60000      -   770  506s
   181   460  343.60000   11 7190          -  343.60000      -   493  556s
   462   739  343.79448   95 6780          -  343.60000      -   288  579s
   747   961  343.86094  200 5881          -  343.60000      -   224  599s
   969  1179  344.02668  271 5877          -  343.60000      -   190  613s
  1187  1353  344.10668  338 5923          -  343.60000      -   166  624s
  1361  1432  344.14520  396 6535          -  343.60000      -   154  633s
  1440  1482  344.15165  427 5911          -  343.60000      -   151  641s
  1490  1535  344.16890  459 6203          -  343.60000      -   151  651s
  1543  1560  345.25338  491 5029          -  343.60000      -   152  662s
  1568  1615  346.03507  498 5244          -  343.60000      -   154  671s
  1623  1663  346.24883  514 5240          -  343.60000      -   153  679s
  1671  1709  381.67474  541 4709          -  343.60000      -   154  688s
  1717  1745  381.87133  551 4926          -  343.60000      -   155  697s
  1753  1787  382.59094  565 5927          -  343.60000      -   157  708s
  1795  1845  383.41175  582 5161          -  343.60000      -   158  723s
  1855  1882  383.99080  605 5228          -  343.60000      -   159  739s
  1898  1957  345.08185   46 2780          -  343.60000      -   162  750s
  1979  2096  351.23795   74 2444          -  343.60000      -   159  770s
  2134  2244  378.10191  130 2081          -  343.60000      -   153  781s
  2283  2245  348.35220  148 3255          -  343.60000      -   149 1013s
  2285  2246  346.63334  116 3133          -  343.79911      -   148 1136s
  2286  2247  352.30000  134 3465          -  343.84543      -   148 1162s
  2287  2248  350.52783   39 3712          -  350.52783      -   148 1212s
  2288  2248  351.36419  397 3658          -  351.36419      -   148 1255s
  2289  2249  358.00000  221 3643          -  351.36419      -   148 1301s
  2290  2250  352.17665   41 3880          -  352.17665      -   148 1329s
  2291  2250  352.17764   55 4480          -  352.17764      -   148 1365s
  2292  2251  355.20000  109 3690          -  352.17764      -   148 1400s
  2293  2252  352.18718    5 4308          -  352.18718      -   148 1412s
  2294  2252  362.90000  258 4205          -  353.75333      -   148 1434s
  2295  2253  356.50000  187 4504          -  353.75333      -   148 1450s
  2296  2254  403.12755  472 2524          -  354.03000      -   148 1472s
  2297  2254  354.03000  114 2499          -  354.03000      -   148 1488s
  2298  2255  369.40000  442 2895          -  354.03000      -   148 1526s
  2299  2256  354.10000  167 2585          -  354.10000      -   147 1539s
  2300  2256  354.10000   33 2571          -  354.10000      -   147 1578s
  2301  2257  365.76232   39 3081          -  354.10000      -   147 1591s
  2302  2258  357.50000  320 2327          -  354.10000      -   147 1615s
  2303  2258  354.20528   48 4197          -  354.20528      -   147 1635s
  2304  2259  358.00000  266 4061          -  354.20528      -   147 1663s
  2305  2260  354.24464  143 4781          -  354.24464      -   147 1679s
  2306  2260  354.27415   77 3368          -  354.27415      -   147 1711s
  2307  2261  354.27415   99 3888          -  354.27415      -   147 1728s
  2308  2262  357.17193  213 3600          -  354.27415      -   147 1754s
  2309  2262  354.27415  127 3345          -  354.27415      -   147 1766s
  2310  2263  408.73409  475 2827          -  354.27415      -   147 1809s
  2311  2264  382.31659  542 3379          -  354.27415      -   147 1818s
  2312  2264  358.40000  347 2773          -  354.27415      -   147 1953s
  2313  2265  354.27415  235 3368          -  354.27415      -   147 1963s
  2314  2266  354.27415  207 2637          -  354.27415      -   147 1983s
  2315  2266  358.00000  447 3563          -  354.27415      -   146 1992s
  2316  2267  354.48268  521 1112          -  354.48268      -   146 2012s
  2317  2268  354.78333  156 2422          -  354.78333      -   146 2034s
  2318  2268  357.10000  120 1465          -  354.78333      -   146 2065s
H 2318  2154                     595.9000000  354.78333  40.5%   146 2076s
H 2318  2045                     592.0000000  354.78333  40.1%   146 2076s
  2319  2046  363.10000  122 2620  592.00000  354.78333  40.1%   146 2084s
  2320  2047  377.20000  468 1204  592.00000  354.78333  40.1%   146 2104s
H 2320  1944                     589.4000000  354.78333  39.8%   146 2106s
H 2320  1846                     582.6000000  354.78333  39.1%   146 2106s
  2321  1846  383.38512  566 2248  582.60000  354.78333  39.1%   146 2112s
  2322  1847  365.00000  302 1200  582.60000  355.05000  39.1%   146 2129s
  2323  1848  355.05000    8 1922  582.60000  355.05000  39.1%   146 2141s
  2324  1848  355.05000   60 2062  582.60000  355.05000  39.1%   146 2157s
  2325  1849  355.05000  530 2555  582.60000  355.05000  39.1%   146 2180s
  2326  1850  364.10000  382 1219  582.60000  355.05000  39.1%   146 2202s
  2327  1850  355.05000   49 2145  582.60000  355.05000  39.1%   146 2216s
  2328  1851  355.05000   73 1140  582.60000  355.05000  39.1%   146 2238s
  2331  1854  355.05000  118 3255  582.60000  355.05000  39.1%   347 2258s
H 2332  1762                     564.5000000  355.05000  37.1%   346 2330s
H 2332  1674                     545.8000000  355.05000  34.9%   346 2338s
H 2332  1590                     516.7000000  355.05000  31.3%   346 2348s
H 2332  1510                     512.1000000  355.05000  30.7%   346 2348s
  2333  1510  355.05000  230 4111  512.10000  355.05000  30.7%   346 2369s
  2334  1511  355.05000  164 4450  512.10000  355.05000  30.7%   346 2396s
  2335  1512  383.46175  588 4508  512.10000  355.05000  30.7%   346 2424s
  2336  1512  357.50000  325 3486  512.10000  355.05000  30.7%   346 2450s
  2337  1513  355.05000  168 3899  512.10000  355.05000  30.7%   346 2463s
  2338  1514  355.05000  513 3377  512.10000  355.05000  30.7%   345 2493s
  2339  1514  363.32026  113 3882  512.10000  355.05000  30.7%   345 2508s
  2340  1515  357.50000  104 2263  512.10000  355.05000  30.7%   345 2543s
  2341  1516  360.20000  293 2533  512.10000  355.05000  30.7%   345 2559s
  2342  1516  355.05000   66 1853  512.10000  355.05000  30.7%   345 2592s
  2343  1517  355.05000   89 4257  512.10000  355.05000  30.7%   345 2611s
  2344  1518  355.40000  336 2461  512.10000  355.05000  30.7%   345 2635s
  2345  1518  384.91917  172 3577  512.10000  355.05000  30.7%   344 2651s
  2346  1519  368.40000  317 2833  512.10000  355.05000  30.7%   344 2689s
  2347  1520  380.34623  220 3842  512.10000  355.05000  30.7%   344 2705s
  2348  1520  355.05000  122 2583  512.10000  355.05000  30.7%   344 2764s
  2349  1521  371.60000  543 3663  512.10000  355.05000  30.7%   344 2782s
  2350  1522  355.05000   22 1289  512.10000  355.05000  30.7%   344 2813s
  2351  1522  355.90000  402 3353  512.10000  355.05000  30.7%   344 2845s
  2352  1523  355.05000   70  782  512.10000  355.05000  30.7%   343 2881s
  2353  1524  355.05000   64 2913  512.10000  355.05000  30.7%   343 2908s
  2354  1524  382.66134  539 1465  512.10000  355.05000  30.7%   343 2956s
  2355  1525  363.30000  457 1465  512.10000  355.05000  30.7%   343 2976s
  2356  1526  365.00000  296 1465  512.10000  355.05000  30.7%   343 2988s
  2357  1529  355.05000   28 3040  512.10000  355.05000  30.7%   464 3012s
  2359  1533  355.05000   29 3043  512.10000  355.05000  30.7%   465 3026s
H 2363  1459                     509.1000000  355.05000  30.3%   466 3035s
  2367  1467  355.05000   31 2795  509.10000  355.05000  30.3%   467 3043s
  2376  1472  355.05000   32 2867  509.10000  355.05000  30.3%   470 3049s
  2384  1476  355.65312   32 2727  509.10000  355.05000  30.3%   471 3055s
  2391  1479  356.70602   33 4426  509.10000  355.05000  30.3%   472 3064s
  2396  1484  355.05000   34 2663  509.10000  355.05000  30.3%   476 3072s
  2403  1489  355.05000   35 2455  509.10000  355.05000  30.3%   477 3080s
  2410  1493  355.05000   36 2713  509.10000  355.05000  30.3%   482 3085s
  2416  1498  355.05000   37 3140  509.10000  355.05000  30.3%   483 3092s
  2423  1500  355.05000   38 2882  509.10000  355.05000  30.3%   483 3098s
  2430  1502  355.08520   39 3570  509.10000  355.05000  30.3%   484 3104s
  2434  1507  356.70550   39 3248  509.10000  355.05000  30.3%   486 3112s
  2440  1512  355.08520   40 4101  509.10000  355.05000  30.3%   486 3118s
  2447  1515  355.08520   41 4106  509.10000  355.05000  30.3%   487 3125s
  2453  1519  355.08520   42 3383  509.10000  355.05000  30.3%   488 3133s
  2459  1524  355.08520   43 3276  509.10000  355.05000  30.3%   489 3142s
  2466  1528  355.08520   44 3617  509.10000  355.05000  30.3%   492 3153s
H 2472  1460                     494.0000000  355.05000  28.1%   492 3164s
  2481  1464  355.08520   46 3377  494.00000  355.05000  28.1%   493 3175s
  2490  1469  355.36364   48 4100  494.00000  355.05000  28.1%   495 3185s
  2498  1471  357.86940   48 4339  494.00000  355.05000  28.1%   498 3197s
  2503  1476  355.43333   49 3955  494.00000  355.05000  28.1%   500 3211s
  2509  1485  355.43333   50 2805  494.00000  355.05000  28.1%   502 3222s
  2520  1491  355.62500   51 3346  494.00000  355.05000  28.1%   503 3229s
  2530  1503  361.93577   52 3023  494.00000  355.05000  28.1%   505 3237s
  2545  1506  355.62500   54 3491  494.00000  355.05000  28.1%   505 3252s
  2553  1510  355.62500   55 3763  494.00000  355.05000  28.1%   507 3268s
  2560  1513  356.73445   55 4205  494.00000  355.05000  28.1%   509 3285s
  2567  1514  355.62500   56 3725  494.00000  355.05000  28.1%   510 3330s
  2571  1519  355.62500   56 3765  494.00000  355.05000  28.1%   510 3345s
  2577  1523  355.62500   57 3618  494.00000  355.05000  28.1%   511 3365s
  2583  1525  363.88602   57 3256  494.00000  355.05000  28.1%   511 3376s
  2587  1534  355.73333   58 3743  494.00000  355.05000  28.1%   511 3386s
  2597  1541  355.73333   59 3794  494.00000  355.05000  28.1%   512 3399s
  2608  1550  356.20000   62 3595  494.00000  355.05000  28.1%   511 3418s
  2620  1557  361.93577   64 3096  494.00000  355.05000  28.1%   512 3432s
  2631  1571  358.42500   67 3541  494.00000  355.05000  28.1%   512 3446s
  2649  1583  361.77633   70 2873  494.00000  355.05000  28.1%   514 3463s
  2667  1586  360.16595   73 2443  494.00000  355.05000  28.1%   515 3490s
  2676  1597  360.76135   74 2816  494.00000  355.05000  28.1%   516 3512s
  2690  1610  360.84616   78 2574  494.00000  355.05000  28.1%   516 3539s
  2708  1619  361.09485   81 3639  494.00000  355.05000  28.1%   516 3564s
  2727  1633  361.22530   85 3481  494.00000  355.05000  28.1%   518 3590s
  2747  1644  365.93418   89 3728  494.00000  355.05000  28.1%   518 3619s
  2765  1655  374.89740   91 2755  494.00000  355.05000  28.1%   518 3653s
  2782  1680  361.34162   94 3442  494.00000  355.05000  28.1%   519 3674s
H 2818  1606                     472.3000000  355.05000  24.8%   519 3697s
  2826  1636 infeasible  102       472.30000  355.05000  24.8%   519 3728s
  2863  1716  361.64922  106 4048  472.30000  355.05000  24.8%   517 3747s
  2961  1764  362.82760  119 2457  472.30000  355.05000  24.8%   513 3766s
  3066  1756  387.50496  134 4066  472.30000  355.05000  24.8%   511 3784s
  3095  1826  388.18935  135 4187  472.30000  355.05000  24.8%   512 3803s
  3179  1849  392.44984  147 3632  472.30000  355.05000  24.8%   512 3821s
  3230  1875  399.15361  147 3069  472.30000  355.05000  24.8%   510 3847s
  3275  1859     cutoff  154       472.30000  355.05000  24.8%   513 3876s
  3284  1860 infeasible  154       472.30000  355.05000  24.8%   514 3898s
  3296  1864 infeasible  155       472.30000  355.05000  24.8%   518 3918s
H 3307  1796                     457.4000000  355.05000  22.4%   518 3918s
  3314  1841  366.62506   34 3341  457.40000  355.05000  22.4%   520 3939s
  3362  1868  358.09528   37 3450  457.40000  355.05000  22.4%   522 3961s
  3409  1868  358.46479   40 4079  457.40000  355.05000  22.4%   524 4002s
  3424  1888  359.62551   41 3048  457.40000  355.05000  22.4%   525 4031s
  3449  1914  359.89065   44 3442  457.40000  355.05000  22.4%   527 4060s
  3486  1939  369.52092   53 2960  457.40000  355.05000  22.4%   528 4096s
  3523  1958     cutoff   63       457.40000  355.05000  22.4%   531 4132s
  3562  1983  397.45358   67 2809  457.40000  355.05000  22.4%   536 4174s
  3600  1991  398.12891   76 3501  457.40000  355.05000  22.4%   538 4233s
  3621  2021  412.00629   76 4786  457.40000  355.05000  22.4%   539 4264s
  3658  2102  425.24514   82 4646  457.40000  355.05000  22.4%   541 4293s
  3755  2099  399.36396   94 5286  457.40000  355.05000  22.4%   538 4329s
  3785  2186  399.52735   97 4883  457.40000  355.05000  22.4%   538 4373s
  3898  2199  401.11379  109 4005  457.40000  355.05000  22.4%   535 4422s
  3951  2271  407.64066  113 4685  457.40000  355.05000  22.4%   536 4458s
  4041  2342  402.85492  118 1609  457.40000  355.05000  22.4%   536 4501s
  4157  2314  439.49499  126 1798  457.40000  355.05000  22.4%   534 4546s
  4183  2456     cutoff  137       457.40000  355.28268  22.3%   531 4585s
  4373  2396  370.92536   37 4788  457.40000  355.28268  22.3%   520 4635s
  4377  2399  371.02502   38 4908  457.40000  355.28268  22.3%   520 4679s
  4381  2402  377.40574   38 3760  457.40000  355.28268  22.3%   520 4729s
  4385  2404  371.02502   39 4183  457.40000  355.28268  22.3%   520 4779s
  4389  2407  371.02528   39 5291  457.40000  355.28268  22.3%   520 4826s
  4393  2422  375.85367   40 1344  457.40000  355.28268  22.3%   521 4899s
H 4395  2307                     431.2000000  355.28268  17.6%   521 4899s
  4409  2425  371.02528   40 4975  431.20000  355.28268  17.6%   520 4993s
  4578  2451  376.58697   47  656  431.20000  355.28268  17.6%   514 5037s
  4749  2518  360.36732   32 4066  431.20000  355.28268  17.6%   505 5081s
  4925  2591  358.07763   39 2889  431.20000  355.28268  17.6%   502 5128s
  5073  2703  360.16160   47  353  431.20000  355.28268  17.6%   500 5176s
  5309  2627  361.76716   58 2100  431.20000  355.28268  17.6%   491 5231s
  5314  2679  380.61545   58  583  431.20000  355.28268  17.6%   491 5321s
  5396  2690  362.08142   59  889  431.20000  355.28268  17.6%   488 5394s
  5487  2663  386.90011   59  528  431.20000  355.28268  17.6%   484 5478s
  5492  2665  362.08259   60  563  431.20000  355.28268  17.6%   484 5546s
  5496  2668  386.26413   60  480  431.20000  355.28268  17.6%   484 5619s
  5500  2671  362.11088   61 1235  431.20000  355.28268  17.6%   484 5714s
  5504  2672  386.26413   61  405  431.20000  355.28268  17.6%   484 5777s
  5509  2674  362.14994   62  525  431.20000  355.28268  17.6%   483 5864s
  5514  2674 infeasible   62       431.20000  355.28268  17.6%   483 5925s
  5520  2680  386.26413   63  554  431.20000  355.28268  17.6%   483 5997s
  5578  2684  362.16865   64 1303  431.20000  355.28268  17.6%   479 6067s
  5601  2715  372.37155   64  265  431.20000  355.28268  17.6%   480 6137s
  5641  2777  362.16865   65 1303  431.20000  355.28268  17.6%   479 6208s
  5718  2795  371.14318   65 1044  431.20000  355.28268  17.6%   475 6310s
  5786  2841  362.18205   66 1333  431.20000  355.28268  17.6%   473 6399s
  5879  2885  386.90011   66  618  431.20000  355.28268  17.6%   471 6502s
  6026  3042  362.19956   67  626  431.20000  355.28268  17.6%   463 6606s
  6191  3272  382.11119   67  622  431.20000  355.28268  17.6%   456 6682s
  6435  3626  385.61170   69  622  431.20000  355.63328  17.5%   445 6754s
  6813  3955  380.11750  114  635  431.20000  355.63328  17.5%   433 6829s
  7174  4189  382.36080  158  969  431.20000  355.63328  17.5%   423 6904s
  7500  4414  390.04591   44 1628  431.20000  355.63328  17.5%   420 6989s
  7804  4946  423.76457  116  789  431.20000  355.74000  17.5%   414 7081s
  8416  5206  378.21954  145 2528  431.20000  355.85000  17.5%   398 7163s
  8728  5382  356.20000   36 2882  431.20000  356.05000  17.4%   395 7200s

Cutting planes:
  Learned: 1
  Gomory: 26
  Cover: 93
  Implied bound: 46
  Projected implied bound: 79
  Clique: 33
  MIR: 54
  Knapsack: 1
  StrongCG: 7
  Flow cover: 122
  GUB cover: 15
  Zero half: 54
  RLT: 107
  Relax-and-lift: 46

Explored 8935 nodes (3699059 simplex iterations) in 7200.39 seconds (8010.43 work units)
Thread count was 4 (of 8 available processors)

Solution count 10: 431.2 457.4 472.3 ... 582.6

Time limit reached
Best objective 4.312000000000e+02, best bound 3.561000000000e+02, gap 17.4165%
