
Gurobi 13.0.2 (linux64) logging started Sat Jul 11 00:16:21 2026

Set parameter LogFile to value "src/Resultados/Restriccion_solo_cliques/logs/C206-50.xml_log.log"
Set parameter Threads to value 4
Gurobi Optimizer version 13.0.2 build v13.0.2rc1 (linux64 - "Rocky Linux 9.7 (Blue Onyx)")

CPU model: QEMU Virtual CPU version 2.5+, instruction set [SSE2]
Thread count: 8 physical cores, 8 logical processors, using up to 4 threads

Non-default parameters:
TimeLimit  7200
Threads  4

Optimize a model with 395003 rows, 237000 columns and 2361840 nonzeros (Min)
Model fingerprint: 0xc8b78de0
Model has 30450 linear objective coefficients
Variable types: 51780 continuous, 185220 integer (185205 binary)
Coefficient statistics:
  Matrix range     [1e+00, 1e+05]
  Objective range  [2e+00, 6e+01]
  Bounds range     [1e+00, 4e+03]
  RHS range        [1e+00, 1e+05]

Presolve removed 51030 rows and 45 columns (presolve time = 5s)...
Presolve removed 102019 rows and 45 columns (presolve time = 12s)...
Presolve removed 102079 rows and 105 columns (presolve time = 15s)...
Presolve removed 128094 rows and 105 columns (presolve time = 20s)...
Presolve removed 128124 rows and 120 columns (presolve time = 25s)...
Presolve removed 128139 rows and 120 columns (presolve time = 30s)...
Presolve removed 128139 rows and 120 columns
Presolve time: 34.32s
Presolved: 266864 rows, 236880 columns, 1222635 nonzeros
Variable types: 750 continuous, 236130 integer (209775 binary)
Deterministic concurrent LP optimizer: primal simplex, dual simplex, and barrier
Showing barrier log only...

Root barrier log...

Elapsed ordering time = 5s
Elapsed ordering time = 7s
Elapsed ordering time = 10s
Elapsed ordering time = 10s
Ordering time: 11.49s

Barrier statistics:
 Dense cols : 15
 AA' NZ     : 3.964e+06
 Factor NZ  : 2.233e+07 (roughly 400 MB of memory)
 Factor Ops : 1.324e+10 (roughly 2 seconds per iteration)
 Threads    : 1

                  Objective                Residual
Iter       Primal          Dual         Primal    Dual     Compl     Time
   0   4.52734117e+06 -7.05093592e+06  9.22e+05 1.11e-16  2.84e+02   116s
   1   2.08641480e+06 -7.25685499e+06  4.31e+05 3.12e-01  1.29e+02   118s
   2   4.77032632e+05 -8.91828574e+06  9.75e+04 3.30e-03  3.80e+01   120s
   3   3.91569042e+05 -6.55601421e+06  8.02e+04 2.03e-03  2.81e+01   122s
   4   1.21186535e+05 -1.51878241e+06  2.46e+04 8.57e-05  7.27e+00   129s
   5   7.90357249e+03 -2.44527356e+05  1.34e+03 6.23e-13  6.31e-01   133s
   6   5.27110804e+03 -8.59419811e+04  8.04e+02 1.50e-13  2.50e-01   136s
   7   2.14700875e+03 -2.36979771e+04  2.38e+02 4.97e-14  6.92e-02   141s
   8   1.33319444e+03 -7.49009117e+03  9.32e+01 1.47e-14  2.45e-02   144s
   9   7.21057600e+02 -2.15442827e+03  2.05e+01 1.00e-14  6.75e-03   148s
  10   4.68795827e+02 -3.50863233e+02  2.43e+00 3.89e-15  1.54e-03   152s
  11   3.62016463e+02  2.65637906e+02  1.26e-01 2.53e-15  1.62e-04   156s
  12   3.46004460e+02  3.40180551e+02  1.34e-04 4.47e-15  9.13e-06   159s
  13   3.45812703e+02  3.45325386e+02  4.80e-06 2.49e-15  7.64e-07   163s
  14   3.45800202e+02  3.45796790e+02  2.56e-08 8.96e-16  5.35e-09   165s
  15   3.45800000e+02  3.45799997e+02  1.47e-11 8.88e-16  5.35e-12   168s

Barrier solved model in 15 iterations and 167.98 seconds (40.44 work units)
Optimal objective 3.45800000e+02


Root crossover log...

   35934 DPushes remaining with DInf 0.0000000e+00               171s
       0 DPushes remaining with DInf 0.0000000e+00               173s

  105009 PPushes remaining with PInf 2.0943871e-05               173s
   83005 PPushes remaining with PInf 0.0000000e+00               187s
   62835 PPushes remaining with PInf 0.0000000e+00               197s
   56803 PPushes remaining with PInf 0.0000000e+00               209s
   55126 PPushes remaining with PInf 0.0000000e+00               212s
   52689 PPushes remaining with PInf 0.0000000e+00               216s
   49897 PPushes remaining with PInf 0.0000000e+00               220s
   46211 PPushes remaining with PInf 0.0000000e+00               225s
   42207 PPushes remaining with PInf 0.0000000e+00               232s
   40299 PPushes remaining with PInf 0.0000000e+00               235s
   35369 PPushes remaining with PInf 0.0000000e+00               240s
   32045 PPushes remaining with PInf 0.0000000e+00               245s
   29267 PPushes remaining with PInf 0.0000000e+00               250s
    3920 PPushes remaining with PInf 0.0000000e+00               301s
     707 PPushes remaining with PInf 0.0000000e+00               305s
       0 PPushes remaining with PInf 0.0000000e+00               306s

  Push phase complete: Pinf 0.0000000e+00, Dinf 3.6359804e-15    306s


Root simplex log...

Iteration    Objective       Primal Inf.    Dual Inf.      Time
  140946    3.4580000e+02   0.000000e+00   0.000000e+00    306s
Crossover time: 138.31 seconds (39.76 work units)
Concurrent spin time: 0.07s

Solved with barrier

Root relaxation: objective 3.458000e+02, 140946 iterations, 256.72 seconds (67.69 work units)

    Nodes    |    Current Node    |     Objective Bounds      |     Work
 Expl Unexpl |  Obj  Depth IntInf | Incumbent    BestBd   Gap | It/Node Time

     0     0  345.80000    0 14734          -  345.80000      -     -  686s
     0     0  345.80000    0 8566          -  345.80000      -     -  694s
     0     0  345.80000    0 12314          -  345.80000      -     -  797s
     0     0  345.80000    0 12304          -  345.80000      -     -  812s
     0     0  345.80000    0 20133          -  345.80000      -     -  880s
     0     0  345.80000    0 20133          -  345.80000      -     -  880s
     0     0  345.80000    0 12235          -  345.80000      -     - 1165s
     0     0  345.80000    0 12233          -  345.80000      -     - 1176s
     0     0  345.80000    0 16854          -  345.80000      -     - 1295s
     0     0  345.80000    0 16854          -  345.80000      -     - 1295s
     0     0  345.80000    0 7200          -  345.80000      -     - 1457s
     0     0  345.80000    0 7194          -  345.80000      -     - 1467s
     0     0  345.80000    0 18952          -  345.80000      -     - 1566s
     0     0  345.80000    0 18952          -  345.80000      -     - 1566s
     0     0  345.80000    0 15921          -  345.80000      -     - 1932s
     0     0  345.80000    0 15921          -  345.80000      -     - 1943s
     0     0  345.80000    0 19519          -  345.80000      -     - 1952s
     0     0  345.80000    0 26808          -  345.80000      -     - 2073s
     0     0  345.80000    0 26808          -  345.80000      -     - 2073s
     0     0  345.80000    0 11645          -  345.80000      -     - 2602s
     0     0  345.80000    0 16248          -  345.80000      -     - 2619s
     0     0  345.80000    0 16952          -  345.80000      -     - 2625s
     0     0  345.80000    0 30146          -  345.80000      -     - 2725s
     0     0  345.80000    0 30146          -  345.80000      -     - 2726s
     0     0  345.80000    0 7504          -  345.80000      -     - 3027s
     0     0  345.80000    0 7504          -  345.80000      -     - 3049s
     0     0  345.80000    0 7342          -  345.80000      -     - 3148s
     0     2  345.80000    0 7180          -  345.80000      -     - 3809s
     1     4  345.80000    1 6906          -  345.80000      -   3.0 3881s
     3     8  345.80000    2 4900          -  345.80000      -  3665 4069s
     7     8  345.80000    3 14704          -  345.80000      -  3557 4116s
    11    29  345.80000    4 14318          -  345.80000      -  2731 4214s
    31    29  345.80000    4 22074          -  345.80000      -  1805 4215s
    36    68 infeasible   11               -  345.80000      -  1683 4385s
    99   236  345.80000   24 13718          -  345.80000      -  1387 4573s
   267   428  345.80000   39 8510          -  345.80000      -   704 4777s
   459   546  345.80796  101 8475          -  345.80000      -   515 4953s
   583   736  345.81580  164 8468          -  345.80000      -   463 5202s
   773   936  345.82168  227 10377          -  345.80000      -   370 5368s
   973  1165  345.83066  290 8124          -  345.80000      -   316 5552s
  1202  1417  345.83508  353 10012          -  345.80000      -   278 5654s
  1454  1604  345.84020  416 10004          -  345.80000      -   243 5806s
  1641  1793  345.84688  479 9188          -  345.80000      -   238 5916s
  1830  1980  345.85275  542 10027          -  345.80000      -   234 6046s
  2017  2184  345.85675  605 9229          -  345.80000      -   231 6162s
  2221  2408  345.85942  668 9223          -  345.80000      -   227 6282s
  2445  2631  345.86809  731 9227          -  345.80000      -   221 6387s
  2668  2851  345.87398  794 10027          -  345.80000      -   215 6495s
  2888  2922  345.87955  857 9877          -  345.80000      -   209 7205s

Cutting planes:
  Gomory: 7
  Cover: 55
  Implied bound: 267
  Clique: 515
  MIR: 1320
  Flow cover: 2
  GUB cover: 4
  RLT: 224
  Relax-and-lift: 488

Explored 2959 nodes (1350148 simplex iterations) in 7209.14 seconds (4003.29 work units)
Thread count was 4 (of 8 available processors)

Solution count 0

Time limit reached
Best objective -, best bound 3.458000000000e+02, gap -
