
Gurobi 13.0.2 (linux64) logging started Mon Jun 29 20:46:30 2026

Set parameter LogFile to value "src/Resultados/Restriccion demanda/logs/C104-25.xml_log.log"
Set parameter Threads to value 4
Gurobi Optimizer version 13.0.2 build v13.0.2rc1 (linux64 - "Rocky Linux 9.7 (Blue Onyx)")

CPU model: QEMU Virtual CPU version 2.5+, instruction set [SSE2]
Thread count: 8 physical cores, 8 logical processors, using up to 4 threads

Non-default parameters:
TimeLimit  7200
Threads  4

Optimize a model with 150107 rows, 91770 columns and 1336245 nonzeros (Min)
Model fingerprint: 0x2bd7f017
Model has 14595 linear objective coefficients
Variable types: 19155 continuous, 72615 integer (72600 binary)
Coefficient statistics:
  Matrix range     [1e+00, 4e+04]
  Objective range  [1e+00, 6e+01]
  Bounds range     [1e+00, 2e+03]
  RHS range        [1e+00, 4e+04]

Presolve removed 46698 rows and 120 columns (presolve time = 5s)...
Presolve removed 46713 rows and 120 columns
Presolve time: 8.15s
Presolved: 103394 rows, 91650 columns, 490170 nonzeros
Variable types: 360 continuous, 91290 integer (81075 binary)
Deterministic concurrent LP optimizer: primal and dual simplex
Showing primal log only...


Root simplex log...

Iteration    Objective       Primal Inf.    Dual Inf.      Time
       0    1.0407000e+03   1.966513e+03   4.834794e+10     13s
   17961    5.3766596e+02   2.624267e+02   4.177682e+09     15s
   28683    2.5322571e+02   9.992546e+01   8.263796e+09     20s
   35671    2.1704368e+02   3.512094e+01   9.089229e+09     25s
   42695    2.1843553e+02   1.457695e+01   1.970206e+09     30s
   46525    1.6930505e+02   0.000000e+00   4.811360e+05     35s
   50783    1.5900000e+02   1.003472e+01   0.000000e+00     40s
   53643    1.5900001e+02   2.761157e+00   0.000000e+00     45s
   55591    1.5900002e+02   8.727981e-03   0.000000e+00     50s
   55852    1.5900000e+02   0.000000e+00   0.000000e+00     51s
Concurrent spin time: 14.30s (can be avoided by choosing Method=3)

Solved with primal simplex

Root relaxation: objective 1.590000e+02, 55852 iterations, 54.18 seconds (31.67 work units)

    Nodes    |    Current Node    |     Objective Bounds      |     Work
 Expl Unexpl |  Obj  Depth IntInf | Incumbent    BestBd   Gap | It/Node Time

     0     0  159.00000    0 6425          -  159.00000      -     -   83s
     0     0  159.00000    0 6560          -  159.00000      -     -  108s
     0     0  159.00000    0 6556          -  159.00000      -     -  113s
     0     0  159.00000    0 4347          -  159.00000      -     -  128s
     0     0  159.00000    0 4346          -  159.00000      -     -  128s
     0     0  159.00000    0 4346          -  159.00000      -     -  147s
     0     0  159.00000    0 4346          -  159.00000      -     -  151s
     0     0  159.00000    0 4529          -  159.00000      -     -  159s
     0     0  159.00000    0 4529          -  159.00000      -     -  195s
     0     0  159.00000    0 7247          -  159.00000      -     -  203s
     0     0  159.00000    0 7084          -  159.00000      -     -  212s
     0     0  159.00000    0 7084          -  159.00000      -     -  253s
     0     0  159.00000    0 7837          -  159.00000      -     -  258s
     0     0  159.00000    0 8310          -  159.00000      -     -  262s
     0     0  159.00000    0 8310          -  159.00000      -     -  289s
     0     0  159.00000    0 8228          -  159.00000      -     -  293s
     0     0  159.00000    0 9466          -  159.00000      -     -  299s
     0     0  159.00000    0 9466          -  159.00000      -     -  352s
     0     0  159.00000    0 9683          -  159.00000      -     -  356s
     0     0  159.00000    0 8376          -  159.00000      -     -  364s
     0     0  159.00000    0 8376          -  159.00000      -     -  413s
     0     0  159.00000    0 8376          -  159.00000      -     -  415s
     0     0  159.00000    0 8376          -  159.00000      -     -  451s
     0     2  159.00000    0 8376          -  159.00000      -     -  521s
     3     8  159.00000    2 9434          -  159.00000      -   528  530s
     7    12  159.00000    3 8796          -  159.00000      -   736  538s
    11    16  159.00000    4 7726          -  159.00000      -   858  560s
    15    48  159.00000    5 5162          -  159.00000      -  1045  584s
    55   168  159.28830   14 3807          -  159.00000      -   720  619s
   179   374  159.25597   45 9058          -  159.00000      -   453  672s
   385   858  159.03410   62 10193          -  159.00000      -   326  710s
   869  1256  159.64658  222 10561          -  159.00000      -   157  759s
  1267  1630  159.97277  383 12545          -  159.00000      -   116  781s
  1641  1897  160.11606  544 9579          -  159.00000      -  94.5  803s
  1908  2216  160.32505  639 9195          -  159.00000      -  87.4  824s
  2227  2508  160.48706  726 8757          -  159.00000      -  79.0  843s
  2519  2837  160.76640  816 9218          -  159.00000      -  74.8  863s
  2848  3163  161.04177  886 7851          -  159.00000      -  70.1  882s
  3174  3394  161.34656  980 7566          -  159.00000      -  66.0  902s
  3405  3531  163.12459 1061 10014          -  159.00000      -  65.2  919s
  3542  3629  163.60896 1149 7825          -  159.00000      -  67.0  935s
  3640  3674  188.16100 1202 6403          -  159.00000      -  69.7  950s
  3685  3755  191.87138 1217 8922          -  159.00000      -  74.3  968s
  3766  3876  193.12730 1239 6947          -  159.00000      -  77.1 1047s
  3887  3923  197.44047 1272 8167          -  159.00000      -  79.0 1092s
  3934  4028  215.20160 1278 7823          -  159.00000      -  82.5 1108s
  4045  4032  243.42094 1332 9794          -  159.00000      -  84.6 1296s
  4049  4036  243.42094 1333 9801          -  159.00000      -  84.6 1328s
  4053  4040  243.49885 1334 9805          -  159.00000      -  84.5 1371s
  4057  4117  243.52311 1335 9811          -  159.00000      -  84.5 1399s
  4135  4281  243.69841 1336 9800          -  159.00000      -  83.2 1421s
  4299  4443  243.79096 1337 10123          -  159.00000      -  80.5 1449s
  4463  4607  243.79693 1338 9027          -  159.00000      -  77.8 1472s
  4627  4733  243.81255 1339 9029          -  159.00000      -  75.2 1531s
  4753  4900  243.82461 1340 9081          -  159.00000      -  73.5 1558s
  4920  5041  246.87608 1368 8803          -  159.00000      -  72.1 1581s
  5062  5194  286.28213 1384 9600          -  159.00000      -  73.2 1605s
  5221  5195  177.29007 1413 8376          -  159.00000      -  73.3 2036s
  5223  5196  159.25033   11 3296          -  159.25033      -  73.3 2140s
  5224  5197  163.90000  603 3204          -  161.82657      -  73.3 2197s
  5225  5198  181.44482 1186 2898          -  167.72706      -  73.3 2230s
  5226  5198  170.89314  809 2918          -  167.72706      -  73.2 2273s
  5227  5199  167.79357  867 3406          -  167.79357      -  73.2 2314s
  5228  5200  167.79357  746 3524          -  167.79357      -  73.2 2360s
  5229  5200  171.40000  771 2479          -  167.79357      -  73.2 2376s
  5230  5201  203.00000 2193 2888          -  167.79357      -  73.2 2407s
  5231  5202  167.89492  493 3948          -  167.89492      -  73.2 2427s
  5232  5202  188.10000  820 4423          -  167.89798      -  73.2 2469s
  5233  5203  168.12008  172 1758          -  168.12008      -  73.1 2484s
  5234  5204  175.56857 1032 2921          -  168.12008      -  73.1 2527s
  5235  5204  168.39697  884 4443          -  168.39697      -  73.1 2549s
  5236  5205  177.21398 1066 6009          -  168.39732      -  73.1 2593s
  5237  5206  188.10000  877 4095          -  168.45827      -  73.1 2626s
  5238  5206  168.55098  164 4150          -  168.55098      -  73.1 2686s
  5239  5207  192.42100 1364 6085          -  168.55138      -  73.1 2702s
  5240  5208  193.40000 2076 4389          -  168.55270      -  73.1 2727s
  5241  5208  168.85630  262 5900          -  168.85630      -  73.0 2738s
  5242  5209  188.58366  925 5568          -  168.90000      -  73.0 2802s
  5243  5210  169.00000  272 8808          -  169.00000      -  73.0 2829s
  5244  5210  171.40000  710 5836          -  169.00000      -  73.0 2877s
  5245  5211  169.00000   72 6673          -  169.00000      -  73.0 2890s
  5246  5212  169.10000   37 5600          -  169.10000      -  73.0 2954s
  5247  5212  184.13005 2098 4728          -  169.10000      -  73.0 2965s
  5248  5213  169.10000  437 4238          -  169.10000      -  72.9 2999s
  5249  5214  193.90000 1101 4042          -  169.10000      -  72.9 3011s
  5250  5214  179.90000  533 2268          -  169.10000      -  72.9 3034s
  5251  5215  176.98224 1008 2911          -  169.10000      -  72.9 3042s
  5252  5216  173.70000 1102 4163          -  169.10000      -  72.9 3066s
  5253  5216  177.64585  949 4171          -  169.10000      -  72.9 3077s
  5254  5217  178.79314  545 8219          -  169.10166      -  72.9 3122s
  5255  5218  219.20000  700 8105          -  169.10166      -  72.8 3137s
  5256  5218  190.10000  826 5987          -  169.11789      -  72.8 3184s
  5257  5219  169.80000  397 4979          -  169.12801      -  72.8 3197s
  5258  5220  198.45297 1608 2841          -  169.16038      -  72.8 3217s
  5259  5220  188.00000  803 2942          -  169.16038      -  72.8 3226s
  5260  5221  204.20000 1092 6374          -  169.16898      -  72.8 3272s
  5261  5222  192.42100 1324 5264          -  169.18458      -  72.8 3288s
  5262  5222  169.18779  757 5045          -  169.18779      -  72.7 3328s
H 5262  4960                     353.9000000  169.18779  52.2%  72.7 3334s
H 5262  4711                     351.7000000  169.18779  51.9%  72.7 3334s
  5263  4712  169.18779  823 5967  351.70000  169.18779  51.9%  72.7 3345s
  5264  4713  169.18779  408 3691  351.70000  169.18779  51.9%  72.7 3379s
  5265  4713  169.18779  669 3919  351.70000  169.18779  51.9%  72.7 3388s
  5266  4714  169.18779  664 3143  351.70000  169.18779  51.9%  72.7 3414s
  5267  4715  178.40000  540 5472  351.70000  169.18780  51.9%  72.7 3426s
  5268  4715  189.20000 1926 2205  351.70000  169.20421  51.9%  72.7 3458s
H 5268  4478                     337.8000000  169.20570  49.9%  72.7 3469s
H 5268  4254                     336.8000000  169.20570  49.8%  72.7 3469s
H 5268  4040                     333.5000000  169.20570  49.3%  72.7 3469s
H 5268  3837                     331.2000000  169.20570  48.9%  72.7 3469s
  5269  3838  169.20570   64 3050  331.20000  169.20570  48.9%  72.6 3470s
H 5269  3646                     330.4000000  169.21038  48.8%  72.6 3472s
  5270  3647  171.10000  730 4079  330.40000  169.21038  48.8%  72.6 3504s
H 5270  3463                     329.8000000  169.21038  48.7%  72.6 3505s
H 5270  3289                     327.9000000  169.21038  48.4%  72.6 3505s
H 5270  3124                     318.5000000  169.21038  46.9%  72.6 3505s
H 5270  2967                     312.8000000  169.21038  45.9%  72.6 3505s
  5271  2967  169.21038  183 2605  312.80000  169.21038  45.9%  72.6 3511s
  5272  2968  194.45891 1170 1907  312.80000  169.21085  45.9%  72.6 3542s
  5273  2969  174.30000 1079  848  312.80000  169.21085  45.9%  72.6 3548s
  5274  2969  169.21331  144 3087  312.80000  169.21331  45.9%  72.6 3573s
  5275  2970  198.10000 1897 3067  312.80000  169.21443  45.9%  72.6 3588s
  5276  2971  180.28639  532 1867  312.80000  169.21443  45.9%  72.6 3619s
  5277  2971  169.21443   32  915  312.80000  169.21443  45.9%  72.5 3625s
  5278  2972  244.37150 1355 4211  312.80000  169.21495  45.9%  72.5 3672s
H 5278  2823                     310.0000000  169.21502  45.4%  72.5 3674s
H 5278  2680                     307.7000000  169.21502  45.0%  72.5 3674s
  5279  2681  198.60000 1929 4221  307.70000  169.21502  45.0%  72.5 3682s
  5280  2681  169.21680   93 4277  307.70000  169.21680  45.0%  72.5 3725s
H 5280  2546                     305.6000000  169.21736  44.6%  72.5 3735s
H 5280  2418                     302.7000000  169.21736  44.1%  72.5 3735s
  5282  2420  216.00000 2172 4220  302.70000  169.21736  44.1%  72.5 3771s
  5283  2420  198.20000 1697 3569  302.70000  169.21824  44.1%  72.5 3780s
  5284  2421  169.21824    4 2263  302.70000  169.21824  44.1%  72.4 3809s
  5285  2422  177.60000  847 2833  302.70000  169.21960  44.1%  72.4 3819s
H 5285  2300                     301.9000000  169.22487  43.9%  72.4 3857s
H 5285  2184                     301.4000000  169.22487  43.9%  72.4 3861s
  5286  2184  171.20000  732 2767  301.40000  169.22487  43.9%  72.4 3901s
  5287  2185  192.42100 1349 2565  301.40000  169.22669  43.9%  72.4 3909s
  5288  2186  192.42100 1199 3115  301.40000  169.22920  43.9%  72.4 3931s
  5289  2186  173.90000  437 2843  301.40000  169.23044  43.9%  72.4 3938s
  5290  2187  177.06690 1012 3059  301.40000  169.23156  43.9%  72.4 3972s
  5291  2188  198.15137 2164 3328  301.40000  169.23375  43.9%  72.3 3982s
  5292  2188  169.23375  341 3172  301.40000  169.23375  43.9%  72.3 4016s
H 5292  2077                     266.6000000  169.23489  36.5%  72.3 4018s
  5293  2078  203.80000 2156 3448  266.60000  169.23489  36.5%  72.3 4026s
  5294  2079  178.99314  598 3514  266.60000  169.23489  36.5%  72.3 4049s
  5295  2079  193.00000  923 2993  266.60000  169.23489  36.5%  72.3 4057s
  5296  2080  169.23538   85 1907  266.60000  169.23538  36.5%  72.3 4093s
H 5296  1975                     265.2000000  169.23538  36.2%  72.3 4100s
H 5296  1875                     262.5000000  169.23538  35.5%  72.3 4100s
H 5296  1780                     260.7000000  169.23538  35.1%  72.3 4100s
H 5296  1690                     259.6000000  169.23538  34.8%  72.3 4100s
H 5296  1604                     258.9000000  169.23538  34.6%  72.3 4107s
  5298  1605  169.23561  199 1492  258.90000  169.23561  34.6%  72.3 4138s
  5299  1606  169.23647   24 1911  258.90000  169.23647  34.6%  72.2 4145s
  5300  1607  188.00507  918 2124  258.90000  169.23746  34.6%  72.2 4179s
  5301  1607  169.49314  679 4008  258.90000  169.23752  34.6%  72.2 4190s
  5302  1608  169.23778  762 2190  258.90000  169.23778  34.6%  72.2 4224s
  5303  1609  246.87608 1370 3617  258.90000  169.23795  34.6%  72.2 4233s
  5304  1609  169.23884  306 2150  258.90000  169.23884  34.6%  72.2 4278s
  5305  1610  192.42100 1319 1554  258.90000  169.23904  34.6%  72.2 4287s
  5306  1611  169.23904  304 2569  258.90000  169.23904  34.6%  72.1 4329s
  5307  1611  169.23904  167 2239  258.90000  169.23904  34.6%  72.1 4339s
  5308  1612  169.23979  845 3273  258.90000  169.23979  34.6%  72.1 4377s
  5309  1613  169.23979  111 3932  258.90000  169.23979  34.6%  72.1 4388s
  5310  1613  192.42100 1325 4270  258.90000  169.23979  34.6%  72.1 4423s
  5311  1614  170.14401  594 4146  258.90000  169.23979  34.6%  72.1 4434s
  5312  1615  169.23979   55 4261  258.90000  169.23979  34.6%  72.1 4462s
  5315  1618  198.24910 1455 8376  258.90000  169.23979  34.6%   323 4491s
  5317  1619  169.23979  411 3168  258.90000  169.23979  34.6%   323 4600s
H 5317  1538                     258.5000000  169.23979  34.5%   323 4605s
  5318  1539  169.23979  114 3105  258.50000  169.23979  34.5%   323 4662s
H 5318  1462                     257.9000000  169.23979  34.4%   323 4680s
  5319  1463  243.90589 1345 3166  257.90000  169.23979  34.4%   323 4696s
  5320  1463  170.19641  607 3233  257.90000  169.23979  34.4%   323 4741s
  5321  1464  177.29007 1413 2864  257.90000  169.23979  34.4%   323 4776s
  5322  1465  169.23979   39 2447  257.90000  169.23979  34.4%   323 4817s
  5323  1465  169.23979   11 2960  257.90000  169.23979  34.4%   323 4840s
  5324  1466  169.23979  603 3462  257.90000  169.23979  34.4%   323 4881s
H 5324  1392                     257.3000000  169.23979  34.2%   323 4884s
H 5324  1322                     257.1000000  169.23979  34.2%   323 4884s
  5325  1323  181.44482 1186 3397  257.10000  169.23979  34.2%   323 4910s
  5326  1323  170.89314  809 1600  257.10000  169.23979  34.2%   323 4942s
  5327  1324  169.23979  867 1835  257.10000  169.23979  34.2%   323 4953s
H 5327  1258                     256.0000000  169.23979  33.9%   323 5027s
  5328  1259  169.23979  746 2663  256.00000  169.23979  33.9%   323 5038s
H 5328  1196                     255.2000000  169.23979  33.7%   323 5040s
  5329  1196  171.40000  771 2171  255.20000  169.23979  33.7%   322 5056s
  5330  1197  203.00000 2193 2538  255.20000  169.23979  33.7%   322 5111s
  5331  1198  169.29942  493 1569  255.20000  169.29942  33.7%   322 5124s
  5332  1198  188.10000  820 3193  255.20000  169.29942  33.7%   322 5208s
  5333  1199  169.31341  172 4900  255.20000  169.31341  33.7%   322 5223s
  5334  1200  175.56857 1032 4865  255.20000  169.34744  33.6%   322 5266s
  5335  1200  169.35894  884 3782  255.20000  169.35894  33.6%   322 5284s
  5336  1201  177.21398 1066 2743  255.20000  169.35959  33.6%   322 5328s
  5337  1202  188.10000  877 3711  255.20000  169.35961  33.6%   322 5343s
  5338  1202  169.35980  164 4048  255.20000  169.35980  33.6%   322 5395s
  5339  1203  192.42100 1364 2515  255.20000  169.35980  33.6%   322 5414s
  5340  1204  193.40000 2076 2391  255.20000  169.35980  33.6%   322 5443s
  5341  1204  169.36033  262 4192  255.20000  169.36033  33.6%   322 5475s
  5342  1205  188.58366  925 2806  255.20000  169.36302  33.6%   322 5518s
  5343  1206  169.36788  272 5143  255.20000  169.36788  33.6%   322 5540s
  5344  1206  171.40000  710 3221  255.20000  169.37247  33.6%   322 5599s
  5345  1207  169.39171   72 8135  255.20000  169.39171  33.6%   321 5631s
  5346  1208  169.61488   37 4305  255.20000  169.61488  33.5%   321 5683s
  5347  1208  184.13005 2098 3414  255.20000  169.61488  33.5%   321 5696s
  5348  1209  169.63577  437 4050  255.20000  169.63577  33.5%   321 5723s
  5349  1210  193.90000 1101 4604  255.20000  169.64123  33.5%   321 5743s
  5350  1210  179.90000  533 5484  255.20000  169.64536  33.5%   321 5790s
  5351  1211  176.98224 1008 5825  255.20000  169.64636  33.5%   321 5811s
  5352  1212  173.70000 1102 4185  255.20000  169.64963  33.5%   321 5868s
  5353  1212  177.64585  949 4756  255.20000  169.64963  33.5%   321 5880s
  5354  1213  178.79314  545 5750  255.20000  169.64963  33.5%   321 5929s
  5355  1214  219.20000  700 6604  255.20000  169.64963  33.5%   321 5955s
  5356  1214  190.10000  826 3054  255.20000  169.64963  33.5%   321 5989s
  5357  1215  169.80000  397 4994  255.20000  169.64963  33.5%   321 6004s
  5358  1216  198.45297 1608 4019  255.20000  169.65137  33.5%   321 6051s
  5359  1216  188.00000  803 5849  255.20000  169.65137  33.5%   321 6077s
  5360  1217  204.20000 1092 4368  255.20000  169.65545  33.5%   321 6126s
  5361  1218  192.42100 1324 4273  255.20000  169.65566  33.5%   321 6140s
  5362  1218  169.65819  757 3581  255.20000  169.65819  33.5%   320 6179s
  5363  1219  169.65819  823 3419  255.20000  169.65819  33.5%   320 6205s
  5364  1220  169.66044  408 4952  255.20000  169.66044  33.5%   320 6229s
  5365  1220  169.66044  669 6739  255.20000  169.66044  33.5%   320 6240s
  5366  1221  169.66175  664 3545  255.20000  169.66175  33.5%   320 6263s
  5367  1222  178.40000  540 3495  255.20000  169.66175  33.5%   320 6270s
  5368  1222  189.20000 1926 4363  255.20000  169.66570  33.5%   320 6298s
  5369  1223  169.67252   64 6297  255.20000  169.67252  33.5%   320 6308s
  5370  1224  171.10000  730 4910  255.20000  169.67252  33.5%   320 6343s
  5371  1224  169.67252  183 7038  255.20000  169.67252  33.5%   320 6354s
  5372  1225  194.45891 1170 5181  255.20000  169.67252  33.5%   320 6400s
  5373  1226  174.30000 1079 7621  255.20000  169.67275  33.5%   320 6412s
  5374  1226  169.67282  144 4517  255.20000  169.67282  33.5%   320 6440s
  5375  1227  198.10000 1897 5137  255.20000  169.67282  33.5%   320 6456s
  5376  1228  180.28639  532 4683  255.20000  169.67282  33.5%   320 6482s
  5379  1231  198.60000 1929 8376  255.20000  169.67282  33.5%   508 6529s
  5381  1232  169.67282  313 3352  255.20000  169.67282  33.5%   507 6678s
  5382  1233  216.00000 2172 2896  255.20000  169.67282  33.5%   507 6733s
  5383  1234  198.20000 1697 3154  255.20000  169.67282  33.5%   507 6766s
  5384  1234  169.67282    4 4265  255.20000  169.67282  33.5%   507 6815s
  5385  1235  177.60000  847 4222  255.20000  169.67282  33.5%   507 6862s
  5386  1236  171.20000  732 1836  255.20000  169.67282  33.5%   507 6919s
  5387  1236  192.42100 1349 5806  255.20000  169.67282  33.5%   507 6940s
  5388  1237  192.42100 1199 1559  255.20000  169.67282  33.5%   507 6998s
  5389  1238  173.90000  437 6258  255.20000  169.67282  33.5%   507 7020s
  5390  1238  177.06690 1012 7695  255.20000  169.67282  33.5%   507 7060s
  5391  1239  198.15137 2164 5907  255.20000  169.67282  33.5%   507 7083s
  5392  1240  169.67282  341 4365  255.20000  169.67282  33.5%   506 7120s
  5393  1240  203.80000 2156 2731  255.20000  169.67282  33.5%   506 7144s
  5394  1241  178.99314  598 5504  255.20000  169.68077  33.5%   506 7186s

Cutting planes:
  Gomory: 13
  Cover: 167
  Implied bound: 47
  Projected implied bound: 866
  Clique: 52
  MIR: 37
  StrongCG: 11
  Flow cover: 1996
  GUB cover: 86
  Zero half: 17
  RLT: 35
  Relax-and-lift: 276

Explored 5394 nodes (3355904 simplex iterations) in 7203.29 seconds (5392.73 work units)
Thread count was 4 (of 8 available processors)

Solution count 10: 255.2 255.2 256 ... 260.7

Time limit reached
Best objective 2.552000000000e+02, best bound 1.697000000000e+02, gap 33.5031%
