
Gurobi 13.0.2 (linux64) logging started Tue Jun 30 08:42:55 2026

Set parameter LogFile to value "src/Resultados/Restriccion demanda/logs/C108-25.xml_log.log"
Set parameter Threads to value 4
Gurobi Optimizer version 13.0.2 build v13.0.2rc1 (linux64 - "Rocky Linux 9.7 (Blue Onyx)")

CPU model: QEMU Virtual CPU version 2.5+, instruction set [SSE2]
Thread count: 8 physical cores, 8 logical processors, using up to 4 threads

Non-default parameters:
TimeLimit  7200
Threads  4

Optimize a model with 135868 rows, 81855 columns and 1043085 nonzeros (Min)
Model fingerprint: 0x706e3587
Model has 10320 linear objective coefficients
Variable types: 17745 continuous, 64110 integer (64095 binary)
Coefficient statistics:
  Matrix range     [1e+00, 4e+04]
  Objective range  [1e+00, 6e+01]
  Bounds range     [1e+00, 2e+03]
  RHS range        [1e+00, 4e+04]

Presolve removed 42633 rows and 120 columns (presolve time = 5s)...
Presolve removed 42633 rows and 120 columns
Presolve time: 5.19s
Presolved: 93235 rows, 81735 columns, 424590 nonzeros
Variable types: 375 continuous, 81360 integer (71160 binary)
Deterministic concurrent LP optimizer: primal and dual simplex
Showing primal log only...


Root simplex log...

Iteration    Objective       Primal Inf.    Dual Inf.      Time
       0    1.3372000e+03   2.898006e+03   5.325626e+10     11s
   24473    2.7296390e+02   2.432928e+02   4.155980e+09     15s
   31211    1.9022037e+02   1.151393e+02   4.891937e+09     20s
   35067    1.9674550e+02   9.782022e+01   5.723666e+09     25s
   38182    1.9277952e+02   7.084519e+01   5.983896e+09     30s
   41861    1.8505061e+02   4.847527e+01   3.500443e+10     35s
   46705    1.9868391e+02   6.646988e+00   1.001473e+10     40s
   50338    1.8427481e+02   2.042145e-01   2.369310e+09     45s
   54676    1.4129696e+02   0.000000e+00   9.534428e+04     50s
   58828    1.2988617e+02   0.000000e+00   4.497707e-02     55s
   62936    1.2990001e+02   1.779571e+00   0.000000e+00     60s
   63889    1.2990000e+02   0.000000e+00   0.000000e+00     62s
Concurrent spin time: 6.16s (can be avoided by choosing Method=3)

Solved with dual simplex

Root simplex log...

Iteration    Objective       Primal Inf.    Dual Inf.      Time
   34924    1.2990000e+02   0.000000e+00   0.000000e+00     69s

Root relaxation: objective 1.299000e+02, 34924 iterations, 59.74 seconds (33.92 work units)

    Nodes    |    Current Node    |     Objective Bounds      |     Work
 Expl Unexpl |  Obj  Depth IntInf | Incumbent    BestBd   Gap | It/Node Time

     0     0  129.90000    0 3254          -  129.90000      -     -   85s
     0     0  129.90000    0 3652          -  129.90000      -     -  121s
     0     0  129.90000    0 3607          -  129.90000      -     -  122s
     0     0  129.90000    0 3701          -  129.90000      -     -  134s
     0     0  129.90000    0 3701          -  129.90000      -     -  204s
     0     0  129.90000    0 3376          -  129.90000      -     -  208s
     0     0  129.90000    0 3488          -  129.90000      -     -  213s
     0     0  129.90000    0 3488          -  129.90000      -     -  349s
     0     0  129.90000    0 2962          -  129.90000      -     -  353s
     0     0  129.90000    0 3106          -  129.90000      -     -  359s
     0     0  129.90000    0 3106          -  129.90000      -     -  507s
     0     0  129.90000    0 3220          -  129.90000      -     -  511s
     0     0  129.90000    0 3263          -  129.90000      -     -  527s
     0     0  129.90000    0 3263          -  129.90000      -     -  583s
     0     0  129.90000    0 3263          -  129.90000      -     -  603s
     0     0  129.90000    0 3263          -  129.90000      -     -  664s
     0     2  129.90000    0 3263          -  129.90000      -     -  723s
     1     4  129.90000    1 4037          -  129.90000      -  1941  725s
     3     8  129.94203    2 4990          -  129.90000      -   874  730s
     7    12  130.03243    3 8350          -  129.90000      -  1108  738s
    11    29  130.03243    4 8574          -  129.90000      -  1543  743s
    28    33  130.03243    8 9605          -  129.90000      -   955  747s
    32    37  130.03243    9 9605          -  129.90000      -   901  750s
    40    45  130.03243   11 9406          -  129.90000      -   737  759s
    44    49  130.03243   12 9965          -  129.90000      -   714  765s
    52    57  130.03243   14 9562          -  129.90000      -   631  773s
    56    61  130.03243   15 9511          -  129.90000      -   596  777s
    60    65  130.03243   16 9511          -  129.90000      -   563  781s
    68    73  130.26613   18 9356          -  129.90000      -   508  787s
    72    77  130.26613   19 9356          -  129.90000      -   481  791s
    76    81  130.37961   20 9780          -  129.90000      -   467  796s
    84    89  130.38510   22 9793          -  129.90000      -   431  803s
    88    93  130.39442   23 11794          -  129.90000      -   417  811s
    92    97  130.41274   24 11803          -  129.90000      -   402  815s
    96   101  130.42042   25 13020          -  129.90000      -   411  827s
   100   105  130.42615   26 13035          -  129.90000      -   569  831s
   104   109  130.42615   27 13034          -  129.90000      -   549  835s
   112   117  130.44776   29 14316          -  129.90000      -   524  842s
   116   121  130.44835   30 14334          -  129.90000      -   511  846s
   124   129  130.45224   32 12605          -  129.90000      -   485  855s
   128   133  130.45422   33 12552          -  129.90000      -   476  862s
   132   137  130.45481   34 12218          -  129.90000      -   471  870s
   136   141  130.45481   35 12218          -  129.90000      -   458  878s
   140   145  130.46156   36 14500          -  129.90000      -   455  898s
   144   149  130.46902   37 14490          -  129.90000      -   443  903s
   148   153  130.47437   38 12235          -  129.90000      -   440  955s
H  152   157                     191.3000000  129.90000  32.1%   432  960s
   156   183  130.48185   40 12224  191.30000  129.90000  32.1%   426  969s
   182   199  142.52608   43 11966  191.30000  129.90000  32.1%   429  976s
   200   211  139.15164   44 4827  191.30000  129.90000  32.1%   541  989s
   212   234  139.20411   45 4965  191.30000  129.90000  32.1%   559 1001s
   235   251  145.17271   48 5316  191.30000  129.90000  32.1%   575 1009s
   252   274  147.42553   51 6956  191.30000  129.90000  32.1%   586 1018s
   275   290  147.96773   56 8306  191.30000  129.90000  32.1%   581 1028s
   291   293  148.85101   61 10665  191.30000  129.90000  32.1%   589 1053s
   294   308  165.32262   61 8981  191.30000  129.90000  32.1%   654 1065s
   311   337  165.86291   64 9709  191.30000  129.90000  32.1%   661 1078s
   340   351  169.74868   75 9788  191.30000  129.90000  32.1%   637 1090s
   354   377  170.58094   76 9758  191.30000  129.90000  32.1%   654 1103s
   380   394  173.16075   81 10896  191.30000  129.90000  32.1%   640 1119s
   401   404  175.36027   87 10187  191.30000  129.90000  32.1%   630 1133s
   419   422  131.05525    4 6189  191.30000  129.90000  32.1%   635 1153s
   443   447  137.28888    7 7685  191.30000  129.90000  32.1%   637 1172s
   468   475  131.66865    9 7955  191.30000  129.90000  32.1%   626 1194s
   496   510  131.90550   15 8850  191.30000  129.90000  32.1%   615 1209s
   531   514  131.96731   28 9748  191.30000  129.90000  32.1%   603 1362s
   535   518  132.00869   29 9747  191.30000  129.90000  32.1%   600 1597s
   539   522  132.01445   30 9743  191.30000  129.90000  32.1%   605 1793s
   543   526  132.01759   31 9749  191.30000  129.90000  32.1%   605 1989s
   547   567  132.01759   32 9752  191.30000  129.90000  32.1%   603 2049s
   588   622  134.52930   51 9660  191.30000  129.90000  32.1%   601 2065s
   643   700  135.94848   66 11890  191.30000  129.90000  32.1%   604 2083s
   722   794  136.31186   93 11159  191.30000  129.90000  32.1%   579 2098s
   818   888  137.20613  130 11479  191.30000  129.90000  32.1%   546 2116s
   912   966  137.32433  159 11492  191.30000  129.90000  32.1%   520 2132s
   992  1018  137.52637  186 11083  191.30000  129.90000  32.1%   511 2147s
  1051  1147  137.63912  205 14286  191.30000  129.90000  32.1%   510 2163s
  1180  1239  137.85911  256 14378  191.30000  129.90000  32.1%   484 2179s
  1272  1372  138.05773  278 13492  191.30000  129.90000  32.1%   478 2196s
  1405  1519  138.35538  319 11865  191.30000  129.90000  32.1%   455 2215s
  1554  1634  138.55905  353 14306  191.30000  129.90000  32.1%   430 2232s
  1681  1787  138.86088  382 14143  191.30000  129.90000  32.1%   418 2250s
  1837  1788  137.46160  182 3263  191.30000  129.90000  32.1%   403 2418s
  1839  1789  169.71480  407 2057  191.30000  130.59319  31.7%   402 2502s
  1840  1790  134.34082    6 2554  191.30000  134.34082  29.8%   402 2574s
  1841  1791  155.47368  161 2982  191.30000  146.48408  23.4%   402 2597s
  1842  1791  177.33680   85 2351  191.30000  150.79942  21.2%   402 2664s
  1843  1792  168.73323  305 1707  191.30000  161.52969  15.6%   401 2709s
  1844  1793  169.89016  444 3001  191.30000  161.90833  15.4%   401 2757s
  1845  1793  174.90000  253 2553  191.30000  163.94081  14.3%   401 2799s
  1846  1794  175.84829   76 2038  191.30000  163.97942  14.3%   401 2859s
  1847  1795  165.75831  319 3136  191.30000  165.75831  13.4%   400 2916s
  1848  1795  166.10630   15 2781  191.30000  166.10630  13.2%   400 2971s
  1849  1796  170.20000  241 2949  191.30000  168.43299  12.0%   400 3021s
  1850  1797  169.14539   37 2537  191.30000  169.14539  11.6%   400 3090s
  1851  1797  177.07780   16 2330  191.30000  177.07780  7.43%   400 3114s
  1852  1798  177.09993   10 2457  191.30000  177.09993  7.42%   399 3116s
  1855  1800  177.09993   63 1822  191.30000  177.09993  7.42%   399 3120s
  1856  1801  177.09993  130 1960  191.30000  177.09993  7.42%   399 3130s
  1857  1801  177.09993   14 2836  191.30000  177.09993  7.42%   398 3168s
  1858  1802  177.58998  330 2304  191.30000  177.58998  7.17%   398 3186s
  1860  1803  177.58998   70 2253  191.30000  177.58998  7.17%   398 3190s
  1863  1805  178.14713   42 3220  191.30000  178.14713  6.88%   397 3195s
  1865  1807  178.19564   82 2813  191.30000  178.19564  6.85%   397 3206s
  1866  1807  178.20951  279 3977  191.30000  178.20951  6.84%   396 3235s
  1867  1808  178.57947  190 4154  191.30000  178.57947  6.65%   396 3250s
  1868  1809  178.62090  137 4091  191.30000  178.62090  6.63%   396 3256s
  1870  1810  178.78609  389 2842  191.30000  178.78609  6.54%   396 3276s
  1871  1811  178.78609  350 3077  191.30000  178.78609  6.54%   395 3314s
  1872  1811  179.26532   87 3176  191.30000  179.26532  6.29%   395 3323s
  1873  1812  179.28430  150 3173  191.30000  179.28430  6.28%   395 3325s
  1874  1813  179.41839   18 3079  191.30000  179.41839  6.21%   395 3337s
  1875  1813  179.41839   43 3381  191.30000  179.41839  6.21%   395 3377s
  1876  1814  179.88848  219 3737  191.30000  179.88848  5.97%   394 3384s
  1877  1815  179.88848   39 4939  191.30000  179.88848  5.97%   394 3386s
  1880  1817  179.88848  127 4726  191.30000  179.88848  5.97%   393 3390s
  1882  1818  180.05000  149 3917  191.30000  180.05000  5.88%   393 3402s
  1883  1819  180.05000   11 4764  191.30000  180.05000  5.88%   393 3436s
  1884  1819  180.07411  263 4569  191.30000  180.07411  5.87%   393 3453s
  1885  1820  180.07411    9 4737  191.30000  180.07411  5.87%   392 3455s
  1889  1823  180.07411   92 4219  191.30000  180.07411  5.87%   392 3460s
  1890  1823  180.15525  361 4349  191.30000  180.15525  5.83%   391 3468s
  1891  1824  180.15525   35 3001  191.30000  180.15525  5.83%   391 3507s
  1892  1825  180.25000  156 4613  191.30000  180.25000  5.78%   391 3540s
  1896  1827  180.25000  283 3926  191.30000  180.25000  5.78%   390 3545s
  1898  1829  180.31054  239 3830  191.30000  180.31054  5.74%   390 3560s
  1899  1829  180.34614    7 3379  191.30000  180.34614  5.73%   390 3609s
  1900  1830  181.00000  316 3430  191.30000  181.00000  5.38%   389 3635s
  1902  1831  181.00000  381 3441  191.30000  181.00000  5.38%   389 3640s
  1903  1832  181.00000  389 3554  191.30000  181.00000  5.38%   389 3658s
  1904  1833  181.00000  271 2557  191.30000  181.00000  5.38%   388 3698s
  1905  1833  181.06412   34 3924  191.30000  181.06412  5.35%   388 3716s
  1907  1835  181.06412   75 3933  191.30000  181.06412  5.35%   388 3720s
  1909  1836  181.07020   14 9436  191.30000  181.07020  5.35%   387 3744s
  1910  1837  181.08221  217 9418  191.30000  181.08221  5.34%   387 3761s
  1911  1837  181.09743  198 5285  191.30000  181.09743  5.33%   387 3804s
  1912  1838  181.20117   83 4959  191.30000  181.20117  5.28%   387 3822s
  1914  1839  181.20289  359 4155  191.30000  181.20289  5.28%   386 3825s
  1916  1841  181.27432  283 4465  191.30000  181.27432  5.24%   386 3841s
  1917  1841  181.28151  109 5007  191.30000  181.28151  5.24%   386 3922s
  1918  1842  181.55813  240 5261  191.30000  181.55813  5.09%   386 3946s
  1919  1843  181.61773   75 4934  191.30000  181.56850  5.09%   385 3951s
  1921  1844  181.57692   55 4927  191.30000  181.57692  5.08%   385 3955s
  1923  1845  181.61002  456 3983  191.30000  181.61002  5.07%   385 3965s
  1924  1846  181.66217  191 2758  191.30000  181.66217  5.04%   384 4001s
  1925  1847  181.90473   67 4922  191.30000  181.90473  4.91%   384 4005s
  1929  1849  181.90752   60 3971  191.30000  181.90752  4.91%   383 4010s
  1931  1851  181.92854   76 4028  191.30000  181.92854  4.90%   383 4018s
  1932  1851  181.99331   86 2596  191.30000  181.99331  4.86%   383 4060s
  1933  1852  182.20556   32 2264  191.30000  182.20556  4.75%   383 4072s
  1934  1853  182.26280  213 2037  191.30000  182.26280  4.72%   382 4078s
  1935  1853  182.26280  253 3280  191.30000  182.26280  4.72%   382 4084s
  1936  1854  182.26280   56 2076  191.30000  182.26280  4.72%   382 4085s
  1939  1856  182.26280  407 2742  191.30000  182.26280  4.72%   381 4095s
  1940  1857  182.35164    6 1038  191.30000  182.35164  4.68%   381 4151s
  1941  1857  182.48748  161 1371  191.30000  182.48748  4.61%   381 4171s
  1942  1858  182.48902   85 1775  191.30000  182.48902  4.61%   381 4176s
  1944  1859  182.51905  444  952  191.30000  182.51905  4.59%   381 4185s
  1945  1860  182.53335  253 2393  191.30000  182.53335  4.58%   380 4232s
  1946  1861  182.62524   76 2243  191.30000  182.62524  4.53%   380 4245s
  1950  1863  182.62737   37 2027  191.30000  182.62737  4.53%   379 4250s
  1951  1864  182.62737   16 2027  191.30000  182.62737  4.53%   379 4259s
  1952  1865  182.65914   10 2249  191.30000  182.65914  4.52%   379 4305s
  1953  1865  182.72479  438 3822  191.30000  182.72479  4.48%   379 4329s
  1954  1866  182.72479   16 3001  191.30000  182.72479  4.48%   379 4331s
  1957  1868  182.74334   14 3065  191.30000  182.74334  4.47%   378 4345s
  1958  1869  182.74913  330  952  191.30000  182.74913  4.47%   378 4373s
  1959  1869  182.81438  228  274  191.30000  182.81438  4.44%   378 4394s
  1960  1870  182.81656   70 1825  191.30000  182.81656  4.43%   377 4397s
  1962  1871  182.82442  111 2042  191.30000  182.82442  4.43%   377 4400s
  1964  1873  182.83752  326 2077  191.30000  182.83752  4.42%   377 4409s
  1965  1873  182.84177   82 1973  191.30000  182.84177  4.42%   376 4437s
  1966  1874  182.91948  279 2184  191.30000  182.91948  4.38%   376 4443s
  1968  1875  182.93889  137 2146  191.30000  182.93889  4.37%   376 4454s
  1969  1876  182.93889  340  326  191.30000  182.93889  4.37%   376 4476s
  1970  1877  183.00137  389  767  191.30000  183.00137  4.34%   375 4486s
  1971  1877  183.05702  350 3850  191.30000  183.05702  4.31%   375 4536s
  1972  1878  183.25674   87 3868  191.30000  183.25674  4.20%   375 4552s
  1974  1879  183.25674   18 3735  191.30000  183.25674  4.20%   375 4555s
  1976  1881  183.27585  219 3784  191.30000  183.27585  4.19%   374 4565s
  1977  1881  183.28012   39 1995  191.30000  183.28012  4.19%   374 4593s
  1978  1882  183.36557  327 1835  191.30000  183.36557  4.15%   374 4609s
  1979  1883  183.36557  221 4585  191.30000  183.36557  4.15%   374 4613s
  1980  1883  183.36557  127 1876  191.30000  183.36557  4.15%   374 4615s
  1984  1886  183.38059  263 4010  191.30000  183.38059  4.14%   373 4620s
  1985  1887  183.41412    9 3716  191.30000  183.41412  4.12%   373 4627s
  1986  1887  183.43790  127 2483  191.30000  183.43790  4.11%   372 4670s
  1987  1888  183.61061   26 3264  191.30000  183.61061  4.02%   372 4701s
  1988  1889  183.62048   56 3207  191.30000  183.62048  4.01%   372 4713s
  1989  1889  183.62809   92 3081  191.30000  183.62809  4.01%   372 4760s
  1990  1890  183.70090  361 4880  191.30000  183.70090  3.97%   372 4791s
  1992  1891  183.71217  156 4244  191.30000  183.71217  3.97%   371 4795s
  1996  1894  183.72239  283 4482  191.30000  183.72239  3.96%   371 4800s
  1999  1896  183.73157    7 5600  191.30000  183.73157  3.96%   370 4816s
  2000  1897  183.74191  316 5054  191.30000  183.74191  3.95%   370 4847s
  2001  1897  183.76484   77 6344  191.30000  183.76484  3.94%   370 4857s
  2003  1899  183.76484  389 4209  191.30000  183.76484  3.94%   369 4860s
  2004  1899  183.78177  271 4155  191.30000  183.78177  3.93%   369 4867s
  2005  1900  183.78468   34 4196  191.30000  183.78468  3.93%   369 4967s
  2006  1901  184.04410   19 1657  191.30000  184.04410  3.79%   369 5025s
  2009  1903  184.04410   14 1701  191.30000  184.04410  3.79%   368 5031s
  2010  1903  184.04410  217 1862  191.30000  184.04410  3.79%   368 5037s
  2011  1904  184.04410  198 2790  191.30000  184.04410  3.79%   368 5093s
  2012  1905  184.05457   83 2000  191.30000  184.05457  3.79%   368 5117s
  2013  1905  184.05936   64 3062  191.30000  184.05936  3.78%   367 5120s
  2014  1906  184.06475  359 3176  191.30000  184.06475  3.78%   367 5128s
  2015  1907  184.06583   99 1224  191.30000  184.06583  3.78%   367 5170s
  2016  1907  184.11515  283 1930  191.30000  184.11515  3.76%   367 5190s
  2017  1908  184.13837  109 2176  191.30000  184.13837  3.74%   367 5202s
  2018  1909  184.14498  240 3035  191.30000  184.14498  3.74%   367 5240s
  2019  1909  184.16814   75 2287  191.30000  184.16814  3.73%   366 5257s
  2021  1911  184.18160   55 3312  191.30000  184.18160  3.72%   366 5269s
  2022  1911  184.18334  372 3077  191.30000  184.18334  3.72%   366 5305s
  2023  1912  184.20629  456 3270  191.30000  184.20629  3.71%   366 5314s
  2024  1913  184.20629  191 3281  191.30000  184.20629  3.71%   365 5315s
  2027  1915  184.20629   34 3257  191.30000  184.20629  3.71%   365 5326s
  2028  1915  184.20629   38 3583  191.30000  184.20629  3.71%   365 5361s
  2029  1916  184.21191   60 3858  191.30000  184.21191  3.71%   365 5365s
  2030  1917  184.21191  117 3054  191.30000  184.21191  3.71%   364 5376s
  2031  1917  184.21191   76 2860  191.30000  184.21191  3.71%   364 5406s
  2032  1918  184.21192   86 2793  191.30000  184.21192  3.71%   364 5422s
  2034  1919  184.21192  213 2737  191.30000  184.21192  3.71%   364 5435s
  2035  1920  184.21192  253 2810  191.30000  184.21192  3.71%   363 5502s
  2036  1921  184.21431   56 3219  191.30000  184.21431  3.70%   363 5536s
  2037  1921  184.21431  182 3249  191.30000  184.21431  3.70%   363 5576s
  2038  1922  184.22191    4 3223  191.30000  184.22191  3.70%   363 5591s
  2039  1923  184.22191  407 3231  191.30000  184.22191  3.70%   363 5598s
  2040  1923  184.22191    6 2561  191.30000  184.22191  3.70%   363 5631s
  2041  1924  184.23042  161 2973  191.30000  184.23042  3.70%   362 5661s
  2042  1925  184.23087   85 3510  191.30000  184.23087  3.70%   362 5698s
  2043  1925  184.25792  305 3657  191.30000  184.25792  3.68%   362 5711s
  2044  1926  184.25792  444 4653  191.30000  184.25792  3.68%   362 5717s
  2045  1927  184.25793  253 5316  191.30000  184.25793  3.68%   362 5722s
  2046  1927  184.26123   76 5336  191.30000  184.26123  3.68%   362 5739s
  2047  1928  184.26123  319 4188  191.30000  184.26123  3.68%   361 5779s
  2048  1929  184.28204   15 6200  191.30000  184.28204  3.67%   361 5798s
  2049  1929  184.28408  241 5892  191.30000  184.28408  3.67%   361 5812s
  2050  1930  184.28510   37 5594  191.30000  184.28510  3.67%   361 5832s
  2051  1931  184.28510   16 5587  191.30000  184.28510  3.67%   361 5846s
  2052  1931  184.28510   10 5021  191.30000  184.28510  3.67%   360 5876s
  2053  1932  184.29433  438 6848  191.30000  184.29433  3.66%   360 5883s
  2054  1933  184.30286   16 6872  191.30000  184.30286  3.66%   360 5897s
  2055  1933  184.30286   63 3647  191.30000  184.30286  3.66%   360 5930s
  2056  1934  184.32636  130 3602  191.30000  184.32636  3.65%   360 5940s
  2059  1936  184.33462  228 5337  191.30000  184.33462  3.64%   359 5952s
  2060  1937  184.33462   70 4763  191.30000  184.33462  3.64%   359 5987s
  2061  1937  184.38528   19 5130  191.30000  184.38528  3.61%   359 5993s
  2063  1939  184.40082   42 4732  191.30000  184.40082  3.61%   359 6005s
  2064  1939  184.40082  326 3311  191.30000  184.40082  3.61%   358 6032s
  2065  1940  184.41890   82 3570  191.30000  184.41890  3.60%   358 6050s
  2066  1941  184.41890  279 2952  191.30000  184.41890  3.60%   358 6091s
  2067  1941  184.42169  190 3734  191.30000  184.42169  3.60%   358 6097s
  2069  1943  184.42169  340 4049  191.30000  184.42169  3.60%   358 6100s
  2070  1943  184.42272  389 4338  191.30000  184.42272  3.60%   357 6108s
  2071  1944  184.42272  350 3614  191.30000  184.42272  3.60%   357 6131s
  2073  1945  184.45628  150 3826  191.30000  184.45628  3.58%   357 6136s
  2075  1947  184.46868   43 5144  191.30000  184.46868  3.57%   356 6148s
  2076  1947  184.47056  219 3725  191.30000  184.47056  3.57%   356 6186s
  2077  1948  184.49166   39 3506  191.30000  184.49166  3.56%   356 6209s
  2078  1949  184.49166  327 4352  191.30000  184.49166  3.56%   356 6210s
  2079  1949  184.49614  221 4347  191.30000  184.49614  3.56%   356 6222s
  2080  1950  184.49614  127 3615  191.30000  184.49614  3.56%   356 6257s
  2081  1951  184.52308   99 3705  191.30000  184.52308  3.54%   355 6280s
  2082  1951  184.55424  149 3515  191.30000  184.55424  3.53%   355 6330s
  2085  1955  184.55424    9 3263  191.30000  184.55424  3.53%  1151 6403s
  2087  1956  184.55424   26 2501  191.30000  184.55424  3.53%  1149 6484s
  2088  1957  184.55424   56 2679  191.30000  184.55424  3.53%  1149 6535s
  2089  1958  184.55424   92 1939  191.30000  184.55424  3.53%  1148 6558s
  2090  1958  184.55424  361 3255  191.30000  184.55424  3.53%  1148 6600s
  2091  1959  184.55424   35 1948  191.30000  184.55424  3.53%  1147 6609s
  2092  1960  184.55424  156 2969  191.30000  184.55424  3.53%  1147 6645s
  2093  1960  184.55424   75 2463  191.30000  184.55424  3.53%  1146 6654s
  2094  1961  184.55424   39 2116  191.30000  184.55424  3.53%  1146 6657s
  2095  1962  184.55424   91 2586  191.30000  184.55424  3.53%  1145 6660s
  2097  1963  184.55424  257 3407  191.30000  184.55424  3.53%  1144 6665s
  2099  1964  184.55424    7 3370  191.30000  184.55424  3.53%  1143 6670s
  2104  1968  184.55424  271 3363  191.30000  184.55424  3.53%  1140 6675s
  2109  1971  184.55424   14 2772  191.30000  184.55424  3.53%  1137 6687s
  2110  1972  184.55424  217 4076  191.30000  184.55424  3.53%  1137 6733s
  2111  1972  184.55424  198 4207  191.30000  184.55424  3.53%  1136 6737s
  2114  1974  184.55424  359 4080  191.30000  184.55424  3.53%  1135 6748s
  2115  1975  184.55424   99 3938  191.30000  184.55424  3.53%  1134 6779s
  2116  1976  184.55424  283 3949  191.30000  184.55424  3.53%  1134 6787s
  2119  1978  184.55424   75 3069  191.30000  184.55424  3.53%  1132 6790s
  2120  1978  184.55424  120 3472  191.30000  184.55424  3.53%  1132 6797s
  2121  1979  184.55424   55 3404  191.30000  184.55424  3.53%  1131 6847s
  2122  1980  184.55424  372 4218  191.30000  184.55424  3.53%  1130 6859s
  2123  1980  184.55424  456 4666  191.30000  184.55424  3.53%  1130 6893s
  2124  1981  184.55424  191 5209  191.30000  184.55424  3.53%  1129 6909s
  2125  1982  184.55424   67 4736  191.30000  184.55424  3.53%  1129 6951s
  2126  1982  184.55424  360 5291  191.30000  184.55424  3.53%  1128 6958s
  2127  1983  184.55424   34 5230  191.30000  184.55424  3.53%  1128 6998s
  2128  1984  184.55424   38 5022  191.30000  184.55424  3.53%  1127 7007s
  2129  1984  184.55424   60 4682  191.30000  184.55424  3.53%  1127 7052s
  2130  1985  184.55424  117 3254  191.30000  184.55424  3.53%  1126 7055s
  2134  1988  184.55424  213 4770  191.30000  184.55424  3.53%  1124 7065s
  2135  1988  184.55424  253 4072  191.30000  184.55424  3.53%  1124 7110s
  2136  1989  184.55424   56 3889  191.30000  184.55424  3.53%  1123 7135s
  2137  1990  184.55424  182 4251  191.30000  184.55424  3.53%  1123 7149s
  2138  1990  184.55424    4 3476  191.30000  184.55424  3.53%  1122 7182s
  2139  1991  184.55424  407 3681  191.30000  184.55424  3.53%  1122 7210s

Cutting planes:
  Gomory: 2
  Cover: 118
  Implied bound: 25
  Projected implied bound: 19
  Clique: 34
  MIR: 117
  StrongCG: 6
  Flow cover: 257
  GUB cover: 128
  Zero half: 33
  Mod-K: 4
  RLT: 101
  Relax-and-lift: 24

Explored 2139 nodes (3213996 simplex iterations) in 7214.38 seconds (4608.42 work units)
Thread count was 4 (of 8 available processors)

Solution count 1: 191.3 

Time limit reached
Best objective 1.913000000000e+02, best bound 1.846000000000e+02, gap 3.5024%
