
Gurobi 13.0.2 (linux64) logging started Mon Jun 22 19:22:05 2026

Set parameter LogFile to value "src/Resultados/Restriccion cota global/logs/R102-50.xml_log.log"
Set parameter Threads to value 4
Gurobi Optimizer version 13.0.2 build v13.0.2rc1 (linux64 - "Rocky Linux 9.7 (Blue Onyx)")

CPU model: QEMU Virtual CPU version 2.5+, instruction set [SSE2]
Thread count: 8 physical cores, 8 logical processors, using up to 4 threads

Non-default parameters:
TimeLimit  7200
Threads  4

Optimize a model with 236259 rows, 146910 columns and 1046700 nonzeros (Min)
Model fingerprint: 0x5329d65b
Model has 29835 linear objective coefficients
Variable types: 29430 continuous, 117480 integer (117465 binary)
Coefficient statistics:
  Matrix range     [1e+00, 4e+04]
  Objective range  [5e+00, 6e+01]
  Bounds range     [1e+00, 2e+03]
  RHS range        [1e+00, 4e+04]

Presolve removed 71670 rows and 420 columns (presolve time = 5s)...
Presolve removed 71745 rows and 495 columns
Presolve time: 6.68s
Presolved: 164514 rows, 146415 columns, 799830 nonzeros
Variable types: 750 continuous, 145665 integer (129810 binary)
Deterministic concurrent LP optimizer: primal simplex, dual simplex, and barrier
Showing barrier log only...

Root barrier log...

Ordering time: 2.07s

Barrier statistics:
 Dense cols : 60
 AA' NZ     : 3.151e+06
 Factor NZ  : 1.418e+07 (roughly 240 MB of memory)
 Factor Ops : 6.491e+09 (roughly 1 second per iteration)
 Threads    : 1

                  Objective                Residual
Iter       Primal          Dual         Primal    Dual     Compl     Time
   0   3.04441959e+06 -3.15249498e+06  1.85e+05 4.44e-16  2.57e+02    13s
   1   1.37067876e+06 -3.58021718e+06  8.34e+04 6.14e-01  1.10e+02    14s
   2   8.11396181e+05 -3.63851354e+06  4.95e+04 4.39e-01  6.54e+01    16s
   3   1.89392324e+05 -2.05881016e+06  1.16e+04 3.12e-02  1.68e+01    17s
   4   1.85211596e+04 -4.73228292e+05  1.04e+03 2.10e-12  2.07e+00    19s
   5   3.74861807e+03 -6.01305276e+04  1.37e+02 2.53e-13  2.39e-01    20s
   6   1.66574047e+03 -8.24812074e+03  1.30e+01 1.35e-14  3.14e-02    22s
   7   1.44672197e+03 -4.59813494e+03  5.00e+00 1.18e-14  1.75e-02    23s
   8   1.04367827e+03 -5.98563427e+02  9.13e-01 7.11e-15  4.47e-03    25s
   9   8.12878128e+02  2.66485552e+02  1.53e-01 5.86e-15  1.40e-03    27s
  10   7.28810941e+02  6.84042947e+02  4.76e-03 4.21e-15  1.12e-04    29s
  11   7.19745521e+02  7.19098628e+02  7.41e-05 3.35e-15  1.62e-06    30s
  12   7.19500245e+02  7.19499575e+02  3.55e-11 1.79e-15  1.68e-09    32s
  13   7.19500000e+02  7.19500000e+02  2.92e-09 1.33e-15  1.17e-12    34s

Barrier solved model in 13 iterations and 33.80 seconds (19.70 work units)
Optimal objective 7.19500000e+02


Root crossover log...

    8539 DPushes remaining with DInf 0.0000000e+00                34s
       0 DPushes remaining with DInf 0.0000000e+00                34s

   60073 PPushes remaining with PInf 0.0000000e+00                34s
   27853 PPushes remaining with PInf 0.0000000e+00                35s
    9717 PPushes remaining with PInf 0.0000000e+00                40s
       0 PPushes remaining with PInf 0.0000000e+00                44s

  Push phase complete: Pinf 0.0000000e+00, Dinf 5.1111892e-14     44s


Root simplex log...

Iteration    Objective       Primal Inf.    Dual Inf.      Time
   68525    7.1950000e+02   0.000000e+00   0.000000e+00     45s
Crossover time: 10.69 seconds (4.65 work units)
Concurrent spin time: 0.01s

Solved with barrier

Root relaxation: objective 7.195000e+02, 68525 iterations, 36.13 seconds (17.62 work units)

    Nodes    |    Current Node    |     Objective Bounds      |     Work
 Expl Unexpl |  Obj  Depth IntInf | Incumbent    BestBd   Gap | It/Node Time

     0     0  719.50000    0 8113          -  719.50000      -     -  119s
     0     0  719.50000    0 10180          -  719.50000      -     -  127s
     0     0  719.50000    0 8866          -  719.50000      -     -  137s
     0     0  719.50000    0 12039          -  719.50000      -     -  153s
     0     0  719.50000    0 12495          -  719.50000      -     -  179s
     0     0  720.65293    0 12428          -  720.65293      -     -  189s
     0     0  723.60000    0 13125          -  723.60000      -     -  206s
     0     0  727.50000    0 15382          -  727.50000      -     -  226s
     0     0  727.50000    0 16990          -  727.50000      -     -  250s
     0     0  727.50000    0 16974          -  727.50000      -     -  267s
     0     0  731.30000    0 18214          -  731.30000      -     -  292s
     0     0  731.30000    0 20316          -  731.30000      -     -  357s
     0     0  731.32942    0 21130          -  731.32942      -     -  422s
     0     0  732.68186    0 20973          -  732.68186      -     -  497s
     0     0  735.00000    0 18748          -  735.00000      -     -  533s
     0     0  735.00000    0 18851          -  735.00000      -     -  585s
     0     0  743.00000    0 18516          -  743.00000      -     -  641s
     0     0  743.00000    0 18109          -  743.00000      -     -  660s
     0     0  743.00000    0 18714          -  743.00000      -     -  669s
     0     0  749.10000    0 18842          -  749.10000      -     -  680s
     0     0  749.10000    0 19128          -  749.10000      -     -  690s
     0     0  749.10000    0 20468          -  749.10000      -     -  701s
     0     0  749.10000    0 20486          -  749.10000      -     -  714s
     0     0  749.28146    0 18506          -  749.28146      -     -  718s
     0     0  750.00000    0 19444          -  750.00000      -     -  735s
     0     0  750.00000    0 18787          -  750.00000      -     -  737s
     0     0  755.25792    0 7622          -  755.25792      -     - 1192s
     0     0  755.55428    0 9336          -  755.55428      -     - 1219s
     0     0  755.55428    0 9761          -  755.55428      -     - 1226s
     0     0  755.90421    0 8860          -  755.90421      -     - 1255s
     0     0  755.90421    0 9068          -  755.90421      -     - 1255s
     0     0  756.40554    0 11905          -  756.40554      -     - 1282s
     0     0  756.40554    0 11635          -  756.40554      -     - 1284s
     0     0  756.40554    0 11624          -  756.40554      -     - 1285s
     0     0  756.40554    0 11381          -  756.40554      -     - 1286s
     0     0  756.87505    0 12146          -  756.87505      -     - 1392s
     0     0  757.11497    0 14382          -  757.11497      -     - 1443s
     0     0  757.11497    0 14390          -  757.11497      -     - 1450s
     0     0  757.11497    0 14393          -  757.11497      -     - 1451s
     0     0  757.11497    0 14419          -  757.11497      -     - 1451s
     0     0  757.49496    0 14357          -  757.49496      -     - 1483s
     0     0  757.49496    0 14287          -  757.49496      -     - 1485s
     0     0  757.73647    0 16078          -  757.73647      -     - 1517s
     0     0  757.73647    0 17186          -  757.73647      -     - 1546s
     0     0  758.16231    0 17477          -  758.16231      -     - 1598s
     0     0  758.16231    0 17455          -  758.16231      -     - 1600s
     0     0  758.48949    0 17226          -  758.48949      -     - 1621s
     0     0  758.48949    0 14660          -  758.48949      -     - 1624s
     0     0  760.07968    0 24263          -  760.07968      -     - 1701s
     0     0  760.07968    0 24263          -  760.07968      -     - 1701s
     0     0  761.19104    0 20453          -  761.19104      -     - 1753s
     0     0  761.19789    0 20125          -  761.19789      -     - 1759s
     0     0  761.21062    0 19938          -  761.21062      -     - 1762s
     0     0  761.21062    0 20093          -  761.21062      -     - 1763s
     0     0  761.94212    0 24093          -  761.94212      -     - 1826s
     0     0  762.13333    0 22956          -  762.13333      -     - 1842s
     0     0  762.23606    0 18885          -  762.23606      -     - 1849s
     0     0  762.35529    0 19097          -  762.35529      -     - 1856s
     0     0  762.35529    0 21028          -  762.35529      -     - 1859s
     0     0  762.35835    0 28129          -  762.35835      -     - 1940s
     0     0  762.35835    0 28122          -  762.35835      -     - 1941s
     0     0  762.87116    0 23426          -  762.87116      -     - 2114s
     0     0  762.94498    0 22687          -  762.94498      -     - 2131s
     0     0  762.94498    0 26179          -  762.94498      -     - 2138s
     0     0  763.10830    0 25935          -  763.10830      -     - 2265s
     0     0  763.83741    0 22290          -  763.83741      -     - 2323s
     0     0  763.94760    0 24724          -  763.94760      -     - 2334s
     0     0  763.94760    0 24002          -  763.94760      -     - 2343s
     0     0  765.08803    0 21821          -  765.08803      -     - 2403s
     0     0  765.29693    0 23295          -  765.29693      -     - 2416s
     0     0  765.36989    0 25096          -  765.36989      -     - 2428s
     0     0  765.38316    0 20506          -  765.38316      -     - 2520s
     0     0  765.38316    0 19354          -  765.38316      -     - 2538s
     0     0  767.13981    0 22699          -  767.13981      -     - 2587s
     0     0  767.76546    0 22138          -  767.76546      -     - 2600s
     0     0  767.76546    0 21363          -  767.76546      -     - 2602s
     0     0  769.81131    0 16305          -  769.81131      -     - 2683s
     0     0  770.04069    0 21630          -  770.04069      -     - 2729s
     0     0  770.04698    0 20918          -  770.04698      -     - 2745s
     0     0  770.04698    0 20825          -  770.04698      -     - 2748s
     0     0  770.63963    0 20258          -  770.63963      -     - 2787s
     0     0  770.65311    0 17394          -  770.65311      -     - 2809s
     0     0  770.65311    0 17478          -  770.65311      -     - 2816s
     0     0  771.44225    0 18638          -  771.44225      -     - 2869s
     0     0  771.49767    0 24092          -  771.49767      -     - 2900s
     0     0  771.49767    0 24024          -  771.49767      -     - 2900s
     0     0  771.59507    0 20865          -  771.59507      -     - 2909s
     0     0  771.59507    0 20886          -  771.59507      -     - 2910s
     0     0  771.59507    0 20678          -  771.59507      -     - 2913s
     0     0  771.59507    0 20676          -  771.59507      -     - 2914s
     0     0  771.59507    0 20675          -  771.59507      -     - 2914s
     0     0  772.10490    0 21128          -  772.10490      -     - 2966s
     0     0  772.15952    0 20367          -  772.15952      -     - 3001s
     0     0  772.22066    0 20558          -  772.22066      -     - 3021s
     0     0  772.23737    0 18592          -  772.23737      -     - 3043s
     0     0  772.23900    0 18398          -  772.23900      -     - 3045s
     0     0  772.52392    0 19445          -  772.52392      -     - 3086s
     0     0  772.55893    0 25431          -  772.55893      -     - 3121s
     0     0  772.57207    0 23786          -  772.57207      -     - 3144s
     0     0  772.58106    0 17716          -  772.58106      -     - 3158s
     0     0  772.58106    0 17678          -  772.58106      -     - 3159s
     0     0  772.59798    0 17754          -  772.59798      -     - 3167s
     0     0  772.59798    0 17753          -  772.59798      -     - 3168s
     0     0  772.61441    0 18756          -  772.61441      -     - 3175s
     0     0  772.61931    0 18066          -  772.61931      -     - 3209s
     0     0  772.61931    0 16056          -  772.61931      -     - 3213s
     0     0  773.07672    0 14425          -  773.07672      -     - 3235s
     0     0  773.26675    0 14940          -  773.26675      -     - 3247s
     0     0  773.26675    0 13674          -  773.26675      -     - 3256s
     0     0  774.02294    0 13578          -  774.02294      -     - 3294s
     0     0  774.02294    0 19899          -  774.02294      -     - 3306s
     0     0  774.50879    0 18263          -  774.50879      -     - 3339s
     0     0  774.59181    0 15631          -  774.59181      -     - 3345s
     0     0  774.59181    0 15593          -  774.59181      -     - 3346s
     0     0  774.80606    0 19050          -  774.80606      -     - 3381s
     0     0  774.84911    0 20856          -  774.84911      -     - 3389s
     0     0  774.85223    0 20395          -  774.85223      -     - 3392s
     0     0  775.69315    0 16145          -  775.69315      -     - 3423s
     0     0  775.70210    0 17764          -  775.70210      -     - 3442s
     0     0  775.71831    0 14893          -  775.71831      -     - 3463s
     0     0  775.71831    0 17761          -  775.71831      -     - 3472s
     0     0  775.92473    0 17741          -  775.92473      -     - 3541s
     0     0  775.92474    0 18391          -  775.92474      -     - 3584s
     0     0  776.26795    0 13461          -  776.26795      -     - 3624s
     0     0  776.42198    0 19999          -  776.42198      -     - 3671s
     0     0  776.42390    0 18401          -  776.42390      -     - 3683s
     0     0  776.45314    0 20028          -  776.45314      -     - 3723s
     0     0  776.45321    0 21590          -  776.45321      -     - 3731s
     0     0  776.45321    0 20629          -  776.45321      -     - 3765s
     0     0  776.45333    0 20629          -  776.45333      -     - 3775s
     0     0  776.45333    0 7303          -  776.45333      -     - 3943s
     0     2  776.46029    0 7303          -  776.46029      -     - 3982s
     1     4  778.79216    1 8805          -  776.46029      -  3603 3995s
     2     6  790.67688    2 9759          -  776.46029      -  3662 4011s
     4     6  791.18202    3 9857          -  776.46029      -  2701 4035s
     7     9  781.95317    3 13538          -  776.46029      -  2995 4061s
    10    14  781.80209    4 7064          -  776.46029      -  4075 4105s
    15    19  782.65468    5 10549          -  776.46029      -  3635 4143s
    20    21  782.65468    6 10633          -  776.46029      -  3694 4177s
    22    23  782.74420    7 10766          -  776.46029      -  3512 4213s
    24    26  783.08948    8 13591          -  776.46029      -  3895 4271s
    31    30  787.56056    8 11659          -  776.46029      -  3729 4342s
    35    33  783.08948    9 13353          -  776.46029      -  3993 4400s
    40    37  783.12727   10 14629          -  776.46029      -  4058 4458s
    44    39  785.53555    9 15610          -  776.46029      -  4067 4520s
    46    44  783.12727   11 13944          -  776.46029      -  3944 4557s
    51    48  784.10948   12 13017          -  776.46029      -  4055 4605s
    59    55  793.95015   10 14293          -  776.46029      -  3833 4652s
    66    60  796.21909   13 12374          -  776.46029      -  3885 4710s
    71    69  784.23655   13 11661          -  776.46029      -  3871 4849s
    80    69  784.91337   11 11763          -  776.46029      -  3707 4899s
    88    73  794.04949   14 14060          -  776.68526      -  3636 4945s
    92    81  784.85477   14 9271          -  776.68526      -  3656 5040s
   100    90  785.24344   15 7354          -  776.68526      -  3493 5081s
   109   101  785.47939   16 12576          -  776.68526      -  3438 5132s
   120   108  785.64150   17 12332          -  776.68526      -  3278 5182s
   127   115  787.92595   15 12542          -  776.68526      -  3216 5227s
   134   119  785.80023   18 10657          -  776.68526      -  3177 5275s
   140   134  785.84065   19 12226          -  776.68526      -  3200 5321s
   155   143  786.62210   20 11426          -  776.68526      -  3039 5372s
   164   156  798.93995   20 12332          -  776.68526      -  3092 5426s
   177   168  786.62548   21 10389          -  776.68526      -  3026 5471s
   189   176  787.08061   22 11499          -  776.68526      -  3002 5543s
   197   183  788.20470   22 10530          -  776.68526      -  3040 5629s
   206   198  787.29922   23 11298          -  776.68526      -  3085 5678s
   223   210  789.00481   21 12920          -  776.68526      -  3029 6178s
   235   227  787.29922   24 11192          -  776.68526      -  2995 6244s
   252   240  787.29922   25 10905          -  776.68526      -  2899 6300s
   265   259  788.56674   26 9901          -  776.68526      -  2912 6353s
   284   281  787.50934   25 9268          -  776.68526      -  2858 6408s
   306   294  806.85328   26 5897          -  776.68526      -  2771 6560s
   319   305  788.79733   26 9327          -  776.68526      -  2778 6937s
   330   327  787.48199   24 7300          -  776.68526      -  2804 7075s
   352   349  788.72339   25 9376          -  776.68526      -  2763 7148s
   374   353  807.50888   26 8334          -  776.68526      -  2770 7200s

Cutting planes:
  Learned: 11
  Cover: 146
  Implied bound: 3410
  Clique: 287
  MIR: 916
  Knapsack: 2
  StrongCG: 55
  Flow cover: 9
  GUB cover: 265
  Zero half: 23
  RLT: 17
  Relax-and-lift: 6033

Explored 378 nodes (1657986 simplex iterations) in 7200.18 seconds (6292.17 work units)
Thread count was 4 (of 8 available processors)

Solution count 0

Time limit reached
Best objective -, best bound 7.767000000000e+02, gap -
