
Gurobi 13.0.2 (linux64) logging started Tue Jun 23 03:23:35 2026

Set parameter LogFile to value "src/Resultados/Restriccion cota global/logs/R104-50.xml_log.log"
Set parameter Threads to value 4
Gurobi Optimizer version 13.0.2 build v13.0.2rc1 (linux64 - "Rocky Linux 9.7 (Blue Onyx)")

CPU model: QEMU Virtual CPU version 2.5+, instruction set [SSE2]
Thread count: 8 physical cores, 8 logical processors, using up to 4 threads

Non-default parameters:
TimeLimit  7200
Threads  4

Optimize a model with 257433 rows, 164220 columns and 1202160 nonzeros (Min)
Model fingerprint: 0x3232acec
Model has 42105 linear objective coefficients
Variable types: 30690 continuous, 133530 integer (133515 binary)
Coefficient statistics:
  Matrix range     [1e+00, 4e+04]
  Objective range  [4e+00, 6e+01]
  Bounds range     [1e+00, 2e+03]
  RHS range        [1e+00, 4e+04]

Presolve removed 75195 rows and 420 columns (presolve time = 5s)...
Presolve removed 75150 rows and 360 columns
Presolve time: 9.40s
Presolved: 182283 rows, 163860 columns, 931245 nonzeros
Variable types: 750 continuous, 163110 integer (147255 binary)
Deterministic concurrent LP optimizer: primal simplex, dual simplex, and barrier
Showing barrier log only...

Root barrier log...

Ordering time: 2.95s

Barrier statistics:
 Dense cols : 90
 AA' NZ     : 5.038e+06
 Factor NZ  : 2.314e+07 (roughly 300 MB of memory)
 Factor Ops : 1.448e+10 (roughly 2 seconds per iteration)
 Threads    : 1

                  Objective                Residual
Iter       Primal          Dual         Primal    Dual     Compl     Time
   0   3.96980696e+06 -2.65290101e+06  1.95e+05 1.67e-16  1.92e+02    19s
   1   1.75168883e+06 -3.14044963e+06  8.67e+04 8.88e-01  8.53e+01    21s
   2   1.02228614e+06 -3.40931745e+06  5.13e+04 6.28e-01  5.22e+01    23s
   3   2.51952756e+05 -2.56958163e+06  1.27e+04 6.92e-02  1.53e+01    25s
   4   3.27297017e+04 -5.64350887e+05  1.57e+03 3.47e-12  2.21e+00    29s
   5   1.02065969e+04 -7.33752522e+04  4.30e+02 5.08e-13  3.61e-01    32s
   6   3.05161977e+03 -9.99332481e+03  7.91e+01 3.66e-14  5.79e-02    36s
   7   1.40734608e+03 -1.74497066e+03  1.82e+00 9.33e-15  7.57e-03    41s
   8   8.53819872e+02 -3.95618342e+02  1.01e-01 5.47e-15  2.81e-03    45s
   9   6.30604632e+02  1.52121518e+02  2.60e-02 4.44e-15  1.07e-03    48s
  10   6.14084132e+02  3.82135544e+02  2.27e-02 3.49e-15  5.19e-04    52s
  11   5.33622425e+02  4.64284255e+02  5.14e-03 2.34e-15  1.54e-04    56s
  12   5.13603953e+02  4.98011042e+02  1.85e-03 3.46e-15  3.47e-05    60s
  13   5.02911710e+02  5.02859929e+02  4.14e-12 2.08e-15  1.15e-07    63s
  14   5.02900012e+02  5.02899960e+02  5.68e-12 8.88e-16  1.15e-10    66s
  15   5.02900000e+02  5.02900000e+02  1.34e-10 2.71e-15  9.07e-14    69s

Barrier solved model in 15 iterations and 69.21 seconds (35.17 work units)
Optimal objective 5.02900000e+02


Root crossover log...

    8661 DPushes remaining with DInf 0.0000000e+00                69s
       0 DPushes remaining with DInf 0.0000000e+00                70s

   62849 PPushes remaining with PInf 0.0000000e+00                70s
   27550 PPushes remaining with PInf 0.0000000e+00                70s
   11144 PPushes remaining with PInf 0.0000000e+00                75s
       0 PPushes remaining with PInf 0.0000000e+00                78s

  Push phase complete: Pinf 0.0000000e+00, Dinf 4.6351811e-15     78s


Root simplex log...

Iteration    Objective       Primal Inf.    Dual Inf.      Time
   71423    5.0290000e+02   0.000000e+00   0.000000e+00     78s
Crossover time: 8.84 seconds (4.42 work units)
Concurrent spin time: 0.03s

Solved with barrier

Root relaxation: objective 5.029000e+02, 71423 iterations, 65.73 seconds (31.91 work units)

    Nodes    |    Current Node    |     Objective Bounds      |     Work
 Expl Unexpl |  Obj  Depth IntInf | Incumbent    BestBd   Gap | It/Node Time

     0     0  502.90000    0 8500          -  502.90000      -     -  151s
     0     0  502.90000    0 11081          -  502.90000      -     -  157s
     0     0  502.90000    0 15456          -  502.90000      -     -  193s
     0     0  502.90000    0 15462          -  502.90000      -     -  209s
     0     0  502.90000    0 17710          -  502.90000      -     -  243s
     0     0  502.90000    0 17710          -  502.90000      -     -  243s
     0     0  502.90000    0 3415          -  502.90000      -     -  289s
     0     0  502.90000    0 3420          -  502.90000      -     -  304s
     0     0  502.90000    0 3649          -  502.90000      -     -  306s
     0     0  502.90000    0 8998          -  502.90000      -     -  361s
     0     0  502.90000    0 8998          -  502.90000      -     -  361s
     0     0  502.90000    0 1650          -  502.90000      -     -  413s
     0     0  502.90000    0 4638          -  502.90000      -     -  435s
     0     0  502.90000    0 4420          -  502.90000      -     -  475s
     0     0  502.90000    0 4875          -  502.90000      -     -  477s
     0     0  502.90000    0  933          -  502.90000      -     -  549s
     0     0  502.90000    0  928          -  502.90000      -     -  562s
     0     0  502.90000    0 12994          -  502.90000      -     -  642s
     0     0  502.90000    0 12994          -  502.90000      -     -  642s
     0     0  502.90000    0 2862          -  502.90000      -     -  702s
     0     0  502.90000    0 5582          -  502.90000      -     -  718s
     0     0  502.90000    0 5462          -  502.90000      -     -  719s
     0     0  502.90000    0 15880          -  502.90000      -     -  808s
     0     0  502.90000    0 15880          -  502.90000      -     -  808s
     0     0  502.90000    0 3039          -  502.90000      -     -  861s
     0     0  502.90000    0 3860          -  502.90000      -     -  874s
     0     0  502.90000    0 3860          -  502.90000      -     -  875s
     0     0  502.90000    0 12616          -  502.90000      -     -  945s
     0     0  502.90000    0 12606          -  502.90000      -     -  946s
     0     0  502.90000    0 2969          -  502.90000      -     -  995s
     0     0  502.90000    0 4619          -  502.90000      -     - 1020s
     0     0  502.90000    0 4461          -  502.90000      -     - 1020s
     0     0  502.90000    0 8518          -  502.90000      -     - 1064s
     0     0  502.90000    0 8518          -  502.90000      -     - 1065s
     0     0  502.90000    0 3530          -  502.90000      -     - 1137s
     0     0  502.90000    0 3561          -  502.90000      -     - 1142s
     0     0  502.90000    0 3467          -  502.90000      -     - 1197s
     0     2  502.90000    0 3467          -  502.90000      -     - 1276s
     1     4  502.90000    1 4405          -  502.90000      -  3016 1293s
     3     8  502.90000    2 5085          -  502.90000      -  2751 1307s
     7    12  502.90000    3 5080          -  502.90000      -  1668 1327s
    11    18  502.90000    4 6404          -  502.90000      -  1412 1347s
    17    26  502.90000    5 6149          -  502.90000      -  1131 1367s
    25    27  502.90000    5 5844          -  502.90000      -   824 1384s
    26    31  502.90000    6 6821          -  502.90000      -   866 1411s
    30    38  502.90000    6 6522          -  502.90000      -  1186 1433s
    37    46  502.90000    7 5421          -  502.90000      -  1218 1450s
    45    54  502.90000    7 5378          -  502.90000      -  1080 1469s
    53    62  502.90000    8 5349          -  502.90000      -   979 1487s
    61    70  502.90000    8 5894          -  502.90000      -   900 1506s
    69    78  502.90000    9 5349          -  502.90000      -   802 1521s
    77    91  502.90000   10 5700          -  502.90000      -   760 1541s
    90   104  502.90000   11 7272          -  502.90000      -   675 1558s
   103   122  503.02175   12 7868          -  502.90000      -   598 1645s
   121   140  502.90000   12 6539          -  502.90000      -   529 1699s
   139   158  502.90000   13 6767          -  502.90000      -   469 1721s
   157   190  502.90000   14 6320          -  502.90000      -   417 1745s
   189   219  502.90000   15 6473          -  502.90000      -   361 1767s
   218   246  502.90000   16 5433          -  502.90000      -   329 1848s
   250   273  503.39557   17 5416          -  502.90000      -   311 1871s
   277   306  503.08583   19 5578          -  502.90000      -   333 1899s
   310   380  502.90000   22 5663          -  502.90000      -   318 1935s
   384   516  502.90775   32 5689          -  502.90000      -   286 1973s
   520   667  503.09596   77 5699          -  502.90000      -   218 2044s
   671   818  503.16960  127 6436          -  502.90000      -   175 2061s
   822   941  503.25282  177 4973          -  502.90000      -   148 2075s
   945  1008  503.30061  199 5698          -  502.90000      -   133 2089s
  1012  1074  503.33094  220 6091          -  502.90000      -   132 2100s
  1078  1163  503.36834  236 5698          -  502.90000      -   130 2114s
  1167  1227  503.42486  250 6151          -  502.90000      -   124 2127s
  1231  1308  503.46014  260 5727          -  502.90000      -   123 2145s
  1312  1423  503.52941  274 5725          -  502.90000      -   119 2200s
  1427  1534  503.73710  301 6017          -  502.90000      -   113 2299s
  1538  1538  504.40808  333 5713          -  502.90000      -   108 2523s
  1542  1550  504.40808  334 5711          -  502.90000      -   108 2777s
  1554  1608  504.45888  335 5897          -  502.90000      -   108 3067s
  1612  1663  504.48597  336 5706          -  502.90000      -   106 3325s
  1667  1883  504.49952  337 5707          -  502.90000      -   104 3352s
  1888  2048  505.47518  407 4880          -  502.90000      -   103 3373s
  2054  2186  558.86242  467 5877          -  502.90000      -   105 3394s
  2192  2335  584.50588  490 6149          -  502.90000      -   107 3422s
  2341  2528  588.81724  519 6234          -  502.90000      -   109 3445s
  2534  2713  590.60407  598 6389          -  502.90000      -   108 3468s
  2719  2886  591.18730  667 6332          -  502.90000      -   110 3495s
  2892  3112  597.17779  698 6059          -  502.90000      -   111 3521s
  3118  3340  597.44192  733 6441          -  502.90000      -   109 3545s
  3346  3623  597.76892  793 6158          -  502.90000      -   108 3579s
  3629  3885  598.65150  868 6763          -  502.90000      -   105 3607s
  3896  4163  503.33735   18 5203          -  502.90000      -   103 3640s
  4174  4355  504.04806   99 5552          -  502.90000      -   102 3678s
  4367  4586  504.47415  181 4874          -  502.90000      -   103 3715s
  4600  4822  504.53480  228 4672          -  502.90000      -   103 3746s
  4836  5050  504.75177  283 5460          -  502.90000      -   104 3773s
  5066  5346  504.88903  346 6018          -  502.90000      -   105 3800s
  5363  5347  611.60057 1129 3467          -  502.90000      -   103 4943s
  5364  5348  533.50000  128 3467          -  502.90000      -   103 4945s
  5365  5348  532.60000  903 4367          -  504.54193      -   103 5176s
  5366  5349  546.30000  236 3916          -  506.64078      -   103 5273s
  5367  5350  566.60158  484 5440          -  511.83038      -   103 5361s
  5368  5350  521.90000  394 3593          -  511.83700      -   103 5449s
  5369  5351  553.67284 1601 4334          -  514.21292      -   103 5573s
  5370  5352  528.40000  476 3033          -  514.35086      -   103 5689s
  5371  5352  597.96119  964 4185          -  516.27735      -   103 5780s
  5372  5353  516.32034   63 4033          -  516.32034      -   103 5865s
  5373  5354  529.90000  544 4173          -  519.62028      -   103 5937s
  5374  5354  534.30000 1135 3942          -  519.62028      -   103 5999s
  5375  5355  597.33774  850 5322          -  522.21447      -   103 6075s
  5376  5356  522.80000  658 4334          -  522.80000      -   103 6250s
  5377  5356  594.14492  661 4991          -  522.87546      -   103 6345s
  5378  5357  533.40000  657 2791          -  522.87546      -   103 6436s
  5379  5358  525.80000 1475 4472          -  523.45000      -   103 6476s
  5380  5358  528.40000  375  823          -  524.44980      -   103 6554s
  5381  5359  524.68936   35 2386          -  524.68936      -   103 6599s
  5382  5360  524.98657  655 3642          -  524.98657      -   103 6691s
  5383  5360  525.15000  190 3624          -  525.15000      -   103 6750s
  5384  5361  539.10000 1256  318          -  525.24645      -   103 6825s
  5385  5362  533.50000  392 2352          -  525.24645      -   103 6885s
  5386  5362  525.25000  399  401          -  525.25000      -   103 6979s
  5387  5363  525.25000  334 1680          -  525.25000      -   103 7025s
  5388  5364  553.27091 1616  658          -  525.25000      -   103 7109s
  5389  5364  525.25000  178 1436          -  525.25000      -   103 7153s

Cutting planes:
  Gomory: 17
  Lift-and-project: 3
  Cover: 418
  Implied bound: 142
  Projected implied bound: 217
  Clique: 146
  MIR: 235
  StrongCG: 35
  Flow cover: 366
  GUB cover: 246
  Zero half: 78
  RLT: 138
  Relax-and-lift: 266

Explored 5389 nodes (1601134 simplex iterations) in 7200.77 seconds (5672.94 work units)
Thread count was 4 (of 8 available processors)

Solution count 0

Time limit reached
Best objective -, best bound 5.253000000000e+02, gap -
