
Gurobi 13.0.2 (linux64) logging started Tue Jun 23 07:24:09 2026

Set parameter LogFile to value "src/Resultados/Restriccion cota global/logs/R105-50.xml_log.log"
Set parameter Threads to value 4
Gurobi Optimizer version 13.0.2 build v13.0.2rc1 (linux64 - "Rocky Linux 9.7 (Blue Onyx)")

CPU model: QEMU Virtual CPU version 2.5+, instruction set [SSE2]
Thread count: 8 physical cores, 8 logical processors, using up to 4 threads

Non-default parameters:
TimeLimit  7200
Threads  4

Optimize a model with 208200 rows, 126855 columns and 882690 nonzeros (Min)
Model fingerprint: 0x7ccd84bf
Model has 20220 linear objective coefficients
Variable types: 26820 continuous, 100035 integer (100020 binary)
Coefficient statistics:
  Matrix range     [1e+00, 4e+04]
  Objective range  [4e+00, 6e+01]
  Bounds range     [1e+00, 2e+03]
  RHS range        [1e+00, 4e+04]

Presolve removed 65415 rows and 435 columns (presolve time = 5s)...
Presolve removed 65430 rows and 450 columns
Presolve time: 5.81s
Presolved: 142770 rows, 126405 columns, 660360 nonzeros
Variable types: 570 continuous, 125835 integer (109845 binary)
Deterministic concurrent LP optimizer: primal simplex, dual simplex, and barrier
Showing barrier log only...

Root barrier log...

Ordering time: 1.35s

Barrier statistics:
 Dense cols : 15
 AA' NZ     : 1.692e+06
 Factor NZ  : 9.177e+06 (roughly 200 MB of memory)
 Factor Ops : 3.188e+09 (less than 1 second per iteration)
 Threads    : 1

                  Objective                Residual
Iter       Primal          Dual         Primal    Dual     Compl     Time
   0   2.58419574e+06 -3.27180340e+06  1.98e+05 4.44e-16  3.57e+02    11s
   1   1.42888958e+06 -3.46899667e+06  1.10e+05 1.51e+00  1.96e+02    11s
   2   1.02461419e+06 -3.91649052e+06  7.88e+04 1.27e-12  1.27e+02    12s
   3   3.18854075e+05 -2.62788745e+06  2.44e+04 5.18e-12  3.97e+01    13s
   4   5.95399011e+04 -1.42792780e+06  4.46e+03 1.05e-12  9.30e+00    14s
   5   1.17518212e+04 -2.67843348e+05  7.90e+02 7.70e-13  1.55e+00    15s
   6   3.10536801e+03 -4.66497363e+04  1.29e+02 9.27e-14  2.45e-01    16s
   7   1.70276323e+03 -2.68311002e+04  2.34e+01 5.27e-14  9.97e-02    17s
   8   1.40054927e+03 -4.04534433e+03  2.43e+00 7.55e-15  1.72e-02    18s
   9   1.09743213e+03 -4.65103269e+02  5.17e-02 8.88e-15  4.58e-03    19s
  10   9.13238153e+02  4.61844944e+02  1.38e-02 6.66e-15  1.32e-03    20s
  11   8.81253426e+02  5.77310845e+02  9.90e-03 4.54e-15  8.89e-04    21s
  12   8.39209023e+02  6.56087318e+02  4.22e-03 3.60e-15  5.35e-04    22s
  13   8.29575313e+02  7.07156238e+02  3.45e-03 2.68e-15  3.58e-04    23s
  14   8.10371129e+02  7.65335533e+02  7.26e-04 2.16e-15  1.31e-04    24s
  15   8.06889572e+02  7.91854824e+02  2.67e-04 1.37e-15  4.38e-05    25s
  16   8.04805853e+02  8.04680152e+02  9.47e-06 2.22e-15  3.66e-07    26s
  17   8.04700106e+02  8.04699963e+02  1.31e-10 1.78e-15  4.18e-10    26s
  18   8.04700000e+02  8.04700000e+02  7.32e-09 1.33e-15  4.18e-13    27s

Barrier solved model in 18 iterations and 27.15 seconds (14.73 work units)
Optimal objective 8.04700000e+02


Root crossover log...

   10145 DPushes remaining with DInf 0.0000000e+00                27s
       0 DPushes remaining with DInf 0.0000000e+00                27s

   56040 PPushes remaining with PInf 0.0000000e+00                27s
       0 PPushes remaining with PInf 0.0000000e+00                30s

  Push phase complete: Pinf 0.0000000e+00, Dinf 3.3329653e-12     30s


Root simplex log...

Iteration    Objective       Primal Inf.    Dual Inf.      Time
   64824    8.0470000e+02   0.000000e+00   0.000000e+00     30s
Crossover time: 2.57 seconds (1.66 work units)
Concurrent spin time: 0.04s

Solved with barrier

Root relaxation: objective 8.047000e+02, 64824 iterations, 22.25 seconds (10.79 work units)

    Nodes    |    Current Node    |     Objective Bounds      |     Work
 Expl Unexpl |  Obj  Depth IntInf | Incumbent    BestBd   Gap | It/Node Time

     0     0  804.70000    0 7491          -  804.70000      -     -   70s
     0     0  804.70000    0 9819          -  804.70000      -     -   72s
     0     0  804.70000    0 11715          -  804.70000      -     -  105s
     0     0  804.70000    0 12240          -  804.70000      -     -  111s
     0     0  804.70000    0 10284          -  804.70000      -     -  153s
     0     0  804.70000    0 10284          -  804.70000      -     -  153s
     0     0  804.70000    0 5399          -  804.70000      -     -  207s
     0     0  806.84433    0 5473          -  806.84433      -     -  252s
     0     0  806.84433    0 5632          -  806.84433      -     -  256s
     0     0  806.84433    0 10535          -  806.84433      -     -  314s
     0     0  806.84433    0 10535          -  806.84433      -     -  314s
     0     0  806.84433    0 3330          -  806.84433      -     -  391s
     0     0  807.38893    0 9857          -  807.38893      -     -  457s
     0     0  807.50898    0 9722          -  807.50898      -     -  461s
     0     0  807.50898    0 10452          -  807.50898      -     -  463s
     0     0  809.39932    0 11583          -  809.39932      -     -  504s
     0     0  809.39932    0 13761          -  809.39932      -     -  561s
     0     0  809.39932    0 13711          -  809.39932      -     -  610s
     0     0  810.65526    0 16270          -  810.65526      -     -  641s
     0     0  810.75106    0 16268          -  810.75106      -     -  649s
     0     0  810.75106    0 16267          -  810.75106      -     -  649s
     0     0  810.75106    0 16233          -  810.75106      -     -  650s
     0     0  811.82786    0 16916          -  811.82786      -     -  681s
     0     0  811.82786    0 16916          -  811.82786      -     -  681s
     0     0  811.82786    0 16916          -  811.82786      -     -  791s
     0     0  811.90711    0 18338          -  811.90711      -     -  811s
     0     0  811.92453    0 17763          -  811.92453      -     -  816s
     0     0  812.00554    0 18133          -  812.00554      -     -  823s
     0     0  812.01007    0 17808          -  812.01007      -     -  827s
     0     0  812.01007    0 17820          -  812.01007      -     -  828s
     0     0  824.80894    0 15314          -  824.80894      -     -  858s
     0     0  824.81203    0 14723          -  824.81203      -     -  872s
     0     0  824.81669    0 15627          -  824.81669      -     -  902s
     0     0  824.85845    0 16052          -  824.85845      -     -  915s
     0     0  824.85845    0 15793          -  824.85845      -     -  918s
     0     0  825.56521    0 19812          -  825.56521      -     - 1001s
     0     0  825.56521    0 19611          -  825.56521      -     - 1024s
     0     0  825.97739    0 14384          -  825.97739      -     - 1071s
     0     0  826.28548    0 14136          -  826.28548      -     - 1088s
     0     0  826.29191    0 17486          -  826.29191      -     - 1098s
     0     0  826.29191    0 14384          -  826.29191      -     - 1100s
     0     0  830.01584    0 18131          -  830.01584      -     - 1154s
     0     0  830.15892    0 19670          -  830.15892      -     - 1165s
     0     0  830.45284    0 18979          -  830.45284      -     - 1170s
     0     0  830.45284    0 18968          -  830.45284      -     - 1171s
     0     0  830.78008    0 17563          -  830.78008      -     - 1196s
     0     0  830.79954    0 19454          -  830.79954      -     - 1210s
     0     0  830.79954    0 18269          -  830.79954      -     - 1219s
     0     0  830.97798    0 17516          -  830.97798      -     - 1268s
     0     0  830.97798    0 17855          -  830.97798      -     - 1275s
     0     0  831.01084    0 18401          -  831.01084      -     - 1304s
     0     0  831.01084    0 19239          -  831.01084      -     - 1318s
     0     0  831.07053    0 19130          -  831.07053      -     - 1344s
     0     0  831.07053    0 19130          -  831.07053      -     - 1470s
     0     0  831.07053    0 3901          -  831.07053      -     - 1544s
     0     2  831.90487    0 2875          -  831.90487      -     - 1605s
     1     4  831.90487    1 2233          -  831.90487      -  3240 1622s
     3     7  831.90487    2 2236          -  831.90487      -  2943 1642s
     6    10  831.90487    3 2239          -  831.90487      -  3527 1670s
     9    13  831.90487    4 4205          -  831.90487      -  3333 1699s
    12    17  831.90487    5 5496          -  831.90487      -  2868 1727s
    16    22  831.90487    6 5118          -  831.90487      -  2827 1753s
    21    34  831.90487    7 5391          -  831.90487      -  2300 1786s
    33    48  831.90487   10 5550          -  831.90487      -  1674 1809s
    49    75  831.90487   15 5515          -  831.90487      -  1158 1841s
    76    94  833.20869   25 6081          -  831.90487      -   923 1876s
    95   108  841.49850   21 4046          -  831.90487      -   853 1905s
   109   128  831.90487   23 5420          -  831.90487      -   818 1933s
   129   156  834.14187   30 6013          -  831.90487      -   764 1961s
   157   184  834.14187   40 4623          -  831.90487      -   687 2007s
   185   203  834.37599   50 5631          -  831.90487      -   657 2037s
   204   237  834.69764   57 6374          -  831.90487      -   612 2061s
   238   259  834.94445   68 5082          -  831.90487      -   537 2088s
   260   291  834.99899   80 6361          -  831.90487      -   534 2120s
   292   319  835.04139   93 6752          -  831.90487      -   499 2147s
   320   353  835.12579  108 6768          -  831.90487      -   475 2176s
   354   379  835.19315  124 6320          -  831.90487      -   448 2202s
   380   410  836.71493  133 6610          -  831.90487      -   438 2229s
   411   433  837.12142  143 7642          -  831.90487      -   428 2257s
   434   460  837.12390  144 7631          -  831.90487      -   418 2286s
   461   497  837.15709  151 6675          -  831.90487      -   414 2322s
   498   551  837.28020  162 5960          -  831.90487      -   401 2350s
   553   592  837.48618  186 6460          -  831.90487      -   381 2375s
   594   636  837.72916  212 6836          -  831.90487      -   371 2405s
   638   672  838.18678  239 6091          -  831.90487      -   371 2764s
   674   765  838.33701  252 6090          -  831.90487      -   360 2789s
   767   853  838.83455  280 7471          -  831.90487      -   333 2818s
   855   931  839.15690  300 5960          -  831.90487      -   310 2848s
   933  1012  839.42866  319 6251          -  831.90487      -   298 2880s
  1014  1104  840.16087  346 6521          -  831.90487      -   286 2905s
  1106  1232  840.57377  366 6731          -  831.90487      -   274 2929s
  1234  1313  841.98140  395 6837          -  831.90487      -   259 2954s
  1317  1357  943.56682  409 6762          -  831.90487      -   264 2991s
  1361  1451  944.33227  411 7115          -  831.90487      -   263 3026s
  1455  1502  947.25749  415 6044          -  831.90487      -   262 3069s
  1508  1644  951.81729  421 6445          -  831.90487      -   269 3109s
  1650  1648  952.70117  422 6022          -  831.90487      -   256 3776s
  1654  1652  983.40897  422 6461          -  831.90487      -   261 4577s
  1658  1815  953.56750  423 5256          -  831.90487      -   263 4610s
  1836  1965  954.42520  425 5124          -  831.90487      -   252 4642s
  1986  2126  956.98029  429 6559          -  831.90487      -   252 4679s
  2147  2310  965.90369  434 4697          -  831.90487      -   246 4716s
  2331  2472  973.33418  440 4018          -  831.90487      -   244 4756s
  2493  2605  978.22743  454 4715          -  831.90487      -   246 4798s
  2626  2737 1003.03834  457 5488          -  831.90487      -   251 4835s
  2760  2813  985.08707  496 3916          -  831.90487      -   254 4871s
  2856  2961  985.69479  516 5874          -  831.90487      -   263 4915s
  3005  2962  834.14187   29 3901          -  831.90487      -   266 5083s
  3007  2963  886.99682  277 6557          -  831.90487      -   266 5678s
  3008  2964 1013.58356  870 5835          -  831.90487      -   266 5817s
  3009  2965  895.26569  918 6570          -  832.01417      -   266 5850s
  3010  2965  886.59586  261 7421          -  833.02018      -   266 5860s
  3011  2966 1013.20669  769 7211          -  842.54455      -   265 5874s
  3012  2967 1011.43647  647 6753          -  842.54593      -   265 5945s
  3013  2967  934.60477  462 5641          -  847.85080      -   265 6057s
  3014  2968  889.39706  423 5842          -  852.38914      -   265 6127s
  3015  2969  854.68612   13 6302          -  854.68612      -   265 6165s
  3016  2969  869.83073   54 6157          -  855.72381      -   265 6200s
  3017  2970  892.68759  632 5651          -  857.69568      -   265 6246s
  3018  2971  857.72578  354 6022          -  857.72578      -   265 6295s
  3019  2971 1013.96231  878 5401          -  857.84145      -   265 6323s
  3020  2972  936.06104  516 6307          -  858.34962      -   265 6356s
  3021  2973  895.18179  910 6124          -  858.39567      -   265 6374s
  3022  2973  870.33229  121 6582          -  858.39567      -   265 6454s
  3023  2974  939.54631  588 2875          -  859.29673      -   264 6631s
  3024  2975  892.94632  657 8239          -  861.47722      -   264 6721s
  3025  2975 1012.45192  724 9295          -  862.00027      -   264 6749s
  3026  2976  920.66428  937 6493          -  863.01131      -   264 6805s
  3027  2977 1013.75750  653 6599          -  863.07461      -   264 6812s
  3028  2977  863.14620  110 6174          -  863.14620      -   264 6820s
  3029  2978 1021.98502  826 6163          -  863.15164      -   264 6825s
  3031  2979  895.67500  914 6276          -  863.17563      -   264 6832s
  3032  2980  877.42868  225 6465          -  863.26839      -   264 6839s
  3033  2981  863.26839  228 6379          -  863.26839      -   264 6887s
  3034  2981  867.15293  170 3603          -  867.15293      -   263 7056s
  3035  2982 1014.63921  869 5111          -  867.90137      -   263 7099s
  3036  2983  868.18092  101 5578          -  868.18092      -   263 7117s
  3037  2983  895.45220  928 5126          -  868.22566      -   263 7121s
  3038  2984  872.03694  148 5015          -  868.22566      -   263 7157s

Cutting planes:
  Gomory: 12
  Cover: 264
  Implied bound: 55
  Projected implied bound: 376
  Clique: 23
  MIR: 149
  StrongCG: 130
  Flow cover: 840
  GUB cover: 445
  Zero half: 19
  RLT: 133
  Relax-and-lift: 113

Explored 3038 nodes (1595080 simplex iterations) in 7200.12 seconds (5933.36 work units)
Thread count was 4 (of 8 available processors)

Solution count 0

Time limit reached
Best objective -, best bound 8.683000000000e+02, gap -
