
Gurobi 13.0.2 (linux64) logging started Tue Jun 23 15:25:24 2026

Set parameter LogFile to value "src/Resultados/Restriccion cota global/logs/R107-50.xml_log.log"
Set parameter Threads to value 4
Gurobi Optimizer version 13.0.2 build v13.0.2rc1 (linux64 - "Rocky Linux 9.7 (Blue Onyx)")

CPU model: QEMU Virtual CPU version 2.5+, instruction set [SSE2]
Thread count: 8 physical cores, 8 logical processors, using up to 4 threads

Non-default parameters:
TimeLimit  7200
Threads  4

Optimize a model with 251274 rows, 159165 columns and 1156650 nonzeros (Min)
Model fingerprint: 0xcfff80ae
Model has 38490 linear objective coefficients
Variable types: 30330 continuous, 128835 integer (128820 binary)
Coefficient statistics:
  Matrix range     [1e+00, 4e+04]
  Objective range  [4e+00, 6e+01]
  Bounds range     [1e+00, 2e+03]
  RHS range        [1e+00, 4e+04]

Presolve removed 74250 rows and 420 columns (presolve time = 5s)...
Presolve removed 74235 rows and 390 columns
Presolve time: 7.69s
Presolved: 177039 rows, 158775 columns, 895395 nonzeros
Variable types: 750 continuous, 158025 integer (142170 binary)
Deterministic concurrent LP optimizer: primal simplex, dual simplex, and barrier
Showing barrier log only...

Root barrier log...

Ordering time: 3.37s

Barrier statistics:
 Dense cols : 75
 AA' NZ     : 4.461e+06
 Factor NZ  : 2.100e+07 (roughly 300 MB of memory)
 Factor Ops : 1.252e+10 (roughly 2 seconds per iteration)
 Threads    : 1

                  Objective                Residual
Iter       Primal          Dual         Primal    Dual     Compl     Time
   0   3.77801571e+06 -2.95995215e+06  1.91e+05 4.44e-16  2.23e+02    17s
   1   1.63138956e+06 -3.51906761e+06  8.34e+04 7.37e-01  9.43e+01    19s
   2   4.73920194e+05 -3.98691809e+06  2.42e+04 4.58e-03  3.27e+01    21s
   3   9.12969106e+04 -1.30131140e+06  4.59e+03 6.51e-04  6.64e+00    23s
   4   1.32134333e+04 -1.79801275e+05  5.96e+02 1.83e-05  8.04e-01    27s
   5   3.07330829e+03 -8.00610406e+04  8.05e+01 6.40e-06  2.32e-01    30s
   6   1.68238904e+03 -1.01093596e+04  1.60e+01 4.97e-07  3.37e-02    34s
   7   1.30207405e+03 -6.79403028e+03  4.93e+00 3.43e-07  2.05e-02    37s
   8   8.68296260e+02 -1.45551915e+03  7.62e-01 8.77e-08  5.63e-03    41s
   9   5.84130162e+02  2.69299781e+02  2.18e-02 5.45e-09  7.33e-04    45s
  10   5.10118003e+02  4.67890007e+02  5.15e-04 2.70e-10  9.71e-05    48s
  11   4.99924966e+02  4.98943956e+02  2.31e-07 2.49e-12  2.25e-06    52s
  12   4.99800126e+02  4.99799127e+02  4.19e-12 1.33e-15  2.30e-09    55s
  13   4.99800000e+02  4.99799999e+02  7.09e-10 2.88e-15  2.30e-12    58s

Barrier solved model in 13 iterations and 57.91 seconds (29.24 work units)
Optimal objective 4.99800000e+02


Root crossover log...

    8442 DPushes remaining with DInf 0.0000000e+00                58s
       0 DPushes remaining with DInf 0.0000000e+00                58s

   61987 PPushes remaining with PInf 1.0130739e-06                58s
   16861 PPushes remaining with PInf 0.0000000e+00                60s
     606 PPushes remaining with PInf 0.0000000e+00                65s
       0 PPushes remaining with PInf 0.0000000e+00                66s

  Push phase complete: Pinf 0.0000000e+00, Dinf 2.0627944e-13     66s


Root simplex log...

Iteration    Objective       Primal Inf.    Dual Inf.      Time
   70342    4.9980000e+02   0.000000e+00   0.000000e+00     66s
Crossover time: 7.89 seconds (3.61 work units)
Concurrent spin time: 0.01s

Solved with barrier

Root relaxation: objective 4.998000e+02, 70342 iterations, 55.65 seconds (25.13 work units)

    Nodes    |    Current Node    |     Objective Bounds      |     Work
 Expl Unexpl |  Obj  Depth IntInf | Incumbent    BestBd   Gap | It/Node Time

     0     0  499.80000    0 9371          -  499.80000      -     -  109s
     0     0  499.80000    0 7596          -  499.80000      -     -  112s
     0     0  499.80000    0 11548          -  499.80000      -     -  146s
     0     0  499.80000    0 11972          -  499.80000      -     -  160s
     0     0  499.80000    0 12092          -  499.80000      -     -  212s
     0     0  499.80000    0 12092          -  499.80000      -     -  212s
     0     0  499.80000    0 4737          -  499.80000      -     -  273s
     0     0  499.80000    0 4758          -  499.80000      -     -  290s
     0     0  499.80000    0 4159          -  499.80000      -     -  296s
     0     0  499.80000    0 8121          -  499.80000      -     -  352s
     0     0  499.80000    0 8121          -  499.80000      -     -  352s
     0     0  499.80000    0 4386          -  499.80000      -     -  462s
     0     0  499.80000    0 5783          -  499.80000      -     -  481s
     0     0  499.80000    0 15057          -  499.80000      -     -  517s
     0     0  499.80000    0 15057          -  499.80000      -     -  517s
     0     0  499.80000    0 3547          -  499.80000      -     -  579s
     0     0  499.80000    0 3725          -  499.80000      -     -  593s
     0     0  499.80000    0 5124          -  499.80000      -     -  598s
     0     0  499.80000    0 6644          -  499.80000      -     -  629s
     0     0  499.80000    0 6645          -  499.80000      -     -  630s
     0     0  499.80000    0 3625          -  499.80000      -     -  683s
     0     0  499.80000    0 9903          -  499.80000      -     -  711s
     0     0  499.80000    0 9991          -  499.80000      -     -  713s
     0     0  499.80000    0 15864          -  499.80000      -     -  766s
     0     0  499.80000    0 15837          -  499.80000      -     -  766s
     0     0  499.80000    0 1616          -  499.80000      -     -  810s
     0     0  506.24116    0 2593          -  506.24116      -     -  831s
     0     0  506.24116    0 9178          -  506.24116      -     -  862s
     0     0  506.24116    0 9198          -  506.24116      -     -  864s
     0     0  506.24116    0 9200          -  506.24116      -     -  866s
     0     0  506.24116    0 9200          -  506.24116      -     -  866s
     0     0  506.24116    0 1795          -  506.24116      -     -  943s
     0     0  506.24116    0 4168          -  506.24116      -     -  958s
     0     0  506.24116    0 4254          -  506.24116      -     -  959s
     0     0  506.24116    0 8999          -  506.24116      -     -  983s
     0     0  506.24116    0 9915          -  506.24116      -     - 1002s
     0     0  506.25816    0 10829          -  506.25816      -     - 1017s
     0     0  506.25816    0 10829          -  506.25816      -     - 1017s
     0     0  506.25816    0 3820          -  506.25816      -     - 1108s
     0     0  506.25816    0 5308          -  506.25816      -     - 1121s
     0     0  506.25816    0 5332          -  506.25816      -     - 1123s
     0     0  506.25816    0 5331          -  506.25816      -     - 1124s
     0     0  506.25816    0 5322          -  506.25816      -     - 1125s
     0     0  506.51213    0 6123          -  506.51213      -     - 1145s
     0     0  506.51213    0 6120          -  506.51213      -     - 1147s
     0     0  506.51213    0 6509          -  506.51213      -     - 1166s
     0     0  506.51213    0 8732          -  506.51213      -     - 1773s
     0     0  513.51604    0 20114          -  513.51604      -     - 1914s
     0     0  514.03514    0 18746          -  514.03514      -     - 1936s
     0     0  514.03715    0 19527          -  514.03715      -     - 1952s
     0     0  514.04209    0 19332          -  514.04209      -     - 1961s
     0     0  514.04209    0 19329          -  514.04209      -     - 1962s
     0     0  514.04282    0 19427          -  514.04282      -     - 1966s
     0     0  514.57564    0 18641          -  514.57564      -     - 2009s
     0     0  514.57564    0 18641          -  514.57564      -     - 2009s
     0     0  515.12410    0 20543          -  515.12410      -     - 2021s
     0     0  515.35192    0 19490          -  515.35192      -     - 2069s
     0     0  515.46020    0 18702          -  515.46020      -     - 2078s
     0     0  515.47497    0 18665          -  515.47497      -     - 2080s
     0     0  515.47774    0 18648          -  515.47774      -     - 2082s
     0     0  515.47774    0 18441          -  515.47774      -     - 2082s
     0     0  520.35888    0 18049          -  520.35888      -     - 2139s
     0     0  524.35675    0 18925          -  524.35675      -     - 2164s
     0     0  524.47345    0 15839          -  524.47345      -     - 2170s
     0     0  524.67636    0 15544          -  524.67636      -     - 2178s
     0     0  524.67636    0 15489          -  524.67636      -     - 2181s
     0     0  530.63774    0 17437          -  530.63774      -     - 2281s
     0     0  530.66360    0 17342          -  530.66360      -     - 2291s
     0     0  530.66360    0 16805          -  530.66360      -     - 2294s
     0     0  531.75388    0 17111          -  531.75388      -     - 2340s
     0     0  532.11572    0 18681          -  532.11572      -     - 2352s
     0     0  532.11572    0 18687          -  532.11572      -     - 2354s
     0     0  533.00618    0 14965          -  533.00618      -     - 2383s
     0     0  533.16527    0 19537          -  533.16527      -     - 2503s
     0     0  533.21290    0 20200          -  533.21290      -     - 2509s
     0     0  533.21360    0 19988          -  533.21360      -     - 2514s
     0     0  533.21360    0 20001          -  533.21360      -     - 2514s
     0     0  534.14794    0 18921          -  534.14794      -     - 2572s
     0     0  534.14794    0 18891          -  534.14794      -     - 2574s
     0     0  534.42883    0 18868          -  534.42883      -     - 2595s
     0     0  534.46760    0 18397          -  534.46760      -     - 2603s
     0     0  534.47081    0 18031          -  534.47081      -     - 2607s
     0     0  535.32736    0 18812          -  535.32736      -     - 2644s
     0     0  535.39800    0 17957          -  535.39800      -     - 2654s
     0     0  535.39800    0 17968          -  535.39800      -     - 2656s
     0     0  535.41031    0 17148          -  535.41031      -     - 2660s
     0     0  535.41031    0 17165          -  535.41031      -     - 2660s
     0     0  535.41043    0 17170          -  535.41043      -     - 2662s
     0     0  535.55648    0 18958          -  535.55648      -     - 2697s
     0     0  535.81590    0 17811          -  535.81590      -     - 2708s
     0     0  535.81590    0 17813          -  535.81590      -     - 2708s
     0     0  535.84123    0 18529          -  535.84123      -     - 2714s
     0     0  535.84123    0 18531          -  535.84123      -     - 2715s
     0     0  535.84523    0 16494          -  535.84523      -     - 2725s
     0     0  536.03184    0 17431          -  536.03184      -     - 2761s
     0     0  536.03184    0 17426          -  536.03184      -     - 2762s
     0     0  536.63689    0 16874          -  536.63689      -     - 2781s
     0     0  536.64934    0 17037          -  536.64934      -     - 2788s
     0     0  536.65327    0 15805          -  536.65327      -     - 2798s
     0     0  538.26015    0 14981          -  538.26015      -     - 2857s
     0     0  538.37701    0 15412          -  538.37701      -     - 2893s
     0     0  538.66954    0 18514          -  538.66954      -     - 2906s
     0     0  538.71960    0 16281          -  538.71960      -     - 2914s
     0     0  538.73860    0 16068          -  538.73860      -     - 2919s
     0     0  538.74485    0 16427          -  538.74485      -     - 2929s
     0     0  539.34225    0 18344          -  539.34225      -     - 2981s
     0     0  539.36278    0 17044          -  539.36278      -     - 3006s
     0     0  539.42618    0 16745          -  539.42618      -     - 3016s
     0     0  539.43104    0 18433          -  539.43104      -     - 3019s
     0     0  539.73766    0 19960          -  539.73766      -     - 3074s
     0     0  539.94302    0 15252          -  539.94302      -     - 3090s
     0     0  539.96213    0 14873          -  539.96213      -     - 3108s
     0     0  539.96283    0 15228          -  539.96283      -     - 3114s
     0     0  540.59041    0 19140          -  540.59041      -     - 3175s
     0     0  540.66274    0 11229          -  540.66274      -     - 3212s
     0     0  540.70900    0 14287          -  540.70900      -     - 3225s
     0     0  540.70900    0 17245          -  540.70900      -     - 3232s
     0     0  541.12453    0 16972          -  541.12453      -     - 3277s
     0     0  541.30314    0 14271          -  541.30314      -     - 3290s
     0     0  541.31528    0 15860          -  541.31528      -     - 3295s
     0     0  541.31706    0 14370          -  541.31706      -     - 3299s
     0     0  541.90185    0 13310          -  541.90185      -     - 3353s
     0     0  541.90185    0 13407          -  541.90185      -     - 3354s
     0     0  542.43176    0 17085          -  542.43176      -     - 3383s
     0     0  542.49513    0 15595          -  542.49513      -     - 3396s
     0     0  542.50853    0 14472          -  542.50853      -     - 3404s
     0     0  542.50855    0 14666          -  542.50855      -     - 3411s
     0     0  542.56074    0 11843          -  542.56074      -     - 3449s
     0     0  542.56202    0 11986          -  542.56202      -     - 3460s
     0     0  542.63277    0 12260          -  542.63277      -     - 3503s
     0     0  542.65128    0 17689          -  542.65128      -     - 3523s
     0     0  542.65128    0 17685          -  542.65128      -     - 3523s
     0     0  542.65346    0 13116          -  542.65346      -     - 3529s
     0     0  542.89584    0 18589          -  542.89584      -     - 3584s
     0     0  542.89584    0 18584          -  542.89584      -     - 3584s
     0     0  542.93720    0 13088          -  542.93720      -     - 3614s
     0     0  542.96125    0 14257          -  542.96125      -     - 3620s
     0     0  542.99147    0 14229          -  542.99147      -     - 3634s
     0     0  542.99454    0 14154          -  542.99454      -     - 3637s
     0     0  543.21359    0 15530          -  543.21359      -     - 3683s
     0     0  543.24782    0 19925          -  543.24782      -     - 3732s
     0     0  543.26663    0 18430          -  543.26663      -     - 3741s
     0     0  543.27826    0 20271          -  543.27826      -     - 3775s
     0     0  543.38423    0 20741          -  543.38423      -     - 3836s
     0     0  543.38423    0 20699          -  543.38423      -     - 3836s
     0     0  543.39483    0 20800          -  543.39483      -     - 3849s
     0     0  543.46493    0 20073          -  543.46493      -     - 3902s
     0     0  543.46641    0 20073          -  543.46641      -     - 3910s
     0     0  543.46641    0 7938          -  543.46641      -     - 4038s
     0     2  543.46763    0 7938          -  543.46763      -     - 4129s
     1     4  543.56078    1 8765          -  543.46763      -  5371 4144s
     2     7  547.54133    2 7861          -  543.46763      -  4174 4159s
     5    10  548.08393    3 7472          -  543.56100      -  2097 4183s
     9    12  549.73160    4 6731          -  543.57362      -  1980 4216s
    11    15  550.08789    5 11436          -  543.57362      -  2306 4260s
    14    18  550.51288    6 8137          -  543.57362      -  2715 4304s
    17    24  550.60084    7 13360          -  543.57362      -  2952 4339s
    23    30  551.42954    9 5659          -  543.57362      -  3329 4383s
    29    39  552.75713   11 6337          -  543.57362      -  3097 4421s
    38    46  554.24999   14 6210          -  543.57362      -  2663 4469s
    47    50  554.86232   16 7440          -  543.57362      -  2591 4514s
    51    56  554.94070   17 7063          -  543.57362      -  2834 4541s
    61    59  555.19378   20 6845          -  543.57362      -  2661 4578s
    70    61 infeasible   11               -  543.57362      -  2486 4609s
    78    66  571.41620   19 7547          -  543.57362      -  2422 4643s
    83    68  558.00470   20 7724          -  543.57362      -  2378 4673s
    91    72  572.15633   21 8151          -  543.57362      -  2296 4854s
    95    77  561.23970   22 7310          -  543.57362      -  2311 4893s
   100    82  570.68950   23 8232          -  543.57362      -  2292 4916s
   111    90  569.67648   26 5639          -  543.57362      -  2206 4944s
   123   101  571.65669   31 8188          -  543.57362      -  2080 4967s
   144   114  575.24362   38 5815          -  543.57362      -  1867 4990s
   157   119  580.89328   46 8813          -  543.57362      -  1840 5018s
   170   121 infeasible   50               -  543.57362      -  1794 5055s
   174   129 infeasible   21               -  543.58631      -  1898 5087s
   184   136  545.54374    7 4673          -  543.58631      -  1858 5120s
   193   141  551.60735    6 9336          -  543.58631      -  1841 5154s
   198   154  550.66131    8 7620          -  543.58631      -  1858 5183s
   211   167  550.94172    9 8714          -  543.58631      -  1819 5216s
   226   178  557.50681    9 8012          -  543.58631      -  1776 5249s
   237   187  554.23657   12 6685          -  543.58631      -  1763 5296s
   246   193  554.93780   14 6500          -  543.58631      -  1801 5346s
   252   198  567.84735   14 11476          -  543.58631      -  1800 5867s
   257   201 infeasible   16               -  543.58631      -  1797 6498s
   262   205  558.01618   17 11788          -  543.58631      -  1778 7200s

Cutting planes:
  Learned: 6
  Gomory: 1
  Lift-and-project: 2
  Cover: 230
  Implied bound: 174
  Clique: 154
  MIR: 220
  StrongCG: 21
  Flow cover: 17
  GUB cover: 277
  Zero half: 2
  RLT: 211
  Relax-and-lift: 335
  BQP: 1

Explored 266 nodes (1291368 simplex iterations) in 7200.34 seconds (5931.01 work units)
Thread count was 4 (of 8 available processors)

Solution count 0

Time limit reached
Best objective -, best bound 5.436000000000e+02, gap -
