
Gurobi 13.0.2 (linux64) logging started Wed Jun 24 11:28:47 2026

Set parameter LogFile to value "src/Resultados/Restriccion cota global/logs/R112-50.xml_log.log"
Set parameter Threads to value 4
Gurobi Optimizer version 13.0.2 build v13.0.2rc1 (linux64 - "Rocky Linux 9.7 (Blue Onyx)")

CPU model: QEMU Virtual CPU version 2.5+, instruction set [SSE2]
Thread count: 8 physical cores, 8 logical processors, using up to 4 threads

Non-default parameters:
TimeLimit  7200
Threads  4

Optimize a model with 249954 rows, 160605 columns and 1183650 nonzeros (Min)
Model fingerprint: 0xf6eaa981
Model has 43530 linear objective coefficients
Variable types: 29430 continuous, 131175 integer (131160 binary)
Coefficient statistics:
  Matrix range     [1e+00, 4e+04]
  Objective range  [4e+00, 6e+01]
  Bounds range     [1e+00, 2e+03]
  RHS range        [1e+00, 4e+04]

Presolve removed 71655 rows and 420 columns (presolve time = 5s)...
Presolve removed 71595 rows and 345 columns
Presolve time: 8.19s
Presolved: 178359 rows, 160260 columns, 922620 nonzeros
Variable types: 750 continuous, 159510 integer (143655 binary)
Deterministic concurrent LP optimizer: primal simplex, dual simplex, and barrier
Showing barrier log only...

Root barrier log...

Ordering time: 3.80s

Barrier statistics:
 Dense cols : 120
 AA' NZ     : 4.921e+06
 Factor NZ  : 1.988e+07 (roughly 300 MB of memory)
 Factor Ops : 1.020e+10 (roughly 2 seconds per iteration)
 Threads    : 1

                  Objective                Residual
Iter       Primal          Dual         Primal    Dual     Compl     Time
   0   3.95643671e+06 -2.25502454e+06  1.84e+05 2.22e-16  1.65e+02    19s
   1   1.68024265e+06 -2.60256188e+06  7.90e+04 9.04e-01  7.26e+01    22s
   2   1.36591486e+06 -4.22440154e+06  6.49e+04 6.71e-01  6.77e+01    24s
   3   4.50624778e+05 -3.16695357e+06  2.16e+04 2.66e-02  2.31e+01    27s
   4   1.96303883e+05 -1.54555327e+06  9.38e+03 1.04e-13  9.00e+00    30s
   5   4.02924753e+04 -4.73694540e+05  1.86e+03 3.98e-12  1.98e+00    33s
   6   4.15321533e+03 -5.76425213e+04  1.23e+02 4.78e-13  1.85e-01    36s
   7   1.89333230e+03 -1.19897655e+04  2.39e+01 1.37e-13  3.91e-02    39s
   8   1.33518613e+03 -4.80794369e+03  8.58e+00 5.31e-14  1.64e-02    43s
   9   6.45895596e+02 -1.18174028e+03  1.28e+00 1.87e-14  4.50e-03    46s
  10   5.07650865e+02  1.85575373e+02  1.71e-01 5.51e-15  7.88e-04    50s
  11   4.72059025e+02  4.48525345e+02  1.13e-12 7.76e-15  5.34e-05    53s
  12   4.70602691e+02  4.70577262e+02  7.89e-12 2.25e-15  5.76e-08    55s
  13   4.70600003e+02  4.70599977e+02  1.05e-11 2.41e-15  5.76e-11    58s
  14   4.70600000e+02  4.70600000e+02  1.24e-09 1.23e-15  6.75e-14    61s

Barrier solved model in 14 iterations and 60.71 seconds (28.04 work units)
Optimal objective 4.70600000e+02


Root crossover log...

    9958 DPushes remaining with DInf 0.0000000e+00                61s
       0 DPushes remaining with DInf 0.0000000e+00                61s

   60328 PPushes remaining with PInf 0.0000000e+00                61s
       0 PPushes remaining with PInf 0.0000000e+00                64s

  Push phase complete: Pinf 0.0000000e+00, Dinf 4.1050496e-14     64s


Root simplex log...

Iteration    Objective       Primal Inf.    Dual Inf.      Time
   70199    4.7060000e+02   0.000000e+00   0.000000e+00     64s
Crossover time: 3.76 seconds (1.93 work units)
Concurrent spin time: 0.00s

Solved with barrier

Root relaxation: objective 4.706000e+02, 70199 iterations, 53.91 seconds (22.39 work units)

    Nodes    |    Current Node    |     Objective Bounds      |     Work
 Expl Unexpl |  Obj  Depth IntInf | Incumbent    BestBd   Gap | It/Node Time

     0     0  470.60000    0 7780          -  470.60000      -     -   99s
     0     0  470.60000    0 8493          -  470.60000      -     -  101s
     0     0  470.60000    0 15504          -  470.60000      -     -  129s
     0     0  470.60000    0 15623          -  470.60000      -     -  138s
     0     0  470.60000    0 16719          -  470.60000      -     -  171s
     0     0  470.60000    0 16719          -  470.60000      -     -  171s
     0     0  470.60000    0 4028          -  470.60000      -     -  204s
     0     0  470.60000    0 5381          -  470.60000      -     -  217s
     0     0  470.60000    0 10801          -  470.60000      -     -  230s
     0     0  470.60000    0 10801          -  470.60000      -     -  230s
     0     0  470.60000    0 4369          -  470.60000      -     -  264s
     0     0  470.60000    0 7603          -  470.60000      -     -  284s
     0     0  470.60000    0 7619          -  470.60000      -     -  287s
     0     0  470.60000    0 8317          -  470.60000      -     -  337s
     0     0  470.60000    0 8317          -  470.60000      -     -  338s
     0     0  470.60000    0 3634          -  470.60000      -     -  418s
     0     0  470.60000    0 3650          -  470.60000      -     -  431s
     0     0  470.60000    0 10225          -  470.60000      -     -  476s
     0     0  470.60000    0 10225          -  470.60000      -     -  476s
     0     0  470.60000    0 4691          -  470.60000      -     -  510s
     0     0  470.60000    0 5531          -  470.60000      -     -  536s
     0     0  470.60000    0 7761          -  470.60000      -     -  546s
     0     0  470.60000    0 7759          -  470.60000      -     -  547s
     0     0  470.60000    0 7759          -  470.60000      -     -  547s
     0     0  470.60000    0 7759          -  470.60000      -     -  547s
     0     0  470.60000    0 7759          -  470.60000      -     -  548s
     0     0  470.60000    0 7759          -  470.60000      -     -  548s
     0     0  470.60000    0 7759          -  470.60000      -     -  548s
     0     0  470.60000    0 9861          -  470.60000      -     -  593s
     0     0  470.60000    0 9861          -  470.60000      -     -  593s
     0     0  470.60000    0 3925          -  470.60000      -     -  717s
     0     0  470.60000    0 3938          -  470.60000      -     -  720s
     0     0  470.60000    0 3341          -  470.60000      -     -  775s
     0     2  470.60000    0 3341          -  470.60000      -     - 1011s
     1     4  470.60000    1 7685          -  470.60000      -  3847 1032s
     3     8  470.60000    2 6306          -  470.60000      -  2272 1048s
     7    12  470.60000    3 7074          -  470.60000      -  1688 1050s
    11    20  470.60000    4 6843          -  470.60000      -  1103 1055s
    19    33  470.60000    6 10277          -  470.60000      -  1095 1070s
    32    38  470.60000    7 10159          -  470.60000      -   697 1088s
    37    47  470.60000    8 10004          -  470.60000      -   698 1093s
    46    54  470.60000   10 7493          -  470.60000      -   619 1097s
    53    64  470.60000   11 7374          -  470.60000      -   595 1104s
    63    76  470.60000   12 7007          -  470.60000      -   585 1109s
    75    92  470.60000   14 5168          -  470.60000      -   533 1116s
    91   101  470.70876   15 4595          -  470.60000      -   487 1124s
   100   115  470.60000   15 5131          -  470.60000      -   450 1130s
   114   148  470.85690   18 4492          -  470.60000      -   417 1137s
   147   175  471.09557   22 4877          -  470.60000      -   342 1144s
   174   195  470.60000   25 4990          -  470.60000      -   302 1154s
   194   213  470.70876   26 5894          -  470.60000      -   289 1161s
   212   249  470.60000   26 5502          -  470.60000      -   268 1174s
   248   284  470.60000   28 5179          -  470.60000      -   237 1182s
   283   294  470.60000   29 4063          -  470.60000      -   221 1187s
   293   317  470.60000   30 4465          -  470.60000      -   221 1195s
   316   327  470.81423   30 4521          -  470.60000      -   221 1202s
   326   352  470.60000   31 4399          -  470.60000      -   223 1210s
   351   365  470.60000   38 4256          -  470.60000      -   217 1375s
   364   369  470.60000   39 4155          -  470.60000      -   215 1591s
   368   373  470.60000   39 4338          -  470.60000      -   216 1822s
   372   377  470.60000   40 4180          -  470.60000      -   214 2123s
   376   389  470.60000   41 4400          -  470.60000      -   213 2232s
   388   442  470.60000   43 3313          -  470.60000      -   215 2259s
   441   446  470.60000   44 3313          -  470.60000      -   202 2275s
   445   450  470.60000   45 2987          -  470.60000      -   202 2296s
   449   454  470.60000   46 2435          -  470.60000      -   200 2312s
   453   458  470.81423   47 2440          -  470.60000      -   199 2331s
   457   462  470.60000   47 2420          -  470.60000      -   198 2348s
   461   466  470.60000   48 2425          -  470.60000      -   197 2364s
   465   470  470.78583   49 2385          -  470.60000      -   198 2384s
   469   474  470.60000   49 2426          -  470.60000      -   199 2416s
   473   478  471.02072   50 3280          -  470.60000      -   211 2475s
   477   482  470.60000   50 2427          -  470.60000      -   211 2494s
   481   486  470.84916   51 2642          -  470.60000      -   224 2531s
   485   490  470.84916   52 2645          -  470.60000      -   222 2643s
   489   494  470.84916   53 3356          -  470.60000      -   221 2741s
   493   547  470.84916   54 3356          -  470.60000      -   219 2770s
   546   601  470.84916   55 3360          -  470.60000      -   202 2802s
   605   699  470.84916   56 3360          -  470.60000      -   186 2917s
   703   794  470.84916   57 3367          -  470.60000      -   166 2940s
   798   894  470.84916   58 3362          -  470.60000      -   154 2964s
   898  1002  470.84916   59 3362          -  470.60000      -   143 2985s
  1006  1105  470.84916   60 3362          -  470.60000      -   134 3005s
  1109  1218  470.84916   61 3366          -  470.60000      -   128 3022s
  1223  1345  470.84916   62 3363          -  470.60000      -   122 3043s
  1352  1479  470.84916   63 3363          -  470.60000      -   116 3061s
  1486  1584  471.03863   64 2649          -  470.60000      -   112 3078s
  1591  1707  471.04755   65 3363          -  470.60000      -   111 3095s
  1714  1857  471.04755   66 3358          -  470.60000      -   109 3117s
  1864  2019  471.04755   67 2636          -  470.60000      -   105 3135s
  2026  2192  471.04755   68 2636          -  470.60000      -   101 3179s
  2199  2312  471.04755   69 2636          -  470.60000      -  96.1 3211s
  2324  2523  471.04755   70 3348          -  470.60000      -  95.8 3230s
  2535  2769  471.04755   71 2638          -  470.60000      -  90.9 3250s
  2781  2959  471.05752   72 2637          -  470.60000      -  85.1 3273s
  2975  3119  471.15769   73 2645          -  470.60000      -  82.8 3298s
  3157  3206  490.75492  126 3422          -  470.60000      -  82.9 3337s
  3255  3481  490.58176  295 2765          -  470.60000      -  87.0 3365s
  3558  3482  509.50000  829 3341          -  470.60000      -  84.7 4314s
  3559  3483  482.10000  143 3341          -  470.60000      -  84.7 4316s
  3560  3483  493.40000  125 5224          -  470.76472      -  84.7 4628s
  3561  3484  503.73942   68 4208          -  476.73114      -  84.7 4758s
  3562  3485  490.60000  328 5343          -  488.28455      -  84.7 4815s
  3563  3485  488.33985   88 5634          -  488.33985      -  84.6 4929s
  3564  3486  489.04304  459 5846          -  489.04304      -  84.6 4981s
  3565  3487  489.37081  216 4594          -  489.37081      -  84.6 5050s
  3566  3487  495.60000  649 5625          -  490.54740      -  84.6 5103s
  3567  3488  497.30000  216 5924          -  492.13710      -  84.5 5173s
  3568  3489  492.39731  419 6047          -  492.39731      -  84.5 5226s
  3569  3489  493.41858   60 3517          -  493.41858      -  84.5 5302s
  3570  3490  493.43481  206 5171          -  493.43481      -  84.5 5349s
  3571  3491  493.65461 1011 1958          -  493.65461      -  84.4 5431s
  3572  3491  529.40000  724 3716          -  493.66020      -  84.4 5461s
  3573  3492  493.66430  442 1234          -  493.66430      -  84.4 5500s
  3574  3493  509.60000  747 1966          -  493.66430      -  84.4 5537s
  3575  3493  498.30000  790 1937          -  494.21074      -  84.3 5601s
  3576  3494  502.10000  382 2886          -  494.27163      -  84.3 5629s
  3577  3495  557.44472  286 1229          -  494.51028      -  84.3 5702s
  3578  3495  499.80000  596 2952          -  494.53175      -  84.3 5740s
  3579  3496  496.90000 1062 1700          -  494.53175      -  84.2 5812s
  3580  3497  494.53175  814 3209          -  494.53175      -  84.2 5870s
  3581  3497  494.55589  785 1722          -  494.55589      -  84.2 5934s
  3582  3498  494.55589  558 4971          -  494.55589      -  84.2 6001s
  3583  3499  558.62583  401 2294          -  494.55589      -  84.2 6126s
  3584  3499  560.58129  486 6907          -  494.55589      -  84.1 6234s
  3585  3500  494.56438   75 2556          -  494.56438      -  84.1 6307s
  3586  3501  494.56438  231 4582          -  494.56438      -  84.1 6348s
  3587  3501  494.56438  231 2162          -  494.56438      -  84.1 6393s
  3588  3502  495.68369   74 3391          -  494.56438      -  84.0 6451s
  3589  3503  558.48965  397 1631          -  494.56438      -  84.0 6493s
  3590  3503  494.59036  522 3701          -  494.59036      -  84.0 6553s
  3591  3504  499.90000  581 1949          -  495.23862      -  84.0 6620s
  3592  3505  495.23862  330 3723          -  495.23862      -  83.9 6686s
  3593  3505  499.00000  122 2280          -  495.23862      -  83.9 6791s
  3594  3506  500.00000  580 3142          -  495.23862      -  83.9 6876s
  3595  3507  495.23862   17 3413          -  495.23862      -  83.9 6951s
  3596  3507  495.24001  121 4091          -  495.24001      -  83.9 7005s
  3597  3508  497.30000 1125 2841          -  495.24782      -  83.8 7103s
  3598  3509  495.26980  972 5042          -  495.26980      -  83.8 7154s

Cutting planes:
  Gomory: 22
  Lift-and-project: 2
  Cover: 216
  Implied bound: 107
  Projected implied bound: 154
  Clique: 178
  MIR: 174
  StrongCG: 18
  Flow cover: 797
  GUB cover: 63
  Zero half: 85
  RLT: 93
  Relax-and-lift: 116

Explored 3598 nodes (1475604 simplex iterations) in 7200.15 seconds (5772.41 work units)
Thread count was 4 (of 8 available processors)

Solution count 0

Time limit reached
Best objective -, best bound 4.954000000000e+02, gap -
