
Gurobi 13.0.2 (linux64) logging started Wed Jul  1 07:40:16 2026

Set parameter LogFile to value "src/Resultados/Restriccion todas cliques/logs/C201-50.xml_log.log"
Set parameter Threads to value 4
Gurobi Optimizer version 13.0.2 build v13.0.2rc1 (linux64 - "Rocky Linux 9.7 (Blue Onyx)")

CPU model: QEMU Virtual CPU version 2.5+, instruction set [SSE2]
Thread count: 8 physical cores, 8 logical processors, using up to 4 threads

Non-default parameters:
TimeLimit  7200
Threads  4

Optimize a model with 375817 rows, 223845 columns and 2606715 nonzeros (Min)
Model fingerprint: 0x99138387
Model has 25995 linear objective coefficients
Variable types: 49605 continuous, 174240 integer (174225 binary)
Coefficient statistics:
  Matrix range     [1e+00, 1e+05]
  Objective range  [2e+00, 6e+01]
  Bounds range     [1e+00, 4e+03]
  RHS range        [1e+00, 1e+05]

Presolve removed 97695 rows and 105 columns (presolve time = 5s)...
Presolve removed 122268 rows and 120 columns (presolve time = 10s)...
Presolve removed 122808 rows and 120 columns (presolve time = 15s)...
Presolve removed 122808 rows and 120 columns
Presolve time: 17.39s
Presolved: 253009 rows, 223725 columns, 1141500 nonzeros
Variable types: 735 continuous, 222990 integer (196635 binary)
Deterministic concurrent LP optimizer: primal simplex, dual simplex, and barrier
Showing barrier log only...

Root barrier log...

Elapsed ordering time = 5s
Ordering time: 6.21s

Barrier statistics:
 Dense cols : 15
 AA' NZ     : 3.093e+06
 Factor NZ  : 1.782e+07 (roughly 340 MB of memory)
 Factor Ops : 8.859e+09 (roughly 1 second per iteration)
 Threads    : 1

                  Objective                Residual
Iter       Primal          Dual         Primal    Dual     Compl     Time
   0   9.30059223e+06 -6.94278843e+06  1.86e+06 2.22e-16  5.85e+02    37s
   1   6.56142490e+06 -7.39860532e+06  1.32e+06 6.17e-01  4.02e+02    39s
   2   1.64867259e+06 -1.25932674e+07  3.33e+05 1.85e-11  1.16e+02    42s
   3   8.09434423e+05 -9.01030720e+06  1.63e+05 7.65e-12  5.70e+01    44s
   4   7.00805592e+05 -8.97189310e+06  1.41e+05 7.22e-12  5.12e+01    46s
   5   3.80767490e+05 -8.73654819e+06  7.61e+04 6.76e-12  3.40e+01    48s
   6   1.91588158e+05 -2.30986339e+06  3.80e+04 6.89e-13  1.23e+01    50s
   7   3.26570106e+04 -2.92629836e+05  6.25e+03 5.51e-12  1.77e+00    53s
   8   3.70809778e+03 -8.02132988e+04  4.55e+02 2.94e-12  2.07e-01    55s
   9   2.01138276e+03 -1.03334552e+04  1.47e+02 3.22e-13  5.43e-02    58s
  10   1.15753648e+03 -3.72252984e+03  3.77e+01 9.95e-14  1.63e-02    60s
  11   6.88909894e+02 -2.15625751e+03  1.20e+01 5.77e-14  7.26e-03    63s
  12   4.81402680e+02 -7.55077523e+02  3.50e+00 2.40e-14  2.76e-03    65s
  13   4.45445803e+02 -2.48404739e+02  2.41e+00 1.28e-14  1.62e-03    67s
  14   3.97167287e+02  2.25731052e+02  3.13e-01 4.84e-15  3.36e-04    69s
  15   3.87801884e+02  3.14088309e+02  1.99e-01 4.39e-15  1.45e-04    71s
  16   3.85886382e+02  3.70834074e+02  1.58e-01 2.72e-15  2.86e-05    73s
  17   3.77957003e+02  3.77036074e+02  2.88e-03 2.19e-15  1.54e-06    75s
  18   3.77800073e+02  3.77799237e+02  1.07e-06 8.88e-16  1.39e-09    77s
  19   3.77800000e+02  3.77799999e+02  7.29e-09 6.66e-16  1.74e-12    79s

Barrier solved model in 19 iterations and 78.85 seconds (36.48 work units)
Optimal objective 3.77800000e+02


Root crossover log...

   29296 DPushes remaining with DInf 0.0000000e+00                80s
       0 DPushes remaining with DInf 0.0000000e+00                80s

  100211 PPushes remaining with PInf 0.0000000e+00                80s
   53708 PPushes remaining with PInf 0.0000000e+00                90s
   33118 PPushes remaining with PInf 0.0000000e+00               105s
   32847 PPushes remaining with PInf 0.0000000e+00               105s
   28271 PPushes remaining with PInf 0.0000000e+00               110s
    9430 PPushes remaining with PInf 0.0000000e+00               127s
    5962 PPushes remaining with PInf 0.0000000e+00               130s
    1859 PPushes remaining with PInf 0.0000000e+00               135s
       0 PPushes remaining with PInf 0.0000000e+00               137s

  Push phase complete: Pinf 0.0000000e+00, Dinf 2.5327657e-13    137s


Root simplex log...

Iteration    Objective       Primal Inf.    Dual Inf.      Time
  129510    3.7780000e+02   0.000000e+00   0.000000e+00    138s
Crossover time: 58.74 seconds (19.81 work units)
Concurrent spin time: 0.01s

Solved with barrier

Root relaxation: objective 3.778000e+02, 129510 iterations, 115.37 seconds (43.27 work units)

    Nodes    |    Current Node    |     Objective Bounds      |     Work
 Expl Unexpl |  Obj  Depth IntInf | Incumbent    BestBd   Gap | It/Node Time

     0     0  377.80000    0 15546          -  377.80000      -     -  475s
     0     0  377.80000    0 7951          -  377.80000      -     -  571s
     0     0  377.80000    0 11515          -  377.80000      -     -  591s
     0     0  377.80000    0 16263          -  377.80000      -     -  607s
     0     0  377.80000    0 17919          -  377.80000      -     -  649s
     0     0  377.80000    0 16576          -  377.80000      -     -  662s
     0     0  377.80000    0 6626          -  377.80000      -     -  912s
     0     0  377.80000    0 11711          -  377.80000      -     -  994s
     0     0  377.80000    0 11592          -  377.80000      -     -  995s
     0     0  377.80000    0 11592          -  377.80000      -     - 1201s
     0     0  377.80000    0 9630          -  377.80000      -     - 1206s
     0     0  377.80000    0 11814          -  377.80000      -     - 1284s
     0     0  377.80000    0 11814          -  377.80000      -     - 1284s
     0     0  377.80000    0 4771          -  377.80000      -     - 1629s
     0     0  377.80000    0 5390          -  377.80000      -     - 1652s
     0     0  377.80000    0 2696          -  377.80000      -     - 1672s
     0     0  377.80000    0 2879          -  377.80000      -     - 1694s
     0     0  377.80000    0 2879          -  377.80000      -     - 1694s
     0     0  377.80000    0 2879          -  377.80000      -     - 2120s
     0     0  377.80000    0 2877          -  377.80000      -     - 2125s
     0     0  377.80000    0 3684          -  377.80000      -     - 2180s
     0     0  377.80000    0 3501          -  377.80000      -     - 2181s
     0     0  377.80000    0 3501          -  377.80000      -     - 2413s
     0     0  377.80000    0 3313          -  377.80000      -     - 2436s
     0     0  377.80000    0 3930          -  377.80000      -     - 2472s
     0     0  377.80000    0 4185          -  377.80000      -     - 2474s
     0     0  377.80000    0 4185          -  377.80000      -     - 2841s
     0     0  377.80000    0 4157          -  377.80000      -     - 2854s
     0     0  377.80000    0 4157          -  377.80000      -     - 2855s
     0     0  377.80000    0 4111          -  377.80000      -     - 2864s
     0     0  377.80000    0 4111          -  377.80000      -     - 3108s
     0     0  377.80000    0 3088          -  377.80000      -     - 3565s
     0     0  377.80000    0 3083          -  377.80000      -     - 3565s
     0     0  377.80000    0 9308          -  377.80000      -     - 3612s
     0     0  377.80000    0 9308          -  377.80000      -     - 3613s
     0     0  377.80000    0 6550          -  377.80000      -     - 3935s
     0     0  377.80000    0 6550          -  377.80000      -     - 3944s
     0     0  377.80000    0 1910          -  377.80000      -     - 4251s
     0     2  377.80000    0 1164          -  377.80000      -     - 4568s
     1     4  377.80000    1 1785          -  377.80000      -  3098 4602s
     3     7  377.80000    2 1020          -  377.80000      -  4923 4823s
     6    10  377.80000    3 3420          -  377.80000      -  6428 4924s
     9    15  377.80000    4 6608          -  377.80000      -  4884 5039s
    14    41  377.80000    6 11261          -  377.80000      -  4607 5249s
    40   205  377.80000   12 10993          -  377.80000      -  2017 5630s
   204   297  377.80000   59 10005          -  377.80000      -   805 6038s
   298   526  380.03732  105 10959          -  377.80000      -  1213 6503s
   527   591  394.87768  170 13265          -  377.80000      -  1106 6817s
   592   739  394.93632  172 10044          -  377.80000      -  1106 7138s
   740   787  395.91850  184 14798          -  377.80000      -  1030 7200s

Cutting planes:
  Learned: 1
  Cover: 123
  Implied bound: 320
  Clique: 319
  MIR: 293
  RLT: 85
  Relax-and-lift: 95

Explored 788 nodes (1962124 simplex iterations) in 7200.62 seconds (4471.12 work units)
Thread count was 4 (of 8 available processors)

Solution count 0

Time limit reached
Best objective -, best bound 3.778000000000e+02, gap -
