
Gurobi 13.0.2 (linux64) logging started Thu Jul  2 04:00:28 2026

Set parameter LogFile to value "src/Resultados/Restriccion todas cliques/logs/C206-50.xml_log.log"
Set parameter Threads to value 4
Gurobi Optimizer version 13.0.2 build v13.0.2rc1 (linux64 - "Rocky Linux 9.7 (Blue Onyx)")

CPU model: QEMU Virtual CPU version 2.5+, instruction set [SSE2]
Thread count: 8 physical cores, 8 logical processors, using up to 4 threads

Non-default parameters:
TimeLimit  7200
Threads  4

Optimize a model with 395642 rows, 237000 columns and 2869035 nonzeros (Min)
Model fingerprint: 0xd64d7471
Model has 30450 linear objective coefficients
Variable types: 51780 continuous, 185220 integer (185205 binary)
Coefficient statistics:
  Matrix range     [1e+00, 1e+05]
  Objective range  [2e+00, 6e+01]
  Bounds range     [1e+00, 4e+03]
  RHS range        [1e+00, 1e+05]

Presolve removed 101985 rows and 45 columns (presolve time = 8s)...
Presolve removed 101985 rows and 45 columns (presolve time = 10s)...
Presolve removed 126645 rows and 105 columns (presolve time = 15s)...
Presolve removed 128763 rows and 120 columns (presolve time = 20s)...
Presolve removed 128778 rows and 120 columns (presolve time = 26s)...
Presolve removed 128778 rows and 120 columns
Presolve time: 29.60s
Presolved: 266864 rows, 236880 columns, 1222635 nonzeros
Variable types: 750 continuous, 236130 integer (209775 binary)
Deterministic concurrent LP optimizer: primal simplex, dual simplex, and barrier
Showing barrier log only...

Root barrier log...

Elapsed ordering time = 5s
Elapsed ordering time = 8s
Ordering time: 9.91s

Barrier statistics:
 Dense cols : 15
 AA' NZ     : 3.964e+06
 Factor NZ  : 2.233e+07 (roughly 400 MB of memory)
 Factor Ops : 1.324e+10 (roughly 2 seconds per iteration)
 Threads    : 1

                  Objective                Residual
Iter       Primal          Dual         Primal    Dual     Compl     Time
   0   4.52734117e+06 -7.05093592e+06  9.22e+05 1.11e-16  2.84e+02    78s
   1   2.08641480e+06 -7.25685499e+06  4.31e+05 3.12e-01  1.29e+02    81s
   2   4.77032632e+05 -8.91828574e+06  9.75e+04 3.30e-03  3.80e+01    84s
   3   3.91569042e+05 -6.55601421e+06  8.02e+04 2.03e-03  2.81e+01    87s
   4   1.21186535e+05 -1.51878241e+06  2.46e+04 8.57e-05  7.27e+00    92s
   5   7.90357249e+03 -2.44527356e+05  1.34e+03 6.23e-13  6.31e-01    96s
   6   5.27110804e+03 -8.59419811e+04  8.04e+02 1.50e-13  2.50e-01    98s
   7   2.14700875e+03 -2.36979771e+04  2.38e+02 4.97e-14  6.92e-02   102s
   8   1.33319444e+03 -7.49009117e+03  9.32e+01 1.47e-14  2.45e-02   105s
   9   7.21057600e+02 -2.15442827e+03  2.05e+01 1.00e-14  6.75e-03   110s
  10   4.68795827e+02 -3.50863233e+02  2.43e+00 3.89e-15  1.54e-03   114s
  11   3.62016463e+02  2.65637906e+02  1.26e-01 2.53e-15  1.62e-04   118s
  12   3.46004460e+02  3.40180551e+02  1.34e-04 4.47e-15  9.13e-06   121s
  13   3.45812703e+02  3.45325386e+02  4.80e-06 2.49e-15  7.64e-07   125s
  14   3.45800202e+02  3.45796790e+02  2.56e-08 8.96e-16  5.35e-09   128s
  15   3.45800000e+02  3.45799997e+02  1.47e-11 8.88e-16  5.35e-12   131s

Barrier solved model in 15 iterations and 130.92 seconds (41.36 work units)
Optimal objective 3.45800000e+02


Root crossover log...

   35934 DPushes remaining with DInf 0.0000000e+00               132s
       0 DPushes remaining with DInf 0.0000000e+00               133s

  105009 PPushes remaining with PInf 2.0943871e-05               133s
   83005 PPushes remaining with PInf 0.0000000e+00               147s
   62817 PPushes remaining with PInf 9.5415103e-04               158s
   56649 PPushes remaining with PInf 0.0000000e+00               170s
   53276 PPushes remaining with PInf 0.0000000e+00               177s
   51151 PPushes remaining with PInf 0.0000000e+00               181s
   48536 PPushes remaining with PInf 0.0000000e+00               186s
   46162 PPushes remaining with PInf 0.0000000e+00               191s
   43187 PPushes remaining with PInf 0.0000000e+00               196s
   41240 PPushes remaining with PInf 0.0000000e+00               200s
   38412 PPushes remaining with PInf 0.0000000e+00               205s
   34235 PPushes remaining with PInf 0.0000000e+00               210s
   32018 PPushes remaining with PInf 0.0000000e+00               215s
   30079 PPushes remaining with PInf 0.0000000e+00               220s
    3913 PPushes remaining with PInf 0.0000000e+00               287s
    1677 PPushes remaining with PInf 0.0000000e+00               291s
       0 PPushes remaining with PInf 0.0000000e+00               294s

  Push phase complete: Pinf 0.0000000e+00, Dinf 3.3598124e-14    294s


Root simplex log...

Iteration    Objective       Primal Inf.    Dual Inf.      Time
  140946    3.4580000e+02   0.000000e+00   0.000000e+00    295s
Crossover time: 163.93 seconds (39.57 work units)
Concurrent spin time: 0.01s

Solved with barrier

Root relaxation: objective 3.458000e+02, 140946 iterations, 250.72 seconds (67.47 work units)

    Nodes    |    Current Node    |     Objective Bounds      |     Work
 Expl Unexpl |  Obj  Depth IntInf | Incumbent    BestBd   Gap | It/Node Time

     0     0  345.80000    0 15908          -  345.80000      -     -  969s
     0     0  345.80000    0 15493          -  345.80000      -     -  975s
     0     0  345.80000    0 21162          -  345.80000      -     - 1075s
     0     0  345.80000    0 21162          -  345.80000      -     - 1088s
     0     0  345.80000    0 20852          -  345.80000      -     - 1172s
     0     0  345.80000    0 20852          -  345.80000      -     - 1172s
     0     0  345.80000    0 13521          -  345.80000      -     - 1420s
     0     0  345.80000    0 13521          -  345.80000      -     - 1430s
     0     0  345.80000    0 17669          -  345.80000      -     - 1497s
     0     0  345.80000    0 17669          -  345.80000      -     - 1497s
     0     0  345.80000    0 13000          -  345.80000      -     - 1736s
     0     0  345.80000    0 13087          -  345.80000      -     - 1752s
     0     0  345.80000    0 13130          -  345.80000      -     - 1754s
     0     0  345.80000    0 27899          -  345.80000      -     - 1868s
     0     0  345.80000    0 27899          -  345.80000      -     - 1868s
     0     0  345.80000    0 26873          -  345.80000      -     - 2066s
     0     0  345.80000    0 25168          -  345.80000      -     - 2084s
     0     0  345.80000    0 20714          -  345.80000      -     - 2089s
     0     0  345.80000    0 22827          -  345.80000      -     - 2181s
     0     0  345.80000    0 22827          -  345.80000      -     - 2182s
     0     0  345.80000    0 14756          -  345.80000      -     - 2427s
     0     0  345.80000    0 10521          -  345.80000      -     - 2462s
     0     0  345.80000    0 34049          -  345.80000      -     - 2568s
     0     0  345.80000    0 34049          -  345.80000      -     - 2568s
     0     0  345.80000    0 12691          -  345.80000      -     - 2829s
     0     0  345.80000    0 16917          -  345.80000      -     - 2842s
     0     0  345.80000    0 16916          -  345.80000      -     - 2843s
     0     0  345.80205    0 16190          -  345.80205      -     - 2925s
     0     0  345.80205    0 16190          -  345.80205      -     - 2925s
     0     0  345.80205    0 4600          -  345.80205      -     - 3218s
     0     0  345.80205    0 9456          -  345.80205      -     - 3233s
     0     0  345.80205    0 9456          -  345.80205      -     - 3234s
     0     0  345.81431    0 13187          -  345.81431      -     - 3274s
     0     0  345.81431    0 13738          -  345.81431      -     - 3275s
     0     0  345.81431    0 15221          -  345.81431      -     - 3317s
     0     0  345.81431    0 18485          -  345.81431      -     - 3360s
     0     0  345.81431    0 15563          -  345.81431      -     - 3378s
     0     0  345.81431    0 15570          -  345.81431      -     - 3378s
     0     0  345.81431    0 16380          -  345.81431      -     - 3411s
     0     0  345.81431    0 16380          -  345.81431      -     - 3411s
     0     0  345.81431    0 15559          -  345.81431      -     - 3768s
     0     0  345.81431    0 19910          -  345.81431      -     - 3790s
     0     0  345.81431    0 20022          -  345.81431      -     - 3794s
     0     0  345.81431    0 21063          -  345.81431      -     - 3863s
     0     0  345.81431    0 21056          -  345.81431      -     - 3864s
     0     0  345.81431    0 7153          -  345.81431      -     - 4204s
     0     0  345.81431    0 18497          -  345.81431      -     - 4231s
     0     0  345.81431    0 23336          -  345.81431      -     - 4251s
     0     0  345.81592    0 33017          -  345.81592      -     - 4397s
     0     0  345.81592    0 32076          -  345.81592      -     - 4404s
     0     0  345.81592    0 31969          -  345.81592      -     - 4405s
     0     0  345.81592    0 31969          -  345.81592      -     - 4847s
     0     0  345.81592    0 29043          -  345.81592      -     - 4883s
     0     0  345.81592    0 25498          -  345.81592      -     - 4893s
     0     0  346.09369    0 32517          -  346.09369      -     - 4944s
     0     0  346.09369    0 31994          -  346.09369      -     - 4959s
     0     0  346.15136    0 27707          -  346.15136      -     - 5019s
     0     0  346.37662    0 33567          -  346.37662      -     - 5114s
     0     0  346.37662    0 33513          -  346.37662      -     - 5115s
     0     0  346.37704    0 31678          -  346.37704      -     - 5152s
     0     0  346.43510    0 30218          -  346.43510      -     - 5219s
     0     0  346.43510    0 31428          -  346.43510      -     - 5223s
     0     0  346.43510    0 31428          -  346.43510      -     - 5224s
     0     0  346.43848    0 32399          -  346.43848      -     - 5284s
     0     0  346.43848    0 32399          -  346.43848      -     - 5285s
     0     0  346.43848    0 27417          -  346.43848      -     - 5296s
     0     0  346.43848    0 27410          -  346.43848      -     - 5296s
     0     0  346.45888    0 25585          -  346.45888      -     - 5351s
     0     0  346.45888    0 25585          -  346.45888      -     - 5352s
     0     0  346.50137    0 17444          -  346.50137      -     - 5645s
     0     0  346.50137    0 17513          -  346.50137      -     - 5646s
     0     0  346.51353    0 29681          -  346.51353      -     - 5656s
     0     0  346.51353    0 29681          -  346.51353      -     - 5656s
     0     0  346.51759    0 16260          -  346.51759      -     - 5665s
     0     0  346.51810    0 18939          -  346.51810      -     - 5670s
     0     0  346.51810    0 18939          -  346.51810      -     - 5671s
     0     0  346.51810    0 16280          -  346.51810      -     - 5677s
     0     0  346.97470    0 35287          -  346.97470      -     - 5732s
     0     0  346.97726    0 22677          -  346.97726      -     - 5814s
     0     0  346.98040    0 31147          -  346.98040      -     - 5835s
     0     0  346.98040    0 31146          -  346.98040      -     - 5836s
     0     0  346.98040    0 23065          -  346.98040      -     - 5840s
     0     0  349.31517    0 34201          -  349.31517      -     - 5894s
     0     0  349.31517    0 34201          -  349.31517      -     - 5894s
     0     0  349.40405    0 28990          -  349.40405      -     - 5928s
     0     0  349.40405    0 28988          -  349.40405      -     - 5929s
     0     0  349.40405    0 31024          -  349.40405      -     - 5959s
     0     0  349.40405    0 30817          -  349.40405      -     - 5965s
     0     0  350.27488    0 39248          -  350.27488      -     - 6057s
     0     0  350.27488    0 39244          -  350.27488      -     - 6059s
     0     0  350.27489    0 29851          -  350.27489      -     - 6139s
     0     0  352.24404    0 39571          -  352.24404      -     - 6211s
     0     0  352.24404    0 39537          -  352.24404      -     - 6212s
     0     0  352.29409    0 30098          -  352.29409      -     - 6263s
     0     0  352.29409    0 30097          -  352.29409      -     - 6264s
     0     0  352.29409    0 37051          -  352.29409      -     - 6286s
     0     0  353.27557    0 37990          -  353.27557      -     - 6357s
     0     0  353.27557    0 33744          -  353.27557      -     - 6418s
     0     0  353.44429    0 40953          -  353.44429      -     - 6471s

Cutting planes:
  Gomory: 2
  Lift-and-project: 4
  Cover: 32
  Implied bound: 11839
  Clique: 314
  MIR: 375
  StrongCG: 5
  Flow cover: 58
  GUB cover: 7
  RLT: 379
  Relax-and-lift: 8349
  BQP: 18

Explored 1 nodes (1289326 simplex iterations) in 7200.89 seconds (3473.72 work units)
Thread count was 4 (of 8 available processors)

Solution count 0

Time limit reached
Best objective -, best bound 3.535000000000e+02, gap -
