
Gurobi 13.0.2 (linux64) logging started Mon Jul 13 21:23:29 2026

Set parameter LogFile to value "src/Resultados/Restriccion_solo_cliques/logs/RC208-50.xml_log.log"
Set parameter Threads to value 4
Gurobi Optimizer version 13.0.2 build v13.0.2rc1 (linux64 - "Rocky Linux 9.7 (Blue Onyx)")

CPU model: QEMU Virtual CPU version 2.5+, instruction set [SSE2]
Thread count: 8 physical cores, 8 logical processors, using up to 4 threads

Non-default parameters:
TimeLimit  7200
Threads  4

Optimize a model with 241396 rows, 147525 columns and 1885020 nonzeros (Min)
Model fingerprint: 0x4c9d8bc4
Model has 24750 linear objective coefficients
Variable types: 30840 continuous, 116685 integer (116670 binary)
Coefficient statistics:
  Matrix range     [1e+00, 2e+05]
  Objective range  [1e+00, 8e+01]
  Bounds range     [1e+00, 2e+03]
  RHS range        [1e+00, 2e+05]

Presolve removed 75558 rows and 180 columns (presolve time = 5s)...
Presolve removed 75588 rows and 195 columns
Presolve time: 7.23s
Presolved: 165808 rows, 147330 columns, 766215 nonzeros
Variable types: 750 continuous, 146580 integer (130335 binary)
Deterministic concurrent LP optimizer: primal simplex, dual simplex, and barrier
Showing barrier log only...

Root barrier log...

Ordering time: 1.82s

Barrier statistics:
 Dense cols : 15
 AA' NZ     : 2.582e+06
 Factor NZ  : 1.130e+07 (roughly 200 MB of memory)
 Factor Ops : 3.721e+09 (roughly 1 second per iteration)
 Threads    : 1

                  Objective                Residual
Iter       Primal          Dual         Primal    Dual     Compl     Time
   0   2.12322648e+06 -3.01105822e+06  1.96e+05 2.22e-16  1.40e+02    13s
   1   6.14505607e+05 -3.10548352e+06  5.74e+04 6.55e-01  5.13e+01    14s
   2   5.65998399e+05 -3.06903951e+06  5.32e+04 7.43e-01  4.10e+01    15s
   3   1.87570350e+05 -1.47996518e+06  1.78e+04 1.74e-02  1.22e+01    16s
   4   1.47720312e+04 -2.57479265e+05  1.22e+03 3.66e-13  1.16e+00    17s
   5   6.02165670e+03 -9.38874959e+04  3.95e+02 1.22e-13  3.68e-01    18s
   6   2.06318414e+03 -1.48016028e+04  8.27e+01 1.47e-14  6.48e-02    19s
   7   9.69487660e+02 -2.36630836e+03  5.66e+00 2.18e-14  9.68e-03    21s
   8   5.61971017e+02 -8.56744010e+02  7.51e-01 9.44e-15  3.72e-03    22s
   9   4.69047416e+02  1.95219625e+02  2.06e-02 3.28e-15  6.88e-04    23s
  10   4.61038119e+02  4.54988875e+02  1.34e-12 3.39e-15  1.51e-05    24s
  11   4.60700340e+02  4.60694222e+02  1.01e-12 8.88e-16  1.53e-08    25s
  12   4.60700000e+02  4.60699994e+02  1.39e-12 4.30e-15  1.53e-11    26s
  13   4.60700000e+02  4.60700000e+02  1.43e-09 4.23e-15  1.68e-14    27s

Barrier solved model in 13 iterations and 27.26 seconds (15.97 work units)
Optimal objective 4.60700000e+02


Root crossover log...

   19696 DPushes remaining with DInf 0.0000000e+00                27s
       0 DPushes remaining with DInf 0.0000000e+00                28s

   76420 PPushes remaining with PInf 0.0000000e+00                28s
   11989 PPushes remaining with PInf 0.0000000e+00                35s
    6548 PPushes remaining with PInf 0.0000000e+00                40s
    1144 PPushes remaining with PInf 0.0000000e+00                45s
       0 PPushes remaining with PInf 0.0000000e+00                47s

  Push phase complete: Pinf 0.0000000e+00, Dinf 7.3607787e-14     47s


Root simplex log...

Iteration    Objective       Primal Inf.    Dual Inf.      Time
   82933    4.6070000e+02   0.000000e+00   0.000000e+00     47s
Crossover time: 19.64 seconds (12.19 work units)
Concurrent spin time: 0.01s

Solved with barrier

Root relaxation: objective 4.607000e+02, 82933 iterations, 37.54 seconds (20.61 work units)

    Nodes    |    Current Node    |     Objective Bounds      |     Work
 Expl Unexpl |  Obj  Depth IntInf | Incumbent    BestBd   Gap | It/Node Time

     0     0  460.70000    0 18486          -  460.70000      -     -  147s
     0     0  460.70000    0 25377          -  460.70000      -     -  152s
     0     0  460.70000    0 25199          -  460.70000      -     -  154s
     0     0  460.70000    0 22141          -  460.70000      -     -  179s
     0     0  460.70000    0 22111          -  460.70000      -     -  188s
     0     0  460.70000    0 26754          -  460.70000      -     -  208s
     0     0  460.70000    0 26754          -  460.70000      -     -  208s
     0     0  460.70000    0 8640          -  460.70000      -     -  313s
     0     0  460.70000    0 10820          -  460.70000      -     -  337s
     0     0  460.70000    0 9554          -  460.70000      -     -  342s
     0     0  460.70000    0 10300          -  460.70000      -     -  347s
     0     0  460.70000    0 16411          -  460.70000      -     -  374s
     0     0  460.70000    0 16410          -  460.70000      -     -  377s
     0     0  460.70000    0 14695          -  460.70000      -     -  452s
     0     0  460.70000    0 13949          -  460.70000      -     -  465s
     0     0  460.70000    0 12420          -  460.70000      -     -  467s
     0     0  460.70000    0 9606          -  460.70000      -     -  482s
     0     0  460.70000    0 9348          -  460.70000      -     -  482s
     0     0  460.70000    0 7878          -  460.70000      -     -  544s
     0     0  460.70000    0 6874          -  460.70000      -     -  551s
     0     0  460.70000    0 6874          -  460.70000      -     -  552s
     0     0  460.70000    0 19825          -  460.70000      -     -  566s
     0     0  460.70000    0 19827          -  460.70000      -     -  567s
     0     0  460.70000    0 19827          -  460.70000      -     -  567s
     0     0  460.70000    0 7577          -  460.70000      -     -  627s
     0     0  460.70000    0 13260          -  460.70000      -     -  635s
     0     0  460.70000    0 12382          -  460.70000      -     -  636s
     0     0  460.70000    0 19796          -  460.70000      -     -  659s
     0     0  460.70000    0 19796          -  460.70000      -     -  659s
     0     0  460.70000    0 7874          -  460.70000      -     -  699s
     0     0  460.70000    0 7791          -  460.70000      -     -  706s
     0     0  460.70000    0 7835          -  460.70000      -     -  707s
     0     0  460.70000    0 13787          -  460.70000      -     -  723s
     0     0  460.70000    0 13785          -  460.70000      -     -  723s
     0     0  460.70000    0 13785          -  460.70000      -     -  724s
     0     0  460.70000    0 4705          -  460.70000      -     -  763s
     0     0  460.70000    0 7800          -  460.70000      -     -  774s
     0     0  460.70000    0 7800          -  460.70000      -     -  774s
     0     0  460.70000    0 18613          -  460.70000      -     -  798s
     0     0  460.70000    0 18613          -  460.70000      -     -  798s
     0     0  460.70000    0 6594          -  460.70000      -     -  839s
     0     0  460.70000    0 8451          -  460.70000      -     -  842s
     0     0  460.70000    0 8451          -  460.70000      -     -  868s
     0     2  460.70000    0 8451          -  460.70000      -     -  999s
     1     4  460.70000    1 13544          -  460.70000      -  3413 1008s
     3     8  460.70000    2 11543          -  460.70000      -  2601 1023s
     7    12  460.70000    3 10901          -  460.70000      -  2222 1040s
    11    16  460.70000    4 10735          -  460.70000      -  1530 1056s
    17    21  460.70000    5 10587          -  460.70000      -  1497 1076s
    22    26  460.70000    7 10587          -  460.70000      -  1518 1093s
    29    32  460.70000    9 10767          -  460.70000      -  1348 1106s
    35    41  460.70000   11 10758          -  460.70000      -  1232 1127s
    44    50  460.77920   15 11047          -  460.70000      -  1035 1154s
    53    67  460.70000   18 8824          -  460.70000      -  1124 1200s
    72    77  463.60000   28 9759          -  460.70000      -   969 1259s
    82   159  460.70000   32 7454          -  460.70000      -   966 1317s
   166   366  460.70000   38 7626          -  460.70000      -   679 1386s
   377   757  460.70000   52 7778          -  460.70000      -   479 1431s
   777  1128  461.98440  147 6310          -  460.70000      -   272 1485s
  1148  1495  462.01860  247 6299          -  460.70000      -   192 1512s
  1515  1847  462.08605  347 6308          -  460.70000      -   149 1537s
  1867  2044  462.19150  447 6304          -  460.70000      -   123 1579s
  2064  2162  462.19150  448 6300          -  460.70000      -   112 1609s
  2189  2272  462.19150  449 6306          -  460.70000      -   110 1639s
  2315  2401  462.19150  450 6307          -  460.70000      -   107 1674s
  2448  2584  462.19150  451 6306          -  460.70000      -   105 1709s
  2644  2802  462.19150  452 6307          -  460.70000      -   100 1745s
  2863  3014  462.19150  453 6306          -  460.70000      -  94.6 1781s
  3075  3120  462.19150  454 6302          -  460.70000      -  89.8 1890s
  3181  3259  462.19150  455 6314          -  460.70000      -  88.4 1997s
  3320  3416  462.19150  456 6094          -  460.70000      -  87.0 2126s
  3477  3569  462.19150  457 6092          -  460.70000      -  85.2 2238s
  3630  3721  462.19150  458 6090          -  460.70000      -  83.8 2348s
  3785  3886  462.19150  459 6088          -  460.70000      -  83.8 2464s
  3952  4041  462.19150  460 5958          -  460.70000      -  82.1 2616s
  4108  4204  462.19150  461 5950          -  460.70000      -  79.3 2710s
  4271  4465  462.19150  462 5948          -  460.70000      -  78.3 2759s
  4549  4716  462.19150  463 5838          -  460.70000      -  75.7 2804s
  4814  4961  462.30376  464 5764          -  460.70000      -  73.7 2830s
  5073  4962  540.80794 1158 8451          -  460.70000      -  72.2 3540s
  5075  4963  539.93842  545 5403          -  460.73399      -  72.2 3834s
  5076  4964  472.50000  418 5023          -  463.59668      -  72.2 3915s
  5077  4965  540.30102 1086 5361          -  469.08738      -  72.1 3968s
  5078  4965  518.43980  779 5610          -  470.34534      -  72.1 4072s
  5079  4966  578.10000 1314 4059          -  470.35034      -  72.1 4102s
  5080  4967  540.23494  723 3431          -  471.55352      -  72.1 4170s
  5081  4967  540.04228  741 5420          -  471.62630      -  72.1 4208s
  5082  4968  472.37331  139 5408          -  472.37331      -  72.1 4274s
  5083  4969  472.56655  365 5960          -  472.56655      -  72.1 4310s
  5084  4969  474.51829  132 5544          -  474.51829      -  72.0 4388s
  5085  4970  540.01091  394 5837          -  477.48333      -  72.0 4420s
  5086  4971  477.48333   22 5431          -  477.48333      -  72.0 4638s
  5087  4971  477.58889  248 5450          -  477.58889      -  72.0 4665s
  5088  4972  623.11849 1697 3327          -  477.59461      -  72.0 4767s
  5089  4973  578.10000 1409 5729          -  477.60257      -  72.0 4792s
  5090  4973  477.63539  206 3363          -  477.63539      -  72.0 4858s
  5091  4974  540.20695  985 5993          -  477.63539      -  71.9 4888s
  5092  4975  477.76667  383 3145          -  477.76667      -  71.9 4939s
  5093  4975  477.76667  160 5006          -  477.76667      -  71.9 4966s
  5094  4976  488.00000  348 3656          -  477.76667      -  71.9 5031s
  5095  4977  578.10000 1064 6706          -  477.76667      -  71.9 5062s
  5096  4977  625.00569 1840 4523          -  477.80050      -  71.9 5196s
  5097  4978  477.85986   53 9823          -  477.85986      -  71.9 5230s
  5098  4979  478.38500  179 7064          -  478.38500      -  71.8 5315s
  5099  4979  508.59880  707 6755          -  478.84773      -  71.8 5339s
  5100  4980  479.28792  167 3584          -  479.28792      -  71.8 5400s
  5101  4981  578.10000 1317 5006          -  479.28796      -  71.8 5427s
  5102  4981  539.97858  633 1744          -  480.10000      -  71.8 5489s
  5103  4982  540.29883 1060 4318          -  480.10000      -  71.8 5526s
  5104  4983  539.82738  251 1146          -  480.50000      -  71.8 5603s
  5105  4983  480.50000   41 3175          -  480.50000      -  71.7 5645s
  5106  4984  579.84636 1497 1354          -  480.50000      -  71.7 5765s
  5107  4985  480.50000   23 2006          -  480.50000      -  71.7 5792s
  5108  4985  480.50000   88 1784          -  480.50000      -  71.7 5844s
  5109  4986  578.10000  914 3952          -  480.50000      -  71.7 5866s
  5110  4987  480.50000  217 1956          -  480.50000      -  71.7 5924s
  5111  4987  530.63000  184 5035          -  480.50000      -  71.7 5946s
  5112  4988  625.60026 1962 3243          -  480.50000      -  71.6 6007s
  5115  4991  580.23487 1628 8451          -  480.50000      -   266 6103s
  5116  4992  480.50000  187 8451          -  480.50000      -   266 6106s
  5117  4992  540.20901 1032 4864          -  480.50000      -   266 6380s
  5118  4993  627.19060 2077 4553          -  480.50000      -   266 6449s
  5119  4994  580.72700 1589 4398          -  480.50000      -   266 6544s
  5120  4994  521.53220  767 3857          -  480.50000      -   266 6624s
  5121  4995  579.88819 1595 5590          -  480.50346      -   266 6727s
  5122  4996  480.50689   74 1889          -  480.50689      -   266 6790s
  5123  4996  480.50689   64 2886          -  480.50689      -   266 6826s
  5124  4997  540.12543  794 2302          -  480.50690      -   266 6898s
  5125  4998  480.50690   89 2511          -  480.50690      -   266 6969s
  5126  4998  480.70001  186 4551          -  480.70001      -   266 7062s
  5127  4999  579.60264 1498 4733          -  480.80000      -   266 7143s

Cutting planes:
  Gomory: 18
  Cover: 231
  Implied bound: 57
  Projected implied bound: 243
  Clique: 110
  MIR: 154
  StrongCG: 15
  Flow cover: 701
  GUB cover: 27
  Zero half: 33
  RLT: 173
  Relax-and-lift: 149

Explored 5127 nodes (2187782 simplex iterations) in 7200.23 seconds (5545.57 work units)
Thread count was 4 (of 8 available processors)

Solution count 0

Time limit reached
Best objective -, best bound 4.809000000000e+02, gap -
