
Gurobi 13.0.2 (linux64) logging started Mon Jul 13 09:20:04 2026

Set parameter LogFile to value "src/Resultados/Restriccion_solo_cliques/logs/RC205-50.xml_log.log"
Set parameter Threads to value 4
Gurobi Optimizer version 13.0.2 build v13.0.2rc1 (linux64 - "Rocky Linux 9.7 (Blue Onyx)")

CPU model: QEMU Virtual CPU version 2.5+, instruction set [SSE2]
Thread count: 8 physical cores, 8 logical processors, using up to 4 threads

Non-default parameters:
TimeLimit  7200
Threads  4

Optimize a model with 234096 rows, 140775 columns and 1596375 nonzeros (Min)
Model fingerprint: 0xede9702f
Model has 18720 linear objective coefficients
Variable types: 30660 continuous, 110115 integer (110100 binary)
Coefficient statistics:
  Matrix range     [1e+00, 2e+05]
  Objective range  [1e+00, 8e+01]
  Bounds range     [1e+00, 2e+03]
  RHS range        [1e+00, 2e+05]

Presolve removed 75080 rows and 180 columns (presolve time = 5s)...
Presolve removed 75140 rows and 195 columns
Presolve time: 9.91s
Presolved: 158956 rows, 140580 columns, 708975 nonzeros
Variable types: 750 continuous, 139830 integer (123585 binary)
Deterministic concurrent LP optimizer: primal simplex, dual simplex, and barrier
Showing barrier log only...

Root barrier log...

Ordering time: 2.44s

Barrier statistics:
 Dense cols : 15
 AA' NZ     : 1.817e+06
 Factor NZ  : 7.173e+06 (roughly 180 MB of memory)
 Factor Ops : 1.397e+09 (less than 1 second per iteration)
 Threads    : 1

                  Objective                Residual
Iter       Primal          Dual         Primal    Dual     Compl     Time
   0   1.67409045e+06 -2.99775883e+06  1.94e+05 2.22e-16  1.40e+02    23s
   1   5.43199738e+05 -2.97643592e+06  6.34e+04 6.15e-01  5.56e+01    23s
   2   4.16966164e+05 -2.38082558e+06  5.06e+04 2.52e-01  3.39e+01    24s
   3   1.22960119e+05 -1.19517365e+06  1.47e+04 5.68e-03  9.57e+00    25s
   4   1.86199779e+04 -3.87650023e+05  2.03e+03 2.36e-04  1.84e+00    25s
   5   4.09065821e+03 -7.88186940e+04  2.98e+02 1.88e-11  3.09e-01    26s
   6   1.87052410e+03 -9.81115595e+03  8.93e+01 1.50e-12  5.76e-02    27s
   7   9.19528256e+02 -2.93146902e+03  1.89e+01 4.03e-13  1.52e-02    28s
   8   6.53703755e+02 -1.02017273e+03  2.36e+00 1.65e-13  5.01e-03    29s
   9   5.84419979e+02 -5.06628108e+01  8.69e-01 5.77e-14  1.87e-03    29s
  10   5.38854306e+02  3.01834541e+02  1.74e-01 2.05e-14  6.53e-04    30s
  11   5.26395939e+02  4.96686146e+02  6.55e-03 3.80e-15  7.85e-05    31s
  12   5.25725406e+02  5.25517790e+02  2.20e-04 3.86e-15  5.46e-07    31s
  13   5.25700065e+02  5.25699970e+02  5.60e-07 3.73e-15  2.48e-10    32s
  14   5.25700000e+02  5.25700000e+02  9.53e-09 1.89e-15  1.15e-12    33s

Barrier solved model in 14 iterations and 32.58 seconds (11.35 work units)
Optimal objective 5.25700000e+02


Root crossover log...

   19036 DPushes remaining with DInf 0.0000000e+00                33s
       0 DPushes remaining with DInf 0.0000000e+00                33s

   62591 PPushes remaining with PInf 0.0000000e+00                33s
   35614 PPushes remaining with PInf 0.0000000e+00                37s
   20307 PPushes remaining with PInf 0.0000000e+00                40s
    5447 PPushes remaining with PInf 0.0000000e+00                63s
    3083 PPushes remaining with PInf 0.0000000e+00                65s
       0 PPushes remaining with PInf 0.0000000e+00                67s

  Push phase complete: Pinf 0.0000000e+00, Dinf 1.9040325e-14     67s


Root simplex log...

Iteration    Objective       Primal Inf.    Dual Inf.      Time
   81570    5.2570000e+02   0.000000e+00   0.000000e+00     67s
Crossover time: 34.53 seconds (16.10 work units)
Concurrent spin time: 0.01s

Solved with barrier

Root relaxation: objective 5.257000e+02, 81570 iterations, 53.05 seconds (20.72 work units)

    Nodes    |    Current Node    |     Objective Bounds      |     Work
 Expl Unexpl |  Obj  Depth IntInf | Incumbent    BestBd   Gap | It/Node Time

     0     0  525.70000    0 13234          -  525.70000      -     -  208s
     0     0  525.70000    0 13280          -  525.70000      -     -  211s
     0     0  525.70000    0 14171          -  525.70000      -     -  212s
     0     0  525.70000    0 15166          -  525.70000      -     -  238s
     0     0  525.70000    0 15166          -  525.70000      -     -  249s
     0     0  525.70000    0 18802          -  525.70000      -     -  272s
     0     0  525.70000    0 18802          -  525.70000      -     -  272s
     0     0  525.70000    0 15641          -  525.70000      -     -  398s
     0     0  525.70000    0 12327          -  525.70000      -     -  409s
     0     0  525.70000    0 11182          -  525.70000      -     -  415s
     0     0  525.70000    0 9509          -  525.70000      -     -  445s
     0     0  525.70000    0 9660          -  525.70000      -     -  450s
     0     0  525.70000    0 7090          -  525.70000      -     -  562s
     0     0  525.70000    0 8757          -  525.70000      -     -  580s
     0     0  525.70000    0 8592          -  525.70000      -     -  586s
     0     0  525.70000    0 8827          -  525.70000      -     -  589s
     0     0  525.70000    0 12331          -  525.70000      -     -  633s
     0     0  525.70000    0 12331          -  525.70000      -     -  633s
     0     0  525.70000    0 6663          -  525.70000      -     -  734s
     0     0  525.70000    0 5763          -  525.70000      -     -  746s
     0     0  525.70000    0 5788          -  525.70000      -     -  747s
     0     0  525.70000    0 10122          -  525.70000      -     -  846s
     0     0  525.70000    0 10122          -  525.70000      -     -  846s
     0     0  525.70000    0 5198          -  525.70000      -     -  948s
     0     0  525.70000    0 5714          -  525.70000      -     -  955s
     0     0  525.70000    0 4807          -  525.70000      -     -  962s
     0     0  525.70000    0 4806          -  525.70000      -     -  962s
     0     0  525.70000    0 7441          -  525.70000      -     -  991s
     0     0  525.70000    0 7403          -  525.70000      -     -  992s
     0     0  525.70000    0 6668          -  525.70000      -     - 1069s
     0     0  525.70000    0 6265          -  525.70000      -     - 1082s
     0     0  525.70000    0 6475          -  525.70000      -     - 1086s
     0     0  525.70000    0 5845          -  525.70000      -     - 1087s
     0     0  526.71576    0 8710          -  526.71576      -     - 1126s
     0     0  526.71576    0 8710          -  526.71576      -     - 1126s
     0     0  526.71576    0 8710          -  526.71576      -     - 1196s
     0     0  526.80027    0 7685          -  526.80027      -     - 1204s
     0     0  526.80027    0 7685          -  526.80027      -     - 1205s
     0     0  526.80027    0 8200          -  526.80027      -     - 1206s
     0     0  532.35495    0 8703          -  532.35495      -     - 1232s
     0     0  533.12162    0 8609          -  533.12162      -     - 1338s
     0     0  533.13448    0 9787          -  533.13448      -     - 1339s
     0     0  533.13448    0 9386          -  533.13448      -     - 1340s
     0     0  534.47073    0 12151          -  534.47073      -     - 1361s
     0     0  534.48964    0 11434          -  534.48964      -     - 1368s
     0     0  534.49056    0 11282          -  534.49056      -     - 1369s
     0     0  535.24377    0 12230          -  535.24377      -     - 1386s
     0     0  535.24377    0 12230          -  535.24377      -     - 1386s
     0     0  535.31870    0 11514          -  535.31870      -     - 1393s
     0     0  535.31870    0 11633          -  535.31870      -     - 1395s
     0     0  535.40713    0 11006          -  535.40713      -     - 1414s
     0     0  535.40713    0 10884          -  535.40713      -     - 1415s
     0     0  535.41873    0 10455          -  535.41873      -     - 1423s
     0     0  535.41873    0 10455          -  535.41873      -     - 1424s
     0     0  535.42161    0 9995          -  535.42161      -     - 1427s
     0     0  535.42161    0 9987          -  535.42161      -     - 1428s
     0     0  535.42161    0 9987          -  535.42161      -     - 1428s
     0     0  537.95803    0 11162          -  537.95803      -     - 1444s
     0     0  537.95803    0 11161          -  537.95803      -     - 1445s
     0     0  537.95803    0 9933          -  537.95803      -     - 1457s
     0     0  538.10272    0 8414          -  538.10272      -     - 1486s
     0     0  538.10272    0 8303          -  538.10272      -     - 1488s
     0     0  538.10272    0 8278          -  538.10272      -     - 1488s
     0     0  538.10272    0 8277          -  538.10272      -     - 1488s
     0     0  538.28426    0 6314          -  538.28426      -     - 1498s
     0     0  538.28568    0 6472          -  538.28568      -     - 1499s
     0     0  540.43077    0 8992          -  540.43077      -     - 1513s
     0     0  540.43077    0 7886          -  540.43077      -     - 1514s
     0     0  540.46692    0 10487          -  540.46692      -     - 1524s
     0     0  540.46692    0 8864          -  540.46692      -     - 1529s
     0     0  540.82755    0 9254          -  540.82755      -     - 1542s
     0     0  540.83964    0 10004          -  540.83964      -     - 1555s
     0     0  540.83964    0 9016          -  540.83964      -     - 1557s
     0     0  541.31324    0 10633          -  541.31324      -     - 1571s
     0     0  541.31324    0 10633          -  541.31324      -     - 1572s
     0     0  541.31419    0 8991          -  541.31419      -     - 1580s
     0     0  541.31419    0 8916          -  541.31419      -     - 1581s
     0     0  542.37572    0 9047          -  542.37572      -     - 1594s
     0     0  542.38469    0 8696          -  542.38469      -     - 1607s
     0     0  542.45413    0 6172          -  542.45413      -     - 1619s
     0     0  542.49191    0 7691          -  542.49191      -     - 1624s
     0     0  542.50401    0 7533          -  542.50401      -     - 1626s
     0     0  542.50732    0 6465          -  542.50732      -     - 1637s
     0     0  542.50732    0 6465          -  542.50732      -     - 1637s
     0     0  545.29302    0 6664          -  545.29302      -     - 1655s
     0     0  545.29302    0 6642          -  545.29302      -     - 1655s
     0     0  545.30373    0 6308          -  545.30373      -     - 1664s
     0     0  545.30373    0 4048          -  545.30373      -     - 1670s
     0     0  545.30883    0 7948          -  545.30883      -     - 1684s
     0     0  545.30883    0 7858          -  545.30883      -     - 1685s
     0     0  545.31007    0 8313          -  545.31007      -     - 1695s
     0     0  545.31216    0 9617          -  545.31216      -     - 1709s
     0     0  545.31216    0 9593          -  545.31216      -     - 1709s
     0     0  545.31216    0 9593          -  545.31216      -     - 1713s
     0     0  545.31216    0 5864          -  545.31216      -     - 1798s
     0     2  545.31216    0 5864          -  545.31216      -     - 1869s
     1     4  545.31216    1 5998          -  545.31216      -   618 1880s
     3     8  545.31216    2 7913          -  545.31216      -  2119 1918s
     7    12  545.31331    3 9489          -  545.31216      -  1760 1950s
    11    16  545.31346    4 9516          -  545.31216      -  2708 1980s
    15    32  545.31346    5 9507          -  545.31216      -  2007 1998s
    31    75  545.31352    6 9508          -  545.31216      -  1177 2023s
    74    95  545.31352    7 9778          -  545.31216      -   661 2050s
    94   128  546.13580    7 7860          -  545.31216      -   667 2072s
   127   163  548.45088    8 10821          -  545.31216      -   647 2096s
   162   197  546.43220   11 6381          -  545.31216      -   625 2127s
   196   229  546.43220   12 6265          -  545.31216      -   614 2155s
   228   269  547.25954   15 7035          -  545.31216      -   585 2193s
   268   325  547.84711   22 9294          -  545.31216      -   548 2221s
   324   359  547.84811   27 9568          -  545.31216      -   481 2248s
   358   388  547.85047   33 8423          -  545.31216      -   468 2285s
   387   416  547.86295   35 7907          -  545.31216      -   463 2318s
   415   444  547.88726   45 10524          -  545.31216      -   451 2352s
   443   458  548.03118   57 7038          -  545.31216      -   438 2385s
   457   486  548.17137   60 7578          -  545.31216      -   445 2509s
   485   528  548.25549   65 8774          -  545.31216      -   437 2631s
   529   555  548.39941   72 8099          -  545.31216      -   411 2785s
   556   589  548.39941   76 8102          -  545.31216      -   412 2955s
   590   654  548.72900   90 6946          -  545.31216      -   401 3085s
   655   677  549.35103  102 6357          -  545.31216      -   376 3216s
   684   694  561.89039  114 4888          -  545.31216      -   372 3318s
   701   698  562.00664  120 5549          -  545.31216      -   368 3442s
   705   702  562.00789  121 5339          -  545.31216      -   369 3591s
   709   706  562.01061  122 5341          -  545.31216      -   369 3702s
   713   710  562.05063  123 5400          -  545.31216      -   368 3909s
   717   739  562.05063  124 5400          -  545.31216      -   369 3948s
   746   780  562.05063  125 5400          -  545.31216      -   365 3994s
   787   823  562.28876  126 5394          -  545.31216      -   349 4032s
   830   868  562.32499  127 5399          -  545.31216      -   336 4130s
   875   910  562.53044  128 5398          -  545.31216      -   321 4179s
   917   959  562.67090  129 5402          -  545.31216      -   313 4225s
   966  1011  562.80049  130 5399          -  545.31216      -   299 4264s
  1018  1065  562.83414  131 5402          -  545.31216      -   284 4300s
  1072  1122  562.83414  132 5409          -  545.31216      -   271 4375s
  1129  1182  562.83466  133 5537          -  545.31216      -   259 4429s
  1189  1245  562.83478  134 5531          -  545.31216      -   251 4463s
  1252  1311  562.83750  135 5400          -  545.31216      -   241 4529s
  1318  1380  562.86076  136 5506          -  545.31216      -   241 4581s
  1387  1453  562.86076  137 5481          -  545.31216      -   232 4686s
  1460  1529  562.96414  138 5484          -  545.31216      -   221 4739s
  1541  1642  549.72255    5 3954          -  545.31216      -   217 4802s
  1654  1810  549.74583   37 5863          -  545.31216      -   208 4853s
  1822  1995  549.84012  120 5381          -  545.31216      -   192 4916s
  2008  2196  550.01005  212 6882          -  545.31216      -   178 4990s
  2212  2345  552.13915  310 4664          -  545.31216      -   170 5040s
  2372  2429 infeasible  353               -  545.31216      -   165 5109s
  2466  2548  549.72148    8 7577          -  545.31346      -   172 5204s
  2587  2549  573.41216  798 5864          -  545.31346      -   174 5498s
  2588  2550  580.17388 1095 5864          -  545.31346      -   174 5501s
  2589  2550  550.25065  158 4074          -  545.31346      -   174 5794s
  2590  2551  583.58559  335 4308          -  545.31346      -   174 5980s
  2591  2552  571.61216  688 3986          -  549.97961      -   174 6069s
  2592  2552  586.64483  322 4589          -  551.38571      -   174 6186s
  2593  2553  563.35765  776 4520          -  553.02100      -   174 6290s
  2594  2554  553.99344    7 4719          -  553.99344      -   174 6374s
  2595  2554  557.40883  570 4322          -  554.20721      -   174 6419s
  2596  2555  555.04590   31 3397          -  555.04590      -   174 6496s
  2597  2556  579.81216  221 4401          -  555.14734      -   174 6541s
  2598  2556  562.68065  107 3847          -  556.04233      -   174 6615s
  2599  2557  557.61563   28 4220          -  557.61563      -   174 6645s
  2600  2558  572.03088  158 4297          -  558.91694      -   174 7047s
  2601  2558  586.32010  214 4528          -  558.92567      -   173 7086s
  2602  2559  583.78249  995 2764          -  559.10000      -   173 7181s

Cutting planes:
  Gomory: 9
  Cover: 344
  Implied bound: 61
  Projected implied bound: 151
  Clique: 27
  MIR: 207
  Knapsack: 16
  StrongCG: 16
  Flow cover: 758
  GUB cover: 250
  Zero half: 23
  RLT: 125
  Relax-and-lift: 76

Explored 2602 nodes (1608784 simplex iterations) in 7200.26 seconds (4892.78 work units)
Thread count was 4 (of 8 available processors)

Solution count 0

Time limit reached
Best objective -, best bound 5.591000000000e+02, gap -
