
Gurobi 13.0.2 (linux64) logging started Sun Jul 12 21:12:35 2026

Set parameter LogFile to value "src/Resultados/Restriccion_solo_cliques/logs/RC202-50.xml_log.log"
Set parameter Threads to value 4
Gurobi Optimizer version 13.0.2 build v13.0.2rc1 (linux64 - "Rocky Linux 9.7 (Blue Onyx)")

CPU model: QEMU Virtual CPU version 2.5+, instruction set [SSE2]
Thread count: 8 physical cores, 8 logical processors, using up to 4 threads

Non-default parameters:
TimeLimit  7200
Threads  4

Optimize a model with 238579 rows, 143880 columns and 1659105 nonzeros (Min)
Model fingerprint: 0xa3c00e79
Model has 20025 linear objective coefficients
Variable types: 31110 continuous, 112770 integer (112755 binary)
Coefficient statistics:
  Matrix range     [1e+00, 2e+05]
  Objective range  [1e+00, 8e+01]
  Bounds range     [1e+00, 2e+03]
  RHS range        [1e+00, 2e+05]

Presolve removed 76293 rows and 180 columns (presolve time = 5s)...
Presolve removed 76353 rows and 195 columns
Presolve time: 9.79s
Presolved: 162226 rows, 143685 columns, 728175 nonzeros
Variable types: 750 continuous, 142935 integer (126690 binary)
Deterministic concurrent LP optimizer: primal simplex, dual simplex, and barrier
Showing barrier log only...

Root barrier log...

Ordering time: 3.37s

Barrier statistics:
 Dense cols : 15
 AA' NZ     : 1.999e+06
 Factor NZ  : 8.089e+06 (roughly 200 MB of memory)
 Factor Ops : 1.873e+09 (less than 1 second per iteration)
 Threads    : 1

                  Objective                Residual
Iter       Primal          Dual         Primal    Dual     Compl     Time
   0   1.54454336e+06 -3.01022980e+06  1.94e+05 2.22e-16  1.37e+02    20s
   1   5.18438644e+05 -3.01740323e+06  6.57e+04 5.99e-01  5.58e+01    20s
   2   3.72854663e+05 -2.07572773e+06  4.86e+04 8.54e-02  3.08e+01    21s
   3   7.19409639e+04 -7.84709941e+05  9.15e+03 1.46e-03  6.06e+00    22s
   4   9.84660587e+03 -3.88086074e+05  1.04e+03 2.49e-05  1.45e+00    23s
   5   3.34015776e+03 -3.73749862e+04  2.27e+02 4.67e-12  1.73e-01    23s
   6   1.63154117e+03 -4.39840500e+03  6.57e+01 2.16e-13  3.53e-02    24s
   7   1.06326984e+03 -1.29329202e+03  5.74e+00 6.27e-14  7.69e-03    25s
   8   6.58337089e+02 -1.23421834e+02  9.72e-01 2.04e-14  2.26e-03    26s
   9   5.70395425e+02  1.93764239e+02  3.64e-01 9.62e-15  1.05e-03    27s
  10   5.20047515e+02  4.41925792e+02  4.13e-02 2.90e-15  2.06e-04    27s
  11   5.11982665e+02  4.50271119e+02  1.63e-03 2.39e-15  1.59e-04    28s
  12   5.11458198e+02  5.06410855e+02  5.76e-05 5.37e-15  1.30e-05    29s
  13   5.11400465e+02  5.11174305e+02  5.06e-11 8.88e-16  5.83e-07    29s
  14   5.11400000e+02  5.11399774e+02  1.44e-10 5.31e-15  5.83e-10    30s
  15   5.11400000e+02  5.11399895e+02  3.35e-08 5.83e-15  2.70e-10    31s
  16   5.11400000e+02  5.11400000e+02  3.22e-11 5.22e-15  2.70e-13    31s

Barrier solved model in 16 iterations and 31.50 seconds (12.98 work units)
Optimal objective 5.11400000e+02


Root crossover log...

   18262 DPushes remaining with DInf 0.0000000e+00                32s
       0 DPushes remaining with DInf 0.0000000e+00                32s

   63435 PPushes remaining with PInf 0.0000000e+00                32s
   32801 PPushes remaining with PInf 0.0000000e+00                35s
    5755 PPushes remaining with PInf 0.0000000e+00                45s
    1014 PPushes remaining with PInf 0.0000000e+00                50s
       0 PPushes remaining with PInf 0.0000000e+00                51s

  Push phase complete: Pinf 0.0000000e+00, Dinf 9.9364961e-15     51s


Root simplex log...

Iteration    Objective       Primal Inf.    Dual Inf.      Time
   81640    5.1140000e+02   0.000000e+00   0.000000e+00     51s
Crossover time: 19.57 seconds (9.16 work units)
Concurrent spin time: 0.01s

Solved with barrier

Root relaxation: objective 5.114000e+02, 81640 iterations, 37.51 seconds (15.25 work units)

    Nodes    |    Current Node    |     Objective Bounds      |     Work
 Expl Unexpl |  Obj  Depth IntInf | Incumbent    BestBd   Gap | It/Node Time

     0     0  511.40000    0 14657          -  511.40000      -     -  156s
     0     0  511.40000    0 11332          -  511.40000      -     -  158s
     0     0  511.40000    0 14948          -  511.40000      -     -  189s
     0     0  511.40000    0 14948          -  511.40000      -     -  206s
     0     0  511.40000    0 19757          -  511.40000      -     -  222s
     0     0  511.40000    0 19757          -  511.40000      -     -  222s
     0     0  511.40000    0 16179          -  511.40000      -     -  276s
     0     0  511.40000    0 17143          -  511.40000      -     -  287s
     0     0  511.40000    0 16220          -  511.40000      -     -  291s
     0     0  511.40000    0 17903          -  511.40000      -     -  321s
     0     0  511.40000    0 17903          -  511.40000      -     -  321s
     0     0  511.40000    0 12656          -  511.40000      -     -  423s
     0     0  511.40000    0 12659          -  511.40000      -     -  440s
     0     0  511.40000    0 15862          -  511.40000      -     -  472s
     0     0  511.40000    0 16019          -  511.40000      -     -  483s
     0     0  511.40000    0 10331          -  511.40000      -     -  622s
     0     0  511.40000    0 11814          -  511.40000      -     -  641s
     0     0  511.40000    0 9736          -  511.40000      -     -  642s
     0     0  511.40000    0 24538          -  511.40000      -     -  675s
     0     0  511.40000    0 23258          -  511.40000      -     -  678s
     0     0  511.40000    0 7838          -  511.40000      -     -  750s
     0     0  511.40000    0 9604          -  511.40000      -     -  771s
     0     0  511.55423    0 14406          -  511.55423      -     -  801s
     0     0  511.55423    0 14379          -  511.55423      -     -  801s
     0     0  511.55423    0 5323          -  511.55423      -     -  872s
     0     0  511.68967    0 7883          -  511.68967      -     -  889s
     0     0  511.68967    0 7666          -  511.68967      -     -  890s
     0     0  512.16962    0 8039          -  512.16962      -     -  908s
     0     0  512.32078    0 7980          -  512.32078      -     -  919s
     0     0  512.32078    0 7984          -  512.32078      -     -  920s
     0     0  512.90212    0 8529          -  512.90212      -     -  949s
     0     0  512.90212    0 10563          -  512.90212      -     - 1252s
     0     0  513.14177    0 11424          -  513.14177      -     - 1270s
     0     0  513.14177    0 10609          -  513.14177      -     - 1288s
     0     0  513.14177    0 10544          -  513.14177      -     - 1289s
     0     0  513.14177    0 10546          -  513.14177      -     - 1289s
     0     0  513.62033    0 8910          -  513.62033      -     - 1302s
     0     0  513.62033    0 11164          -  513.62033      -     - 1319s
     0     0  513.62033    0 11164          -  513.62033      -     - 1320s
     0     0  514.10875    0 13066          -  514.10875      -     - 1340s
     0     0  514.10875    0 13052          -  514.10875      -     - 1340s
     0     0  514.10875    0 13054          -  514.10875      -     - 1341s
     0     0  514.10875    0 12238          -  514.10875      -     - 1364s
     0     0  514.18319    0 11548          -  514.18319      -     - 1382s
     0     0  514.18319    0 12418          -  514.18319      -     - 1402s
     0     0  515.00423    0 12042          -  515.00423      -     - 1424s
     0     0  515.00423    0 12449          -  515.00423      -     - 1441s
     0     0  515.00423    0 12446          -  515.00423      -     - 1442s
     0     0  515.01505    0 11941          -  515.01505      -     - 1462s
     0     0  515.01505    0 12013          -  515.01505      -     - 1463s
     0     0  515.21880    0 11172          -  515.21880      -     - 1493s
     0     0  515.24009    0 11600          -  515.24009      -     - 1498s
     0     0  515.24009    0 11600          -  515.24009      -     - 1498s
     0     0  515.26956    0 11301          -  515.26956      -     - 1501s
     0     0  515.26956    0 11503          -  515.26956      -     - 1503s
     0     0  518.38970    0 9395          -  518.38970      -     - 1526s
     0     0  518.95032    0 10407          -  518.95032      -     - 1548s
     0     0  518.99127    0 9252          -  518.99127      -     - 1555s
     0     0  518.99127    0 9209          -  518.99127      -     - 1556s
     0     0  519.25028    0 10679          -  519.25028      -     - 1559s
     0     0  519.46336    0 10546          -  519.46336      -     - 1560s
     0     0  519.46336    0 10581          -  519.46336      -     - 1561s
     0     0  521.52620    0 13529          -  521.52620      -     - 1575s
     0     0  521.53403    0 14105          -  521.53403      -     - 1593s
     0     0  521.53959    0 13606          -  521.53959      -     - 1599s
     0     0  521.53959    0 13949          -  521.53959      -     - 1599s
     0     0  521.53959    0 14181          -  521.53959      -     - 1603s
     0     0  521.90191    0 8521          -  521.90191      -     - 1617s
     0     0  521.90191    0 6685          -  521.90191      -     - 1644s
     0     0  521.93191    0 11599          -  521.93191      -     - 1660s
     0     0  521.93191    0 13343          -  521.93191      -     - 1680s
     0     0  522.38434    0 11284          -  522.38434      -     - 1719s
     0     0  522.39644    0 13067          -  522.39644      -     - 1738s
     0     0  522.39644    0 13516          -  522.39644      -     - 1751s
     0     0  522.92037    0 13696          -  522.92037      -     - 1767s
     0     0  522.94792    0 10599          -  522.94792      -     - 1784s
     0     0  523.15900    0 12029          -  523.15900      -     - 1788s
     0     0  523.15900    0 13741          -  523.15900      -     - 1791s
     0     0  523.45062    0 13531          -  523.45062      -     - 1812s
     0     0  523.45062    0 13495          -  523.45062      -     - 1813s
     0     0  523.45062    0 14240          -  523.45062      -     - 1828s
     0     0  523.45062    0 14138          -  523.45062      -     - 1828s
     0     0  523.45062    0 13842          -  523.45062      -     - 1850s
     0     0  523.45062    0 13842          -  523.45062      -     - 1850s
     0     0  523.45062    0 13842          -  523.45062      -     - 1857s
     0     0  523.45062    0 9601          -  523.45062      -     - 1982s
     0     2  523.45062    0 9601          -  523.45062      -     - 2103s
     1     4  523.45062    1 12065          -  523.45062      -  2343 2110s
     3     8  523.45062    2 12983          -  523.45062      -  1891 2146s
     7    12  523.48163    3 10445          -  523.45062      -  2563 2161s
    11    30  523.51651    4 8805          -  523.45062      -  2263 2180s
    29    42  523.52007   10 11931          -  523.45062      -  1405 2195s
    41    53  523.56420   14 10108          -  523.45062      -  1286 2211s
    52    69  523.56692   19 11917          -  523.45062      -  1324 2224s
    68    84  523.67452   27 11153          -  523.45062      -  1143 2236s
    83    99  526.04009   32 10477          -  523.45062      -  1040 2247s
   100   107  555.28531   37 11553          -  523.45062      -   946 2260s
   108   119  555.22019   38 12883          -  523.45062      -   920 2270s
   122   128 infeasible   40               -  523.45062      -   890 2287s
   133   135  558.52161   41 10111          -  523.45062      -   943 2303s
   140   139  556.54757   44 12115          -  523.45062      -   945 2315s
   144   144  556.61292   45 10577          -  523.45062      -   963 2346s
   149   156  556.61312   46 7090          -  523.45062      -   966 2364s
   163   162  561.11408   53 11722          -  523.45062      -   923 2387s
   169   169  557.04168   54 8052          -  523.45062      -   925 2416s
   176   182  557.04462   55 8052          -  523.45062      -   912 2445s
   189   189  558.43077   59 8031          -  523.45062      -   898 2470s
   197   202 infeasible   62               -  523.45062      -   908 2489s
   214   206  620.18044   63 12235          -  523.45062      -   917 2510s
   218   219  620.58243   64 10795          -  523.45062      -   931 2531s
   231   229  620.58243   65 13052          -  523.45062      -   903 2551s
   241   235  620.58243   66 14915          -  523.45062      -   889 2567s
   247   246  621.28717   67 15415          -  523.45062      -   900 2932s
   259   248 infeasible   67               -  523.45062      -   865 3369s
   264   248  572.38007   49 8443          -  523.45062      -   873 3370s
   265   252  523.56700    4 11784          -  523.45062      -   873 3983s
   269   256  523.57403    5 11469          -  523.45062      -   861 4507s
   273   260  523.57403    6 14028          -  523.45062      -   853 5020s
   277   264  523.57697    7 14114          -  523.45062      -   846 5244s
   281   270  523.68990    8 14545          -  523.45062      -   838 5273s
   287   274  523.71383    9 14547          -  523.45062      -   837 5297s
   291   278  526.48620   10 11342          -  523.45062      -   832 5324s
   295   282  524.06208   10 13112          -  523.45062      -   838 5356s
   299   286  524.41002   11 14729          -  523.45062      -   832 5380s
   303   290  525.26208   11 11163          -  523.45062      -   838 5411s
   307   294  524.49888   12 11451          -  523.45062      -   830 5437s
   311   298  524.64280   13 12103          -  523.45062      -   824 5461s
   315   302  524.96997   14 12438          -  523.45062      -   819 5483s
   319   306  524.99522   15 12434          -  523.45062      -   810 5505s
   323   310  524.99808   16 13496          -  523.45062      -   804 5536s
   327   314  525.05674   17 15281          -  523.45062      -   807 5565s
   331   318  525.05674   18 15306          -  523.45062      -   800 5599s
   335   338  525.10595   19 14606          -  523.45062      -   795 5648s
   355   355  525.15537   36 18809          -  523.45062      -   762 5682s
   372   377  525.17565   50 17240          -  523.45062      -   747 5724s
   394   399  525.22463   69 12726          -  523.45062      -   711 5792s
   416   423  525.38705   87 13481          -  523.45062      -   694 5830s
   440   448  525.45114  108 14453          -  523.45062      -   663 5868s
   465   468  525.91243  130 11944          -  523.45062      -   642 5901s
   485   505  526.16402  142 12153          -  523.45062      -   633 5942s
   522   557  526.44757  151 11898          -  523.45062      -   621 6056s
   574   621  526.82303  174 14461          -  523.45062      -   587 6098s
   638   696  527.17141  202 12317          -  523.45062      -   546 6163s
   713   795  527.52748  222 11000          -  523.45062      -   513 6221s
   812   920  528.12545  258 14034          -  523.45062      -   473 6288s
   937  1037  528.70305  293 9159          -  523.45062      -   435 6344s
  1054  1181  528.88408  307 10802          -  523.45062      -   404 6393s
  1198  1323  529.92166  334 11845          -  523.45062      -   378 6430s
  1340  1476  531.09650  373 10949          -  523.45062      -   359 6474s
  1493  1701  532.77097  413 7635          -  523.45062      -   344 6518s
  1718  1834  553.36797  485 7490          -  523.45062      -   314 6558s
  1866  1970  570.34460  567 10404          -  523.45062      -   307 6602s
  2002  2153  576.20623  614 9954          -  523.45062      -   302 6661s
  2202  2272  524.75317   13 13155          -  523.45062      -   289 6709s
  2325  2386  525.86692   26 9221          -  523.45062      -   288 6753s
  2441  2574  526.48760   53 10787          -  523.45062      -   289 6793s
  2633  2771  528.54005  112 7323          -  523.45062      -   282 6839s
  2830  2984  530.12994  184 8100          -  523.45062      -   276 6893s
  3057  3186  532.10032  285 6940          -  523.45904      -   269 6935s

Cutting planes:
  Learned: 2
  Gomory: 4
  Cover: 137
  Implied bound: 1964
  Clique: 364
  MIR: 1151
  StrongCG: 15
  Flow cover: 44
  GUB cover: 29
  Zero half: 2
  RLT: 372
  Relax-and-lift: 2869

Explored 3261 nodes (1421568 simplex iterations) in 7200.85 seconds (5151.28 work units)
Thread count was 4 (of 8 available processors)

Solution count 0

Time limit reached
Best objective -, best bound 5.235000000000e+02, gap -
