
Gurobi 13.0.2 (linux64) logging started Mon Jul 13 05:17:18 2026

Set parameter LogFile to value "src/Resultados/Restriccion_solo_cliques/logs/RC204-50.xml_log.log"
Set parameter Threads to value 4
Gurobi Optimizer version 13.0.2 build v13.0.2rc1 (linux64 - "Rocky Linux 9.7 (Blue Onyx)")

CPU model: QEMU Virtual CPU version 2.5+, instruction set [SSE2]
Thread count: 8 physical cores, 8 logical processors, using up to 4 threads

Non-default parameters:
TimeLimit  7200
Threads  4

Optimize a model with 242824 rows, 148125 columns and 1867230 nonzeros (Min)
Model fingerprint: 0x91ccf6f1
Model has 24270 linear objective coefficients
Variable types: 31110 continuous, 117015 integer (117000 binary)
Coefficient statistics:
  Matrix range     [1e+00, 2e+05]
  Objective range  [1e+00, 8e+01]
  Bounds range     [1e+00, 2e+03]
  RHS range        [1e+00, 2e+05]

Presolve removed 75963 rows and 180 columns (presolve time = 5s)...
Presolve removed 75993 rows and 195 columns
Presolve time: 8.98s
Presolved: 166831 rows, 147930 columns, 767025 nonzeros
Variable types: 750 continuous, 147180 integer (130935 binary)
Deterministic concurrent LP optimizer: primal simplex, dual simplex, and barrier
Showing barrier log only...

Root barrier log...

Ordering time: 2.16s

Barrier statistics:
 Dense cols : 15
 AA' NZ     : 2.541e+06
 Factor NZ  : 1.070e+07 (roughly 200 MB of memory)
 Factor Ops : 3.343e+09 (roughly 1 second per iteration)
 Threads    : 1

                  Objective                Residual
Iter       Primal          Dual         Primal    Dual     Compl     Time
   0   1.39654687e+06 -2.89041809e+06  1.92e+05 0.00e+00  1.30e+02    17s
   1   3.91103887e+05 -2.98835048e+06  5.43e+04 6.31e-01  4.74e+01    18s
   2   3.36030479e+05 -2.91241322e+06  4.68e+04 6.59e-01  3.29e+01    19s
   3   1.47701773e+05 -2.50308524e+06  2.12e+04 4.68e-01  1.79e+01    19s
   4   7.33542394e+04 -1.28639568e+06  1.04e+04 1.35e-01  8.04e+00    20s
   5   8.82335084e+03 -2.00116933e+05  9.77e+02 3.41e-13  8.60e-01    22s
   6   1.96981054e+03 -2.69259660e+04  9.27e+01 5.27e-14  9.42e-02    23s
   7   1.31466420e+03 -4.09686457e+03  2.17e+01 6.58e-15  1.78e-02    24s
   8   7.83897413e+02 -3.11977472e+03  5.67e+00 5.84e-15  1.08e-02    25s
   9   5.56760117e+02 -7.17633943e+02  1.23e+00 2.26e-15  3.41e-03    26s
  10   4.80601057e+02  1.67643106e+02  1.19e-01 2.55e-15  7.99e-04    27s
  11   4.66346698e+02  4.26708194e+02  3.55e-03 2.75e-15  9.91e-05    28s
  12   4.64148722e+02  4.63087485e+02  1.79e-06 1.23e-15  2.65e-06    29s
  13   4.64100049e+02  4.64098986e+02  6.74e-12 4.65e-15  2.65e-09    30s
  14   4.64100000e+02  4.64099999e+02  8.24e-10 3.74e-15  2.65e-12    31s

Barrier solved model in 14 iterations and 30.65 seconds (15.67 work units)
Optimal objective 4.64100000e+02


Root crossover log...

   17767 DPushes remaining with DInf 0.0000000e+00                31s
       0 DPushes remaining with DInf 0.0000000e+00                31s

   63716 PPushes remaining with PInf 0.0000000e+00                31s
   30203 PPushes remaining with PInf 0.0000000e+00                36s
   22308 PPushes remaining with PInf 0.0000000e+00                40s
   11118 PPushes remaining with PInf 0.0000000e+00                47s
    6844 PPushes remaining with PInf 0.0000000e+00                50s
    1909 PPushes remaining with PInf 0.0000000e+00                55s
       0 PPushes remaining with PInf 0.0000000e+00                58s

  Push phase complete: Pinf 0.0000000e+00, Dinf 2.9087843e-14     58s


Root simplex log...

Iteration    Objective       Primal Inf.    Dual Inf.      Time
   81486    4.6410000e+02   0.000000e+00   0.000000e+00     58s
Crossover time: 27.69 seconds (17.09 work units)
Concurrent spin time: 2.67s

Solved with barrier

Root relaxation: objective 4.641000e+02, 81486 iterations, 48.62 seconds (25.22 work units)

    Nodes    |    Current Node    |     Objective Bounds      |     Work
 Expl Unexpl |  Obj  Depth IntInf | Incumbent    BestBd   Gap | It/Node Time

     0     0  464.10000    0 14772          -  464.10000      -     -  124s
     0     0  464.10000    0 19940          -  464.10000      -     -  127s
     0     0  464.10000    0 19221          -  464.10000      -     -  145s
     0     0  464.10000    0 19219          -  464.10000      -     -  152s
     0     0  464.10000    0 21573          -  464.10000      -     -  175s
     0     0  464.10000    0 21573          -  464.10000      -     -  175s
     0     0  464.10000    0 11742          -  464.10000      -     -  291s
     0     0  464.10000    0 11738          -  464.10000      -     -  303s
     0     0  464.10000    0 9941          -  464.10000      -     -  308s
     0     0  464.10000    0 9941          -  464.10000      -     -  309s
     0     0  464.10000    0 12246          -  464.10000      -     -  343s
     0     0  464.10000    0 12246          -  464.10000      -     -  343s
     0     0  464.10000    0 8591          -  464.10000      -     -  391s
     0     0  464.10000    0 8637          -  464.10000      -     -  398s
     0     0  464.10000    0 7554          -  464.10000      -     -  400s
     0     0  464.10000    0 7520          -  464.10000      -     -  401s
     0     0  464.10000    0 13535          -  464.10000      -     -  432s
     0     0  464.10000    0 13534          -  464.10000      -     -  438s
     0     0  464.10000    0 9793          -  464.10000      -     -  485s
     0     0  464.10000    0 9915          -  464.10000      -     -  492s
     0     0  464.10000    0 7335          -  464.10000      -     -  495s
     0     0  464.10000    0 9350          -  464.10000      -     -  516s
     0     0  464.10000    0 9350          -  464.10000      -     -  516s
     0     0  464.10000    0 9350          -  464.10000      -     -  613s
     0     0  464.10000    0 10047          -  464.10000      -     -  620s
     0     0  464.10000    0 14858          -  464.10000      -     -  639s
     0     0  464.10000    0 14100          -  464.10000      -     -  640s
     0     0  464.10000    0 14100          -  464.10000      -     -  640s
     0     0  464.10000    0 14102          -  464.10000      -     -  641s
     0     0  464.10000    0 10084          -  464.10000      -     -  773s
     0     0  464.10000    0 8829          -  464.10000      -     -  785s
     0     0  464.10000    0 8613          -  464.10000      -     -  786s
     0     0  464.93909    0 9755          -  464.93909      -     -  801s
     0     0  464.93909    0 9755          -  464.93909      -     -  801s
     0     0  464.93909    0 5450          -  464.93909      -     -  831s
     0     0  464.93909    0 4247          -  464.93909      -     -  838s
     0     0  464.93909    0 4354          -  464.93909      -     -  840s
     0     0  464.93909    0 4350          -  464.93909      -     -  840s
     0     0  464.93909    0 4348          -  464.93909      -     -  841s
     0     0  464.93909    0 4346          -  464.93909      -     -  841s
     0     0  464.93909    0 4344          -  464.93909      -     -  841s
     0     0  464.93909    0 4342          -  464.93909      -     -  841s
     0     0  464.93909    0 4340          -  464.93909      -     -  841s
     0     0  464.93909    0 4338          -  464.93909      -     -  842s
     0     0  464.93909    0 4336          -  464.93909      -     -  842s
     0     0  464.93909    0 4334          -  464.93909      -     -  842s
     0     0  466.69947    0 7542          -  466.69947      -     -  856s
     0     0  466.69947    0 7264          -  466.69947      -     -  858s
     0     0  466.69947    0 7273          -  466.69947      -     -  866s
     0     0  466.69947    0 7363          -  466.69947      -     -  876s
     0     0  466.69947    0 8759          -  466.69947      -     -  895s
     0     0  466.69947    0 13777          -  466.69947      -     -  908s
     0     0  466.69947    0 13765          -  466.69947      -     -  908s
     0     0  466.69947    0 13765          -  466.69947      -     - 1040s
     0     0  466.69947    0 14583          -  466.69947      -     - 1056s
     0     0  468.10000    0 16323          -  468.10000      -     - 1073s
     0     0  468.10000    0 16325          -  468.10000      -     - 1073s
     0     0  468.10000    0 7840          -  468.10000      -     - 1158s
     0     0  468.10000    0 8594          -  468.10000      -     - 1168s
     0     0  468.10000    0 8587          -  468.10000      -     - 1173s
     0     0  468.10000    0 8087          -  468.10000      -     - 1192s
     0     0  468.10000    0 8054          -  468.10000      -     - 1192s
     0     0  468.10000    0 7711          -  468.10000      -     - 1206s
     0     0  468.10000    0 7178          -  468.10000      -     - 1207s
     0     0  468.10000    0 10496          -  468.10000      -     - 1226s
     0     0  468.10000    0 10472          -  468.10000      -     - 1226s
     0     0  468.10000    0 7767          -  468.10000      -     - 1325s
     0     0  468.10080    0 8651          -  468.10080      -     - 1337s
     0     0  468.10080    0 7105          -  468.10080      -     - 1340s
     0     0  468.10119    0 7380          -  468.10119      -     - 1341s
     0     0  468.16446    0 8640          -  468.16446      -     - 1363s
     0     0  468.16446    0 8447          -  468.16446      -     - 1364s
     0     0  468.16446    0 8447          -  468.16446      -     - 1448s
     0     0  468.16561    0 9298          -  468.16561      -     - 1665s
     0     0  468.16561    0 9292          -  468.16561      -     - 1666s
     0     0  468.16561    0 9939          -  468.16561      -     - 1680s
     0     0  468.16561    0 9931          -  468.16561      -     - 1681s
     0     0  469.06071    0 15147          -  469.06071      -     - 1706s
     0     0  469.06071    0 15147          -  469.06071      -     - 1707s
     0     0  469.08892    0 12274          -  469.08892      -     - 1722s
     0     0  469.08892    0 15595          -  469.08892      -     - 1730s
     0     0  469.18588    0 15720          -  469.18588      -     - 1752s
     0     0  469.18588    0 15686          -  469.18588      -     - 1752s
     0     0  469.18588    0 17630          -  469.18588      -     - 1770s
     0     0  472.10411    0 19611          -  472.10411      -     - 1796s
     0     0  472.11841    0 18057          -  472.11841      -     - 1827s
     0     0  472.11841    0 17997          -  472.11841      -     - 1835s
     0     0  472.80203    0 20998          -  472.80203      -     - 1861s
     0     0  472.80203    0 20993          -  472.80203      -     - 1862s
     0     0  472.80635    0 20393          -  472.80635      -     - 1871s
     0     0  472.80635    0 20343          -  472.80635      -     - 1872s
     0     0  472.80635    0 19443          -  472.80635      -     - 1876s
     0     0  474.58615    0 21414          -  474.58615      -     - 1892s
     0     0  474.58615    0 21020          -  474.58615      -     - 1920s
     0     0  474.58615    0 20907          -  474.58615      -     - 1922s
     0     0  474.94615    0 18819          -  474.94615      -     - 1947s
     0     0  474.94615    0 18719          -  474.94615      -     - 1948s
     0     0  474.94615    0 16918          -  474.94615      -     - 1969s
     0     0  475.17199    0 16585          -  475.17199      -     - 1989s
     0     0  475.17199    0 16569          -  475.17199      -     - 1992s
     0     0  475.74142    0 15460          -  475.74142      -     - 2014s
     0     0  475.74142    0 15358          -  475.74142      -     - 2015s
     0     0  475.79058    0 20189          -  475.79058      -     - 2034s
     0     0  475.79058    0 19143          -  475.79058      -     - 2041s
     0     0  476.44333    0 17354          -  476.44333      -     - 2063s
     0     0  476.44333    0 17318          -  476.44333      -     - 2064s
     0     0  476.49762    0 15407          -  476.49762      -     - 2073s
     0     0  476.49762    0 14699          -  476.49762      -     - 2077s
     0     0  476.63333    0 17202          -  476.63333      -     - 2093s
     0     0  476.63333    0 16614          -  476.63333      -     - 2108s
     0     0  476.63333    0 19537          -  476.63333      -     - 2132s
     0     0  476.63333    0 19537          -  476.63333      -     - 2138s
     0     0  476.63333    0 5115          -  476.63333      -     - 2259s
     0     2  476.63333    0 4232          -  476.63333      -     - 2364s
     1     4  476.63333    1 8809          -  476.63333      -  1647 2381s
     3     8  476.63333    2 4630          -  476.63333      -  1754 2397s
     7    12  476.63333    3 4631          -  476.63333      -  1649 2404s
    11    17  476.63333    4 5691          -  476.63333      -  1215 2429s
    16    30  476.63333    6 8047          -  476.63333      -  1120 2443s
    29    40  476.63333    7 9728          -  476.63333      -   932 2451s
    39    50  476.63333    8 10086          -  476.63333      -   779 2458s
    49    57  476.63333    9 7376          -  476.63333      -   693 2465s
    56    64  476.63333   10 6204          -  476.63333      -   685 2473s
    63    79  476.63333   11 6202          -  476.63333      -   653 2479s
    78   104  476.63333   16 5276          -  476.63333      -   546 2486s
   103   110  476.63333   20 7052          -  476.63333      -   457 2495s
   109   121  476.63333   22 8374          -  476.63333      -   457 2508s
   120   132  478.03333   25 5181          -  476.63333      -   468 2518s
   131   142  478.03333   26 5200          -  476.63333      -   439 2530s
   141   163  478.03333   29 6795          -  476.63333      -   418 2541s
   162   181  478.03333   37 9024          -  476.63333      -   386 2549s
   180   185  478.30000   38 9030          -  476.63333      -   374 2586s
   184   193  479.81713   38 11238          -  476.63333      -   386 2683s
   192   202  478.30000   39 10812          -  476.63333      -   380 2716s
   201   206  478.30000   42 9844          -  476.63333      -   375 2735s
   205   215  478.30000   43 9542          -  476.63333      -   372 2820s
   214   233  478.30000   48 10717          -  476.63333      -   373 2884s
   232   269  478.30000   49 10844          -  476.63333      -   364 2902s
   268   296  478.30000   60 10383          -  476.63333      -   343 2912s
   295   329  478.40000   67 8827          -  476.63333      -   333 2925s
   328   369  478.40000   71 10000          -  476.63333      -   317 2933s
   369   392  478.40000   75 11382          -  476.63333      -   299 2955s
   396   418  478.70000   83 11884          -  476.63333      -   296 2971s
   427   462  478.70000   87 10644          -  476.63333      -   297 2981s
   471   505  478.70000   98 11071          -  476.63333      -   283 2996s
   514   548  479.25000  108 12192          -  476.63333      -   275 3007s
   557   607  479.28333  121 9108          -  476.63333      -   267 3023s
   616   639  479.55000  132 10253          -  476.63333      -   255 3033s
   648   687  479.65000  136 10839          -  476.63333      -   258 3043s
   696   698  479.65000  142 10307          -  476.63333      -   251 3166s
   712   726  479.65000  143 10159          -  476.63333      -   249 3185s
   740   750  479.65000  153 9994          -  476.63333      -   258 3202s
   764   778  479.85458  157 11577          -  476.63333      -   268 3222s
   792   813  480.25000  163 10091          -  476.63333      -   275 3239s
   827   859  481.76667  170 12637          -  476.63333      -   284 3294s
   873   931  482.00000  174 12181          -  476.63333      -   282 3318s
   945  1016  482.15000  182 12108          -  476.63333      -   277 3338s
  1030  1082  482.15000  196 13094          -  476.63333      -   270 3360s
  1096  1193  482.51745  203 14680          -  476.63333      -   268 3382s
  1207  1295  482.51745  226 12862          -  476.63333      -   254 3403s
  1309  1388  483.23885  239 12660          -  476.63333      -   247 3426s
  1402  1439  483.44647  252 13604          -  476.63333      -   243 3447s
  1466  1486  483.64944  265 12676          -  476.63333      -   245 3477s
  1514  1487  479.63333   66 5115          -  476.63333      -   253 3718s
  1515  1488  480.54653   52 5115          -  476.63333      -   253 3720s
  1516  1488  488.24510   82 3375          -  476.63333      -   253 4133s
  1517  1489  485.40000  126 3499          -  476.63333      -   253 4302s
  1518  1490  485.40000  188 3728          -  476.63333      -   253 4350s
  1519  1490  482.24856  113 4041          -  476.63333      -   253 4521s
  1520  1491  482.94333   25 3520          -  477.32304      -   252 4557s
  1521  1492  482.39531  143 4100          -  479.01174      -   252 4728s
  1522  1492  483.90511  254 4124          -  479.13011      -   252 4762s
  1523  1493  485.81941  239 4060          -  480.21832      -   252 4870s
  1524  1494  485.42329  244 3891          -  480.24745      -   252 4908s
  1525  1494  485.40000  177 3632          -  480.24770      -   252 5013s
  1526  1495  523.69333   86 3420          -  480.25790      -   251 5045s
  1527  1496  481.93333   17 3137          -  480.26524      -   251 5284s
  1528  1496  482.73574   80 3344          -  480.33321      -   251 5311s
  1529  1497  480.46666  159 2772          -  480.46666      -   251 5411s
  1530  1498  480.52551  137 3075          -  480.52551      -   251 5437s
  1531  1498  480.53309   90 2895          -  480.53309      -   251 5520s
  1532  1499  482.75860  194 3054          -  480.53309      -   250 5545s
  1533  1500  485.42329  259 2856          -  480.65848      -   250 5657s
  1534  1500  480.66400   24 3118          -  480.66400      -   250 5683s
  1535  1501  482.71778   10 3204          -  480.79902      -   250 5781s
  1536  1502  480.83633   26 3691          -  480.83633      -   250 5813s
  1537  1502  482.64171  142 3310          -  480.98241      -   250 5933s
  1538  1503  540.25255  139 3316          -  480.99722      -   249 5982s
  1539  1504  485.40000  168 3199          -  481.07031      -   249 6088s
  1540  1504  481.20602   56 3365          -  481.20602      -   249 6132s
  1541  1505  483.10000   31 3347          -  481.20629      -   249 6259s
  1542  1506  482.73169  151 3913          -  481.29059      -   249 6306s
  1543  1506  540.25255  160 3387          -  481.36666      -   249 6441s
  1544  1507  488.24510   82 3795          -  481.39904      -   249 6468s
  1545  1508  481.56557   34 3386          -  481.56557      -   248 6582s
  1546  1508  481.57997   31 3507          -  481.57997      -   248 6614s
  1547  1509  484.52947   77 3184          -  481.72164      -   248 6721s
  1548  1510  483.15000   70 3584          -  481.78863      -   248 6748s
  1549  1510  540.25255  120 3083          -  482.68913      -   248 6882s
  1550  1511  482.82169  156 3834          -  482.72529      -   248 6913s
  1551  1512  483.05000   42 3628          -  482.74654      -   247 7022s
  1552  1512  482.75607  100 3764          -  482.75607      -   247 7044s
  1553  1513  485.40000  226 3855          -  482.77726      -   247 7128s
  1554  1514  540.25255  155 3807          -  482.78124      -   247 7145s

Cutting planes:
  Learned: 1
  Gomory: 18
  Cover: 143
  Implied bound: 154
  Projected implied bound: 267
  Clique: 77
  MIR: 418
  Mixing: 3
  StrongCG: 10
  Flow cover: 1152
  GUB cover: 85
  Zero half: 91
  RLT: 249
  Relax-and-lift: 125

Explored 1554 nodes (2422739 simplex iterations) in 7200.66 seconds (4647.91 work units)
Thread count was 4 (of 8 available processors)

Solution count 0

Time limit reached
Best objective -, best bound 4.829000000000e+02, gap -
