
Gurobi 13.0.2 (linux64) logging started Sun Jul 12 17:09:29 2026

Set parameter LogFile to value "src/Resultados/Restriccion_solo_cliques/logs/RC201-50.xml_log.log"
Set parameter Threads to value 4
Gurobi Optimizer version 13.0.2 build v13.0.2rc1 (linux64 - "Rocky Linux 9.7 (Blue Onyx)")

CPU model: QEMU Virtual CPU version 2.5+, instruction set [SSE2]
Thread count: 8 physical cores, 8 logical processors, using up to 4 threads

Non-default parameters:
TimeLimit  7200
Threads  4

Optimize a model with 228124 rows, 136185 columns and 1452285 nonzeros (Min)
Model fingerprint: 0x3dc75ecb
Model has 15930 linear objective coefficients
Variable types: 30210 continuous, 105975 integer (105960 binary)
Coefficient statistics:
  Matrix range     [1e+00, 2e+05]
  Objective range  [1e+00, 8e+01]
  Bounds range     [1e+00, 2e+03]
  RHS range        [1e+00, 2e+05]

Presolve removed 73788 rows and 180 columns (presolve time = 5s)...
Presolve removed 73803 rows and 195 columns
Presolve time: 6.64s
Presolved: 154321 rows, 135990 columns, 676695 nonzeros
Variable types: 750 continuous, 135240 integer (118995 binary)
Deterministic concurrent LP optimizer: primal simplex, dual simplex, and barrier
Showing barrier log only...

Root barrier log...

Ordering time: 1.45s

Barrier statistics:
 Dense cols : 15
 AA' NZ     : 1.503e+06
 Factor NZ  : 5.884e+06 (roughly 170 MB of memory)
 Factor Ops : 8.998e+08 (less than 1 second per iteration)
 Threads    : 1

                  Objective                Residual
Iter       Primal          Dual         Primal    Dual     Compl     Time
   0   1.44237913e+06 -2.96442575e+06  1.88e+05 2.22e-16  1.39e+02    13s
   1   5.19874342e+05 -2.89894289e+06  6.87e+04 6.11e-01  5.93e+01    13s
   2   3.54963402e+05 -2.10910254e+06  4.86e+04 2.71e-01  3.45e+01    14s
   3   8.90138105e+04 -9.87126117e+05  1.20e+04 5.02e-10  8.38e+00    14s
   4   1.34158314e+04 -4.31040313e+05  1.58e+03 1.94e-10  1.88e+00    15s
   5   3.75295839e+03 -5.43409067e+04  2.80e+02 3.58e-12  2.49e-01    15s
   6   1.62457141e+03 -8.33567046e+03  6.64e+01 3.82e-13  4.70e-02    16s
   7   1.26152993e+03 -3.17880542e+03  4.44e+01 1.42e-13  2.46e-02    16s
   8   1.03121116e+03 -2.23309570e+03  2.39e+01 1.04e-13  1.55e-02    17s
   9   8.12504649e+02 -1.40848122e+03  1.02e+01 7.15e-14  8.79e-03    17s
  10   7.20836959e+02 -6.65750140e+02  5.42e+00 4.31e-14  5.17e-03    18s
  11   6.71308934e+02 -1.40402987e+02  3.47e+00 2.22e-14  3.04e-03    18s
  12   6.45024337e+02  2.01039599e+01  2.47e+00 1.69e-14  2.27e-03    19s
  13   5.78280931e+02  3.77703280e+02  3.56e-01 4.80e-15  6.16e-04    19s
  14   5.64399248e+02  5.43520624e+02  5.80e-03 2.79e-15  5.73e-05    20s
  15   5.64000399e+02  5.63979480e+02  9.90e-12 4.95e-15  5.70e-08    20s
  16   5.64000000e+02  5.64000000e+02  1.42e-11 5.86e-15  5.75e-14    21s

Barrier solved model in 16 iterations and 20.52 seconds (10.31 work units)
Optimal objective 5.64000000e+02


Root crossover log...

   19419 DPushes remaining with DInf 0.0000000e+00                21s
       0 DPushes remaining with DInf 0.0000000e+00                21s

   61647 PPushes remaining with PInf 0.0000000e+00                21s
   20177 PPushes remaining with PInf 0.0000000e+00                25s
    5857 PPushes remaining with PInf 0.0000000e+00                31s
       0 PPushes remaining with PInf 0.0000000e+00                33s

  Push phase complete: Pinf 0.0000000e+00, Dinf 9.1648911e-14     33s


Root simplex log...

Iteration    Objective       Primal Inf.    Dual Inf.      Time
   81039    5.6400000e+02   0.000000e+00   0.000000e+00     33s
Crossover time: 12.30 seconds (5.37 work units)
Concurrent spin time: 0.04s

Solved with barrier

Root relaxation: objective 5.640000e+02, 81039 iterations, 23.13 seconds (9.41 work units)

    Nodes    |    Current Node    |     Objective Bounds      |     Work
 Expl Unexpl |  Obj  Depth IntInf | Incumbent    BestBd   Gap | It/Node Time

     0     0  564.00000    0 11512          -  564.00000      -     -  136s
     0     0  564.00000    0 11091          -  564.00000      -     -  141s
     0     0  564.00000    0 14592          -  564.00000      -     -  163s
     0     0  564.00000    0 14496          -  564.00000      -     -  165s
     0     0  564.00000    0 14368          -  564.00000      -     -  171s
     0     0  564.00000    0 16370          -  564.00000      -     -  202s
     0     0  564.00000    0 16370          -  564.00000      -     -  202s
     0     0  564.00000    0 15418          -  564.00000      -     -  291s
     0     0  564.00000    0 15614          -  564.00000      -     -  298s
     0     0  564.00000    0 14403          -  564.00000      -     -  303s
     0     0  564.00000    0 10527          -  564.00000      -     -  314s
     0     0  564.00000    0 11411          -  564.00000      -     -  316s
     0     0  564.00000    0 11269          -  564.00000      -     -  318s
     0     0  564.00000    0 11397          -  564.00000      -     -  357s
     0     0  564.00000    0 11640          -  564.00000      -     -  363s
     0     0  564.00000    0 11640          -  564.00000      -     -  363s
     0     0  564.00000    0 8633          -  564.00000      -     -  451s
     0     0  564.00000    0 10213          -  564.00000      -     -  470s
     0     0  564.00000    0 10066          -  564.00000      -     -  471s
     0     0  564.00000    0 10934          -  564.00000      -     -  510s
     0     0  564.00000    0 10928          -  564.00000      -     -  511s
     0     0  564.00000    0 5218          -  564.00000      -     -  593s
     0     0  564.00000    0 3343          -  564.00000      -     -  605s
     0     0  564.00000    0 3919          -  564.00000      -     -  615s
     0     0  564.00000    0 15272          -  564.00000      -     -  680s
     0     0  564.00000    0 15272          -  564.00000      -     -  680s
     0     0  564.00000    0 9045          -  564.00000      -     -  781s
     0     0  564.00000    0 9628          -  564.00000      -     -  793s
     0     0  564.00000    0 9655          -  564.00000      -     -  794s
     0     0  564.00000    0 22108          -  564.00000      -     -  858s
     0     0  564.00000    0 22107          -  564.00000      -     -  858s
     0     0  564.00000    0 10779          -  564.00000      -     -  925s
     0     0  564.00000    0 10400          -  564.00000      -     -  934s
     0     0  564.00000    0 7566          -  564.00000      -     -  935s
     0     0  564.15760    0 8703          -  564.15760      -     -  963s
     0     0  564.15760    0 8703          -  564.15760      -     -  963s
     0     0  564.15760    0 4646          -  564.15760      -     - 1051s
     0     0  564.15760    0 4122          -  564.15760      -     - 1059s
     0     0  564.15760    0 5584          -  564.15760      -     - 1069s
     0     0  564.15760    0 5584          -  564.15760      -     - 1070s
     0     0  564.15760    0 5586          -  564.15760      -     - 1071s
     0     0  568.57401    0 5426          -  568.57401      -     - 1090s
     0     0  568.57401    0 5335          -  568.57401      -     - 1090s
     0     0  568.57401    0 5807          -  568.57401      -     - 1215s
     0     0  569.40000    0 7362          -  569.40000      -     - 1235s
     0     0  569.40000    0 7277          -  569.40000      -     - 1240s
     0     0  569.40134    0 6056          -  569.40134      -     - 1252s
     0     0  569.40134    0 5861          -  569.40134      -     - 1253s
     0     0  569.40134    0 6551          -  569.40134      -     - 1266s
     0     0  569.41115    0 8202          -  569.41115      -     - 1279s
     0     0  569.41175    0 8228          -  569.41175      -     - 1284s
     0     0  569.41175    0 8540          -  569.41175      -     - 1302s
     0     0  569.41175    0 8517          -  569.41175      -     - 1303s
     0     0  569.41175    0 7647          -  569.41175      -     - 1307s
     0     0  569.63453    0 9040          -  569.63453      -     - 1349s
     0     0  569.63453    0 9191          -  569.63453      -     - 1350s
     0     0  569.76737    0 8521          -  569.76737      -     - 1361s
     0     0  569.78753    0 7320          -  569.78753      -     - 1365s
     0     0  569.78753    0 8068          -  569.78753      -     - 1369s
     0     0  570.35908    0 9944          -  570.35908      -     - 1389s
     0     0  570.68342    0 7925          -  570.68342      -     - 1405s
     0     0  570.68342    0 7915          -  570.68342      -     - 1406s
     0     0  570.68422    0 7363          -  570.68422      -     - 1417s
     0     0  570.68422    0 7307          -  570.68422      -     - 1417s
     0     0  570.80236    0 8136          -  570.80236      -     - 1446s
     0     0  570.80386    0 9954          -  570.80386      -     - 1472s
     0     0  570.80386    0 10056          -  570.80386      -     - 1478s
     0     0  571.10913    0 7234          -  571.10913      -     - 1495s
     0     0  571.16980    0 5425          -  571.16980      -     - 1509s
     0     0  571.32592    0 6206          -  571.32592      -     - 1516s
     0     0  571.32592    0 5948          -  571.32592      -     - 1525s
     0     0  576.40557    0 9378          -  576.40557      -     - 1549s
     0     0  576.40557    0 9378          -  576.40557      -     - 1549s
     0     0  577.50213    0 6601          -  577.50213      -     - 1562s
     0     0  577.50213    0 8838          -  577.50213      -     - 1569s
     0     0  577.50213    0 8838          -  577.50213      -     - 1569s
     0     0  578.51305    0 8230          -  578.51305      -     - 1597s
     0     0  578.51305    0 8858          -  578.51305      -     - 1605s
     0     0  582.67664    0 10071          -  582.67664      -     - 1639s
     0     0  582.68207    0 8722          -  582.68207      -     - 1655s
     0     0  582.68207    0 9756          -  582.68207      -     - 1659s
     0     0  584.16479    0 11307          -  584.16479      -     - 1692s
     0     0  584.16479    0 10534          -  584.16479      -     - 1711s
     0     0  584.16479    0 10023          -  584.16479      -     - 1712s
     0     0  584.75234    0 11497          -  584.75234      -     - 1771s
     0     0  584.83130    0 10028          -  584.83130      -     - 1784s
     0     0  584.83130    0 9278          -  584.83130      -     - 1790s
     0     0  590.38396    0 10746          -  590.38396      -     - 1809s
     0     0  590.38434    0 11690          -  590.38434      -     - 1821s
     0     0  590.54006    0 11812          -  590.54006      -     - 1835s
     0     0  590.62526    0 9065          -  590.62526      -     - 1845s
     0     0  590.63999    0 7750          -  590.63999      -     - 1849s
     0     0  590.63999    0 7175          -  590.63999      -     - 1852s
     0     0  590.67787    0 9134          -  590.67787      -     - 1864s
     0     0  590.67787    0 8020          -  590.67787      -     - 1876s
     0     0  590.71842    0 8431          -  590.71842      -     - 1889s
     0     0  590.71842    0 7476          -  590.71842      -     - 1895s
     0     0  590.71842    0 7476          -  590.71842      -     - 1896s
     0     0  591.04605    0 9840          -  591.04605      -     - 1910s
     0     0  591.04605    0 10591          -  591.04605      -     - 1912s
     0     0  591.05506    0 9664          -  591.05506      -     - 1932s
     0     0  591.05634    0 8519          -  591.05634      -     - 1939s
     0     0  591.07604    0 9693          -  591.07604      -     - 1975s
     0     0  591.07604    0 9672          -  591.07604      -     - 1978s
     0     0  591.17908    0 9726          -  591.17908      -     - 1990s
     0     0  591.17908    0 9667          -  591.17908      -     - 1991s
     0     0  591.17908    0 7561          -  591.17908      -     - 1998s
     0     0  591.17908    0 7560          -  591.17908      -     - 1998s
     0     0  607.00452    0 10361          -  607.00452      -     - 2030s
     0     0  607.00452    0 12900          -  607.00452      -     - 2047s
     0     0  607.00452    0 12879          -  607.00452      -     - 2047s
     0     0  607.12472    0 12094          -  607.12472      -     - 2066s
     0     0  607.12472    0 9400          -  607.12472      -     - 2073s
     0     0  607.12472    0 9397          -  607.12472      -     - 2073s
     0     0  607.36433    0 10677          -  607.36433      -     - 2102s
     0     0  607.44259    0 13077          -  607.44259      -     - 2111s
     0     0  607.44259    0 11216          -  607.44259      -     - 2127s
     0     0  607.44259    0 11166          -  607.44259      -     - 2127s
     0     0  607.60388    0 10490          -  607.60388      -     - 2170s
     0     0  607.60388    0 10687          -  607.60388      -     - 2182s
     0     0  608.15460    0 12971          -  608.15460      -     - 2204s
     0     0  608.15460    0 12947          -  608.15460      -     - 2205s
     0     0  608.15460    0 11877          -  608.15460      -     - 2222s
     0     0  608.15460    0 11872          -  608.15460      -     - 2223s
     0     0  608.15460    0 11872          -  608.15460      -     - 2223s
     0     0  608.15460    0 11872          -  608.15460      -     - 2223s
     0     0  608.15460    0 11841          -  608.15460      -     - 2224s
     0     0  608.15460    0 11846          -  608.15460      -     - 2225s
     0     0  608.17671    0 14275          -  608.17671      -     - 2246s
     0     0  608.17671    0 14213          -  608.17671      -     - 2246s
     0     0  608.17671    0 14213          -  608.17671      -     - 2249s
     0     0  608.17671    0 14213          -  608.17671      -     - 2378s
     0     2  608.17671    0 9444          -  608.17671      -     - 2543s
     1     4  608.17671    1 10060          -  608.17671      -   992 2578s
     3     8  608.17671    2 9181          -  608.17671      -  1817 2645s
     7    12  608.39750    3 11309          -  608.17671      -  1476 2665s
    11    18  608.39750    4 10805          -  608.17671      -  2083 2713s
    17    36  608.39750    5 10833          -  608.17671      -  1632 2729s
    35    43  608.42525   10 16023          -  608.17671      -  1140 2744s
    42    53  608.73981   11 16036          -  608.17671      -  1058 2763s
    52    61  609.62156   13 16099          -  608.17671      -  1049 2775s
    60    74  609.93897   16 15880          -  608.17671      -  1058 2782s
    73    78  610.15007   20 16872          -  608.17671      -   938 2800s
    77    85  610.25029   21 16870          -  608.17671      -   910 2811s
    84    89  610.46544   22 15226          -  608.17671      -   869 2820s
    88    94  610.72397   23 11531          -  608.17671      -   863 2827s
    93    99  611.17667   24 13438          -  608.17671      -   893 2839s
    98   104  613.26879   24 17676          -  608.17671      -   908 2852s
   103   109  613.26879   25 17655          -  608.17671      -   892 2859s
   108   114  613.26879   26 15751          -  608.17671      -   879 2866s
   113   118  613.26879   27 17691          -  608.17671      -   874 2874s
   117   127  613.26879   28 14442          -  608.17671      -   916 2887s
   126   136  614.43828   33 12318          -  608.17671      -   894 2895s
   135   142  613.26879   33 11474          -  608.17671      -   850 2905s
   141   150  613.26879   36 15148          -  608.17671      -   877 2913s
   149   162  614.08316   38 8638          -  608.17671      -   863 2924s
   161   175  618.26448   44 9143          -  608.17671      -   826 2935s
   174   183  618.53406   45 9359          -  608.17671      -   812 2952s
   182   188  619.09463   46 9226          -  608.17671      -   810 2973s
   187   195 infeasible   48               -  608.17671      -   828 3003s
   200   208  655.92090   29 11532          -  608.17671      -   816 3030s
   213   239  655.92090   30 11300          -  608.17671      -   813 3043s
   244   270  657.98542   37 12150          -  608.17671      -   726 3059s
   275   296  660.10119   50 12228          -  608.17671      -   660 3075s
   302   317  662.17625   64 11885          -  608.17671      -   621 3098s
   324   336  662.81033   74 11890          -  608.17671      -   605 3139s
   343   340  662.90691   75 11891          -  608.17671      -   578 3546s
   347   344  662.91164   76 11890          -  608.17671      -   575 3955s
   351   384  662.91333   77 11894          -  608.17671      -   570 3971s
   391   426  663.95252   95 10669          -  608.17671      -   528 3990s
   433   475  665.75320  115 11785          -  608.17671      -   504 4016s
   482   504  666.68752  129 12265          -  608.17671      -   469 4034s
   513   558 infeasible  144               -  608.17671      -   460 4052s
   569   611  673.15536  168 10338          -  608.17671      -   428 4071s
   622   687  673.28654  185 11264          -  608.17671      -   403 4117s
   698   757  673.55672  216 6794          -  608.17671      -   371 4135s
   768   870  679.35637  234 6308          -  608.17671      -   350 4154s
   881   949  683.78434  272 5253          -  608.17671      -   313 4175s
   964  1037  692.03492  309 8241          -  608.17671      -   297 4217s
  1060  1122  693.34274  358 5248          -  608.17671      -   284 4239s
  1145  1126  697.23286  411 7083          -  608.17671      -   270 4313s
  1149  1130  697.38017  412 7093          -  608.17671      -   271 4333s
  1153  1149  697.47743  413 7069          -  608.17671      -   271 4353s
  1172  1230  697.52532  414 7091          -  608.17671      -   271 4368s
  1253  1295  701.74612  441 6071          -  608.17671      -   257 4388s
  1320  1352 infeasible  456               -  608.17671      -   251 4413s
  1395  1430  610.61140    5 10781          -  608.17671      -   246 4435s
  1482  1431  621.42259  103 14213          -  608.17671      -   242 4649s
  1483  1432  631.40183  181 14213          -  608.17671      -   242 4651s
  1484  1432  695.52832  380 4413          -  608.17671      -   242 4915s
  1485  1433  669.72544   79 5245          -  608.17671      -   241 5137s
  1486  1434  661.59024  158 5204          -  608.17671      -   241 5179s
  1487  1434  612.38770   19 5449          -  612.38770      -   241 5293s
  1488  1435  681.91892  243 5346          -  615.91673      -   241 5362s
  1489  1436  641.79966  174 5130          -  620.47937      -   241 5528s
  1490  1436  640.75027  173 4701          -  621.08196      -   241 5585s
  1491  1437  622.15964   33 5649          -  622.15964      -   240 5710s
  1492  1438  694.35091  385 4572          -  623.63587      -   240 5767s
  1493  1438  627.63437   35 5731          -  627.63437      -   240 5881s
  1494  1439  636.48784   35 5605          -  636.48784      -   240 5939s
  1495  1440  640.05872  220 5577          -  639.27584      -   240 6104s
  1496  1440  640.02253  194 5523          -  640.02253      -   240 6143s
  1497  1441  675.21873  209 5485          -  644.10889      -   239 6279s
  1498  1442 1267.77271  444 5689          -  644.80984      -   239 6325s
  1499  1442  681.48422  201 3905          -  646.21077      -   239 6444s
  1500  1443  647.12676  206 8944          -  647.12676      -   239 6504s
  1501  1444  647.85009  166 7021          -  647.85009      -   239 6647s
  1502  1444  657.18920   35 6522          -  650.59382      -   239 6719s
  1503  1445  662.67063   71 7276          -  650.94738      -   238 6833s
  1504  1446  651.11083  127 6573          -  651.11083      -   238 6880s
  1505  1446  653.53302    8 7767          -  653.53302      -   238 7003s
  1506  1447  654.43791   34 6675          -  654.43791      -   238 7050s

Cutting planes:
  Gomory: 11
  Cover: 165
  Implied bound: 43
  Projected implied bound: 35
  Clique: 31
  MIR: 464
  StrongCG: 11
  Flow cover: 746
  GUB cover: 112
  Zero half: 39
  RLT: 124
  Relax-and-lift: 35

Explored 1506 nodes (1915029 simplex iterations) in 7200.70 seconds (4420.21 work units)
Thread count was 4 (of 8 available processors)

Solution count 0

Time limit reached
Best objective -, best bound 6.550000000000e+02, gap -
