
Gurobi 13.0.2 (linux64) logging started Fri Jun 12 02:32:17 2026

Set parameter LogFile to value "src/Resultados/Sin Restricciones/logs/C202-25.xml_log.log"
Set parameter Threads to value 4
Gurobi Optimizer version 13.0.2 build v13.0.2rc1 (linux64 - "Rocky Linux 9.7 (Blue Onyx)")

CPU model: QEMU Virtual CPU version 2.5+, instruction set [SSE2]
Thread count: 8 physical cores, 8 logical processors, using up to 4 threads

Non-default parameters:
TimeLimit  7200
Threads  4

Optimize a model with 374088 rows, 216975 columns and 1438770 nonzeros (Min)
Model fingerprint: 0xcbfcf625
Model has 10800 linear objective coefficients
Variable types: 51405 continuous, 165570 integer (165555 binary)
Coefficient statistics:
  Matrix range     [1e+00, 1e+05]
  Objective range  [2e+00, 6e+01]
  Bounds range     [1e+00, 4e+03]
  RHS range        [1e+00, 1e+05]

Presolve removed 127245 rows and 120 columns (presolve time = 5s)...
Presolve removed 127245 rows and 120 columns
Presolve time: 8.74s
Presolved: 246843 rows, 216855 columns, 1022145 nonzeros
Variable types: 375 continuous, 216480 integer (190125 binary)
Deterministic concurrent LP optimizer: primal simplex, dual simplex, and barrier
Showing barrier log only...

Root barrier log...

Ordering time: 2.17s

Barrier statistics:
 Dense cols : 15
 AA' NZ     : 2.007e+06
 Factor NZ  : 7.417e+06 (roughly 250 MB of memory)
 Factor Ops : 9.857e+08 (less than 1 second per iteration)
 Threads    : 1

                  Objective                Residual
Iter       Primal          Dual         Primal    Dual     Compl     Time
   0   1.24777207e+06 -4.99716000e+05  8.27e+05 0.00e+00  2.15e+01    17s
   1   4.76028200e+05 -4.88468028e+05  3.18e+05 4.35e-02  9.02e+00    17s
   2   2.28736740e+05 -6.42382254e+05  1.53e+05 3.62e-13  4.22e+00    18s
   3   9.16397639e+04 -2.51947182e+05  6.12e+04 5.12e-13  1.49e+00    19s
   4   9.04749686e+03 -3.08153211e+04  5.68e+03 7.93e-14  1.48e-01    19s
   5   8.71474279e+02 -6.29622552e+03  4.03e+02 4.09e-14  1.67e-02    20s
   6   3.08097017e+02 -9.81655853e+02  7.27e+01 6.43e-15  3.02e-03    21s
   7   2.06742444e+02 -1.21362950e+02  2.32e+01 1.31e-15  8.23e-04    22s
   8   1.70809479e+02  7.58943537e+01  5.75e+00 4.44e-16  2.26e-04    22s
   9   1.62757520e+02  1.31654997e+02  1.91e+00 4.44e-16  7.44e-05    23s
  10   1.60065175e+02  1.50324878e+02  6.39e-01 4.44e-16  2.39e-05    23s
  11   1.59183052e+02  1.56367253e+02  2.25e-01 4.44e-16  7.62e-06    24s
  12   1.58937548e+02  1.58243115e+02  1.10e-01 4.44e-16  2.90e-06    24s
  13   1.58843475e+02  1.58195434e+02  6.85e-02 4.44e-16  1.94e-06    25s
  14   1.58792857e+02  1.58655106e+02  4.52e-02 5.35e-16  1.04e-06    26s
  15   1.58715544e+02  1.58655242e+02  7.55e-03 5.41e-16  2.34e-07    26s
  16   1.58710930e+02  1.58714870e+02  5.56e-03 6.31e-16  1.39e-07    27s
  17   1.58708997e+02  1.59057899e+02  4.58e-03 1.91e-12  1.07e-07    28s
  18   1.58709479e+02  1.59243093e+02  4.42e-03 1.89e-12  8.44e-08    28s
  19   1.58714213e+02  1.59254948e+02  4.41e-03 1.88e-12  8.84e-08    29s
  20   1.58744655e+02  1.59220876e+02  4.21e-03 1.85e-12  9.77e-08    30s
  21   1.58919913e+02  1.58757385e+02  3.07e-03 1.67e-12  3.77e-07    31s
  22   1.59182538e+02  1.59183033e+02  2.35e-03 1.26e-12  4.58e-07    32s
  23   1.59187012e+02  1.59200461e+02  2.26e-03 3.80e-11  4.33e-07    32s
  24   1.59329055e+02  1.59308889e+02  3.17e-04 5.33e-15  1.12e-07    33s
  25   1.59366021e+02  1.59359715e+02  8.76e-07 5.73e-15  1.10e-08    33s
  26   1.59365670e+02  1.59365289e+02  2.69e-07 5.33e-15  6.66e-10    34s
  27   1.59365483e+02  1.59365480e+02  5.80e-09 5.65e-14  5.10e-12    35s
  28   1.59365482e+02  1.59365482e+02  5.60e-10 6.03e-15  3.59e-15    35s

Barrier solved model in 28 iterations and 35.18 seconds (17.32 work units)
Optimal objective 1.59365482e+02


Root crossover log...

   74435 DPushes remaining with DInf 0.0000000e+00                35s
   43508 DPushes remaining with DInf 0.0000000e+00                40s
   36540 DPushes remaining with DInf 0.0000000e+00                45s
   30108 DPushes remaining with DInf 0.0000000e+00                50s
   23944 DPushes remaining with DInf 0.0000000e+00                55s
   17244 DPushes remaining with DInf 0.0000000e+00                60s
   10812 DPushes remaining with DInf 0.0000000e+00                65s
    5184 DPushes remaining with DInf 0.0000000e+00                70s
     896 DPushes remaining with DInf 0.0000000e+00                75s
       0 DPushes remaining with DInf 0.0000000e+00                76s

     474 PPushes remaining with PInf 0.0000000e+00                76s
       0 PPushes remaining with PInf 0.0000000e+00                77s

  Push phase complete: Pinf 0.0000000e+00, Dinf 5.6641373e-12     77s


Root simplex log...

Iteration    Objective       Primal Inf.    Dual Inf.      Time
   74852    1.5936548e+02   0.000000e+00   0.000000e+00     77s
Crossover time: 42.12 seconds (22.65 work units)
Concurrent spin time: 0.00s

Solved with barrier

Root relaxation: objective 1.593655e+02, 74852 iterations, 64.51 seconds (31.53 work units)

    Nodes    |    Current Node    |     Objective Bounds      |     Work
 Expl Unexpl |  Obj  Depth IntInf | Incumbent    BestBd   Gap | It/Node Time

     0     0  159.36548    0 34374          -  159.36548      -     -   81s
     0     0  159.36548    0 61896          -  159.36548      -     -  120s
     0     0  159.36548    0 55019          -  159.36548      -     -  132s
     0     0  159.36548    0 34407          -  159.36548      -     -  159s
     0     0  159.36548    0 20588          -  159.36548      -     -  163s
     0     0  159.36548    0 27475          -  159.36548      -     -  291s
     0     0  159.36548    0 61918          -  159.36548      -     -  315s
     0     0  159.36548    0 34359          -  159.36548      -     -  321s
     0     0  159.36548    0 48086          -  159.36548      -     -  336s
     0     0  159.36548    0 48085          -  159.36548      -     -  372s
     0     0  159.36548    0 34328          -  159.36548      -     -  377s
     0     0  159.36548    0 55018          -  159.36548      -     -  393s
     0     0  159.36548    0 48072          -  159.36548      -     -  426s
     0     0  159.36548    0 55036          -  159.36548      -     -  439s
     0     0  159.36548    0 41291          -  159.36548      -     -  453s
     0     0  159.36548    0 20588          -  159.36548      -     -  457s
     0     0  159.36548    0 41278          -  159.36548      -     -  474s
     0     0  160.13614    0 55075          -  160.13614      -     -  490s
     0     0  160.13614    0 41290          -  160.13614      -     -  496s
     0     0  160.26614    0 34403          -  160.26614      -     -  511s
     0     0  167.67221    0 48496          -  167.67221      -     -  539s
     0     0  167.67221    0 48496          -  167.67221      -     -  542s
     0     0  167.67221    0 48496          -  167.67221      -     -  545s
     0     0  167.67221    0 48112          -  167.67221      -     -  579s
     0     0  167.67221    0 48112          -  167.67221      -     -  579s
     0     0  167.67221    0 48112          -  167.67221      -     -  580s
     0     0  167.67221    0 48112          -  167.67221      -     -  580s
     0     0  167.67221    0 48112          -  167.67221      -     -  580s
     0     0  167.69739    0 35401          -  167.69739      -     -  629s
     0     0  167.69739    0 41280          -  167.69739      -     -  649s
     0     0  167.69739    0 41265          -  167.69739      -     -  652s
     0     0  167.69739    0 41265          -  167.69739      -     -  652s
     0     0  167.93052    0 55739          -  167.93052      -     -  679s
     0     0  167.93055    0 55654          -  167.93055      -     -  690s
     0     0  167.93394    0 41151          -  167.93394      -     -  703s
     0     0  167.93394    0 41239          -  167.93394      -     -  718s
     0     0  168.00671    0 54778          -  168.00671      -     -  734s
     0     0  168.00941    0 47986          -  168.00941      -     -  745s
     0     0  168.00941    0 34966          -  168.00941      -     -  749s
     0     0  168.26349    0 48189          -  168.26349      -     -  774s
     0     0  168.29215    0 48127          -  168.29215      -     -  786s
     0     0  168.29215    0 48128          -  168.29215      -     -  787s
     0     0  170.00635    0 45354          -  170.00635      -     -  815s
     0     0  170.17160    0 44222          -  170.17160      -     -  827s
     0     0  170.17160    0 44222          -  170.17160      -     -  827s
     0     0  170.26093    0 51072          -  170.26093      -     -  834s
     0     0  170.49972    0 36154          -  170.49972      -     -  840s
     0     0  170.49972    0 53347          -  170.49972      -     -  847s
     0     0  170.62822    0 59287          -  170.62822      -     -  917s
     0     0  170.62822    0 56656          -  170.62822      -     -  930s
     0     0  170.73174    0 55405          -  170.73174      -     -  954s
     0     0  170.73174    0 52965          -  170.73174      -     -  974s
     0     0  170.73214    0 39513          -  170.73214      -     -  999s
     0     0  170.74612    0 31499          -  170.74612      -     - 1021s
     0     0  170.74612    0 34961          -  170.74612      -     - 1024s
     0     0  170.74612    0 42042          -  170.74612      -     - 1050s
     0     0  170.74612    0 37476          -  170.74612      -     - 1063s
     0     0  170.76866    0 34310          -  170.76866      -     - 1098s
     0     0  170.77249    0 43421          -  170.77249      -     - 1116s
     0     0  170.77249    0 43477          -  170.77249      -     - 1118s
     0     0  172.06438    0 35063          -  172.06438      -     - 1163s
     0     0  172.26438    0 37612          -  172.26438      -     - 1177s
     0     0  172.26438    0 54805          -  172.26438      -     - 1234s
     0     0  172.26438    0 41078          -  172.26438      -     - 1258s
     0     0  172.26438    0 39477          -  172.26438      -     - 1293s
     0     0  172.26438    0 39477          -  172.26438      -     - 1302s
     0     0  172.26438    0 27500          -  172.26438      -     - 1452s
     0     2  172.69552    0 27499          -  172.69552      -     - 1568s
     1     4  173.21438    1 23826          -  172.69552      -   580 1612s
     3     8  173.21438    2 30586          -  173.21438      -  2138 1683s
     7    11  173.21438    3 23777          -  173.21438      -  3810 1707s
    10    19  173.21438    4 23804          -  173.21438      -  2980 1750s
    18    28  173.21438    6 24375          -  173.21438      -  2521 1784s
    27    32  173.21438    7 20629          -  173.21438      -  2107 1813s
    31    42  173.21438   10 19372          -  173.21438      -  2011 1846s
    41    48  173.21438   15 27440          -  173.21438      -  1863 1874s
    49    50  173.21438   20 20968          -  173.21438      -  1752 1907s
    53    63  173.21438   22 23626          -  173.21438      -  1741 1947s
    68    74  173.21438   32 22921          -  173.21438      -  1672 2020s
    87    84  173.21438   38 19895          -  173.21438      -  1595 2098s
   101    92  173.21438   41 32685          -  173.21438      -  1659 2192s
   109   104  173.23883   46 45594          -  173.21438      -  1707 2318s
   121   142  174.10360   52 37013          -  173.21438      -  1838 2437s
   159   190  174.30060   82 39230          -  173.21438      -  1799 2553s
   215   250  176.50095  112 34773          -  173.21438      -  1571 2654s
   281   312  188.12208  134 26846          -  173.21438      -  1296 2738s
   343   362  190.15580  135 26800          -  173.21438      -  1077 2819s
   395   412  192.26614  150 38225          -  173.21438      -   982 2894s
   449   444  193.13220  152 25807          -  173.21438      -   905 2958s
   491   458  193.29407  153 23987          -  173.21438      -   835 3255s
   507   469  193.32827  154 23976          -  173.21438      -   819 3428s
   518   502  193.33495  155 23976          -  173.21438      -   841 3747s
   551   530  193.36246  156 23573          -  173.21438      -   804 4000s
   579   562  193.37734  157 23375          -  173.21438      -   767 4296s
   611   586  193.38849  158 23235          -  173.21438      -   727 4405s
   635   590  193.38864  159 23230          -  173.21438      -   707 4538s
   639   597  193.38879  160 23231          -  173.21438      -   732 4670s
   646   618  193.42984  161 23239          -  173.21438      -   728 4750s
   667   626  193.43296  162 23211          -  173.21438      -   713 4839s
   685   630  217.67681  162 20759          -  173.21438      -   721 4925s
   689   634  193.44794  163 22997          -  173.21438      -   734 5001s
   693   638  193.95418  164 23881          -  173.21438      -   745 5079s
   697   642  221.83749  164 27004          -  173.21438      -   745 5146s
   701   646  194.15460  165 23114          -  173.21438      -   741 5217s
   705   650  194.15525  166 23112          -  173.21438      -   740 5308s
   709   689  194.15591  167 23110          -  173.21438      -   742 5374s
   748   730  194.18031  203 23038          -  173.21438      -   707 5420s
   789   773  194.20747  241 22962          -  173.21438      -   670 5481s
   832   789  195.18093  280 21947          -  173.21438      -   636 5544s
   850   823  197.60656  294 34957          -  173.21438      -   627 5616s
   884   844  221.30321  319 32401          -  173.21438      -   614 5676s
   905   888  229.18600  332 21021          -  173.21438      -   615 6042s
   955   973  229.91201  334 21024          -  173.21438      -   598 6121s
  1046  1031 infeasible  338               -  173.21438      -   559 6213s
  1113  1032  201.37249  175 27500          -  173.21438      -   553 6380s
  1115  1033  183.21854   51 52148          -  173.21438      -   552 6741s
  1116  1034  220.02655   30 48649          -  173.21438      -   552 6806s
  1117  1035  173.21438   24 41690          -  173.21438      -   551 6816s
  1118  1035  208.83738  270 24382          -  173.21438      -   551 6820s
  1119  1036  186.65857  111 38459          -  173.21438      -   550 6843s
  1120  1037  194.45803   26 35207          -  173.21438      -   550 6872s
  1121  1037  211.20475  142 23359          -  173.21438      -   549 6889s
  1122  1038  183.21854   48 40251          -  173.21438      -   549 7070s
  1123  1039  176.11490   71 36765          -  173.21438      -   548 7076s
H 1123   986                     310.2000000  173.21438  44.2%   548 7151s

Cutting planes:
  Gomory: 3
  Cover: 73
  Implied bound: 32
  Projected implied bound: 1096
  Clique: 5
  MIR: 65
  StrongCG: 16
  Flow cover: 2156
  GUB cover: 28
  Zero half: 2
  RLT: 74
  Relax-and-lift: 101

Explored 1124 nodes (878682 simplex iterations) in 7207.17 seconds (6212.61 work units)
Thread count was 4 (of 8 available processors)

Solution count 1: 310.2 

Time limit reached
Best objective 3.102000000000e+02, best bound 1.733000000000e+02, gap 44.1328%
