
Gurobi 13.0.2 (linux64) logging started Thu Jul  2 11:34:39 2026

Set parameter LogFile to value "src/Resultados/Restriccion demanda/logs/R103-50.xml_log.log"
Set parameter Threads to value 4
Gurobi Optimizer version 13.0.2 build v13.0.2rc1 (linux64 - "Rocky Linux 9.7 (Blue Onyx)")

CPU model: QEMU Virtual CPU version 2.5+, instruction set [SSE2]
Thread count: 8 physical cores, 8 logical processors, using up to 4 threads

Non-default parameters:
TimeLimit  7200
Threads  4

Optimize a model with 249684 rows, 157275 columns and 4679250 nonzeros (Min)
Model fingerprint: 0x4836128f
Model has 36600 linear objective coefficients
Variable types: 30330 continuous, 126945 integer (126930 binary)
Coefficient statistics:
  Matrix range     [1e+00, 4e+04]
  Objective range  [5e+00, 6e+01]
  Bounds range     [1e+00, 2e+03]
  RHS range        [1e+00, 4e+04]

Presolve removed 0 rows and 0 columns (presolve time = 14s)...
Presolve removed 29880 rows and 120 columns (presolve time = 15s)...
Presolve removed 59410 rows and 120 columns (presolve time = 20s)...
Presolve removed 73120 rows and 330 columns (presolve time = 25s)...
Presolve removed 74550 rows and 420 columns (presolve time = 30s)...
Presolve removed 74700 rows and 555 columns (presolve time = 35s)...
Presolve removed 74580 rows and 435 columns
Presolve time: 37.06s
Presolved: 175104 rows, 156840 columns, 876885 nonzeros
Variable types: 750 continuous, 156090 integer (140235 binary)
Deterministic concurrent LP optimizer: primal simplex, dual simplex, and barrier
Showing barrier log only...

Root barrier log...

Elapsed ordering time = 6s
Ordering time: 8.70s

Barrier statistics:
 Dense cols : 75
 AA' NZ     : 4.131e+06
 Factor NZ  : 1.910e+07 (roughly 300 MB of memory)
 Factor Ops : 1.057e+10 (roughly 1 second per iteration)
 Threads    : 1

                  Objective                Residual
Iter       Primal          Dual         Primal    Dual     Compl     Time
   0   3.60874502e+06 -2.93833088e+06  1.91e+05 4.44e-16  2.23e+02    62s
   1   1.60413798e+06 -3.44432086e+06  8.54e+04 7.43e-01  9.56e+01    63s
   2   1.35746522e+06 -3.45944665e+06  7.22e+04 6.95e-01  8.06e+01    64s
   3   3.15655356e+05 -2.83339606e+06  1.68e+04 4.52e-04  2.12e+01    66s
   4   8.93155754e+04 -8.12895601e+05  4.68e+03 1.76e-03  5.36e+00    68s
   5   4.40538137e+04 -7.76462826e+05  2.26e+03 1.66e-03  3.47e+00    69s
   6   5.86702521e+03 -1.00178675e+05  2.33e+02 1.77e-05  3.71e-01    71s
   7   2.81931165e+03 -5.68504273e+04  7.33e+01 9.27e-06  1.73e-01    74s
   8   1.45182416e+03 -6.79896068e+03  5.19e+00 7.88e-07  2.12e-02    76s
   9   9.03318133e+02 -8.24478043e+02  4.43e-01 1.18e-07  4.18e-03    79s
  10   6.33937770e+02  3.67637202e+02  4.70e-03 8.80e-09  6.21e-04    83s
  11   5.75514538e+02  5.66123629e+02  1.09e-04 4.35e-11  2.19e-05    85s
  12   5.72908021e+02  5.72890233e+02  2.19e-07 1.33e-15  4.14e-08    87s
  13   5.72900008e+02  5.72899990e+02  2.26e-11 3.00e-15  4.14e-11    89s
  14   5.72900000e+02  5.72900000e+02  9.36e-10 1.33e-15  2.91e-14    91s

Barrier solved model in 14 iterations and 91.39 seconds (34.69 work units)
Optimal objective 5.72900000e+02


Root crossover log...

    8955 DPushes remaining with DInf 0.0000000e+00                92s
       0 DPushes remaining with DInf 0.0000000e+00                93s

   62104 PPushes remaining with PInf 0.0000000e+00                93s
   20608 PPushes remaining with PInf 0.0000000e+00                95s
       0 PPushes remaining with PInf 0.0000000e+00               100s

  Push phase complete: Pinf 0.0000000e+00, Dinf 1.3017365e-14    100s


Root simplex log...

Iteration    Objective       Primal Inf.    Dual Inf.      Time
   70882    5.7290000e+02   0.000000e+00   0.000000e+00    100s
Crossover time: 8.78 seconds (3.77 work units)
Concurrent spin time: 0.05s

Solved with barrier

Root relaxation: objective 5.729000e+02, 70882 iterations, 57.48 seconds (23.80 work units)

    Nodes    |    Current Node    |     Objective Bounds      |     Work
 Expl Unexpl |  Obj  Depth IntInf | Incumbent    BestBd   Gap | It/Node Time

     0     0  572.90000    0 11338          -  572.90000      -     -  180s
     0     0  572.90000    0 11830          -  572.90000      -     -  192s
     0     0  572.90000    0 11318          -  572.90000      -     -  195s
     0     0  572.90000    0 9976          -  572.90000      -     -  208s
     0     0  572.90000    0 9124          -  572.90000      -     -  212s
     0     0  572.90000    0 9378          -  572.90000      -     -  222s
     0     0  572.90000    0 10454          -  572.90000      -     -  228s
     0     0  573.35478    0 10112          -  573.35478      -     -  233s
     0     0  578.00000    0 8383          -  578.00000      -     -  243s
     0     0  578.00000    0 9693          -  578.00000      -     -  245s
     0     0  578.00000    0 10299          -  578.00000      -     -  254s
     0     0  578.00000    0 17349          -  578.00000      -     -  307s
     0     0  578.00000    0 18106          -  578.00000      -     -  315s
     0     0  578.00000    0 18932          -  578.00000      -     -  322s
     0     0  578.00000    0 19179          -  578.00000      -     -  326s
     0     0  581.26245    0 18725          -  581.26245      -     -  339s
     0     0  583.50000    0 18760          -  583.50000      -     -  343s
     0     0  583.50000    0 17124          -  583.50000      -     -  350s
     0     0  583.50000    0 17984          -  583.50000      -     -  360s
     0     0  583.50000    0 18254          -  583.50000      -     -  367s
     0     0  583.50000    0 18547          -  583.50000      -     -  373s
     0     0  593.20000    0 18732          -  593.20000      -     -  378s
     0     0  593.20000    0 17797          -  593.20000      -     -  388s
     0     0  593.21863    0 17177          -  593.21863      -     -  390s
     0     0  594.60000    0 17587          -  594.60000      -     -  396s
     0     0  594.60000    0 17635          -  594.60000      -     -  397s
     0     0  605.76330    0 6370          -  605.76330      -     -  989s
     0     0  609.50708    0 9851          -  609.50708      -     - 1003s
     0     0  611.34850    0 11256          -  611.34850      -     - 1069s
     0     0  612.18468    0 12392          -  612.18468      -     - 1091s
     0     0  612.18468    0 11921          -  612.18468      -     - 1097s
     0     0  612.76171    0 13980          -  612.76171      -     - 1148s
     0     0  612.76171    0 13978          -  612.76171      -     - 1150s
     0     0  612.76171    0 13975          -  612.76171      -     - 1150s
     0     0  612.76236    0 13936          -  612.76236      -     - 1154s
     0     0  612.76240    0 13895          -  612.76240      -     - 1155s
     0     0  614.43058    0 11696          -  614.43058      -     - 1210s
     0     0  614.71270    0 14202          -  614.71270      -     - 1228s
     0     0  614.71270    0 14271          -  614.71270      -     - 1229s
     0     0  614.71270    0 14270          -  614.71270      -     - 1230s
     0     0  614.71270    0 14259          -  614.71270      -     - 1230s
     0     0  614.71270    0 14402          -  614.71270      -     - 1232s
     0     0  614.71270    0 14402          -  614.71270      -     - 1233s
     0     0  615.21184    0 15001          -  615.21184      -     - 1252s
     0     0  615.21184    0 15025          -  615.21184      -     - 1253s
     0     0  615.24630    0 14703          -  615.24630      -     - 1273s
     0     0  615.24630    0 14457          -  615.24630      -     - 1275s
     0     0  615.24630    0 14449          -  615.24630      -     - 1276s
     0     0  615.24630    0 14459          -  615.24630      -     - 1276s
     0     0  615.24630    0 14455          -  615.24630      -     - 1277s
     0     0  615.24630    0 14453          -  615.24630      -     - 1277s
     0     0  615.24630    0 14451          -  615.24630      -     - 1277s
     0     0  615.24630    0 14448          -  615.24630      -     - 1278s
     0     0  616.54428    0 16362          -  616.54428      -     - 1337s
     0     0  616.91561    0 15983          -  616.91561      -     - 1365s
     0     0  616.98207    0 14664          -  616.98207      -     - 1380s
     0     0  616.98207    0 14651          -  616.98207      -     - 1381s
     0     0  616.98207    0 14649          -  616.98207      -     - 1381s
     0     0  616.98207    0 16747          -  616.98207      -     - 1382s
     0     0  616.98310    0 15911          -  616.98310      -     - 1405s
     0     0  616.98310    0 15654          -  616.98310      -     - 1409s
     0     0  617.31422    0 18196          -  617.31422      -     - 1474s
     0     0  617.31422    0 18059          -  617.31422      -     - 1475s
     0     0  617.44916    0 16723          -  617.44916      -     - 1485s
     0     0  617.46855    0 12055          -  617.46855      -     - 1490s
     0     0  617.47337    0 12767          -  617.47337      -     - 1499s
     0     0  617.47337    0 12739          -  617.47337      -     - 1500s
     0     0  619.26181    0 16631          -  619.26181      -     - 1572s
     0     0  619.26181    0 16629          -  619.26181      -     - 1572s
     0     0  619.97197    0 17990          -  619.97197      -     - 1698s
     0     0  619.98805    0 19550          -  619.98805      -     - 1712s
     0     0  619.98805    0 19516          -  619.98805      -     - 1713s
     0     0  619.98919    0 19385          -  619.98919      -     - 1718s
     0     0  621.58118    0 24705          -  621.58118      -     - 1820s
     0     0  621.58118    0 24703          -  621.58118      -     - 1820s
     0     0  621.58118    0 24698          -  621.58118      -     - 1821s
     0     0  622.34160    0 22251          -  622.34160      -     - 1832s
     0     0  622.34160    0 21933          -  622.34160      -     - 1833s
     0     0  622.36254    0 20006          -  622.36254      -     - 1836s
     0     0  622.38141    0 20082          -  622.38141      -     - 1845s
     0     0  622.39610    0 19868          -  622.39610      -     - 1910s
     0     0  622.39610    0 20300          -  622.39610      -     - 1916s
     0     0  624.45105    0 15115          -  624.45105      -     - 1980s
     0     0  624.71980    0 16306          -  624.71980      -     - 2030s
     0     0  624.86360    0 18549          -  624.86360      -     - 2069s
     0     0  624.94898    0 17080          -  624.94898      -     - 2085s
     0     0  624.95227    0 16377          -  624.95227      -     - 2115s
     0     0  624.95227    0 16388          -  624.95227      -     - 2126s
     0     0  626.81853    0 15970          -  626.81853      -     - 2218s
     0     0  626.89432    0 21933          -  626.89432      -     - 2260s
     0     0  626.89432    0 21935          -  626.89432      -     - 2261s
     0     0  626.89432    0 21933          -  626.89432      -     - 2261s
     0     0  626.89432    0 21931          -  626.89432      -     - 2261s
     0     0  626.89432    0 21926          -  626.89432      -     - 2262s
     0     0  626.91340    0 20768          -  626.91340      -     - 2276s
     0     0  626.91340    0 22216          -  626.91340      -     - 2282s
     0     0  628.00044    0 21311          -  628.00044      -     - 2356s
     0     0  628.11389    0 21878          -  628.11389      -     - 2377s
     0     0  628.11389    0 21876          -  628.11389      -     - 2378s
     0     0  628.11389    0 21874          -  628.11389      -     - 2378s
     0     0  628.11389    0 21872          -  628.11389      -     - 2379s
     0     0  628.11389    0 21869          -  628.11389      -     - 2379s
     0     0  628.13888    0 20516          -  628.13888      -     - 2386s
     0     0  628.14132    0 22027          -  628.14132      -     - 2391s
     0     0  628.39581    0 21422          -  628.39581      -     - 2452s
     0     0  628.44719    0 20721          -  628.44719      -     - 2468s
     0     0  628.46209    0 20758          -  628.46209      -     - 2484s
     0     0  628.47175    0 19936          -  628.47175      -     - 2489s
     0     0  628.47533    0 19456          -  628.47533      -     - 2496s
     0     0  628.47571    0 19303          -  628.47571      -     - 2499s
     0     0  628.67894    0 21855          -  628.67894      -     - 2574s
     0     0  628.68806    0 23074          -  628.68806      -     - 2588s
     0     0  628.69899    0 24433          -  628.69899      -     - 2636s
     0     0  628.69899    0 23445          -  628.69899      -     - 2639s
     0     0  629.17508    0 25859          -  629.17508      -     - 2751s
     0     0  629.17508    0 25843          -  629.17508      -     - 2752s
     0     0  629.17508    0 25844          -  629.17508      -     - 2752s
     0     0  629.17508    0 25846          -  629.17508      -     - 2753s
     0     0  629.17508    0 25848          -  629.17508      -     - 2753s
     0     0  629.24924    0 24736          -  629.24924      -     - 2772s
     0     0  629.25602    0 24904          -  629.25602      -     - 2779s
     0     0  629.25602    0 24902          -  629.25602      -     - 2780s
     0     0  629.25602    0 24900          -  629.25602      -     - 2780s
     0     0  629.25602    0 24897          -  629.25602      -     - 2780s
     0     0  629.25676    0 25451          -  629.25676      -     - 2784s
     0     0  629.87953    0 21872          -  629.87953      -     - 2879s
     0     0  629.87953    0 21865          -  629.87953      -     - 2880s
     0     0  629.94047    0 24323          -  629.94047      -     - 2901s
     0     0  629.95573    0 24389          -  629.95573      -     - 2907s
     0     0  629.95573    0 24385          -  629.95573      -     - 2908s
     0     0  629.95573    0 24383          -  629.95573      -     - 2908s
     0     0  629.95573    0 24380          -  629.95573      -     - 2909s
     0     0  629.96892    0 21411          -  629.96892      -     - 2956s
     0     0  629.97474    0 21397          -  629.97474      -     - 2959s
     0     0  629.97599    0 22319          -  629.97599      -     - 2971s
     0     0  630.44310    0 20754          -  630.44310      -     - 3016s
     0     0  630.51980    0 22419          -  630.51980      -     - 3027s
     0     0  630.52646    0 22585          -  630.52646      -     - 3030s
     0     0  630.52646    0 22534          -  630.52646      -     - 3030s
     0     0  630.58175    0 25346          -  630.58175      -     - 3065s
     0     0  630.63718    0 22740          -  630.63718      -     - 3081s
     0     0  630.63844    0 23035          -  630.63844      -     - 3087s
     0     0  630.69906    0 23763          -  630.69906      -     - 3156s
     0     0  630.70535    0 22309          -  630.70535      -     - 3164s
     0     0  630.70755    0 25154          -  630.70755      -     - 3180s
     0     0  630.70755    0 25156          -  630.70755      -     - 3180s
     0     0  630.70755    0 25157          -  630.70755      -     - 3181s
     0     0  630.79352    0 22669          -  630.79352      -     - 3227s
     0     0  630.79714    0 25067          -  630.79714      -     - 3245s
     0     0  630.79714    0 25070          -  630.79714      -     - 3246s
     0     0  630.89275    0 24170          -  630.89275      -     - 3293s
     0     0  630.92397    0 26628          -  630.92397      -     - 3325s
     0     0  630.93182    0 28249          -  630.93182      -     - 3336s
     0     0  630.94975    0 27625          -  630.94975      -     - 3341s
     0     0  630.95080    0 27779          -  630.95080      -     - 3342s
     0     0  631.11332    0 28776          -  631.11332      -     - 3408s
     0     0  631.12399    0 26851          -  631.12399      -     - 3416s
     0     0  631.12399    0 26861          -  631.12399      -     - 3420s
     0     0  631.12824    0 25950          -  631.12824      -     - 3424s
     0     0  631.17055    0 31389          -  631.17055      -     - 3477s
     0     0  631.17055    0 31386          -  631.17055      -     - 3477s
     0     0  631.17055    0 31384          -  631.17055      -     - 3478s
     0     0  631.17055    0 31382          -  631.17055      -     - 3478s
     0     0  631.17055    0 31380          -  631.17055      -     - 3479s
     0     0  631.17055    0 31378          -  631.17055      -     - 3479s
     0     0  631.17055    0 31376          -  631.17055      -     - 3480s
     0     0  631.17055    0 31373          -  631.17055      -     - 3480s
     0     0  631.17055    0 31373          -  631.17055      -     - 3493s
     0     0  631.17055    0 6818          -  631.17055      -     - 3678s
     0     2  631.27209    0 6785          -  631.27209      -     - 3798s
     1     5  631.27209    1 7157          -  631.27209      -  2162 3820s
     3     7  631.27209    2 7283          -  631.27209      -  3333 3913s
     6    11  631.27209    3 7225          -  631.27209      -  4547 3954s
    10    16  631.27209    4 7275          -  631.27209      -  4234 4008s
    15    21  631.27209    5 7209          -  631.27209      -  3519 4080s
    20    24  631.27209    6 9833          -  631.27209      -  3240 4121s
    25    28  631.27209    7 9833          -  631.27209      -  3522 4173s
    29    32  631.27209    8 10073          -  631.27209      -  3395 4246s
    33    34  641.49083    8 10216          -  631.27209      -  3417 4312s
    35    39  631.81905    9 9234          -  631.27209      -  3549 4359s
    40    43  643.50168   10 8771          -  631.27209      -  3375 4417s
    44    47  633.24494   10 8443          -  631.27209      -  3434 4470s
    48    50  638.18139   10 6552          -  631.27209      -  3563 4640s
    51    58  638.11578   11 8223          -  631.27209      -  3596 4700s
    59    65  638.14192   12 8218          -  631.27209      -  3386 4837s
    66    70  638.88719   13 10078          -  631.27209      -  3359 4917s
    71    74  638.16663   13 10712          -  631.27209      -  3462 4972s
    77    79  638.16663   14 10712          -  631.27209      -  3427 5017s
    82    86  638.28575   15 8529          -  631.27209      -  3388 5072s
    89    90  638.30518   16 8509          -  631.27209      -  3277 5118s
    93    95  638.30518   17 9148          -  631.27209      -  3285 5203s
    98   100  638.32604   18 10648          -  631.27209      -  3358 5290s
   103   105  640.25280   18 8957          -  631.27209      -  3437 5349s
   108   112  638.33891   19 9823          -  631.27209      -  3406 5402s
   115   117  638.44657   20 7848          -  631.27209      -  3503 5466s
   120   121  640.20924   20 8696          -  631.27209      -  3456 5555s
   126   131  638.44657   21 7304          -  631.27209      -  3423 5614s
   136   140  638.44657   22 7041          -  631.27209      -  3275 5701s
   145   148  638.45434   23 6654          -  631.27209      -  3200 5763s
   155   156  638.76828   24 5072          -  631.27209      -  3212 5820s
   166   163  639.91807   24 7031          -  631.27209      -  3161 5916s
   178   165  639.05722   25 5674          -  631.27209      -  3051 6000s
   185   167  641.91094   25 5190          -  631.27209      -  3061 6067s
   189   171  639.06574   26 5557          -  631.27209      -  3046 6134s
   195   180  646.02233   29 6249          -  631.27209      -  2990 6202s
   204   195  645.17620   31 7152          -  631.27209      -  3055 6602s
   219   212  651.15826   34 6727          -  631.27209      -  2991 6765s
   238   233  660.22321   39 7788          -  631.27209      -  2944 6851s
   261   265  663.03489   42 8857          -  631.27209      -  2860 6942s
   293   294 infeasible   46               -  631.27209      -  2716 7025s
   324   326  671.09730   50 7059          -  631.27209      -  2656 7123s
   356   345 infeasible   51               -  631.27209      -  2576 7200s

Cutting planes:
  Learned: 2
  Gomory: 3
  Cover: 71
  Implied bound: 928
  Clique: 191
  MIR: 570
  StrongCG: 15
  Flow cover: 12
  GUB cover: 232
  Zero half: 1
  RLT: 98
  Relax-and-lift: 2442

Explored 381 nodes (1483347 simplex iterations) in 7203.69 seconds (4890.78 work units)
Thread count was 4 (of 8 available processors)

Solution count 0

Time limit reached
Best objective -, best bound 6.313000000000e+02, gap -
