
Gurobi 13.0.2 (linux64) logging started Thu Jul  2 15:37:57 2026

Set parameter LogFile to value "src/Resultados/Restriccion demanda/logs/R104-50.xml_log.log"
Set parameter Threads to value 4
Gurobi Optimizer version 13.0.2 build v13.0.2rc1 (linux64 - "Rocky Linux 9.7 (Blue Onyx)")

CPU model: QEMU Virtual CPU version 2.5+, instruction set [SSE2]
Thread count: 8 physical cores, 8 logical processors, using up to 4 threads

Non-default parameters:
TimeLimit  7200
Threads  4

Optimize a model with 257733 rows, 164220 columns and 5294160 nonzeros (Min)
Model fingerprint: 0x4ded1afb
Model has 42105 linear objective coefficients
Variable types: 30690 continuous, 133530 integer (133515 binary)
Coefficient statistics:
  Matrix range     [1e+00, 4e+04]
  Objective range  [4e+00, 6e+01]
  Bounds range     [1e+00, 2e+03]
  RHS range        [1e+00, 4e+04]

Presolve removed 60130 rows and 120 columns (presolve time = 5s)...
Presolve removed 75405 rows and 420 columns (presolve time = 10s)...
Presolve removed 75510 rows and 420 columns (presolve time = 15s)...
Presolve removed 75450 rows and 360 columns
Presolve time: 18.42s
Presolved: 182283 rows, 163860 columns, 931245 nonzeros
Variable types: 750 continuous, 163110 integer (147255 binary)
Deterministic concurrent LP optimizer: primal simplex, dual simplex, and barrier
Showing barrier log only...

Root barrier log...

Elapsed ordering time = 5s
Ordering time: 7.69s

Barrier statistics:
 Dense cols : 90
 AA' NZ     : 5.038e+06
 Factor NZ  : 2.314e+07 (roughly 300 MB of memory)
 Factor Ops : 1.448e+10 (roughly 2 seconds per iteration)
 Threads    : 1

                  Objective                Residual
Iter       Primal          Dual         Primal    Dual     Compl     Time
   0   3.96980716e+06 -2.65290101e+06  1.95e+05 1.67e-16  1.92e+02    37s
   1   1.75168893e+06 -3.14044835e+06  8.67e+04 8.88e-01  8.53e+01    39s
   2   1.02229176e+06 -3.40931134e+06  5.13e+04 6.28e-01  5.22e+01    41s
   3   2.51384308e+05 -2.57338396e+06  1.27e+04 7.06e-02  1.53e+01    43s
   4   3.24096120e+04 -5.63789439e+05  1.55e+03 7.67e-13  2.20e+00    46s
   5   9.86120250e+03 -7.62150210e+04  4.13e+02 7.82e-13  3.61e-01    49s
   6   3.42886278e+03 -1.13029312e+04  9.97e+01 4.56e-14  7.09e-02    53s
   7   1.40814443e+03 -2.06403037e+03  3.41e+00 1.57e-14  8.83e-03    57s
   8   8.38201475e+02 -4.01854192e+02  1.74e-01 7.15e-15  2.81e-03    60s
   9   6.17378420e+02  1.84948609e+02  3.66e-02 4.50e-15  9.70e-04    64s
  10   5.50806997e+02  4.67408053e+02  1.14e-02 4.08e-15  1.86e-04    68s
  11   5.08403947e+02  4.99638430e+02  1.10e-03 2.65e-15  1.95e-05    71s
  12   5.02905759e+02  5.02893799e+02  3.96e-08 2.73e-15  2.66e-08    73s
  13   5.02900006e+02  5.02899994e+02  1.30e-11 1.34e-15  2.66e-11    76s
  14   5.02900000e+02  5.02900000e+02  4.64e-08 2.12e-15  2.89e-13    79s

Barrier solved model in 14 iterations and 79.08 seconds (42.80 work units)
Optimal objective 5.02900000e+02


Root crossover log...

    9230 DPushes remaining with DInf 0.0000000e+00                81s
       0 DPushes remaining with DInf 0.0000000e+00                81s

   67289 PPushes remaining with PInf 0.0000000e+00                81s
   13545 PPushes remaining with PInf 0.0000000e+00                87s
    8594 PPushes remaining with PInf 0.0000000e+00                90s
     388 PPushes remaining with PInf 0.0000000e+00                95s
       0 PPushes remaining with PInf 0.0000000e+00                96s

  Push phase complete: Pinf 0.0000000e+00, Dinf 2.9226621e-14     96s


Root simplex log...

Iteration    Objective       Primal Inf.    Dual Inf.      Time
   71992    5.0290000e+02   0.000000e+00   0.000000e+00     96s
Crossover time: 16.86 seconds (6.09 work units)
Concurrent spin time: 0.01s

Solved with barrier

Root relaxation: objective 5.029000e+02, 71992 iterations, 73.30 seconds (32.28 work units)

    Nodes    |    Current Node    |     Objective Bounds      |     Work
 Expl Unexpl |  Obj  Depth IntInf | Incumbent    BestBd   Gap | It/Node Time

     0     0  502.90000    0 11400          -  502.90000      -     -  160s
     0     0  502.90000    0 9360          -  502.90000      -     -  164s
     0     0  502.90000    0 16383          -  502.90000      -     -  197s
     0     0  502.90000    0 16380          -  502.90000      -     -  211s
     0     0  502.90000    0 18818          -  502.90000      -     -  246s
     0     0  502.90000    0 18818          -  502.90000      -     -  246s
     0     0  502.90000    0 5352          -  502.90000      -     -  307s
     0     0  502.90000    0 5366          -  502.90000      -     -  321s
     0     0  502.90000    0 5366          -  502.90000      -     -  322s
     0     0  502.90000    0 7896          -  502.90000      -     -  347s
     0     0  502.90000    0 7941          -  502.90000      -     -  347s
     0     0  502.90000    0 7943          -  502.90000      -     -  348s
     0     0  502.90000    0 6565          -  502.90000      -     -  419s
     0     0  502.90000    0 7259          -  502.90000      -     -  437s
     0     0  502.90000    0 6914          -  502.90000      -     -  440s
     0     0  502.90000    0 6916          -  502.90000      -     -  441s
     0     0  502.90000    0 5379          -  502.90000      -     -  479s
     0     0  502.90000    0 5379          -  502.90000      -     -  479s
     0     0  502.90000    0 3225          -  502.90000      -     -  531s
     0     0  502.90000    0 5376          -  502.90000      -     -  546s
     0     0  502.90000    0 7646          -  502.90000      -     -  585s
     0     0  502.90000    0 7646          -  502.90000      -     -  586s
     0     0  502.90000    0 4122          -  502.90000      -     -  655s
     0     0  502.90000    0 4240          -  502.90000      -     -  668s
     0     0  502.90000    0 4275          -  502.90000      -     -  669s
     0     0  502.90000    0 5317          -  502.90000      -     -  692s
     0     0  502.90000    0 5317          -  502.90000      -     -  692s
     0     0  502.90000    0 2803          -  502.90000      -     -  750s
     0     0  502.90000    0 3307          -  502.90000      -     -  779s
     0     0  502.90000    0 8838          -  502.90000      -     -  833s
     0     0  502.90000    0 8838          -  502.90000      -     -  833s
     0     0  502.90000    0 3191          -  502.90000      -     -  885s
     0     0  502.90000    0 3384          -  502.90000      -     -  897s
     0     0  502.90000    0 3500          -  502.90000      -     -  897s
     0     0  502.90000    0 9285          -  502.90000      -     -  919s
     0     0  502.90000    0 7661          -  502.90000      -     -  919s
     0     0  502.90000    0 3445          -  502.90000      -     -  971s
     0     0  502.90000    0 3591          -  502.90000      -     -  982s
     0     0  502.90000    0 3187          -  502.90000      -     - 1022s
     0     2  502.90000    0 3187          -  502.90000      -     - 1119s
     1     4  502.90000    1 3369          -  502.90000      -   328 1137s
     3     8  502.90000    2 4303          -  502.90000      -  2709 1153s
     7    12  502.90000    3 5141          -  502.90000      -  1921 1172s
    11    16  502.90000    4 4478          -  502.90000      -  1370 1187s
    15    19  503.37638    5 4727          -  502.90000      -  1118 1211s
    18    23  502.90000    5 5512          -  502.90000      -  1202 1234s
    22    27  502.90000    6 5479          -  502.90000      -  1104 1253s
    26    31  502.90000    7 5897          -  502.90000      -   987 1270s
    30    35  503.39557    8 5609          -  502.90000      -   979 1292s
    34    39  502.90000    8 5618          -  502.90000      -   923 1308s
    38    43  502.90000    9 4878          -  502.90000      -   859 1330s
    42    47  502.96785   10 4375          -  502.90000      -   829 1346s
    46    51  502.90000   10 4662          -  502.90000      -   854 1371s
    50    55  502.90000   11 4732          -  502.90000      -   789 1400s
    54    59  502.96785   11 4688          -  502.90000      -   765 1420s
    58    63  502.93211   12 5541          -  502.90000      -   800 1551s
    62    66  502.90000   12 3900          -  502.90000      -   795 1579s
    65    70  503.06143   13 3880          -  502.90000      -   818 1606s
    69    74  502.90000   13 4010          -  502.90000      -   878 1645s
    73    78  503.39557   14 3760          -  502.90000      -   942 1747s
    77    85  502.96785   14 4449          -  502.90000      -   906 1840s
    84    93  502.98012   15 4449          -  502.90000      -   851 1886s
    92   101  502.98282   16 3716          -  502.90000      -   824 1967s
   100   110  502.98282   17 3747          -  502.90000      -   766 2040s
   109   124  502.98384   18 3754          -  502.90000      -   737 2076s
   123   152  502.98436   19 3724          -  502.90000      -   696 2106s
   151   184  503.00661   26 3983          -  502.90000      -   580 2116s
   183   216  503.02891   34 3731          -  502.90000      -   490 2149s
   215   260  503.07440   43 3993          -  502.90000      -   424 2160s
   259   308  503.12890   54 4154          -  502.90000      -   363 2172s
   307   367  503.18113   67 4161          -  502.90000      -   317 2187s
   366   417  503.21493   83 3750          -  502.90000      -   273 2219s
   416   485  503.21824   87 4236          -  502.90000      -   245 2230s
   484   565  503.25739  108 3899          -  502.90000      -   215 2240s
   564   629  503.38120  133 3608          -  502.90000      -   187 2250s
   628   695  503.47922  154 4055          -  502.90000      -   170 2263s
   694   754  503.52908  166 3175          -  502.90000      -   157 2284s
   753   807  503.60309  182 3937          -  502.90000      -   148 2296s
   806   874  503.62529  191 4425          -  502.90000      -   140 2310s
   873   964  503.62529  195 4560          -  502.90000      -   134 2331s
   963  1028  503.64078  199 4758          -  502.90000      -   123 2343s
  1027  1118  503.66969  212 4179          -  502.90000      -   119 2356s
  1117  1220  503.75851  218 4148          -  502.90000      -   111 2378s
  1219  1224  503.76591  227 4810          -  502.90000      -   106 2789s
  1223  1228  503.76591  228 4449          -  502.90000      -   105 3192s
  1227  1232  503.76591  229 4447          -  502.90000      -   106 3693s
  1231  1236  503.76591  230 4290          -  502.90000      -   106 3985s
  1235  1325  503.86212  231 4632          -  502.90000      -   107 4009s
  1324  1430  504.05454  251 4783          -  502.90000      -   105 4022s
  1429  1543  504.08123  267 4489          -  502.90000      -   102 4043s
  1542  1660  504.44679  298 4489          -  502.90000      -  98.1 4059s
  1659  1808  504.74811  345 4542          -  502.90000      -  95.3 4073s
  1807  1927  505.17948  403 4533          -  502.90000      -  91.3 4094s
  1926  2067  505.37190  437 4427          -  502.90000      -  89.4 4110s
  2066  2171  505.50512  451 4655          -  502.90000      -  86.4 4134s
  2170  2300  505.58118  459 4633          -  502.90000      -  87.3 4151s
  2299  2423  505.66794  481 4633          -  502.90000      -  86.5 4173s
  2422  2539  505.83770  494 4403          -  502.90000      -  86.5 4201s
  2538  2712  505.91957  514 4883          -  502.90000      -  85.5 4219s
  2711  2902  506.14160  541 4652          -  502.90000      -  83.2 4239s
  2901  3080  506.72627  581 4898          -  502.90000      -  80.8 4263s
  3079  3240  507.28616  601 5289          -  502.90000      -  79.2 4296s
  3245  3344  566.34585  618 5440          -  502.90000      -  80.8 4319s
  3349  3466 infeasible  621               -  502.90000      -  82.1 4348s
  3473  3605  577.50411  622 6907          -  502.90000      -  84.4 4371s
  3612  3718  583.22470  628 5670          -  502.90000      -  85.9 4394s
  3725  3850  587.63569  642 5672          -  502.90000      -  88.1 4415s
  3857  4010  588.33065  668 6065          -  502.90000      -  89.1 4438s
  4017  4149  588.97726  712 5971          -  502.90000      -  88.9 4484s
  4161  4270  590.52618  750 5769          -  502.90000      -  90.2 4522s
  4283  4400  643.03504  783 6492          -  502.90000      -  92.5 4547s
  4413  4605  643.15353  803 5788          -  502.90000      -  95.4 4573s
  4618  4788  643.45163  859 5636          -  502.90000      -  95.8 4601s
  4803  5023  643.81379  950 5644          -  502.90000      -  96.5 4632s
  5039  5132  649.68948 1022 4662          -  502.90000      -  96.1 4672s
  5161  5133  510.10000  314 3187          -  502.90000      -   100 5939s
  5162  5134  544.80000 1004 3187          -  502.90000      -   100 5940s
  5163  5134  522.90000  969 4868          -  504.62184      -   100 6318s
  5164  5135  528.10000  621 3332          -  506.62647      -   100 6382s
  5165  5136  526.00000  643 4081          -  512.76389      -   100 6469s
  5166  5136  650.11868 1028 3503          -  513.43878      -   100 6571s
  5167  5137  530.40000   48 4111          -  514.77531      -   100 6626s
  5168  5138  514.93333  155 2076          -  514.93333      -   100 6704s
  5169  5138  516.76089   38 5210          -  516.76089      -   100 6777s
  5170  5139  529.90000  226 2305          -  517.00169      -   100 6883s
  5171  5140  528.10000  616 3727          -  517.06121      -   100 6946s
  5172  5140  521.30000  291 3342          -  517.56013      -   100 7056s
  5173  5141  542.40000  539 4250          -  521.57639      -   100 7117s

Cutting planes:
  Gomory: 31
  Cover: 199
  Implied bound: 150
  Projected implied bound: 93
  Clique: 80
  MIR: 93
  StrongCG: 8
  Flow cover: 224
  GUB cover: 184
  Zero half: 27
  RLT: 90
  Relax-and-lift: 121

Explored 5173 nodes (1251823 simplex iterations) in 7200.75 seconds (4991.56 work units)
Thread count was 4 (of 8 available processors)

Solution count 0

Time limit reached
Best objective -, best bound 5.218000000000e+02, gap -
