
Gurobi 13.0.2 (linux64) logging started Thu Jul  2 23:43:53 2026

Set parameter LogFile to value "src/Resultados/Restriccion demanda/logs/R106-50.xml_log.log"
Set parameter Threads to value 4
Gurobi Optimizer version 13.0.2 build v13.0.2rc1 (linux64 - "Rocky Linux 9.7 (Blue Onyx)")

CPU model: QEMU Virtual CPU version 2.5+, instruction set [SSE2]
Thread count: 8 physical cores, 8 logical processors, using up to 4 threads

Non-default parameters:
TimeLimit  7200
Threads  4

Optimize a model with 239499 rows, 149850 columns and 4235100 nonzeros (Min)
Model fingerprint: 0xc7b49de1
Model has 32775 linear objective coefficients
Variable types: 29430 continuous, 120420 integer (120405 binary)
Coefficient statistics:
  Matrix range     [1e+00, 4e+04]
  Objective range  [4e+00, 6e+01]
  Bounds range     [1e+00, 2e+03]
  RHS range        [1e+00, 4e+04]

Presolve removed 57610 rows and 120 columns (presolve time = 5s)...
Presolve removed 71955 rows and 420 columns (presolve time = 10s)...
Presolve removed 72060 rows and 510 columns (presolve time = 15s)...
Presolve removed 71955 rows and 405 columns
Presolve time: 15.74s
Presolved: 167544 rows, 149445 columns, 826875 nonzeros
Variable types: 750 continuous, 148695 integer (132840 binary)
Deterministic concurrent LP optimizer: primal simplex, dual simplex, and barrier
Showing barrier log only...

Root barrier log...

Ordering time: 2.64s

Barrier statistics:
 Dense cols : 105
 AA' NZ     : 3.085e+06
 Factor NZ  : 1.172e+07 (roughly 220 MB of memory)
 Factor Ops : 3.876e+09 (roughly 1 second per iteration)
 Threads    : 1

                  Objective                Residual
Iter       Primal          Dual         Primal    Dual     Compl     Time
   0   3.30403309e+06 -3.21555635e+06  1.83e+05 4.44e-16  2.54e+02    31s
   1   1.41058736e+06 -3.57128086e+06  7.88e+04 8.05e-01  1.09e+02    32s
   2   1.38613423e+06 -3.66854568e+06  7.74e+04 5.68e-01  1.02e+02    33s
   3   2.51060683e+05 -3.36608966e+06  1.47e+04 4.66e-12  2.37e+01    34s
   4   6.48199509e+04 -9.73533046e+05  3.69e+03 1.82e-11  5.73e+00    35s
   5   1.02645476e+04 -1.96394989e+05  5.02e+02 1.73e-12  8.52e-01    36s
   6   3.85150449e+03 -7.06776878e+04  1.34e+02 4.18e-13  2.55e-01    37s
   7   1.63768611e+03 -1.95198627e+04  1.28e+01 1.20e-13  5.77e-02    39s
   8   1.16000471e+03 -8.47691171e+03  2.15e+00 5.38e-14  2.45e-02    40s
   9   9.20962696e+02 -3.20316937e+03  5.78e-01 2.22e-14  1.04e-02    42s
  10   6.68639409e+02 -2.52232756e+02  2.98e-02 8.95e-15  2.27e-03    44s
  11   6.08186466e+02  2.60860144e+02  1.04e-02 7.97e-15  8.54e-04    45s
  12   5.84350096e+02  3.78230083e+02  6.45e-03 6.25e-15  5.07e-04    46s
  13   5.87796157e+02  4.40772016e+02  5.70e-03 6.92e-15  3.61e-04    48s
  14   5.63439156e+02  5.60703819e+02  1.98e-05 3.12e-15  6.69e-06    49s
  15   5.62700743e+02  5.62697977e+02  5.85e-11 2.97e-15  6.77e-09    50s
  16   5.62700001e+02  5.62699998e+02  9.47e-12 1.69e-15  6.77e-12    51s

Barrier solved model in 16 iterations and 51.38 seconds (24.23 work units)
Optimal objective 5.62700001e+02


Root crossover log...

    9655 DPushes remaining with DInf 0.0000000e+00                52s
       0 DPushes remaining with DInf 0.0000000e+00                52s

   60025 PPushes remaining with PInf 0.0000000e+00                52s
   13496 PPushes remaining with PInf 0.0000000e+00                56s
       0 PPushes remaining with PInf 0.0000000e+00                57s

  Push phase complete: Pinf 0.0000000e+00, Dinf 9.1870955e-15     57s


Root simplex log...

Iteration    Objective       Primal Inf.    Dual Inf.      Time
   69683    5.6270000e+02   0.000000e+00   0.000000e+00     58s
Crossover time: 6.18 seconds (2.80 work units)
Concurrent spin time: 0.02s

Solved with barrier

Root relaxation: objective 5.627000e+02, 69683 iterations, 34.87 seconds (13.64 work units)

    Nodes    |    Current Node    |     Objective Bounds      |     Work
 Expl Unexpl |  Obj  Depth IntInf | Incumbent    BestBd   Gap | It/Node Time

     0     0  562.70000    0 10511          -  562.70000      -     -  135s
     0     0  562.70000    0 10657          -  562.70000      -     -  138s
     0     0  562.70000    0 16586          -  562.70000      -     -  181s
     0     0  562.70000    0 14168          -  562.70000      -     -  201s
     0     0  562.70000    0 15895          -  562.70000      -     -  240s
     0     0  562.70000    0 15895          -  562.70000      -     -  241s
     0     0  562.70000    0 7112          -  562.70000      -     -  329s
     0     0  562.70000    0 10646          -  562.70000      -     -  351s
     0     0  562.70000    0 7314          -  562.70000      -     -  356s
     0     0  562.70000    0 7316          -  562.70000      -     -  358s
     0     0  562.70000    0 7289          -  562.70000      -     -  358s
     0     0  562.70000    0 7289          -  562.70000      -     -  359s
     0     0  569.12626    0 7848          -  569.12626      -     - 1272s
     0     0  584.99804    0 17695          -  584.99804      -     - 1624s
     0     0  584.99879    0 18515          -  584.99879      -     - 1656s
     0     0  590.05140    0 21444          -  590.05140      -     - 1748s
     0     0  590.06258    0 21480          -  590.06258      -     - 1770s
     0     0  590.06258    0 21441          -  590.06258      -     - 1771s
     0     0  591.34967    0 22926          -  591.34967      -     - 1804s
     0     0  591.78057    0 26331          -  591.78057      -     - 1851s
     0     0  591.78060    0 25587          -  591.78060      -     - 1865s
     0     0  591.78060    0 25663          -  591.78060      -     - 1867s
     0     0  596.38276    0 27009          -  596.38276      -     - 2024s
     0     0  597.34922    0 24029          -  597.34922      -     - 2031s
     0     0  597.60252    0 26217          -  597.60252      -     - 2046s
     0     0  597.62988    0 23336          -  597.62988      -     - 2049s
     0     0  597.63277    0 23373          -  597.63277      -     - 2051s
     0     0  615.87613    0 24233          -  615.87613      -     - 2275s
     0     0  616.42921    0 20371          -  616.42921      -     - 2296s
     0     0  616.44374    0 23565          -  616.44374      -     - 2300s
     0     0  616.44374    0 23422          -  616.44374      -     - 2302s
     0     0  617.39511    0 26122          -  617.39511      -     - 2359s
     0     0  618.35558    0 28501          -  618.35558      -     - 2403s
     0     0  618.55241    0 23144          -  618.55241      -     - 2412s
     0     0  618.56890    0 28338          -  618.56890      -     - 2421s
     0     0  618.56893    0 28549          -  618.56893      -     - 2423s
     0     0  619.03499    0 29820          -  619.03499      -     - 2468s
     0     0  619.14758    0 31337          -  619.14758      -     - 2640s
     0     0  619.17794    0 28645          -  619.17794      -     - 2650s
     0     0  619.17794    0 28646          -  619.17794      -     - 2654s
     0     0  619.63391    0 30660          -  619.63391      -     - 2727s
     0     0  619.63391    0 30660          -  619.63391      -     - 2727s
     0     0  619.66027    0 27716          -  619.66027      -     - 2734s
     0     0  619.66330    0 28207          -  619.66330      -     - 2737s
     0     0  622.28795    0 20063          -  622.28795      -     - 2825s
     0     0  622.54291    0 23419          -  622.54291      -     - 2860s
     0     0  622.54291    0 23398          -  622.54291      -     - 2861s
     0     0  622.60296    0 22648          -  622.60296      -     - 2870s
     0     0  622.60457    0 22569          -  622.60457      -     - 2873s
     0     0  624.83947    0 24279          -  624.83947      -     - 2941s
     0     0  625.15664    0 23596          -  625.15664      -     - 2953s
     0     0  625.16448    0 23675          -  625.16448      -     - 2956s
     0     0  626.11128    0 24405          -  626.11128      -     - 2994s
     0     0  626.66685    0 24496          -  626.66685      -     - 3012s
     0     0  626.71889    0 26877          -  626.71889      -     - 3021s
     0     0  626.73262    0 24942          -  626.73262      -     - 3027s
     0     0  626.74234    0 22677          -  626.74234      -     - 3031s
     0     0  627.86321    0 21827          -  627.86321      -     - 3087s
     0     0  627.90784    0 23090          -  627.90784      -     - 3097s
     0     0  627.91913    0 18833          -  627.91913      -     - 3101s
     0     0  627.92332    0 23220          -  627.92332      -     - 3104s
     0     0  628.92190    0 23869          -  628.92190      -     - 3156s
     0     0  629.19459    0 17615          -  629.19459      -     - 3205s
     0     0  629.42162    0 17823          -  629.42162      -     - 3220s
     0     0  629.43049    0 15979          -  629.43049      -     - 3223s
     0     0  630.52483    0 22532          -  630.52483      -     - 3293s
     0     0  630.59937    0 20930          -  630.59937      -     - 3301s
     0     0  630.59974    0 22575          -  630.59974      -     - 3304s
     0     0  632.35568    0 21606          -  632.35568      -     - 3362s
     0     0  632.51888    0 21490          -  632.51888      -     - 3369s
     0     0  632.74923    0 22865          -  632.74923      -     - 3378s
     0     0  632.77321    0 22644          -  632.77321      -     - 3383s
     0     0  632.77544    0 22792          -  632.77544      -     - 3387s
     0     0  633.74160    0 21760          -  633.74160      -     - 3453s
     0     0  633.86274    0 25431          -  633.86274      -     - 3481s
     0     0  633.88230    0 24623          -  633.88230      -     - 3500s
     0     0  633.88426    0 23617          -  633.88426      -     - 3502s
     0     0  634.48683    0 18293          -  634.48683      -     - 3546s
     0     0  634.57451    0 24759          -  634.57451      -     - 3586s
     0     0  634.75471    0 22837          -  634.75471      -     - 3602s
     0     0  634.75476    0 21179          -  634.75476      -     - 3610s
     0     0  635.09558    0 26763          -  635.09558      -     - 3691s
     0     0  635.16544    0 24151          -  635.16544      -     - 3706s
     0     0  635.17633    0 25970          -  635.17633      -     - 3711s
     0     0  635.55229    0 25698          -  635.55229      -     - 3747s
     0     0  635.58021    0 25472          -  635.58021      -     - 3753s
     0     0  635.59125    0 28469          -  635.59125      -     - 3762s
     0     0  635.84370    0 20744          -  635.84370      -     - 3790s
     0     0  635.92080    0 25997          -  635.92080      -     - 3808s
     0     0  636.06805    0 22960          -  636.06805      -     - 3818s
     0     0  636.06833    0 22878          -  636.06833      -     - 3820s
     0     0  636.22309    0 25268          -  636.22309      -     - 3851s
     0     0  636.22777    0 25621          -  636.22777      -     - 3858s
     0     0  636.97318    0 25609          -  636.97318      -     - 3943s
     0     0  636.97318    0 25608          -  636.97318      -     - 3943s
     0     0  636.99856    0 20729          -  636.99856      -     - 3963s
     0     0  637.02253    0 22047          -  637.02253      -     - 3983s
     0     0  637.02713    0 19875          -  637.02713      -     - 3987s
     0     0  637.72601    0 19214          -  637.72601      -     - 4041s
     0     0  637.79046    0 18374          -  637.79046      -     - 4068s
     0     0  637.85715    0 23643          -  637.85715      -     - 4147s
     0     0  637.91024    0 20285          -  637.91024      -     - 4165s
     0     0  637.91956    0 25510          -  637.91956      -     - 4179s
     0     0  638.13524    0 26147          -  638.13524      -     - 4229s
     0     0  638.18093    0 26604          -  638.18093      -     - 4242s
     0     0  638.20182    0 26780          -  638.20182      -     - 4257s
     0     0  638.20629    0 27964          -  638.20629      -     - 4292s
     0     0  638.73010    0 21311          -  638.73010      -     - 4402s
     0     0  638.75374    0 25349          -  638.75374      -     - 4445s
     0     0  638.75675    0 24384          -  638.75675      -     - 4453s
     0     0  638.96268    0 24777          -  638.96268      -     - 4485s
     0     0  638.97477    0 26544          -  638.97477      -     - 4497s
     0     0  638.99418    0 26194          -  638.99418      -     - 4525s
     0     0  639.00438    0 21276          -  639.00438      -     - 4541s
     0     0  639.04562    0 27043          -  639.04562      -     - 4570s
     0     0  639.04562    0 27043          -  639.04562      -     - 4592s
     0     0  639.04562    0 4970          -  639.04562      -     - 4729s
     0     2  639.04562    0 4756          -  639.04562      -     - 4896s
     1     4  651.37541    1 7499          -  639.08442      - 22133 5001s
     2     7  671.73021    2 11050          -  639.08442      - 14718 5045s
     5    10  671.84668    3 8612          -  639.22629      -  7848 5109s
     9    15  671.90326    4 8654          -  639.39384      -  6670 5174s
    14    16  672.11187    5 8165          -  639.39898      -  5128 5222s
    15    19  673.08755    6 10837          -  639.39898      -  5182 5285s
    18    20  674.76099    6 11886          -  639.39898      -  5516 5344s
    21    24  673.39717    7 12399          -  639.39898      -  5045 5401s
    25    30  674.92276    8 13908          -  639.39898      -  4867 5472s
    31    36  678.09943    9 9472          -  639.39898      -  5098 5532s
    37    38 infeasible   11               -  639.39898      -  4636 5587s
    43    44  688.01278   13 10698          -  639.39898      -  4335 5644s
    49    53  688.28299   16 8648          -  639.39898      -  4062 5689s
    58    58  688.69404   18 11783          -  639.39898      -  3985 5827s
    63    67  688.69906   19 11775          -  639.39898      -  3932 5890s
    72    75  688.89139   24 11286          -  639.39898      -  3647 5924s
    80    80  689.53016   29 10098          -  639.39898      -  3461 5987s
    85    90  688.98825   29 8992          -  639.39898      -  3372 6030s
    95    97  695.67745   32 11777          -  639.39898      -  3249 6060s
   102   111  689.69396   33 10623          -  639.39898      -  3232 6095s
   116   122  689.78630   39 12058          -  639.39898      -  2923 6147s
   127   135  689.91374   45 11384          -  639.39898      -  2827 6204s
   140   148  690.24850   47 10882          -  639.39898      -  2729 6252s
   153   155  662.99032   25 7490          -  639.39898      -  2608 6298s
   160   171  692.23338   49 9482          -  639.39898      -  2596 6348s
   176   190  697.11021   53 9047          -  639.39898      -  2479 6410s
   195   207  697.58784   60 10441          -  639.39898      -  2344 6481s
   214   225 infeasible   64               -  639.39898      -  2250 6544s
   236   245  701.37646   74 10857          -  639.39898      -  2135 6607s
   256   260  701.50118   83 10784          -  639.39898      -  2078 6878s
   273   264  702.69556   91 10490          -  639.39898      -  2021 7200s

Cutting planes:
  Learned: 5
  Gomory: 1
  Cover: 67
  Implied bound: 1576
  Clique: 199
  MIR: 86
  StrongCG: 14
  Flow cover: 11
  GUB cover: 458
  Zero half: 1
  RLT: 51
  Relax-and-lift: 2278

Explored 277 nodes (1236556 simplex iterations) in 7200.42 seconds (4846.84 work units)
Thread count was 4 (of 8 available processors)

Solution count 0

Time limit reached
Best objective -, best bound 6.394000000000e+02, gap -
