
Gurobi 13.0.2 (linux64) logging started Fri Jul  3 15:57:10 2026

Set parameter LogFile to value "src/Resultados/Restriccion demanda/logs/R110-50.xml_log.log"
Set parameter Threads to value 4
Gurobi Optimizer version 13.0.2 build v13.0.2rc1 (linux64 - "Rocky Linux 9.7 (Blue Onyx)")

CPU model: QEMU Virtual CPU version 2.5+, instruction set [SSE2]
Thread count: 8 physical cores, 8 logical processors, using up to 4 threads

Non-default parameters:
TimeLimit  7200
Threads  4

Optimize a model with 241734 rows, 152085 columns and 4480950 nonzeros (Min)
Model fingerprint: 0x51e697b4
Model has 35010 linear objective coefficients
Variable types: 29430 continuous, 122655 integer (122640 binary)
Coefficient statistics:
  Matrix range     [1e+00, 4e+04]
  Objective range  [4e+00, 6e+01]
  Bounds range     [1e+00, 2e+03]
  RHS range        [1e+00, 4e+04]

Presolve removed 57820 rows and 330 columns (presolve time = 5s)...
Presolve removed 72000 rows and 420 columns (presolve time = 10s)...
Presolve removed 72105 rows and 510 columns (presolve time = 15s)...
Presolve removed 72000 rows and 405 columns
Presolve time: 15.52s
Presolved: 169734 rows, 151680 columns, 851115 nonzeros
Variable types: 750 continuous, 150930 integer (135075 binary)
Deterministic concurrent LP optimizer: primal simplex, dual simplex, and barrier
Showing barrier log only...

Root barrier log...

Elapsed ordering time = 5s
Ordering time: 5.35s

Barrier statistics:
 Dense cols : 30
 AA' NZ     : 4.128e+06
 Factor NZ  : 2.275e+07 (roughly 300 MB of memory)
 Factor Ops : 1.488e+10 (roughly 2 seconds per iteration)
 Threads    : 1

                  Objective                Residual
Iter       Primal          Dual         Primal    Dual     Compl     Time
   0   3.19660089e+06 -2.22645445e+06  1.83e+05 2.22e-16  1.77e+02    34s
   1   1.37314657e+06 -2.61238138e+06  7.92e+04 6.88e-01  7.60e+01    36s
   2   5.28833569e+05 -3.01677162e+06  3.05e+04 1.42e-01  3.27e+01    38s
   3   9.92760754e+04 -1.62520856e+06  5.76e+03 1.67e-04  7.93e+00    40s
   4   9.22321685e+03 -2.18696493e+05  4.51e+02 1.25e-04  7.82e-01    42s
   5   3.19993719e+03 -6.50501677e+04  1.06e+02 2.85e-05  2.06e-01    45s
   6   1.37529389e+03 -5.99475134e+03  6.59e+00 1.60e-06  1.98e-02    47s
   7   1.03019839e+03 -3.06877535e+03  2.86e+00 9.36e-07  1.07e-02    50s
   8   6.27645446e+02  3.70861186e+00  4.03e-01 1.12e-07  1.63e-03    52s
   9   5.06530113e+02  4.37395098e+02  8.01e-03 3.49e-09  1.68e-04    55s
  10   4.99227962e+02  4.97585830e+02  5.75e-06 3.89e-13  3.95e-06    59s
  11   4.99000229e+02  4.98998586e+02  1.40e-11 6.66e-16  3.95e-09    62s
  12   4.99000000e+02  4.98999999e+02  6.59e-11 1.45e-15  3.95e-12    64s

Barrier solved model in 12 iterations and 64.46 seconds (36.87 work units)
Optimal objective 4.99000000e+02


Root crossover log...

   10817 DPushes remaining with DInf 0.0000000e+00                65s
       0 DPushes remaining with DInf 0.0000000e+00                66s

   60054 PPushes remaining with PInf 0.0000000e+00                66s
   13180 PPushes remaining with PInf 0.0000000e+00                71s
       0 PPushes remaining with PInf 0.0000000e+00                72s

  Push phase complete: Pinf 0.0000000e+00, Dinf 3.0239700e-14     72s


Root simplex log...

Iteration    Objective       Primal Inf.    Dual Inf.      Time
   70874    4.9900000e+02   0.000000e+00   0.000000e+00     73s
Crossover time: 8.36 seconds (2.59 work units)
Concurrent spin time: 0.44s

Solved with barrier

Root relaxation: objective 4.990000e+02, 70874 iterations, 53.60 seconds (25.39 work units)

    Nodes    |    Current Node    |     Objective Bounds      |     Work
 Expl Unexpl |  Obj  Depth IntInf | Incumbent    BestBd   Gap | It/Node Time

     0     0  499.00000    0 9209          -  499.00000      -     -  118s
     0     0  499.00000    0 8120          -  499.00000      -     -  120s
     0     0  499.00000    0 15433          -  499.00000      -     -  149s
     0     0  499.00000    0 15536          -  499.00000      -     -  157s
     0     0  499.00000    0 19537          -  499.00000      -     -  188s
     0     0  499.00000    0 19537          -  499.00000      -     -  188s
     0     0  499.00000    0 5160          -  499.00000      -     -  221s
     0     0  499.00000    0 7104          -  499.00000      -     -  234s
     0     0  499.00000    0 7104          -  499.00000      -     -  239s
     0     0  499.00000    0 10531          -  499.00000      -     -  270s
     0     0  499.00000    0 10531          -  499.00000      -     -  270s
     0     0  499.00000    0 3392          -  499.00000      -     -  365s
     0     0  499.00000    0 13875          -  499.00000      -     -  418s
     0     0  499.00000    0 13875          -  499.00000      -     -  418s
     0     0  499.00000    0 4897          -  499.00000      -     -  466s
     0     0  499.00000    0 4933          -  499.00000      -     -  475s
     0     0  499.00000    0 8544          -  499.00000      -     -  512s
     0     0  499.00000    0 8544          -  499.00000      -     -  512s
     0     0  499.00000    0 2754          -  499.00000      -     -  545s
     0     0  499.00000    0 2725          -  499.00000      -     -  555s
     0     0  499.00000    0 2720          -  499.00000      -     -  556s
     0     0  499.38370    0 9470          -  499.38370      -     -  617s
     0     0  499.38370    0 9470          -  499.38370      -     -  617s
     0     0  499.38370    0 5701          -  499.38370      -     -  683s
     0     0  499.38972    0 5978          -  499.38972      -     -  698s
     0     0  499.38972    0 8606          -  499.38972      -     -  711s
     0     0  501.00417    0 6589          -  501.00417      -     -  730s
     0     0  501.00417    0 6589          -  501.00417      -     -  735s
     0     0  501.64169    0 8149          -  501.64169      -     -  753s
     0     0  501.84353    0 8610          -  501.84353      -     -  996s
     0     0  501.84353    0 8480          -  501.84353      -     -  997s
     0     0  506.08502    0 12314          -  506.08502      -     - 1011s
     0     0  507.05793    0 13859          -  507.05793      -     - 1020s
     0     0  507.05793    0 12126          -  507.05793      -     - 1021s
     0     0  507.86677    0 14342          -  507.86677      -     - 1053s
     0     0  507.86677    0 14507          -  507.86677      -     - 1074s
     0     0  507.94660    0 14059          -  507.94660      -     - 1100s
     0     0  507.94660    0 13160          -  507.94660      -     - 1110s
     0     0  507.94660    0 16641          -  507.94660      -     - 1130s
     0     0  508.01638    0 14926          -  508.01638      -     - 1142s
     0     0  508.11395    0 13907          -  508.11395      -     - 1154s
     0     0  508.11446    0 14202          -  508.11446      -     - 1159s
     0     0  510.01921    0 13763          -  510.01921      -     - 1205s
     0     0  510.01921    0 13763          -  510.01921      -     - 1205s
     0     0  510.01921    0 4780          -  510.01921      -     - 1292s
     0     0  510.07099    0 8672          -  510.07099      -     - 1316s
     0     0  510.07099    0 8562          -  510.07099      -     - 1317s
     0     0  510.07099    0 8720          -  510.07099      -     - 1326s
     0     0  510.40234    0 10220          -  510.40234      -     - 1353s
     0     0  510.40234    0 10689          -  510.40234      -     - 1361s
     0     0  511.27928    0 9589          -  511.27928      -     - 1378s
     0     0  511.28227    0 11314          -  511.28227      -     - 1388s
     0     0  511.28227    0 7657          -  511.28227      -     - 1393s
     0     0  511.65473    0 10374          -  511.65473      -     - 1415s
     0     0  511.65473    0 9970          -  511.65473      -     - 1430s
     0     0  511.65473    0 10198          -  511.65473      -     - 1431s
     0     0  511.71583    0 12805          -  511.71583      -     - 1445s
     0     0  511.71583    0 12796          -  511.71583      -     - 1446s
     0     0  511.78596    0 9491          -  511.78596      -     - 1465s
     0     0  511.78596    0 10999          -  511.78596      -     - 1472s
     0     0  512.89674    0 8217          -  512.89674      -     - 1495s
     0     0  517.05992    0 9188          -  517.05992      -     - 1511s
     0     0  517.07255    0 8837          -  517.07255      -     - 1518s
     0     0  517.10802    0 8981          -  517.10802      -     - 1527s
     0     0  517.10802    0 11048          -  517.10802      -     - 1543s
     0     0  517.10802    0 11530          -  517.10802      -     - 1544s
     0     0  517.36668    0 11281          -  517.36668      -     - 1564s
     0     0  517.37004    0 11755          -  517.37004      -     - 1585s
     0     0  517.52056    0 11970          -  517.52056      -     - 1605s
     0     0  517.52496    0 14408          -  517.52496      -     - 1621s
     0     0  517.53639    0 14975          -  517.53639      -     - 1633s
     0     0  517.53639    0 13077          -  517.53639      -     - 1651s
     0     0  517.61223    0 15317          -  517.61223      -     - 1673s
     0     0  517.61808    0 13402          -  517.61808      -     - 1679s
     0     0  517.61837    0 13307          -  517.61837      -     - 1680s
     0     0  518.24091    0 14739          -  518.24091      -     - 1698s
     0     0  518.28090    0 13354          -  518.28090      -     - 1702s
     0     0  518.30200    0 13764          -  518.30200      -     - 1703s
     0     0  518.30201    0 14145          -  518.30201      -     - 1703s
     0     0  518.64149    0 14760          -  518.64149      -     - 1718s
     0     0  518.64149    0 13975          -  518.64149      -     - 1726s
     0     0  518.82277    0 14689          -  518.82277      -     - 1752s
     0     0  518.82277    0 13924          -  518.82277      -     - 1760s
     0     0  518.84293    0 13274          -  518.84293      -     - 1781s
     0     0  518.84293    0 12948          -  518.84293      -     - 1793s
     0     0  518.97037    0 14042          -  518.97037      -     - 1813s
     0     0  519.23773    0 13599          -  519.23773      -     - 1825s
     0     0  519.27610    0 13618          -  519.27610      -     - 1834s
     0     0  519.27610    0 13931          -  519.27610      -     - 1846s
     0     0  519.97660    0 15854          -  519.97660      -     - 1869s
     0     0  519.98030    0 15351          -  519.98030      -     - 1885s
     0     0  520.04399    0 14079          -  520.04399      -     - 1909s
     0     0  520.12856    0 16088          -  520.12856      -     - 1918s
     0     0  520.12856    0 11851          -  520.12856      -     - 1939s
     0     0  520.12856    0 11327          -  520.12856      -     - 1961s
     0     0  520.12856    0 11741          -  520.12856      -     - 1982s
     0     0  520.32676    0 13089          -  520.32676      -     - 2010s
     0     0  520.48167    0 10738          -  520.48167      -     - 2023s
     0     0  520.48167    0 11592          -  520.48167      -     - 2025s
     0     0  520.69369    0 12912          -  520.69369      -     - 2048s
     0     0  520.72177    0 13079          -  520.72177      -     - 2060s
     0     0  520.72532    0 14600          -  520.72532      -     - 2063s
     0     0  520.72532    0 13389          -  520.72532      -     - 2086s
     0     0  520.72532    0 13389          -  520.72532      -     - 2093s
     0     0  520.72532    0 5351          -  520.72532      -     - 2186s
     0     2  520.72532    0 5088          -  520.72532      -     - 2269s
     1     4  520.89480    1 5199          -  520.72532      -  1385 2309s
     3     8  520.89480    2 5579          -  520.89480      -  3675 2328s
     7    12  520.89480    3 5495          -  520.89480      -  2626 2336s
    11    17  520.89736    4 5993          -  520.89480      -  2090 2349s
    16    20  526.92226    5 6180          -  520.89480      -  1769 2370s
    19    25  520.89736    5 5971          -  520.89480      -  1847 2387s
    26    33  521.38370    7 6016          -  520.89480      -  1814 2398s
    36    42  521.45686   11 6021          -  520.89480      -  1518 2408s
    45    47  521.50730   13 6121          -  520.89480      -  1423 2421s
    52    53  521.50730   14 6084          -  520.89480      -  1352 2433s
    58    64  521.50730   16 5904          -  520.89480      -  1336 2443s
    69    74  521.75105   18 5994          -  520.89480      -  1212 2475s
    79    79  521.75105   23 5804          -  520.89480      -  1126 2486s
    88    83  524.94927   24 5439          -  520.89480      -  1102 2502s
    92    90  521.93680   25 6701          -  520.89480      -  1143 2513s
    99    93  525.20284   25 6141          -  520.89480      -  1129 2532s
   102    98  521.93680   26 6172          -  520.89480      -  1159 2539s
   107   105  521.93680   27 6575          -  520.89480      -  1181 2551s
   114   114  521.93680   28 6359          -  520.89480      -  1179 2572s
   123   122  522.11181   30 6222          -  520.89480      -  1177 2585s
   131   136  522.11224   31 5802          -  520.89480      -  1154 2597s
   145   152  522.13215   35 6293          -  520.89480      -  1082 2607s
   161   165  522.36059   42 6116          -  520.89480      -  1006 2620s
   174   169  522.36059   44 7308          -  520.89480      -   976 2647s
   180   181  522.37813   45 6159          -  520.89480      -   961 2659s
   192   185  522.37813   46 5782          -  520.89480      -   951 2674s
   196   190  522.37813   47 5783          -  520.89480      -   941 2965s
   201   194  522.37813   48 5482          -  520.89480      -   939 3252s
   205   198  522.64480   49 5512          -  520.89480      -   940 3652s
   209   202  522.64480   50 4977          -  520.89480      -   939 4082s
   213   206  522.75420   51 5840          -  520.89480      -   955 4519s
   217   210  522.76012   52 5446          -  520.89480      -   950 4952s
   221   214  522.76012   53 5782          -  520.89480      -   938 5367s
   225   218  522.76603   54 5782          -  520.89480      -   930 5724s
   229   246  522.77076   55 5766          -  520.89480      -   917 5828s
   259   274  522.77195   56 5779          -  520.89480      -   848 5867s
   289   278  522.93146   57 5431          -  520.89480      -   830 5895s
   293   282  522.95313   58 5968          -  520.89480      -   830 5924s
   297   286  523.07813   59 6632          -  520.89480      -   826 5948s
   301   289  523.10313   60 6449          -  520.89480      -   818 5984s
   306   293  523.15313   61 6444          -  520.89480      -   819 6007s
   310   297  523.15591   62 6168          -  520.89480      -   810 6031s
   314   301  523.15591   63 6900          -  520.89480      -   814 6061s
   318   305  523.15591   64 8389          -  520.89480      -   806 6095s
   322   308  523.18480   65 7002          -  520.89480      -   801 6125s
   326   312  523.21752   66 6713          -  520.89480      -   794 6151s
   330   316  523.21752   67 7036          -  520.89480      -   791 6178s
   334   320  523.31146   68 6379          -  520.89480      -   789 6218s
   338   324  523.31146   69 6379          -  520.89480      -   780 6338s
   342   328  523.32480   70 7357          -  520.89480      -   776 6371s
   346   332  523.32480   71 7356          -  520.89480      -   771 6401s
   350   336  523.37813   72 6832          -  520.89480      -   767 6490s
   354   340  523.37813   73 6310          -  520.89480      -   768 6681s
   358   345  523.37813   74 6670          -  520.89480      -   764 6992s
   363   358  523.88480   75 7186          -  520.89480      -   774 7034s
   376   382  525.43973   75 7298          -  520.89480      -   795 7079s
   400   411  523.88480   76 7749          -  520.89480      -   777 7137s
   429   443  531.97569   77 8725          -  520.89480      -   771 7200s

Cutting planes:
  Gomory: 4
  Cover: 142
  Implied bound: 190
  Clique: 415
  MIR: 117
  StrongCG: 21
  Flow cover: 27
  GUB cover: 28
  Zero half: 21
  RLT: 386
  Relax-and-lift: 259
  BQP: 1

Explored 463 nodes (874447 simplex iterations) in 7200.62 seconds (5542.79 work units)
Thread count was 4 (of 8 available processors)

Solution count 0

Time limit reached
Best objective -, best bound 5.209000000000e+02, gap -
