
Gurobi 13.0.2 (linux64) logging started Fri Jul  3 20:00:07 2026

Set parameter LogFile to value "src/Resultados/Restriccion demanda/logs/R111-50.xml_log.log"
Set parameter Threads to value 4
Gurobi Optimizer version 13.0.2 build v13.0.2rc1 (linux64 - "Rocky Linux 9.7 (Blue Onyx)")

CPU model: QEMU Virtual CPU version 2.5+, instruction set [SSE2]
Thread count: 8 physical cores, 8 logical processors, using up to 4 threads

Non-default parameters:
TimeLimit  7200
Threads  4

Optimize a model with 244854 rows, 155205 columns and 4824150 nonzeros (Min)
Model fingerprint: 0x5b51cb70
Model has 38130 linear objective coefficients
Variable types: 29430 continuous, 125775 integer (125760 binary)
Coefficient statistics:
  Matrix range     [1e+00, 4e+04]
  Objective range  [4e+00, 6e+01]
  Bounds range     [1e+00, 2e+03]
  RHS range        [1e+00, 4e+04]

Presolve removed 57610 rows and 120 columns (presolve time = 5s)...
Presolve removed 71850 rows and 420 columns (presolve time = 10s)...
Presolve removed 72045 rows and 510 columns (presolve time = 15s)...
Presolve removed 71925 rows and 390 columns
Presolve time: 16.37s
Presolved: 172929 rows, 154815 columns, 876795 nonzeros
Variable types: 750 continuous, 154065 integer (138210 binary)
Deterministic concurrent LP optimizer: primal simplex, dual simplex, and barrier
Showing barrier log only...

Root barrier log...

Ordering time: 4.93s

Barrier statistics:
 Dense cols : 75
 AA' NZ     : 4.343e+06
 Factor NZ  : 2.052e+07 (roughly 300 MB of memory)
 Factor Ops : 1.206e+10 (roughly 2 seconds per iteration)
 Threads    : 1

                  Objective                Residual
Iter       Primal          Dual         Primal    Dual     Compl     Time
   0   3.59210974e+06 -2.37122549e+06  1.83e+05 2.22e-16  1.82e+02    35s
   1   1.52995303e+06 -2.81898245e+06  7.87e+04 7.04e-01  7.76e+01    37s
   2   5.53220647e+05 -3.70715765e+06  2.85e+04 1.99e-02  3.37e+01    38s
   3   1.43130510e+05 -2.71208228e+06  7.32e+03 9.84e-03  1.22e+01    40s
   4   2.17130784e+04 -3.73630518e+05  1.04e+03 1.22e-04  1.53e+00    45s
   5   3.90984230e+03 -1.06348707e+05  1.24e+02 2.47e-05  3.14e-01    47s
   6   1.53073963e+03 -2.13286875e+04  9.37e+00 4.27e-06  5.75e-02    50s
   7   1.13546925e+03 -8.68789178e+03  2.21e+00 1.78e-06  2.39e-02    53s
   8   8.90094536e+02 -4.62178728e+03  9.51e-01 9.92e-07  1.34e-02    56s
   9   6.18704499e+02 -2.55646128e+02  1.51e-01 1.22e-07  2.12e-03    60s
  10   5.36496843e+02  2.60179748e+02  5.11e-02 3.25e-08  6.71e-04    62s
  11   4.98855422e+02  4.87873751e+02  4.70e-04 6.62e-11  2.58e-05    65s
  12   4.96608386e+02  4.96520672e+02  2.59e-11 1.46e-13  2.06e-07    67s
  13   4.96600008e+02  4.96599921e+02  7.46e-12 8.88e-16  2.06e-10    70s
  14   4.96600000e+02  4.96600000e+02  3.12e-10 8.88e-16  2.06e-13    72s

Barrier solved model in 14 iterations and 72.11 seconds (37.15 work units)
Optimal objective 4.96600000e+02


Root crossover log...

    9761 DPushes remaining with DInf 0.0000000e+00                72s
       0 DPushes remaining with DInf 0.0000000e+00                73s

   60110 PPushes remaining with PInf 0.0000000e+00                73s
   21658 PPushes remaining with PInf 0.0000000e+00                75s
       0 PPushes remaining with PInf 0.0000000e+00                78s

  Push phase complete: Pinf 0.0000000e+00, Dinf 6.5780714e-15     78s


Root simplex log...

Iteration    Objective       Primal Inf.    Dual Inf.      Time
   69874    4.9660000e+02   0.000000e+00   0.000000e+00     78s
Crossover time: 6.34 seconds (3.73 work units)
Concurrent spin time: 0.01s

Solved with barrier

Root relaxation: objective 4.966000e+02, 69874 iterations, 57.61 seconds (25.86 work units)

    Nodes    |    Current Node    |     Objective Bounds      |     Work
 Expl Unexpl |  Obj  Depth IntInf | Incumbent    BestBd   Gap | It/Node Time

     0     0  496.60000    0 8711          -  496.60000      -     -  134s
     0     0  496.60000    0 8705          -  496.60000      -     -  158s
     0     0  496.60000    0 8705          -  496.60000      -     -  160s
     0     0  496.60000    0 8705          -  496.60000      -     -  171s
     0     0  496.60000    0 7036          -  496.60000      -     -  194s
     0     0  496.60000    0 7036          -  496.60000      -     -  194s
     0     0  496.60000    0 3253          -  496.60000      -     -  228s
     0     0  496.60000    0 3473          -  496.60000      -     -  239s
     0     0  496.60000    0 3015          -  496.60000      -     -  241s
     0     0  496.60000    0 3015          -  496.60000      -     -  241s
     0     0  501.84190    0 2929          -  501.84190      -     -  266s
     0     0  501.84190    0 2933          -  501.84190      -     -  267s
     0     0  501.84190    0 2624          -  501.84190      -     -  300s
     0     0  501.84190    0 5935          -  501.84190      -     -  347s
     0     0  501.84190    0 6131          -  501.84190      -     -  348s
     0     0  501.84190    0 8490          -  501.84190      -     -  385s
     0     0  501.84190    0 8489          -  501.84190      -     -  399s
     0     0  501.84190    0 13808          -  501.84190      -     -  431s
     0     0  501.84190    0 13808          -  501.84190      -     -  431s
     0     0  501.84190    0 8129          -  501.84190      -     -  542s
     0     0  501.84190    0 8124          -  501.84190      -     -  562s
     0     0  501.84190    0 6571          -  501.84190      -     -  565s
     0     0  501.84190    0 6571          -  501.84190      -     -  565s
     0     0  501.84190    0 6571          -  501.84190      -     -  566s
     0     0  501.84190    0 6571          -  501.84190      -     -  566s
     0     0  501.84190    0 6926          -  501.84190      -     -  566s
     0     0  501.84190    0 7907          -  501.84190      -     -  585s
     0     0  501.84190    0 7907          -  501.84190      -     -  585s
     0     0  501.84190    0 3850          -  501.84190      -     -  612s
     0     0  501.84190    0 5530          -  501.84190      -     -  639s
     0     0  501.84190    0 5532          -  501.84190      -     -  641s
     0     0  501.92137    0 9698          -  501.92137      -     -  675s
     0     0  501.92137    0 9698          -  501.92137      -     -  675s
     0     0  501.92137    0 3607          -  501.92137      -     -  730s
     0     0  501.92137    0 3606          -  501.92137      -     -  749s
     0     0  501.92137    0 3730          -  501.92137      -     -  749s
     0     0  502.49009    0 5939          -  502.49009      -     -  769s
     0     0  502.49009    0 6280          -  502.49009      -     -  772s
     0     0  502.49009    0 7340          -  502.49009      -     -  790s
     0     0  502.81599    0 9196          -  502.81599      -     -  809s
     0     0  503.00064    0 9638          -  503.00064      -     -  823s
     0     0  503.01130    0 11537          -  503.01130      -     -  827s
     0     0  503.01130    0 11206          -  503.01130      -     -  829s
     0     0  503.37943    0 11392          -  503.37943      -     -  842s
     0     0  503.37943    0 11569          -  503.37943      -     -  857s
     0     0  503.44360    0 12634          -  503.44360      -     -  872s
     0     0  505.50354    0 14142          -  505.50354      -     -  891s
     0     0  507.46374    0 13433          -  507.46374      -     -  895s
     0     0  507.46492    0 12914          -  507.46492      -     -  896s
     0     0  507.46574    0 12882          -  507.46574      -     -  898s
     0     0  515.34998    0 11629          -  515.34998      -     -  915s
     0     0  515.37527    0 12638          -  515.37527      -     -  933s
     0     0  515.37527    0 11625          -  515.37527      -     -  937s
     0     0  516.14427    0 10434          -  516.14427      -     -  953s
     0     0  516.24517    0 9917          -  516.24517      -     -  970s
     0     0  516.24909    0 10028          -  516.24909      -     -  972s
     0     0  516.26284    0 10039          -  516.26284      -     -  973s
     0     0  516.26663    0 10038          -  516.26663      -     -  974s
     0     0  516.26664    0 10079          -  516.26664      -     -  976s
     0     0  517.16570    0 11245          -  517.16570      -     -  994s
     0     0  517.16570    0 11245          -  517.16570      -     -  994s
     0     0  517.16570    0 12893          -  517.16570      -     - 1271s
     0     0  517.21531    0 10294          -  517.21531      -     - 1297s
     0     0  517.21531    0 10381          -  517.21531      -     - 1299s
     0     0  517.23743    0 10016          -  517.23743      -     - 1311s
     0     0  517.23743    0 9497          -  517.23743      -     - 1312s
     0     0  517.23743    0 9497          -  517.23743      -     - 1313s
     0     0  518.09323    0 8057          -  518.09323      -     - 1328s
     0     0  518.11351    0 7477          -  518.11351      -     - 1345s
     0     0  518.11439    0 8402          -  518.11439      -     - 1350s
     0     0  518.53127    0 9393          -  518.53127      -     - 1360s
     0     0  518.53127    0 9392          -  518.53127      -     - 1361s
     0     0  518.55568    0 8413          -  518.55568      -     - 1376s
     0     0  518.55568    0 8908          -  518.55568      -     - 1379s
     0     0  518.59235    0 9090          -  518.59235      -     - 1390s
     0     0  518.59328    0 7620          -  518.59328      -     - 1407s
     0     0  519.38836    0 10078          -  519.38836      -     - 1426s
     0     0  519.47816    0 12395          -  519.47816      -     - 1441s
     0     0  519.47816    0 12511          -  519.47816      -     - 1442s
     0     0  519.47816    0 12505          -  519.47816      -     - 1445s
     0     0  523.54727    0 10593          -  523.54727      -     - 1460s
     0     0  523.57105    0 8081          -  523.57105      -     - 1475s
     0     0  523.83920    0 8342          -  523.83920      -     - 1488s
     0     0  523.84000    0 9383          -  523.84000      -     - 1510s
     0     0  524.00062    0 13413          -  524.00062      -     - 1538s
     0     0  524.00062    0 13414          -  524.00062      -     - 1540s
     0     0  524.00062    0 14245          -  524.00062      -     - 1558s
     0     0  524.00062    0 14247          -  524.00062      -     - 1558s
     0     0  524.08176    0 6465          -  524.08176      -     - 1571s
     0     0  524.08176    0 7710          -  524.08176      -     - 1584s
     0     0  524.89277    0 8860          -  524.89277      -     - 1598s
     0     0  524.89277    0 7882          -  524.89277      -     - 1609s
     0     0  524.92104    0 8543          -  524.92104      -     - 1631s
     0     0  524.92104    0 8544          -  524.92104      -     - 1632s
     0     0  524.92104    0 8543          -  524.92104      -     - 1632s
     0     0  524.92104    0 8543          -  524.92104      -     - 1633s
     0     0  524.92104    0 8543          -  524.92104      -     - 1633s
     0     0  524.92104    0 8543          -  524.92104      -     - 1633s
     0     0  524.92104    0 8545          -  524.92104      -     - 1633s
     0     0  524.92104    0 8545          -  524.92104      -     - 1634s
     0     0  524.92104    0 8545          -  524.92104      -     - 1634s
     0     0  524.96131    0 7662          -  524.96131      -     - 1651s
     0     0  524.96131    0 9213          -  524.96131      -     - 1660s
     0     0  525.09244    0 7252          -  525.09244      -     - 1681s
     0     0  525.13397    0 12808          -  525.13397      -     - 1708s
     0     0  525.13397    0 12808          -  525.13397      -     - 1708s
     0     0  525.13417    0 12754          -  525.13417      -     - 1711s
     0     0  525.36722    0 13208          -  525.36722      -     - 1731s
     0     0  525.36722    0 13201          -  525.36722      -     - 1732s
     0     0  525.39106    0 10024          -  525.39106      -     - 1745s
     0     0  525.40800    0 10547          -  525.40800      -     - 1748s
     0     0  525.40800    0 9788          -  525.40800      -     - 1751s
     0     0  525.51961    0 12882          -  525.51961      -     - 1769s
     0     0  525.57235    0 11216          -  525.57235      -     - 1783s
     0     0  525.57557    0 12499          -  525.57557      -     - 1786s
     0     0  525.61702    0 6673          -  525.61702      -     - 1800s
     0     0  525.62969    0 6259          -  525.62969      -     - 1815s
     0     0  525.63177    0 8339          -  525.63177      -     - 1818s
     0     0  526.23633    0 6506          -  526.23633      -     - 1841s
     0     0  526.23633    0 10083          -  526.23633      -     - 1861s
     0     0  526.23633    0 6821          -  526.23633      -     - 1871s
     0     0  526.23633    0 6821          -  526.23633      -     - 1875s
     0     0  526.23633    0 3822          -  526.23633      -     - 1955s
     0     2  526.23633    0 3817          -  526.23633      -     - 2029s
     1     4  526.23633    1 5301          -  526.23633      -  4681 2054s
     3     8  526.23633    2 6084          -  526.23633      -  4204 2081s
     7    12  526.23633    3 5466          -  526.23633      -  3482 2086s
    11    19  526.24678    4 5466          -  526.23633      -  2321 2096s
    18    30  526.27744    6 5827          -  526.23633      -  1846 2105s
    29    36  526.56885    8 7182          -  526.23633      -  1396 2113s
    35    48  527.03084    9 7127          -  526.23633      -  1285 2119s
    47    55  527.03130   10 7128          -  526.23633      -  1001 2129s
    54    64  527.03598   13 6128          -  526.23633      -   936 2146s
    63    74  527.12037   15 7799          -  526.23633      -   920 2162s
    73    84  527.12037   16 7788          -  526.23633      -   842 2174s
    83    99  527.32494   18 6932          -  526.23633      -   806 2181s
   100   103  527.32494   22 6657          -  526.23633      -   689 2185s
   104   113  527.34799   23 7742          -  526.23633      -   676 2194s
   114   123  527.68867   28 8463          -  526.23633      -   641 2203s
   124   136  527.68867   30 7181          -  526.23633      -   624 2208s
   137   140  527.68867   31 8526          -  526.23633      -   592 2216s
   141   147  527.68867   32 7209          -  526.23633      -   598 2223s
   148   164  527.68867   36 7736          -  526.23633      -   581 2235s
   165   178  527.90112   42 9627          -  526.23633      -   558 2252s
   179   189  528.08860   51 7153          -  526.23633      -   538 2258s
   192   192  528.11258   60 9294          -  526.23633      -   513 2274s
   197   196  528.11270   61 10081          -  526.23633      -   510 2285s
   201   201  528.13207   62 8333          -  526.23633      -   514 2628s
   206   217  528.13207   63 7915          -  526.23633      -   514 2948s
   222   239  528.23015   74 9361          -  526.23633      -   496 2959s
   244   266  528.56524   86 8854          -  526.23633      -   475 2969s
   271   285  528.85525   99 8854          -  526.23633      -   448 2983s
   290   307  528.89348  105 10471          -  526.23633      -   450 3000s
   322   333  529.05835  119 8059          -  526.23633      -   432 3020s
   348   364  529.34011  135 9346          -  526.23633      -   413 3030s
   379   382  529.50160  150 7068          -  526.23633      -   399 3054s
   399   410  529.77052  162 7212          -  526.23633      -   417 3074s
   429   460  529.96078  174 8454          -  526.23633      -   408 3103s
   490   495  530.07138  182 8196          -  526.23633      -   381 3130s
   533   561  530.31601  198 8473          -  526.23633      -   370 3149s
   599   619  530.96168  222 9352          -  526.23633      -   343 3168s
   657   631  531.05663  234 8224          -  526.23633      -   320 3185s
   669   704  531.24664  237 7941          -  526.23633      -   316 3198s
   744   783  531.59087  270 7262          -  526.23633      -   294 3211s
   826   824  532.01970  302 7636          -  526.23633      -   274 3225s
   877   867  532.66901  337 6798          -  526.23633      -   270 3245s
   920   901  532.83554  361 7737          -  526.23633      -   271 3266s
   966   976  533.33431  381 6258          -  526.23633      -   270 3282s
  1043  1020  535.77600  417 6084          -  526.23633      -   263 3300s
  1101  1021  534.96799    7 3822          -  526.23633      -   260 3503s
  1103  1022  565.83705   57 5410          -  526.23633      -   260 3944s
  1104  1023  545.09541  197 4629          -  526.23633      -   259 4117s
  1105  1024  537.98084  168 4483          -  528.73115      -   259 4280s
  1106  1024  548.28898  202 2473          -  528.87722      -   259 4480s
  1107  1025  532.81251   16 6065          -  530.92226      -   259 4633s
  1108  1026  574.15899   74 4230          -  531.57983      -   258 4800s
  1109  1026  533.67306   73 9906          -  533.67306      -   258 4944s
  1110  1027  551.99953  283 4714          -  534.47904      -   258 5086s
  1111  1028  537.79142   45 6668          -  534.57522      -   258 5164s
  1112  1028  574.31989  101 4061          -  535.69230      -   257 5340s
  1113  1029  540.22073  305 4829          -  538.70506      -   257 5472s
  1114  1030  539.13841  340 4735          -  539.13841      -   257 5776s
  1115  1030  541.16155  416 5929          -  541.16155      -   257 5897s
  1116  1031  583.73529   39 4621          -  541.35060      -   257 6014s
  1117  1032  578.91660  181 5735          -  543.10362      -   256 6073s
  1118  1032  579.75328  222 2927          -  544.08994      -   256 6159s
  1119  1033  544.38624   59 4997          -  544.38624      -   256 6226s
  1120  1034  545.69696   93 3242          -  545.69696      -   256 6355s
  1121  1034  578.63195  177 5018          -  546.20804      -   255 6431s
  1122  1035  546.23999   67 5105          -  546.23999      -   255 6546s
  1123  1036  577.10116   48 4840          -  546.59964      -   255 6587s
  1124  1036  575.05962  154 2844          -  547.40779      -   255 6722s
  1125  1037  547.75374  234 5030          -  547.75374      -   254 6752s
  1126  1038  548.04210  275 2590          -  548.04210      -   254 6933s
  1127  1038  548.14787  170 5660          -  548.14787      -   254 7041s
  1128  1039  548.16026   64 3366          -  548.16026      -   254 7137s
  1129  1040  548.20701  147 6507          -  548.20701      -   254 7179s

Cutting planes:
  Gomory: 6
  Lift-and-project: 1
  Cover: 383
  Implied bound: 75
  Projected implied bound: 373
  Clique: 41
  MIR: 98
  Knapsack: 10
  StrongCG: 8
  Flow cover: 253
  GUB cover: 228
  Zero half: 43
  RLT: 129
  Relax-and-lift: 161

Explored 1129 nodes (1575416 simplex iterations) in 7201.55 seconds (4557.21 work units)
Thread count was 4 (of 8 available processors)

Solution count 0

Time limit reached
Best objective -, best bound 5.483000000000e+02, gap -
