
Gurobi 13.0.2 (linux64) logging started Sat Jul  4 00:03:25 2026

Set parameter LogFile to value "src/Resultados/Restriccion demanda/logs/R112-50.xml_log.log"
Set parameter Threads to value 4
Gurobi Optimizer version 13.0.2 build v13.0.2rc1 (linux64 - "Rocky Linux 9.7 (Blue Onyx)")

CPU model: QEMU Virtual CPU version 2.5+, instruction set [SSE2]
Thread count: 8 physical cores, 8 logical processors, using up to 4 threads

Non-default parameters:
TimeLimit  7200
Threads  4

Optimize a model with 250254 rows, 160605 columns and 5418150 nonzeros (Min)
Model fingerprint: 0x226bbe88
Model has 43530 linear objective coefficients
Variable types: 29430 continuous, 131175 integer (131160 binary)
Coefficient statistics:
  Matrix range     [1e+00, 4e+04]
  Objective range  [4e+00, 6e+01]
  Bounds range     [1e+00, 2e+03]
  RHS range        [1e+00, 4e+04]

Presolve removed 0 rows and 0 columns (presolve time = 35s)...
Presolve removed 28800 rows and 30 columns (presolve time = 35s)...
Presolve removed 57820 rows and 330 columns (presolve time = 40s)...
Presolve removed 71955 rows and 420 columns (presolve time = 45s)...
Presolve removed 72060 rows and 510 columns (presolve time = 50s)...
Presolve removed 71895 rows and 345 columns
Presolve time: 51.90s
Presolved: 178359 rows, 160260 columns, 922620 nonzeros
Variable types: 750 continuous, 159510 integer (143655 binary)
Deterministic concurrent LP optimizer: primal simplex, dual simplex, and barrier
Showing barrier log only...

Root barrier log...

Elapsed ordering time = 5s
Ordering time: 7.19s

Barrier statistics:
 Dense cols : 120
 AA' NZ     : 4.921e+06
 Factor NZ  : 1.988e+07 (roughly 300 MB of memory)
 Factor Ops : 1.020e+10 (roughly 2 seconds per iteration)
 Threads    : 1

                  Objective                Residual
Iter       Primal          Dual         Primal    Dual     Compl     Time
   0   3.95643671e+06 -2.25502454e+06  1.84e+05 2.22e-16  1.65e+02    77s
   1   1.68024265e+06 -2.60256188e+06  7.90e+04 9.04e-01  7.26e+01    80s
   2   1.36591486e+06 -4.22440154e+06  6.49e+04 6.71e-01  6.77e+01    83s
   3   4.50624776e+05 -3.16695357e+06  2.16e+04 2.66e-02  2.31e+01    85s
   4   1.96303878e+05 -1.54555326e+06  9.38e+03 8.64e-12  9.00e+00    88s
   5   4.02924903e+04 -4.73694522e+05  1.86e+03 1.19e-12  1.98e+00    91s
   6   4.15321662e+03 -5.76425450e+04  1.23e+02 5.56e-13  1.85e-01    94s
   7   1.89333266e+03 -1.19897721e+04  2.39e+01 9.06e-14  3.91e-02    98s
   8   1.33518673e+03 -4.80793657e+03  8.58e+00 3.60e-14  1.64e-02   101s
   9   6.45895480e+02 -1.18173590e+03  1.28e+00 1.35e-14  4.50e-03   105s
  10   5.07650772e+02  1.85576378e+02  1.71e-01 5.80e-15  7.88e-04   109s
  11   4.72059041e+02  4.48525475e+02  1.55e-12 7.79e-15  5.34e-05   112s
  12   4.70602691e+02  4.70577262e+02  1.01e-11 3.33e-15  5.76e-08   114s
  13   4.70600003e+02  4.70599977e+02  5.09e-12 9.85e-16  5.76e-11   117s
  14   4.70600000e+02  4.70600000e+02  2.06e-10 1.03e-15  5.59e-14   120s

Barrier solved model in 14 iterations and 119.68 seconds (37.03 work units)
Optimal objective 4.70600000e+02


Root crossover log...

    9958 DPushes remaining with DInf 0.0000000e+00               121s
       0 DPushes remaining with DInf 0.0000000e+00               121s

   60328 PPushes remaining with PInf 0.0000000e+00               121s
      16 PPushes remaining with PInf 0.0000000e+00               125s
       0 PPushes remaining with PInf 0.0000000e+00               125s

  Push phase complete: Pinf 0.0000000e+00, Dinf 7.9630746e-14    125s


Root simplex log...

Iteration    Objective       Primal Inf.    Dual Inf.      Time
   70199    4.7060000e+02   0.000000e+00   0.000000e+00    126s
Crossover time: 6.48 seconds (2.31 work units)
Concurrent spin time: 0.00s

Solved with barrier

Root relaxation: objective 4.706000e+02, 70199 iterations, 66.45 seconds (22.77 work units)

    Nodes    |    Current Node    |     Objective Bounds      |     Work
 Expl Unexpl |  Obj  Depth IntInf | Incumbent    BestBd   Gap | It/Node Time

     0     0  470.60000    0 8861          -  470.60000      -     -  163s
     0     0  470.60000    0 12151          -  470.60000      -     -  193s
     0     0  470.60000    0 11765          -  470.60000      -     -  195s
     0     0  470.60000    0 11770          -  470.60000      -     -  208s
     0     0  470.60000    0 11934          -  470.60000      -     -  217s
     0     0  470.60000    0 11881          -  470.60000      -     -  269s
     0     0  470.60000    0 11881          -  470.60000      -     -  269s
     0     0  470.60000    0 3431          -  470.60000      -     -  330s
     0     0  470.60000    0 4431          -  470.60000      -     -  349s
     0     0  470.60000    0 5798          -  470.60000      -     -  358s
     0     0  470.60000    0 5794          -  470.60000      -     -  358s
     0     0  470.60000    0 5794          -  470.60000      -     -  359s
     0     0  470.60000    0 5794          -  470.60000      -     -  359s
     0     0  470.60000    0 5752          -  470.60000      -     -  359s
     0     0  470.60000    0 6190          -  470.60000      -     -  426s
     0     0  470.60000    0 6190          -  470.60000      -     -  426s
     0     0  470.60000    0 4303          -  470.60000      -     -  518s
     0     0  470.60000    0 7343          -  470.60000      -     -  560s
     0     0  470.60000    0 7263          -  470.60000      -     -  565s
     0     0  470.60000    0 7259          -  470.60000      -     -  565s
     0     0  470.60000    0 7259          -  470.60000      -     -  565s
     0     0  470.60000    0 7259          -  470.60000      -     -  566s
     0     0  470.60000    0 7259          -  470.60000      -     -  566s
     0     0  470.60000    0 6462          -  470.60000      -     -  590s
     0     0  470.60000    0 6462          -  470.60000      -     -  590s
     0     0  470.60000    0 1427          -  470.60000      -     -  636s
     0     0  470.60000    0 2232          -  470.60000      -     -  643s
     0     0  470.60000    0 6155          -  470.60000      -     -  677s
     0     0  470.60000    0 6155          -  470.60000      -     -  677s
     0     0  470.60000    0 2656          -  470.60000      -     -  720s
     0     0  470.60000    0 7296          -  470.60000      -     -  741s
     0     0  470.60000    0 6950          -  470.60000      -     -  742s
     0     0  470.60000    0 9808          -  470.60000      -     -  798s
     0     0  470.60000    0 9808          -  470.60000      -     -  798s
     0     0  470.60000    0 3736          -  470.60000      -     -  841s
     0     0  470.60000    0 8728          -  470.60000      -     -  878s
     0     0  470.60000    0 9207          -  470.60000      -     -  881s
     0     0  470.60000    0 9986          -  470.60000      -     -  921s
     0     0  470.60000    0 10501          -  470.60000      -     -  924s
     0     0  470.60000    0 10501          -  470.60000      -     -  924s
     0     0  470.60000    0 3403          -  470.60000      -     -  981s
     0     0  470.60000    0 3787          -  470.60000      -     -  994s
     0     0  470.60000    0 2991          -  470.60000      -     - 1038s
     0     2  470.60000    0 2991          -  470.60000      -     - 1146s
     1     4  470.60000    1 3975          -  470.60000      -  2428 1170s
     3     8  470.60000    2 4013          -  470.60000      -  2452 1194s
     7    12  470.60000    3 6782          -  470.60000      -  2652 1214s
    11    24  470.60000    4 8196          -  470.60000      -  1927 1234s
    23    28  470.60000    5 6197          -  470.60000      -  1300 1263s
    27    31  470.60000    5 9019          -  470.60000      -  1268 1294s
    30    35  470.60000    6 6512          -  470.60000      -  1310 1324s
    34    40  470.60000    6 5208          -  470.60000      -  1338 1344s
    39    44  470.60000    7 5661          -  470.60000      -  1297 1374s
    43    49  470.60000    9 4660          -  470.60000      -  1277 1403s
    48    62  471.09557   10 4709          -  470.60000      -  1234 1423s
    61    73  470.60000   15 3999          -  470.60000      -  1061 1457s
    72    90  470.60000   19 4797          -  470.60000      -  1036 1501s
    89   118  471.25660   28 4394          -  470.60000      -   956 1560s
   117   166  470.67439   50 5382          -  470.60000      -   757 1704s
   165   228  470.69816   80 5402          -  470.60000      -   557 1763s
   227   319  470.72373  110 5401          -  470.60000      -   428 1810s
   318   409  470.76790  140 5400          -  470.60000      -   329 1851s
   408   484  470.80044  170 5381          -  470.60000      -   270 1866s
   483   575  470.82284  200 5380          -  470.60000      -   237 1881s
   574   636  470.84074  230 5392          -  470.60000      -   205 2124s
   635   692  470.87070  260 5405          -  470.60000      -   188 2143s
   691   760  470.89137  287 5380          -  470.60000      -   178 2170s
   759   857  470.92030  317 5382          -  470.60000      -   165 2189s
   856   944  470.95801  355 5389          -  470.60000      -   152 2207s
   943  1015  470.99314  398 5410          -  470.60000      -   144 2230s
  1014  1127  471.02517  430 5416          -  470.60000      -   136 2246s
  1126  1131  471.10903  481 5363          -  470.60000      -   127 2592s
  1130  1135  471.10903  482 5361          -  470.60000      -   127 2988s
  1134  1139  471.11144  483 5342          -  470.60000      -   127 3381s
  1138  1143  471.11144  484 5349          -  470.60000      -   126 3625s
  1142  1296  471.11661  485 5338          -  470.60000      -   126 3668s
  1297  1419  491.39791  537 4604          -  470.60000      -   118 3690s
  1420  1549  494.54922  557 4139          -  470.60000      -   116 3732s
  1432  1549  470.60000   24 4665          -  470.60000      -   117 3739s
  1556  1693  470.60000   27 5199          -  470.60000      -   114 3789s
  1642  1693  470.60000    8 4878          -  470.60000      -   109 3790s
  1705  1858  470.71469  102 6127          -  470.60000      -   111 3818s
  1870  2044  470.78649  188 5792          -  470.60000      -   106 3840s
  2056  2248  470.84900  281 5791          -  470.60000      -   101 3860s
  2260  2500  470.92164  374 5775          -  470.60000      -  96.0 3882s
  2512  2769  470.98511  463 5231          -  470.60000      -  89.1 3906s
  2781  3035  471.08148  556 5239          -  470.60000      -  82.8 3936s
  3047  3277  471.33659  642 5243          -  470.60000      -  77.0 3957s
  3289  3467  475.29605  714 5094          -  470.60000      -  73.6 3983s
  3480  3657  540.58682  737 5002          -  470.60000      -  72.9 4009s
  3670  3835  546.55091  762 5352          -  470.60000      -  72.6 4035s
  3848  4045  553.41766  793 6027          -  470.60000      -  72.5 4063s
  4060  4309  602.44783  834 4596          -  470.60000      -  71.7 4093s
  4324  4549  610.39332  927 4597          -  470.60000      -  70.0 4128s
  4580  4724  470.71470   11 7136          -  470.60000      -  69.1 4160s
  4755  4905  473.74265   43 6358          -  470.60000      -  70.0 4204s
  4944  5040  533.44636   73 5983          -  470.60000      -  71.0 4251s
  5080  5041  476.40000  314 2991          -  470.60000      -  71.5 5500s
  5081  5042  487.60000  148 2991          -  470.60000      -  71.5 5505s
  5082  5042  504.60000  240 4081          -  470.81151      -  71.5 5858s
  5083  5043  500.70000  489 3973          -  473.74893      -  71.4 5965s
  5084  5044  493.20000  565 4822          -  477.51838      -  71.4 6049s
  5085  5044  481.00000  906 4979          -  478.34704      -  71.4 6134s
  5086  5045  486.80000  350 5653          -  485.08293      -  71.4 6264s
  5087  5046  533.44636   84 3804          -  485.65228      -  71.4 6385s
  5088  5046  507.20000  559 3949          -  487.01600      -  71.4 6440s
  5089  5047  504.70000  208 3332          -  487.01600      -  71.4 6497s
  5090  5048  494.50000  640 5823          -  488.67341      -  71.4 6565s
  5091  5048  488.67631  394 2710          -  488.67631      -  71.3 6672s
  5092  5049  489.77720  557 5013          -  489.77720      -  71.3 6743s
  5093  5050  516.90000  342 3292          -  489.91604      -  71.3 6978s
  5094  5050  499.40000  685 5005          -  490.87710      -  71.3 7030s
  5095  5051  491.06255  552 4118          -  491.06255      -  71.3 7090s
  5096  5052  492.34264  244 4433          -  492.34264      -  71.3 7136s

Cutting planes:
  Learned: 1
  Gomory: 22
  Lift-and-project: 1
  Cover: 97
  Implied bound: 85
  Projected implied bound: 528
  Clique: 223
  MIR: 241
  Knapsack: 1
  StrongCG: 12
  Flow cover: 566
  GUB cover: 45
  Zero half: 37
  RLT: 93
  Relax-and-lift: 109

Explored 5096 nodes (1112914 simplex iterations) in 7201.38 seconds (4410.59 work units)
Thread count was 4 (of 8 available processors)

Solution count 0

Time limit reached
Best objective -, best bound 4.930000000000e+02, gap -
