
Gurobi 13.0.2 (linux64) logging started Mon Jul 13 07:18:28 2026

Set parameter LogFile to value "src/Resultados/Restriccion_solo_cliques/logs/RC205-25.xml_log.log"
Set parameter Threads to value 4
Gurobi Optimizer version 13.0.2 build v13.0.2rc1 (linux64 - "Rocky Linux 9.7 (Blue Onyx)")

CPU model: QEMU Virtual CPU version 2.5+, instruction set [SSE2]
Thread count: 8 physical cores, 8 logical processors, using up to 4 threads

Non-default parameters:
TimeLimit  7200
Threads  4

Optimize a model with 113115 rows, 66510 columns and 456405 nonzeros (Min)
Model fingerprint: 0x8e286432
Model has 4515 linear objective coefficients
Variable types: 15360 continuous, 51150 integer (51135 binary)
Coefficient statistics:
  Matrix range     [1e+00, 2e+05]
  Objective range  [2e+00, 6e+01]
  Bounds range     [1e+00, 2e+03]
  RHS range        [1e+00, 2e+05]

Presolve removed 37484 rows and 120 columns
Presolve time: 2.84s
Presolved: 75631 rows, 66390 columns, 316065 nonzeros
Variable types: 375 continuous, 66015 integer (57885 binary)
Deterministic concurrent LP optimizer: primal and dual simplex
Showing primal log only...


Root simplex log...

Iteration    Objective       Primal Inf.    Dual Inf.      Time
       0    1.1642000e+03   2.019006e+03   1.414127e+10      6s
   22483    3.9045805e+02   1.136602e+02   1.569580e+10     10s
   30125    3.6605769e+02   4.247994e+01   2.955285e+09     15s
   36297    3.6750121e+02   8.245842e+00   1.918152e+09     20s
   41008    3.6983776e+02   5.830052e-01   8.893226e+07     25s
   46660    3.0470574e+02   0.000000e+00   1.908696e+02     30s
   50797    3.0320000e+02   0.000000e+00   0.000000e+00     34s
Concurrent spin time: 11.31s (can be avoided by choosing Method=3)

Solved with primal simplex

Root relaxation: objective 3.032000e+02, 50797 iterations, 41.00 seconds (25.79 work units)

    Nodes    |    Current Node    |     Objective Bounds      |     Work
 Expl Unexpl |  Obj  Depth IntInf | Incumbent    BestBd   Gap | It/Node Time

     0     0  303.20000    0 5422          -  303.20000      -     -   59s
     0     0  303.20000    0 6306          -  303.20000      -     -  117s
     0     0  303.20000    0 6305          -  303.20000      -     -  118s
     0     0  303.20000    0 6222          -  303.20000      -     -  120s
     0     0  303.20000    0 9441          -  303.20000      -     -  139s
     0     0  303.20000    0 9031          -  303.20000      -     -  140s
     0     0  303.20000    0 3527          -  303.20000      -     -  168s
     0     0  303.63386    0 15770          -  303.63386      -     -  184s
     0     0  303.63386    0 15770          -  303.63386      -     -  184s
     0     0  303.63386    0 4180          -  303.63386      -     -  206s
     0     0  303.63386    0 3930          -  303.63386      -     -  209s
     0     0  303.63386    0 3151          -  303.63386      -     -  209s
     0     0  303.63386    0 3141          -  303.63386      -     -  210s
     0     0  303.63386    0 9273          -  303.63386      -     -  221s
     0     0  303.63386    0 2965          -  303.63386      -     -  240s
     0     0  303.63386    0 2965          -  303.63386      -     -  250s
     0     0  303.63386    0 5415          -  303.63386      -     -  261s
     0     0  303.63386    0 6285          -  303.63386      -     -  262s
     0     0  303.63386    0 4341          -  303.63386      -     -  273s
     0     0  303.63386    0 4384          -  303.63386      -     -  275s
     0     0  303.63386    0 4384          -  303.63386      -     -  275s
     0     0  304.57438    0 4086          -  304.57438      -     -  277s
     0     0  304.57438    0 4086          -  304.57438      -     -  287s
     0     0  304.57438    0 4086          -  304.57438      -     -  289s
     0     0  306.72155    0 5128          -  306.72155      -     -  294s
     0     0  306.80809    0 5144          -  306.80809      -     -  295s
     0     0  309.40000    0 6913          -  309.40000      -     -  304s
     0     0  309.40000    0 6931          -  309.40000      -     -  322s
     0     0  309.42225    0 6416          -  309.42225      -     -  326s
     0     0  309.54315    0 7057          -  309.54315      -     -  329s
     0     0  309.54315    0 6782          -  309.54315      -     -  330s
     0     0  309.54315    0 6656          -  309.54315      -     -  336s
     0     0  309.54315    0 6759          -  309.54315      -     -  338s
     0     0  309.54814    0 5715          -  309.54814      -     -  346s
     0     0  309.54814    0 5594          -  309.54814      -     -  347s
     0     0  309.54814    0 7034          -  309.54814      -     -  352s
     0     0  309.54814    0 6912          -  309.54814      -     -  354s
     0     0  309.55579    0 8258          -  309.55579      -     -  360s
     0     0  309.55579    0 7448          -  309.55579      -     -  381s
     0     0  309.55579    0 7447          -  309.55579      -     -  382s
     0     0  309.55579    0 7447          -  309.55579      -     -  395s
     0     2  309.55579    0 7447          -  309.55579      -     -  417s
     1     4  309.55579    1 6050          -  309.55579      -  1530  420s
     7    12  309.57624    3 7017          -  309.57624      -  1534  425s
    11    23  309.57624    4 7748          -  309.57624      -  1038  431s
    22    43  309.57624    5 8349          -  309.57624      -   992  445s
    42    73  309.57624    7 8549          -  309.57624      -   742  457s
    73   103  313.37624   17 8258          -  309.57624      -   672  469s
   104   182  313.55355   39 6575          -  309.57624      -   655  480s
   193   195  313.69840   72 9044          -  309.57624      -   443  491s
   206   241  313.69840   73 9044          -  309.57624      -   445  502s
   252   280  313.74585   80 7320          -  309.57624      -   392  517s
   291   328  313.74857   82 6867          -  309.57624      -   371  525s
   341   379  313.90818   92 8184          -  309.57624      -   346  532s
   392   420  313.98604  111 6292          -  309.57624      -   315  540s
   433   462  313.98609  113 5023          -  309.57624      -   303  548s
   475   475  313.99273  114 9848          -  309.57624      -   282  560s
   489   507  347.45522  123 3842          -  309.57624      -   288  580s
   523   511  424.68605  124 4167          -  309.57624      -   286  601s
   527   524  425.47791  125 3392          -  309.57624      -   285  609s
   540   535  428.10151  134 2391          -  309.57624      -   280  619s
   553   554  428.36776  135 2567          -  309.57624      -   279  625s
   572   567  428.38654  136 2565          -  309.57624      -   272  638s
   587   589  428.40545  137 2563          -  309.57624      -   269  645s
   616   632  429.21704  140 2293          -  309.57624      -   265  654s
   660   738  478.50556  144 1557          -  309.57624      -   262  661s
   766   805  479.21098  149 1092          -  309.57624      -   231  670s
   836   896  479.16067  154 1374          -  309.57624      -   225  679s
   927   992  479.33257  172 3374          -  309.57624      -   209  686s
  1028  1114  309.58769    7 5902          -  309.57624      -   192  699s
  1150  1313  326.39384   33 7425          -  309.57624      -   185  707s
  1349  1446  331.41231   53 3396          -  309.57624      -   162  715s
  1482  1593  333.24973  123 3190          -  309.57624      -   152  720s
  1631  1790  335.69234  198 2816          -  309.57624      -   143  729s
  1830  1939  339.40900  263 3126          -  309.57624      -   130  737s
  1982  2036  347.00465  283 4161          -  309.57624      -   123  750s
  2090  2126  309.58769    9 4895          -  309.57624      -   120  759s
  2184  2342  320.94191   10 6571          -  309.57624      -   122  766s
  2403  2346  387.83509   76 1579          -  309.57624      -   115  777s
  2407  2350  387.83509   77 1577          -  309.57624      -   115  793s
  2411  2357  387.83509   78 1544          -  309.57624      -   115  802s
  2418  2459 infeasible   81               -  309.57624      -   115  814s
  2524  2621  388.18358  129 1166          -  309.57624      -   113  824s
  2692  2625  480.36892  144 2716          -  309.57624      -   111  837s
  2696  2629  424.97596  145 3356          -  309.57624      -   111  847s
  2700  2633  480.36892  145 3612          -  309.57624      -   111  868s
  2704  2679  424.97596  146 3351          -  309.57624      -   111  877s
  2750  2764  424.97596  147 3348          -  309.57624      -   111  898s
  2835  2889  424.97596  148 3345          -  309.57624      -   108  908s
  2962  3006  429.86238  158 2982          -  309.57624      -   108  917s
  3083  3175  434.33695  188 1766          -  309.57624      -   109  930s
  3252  3386  434.33695  191 3596          -  309.57624      -   111  943s
  3473  3590  434.33695  255 1797          -  309.57624      -   109  956s
  3689  3749  435.10408  270 3237          -  309.57624      -   107  970s
  3866  3893  435.45489  291 3570          -  309.57624      -   108  987s
  4022  3894  323.36185  260 7447          -  309.57624      -   109 1055s
  4024  3895  340.09067  108 5412          -  309.57624      -   109 1153s
  4025  3896  481.32981  177 6106          -  311.25631      -   109 1185s
  4026  3897  428.91374  772 7267          -  312.18603      -   109 1246s
  4027  3897  313.05767   29 5861          -  313.05767      -   109 1276s
  4028  3898  357.63695 1034 5996          -  314.07587      -   109 1292s
  4029  3899  389.53289  140 4626          -  315.19640      -   109 1297s
  4030  3899  490.62760  931 4065          -  315.19640      -   109 1344s
  4031  3900  415.28993  498 3545          -  316.83061      -   109 1375s
  4032  3901  470.85075  565 5641          -  317.47263      -   109 1386s
  4033  3901  354.18602  996 5478          -  317.59987      -   109 1392s
  4035  3903  437.28938  787 4561          -  317.60774      -   109 1396s
  4036  3903  370.04238  696 3946          -  317.61726      -   109 1400s
  4039  3905  354.57607  861 3780          -  317.78958      -   109 1432s
  4040  3906  416.48468  377 2503          -  318.87773      -   109 1459s
  4041  3907  369.92923 1173 4391          -  318.88539      -   109 1468s
  4042  3907  351.46785  690 3534          -  319.12139      -   109 1481s
  4043  3908  365.40971 1158 4308          -  319.15895      -   109 1489s
  4044  3909  327.85579   74 5475          -  319.17839      -   109 1495s
  4046  3910  320.94943   22 5371          -  319.23678      -   108 1500s
  4047  3911  387.83509  117 5706          -  319.23685      -   108 1541s
  4048  3911  417.54247  418 5884          -  319.29950      -   108 1579s
  4049  3912  340.09067   94 5055          -  319.31472      -   108 1604s
  4050  3913  325.26727   33 4208          -  319.32420      -   108 1609s
  4051  3913  387.83509   83 5073          -  319.33678      -   108 1612s
  4053  3915  370.67514  233 3555          -  319.34515      -   108 1616s
  4055  3916  414.98933  333 3968          -  319.34678      -   108 1636s
  4056  3917  340.19979   57 4138          -  319.46349      -   108 1668s
  4057  3917  345.82581  157 5085          -  319.47318      -   108 1692s
  4058  3918  416.84751  655 4422          -  319.76859      -   108 1696s
  4060  3919  365.16234  566 5024          -  319.99359      -   108 1721s
  4061  3920  356.21843  979 4036          -  320.00750      -   108 1749s
  4062  3921  491.07542  935 3968          -  320.01818      -   108 1772s
  4063  3921  418.00566  320 4004          -  320.01818      -   108 1798s
  4064  3922  422.49045  432 2996          -  320.07899      -   108 1827s
  4065  3923  422.39121  494 6542          -  320.07899      -   108 1880s
  4066  3923  418.69506  637 3866          -  320.07899      -   108 1930s
  4067  3924  347.94911  326 4781          -  320.13425      -   108 1942s
  4068  3925  363.50938  300 4941          -  320.19262      -   108 1945s
  4070  3926  369.12193  119 4242          -  320.49889      -   108 1951s
  4071  3927  331.90899   72 4003          -  320.49889      -   108 1988s
  4072  3927  433.46319  760 2316          -  320.49889      -   108 2032s
  4073  3928  353.74237  895 3459          -  320.49889      -   108 2068s
  4074  3929  435.96317  293 2188          -  320.49889      -   108 2101s
  4075  3929  544.81291  866 5788          -  320.49889      -   108 2158s
  4076  3930  320.56402   37 6691          -  320.56402      -   108 2204s
  4077  3931  387.83509  114 5583          -  320.59889      -   108 2207s
  4079  3932  362.13890  376 6885          -  320.79330      -   108 2211s
  4082  3934  365.34167 1048 6021          -  320.83071      -   107 2215s
  4084  3935  489.94971  910 8280          -  320.83225      -   107 2239s
  4085  3936  368.86844  678 6398          -  320.89167      -   107 2265s
  4087  3937  434.10766  739 4857          -  320.94553      -   107 2286s
  4088  3938  327.85579  100 5849          -  321.02453      -   107 2484s
  4089  3939  353.46154  889 5169          -  321.11288      -   107 2486s
  4092  3941  369.26540  223 3520          -  321.14116      -   107 2491s
  4094  3942  357.46703 1026 3907          -  321.14137      -   107 2514s
  4095  3943  321.27102   25 3294          -  321.27102      -   107 2539s
  4096  3943  354.37135  981 5922          -  321.27115      -   107 2545s
  4100  3946  429.26894  767 5283          -  321.28204      -   107 2550s
  4102  3947  321.28227   45 4722          -  321.28227      -   107 2559s
  4103  3948  321.46640   11 4388          -  321.46640      -   107 2583s
  4104  3949  480.97316  173 4360          -  321.49948      -   107 2585s
  4105  3949  377.69323   92 4503          -  321.49948      -   107 2599s
  4106  3950  369.92923 1173 1459          -  321.72102      -   107 2623s
  4107  3951  348.96525  103 4060          -  321.72102      -   107 2637s
  4108  3951  367.55967  628 3242          -  321.78769      -   107 2658s
  4109  3952  368.16372  212 5357          -  321.80636      -   107 2663s
  4110  3953  438.94707  835 5124          -  321.80636      -   107 2688s
  4111  3953  361.65676  220 4790          -  321.83689      -   107 2711s
  4113  3955  345.14548  156 4486          -  321.88916      -   107 2715s
  4117  3957  366.99923  468 4953          -  321.93071      -   107 2737s
  4118  3958  365.25000  570 4019          -  322.35602      -   107 2770s
  4120  3959  489.75175  942 5013          -  322.42727      -   107 2784s
  4121  3960  354.37135  981 3837          -  322.42727      -   106 2801s
  4123  3961  370.01121  702 6257          -  322.44602      -   106 2825s
  4124  3962  340.09067  108 5619          -  322.44602      -   106 2840s
  4126  3963  428.91374  772 4906          -  322.50284      -   106 2858s
  4127  3964  322.50284   29 4485          -  322.50284      -   106 2872s
  4128  3965  357.63695 1034 5570          -  322.50284      -   106 2882s
  4129  3965  389.53289  140 4657          -  322.50284      -   106 2911s
  4131  3967  415.28993  498 4787          -  322.52102      -   106 2930s
  4132  3967  470.85075  565 5197          -  322.53213      -   106 2948s
  4134  3969  349.72638  522 4955          -  322.59602      -   106 2974s
  4135  3969  437.28938  787 2751          -  322.67102      -   106 3008s
  4136  3970  370.04238  696 3671          -  322.67102      -   106 3043s
  4137  3971  352.98578  703 4645          -  322.67102      -   106 3069s
  4138  3971  417.38869  272 5582          -  322.67102      -   106 3102s
  4139  3972  354.57607  861 2169          -  322.67102      -   106 3119s
  4140  3973  416.48468  377 3577          -  322.67152      -   106 3120s
  4141  3973  369.92923 1173 8444          -  322.72103      -   106 3125s
  4142  3974  351.46785  690 9018          -  322.72104      -   106 3148s
  4143  3975  365.40971 1158 9397          -  322.72123      -   106 3193s
  4144  3975  327.85579   74 7464          -  322.73275      -   106 3206s
  4145  3976  361.43839  354 8362          -  322.73529      -   106 3213s
  4146  3977  322.73529   22 8589          -  322.73529      -   106 3246s
  4147  3977  387.83509  117 7877          -  322.74001      -   106 3270s
  4148  3978  417.54247  418 7316          -  322.74001      -   106 3295s
  4149  3979  340.09067   94 7666          -  322.74160      -   106 3320s
  4151  3980  387.83509   83 7599          -  322.75139      -   106 3351s
  4152  3981  359.72971 1022 6793          -  322.75472      -   106 3372s
  4154  3982  387.83509   87 6795          -  322.76424      -   106 3399s
  4155  3983  414.98933  333 6584          -  322.96139      -   106 3420s
  4156  3983  340.19979   57 6106          -  322.96141      -   106 3456s
  4157  3984  345.82581  157 5356          -  323.02264      -   106 3481s
  4159  3985  491.59557 1006 5358          -  323.02620      -   106 3486s
  4160  3986  365.16234  566 5158          -  323.02620      -   105 3509s
  4161  3987  356.21843  979 4711          -  323.02627      -   105 3536s
  4163  3988  418.00566  320 5423          -  323.03616      -   105 3540s
  4164  3989  422.49045  432 3556          -  323.03616      -   105 3561s
  4165  3989  422.39121  494 5224          -  323.04123      -   105 3584s
  4166  3990  418.69506  637 5026          -  323.04667      -   105 3586s
  4168  3991  363.50938  300 5018          -  323.04784      -   105 3609s
  4169  3992  323.11170  180 4376          -  323.04784      -   105 3630s
  4170  3993  369.12193  119 4372          -  323.05242      -   105 3637s
  4171  3993  331.90899   72 4553          -  323.05242      -   105 3650s
  4172  3994  433.46319  760 4045          -  323.05242      -   105 3674s
  4173  3995  353.74237  895 4157          -  323.05930      -   105 3676s
  4175  3996  544.81291  866 5119          -  323.06375      -   105 3681s
  4176  3997  323.06375   37 3934          -  323.06375      -   105 3696s
  4177  3997  387.83509  114 4113          -  323.06782      -   105 3721s
  4179  3999  362.13890  376 4972          -  323.06898      -   105 3738s
  4180  3999  344.74882  141 5041          -  323.06979      -   105 3765s
  4181  4000  350.51596  110 4810          -  323.06979      -   105 3781s
  4182  4001  365.34167 1048 4484          -  323.06979      -   105 3813s
  4184  4002  489.94971  910 4267          -  323.07036      -   105 3829s
  4185  4003  368.86844  678 6050          -  323.07506      -   105 3853s
  4187  4004  434.10766  739 4364          -  323.07693      -   105 3865s
  4188  4005  327.85579  100 2288          -  323.07693      -   105 3893s
  4189  4005  353.46154  889 4908          -  323.07858      -   105 3898s
  4190  4006  323.07858  107 4857          -  323.07858      -   105 3915s
  4191  4007  352.98172  762 4503          -  323.07858      -   105 3942s
  4193  4008  415.20344  395 5936          -  323.07917      -   105 3953s
  4194  4009  357.46703 1026 6719          -  323.07926      -   105 3970s
  4195  4009  323.07926   25 6537          -  323.07926      -   105 3977s
  4196  4010  354.37135  981 7124          -  323.07926      -   105 3997s
  4199  4013  345.96865  195 7447          -  323.07926      -   390 4029s
  4200  4014  429.26894  767 7447          -  323.07926      -   390 4030s
  4201  4014  362.71114  406 5443          -  323.07967      -   390 4121s
  4202  4015  323.07967   45 7666          -  323.07967      -   390 4154s
  4203  4016  323.07967   11 8794          -  323.07967      -   389 4166s
  4204  4016  480.97316  173 8389          -  323.07967      -   389 4180s
  4206  4018  369.92923 1173 6339          -  323.07967      -   389 4187s
  4207  4018  348.96525  103 5566          -  323.07967      -   389 4190s
  4210  4020  438.94707  835 7057          -  323.07967      -   389 4197s
  4211  4021  361.65676  220 7093          -  323.07967      -   389 4200s
  4212  4022  437.88282  818 7027          -  323.07967      -   389 4205s
  4214  4023  420.53199  449 7871          -  323.07967      -   388 4212s
  4215  4024  351.08402  760 7448          -  323.07967      -   388 4215s
  4219  4026  358.20268  123 6956          -  323.07967      -   388 4260s
  4220  4027  489.75175  942 5643          -  323.07967      -   388 4304s
  4221  4028  354.37135  981 7722          -  323.08286      -   388 4311s
  4222  4028  323.36185  260 7646          -  323.08290      -   388 4356s
  4223  4029  370.01121  702 7650          -  323.08299      -   388 4383s
  4224  4030  340.09067  108 7280          -  323.08299      -   388 4418s
  4225  4030  481.32981  177 7059          -  323.08299      -   387 4471s
  4227  4032  323.08630   29 6397          -  323.08630      -   387 4507s
  4228  4032  357.63695 1034 6341          -  323.08646      -   387 4537s
  4229  4033  389.53289  140 5970          -  323.08665      -   387 4547s
  4230  4034  490.62760  931 5860          -  323.08665      -   387 4581s
  4231  4034  415.28993  498 5910          -  323.08791      -   387 4612s
  4232  4035  470.85075  565 6203          -  323.09326      -   387 4617s
  4233  4036  354.18602  996 6199          -  323.09331      -   387 4656s
  4234  4036  349.72638  522 6502          -  323.09331      -   387 4684s
  4235  4037  437.28938  787 6806          -  323.09331      -   387 4736s
  4236  4038  370.04238  696 5976          -  323.09331      -   386 4760s
  4237  4038  352.98578  703 6616          -  323.09331      -   386 4807s
  4238  4039  417.38869  272 6087          -  323.09402      -   386 4833s
  4239  4040  354.57607  861 6585          -  323.09408      -   386 4852s
  4240  4040  416.48468  377 6611          -  323.09408      -   386 4884s
  4241  4041  369.92923 1173 5805          -  323.09668      -   386 4889s
  4242  4042  351.46785  690 6208          -  323.09676      -   386 4907s
  4243  4042  365.40971 1158 5948          -  323.09676      -   386 4935s
  4245  4044  361.43839  354 6572          -  323.09855      -   386 4956s
  4246  4044  323.09895   22 6446          -  323.09895      -   386 5020s
  4247  4045  387.83509  117 6489          -  323.09900      -   385 5036s
  4248  4046  417.54247  418 5485          -  323.09900      -   385 5063s
  4249  4046  340.09067   94 4995          -  323.09996      -   385 5065s
  4253  4049  370.67514  233 6276          -  323.10205      -   385 5082s
  4254  4050  387.83509   87 6941          -  323.10217      -   385 5120s
  4255  4050  414.98933  333 6467          -  323.10217      -   385 5144s
  4256  4051  340.19979   57 6830          -  323.10260      -   385 5167s
  4257  4052  345.82581  157 5918          -  323.10260      -   385 5190s
  4258  4052  416.84751  655 5834          -  323.10869      -   384 5217s
  4260  4054  365.16234  566 6205          -  323.11079      -   384 5222s
  4262  4055  491.07542  935 5394          -  323.11097      -   384 5255s
  4263  4056  418.00566  320 5989          -  323.11208      -   384 5293s
  4266  4058  418.69506  637 7243          -  323.11387      -   384 5317s
  4267  4058  347.94911  326 7406          -  323.11387      -   384 5347s
  4269  4060  323.11596  180 6039          -  323.11596      -   383 5350s
  4270  4060  369.12193  119 6646          -  323.11596      -   383 5370s
  4271  4061  331.90899   72 7322          -  323.11694      -   383 5407s
  4273  4062  353.74237  895 7116          -  323.11720      -   383 5424s
  4274  4063  435.96317  293 5822          -  323.11720      -   383 5456s
  4276  4064  323.11865   37 7566          -  323.11865      -   383 5460s
  4277  4065  387.83509  114 7349          -  323.11865      -   383 5482s
  4278  4066  416.87750  667 4731          -  323.11937      -   383 5503s
  4279  4066  362.13890  376 6163          -  323.11959      -   383 5506s
  4280  4067  344.74882  141 6171          -  323.11959      -   382 5537s
  4281  4068  350.51596  110 4933          -  323.12069      -   382 5557s
  4282  4068  365.34167 1048 7405          -  323.12159      -   382 5561s
  4283  4069  400.42243  922 5812          -  323.12341      -   382 5565s
  4285  4070  368.86844  678 6223          -  323.12442      -   382 5584s
  4286  4071  420.41407  398 6231          -  323.12442      -   382 5608s
  4287  4072  434.10766  739 6434          -  323.12442      -   382 5621s
  4288  4072  327.85579  100 5833          -  323.12442      -   382 5644s
  4289  4073  353.46154  889 6548          -  323.12804      -   382 5649s
  4290  4074  323.12839  107 6050          -  323.12839      -   382 5650s
  4292  4075  369.26540  223 6515          -  323.12886      -   381 5666s
  4293  4076  415.20344  395 6144          -  323.13035      -   381 5693s
  4295  4077  323.13084   25 5483          -  323.13084      -   381 5707s
  4296  4078  354.37135  981 5251          -  323.13092      -   381 5737s
  4297  4078  431.82357  744 4894          -  323.13099      -   381 5753s
  4298  4079  350.21734  526 4504          -  323.14988      -   381 5777s
  4299  4080  345.96865  195 4508          -  323.14988      -   381 5790s
  4300  4080  429.26894  767 5438          -  323.16170      -   381 5848s
H 4300  3874                     644.4000000  323.16916  49.8%   381 5849s
H 4300  3678                     642.4000000  323.16916  49.7%   381 5849s
H 4300  3493                     641.4000000  323.16916  49.6%   381 5849s
H 4300  3316                     563.4000000  323.16916  42.6%   381 5849s
H 4300  3149                     559.6000000  323.16916  42.2%   381 5849s
H 4300  2990                     547.6000000  323.16916  41.0%   381 5849s
H 4300  2838                     542.9000000  323.16916  40.5%   381 5849s
  4302  2840  323.16933   45 5501  542.90000  323.16933  40.5%   380 5850s
  4305  2842  377.69323   92 6311  542.90000  323.17697  40.5%   380 5870s
  4306  2842  369.92923 1173 6009  542.90000  323.18948  40.5%   380 5910s
  4309  2844  368.16372  212 5069  542.90000  323.19156  40.5%   380 5927s
  4310  2845  438.94707  835 5559  542.90000  323.19226  40.5%   380 5951s
H 4310  2701                     541.8000000  323.19701  40.3%   380 5951s
H 4310  2564                     541.1000000  323.19701  40.3%   380 5951s
H 4310  2434                     539.4000000  323.19701  40.1%   380 5951s
H 4311  2312                     531.6000000  323.19701  39.2%   380 5956s
  4312  2312  437.88282  818 6301  531.60000  323.19701  39.2%   380 5960s
  4313  2313  345.14548  156 5543  531.60000  323.20516  39.2%   380 5976s
  4315  2314  351.08402  760 5779  531.60000  323.21253  39.2%   379 5981s
  4316  2315  531.60000  298 3282  531.60000  323.21406  39.2%   379 5996s
H 4316  2197                     530.9000000  323.22138  39.1%   379 6000s
  4319  2199  358.20268  123 4440  530.90000  323.22482  39.1%   379 6014s
  4320  2200  489.75175  942 4458  530.90000  323.22532  39.1%   379 6044s
H 4320  2088                     529.7000000  323.22532  39.0%   379 6046s
  4321  2088  354.37135  981 5172  529.70000  323.22532  39.0%   379 6053s
  4322  2089  323.36185  260 4857  529.70000  323.22757  39.0%   379 6073s
  4323  2090  370.01121  702 5085  529.70000  323.22757  39.0%   379 6081s
  4324  2090  340.09067  108 4874  529.70000  323.22864  39.0%   379 6102s
  4327  2092  323.23651   29 4962  529.70000  323.23651  39.0%   378 6106s
  4329  2094  389.53289  140 4559  529.70000  323.23759  39.0%   378 6116s
  4330  2094  490.62760  931 6000  529.70000  323.23776  39.0%   378 6131s
  4331  2095  415.28993  498 5371  529.70000  323.23780  39.0%   378 6142s
  4332  2096  470.85075  565 5356  529.70000  323.23793  39.0%   378 6161s
  4334  2097  349.72638  522 5541  529.70000  323.24011  39.0%   378 6169s
  4335  2098  437.28938  787 5686  529.70000  323.24011  39.0%   378 6184s
  4336  2098  370.04238  696 5683  529.70000  323.24011  39.0%   378 6188s
  4337  2099  352.98578  703 6026  529.70000  323.24011  39.0%   377 6207s
  4338  2100  417.38869  272 6175  529.70000  323.24011  39.0%   377 6215s
  4339  2100  354.57607  861 5938  529.70000  323.24011  39.0%   377 6231s
  4342  2104  351.46785  690 7447  529.70000  323.24011  39.0%   576 6265s
  4344  2105  327.85579   74 4697  529.70000  323.24011  39.0%   576 6365s
  4345  2106  361.43839  354 5779  529.70000  323.24011  39.0%   576 6403s
  4346  2107  323.24011   22 5756  529.70000  323.24011  39.0%   575 6412s
  4347  2107  387.83509  117 5038  529.70000  323.24011  39.0%   575 6429s
  4348  2108  417.54247  418 5117  529.70000  323.24011  39.0%   575 6444s
  4349  2109  340.09067   94 4557  529.70000  323.24011  39.0%   575 6453s
  4351  2110  387.83509   83 4525  529.70000  323.24011  39.0%   575 6457s
  4353  2111  370.67514  233 6377  529.70000  323.24011  39.0%   574 6464s
  4354  2112  387.83509   87 6980  529.70000  323.24011  39.0%   574 6468s
  4355  2113  414.98933  333 6113  529.70000  323.24011  39.0%   574 6471s
  4357  2114  345.82581  157 3888  529.70000  323.24011  39.0%   574 6475s
  4360  2116  365.16234  566 5278  529.70000  323.24011  39.0%   574 6481s
  4365  2119  422.39121  494 4817  529.70000  323.24011  39.0%   573 6513s
  4366  2120  418.69506  637 5033  529.70000  323.24011  39.0%   573 6569s
  4367  2121  347.94911  326 5515  529.70000  323.24011  39.0%   573 6571s
  4371  2123  331.90899   72 6482  529.70000  323.25715  39.0%   572 6599s
  4372  2124  433.46319  760 6662  529.70000  323.25884  39.0%   572 6628s
  4373  2125  353.74237  895 6351  529.70000  323.26076  39.0%   572 6630s
  4374  2125  435.96317  293 6450  529.70000  323.26085  39.0%   572 6650s
  4375  2126  529.70000  866 7338  529.70000  323.26085  39.0%   572 6674s
  4376  2127  323.28134   37 6673  529.70000  323.28134  39.0%   571 6678s
  4378  2128  416.87750  667 5280  529.70000  323.29196  39.0%   571 6680s
  4385  2133  368.86844  678 6387  529.70000  323.31261  39.0%   570 6685s
  4388  2135  327.85579  100 6677  529.70000  323.31314  39.0%   570 6704s
  4389  2135  353.46154  889 6488  529.70000  323.31925  39.0%   570 6740s
  4391  2137  352.98172  762 6129  529.70000  323.32346  39.0%   570 6770s
  4392  2137  369.26540  223 6574  529.70000  323.32346  39.0%   569 6820s
  4395  2139  323.33085   25 7618  529.70000  323.33085  39.0%   569 6828s
  4397  2141  431.82357  744 6105  529.70000  323.33516  39.0%   569 6830s
  4399  2142  345.96865  195 6554  529.70000  323.33829  39.0%   568 6854s
  4400  2143  429.26894  767 6566  529.70000  323.34963  39.0%   568 6883s
  4401  2143  362.71114  406 6794  529.70000  323.35250  39.0%   568 6895s
  4406  2147  369.92923 1173 6012  529.70000  323.36400  39.0%   568 6922s
  4407  2147  348.96525  103 5764  529.70000  323.36730  39.0%   567 6964s
  4408  2148  367.55967  628 5377  529.70000  323.39578  38.9%   567 6973s
  4410  2149  438.94707  835 5258  529.70000  323.40029  38.9%   567 6975s
  4415  2153  351.08402  760 6277  529.70000  323.40539  38.9%   566 6998s
  4416  2153  529.70000  298 6210  529.70000  323.41896  38.9%   566 7027s
  4417  2154  366.99923  468 6684  529.70000  323.44051  38.9%   566 7031s
  4419  2155  358.20268  123 6274  529.70000  323.44554  38.9%   566 7052s
  4420  2156  489.75175  942 6405  529.70000  323.44554  38.9%   566 7095s
  4424  2159  340.09067  108 6538  529.70000  323.52213  38.9%   565 7120s
  4425  2159  481.32981  177 6230  529.70000  323.52937  38.9%   565 7150s
  4426  2160  428.91374  772 6438  529.70000  323.52937  38.9%   565 7165s
  4427  2161  323.52946   29 6541  529.70000  323.52946  38.9%   565 7193s
  4429  2162  389.53289  140 5912  529.70000  323.53268  38.9%   565 7195s

Cutting planes:
  Gomory: 8
  Cover: 121
  Implied bound: 34
  Projected implied bound: 29
  Clique: 27
  MIR: 171
  StrongCG: 14
  Flow cover: 411
  GUB cover: 68
  Zero half: 53
  RLT: 56
  Relax-and-lift: 81

Explored 4431 nodes (3144384 simplex iterations) in 7201.17 seconds (4632.76 work units)
Thread count was 4 (of 8 available processors)

Solution count 10: 529.7 530.9 531.6 ... 563.4

Time limit reached
Best objective 5.297000000000e+02, best bound 3.236000000000e+02, gap 38.9088%
