
Gurobi 13.0.2 (linux64) logging started Sun Jul 12 23:13:59 2026

Set parameter LogFile to value "src/Resultados/Restriccion_solo_cliques/logs/RC203-25.xml_log.log"
Set parameter Threads to value 4
Gurobi Optimizer version 13.0.2 build v13.0.2rc1 (linux64 - "Rocky Linux 9.7 (Blue Onyx)")

CPU model: QEMU Virtual CPU version 2.5+, instruction set [SSE2]
Thread count: 8 physical cores, 8 logical processors, using up to 4 threads

Non-default parameters:
TimeLimit  7200
Threads  4

Optimize a model with 115260 rows, 67965 columns and 469815 nonzeros (Min)
Model fingerprint: 0x9b19da11
Model has 5070 linear objective coefficients
Variable types: 15585 continuous, 52380 integer (52365 binary)
Coefficient statistics:
  Matrix range     [1e+00, 2e+05]
  Objective range  [2e+00, 6e+01]
  Bounds range     [1e+00, 2e+03]
  RHS range        [1e+00, 2e+05]

Presolve removed 37994 rows and 120 columns (presolve time = 5s)...
Presolve removed 37994 rows and 120 columns
Presolve time: 6.34s
Presolved: 77266 rows, 67845 columns, 324975 nonzeros
Variable types: 375 continuous, 67470 integer (59340 binary)
Deterministic concurrent LP optimizer: primal and dual simplex
Showing primal log only...


Root simplex log...

Iteration    Objective       Primal Inf.    Dual Inf.      Time
       0    1.1912000e+03   2.088019e+03   1.331214e+10     12s
   24031    4.1017720e+02   8.078264e+01   9.317233e+09     15s
   28006    4.4341486e+02   3.239205e+01   1.691441e+09     20s
   32220    4.0353636e+02   9.511782e-01   2.870755e+08     25s
   36991    2.8220164e+02   0.000000e+00   3.072251e+02     30s
   41907    2.7940000e+02   0.000000e+00   0.000000e+00     35s
Concurrent spin time: 15.27s (can be avoided by choosing Method=3)

Solved with primal simplex

Root relaxation: objective 2.794000e+02, 41907 iterations, 40.27 seconds (21.38 work units)

    Nodes    |    Current Node    |     Objective Bounds      |     Work
 Expl Unexpl |  Obj  Depth IntInf | Incumbent    BestBd   Gap | It/Node Time

     0     0  279.40000    0 6159          -  279.40000      -     -   69s
     0     0  279.40000    0 5409          -  279.40000      -     -   70s
     0     0  279.40000    0 5208          -  279.40000      -     -  104s
     0     0  279.40000    0 5237          -  279.40000      -     -  106s
     0     0  279.40000    0 8534          -  279.40000      -     -  130s
     0     0  279.40000    0 7538          -  279.40000      -     -  160s
     0     0  279.40000    0 13820          -  279.40000      -     -  178s
     0     0  279.40000    0 13744          -  279.40000      -     -  180s
     0     0  279.40000    0 6758          -  279.40000      -     -  214s
     0     0  279.40000    0 7328          -  279.40000      -     -  217s
     0     0  279.40000    0 7328          -  279.40000      -     -  217s
     0     0  279.40000    0 7335          -  279.40000      -     -  217s
     0     0  279.40000    0 8552          -  279.40000      -     -  234s
     0     0  279.40000    0 8674          -  279.40000      -     -  235s
     0     0  279.40000    0 4208          -  279.40000      -     -  256s
     0     0  279.40000    0 3949          -  279.40000      -     -  276s
     0     0  279.44930    0 9427          -  279.44930      -     -  283s
     0     0  279.44930    0 9427          -  279.44930      -     -  283s
     0     0  279.44930    0 4544          -  279.44930      -     -  301s
     0     0  279.59835    0 4648          -  279.59835      -     -  303s
     0     0  279.59835    0 4664          -  279.59835      -     -  303s
     0     0  280.56870    0 8973          -  280.56870      -     -  309s
     0     0  280.56870    0 7331          -  280.56870      -     -  311s
     0     0  281.66926    0 7079          -  281.66926      -     -  315s
     0     0  281.66926    0 8108          -  281.66926      -     -  316s
     0     0  281.66926    0 5642          -  281.66926      -     -  320s
     0     0  281.66926    0 7167          -  281.66926      -     -  321s
     0     0  281.66926    0 13297          -  281.66926      -     -  326s
     0     0  281.66926    0 8056          -  281.66926      -     -  340s
     0     0  281.66926    0 9276          -  281.66926      -     -  343s
     0     0  281.66926    0 8896          -  281.66926      -     -  343s
     0     0  281.81671    0 8382          -  281.81671      -     -  349s
     0     0  281.81671    0 6657          -  281.81671      -     -  362s
     0     0  281.81671    0 5217          -  281.81671      -     -  364s
     0     0  282.95121    0 5227          -  282.95121      -     -  373s
     0     0  282.95121    0 6113          -  282.95121      -     -  376s
     0     0  283.30000    0 6019          -  283.30000      -     -  380s
     0     0  283.30000    0 4137          -  283.30000      -     -  384s
     0     0  283.30000    0 6172          -  283.30000      -     -  387s
     0     0  283.30000    0 7067          -  283.30000      -     -  389s
     0     0  283.30000    0 8758          -  283.30000      -     -  394s
     0     0  283.30000    0 2225          -  283.30000      -     -  413s
     0     0  283.30000    0 3397          -  283.30000      -     -  417s
     0     0  283.30000    0 7616          -  283.30000      -     -  423s
     0     0  283.30000    0 6249          -  283.30000      -     -  451s
     0     0  283.30000    0 6249          -  283.30000      -     -  453s
     0     0  283.30000    0 5295          -  283.30000      -     -  460s
     0     2  283.30000    0 5270          -  283.30000      -     -  479s
     1     4  283.30000    1 7588          -  283.30000      -   994  481s
     3     8  283.30000    2 6813          -  283.30000      -   832  487s
     7    11  283.30000    3 8853          -  283.30000      -   907  491s
    11    17  283.30000    4 8880          -  283.30000      -   827  495s
    25    37  283.30000   10 12561          -  283.30000      -   720  504s
    37    75  283.42611   16 12080          -  283.30000      -   589  517s
    79    93  286.17986   31 10794          -  283.30000      -   336  525s
    97   134  286.53483   33 10792          -  283.30000      -   280  534s
   143   162  294.32771   51 9586          -  283.30000      -   235  539s
   178   183 infeasible   60               -  283.30000      -   242  544s
   201   207  310.41451   70 13041          -  283.30000      -   246  550s
   227   231  318.17820   71 13195          -  283.30000      -   258  555s
   254   239  318.80000   73 5469          -  283.30000      -   254  565s
   262   251  318.96561   75 15039          -  283.30000      -   279  570s
   274   279  319.11195   76 4596          -  283.30000      -   287  575s
   302   299  319.93831   80 8681          -  283.30000      -   282  581s
   322   317  320.25899   83 4510          -  283.30000      -   283  586s
   340   350  320.47425   84 4509          -  283.30000      -   277  594s
   373   358  320.94416   87 9479          -  283.30000      -   266  599s
   381   369  321.16098   89 9578          -  283.30000      -   271  612s
   392   389  321.18684   91 8688          -  283.30000      -   276  620s
   412   405  321.38313   93 7522          -  283.30000      -   280  629s
   428   413  321.50272   94 8492          -  283.30000      -   281  640s
   436   421  321.90125   95 11576          -  283.30000      -   288  653s
   444   428  322.57902   99 5544          -  283.30000      -   296  663s
   451   464  345.58858   99 12468          -  283.30000      -   298  670s
   487   482  335.14075  101 12785          -  283.30000      -   299  682s
   505   520  331.35851  101 12776          -  283.30000      -   299  692s
   544   563  333.47670  104 9344          -  283.30000      -   295  700s
   587   588  409.45850  105 8673          -  283.30000      -   298  711s
   615   607  347.54392  108 8582          -  283.30000      -   295  760s
   634   641  390.38889  108 12474          -  283.30000      -   298  793s
   668   665  347.54392  109 8587          -  283.30000      -   286  851s
   692   704  347.54392  110 8492          -  283.30000      -   287  893s
   731   750  347.92056  111 6959          -  283.30000      -   277  940s
   777   754  348.05865  112 6427          -  283.30000      -   268  984s
   781   758  348.05865  113 6286          -  283.30000      -   266 1020s
   785   762  348.12783  114 6287          -  283.30000      -   266 1069s
   789   765  348.12783  115 6287          -  283.30000      -   265 1115s
   793   769  361.53246  116 6253          -  283.30000      -   264 1154s
   797   812  362.30303  117 4735          -  283.30000      -   263 1186s
   840   834 infeasible  117               -  283.30000      -   252 1198s
   868   924  366.20661  128 5352          -  283.30000      -   249 1209s
   958  1000  369.02169  170 3729          -  283.30000      -   229 1221s
  1036  1070  377.55604  193 6535          -  283.30000      -   216 1272s
  1106  1138  423.63683  206 1441          -  283.30000      -   206 1283s
  1174  1211  427.16111  213 2964          -  283.30000      -   198 1295s
  1247  1339  430.06623  222 2409          -  283.30000      -   191 1310s
  1375  1479  430.19878  284 2938          -  283.30000      -   173 1323s
  1515  1633  430.35741  353 2734          -  283.30000      -   158 1335s
  1669  1800  430.86507  428 2598          -  283.30000      -   145 1349s
  1838  1986  431.53261  509 3844          -  283.30000      -   133 1371s
  2024  2116  435.49206  600 5180          -  283.30000      -   122 1383s
  2157  2239 infeasible  627               -  283.30000      -   118 1395s
  2285  2312  283.30000   15 7321          -  283.30000      -   116 1427s
  2359  2454  283.30000   35 9382          -  283.30000      -   119 1445s
  2501  2681  291.78630   46 8720          -  283.30000      -   119 1463s
  2747  2905 infeasible  104               -  283.30000      -   113 1477s
  2975  3166  364.61856  123 4017          -  283.30000      -   108 1493s
  3236  3518  365.80254  150 1958          -  283.30000      -   104 1511s
  3602  3837  366.91757  207 2378          -  283.30000      -   100 1527s
  3927  4074  369.46711  260  973          -  283.30000      -  97.8 1546s
  4176  4453  370.76307  301  671          -  283.30000      -  99.4 1564s
  4561  4936  372.81001  375  976          -  283.30000      -  96.3 1583s
  5058  5283  378.68300  448  545          -  283.30000      -  91.1 1604s
  5433  5284  391.44559  293 5295          -  283.30000      -  89.9 1676s
  5435  5285  559.35486 1065 11536          -  283.30000      -  89.9 1780s
  5436  5286  397.42331  574 10276          -  283.32835      -  89.9 1803s
  5437  5287  442.88619  333 9859          -  283.57865      -  89.9 1846s
  5438  5287  419.48105 1775 7463          -  284.00706      -  89.9 1904s
  5439  5288  440.98500  439 7690          -  284.60712      -  89.8 1987s
  5440  5289  396.98754  536 6961          -  285.13103      -  89.8 2017s
  5441  5289  408.25419  140 6855          -  285.62419      -  89.8 2076s
  5442  5290  424.82292 1641 7379          -  285.62442      -  89.8 2118s
  5443  5291  413.42291 1594 7419          -  286.43579      -  89.8 2190s
  5444  5291  367.15146  387 7393          -  287.51517      -  89.8 2221s
  5445  5292  366.97057  199 7252          -  287.52258      -  89.7 2265s
  5446  5293  383.83902  462 5348          -  287.54484      -  89.7 2305s
  5447  5293  439.37857  951 7260          -  287.54531      -  89.7 2351s
  5448  5294  368.12071  534 7118          -  287.54531      -  89.7 2394s
  5449  5295  431.47747  932 7293          -  287.54531      -  89.7 2433s
  5450  5295  389.23575  856 7366          -  287.54531      -  89.7 2464s
  5451  5296  307.34888   87 6078          -  287.54531      -  89.6 2509s
  5452  5297  287.54531  138 5088          -  287.54531      -  89.6 2539s
H 5452  5031                     550.9000000  287.55014  47.8%  89.6 2542s
  5453  5031  287.55014    5 5097  550.90000  287.55014  47.8%  89.6 2558s
H 5453  4779                     542.7000000  287.56416  47.0%  89.6 2589s
H 5453  4540                     542.1000000  287.56416  47.0%  89.6 2591s
H 5453  4313                     540.4000000  287.56416  46.8%  89.6 2591s
H 5453  4097                     537.4000000  287.56416  46.5%  89.6 2598s
H 5453  3891                     532.1000000  287.56416  46.0%  89.6 2611s
H 5453  3697                     531.5000000  287.56416  45.9%  89.6 2625s
  5454  3698  377.50826  241 1609  531.50000  287.56416  45.9%  89.6 2631s
H 5454  3512                     525.5000000  287.56420  45.3%  89.6 2634s
  5455  3513  435.70000  120 2985  525.50000  287.56420  45.3%  89.6 2652s
  5456  3513  399.13054 1319 2109  525.50000  287.56894  45.3%  89.6 2681s
  5457  3514  376.02801  517 5522  525.50000  287.56894  45.3%  89.5 2711s
  5458  3515  399.62806 1508 1954  525.50000  287.57553  45.3%  89.5 2743s
  5459  3515  433.42852  519 4109  525.50000  287.57553  45.3%  89.5 2759s
  5460  3516  432.66261  568 4283  525.50000  287.57595  45.3%  89.5 2796s
  5461  3517  431.14790  466 3907  525.50000  287.57728  45.3%  89.5 2820s
  5462  3517  320.75805   82 1591  525.50000  287.57967  45.3%  89.5 2850s
  5463  3518  302.39660   14 3990  525.50000  287.58220  45.3%  89.4 2864s
  5464  3519  320.59678   80 3653  525.50000  287.59560  45.3%  89.4 2892s
  5465  3519  373.91605  778 5039  525.50000  287.59872  45.3%  89.4 2913s
  5466  3520  287.92944   76 5632  525.50000  287.62325  45.3%  89.4 2950s
  5467  3521  399.04912 1321 5735  525.50000  287.62325  45.3%  89.4 2973s
  5468  3521  309.91662   71 2960  525.50000  287.62449  45.3%  89.4 3005s
  5469  3522  432.12123  554 3195  525.50000  287.62449  45.3%  89.3 3023s
  5470  3523  437.28975  937 2031  525.50000  287.62449  45.3%  89.3 3044s
  5471  3523  350.40302   83 3289  525.50000  287.63065  45.3%  89.3 3061s
  5472  3524  313.51558  410 2382  525.50000  287.63065  45.3%  89.3 3090s
  5473  3525  387.28325  407 3753  525.50000  287.63065  45.3%  89.3 3104s
  5474  3525  448.20012 1164 2958  525.50000  287.63065  45.3%  89.3 3129s
  5475  3526  422.13321  774 5961  525.50000  287.63065  45.3%  89.2 3153s
  5476  3527  292.54727  147 2124  525.50000  287.63082  45.3%  89.2 3184s
  5477  3527  399.18109 1294 3070  525.50000  287.63240  45.3%  89.2 3205s
  5478  3528  365.32285  378 2343  525.50000  287.63240  45.3%  89.2 3222s
  5479  3529  384.46351  824 2214  525.50000  287.63240  45.3%  89.2 3232s
  5480  3529  287.63240   12 1703  525.50000  287.63240  45.3%  89.2 3252s
  5481  3530  414.58294  672 2692  525.50000  287.63240  45.3%  89.1 3267s
  5482  3531  450.38426  528 3027  525.50000  287.63241  45.3%  89.1 3293s
  5483  3531  365.70873  145 3123  525.50000  287.63241  45.3%  89.1 3322s
  5484  3532  400.25771 1269 3095  525.50000  287.63241  45.3%  89.1 3352s
  5485  3533  399.53167 1492 5127  525.50000  287.63241  45.3%  89.1 3388s
H 5485  3356                     520.2000000  287.66352  44.7%  89.1 3427s
  5487  3357  428.45840  470 6358  520.20000  287.66352  44.7%  89.1 3457s
  5488  3358  338.38641   77 5006  520.20000  287.66352  44.7%  89.0 3486s
  5489  3358  302.22520  236 5411  520.20000  287.66352  44.7%  89.0 3513s
  5490  3359  431.22140  475 5242  520.20000  287.66352  44.7%  89.0 3546s
  5491  3360  464.22116  279 5521  520.20000  287.66352  44.7%  89.0 3563s
  5492  3360  302.45271  357 5027  520.20000  287.66352  44.7%  89.0 3584s
  5493  3361  428.28641 1088 5520  520.20000  287.66352  44.7%  89.0 3596s
  5494  3362  493.17784  623 5409  520.20000  287.66352  44.7%  88.9 3625s
  5497  3365  393.44241  919 5295  520.20000  287.66352  44.7%   217 3669s
H 5498  3197                     519.9000000  287.66352  44.7%   217 3726s
H 5498  3037                     515.6000000  287.66352  44.2%   217 3728s
  5499  3037  391.74813  854 7542  515.60000  287.66352  44.2%   217 3783s
H 5499  2885                     514.8000000  287.66352  44.1%   217 3789s
  5500  2886  438.61949  929 8144  514.80000  287.66352  44.1%   217 3824s
H 5500  2742                     513.9000000  287.66352  44.0%   217 3885s
  5501  2743  357.12786  132 7196  513.90000  287.66352  44.0%   217 3935s
H 5501  2606                     511.4000000  287.66352  43.7%   217 3938s
H 5501  2475                     510.8000000  287.66352  43.7%   217 3985s
H 5501  2352                     508.6000000  287.66352  43.4%   217 3985s
H 5502  2234                     501.0000000  287.66352  42.6%   217 4029s
  5503  2235  391.71665  733 4573  501.00000  287.66352  42.6%   217 4077s
  5504  2236  309.04604   29 4356  501.00000  287.66352  42.6%   217 4112s
  5505  2236  391.52101  489 4350  501.00000  287.66352  42.6%   217 4164s
H 5505  2124                     499.2000000  287.66352  42.4%   217 4196s
H 5506  2018                     456.5000000  287.66352  37.0%   217 4219s
H 5506  1917                     448.1000000  287.66352  35.8%   217 4219s
H 5506  1821                     447.2000000  287.66352  35.7%   217 4219s
H 5506  1730                     445.5000000  287.66352  35.4%   217 4219s
H 5506  1643                     444.8000000  287.66352  35.3%   217 4219s
  5507  1644  309.71456  270 4838  444.80000  287.66352  35.3%   216 4233s
H 5507  1562                     443.4000000  287.66352  35.1%   216 4234s
H 5507  1484                     441.4000000  287.66352  34.8%   216 4234s
H 5507  1409                     440.8000000  287.66352  34.7%   216 4234s
  5508  1409  440.80000 1011 3586  440.80000  287.66352  34.7%   216 4260s
  5509  1410  424.46038 1636 3918  440.80000  287.66352  34.7%   216 4289s
  5510  1411  440.80000  820 3677  440.80000  287.66352  34.7%   216 4345s
  5511  1411  392.11869  177 6743  440.80000  287.66352  34.7%   216 4388s
  5512  1412  299.68058  265 5986  440.80000  287.66556  34.7%   216 4421s
  5513  1413  302.46920  358 6402  440.80000  287.68544  34.7%   216 4479s
  5514  1413  440.80000  774 5129  440.80000  287.69009  34.7%   216 4524s
  5515  1414  295.83443  309 7255  440.80000  287.70834  34.7%   216 4603s
  5516  1415  366.49129  166 5309  440.80000  287.77130  34.7%   216 4644s
  5517  1415  327.56765  130 5443  440.80000  287.77440  34.7%   216 4676s
  5518  1416  309.04604   51 5923  440.80000  287.77898  34.7%   216 4705s
  5519  1417  316.70000   56 7172  440.80000  287.79365  34.7%   216 4734s
  5520  1417  307.57131  390 7547  440.80000  287.83643  34.7%   216 4773s
  5521  1418  431.28320  481 7438  440.80000  287.83643  34.7%   216 4805s
  5522  1419  391.63694  132 5412  440.80000  287.84522  34.7%   216 4865s
  5523  1419  377.63156  244 7218  440.80000  287.84571  34.7%   216 4898s
  5524  1420  440.80000  446 5577  440.80000  287.84718  34.7%   216 4926s
  5525  1421  308.76044  377 6684  440.80000  287.85012  34.7%   216 4960s
  5526  1421  421.61331 1768 8216  440.80000  287.85080  34.7%   216 4992s
  5527  1422  440.80000  313 7947  440.80000  287.85082  34.7%   216 5013s
  5528  1423  440.80000  441 6746  440.80000  287.85115  34.7%   216 5040s
  5529  1423  287.85321   10 5351  440.80000  287.85321  34.7%   216 5068s
  5530  1424  332.84099   42 4089  440.80000  287.86098  34.7%   216 5117s
H 5530  1353                     439.1000000  287.86098  34.4%   216 5118s
  5531  1354  306.00445   44 4987  439.10000  287.86098  34.4%   216 5135s
  5532  1354  350.96084  292 4910  439.10000  287.86857  34.4%   215 5167s
  5533  1355  391.44559  293 5041  439.10000  287.87395  34.4%   215 5200s
  5534  1356  391.54396  550 3968  439.10000  287.89724  34.4%   215 5227s
  5535  1356  439.10000 1065 4058  439.10000  287.89758  34.4%   215 5259s
  5536  1357  397.42331  574 4002  439.10000  287.89758  34.4%   215 5284s
  5537  1358  439.10000  333 4705  439.10000  287.94410  34.4%   215 5312s
  5538  1358  419.48105 1775 3816  439.10000  287.94566  34.4%   215 5345s
  5539  1359  439.10000  439 3004  439.10000  287.94611  34.4%   215 5365s
  5540  1360  396.98754  536 3585  439.10000  287.94709  34.4%   215 5399s
  5541  1360  408.25419  140 3982  439.10000  287.94709  34.4%   215 5417s
  5542  1361  424.82292 1641 3334  439.10000  287.94793  34.4%   215 5514s
  5543  1362  413.42291 1594 4878  439.10000  287.94841  34.4%   215 5535s
  5544  1362  367.15146  387 3428  439.10000  287.94841  34.4%   215 5557s
  5545  1363  366.97057  199 3891  439.10000  287.95223  34.4%   215 5582s
  5546  1364  383.83902  462 4421  439.10000  287.96296  34.4%   215 5603s
  5547  1364  439.10000  951 4871  439.10000  287.96296  34.4%   215 5618s
  5548  1365  368.12071  534 3434  439.10000  287.98131  34.4%   215 5655s
  5549  1366  431.47747  932 5311  439.10000  287.98150  34.4%   215 5669s
  5550  1366  389.23575  856 2601  439.10000  288.02503  34.4%   215 5701s
  5551  1367  307.34888   87 3519  439.10000  288.02629  34.4%   215 5725s
  5552  1368  288.02629  138 2566  439.10000  288.02629  34.4%   215 5759s
  5553  1368  288.02682    5 4762  439.10000  288.02682  34.4%   215 5781s
  5554  1369  377.50826  241 3003  439.10000  288.02682  34.4%   215 5801s
  5555  1370  435.70000  120 4190  439.10000  288.02719  34.4%   215 5815s
  5556  1370  399.13054 1319 2674  439.10000  288.02743  34.4%   215 5835s
  5557  1371  376.02801  517 4166  439.10000  288.02789  34.4%   215 5847s
  5558  1372  399.62806 1508 2843  439.10000  288.02789  34.4%   214 5871s
  5559  1372  433.42852  519 4544  439.10000  288.02826  34.4%   214 5888s
  5560  1373  432.66261  568 3303  439.10000  288.02826  34.4%   214 5910s
  5561  1374  431.14790  466 4559  439.10000  288.03009  34.4%   214 5922s
  5562  1374  320.75805   82 3877  439.10000  288.03176  34.4%   214 5944s
  5563  1375  302.39660   14 5962  439.10000  288.03239  34.4%   214 5978s
  5564  1376  320.59678   80 3444  439.10000  288.03654  34.4%   214 6011s
  5565  1376  373.91605  778 6712  439.10000  288.03733  34.4%   214 6056s
  5566  1377  288.03756   76 4463  439.10000  288.03756  34.4%   214 6093s
  5567  1378  399.04912 1321 4828  439.10000  288.03756  34.4%   214 6121s
  5568  1378  309.91662   71 5463  439.10000  288.03790  34.4%   214 6156s
  5569  1379  432.12123  554 5165  439.10000  288.03796  34.4%   214 6171s
  5570  1380  437.28975  937 4148  439.10000  288.03796  34.4%   214 6201s
  5571  1380  350.40302   83 5955  439.10000  288.03804  34.4%   214 6227s
  5572  1381  313.51558  410 4283  439.10000  288.03804  34.4%   214 6253s
  5575  1384  422.13321  774 5295  439.10000  288.03804  34.4%   358 6292s
  5577  1385  399.18109 1294 3718  439.10000  288.03804  34.4%   358 6386s
  5578  1386  365.32285  378 5205  439.10000  288.03804  34.4%   358 6418s
  5579  1387  384.46351  824 5031  439.10000  288.03804  34.4%   358 6451s
  5580  1387  288.03804   12 5617  439.10000  288.03804  34.4%   358 6472s
  5581  1388  414.58294  672 6247  439.10000  288.03804  34.4%   358 6525s
  5582  1389  439.10000  528 5358  439.10000  288.03804  34.4%   358 6554s
  5583  1389  365.70873  145 4278  439.10000  288.03804  34.4%   357 6593s
  5584  1390  400.25771 1269 4786  439.10000  288.04047  34.4%   357 6642s
  5585  1391  399.53167 1492 7378  439.10000  288.10130  34.4%   357 6690s
  5586  1391  400.45525 1513 4367  439.10000  288.11533  34.4%   357 6718s
  5587  1392  428.45840  470 5133  439.10000  288.13225  34.4%   357 6757s
  5588  1393  338.38641   77 4215  439.10000  288.13294  34.4%   357 6783s
  5589  1393  302.22520  236 4814  439.10000  288.15503  34.4%   357 6816s
  5590  1394  431.22140  475 4369  439.10000  288.16054  34.4%   357 6849s
  5591  1395  439.10000  279 4511  439.10000  288.16110  34.4%   357 6869s
  5592  1395  302.45271  357 4297  439.10000  288.16170  34.4%   357 6891s
  5593  1396  428.28641 1088 3908  439.10000  288.16200  34.4%   357 6916s
  5594  1397  439.10000  623 2556  439.10000  288.16437  34.4%   357 6939s
  5595  1397  433.66640  496 3724  439.10000  288.16845  34.4%   357 6953s
  5596  1398  399.18109 1294 4472  439.10000  288.16884  34.4%   357 6982s
  5597  1399  393.44241  919 3408  439.10000  288.17082  34.4%   357 6994s
  5598  1399  377.95000  138 3608  439.10000  288.17476  34.4%   356 7041s
  5599  1400  391.74813  854 4787  439.10000  288.17701  34.4%   356 7060s
  5600  1401  438.61949  929 2166  439.10000  288.17701  34.4%   356 7089s
  5601  1401  357.12786  132 4181  439.10000  288.17701  34.4%   356 7103s
  5602  1402  317.48521  133 2360  439.10000  288.17701  34.4%   356 7127s
  5603  1403  391.71665  733 3299  439.10000  288.17725  34.4%   356 7145s

Cutting planes:
  Gomory: 11
  Cover: 44
  Implied bound: 31
  Projected implied bound: 21
  Clique: 11
  MIR: 39
  Mixing: 1
  StrongCG: 3
  Flow cover: 98
  GUB cover: 60
  Zero half: 20
  RLT: 64
  Relax-and-lift: 27

Explored 5603 nodes (2665873 simplex iterations) in 7200.14 seconds (4846.26 work units)
Thread count was 4 (of 8 available processors)

Solution count 10: 439.1 440.8 441.4 ... 499.2

Time limit reached
Best objective 4.391000000000e+02, best bound 2.882000000000e+02, gap 34.3657%
