
Gurobi 13.0.2 (linux64) logging started Mon Jul 13 19:22:59 2026

Set parameter LogFile to value "src/Resultados/Restriccion_solo_cliques/logs/RC208-25.xml_log.log"
Set parameter Threads to value 4
Gurobi Optimizer version 13.0.2 build v13.0.2rc1 (linux64 - "Rocky Linux 9.7 (Blue Onyx)")

CPU model: QEMU Virtual CPU version 2.5+, instruction set [SSE2]
Thread count: 8 physical cores, 8 logical processors, using up to 4 threads

Non-default parameters:
TimeLimit  7200
Threads  4

Optimize a model with 114726 rows, 67845 columns and 471855 nonzeros (Min)
Model fingerprint: 0x735d29ab
Model has 5490 linear objective coefficients
Variable types: 15450 continuous, 52395 integer (52380 binary)
Coefficient statistics:
  Matrix range     [1e+00, 2e+05]
  Objective range  [2e+00, 6e+01]
  Bounds range     [1e+00, 2e+03]
  RHS range        [1e+00, 2e+05]

Presolve removed 37679 rows and 120 columns
Presolve time: 2.15s
Presolved: 77047 rows, 67725 columns, 326370 nonzeros
Variable types: 375 continuous, 67350 integer (59220 binary)
Deterministic concurrent LP optimizer: primal and dual simplex
Showing primal log only...


Root simplex log...

Iteration    Objective       Primal Inf.    Dual Inf.      Time
   26657    4.1141510e+02   1.749133e+02   2.102921e+09      5s
   30473    3.9682122e+02   5.932924e+00   1.539846e+09     10s
   33984    3.9819853e+02   4.359632e-01   3.888393e+10     15s
   37835    2.9081184e+02   0.000000e+00   2.815131e+05     20s
   41594    2.7130000e+02   1.277423e+01   0.000000e+00     25s
   44641    2.7130000e+02   1.762983e+00   0.000000e+00     30s
   46549    2.7130000e+02   9.284402e-01   0.000000e+00     35s
   48069    2.7130000e+02   0.000000e+00   0.000000e+00     39s
Concurrent spin time: 6.66s (can be avoided by choosing Method=3)

Solved with primal simplex

Root relaxation: objective 2.713000e+02, 48069 iterations, 42.24 seconds (38.23 work units)

    Nodes    |    Current Node    |     Objective Bounds      |     Work
 Expl Unexpl |  Obj  Depth IntInf | Incumbent    BestBd   Gap | It/Node Time

     0     0  271.30000    0 2103          -  271.30000      -     -   53s
     0     0  271.30000    0 2351          -  271.30000      -     -   54s
     0     0  271.30000    0 7080          -  271.30000      -     -   81s
     0     0  271.30000    0 7221          -  271.30000      -     -   83s
     0     0  271.30000    0 9120          -  271.30000      -     -   93s
     0     0  271.30000    0 9454          -  271.30000      -     -   93s
     0     0  271.30000    0 2806          -  271.30000      -     -  108s
     0     0  271.30000    0 2626          -  271.30000      -     -  117s
     0     0  271.30000    0 4269          -  271.30000      -     -  117s
     0     0  271.30000    0 7086          -  271.30000      -     -  137s
     0     0  271.30000    0 7039          -  271.30000      -     -  137s
     0     0  271.30000    0 4646          -  271.30000      -     -  160s
     0     0  271.30000    0 6169          -  271.30000      -     -  161s
     0     0  271.30000    0 6415          -  271.30000      -     -  182s
     0     0  271.30000    0 3803          -  271.30000      -     -  208s
     0     0  271.30000    0 3803          -  271.30000      -     -  229s
     0     0  271.30000    0 3803          -  271.30000      -     -  235s
     0     2  271.30000    0 3803          -  271.30000      -     -  254s
     1     4  271.30000    1 3791          -  271.30000      -   1.0  260s
     7     8  271.30000    3 4954          -  271.30000      -  1391  269s
    11    12  271.30000    4 5291          -  271.30000      -  1276  276s
    15    16  271.30000    5 5467          -  271.30000      -  1142  281s
    19    20  271.37440    5 6550          -  271.30000      -  1199  290s
    23    28  271.30000    6 5465          -  271.30000      -  1084  295s
    31    33  271.37395    6 8067          -  271.30000      -   938  310s
    44    49  271.30000    8 5955          -  271.30000      -   782  319s
    52    57  275.35000    8 6639          -  271.30000      -   695  323s
    60    65  275.32436    9 5326          -  271.30000      -   651  329s
    68    77  271.30000    9 5955          -  271.30000      -   579  332s
    92   107  271.30000   16 11533          -  271.30000      -   473  344s
   110   164  271.30000   21 8813          -  271.30000      -   450  352s
   167   213  271.30000   37 8449          -  271.30000      -   343  362s
   216   332  271.30000   45 3701          -  271.30000      -   309  370s
   335   450  271.30054   73 6322          -  271.30000      -   223  379s
   453   607  271.30073  126 8401          -  271.30000      -   188  387s
   610   760  271.30093  168 6329          -  271.30000      -   151  395s
   763   887  271.30142  213 8574          -  271.30000      -   128  401s
   890   961  271.30167  251 10652          -  271.30000      -   114  406s
   964  1054  271.30320  271 12709          -  271.30000      -   109  411s
  1057  1164  271.30342  290 8376          -  271.30000      -   104  416s
  1167  1260  271.30375  315 10561          -  271.30000      -  97.9  422s
  1263  1304  271.30465  342 8454          -  271.30000      -  93.6  432s
  1307  1358  271.30503  361 10456          -  271.30000      -  93.6  437s
  1361  1385  271.30536  397 8469          -  271.30000      -  92.5  443s
  1388  1412  271.30562  404 10538          -  271.30000      -  94.7  453s
  1415  1475  271.30562  405 10537          -  271.30000      -  94.4  462s
  1478  1515  271.30615  449 10544          -  271.30000      -  92.0  480s
  1518  1560  271.30631  459 14712          -  271.30000      -  92.0  505s
  1563  1594  271.30632  460 14714          -  271.30000      -  93.5  510s
  1597  1628  271.30634  461 12635          -  271.30000      -  95.9  516s
  1631  1650  271.30639  462 12618          -  271.30000      -  98.3  531s
  1666  1749  271.37687  463 12503          -  271.30000      -   101  537s
  1765  1865  271.37890  464 10506          -  271.30000      -  99.0  556s
  1881  2009  271.39101  465 10500          -  271.30000      -  95.4  565s
  2027  2107  271.39867  466 12584          -  271.30000      -  93.3  575s
  2125  2425  271.39967  471 12528          -  271.30000      -  95.4  589s
  2444  2634  271.43242  552 14039          -  271.30000      -  87.4  602s
  2681  2892  271.56744  633 9874          -  271.30000      -  86.3  616s
  2946  2893  280.50000   90 3803          -  271.30000      -  83.8  779s
  2947  2894  281.30000  347 3803          -  271.30000      -  83.7  780s
  2948  2894  271.32768  169 11697          -  271.32768      -  83.7  838s
  2949  2895  278.11217  169 9737          -  271.69458      -  83.7  857s
  2950  2896  278.04255   58 8926          -  272.01212      -  83.6  895s
  2951  2896  280.30000  473 5043          -  272.70976      -  83.6  915s
  2952  2897  275.70000  182 5349          -  272.95823      -  83.6  948s
  2953  2898  280.10000  630 5088          -  273.50069      -  83.6  961s
  2954  2898  273.93824  150 5739          -  273.93824      -  83.5  978s
  2955  2899  274.28622  128 6147          -  274.28622      -  83.5  991s
  2956  2900  294.50000  415 5654          -  274.28647      -  83.5 1002s
  2957  2900  274.29260  118 5706          -  274.29260      -  83.5 1017s
  2958  2901  311.30000  478 5191          -  274.29260      -  83.4 1029s
  2959  2902  281.60000  254 5236          -  274.89603      -  83.4 1045s
  2960  2902  280.10000  140 5242          -  275.44686      -  83.4 1054s
  2961  2903  275.44772  144 3159          -  275.44772      -  83.3 1069s
  2962  2904  275.44772   76 4174          -  275.44772      -  83.3 1079s
  2963  2904  279.20000  325 4504          -  275.44780      -  83.3 1118s
  2964  2905  283.50000  416 5120          -  276.65000      -  83.3 1143s
  2965  2906  278.58316  127 4487          -  276.65000      -  83.2 1162s
  2966  2906  276.65000  327 5635          -  276.65000      -  83.2 1174s
  2967  2907  286.70000  318 3546          -  276.65000      -  83.2 1195s
  2968  2908  276.65000   20 3570          -  276.65000      -  83.1 1217s
  2969  2908  283.60000  332 4192          -  276.65000      -  83.1 1236s
  2970  2909  280.20000  349 4167          -  276.65000      -  83.1 1248s
  2971  2910  276.65000  166 3709          -  276.65000      -  83.1 1270s
  2972  2910  279.00000  353 3326          -  276.65000      -  83.0 1282s
  2973  2911  276.65000   36 2105          -  276.65000      -  83.0 1297s
  2974  2912  276.65000   52 3255          -  276.65000      -  83.0 1306s
  2975  2912  278.80000  182 5591          -  276.65000      -  82.9 1330s
  2976  2913  279.76838  194 6056          -  276.65000      -  82.9 1344s
  2977  2914  276.65000  385 6031          -  276.65000      -  82.9 1361s
  2978  2914  276.65000  257 5539          -  276.65000      -  82.9 1370s
  2979  2915  280.50000  335 3218          -  276.65000      -  82.8 1457s
  2980  2916  276.65000   33 2498          -  276.65000      -  82.8 1466s
  2981  2916  280.50000  212 2319          -  276.65000      -  82.8 1485s
  2982  2917  279.40000  205 3803          -  276.65000      -  82.8 1494s
  2983  2918  279.70000  323 1770          -  276.65000      -  82.7 1511s
  2984  2918  276.80000  192 1489          -  276.65000      -  82.7 1515s
  2985  2919  276.65000  223 2605          -  276.65000      -  82.7 1533s
  2986  2920  276.65000   14 2705          -  276.65000      -  82.6 1540s
  2987  2920  276.65000   24 2250          -  276.65000      -  82.6 1555s
  2989  2922  276.65000  124 2717          -  276.65000      -  82.6 1571s
  2990  2922  276.65000  612 3428          -  276.65000      -  82.5 1579s
  2991  2923  276.65000   41 1975          -  276.65000      -  82.5 1594s
  2992  2924  280.20000  562 3606          -  276.65000      -  82.5 1600s
  2993  2924  279.60000  335 2163          -  276.65000      -  82.4 1620s
  2994  2925  284.90000  578 4015          -  276.65000      -  82.4 1634s
  2995  2926  279.60000  363 4929          -  276.65000      -  82.4 1654s
  2996  2926  276.65000  342 5531          -  276.65000      -  82.4 1666s
  2997  2927  281.20000  482 5223          -  276.65000      -  82.3 1692s
  2998  2928  276.65000   96 5640          -  276.65000      -  82.3 1699s
  2999  2928  278.00000  395 5946          -  276.65000      -  82.3 1716s
  3000  2929  286.70000  318 6648          -  276.65000      -  82.3 1727s
  3001  2930  288.50000  277 6806          -  276.65000      -  82.2 1745s
  3002  2930  276.65000   39 6722          -  276.65000      -  82.2 1756s
  3003  2931  291.84527  703 6789          -  276.65000      -  82.2 1773s
  3004  2932  279.60000  351 6108          -  276.65000      -  82.1 1781s
  3005  2932  279.20000  302 6469          -  276.65000      -  82.1 1796s
  3006  2933  276.65000  196 6206          -  276.65000      -  82.1 1803s
  3007  2934  283.50000  486 6588          -  276.65000      -  82.1 1820s
  3008  2934  290.30000  566 6578          -  276.65000      -  82.0 1830s
  3009  2935  281.00000  486 6362          -  276.65000      -  82.0 1850s
  3010  2936  276.65000   23 6127          -  276.65000      -  82.0 1855s
  3011  2936  276.65000   38 6908          -  276.65000      -  82.0 1875s
  3012  2937  283.40000  310 6595          -  276.65000      -  81.9 1881s
  3013  2938  276.65000   25 6226          -  276.65000      -  81.9 1898s
  3014  2938  278.04255   82 6629          -  276.65000      -  81.9 1904s
  3015  2939  276.65000   51 6415          -  276.65000      -  81.8 1919s
  3016  2940  276.65000   40 6145          -  276.65000      -  81.8 1926s
  3017  2940  276.65000   87 5460          -  276.65000      -  81.8 1947s
  3018  2941  283.60000  309 4912          -  276.65000      -  81.8 1953s
  3019  2942  276.70517  332 4389          -  276.70517      -  81.7 1964s
  3020  2942  278.63981  310 6028          -  276.74807      -  81.7 1976s
  3021  2943  276.80000  280 5747          -  276.74814      -  81.7 1994s
  3022  2944  278.05222  109 6383          -  276.78677      -  81.7 2002s
  3023  2944  288.50000  222 5882          -  277.05579      -  81.6 2016s
  3024  2945  277.12591  291 6269          -  277.12591      -  81.6 2027s
  3025  2946  277.17297  265 5077          -  277.17297      -  81.6 2043s
  3026  2946  278.20000  264 5593          -  277.17297      -  81.5 2059s
  3027  2947  278.80000  407 5639          -  277.17297      -  81.5 2073s
  3028  2948  278.00000  398 4696          -  277.23699      -  81.5 2084s
  3029  2948  277.27724  397 4976          -  277.27724      -  81.5 2096s
  3030  2949  277.27724  284 4982          -  277.27724      -  81.4 2102s
  3031  2950  279.60000  357 5238          -  277.40677      -  81.4 2116s
  3032  2950  288.50000  346 5558          -  277.44433      -  81.4 2132s
  3033  2951  280.20000  212 4802          -  277.45624      -  81.4 2145s
  3034  2952  277.70000  163 6118          -  277.47913      -  81.3 2154s
  3035  2952  281.90000  252 5342          -  277.47913      -  81.3 2173s
  3036  2953  279.40000  199 7258          -  277.48201      -  81.3 2186s
  3037  2954  280.20000  350 5981          -  277.48201      -  81.3 2201s
  3038  2954  277.52675  350 6369          -  277.52675      -  81.2 2207s
  3039  2955  282.00000   19 5752          -  277.52675      -  81.2 2220s
  3040  2956  277.54420  172 5977          -  277.54420      -  81.2 2228s
  3041  2956  279.80000  269 5537          -  277.57146      -  81.1 2249s
  3042  2957  278.04255   78 5901          -  277.57146      -  81.1 2266s
  3043  2958  288.50000  551 5952          -  277.57361      -  81.1 2279s
  3044  2958  277.59189  209 5634          -  277.59189      -  81.1 2292s
  3045  2959  277.59569  436 5492          -  277.59569      -  81.0 2305s
  3046  2960  280.50000   90 5742          -  277.60241      -  81.0 2312s
  3047  2960  281.30000  347 6266          -  277.61392      -  81.0 2326s
  3048  2961  277.61392  169 6152          -  277.61392      -  81.0 2338s
  3049  2962  278.11217  169 6152          -  277.61435      -  80.9 2354s
  3050  2962  278.04255   58 6287          -  277.62014      -  80.9 2362s
  3051  2963  280.30000  473 5855          -  277.64771      -  80.9 2378s
  3052  2964  277.65611  182 5435          -  277.65611      -  80.9 2386s
  3053  2964  280.10000  630 5377          -  277.66582      -  80.8 2405s
  3054  2965  277.66987  150 5489          -  277.66987      -  80.8 2411s
  3055  2966  277.66987  128 4773          -  277.66987      -  80.8 2427s
  3056  2966  294.50000  415 5737          -  277.67226      -  80.7 2434s
  3057  2967  277.68022  118 5411          -  277.68022      -  80.7 2449s
  3058  2968  311.30000  478 4693          -  277.69130      -  80.7 2455s
  3059  2968  281.60000  254 5083          -  277.69974      -  80.7 2471s
  3060  2969  280.10000  140 4578          -  277.69974      -  80.6 2479s
  3061  2970  277.69974  144 4990          -  277.69974      -  80.6 2494s
  3062  2970  277.70853   76 4745          -  277.70853      -  80.6 2500s
  3063  2971  279.20000  325 4670          -  277.70853      -  80.6 2514s
  3064  2972  283.50000  416 5229          -  277.70873      -  80.5 2523s
  3065  2972  278.58316  127 5104          -  277.70873      -  80.5 2543s
  3066  2973  277.70873  327 5950          -  277.70873      -  80.5 2552s
  3067  2974  286.70000  318 4505          -  277.70877      -  80.5 2579s
  3070  2977  280.20000  349 3803          -  277.70877      -   499 2595s
  3072  2978  279.00000  353 3148          -  277.70877      -   499 2658s
  3073  2979  277.70877   36 3491          -  277.70877      -   499 2695s
H 3073  2830                     379.7000000  277.70877  26.9%   499 2731s
H 3073  2688                     375.0000000  277.70877  25.9%   499 2741s
  3074  2689  277.70877   52 3115  375.00000  277.70877  25.9%   499 2755s
H 3074  2554                     370.2000000  277.70877  25.0%   499 2774s
H 3074  2427                     368.5000000  277.70877  24.6%   499 2774s
  3076  2428  279.76838  194 3423  368.50000  277.70877  24.6%   498 2799s
  3077  2429  277.70877  385 2962  368.50000  277.70877  24.6%   498 2819s
  3078  2429  277.70877  257 3204  368.50000  277.70877  24.6%   498 2837s
H 3078  2307                     365.7000000  277.70877  24.1%   498 2854s
  3079  2308  280.50000  335 2665  365.70000  277.70877  24.1%   498 2859s
  3080  2309  277.70877   33 3201  365.70000  277.70877  24.1%   498 2868s
  3081  2309  280.50000  212 2509  365.70000  277.70877  24.1%   498 2886s
  3082  2310  279.40000  205 2887  365.70000  277.73281  24.1%   497 2911s
  3083  2311  279.70000  323 3676  365.70000  277.78794  24.0%   497 2940s
  3084  2311  277.82982  192 3592  365.70000  277.82982  24.0%   497 2971s
  3085  2312  277.85792  223 3917  365.70000  277.85792  24.0%   497 2989s
  3086  2313  277.86076   14 3414  365.70000  277.86076  24.0%   497 3005s
  3087  2313  277.87082   24 4252  365.70000  277.87082  24.0%   497 3030s
  3088  2314  277.90323  165 3946  365.70000  277.90323  24.0%   496 3052s
  3089  2315  277.91441  124 4654  365.70000  277.91441  24.0%   496 3075s
  3090  2315  277.93300  612 3791  365.70000  277.93300  24.0%   496 3082s
H 3090  2199                     364.8000000  277.95055  23.8%   496 3083s
  3091  2200  277.95055   41 4394  364.80000  277.95055  23.8%   496 3105s
  3092  2201  280.20000  562 5399  364.80000  277.95618  23.8%   496 3114s
  3093  2201  279.60000  335 5539  364.80000  277.98285  23.8%   496 3130s
  3094  2202  284.90000  578 6236  364.80000  277.98293  23.8%   495 3140s
  3095  2203  279.60000  363 5583  364.80000  277.98450  23.8%   495 3160s
  3096  2203  277.98494  342 5778  364.80000  277.98494  23.8%   495 3174s
  3097  2204  281.20000  482 5992  364.80000  277.98494  23.8%   495 3191s
  3098  2205  277.99201   96 6851  364.80000  277.99201  23.8%   495 3204s
  3099  2205  278.00208  395 6619  364.80000  278.00208  23.8%   495 3237s
  3100  2206  286.70000  318 5468  364.80000  278.00208  23.8%   494 3249s
  3101  2207  288.50000  277 4908  364.80000  278.00208  23.8%   494 3265s
  3102  2207  278.00208   39 4795  364.80000  278.00208  23.8%   494 3271s
  3103  2208  291.84527  703 6038  364.80000  278.17942  23.7%   494 3292s
  3104  2209  279.60000  351 5228  364.80000  278.17942  23.7%   494 3299s
  3105  2209  279.20000  302 4516  364.80000  278.19417  23.7%   494 3313s
  3106  2210  278.19771  196 4779  364.80000  278.19771  23.7%   494 3318s
  3107  2211  283.50000  486 3315  364.80000  278.21698  23.7%   493 3335s
  3108  2211  290.30000  566 6759  364.80000  278.23148  23.7%   493 3343s
  3109  2212  281.00000  486 4210  364.80000  278.24339  23.7%   493 3357s
  3110  2213  278.24706   23 5303  364.80000  278.24706  23.7%   493 3364s
  3111  2213  278.30000   38 4492  364.80000  278.30000  23.7%   493 3384s
  3112  2214  283.40000  310 9792  364.80000  278.30511  23.7%   493 3393s
  3113  2215  278.30511   25 5872  364.80000  278.30511  23.7%   492 3421s
  3114  2215  278.30549   82 6916  364.80000  278.30549  23.7%   492 3430s
  3115  2216  278.31718   51 6229  364.80000  278.31718  23.7%   492 3447s
  3116  2217  278.32913   40 5876  364.80000  278.32913  23.7%   492 3460s
  3117  2217  278.33080   87 3782  364.80000  278.33080  23.7%   492 3477s
  3118  2218  283.60000  309 5149  364.80000  278.33080  23.7%   492 3487s
  3119  2219  278.33080  332 3211  364.80000  278.33080  23.7%   491 3505s
H 3119  2107                     362.8000000  278.33116  23.3%   491 3507s
  3120  2107  278.63981  310 4456  362.80000  278.33116  23.3%   491 3512s
  3121  2108  278.45909  280 4125  362.80000  278.45909  23.2%   491 3522s
  3122  2109  278.47228  109 2918  362.80000  278.47228  23.2%   491 3527s
  3123  2109  288.50000  222 1999  362.80000  278.48425  23.2%   491 3541s
  3124  2110  278.48541  291 3702  362.80000  278.48541  23.2%   491 3548s
  3125  2111  278.48772  265 3086  362.80000  278.48772  23.2%   491 3563s
  3126  2111  278.49813  264 3120  362.80000  278.49813  23.2%   490 3567s
H 3126  2005                     356.2000000  278.50464  21.8%   490 3592s
  3127  2006  278.80000  407 2499  356.20000  278.50464  21.8%   490 3595s
  3128  2007  278.50650  398 2895  356.20000  278.50650  21.8%   490 3603s
  3129  2007  278.50650  397 3130  356.20000  278.50650  21.8%   490 3617s
  3130  2008  278.50690  284 3672  356.20000  278.50690  21.8%   490 3621s
  3131  2009  279.60000  357 3247  356.20000  278.50690  21.8%   490 3637s
  3132  2009  288.50000  346 4410  356.20000  278.50690  21.8%   489 3641s
H 3132  1907                     301.1000000  278.50690  7.50%   489 3653s
  3136  1911  279.40000  199 3803  301.10000  278.50690  7.50%   732 3665s
H 3137  1816                     294.5000000  278.50690  5.43%   732 3714s
  3138  1816  278.50690  350 3110  294.50000  278.50690  5.43%   732 3743s
  3139  1817  282.00000   19 3529  294.50000  278.50690  5.43%   732 3769s
  3140  1818  278.50690  172 3758  294.50000  278.50690  5.43%   732 3801s
  3141  1818  279.80000  269 3788  294.50000  278.50690  5.43%   731 3826s
  3142  1819  278.50690   78 4185  294.50000  278.50690  5.43%   731 3865s
  3143  1820  288.50000  551 3532  294.50000  278.50690  5.43%   731 3885s
  3144  1820  278.50690  209 3298  294.50000  278.50690  5.43%   731 3898s
  3145  1821  278.50690  436 3971  294.50000  278.50690  5.43%   730 3924s
  3146  1822  280.50000   90 5643  294.50000  278.50690  5.43%   730 3946s
  3147  1822  281.30000  347 4174  294.50000  278.50690  5.43%   730 3974s
  3148  1823  278.52510  169 5310  294.50000  278.52510  5.42%   730 4004s
  3149  1824  278.52510  169 4358  294.50000  278.52510  5.42%   729 4024s
  3150  1824  278.53856   58 6156  294.50000  278.53856  5.42%   729 4043s
  3151  1825  280.30000  473 4150  294.50000  278.53863  5.42%   729 4060s
  3152  1826  278.53863  182 5806  294.50000  278.53863  5.42%   729 4074s
  3153  1826  280.10000  630 4155  294.50000  278.53906  5.42%   729 4099s
  3154  1827  278.53906  150 5516  294.50000  278.53906  5.42%   728 4112s
  3155  1828  278.53906  128 5858  294.50000  278.53906  5.42%   728 4127s
  3156  1828  294.50000  415 5993  294.50000  278.53907  5.42%   728 4146s
  3157  1829  278.53907  118 4736  294.50000  278.53907  5.42%   728 4167s
  3158  1830  294.50000  478 4848  294.50000  278.54487  5.42%   727 4183s
  3159  1830  281.60000  254 5019  294.50000  278.54487  5.42%   727 4207s
  3160  1831  280.10000  140 6864  294.50000  278.54487  5.42%   727 4240s
  3161  1832  278.54487  144 4926  294.50000  278.54487  5.42%   727 4258s
  3162  1832  278.54498   76 4471  294.50000  278.54498  5.42%   726 4272s
  3163  1833  279.20000  325 4981  294.50000  278.54498  5.42%   726 4288s
  3164  1834  283.50000  416 5331  294.50000  278.54498  5.42%   726 4309s
  3165  1834  278.58316  127 4583  294.50000  278.54498  5.42%   726 4352s
  3166  1835  278.54498  327 4684  294.50000  278.54498  5.42%   726 4371s
  3167  1836  286.70000  318 4677  294.50000  278.54498  5.42%   725 4387s
  3170  1839  280.20000  349 3803  294.50000  278.54498  5.42%   849 4395s
  3172  1840  279.00000  353 2859  294.50000  278.54498  5.42%   848 4471s
  3173  1841  278.54498   36 3775  294.50000  278.54498  5.42%   848 4502s
  3174  1842  278.54498   52 3275  294.50000  278.54498  5.42%   848 4537s
  3175  1842  278.80000  182 3061  294.50000  278.54498  5.42%   847 4565s
  3176  1843  279.76838  194 3270  294.50000  278.54498  5.42%   847 4583s
  3177  1844  278.54498  385 3145  294.50000  278.54498  5.42%   847 4604s
  3178  1844  278.54498  257 3172  294.50000  278.54498  5.42%   847 4619s
  3179  1845  280.50000  335 3324  294.50000  278.54498  5.42%   846 4661s
  3180  1846  278.54498   33 3354  294.50000  278.54498  5.42%   846 4677s
  3181  1846  280.50000  212 3120  294.50000  278.54498  5.42%   846 4706s
  3182  1847  279.40000  205 3135  294.50000  278.54498  5.42%   846 4719s
  3183  1848  279.70000  323 3118  294.50000  278.54498  5.42%   845 4735s
  3184  1848  278.54498  192 3325  294.50000  278.54498  5.42%   845 4742s
  3185  1849  278.54498  223 3105  294.50000  278.54498  5.42%   845 4767s
  3186  1850  278.54498   14 3254  294.50000  278.54498  5.42%   845 4780s
  3187  1850  278.57674   24 3102  294.50000  278.57674  5.41%   844 4805s
  3188  1851  278.58939  165 2620  294.50000  278.58939  5.40%   844 4815s
  3189  1852  278.61695  124 3131  294.50000  278.61695  5.39%   844 4843s
  3190  1852  278.61695  612 2836  294.50000  278.61695  5.39%   844 4858s
  3191  1853  278.61695   41 3460  294.50000  278.61695  5.39%   843 4881s
  3192  1854  280.20000  562 3389  294.50000  278.61695  5.39%   843 4900s
  3193  1854  279.60000  335 3215  294.50000  278.61695  5.39%   843 4925s
  3194  1855  284.90000  578 3253  294.50000  278.61724  5.39%   842 4933s
  3195  1856  279.60000  363 3560  294.50000  278.61724  5.39%   842 4960s
  3196  1856  278.61724  342 3455  294.50000  278.61724  5.39%   842 4967s
  3197  1857  281.20000  482 2687  294.50000  278.67143  5.37%   842 4989s
  3198  1858  278.67143   96 2885  294.50000  278.67143  5.37%   841 4994s
  3199  1858  278.67143  395 3083  294.50000  278.67143  5.37%   841 5013s
  3200  1859  286.70000  318 3155  294.50000  278.67143  5.37%   841 5020s
  3201  1860  288.50000  277 3557  294.50000  278.67143  5.37%   841 5038s
  3202  1860  278.67143   39 3988  294.50000  278.67143  5.37%   840 5044s
  3203  1861  291.84527  703 3864  294.50000  278.67143  5.37%   840 5060s
  3204  1862  279.60000  351 4603  294.50000  278.67143  5.37%   840 5067s
  3205  1862  279.20000  302 3736  294.50000  278.67169  5.37%   840 5082s
  3208  1866  290.30000  566 3803  294.50000  278.67169  5.37%   986 5089s
  3210  1867  278.67169   23 3526  294.50000  278.67169  5.37%   986 5166s
  3211  1868  278.67169   38 3725  294.50000  278.67169  5.37%   985 5198s
  3212  1869  283.40000  310 3925  294.50000  278.67169  5.37%   985 5235s
  3213  1869  278.67169   25 3782  294.50000  278.67169  5.37%   985 5277s
  3214  1870  278.67169   82 3846  294.50000  278.67169  5.37%   984 5308s
  3215  1871  278.67169   51 3581  294.50000  278.67169  5.37%   984 5332s
  3216  1871  278.67169   40 3281  294.50000  278.67169  5.37%   984 5360s
  3217  1872  278.67169   87 3533  294.50000  278.67169  5.37%   984 5376s
  3218  1873  283.60000  309 3469  294.50000  278.67169  5.37%   983 5395s
  3219  1873  278.67169  332 3459  294.50000  278.67169  5.37%   983 5421s
  3220  1874  278.67169  310 3552  294.50000  278.67169  5.37%   983 5429s
  3221  1875  278.67169  280 3933  294.50000  278.67169  5.37%   982 5467s
  3222  1875  278.67169  109 3422  294.50000  278.67169  5.37%   982 5485s
  3223  1876  288.50000  222 3552  294.50000  278.67169  5.37%   982 5514s
  3224  1877  278.67169  291 2775  294.50000  278.67169  5.37%   981 5525s
  3225  1877  278.67169  265 2752  294.50000  278.67169  5.37%   981 5580s
  3226  1878  278.67169  264 2860  294.50000  278.67169  5.37%   981 5587s
  3227  1879  278.80000  407 2893  294.50000  278.67169  5.37%   980 5609s
  3228  1879  278.67169  398 4960  294.50000  278.67169  5.37%   980 5623s
  3229  1880  278.67169  397 4602  294.50000  278.67169  5.37%   980 5639s
  3230  1881  278.67169  284 5046  294.50000  278.67169  5.37%   980 5660s
  3231  1881  279.60000  357 3620  294.50000  278.67169  5.37%   979 5676s
  3232  1882  288.50000  346 3663  294.50000  278.67169  5.37%   979 5689s
  3233  1883  280.20000  212 3105  294.50000  278.67169  5.37%   979 5707s
  3234  1883  278.67169  163 5057  294.50000  278.67169  5.37%   978 5719s
  3235  1884  281.90000  252 6145  294.50000  278.67169  5.37%   978 5734s
  3236  1885  279.40000  199 5740  294.50000  278.67169  5.37%   978 5745s
  3237  1885  280.20000  350 4748  294.50000  278.67169  5.37%   977 5763s
  3238  1886  278.67169  350 3693  294.50000  278.67169  5.37%   977 5775s
  3239  1887  282.00000   19 3584  294.50000  278.67169  5.37%   977 5789s
  3240  1887  278.67169  172 3439  294.50000  278.67169  5.37%   977 5796s
  3241  1888  279.80000  269 3544  294.50000  278.67169  5.37%   976 5809s
  3242  1889  278.67169   78 3398  294.50000  278.67169  5.37%   976 5817s
  3243  1889  288.50000  551 3244  294.50000  278.67169  5.37%   976 5828s
  3244  1890  278.67169  209 4902  294.50000  278.67169  5.37%   975 5839s
  3245  1891  278.67169  436 5053  294.50000  278.67169  5.37%   975 5852s
  3246  1891  280.50000   90 4772  294.50000  278.67169  5.37%   975 5862s
  3247  1892  281.30000  347 5165  294.50000  278.67169  5.37%   974 5880s
  3248  1893  278.67169  169 3960  294.50000  278.67169  5.37%   974 5888s
  3249  1893  278.67169  169 4731  294.50000  278.67169  5.37%   974 5903s
  3250  1894  278.67169   58 4395  294.50000  278.67169  5.37%   974 5914s
  3251  1895  280.30000  473 5042  294.50000  278.67169  5.37%   973 5932s
  3252  1895  278.67169  182 4294  294.50000  278.67169  5.37%   973 5939s
  3253  1896  280.10000  630 5716  294.50000  278.67169  5.37%   973 5958s
  3254  1897  278.67169  150 5338  294.50000  278.67169  5.37%   972 5964s
  3255  1897  278.67169  128 5268  294.50000  278.67169  5.37%   972 5980s
  3256  1898  294.50000  415 5068  294.50000  278.67169  5.37%   972 5985s
  3257  1899  278.67169  118 5054  294.50000  278.67169  5.37%   971 5999s
  3258  1899  294.50000  478 4540  294.50000  278.67169  5.37%   971 6005s
  3259  1900  281.60000  254 4576  294.50000  278.67169  5.37%   971 6022s
  3260  1901  280.10000  140 5835  294.50000  278.67169  5.37%   971 6030s
  3261  1901  278.67169  144 4835  294.50000  278.67169  5.37%   970 6047s
  3262  1902  278.67169   76 5757  294.50000  278.67169  5.37%   970 6053s
  3263  1903  279.20000  325 5579  294.50000  278.67169  5.37%   970 6075s
  3264  1903  283.50000  416 5152  294.50000  278.67169  5.37%   969 6083s
  3265  1904  278.67169  127 3063  294.50000  278.67169  5.37%   969 6115s
  3266  1905  278.67169  327 4297  294.50000  278.67169  5.37%   969 6122s
  3267  1905  286.70000  318 2284  294.50000  278.67169  5.37%   968 6139s
  3268  1906  278.67169   20 2989  294.50000  278.67169  5.37%   968 6145s
  3269  1907  283.60000  332 2324  294.50000  278.67169  5.37%   968 6157s
  3270  1907  280.20000  349 3683  294.50000  278.67169  5.37%   968 6162s
  3271  1908  278.67169  166 2444  294.50000  278.67169  5.37%   967 6181s
  3272  1909  279.00000  353 2683  294.50000  278.67257  5.37%   967 6186s
  3273  1909  278.69392   36 2745  294.50000  278.69392  5.37%   967 6200s
  3275  1911  278.80000  182 3108  294.50000  278.69860  5.37%   966 6218s
  3276  1911  279.76838  194 5204  294.50000  278.70227  5.36%   966 6229s
  3277  1912  278.70227  385 3254  294.50000  278.70227  5.36%   965 6260s
  3278  1913  278.70328  257 6275  294.50000  278.70328  5.36%   965 6266s
  3279  1913  280.50000  335 5667  294.50000  278.70481  5.36%   965 6281s
  3280  1914  278.70570   33 5004  294.50000  278.70570  5.36%   965 6290s
  3281  1915  280.50000  212 5180  294.50000  278.70911  5.36%   964 6311s
  3282  1915  279.40000  205 4262  294.50000  278.70911  5.36%   964 6323s
  3283  1916  279.70000  323 4869  294.50000  278.70911  5.36%   964 6338s
  3284  1917  278.70911  192 5585  294.50000  278.70911  5.36%   963 6344s
  3285  1917  278.70911  223 4221  294.50000  278.70911  5.36%   963 6355s
  3286  1918  278.70911   14 4913  294.50000  278.70911  5.36%   963 6361s
  3287  1919  278.70911   24 3673  294.50000  278.70911  5.36%   963 6377s
  3288  1919  278.70911  165 3575  294.50000  278.70911  5.36%   962 6383s
  3289  1920  278.72552  124 3894  294.50000  278.72552  5.36%   962 6398s
  3290  1921  278.72552  612 5216  294.50000  278.72552  5.36%   962 6405s
  3291  1921  278.73147   41 3406  294.50000  278.73147  5.35%   961 6424s
  3292  1922  280.20000  562 4216  294.50000  278.73147  5.35%   961 6435s
  3293  1923  279.60000  335 3741  294.50000  278.73147  5.35%   961 6447s
  3294  1923  284.90000  578 4180  294.50000  278.73147  5.35%   961 6453s
  3295  1924  279.60000  363 3027  294.50000  278.73147  5.35%   960 6472s
  3296  1925  278.73147  342 2540  294.50000  278.73147  5.35%   960 6478s
  3297  1925  281.20000  482 2595  294.50000  278.73147  5.35%   960 6489s
  3298  1926  278.73147   96 3385  294.50000  278.73147  5.35%   959 6492s
  3299  1927  278.73147  395 3978  294.50000  278.73147  5.35%   959 6501s
  3302  1930  278.73147   39 3803  294.50000  278.73147  5.35%  1242 6506s
  3304  1931  279.60000  351 3142  294.50000  278.73147  5.35%  1242 6588s
  3305  1932  279.20000  302 3142  294.50000  278.73147  5.35%  1241 6613s
  3306  1933  278.73147  196 2878  294.50000  278.73147  5.35%  1241 6660s
  3307  1933  283.50000  486 2430  294.50000  278.73147  5.35%  1241 6692s
  3308  1934  290.30000  566 2429  294.50000  278.73147  5.35%  1240 6718s
  3309  1935  281.00000  486 1878  294.50000  278.73147  5.35%  1240 6740s
  3310  1935  278.73147   23 2474  294.50000  278.73147  5.35%  1239 6752s
  3311  1936  278.73147   38 2817  294.50000  278.73147  5.35%  1239 6784s
  3312  1937  283.40000  310 2631  294.50000  278.73147  5.35%  1239 6803s
  3313  1937  278.73147   25 2224  294.50000  278.73147  5.35%  1238 6823s
  3314  1938  278.73147   82 2267  294.50000  278.73147  5.35%  1238 6837s
  3315  1939  278.73147   51 2302  294.50000  278.73147  5.35%  1238 6873s
  3316  1939  278.73147   40 1886  294.50000  278.73147  5.35%  1237 6896s
  3317  1940  278.73147   87 2965  294.50000  278.73147  5.35%  1237 6919s
  3318  1941  283.60000  309 2734  294.50000  278.73147  5.35%  1236 6939s
  3319  1941  278.73147  332 2353  294.50000  278.73147  5.35%  1236 6971s
  3320  1942  278.73147  310 2516  294.50000  278.73147  5.35%  1236 6985s
  3321  1943  278.73147  280 2482  294.50000  278.73147  5.35%  1235 7007s
  3322  1943  278.73147  109 2424  294.50000  278.73147  5.35%  1235 7030s
  3323  1944  288.50000  222 2424  294.50000  278.73147  5.35%  1235 7041s
  3324  1948  278.73147   69 4011  294.50000  278.73147  5.35%  1334 7055s
  3326  1951  278.73147   70 4245  294.50000  278.73147  5.35%  1334 7064s
  3330  1954  278.73147   71 4886  294.50000  278.73147  5.35%  1334 7071s
  3334  1964  278.73147   72 4889  294.50000  278.73147  5.35%  1334 7077s
  3346  1968  278.73147   74 4888  294.50000  278.73147  5.35%  1330 7082s
  3354  1974  278.73147   75 4170  294.50000  278.73147  5.35%  1329 7086s
  3377  1995  283.52256   78 4772  294.50000  278.73147  5.35%  1323 7092s
  3391  1996  278.92301   80 4746  294.50000  278.73147  5.35%  1318 7095s
  3422  2026  278.73333   86 5117  294.50000  278.73147  5.35%  1310 7100s
  3461  2051  278.98060   93 4826  294.50000  278.73147  5.35%  1299 7106s
  3480  2071  279.11754   97 5568  294.50000  278.73147  5.35%  1294 7112s
  3504  2065  278.98060  101 5569  294.50000  278.73147  5.35%  1286 7115s
  3532  2087  278.90000  106 6581  294.50000  278.73147  5.35%  1277 7121s
  3572  2109  278.90000  110 6517  294.50000  278.73147  5.35%  1266 7127s
  3605  2140  278.90000  118 7769  294.50000  278.73147  5.35%  1258 7132s
  3632  2157  278.92837  124 5345  294.50000  278.73147  5.35%  1250 7135s
  3683  2194  278.90000  136 5343  294.50000  278.73147  5.35%  1237 7142s
  3712  2201  278.90449  143 6374  294.50000  278.73147  5.35%  1229 7146s
  3738  2213  278.91329  148 5349  294.50000  278.73147  5.35%  1223 7150s
  3800  2230  278.91329  156 6398  294.50000  278.73147  5.35%  1208 7158s
  3809  2243  278.91329  157 6398  294.50000  278.73147  5.35%  1206 7161s
  3825  2257  281.24462  158 6868  294.50000  278.73147  5.35%  1203 7168s
  3844  2271  278.91329  160 6397  294.50000  278.73147  5.35%  1201 7172s
  3871  2285  278.91329  163 6397  294.50000  278.73147  5.35%  1194 7179s
  3905  2316  278.91329  166 6663  294.50000  278.73147  5.35%  1187 7183s
  3948  2332  279.47663  172 6395  294.50000  278.73147  5.35%  1176 7188s
  3996  2329  279.06438   80 5289  294.50000  278.73147  5.35%  1164 7193s
  4009  2342  279.46427   82 5293  294.50000  278.73147  5.35%  1162 7199s

Cutting planes:
  Gomory: 19
  Cover: 45
  Implied bound: 23
  Projected implied bound: 36
  Clique: 3
  MIR: 20
  StrongCG: 5
  Flow cover: 118
  GUB cover: 18
  Zero half: 6
  RLT: 46
  Relax-and-lift: 38

Explored 4041 nodes (4851278 simplex iterations) in 7200.01 seconds (5244.77 work units)
Thread count was 4 (of 8 available processors)

Solution count 10: 294.5 301.1 356.2 ... 379.7

Time limit reached
Best objective 2.945000000000e+02, best bound 2.788000000000e+02, gap 5.3311%
