
Gurobi 13.0.2 (linux64) logging started Sat Jun 27 23:43:05 2026

Set parameter LogFile to value "src/Resultados/Restriccion cota global/logs/RC202-50.xml_log.log"
Set parameter Threads to value 4
Gurobi Optimizer version 13.0.2 build v13.0.2rc1 (linux64 - "Rocky Linux 9.7 (Blue Onyx)")

CPU model: QEMU Virtual CPU version 2.5+, instruction set [SSE2]
Thread count: 8 physical cores, 8 logical processors, using up to 4 threads

Non-default parameters:
TimeLimit  7200
Threads  4

Optimize a model with 238381 rows, 143880 columns and 992430 nonzeros (Min)
Model fingerprint: 0xb10e030c
Model has 20025 linear objective coefficients
Variable types: 31110 continuous, 112770 integer (112755 binary)
Coefficient statistics:
  Matrix range     [1e+00, 2e+05]
  Objective range  [1e+00, 8e+01]
  Bounds range     [1e+00, 2e+03]
  RHS range        [1e+00, 2e+05]

Presolve removed 76140 rows and 180 columns (presolve time = 5s)...
Presolve removed 76155 rows and 195 columns
Presolve time: 6.93s
Presolved: 162226 rows, 143685 columns, 728175 nonzeros
Variable types: 750 continuous, 142935 integer (126690 binary)
Deterministic concurrent LP optimizer: primal simplex, dual simplex, and barrier
Showing barrier log only...

Root barrier log...

Ordering time: 1.54s

Barrier statistics:
 Dense cols : 15
 AA' NZ     : 1.999e+06
 Factor NZ  : 8.089e+06 (roughly 200 MB of memory)
 Factor Ops : 1.873e+09 (less than 1 second per iteration)
 Threads    : 1

                  Objective                Residual
Iter       Primal          Dual         Primal    Dual     Compl     Time
   0   1.54454336e+06 -3.01022980e+06  1.94e+05 0.00e+00  1.37e+02    13s
   1   5.18438644e+05 -3.01740323e+06  6.57e+04 5.99e-01  5.58e+01    13s
   2   3.72854664e+05 -2.07572773e+06  4.86e+04 8.54e-02  3.08e+01    14s
   3   7.19409640e+04 -7.84709947e+05  9.15e+03 1.46e-03  6.06e+00    15s
   4   9.84660588e+03 -3.88086074e+05  1.04e+03 2.49e-05  1.45e+00    16s
   5   3.34015775e+03 -3.73749862e+04  2.27e+02 1.58e-12  1.73e-01    17s
   6   1.63154117e+03 -4.39840499e+03  6.57e+01 7.16e-14  3.53e-02    17s
   7   1.06326986e+03 -1.29329203e+03  5.74e+00 2.07e-14  7.69e-03    18s
   8   6.58337092e+02 -1.23421838e+02  9.72e-01 6.88e-15  2.26e-03    19s
   9   5.70395428e+02  1.93764213e+02  3.64e-01 5.41e-15  1.05e-03    20s
  10   5.20047516e+02  4.41925785e+02  4.13e-02 7.70e-15  2.06e-04    21s
  11   5.11982665e+02  4.50271139e+02  1.63e-03 8.68e-15  1.59e-04    21s
  12   5.11458198e+02  5.06410848e+02  5.76e-05 2.43e-15  1.30e-05    22s
  13   5.11400465e+02  5.11174304e+02  6.13e-11 6.45e-15  5.83e-07    22s
  14   5.11400000e+02  5.11399774e+02  1.41e-10 8.88e-16  5.83e-10    23s
  15   5.11400000e+02  5.11400000e+02  8.26e-12 8.88e-16  5.83e-13    24s

Barrier solved model in 15 iterations and 24.01 seconds (11.52 work units)
Optimal objective 5.11400000e+02


Root crossover log...

   18262 DPushes remaining with DInf 0.0000000e+00                24s
       0 DPushes remaining with DInf 0.0000000e+00                24s

   63435 PPushes remaining with PInf 0.0000000e+00                24s
   35079 PPushes remaining with PInf 0.0000000e+00                27s
   22211 PPushes remaining with PInf 0.0000000e+00                30s
    5686 PPushes remaining with PInf 0.0000000e+00                40s
    5110 PPushes remaining with PInf 0.0000000e+00                40s
       0 PPushes remaining with PInf 0.0000000e+00                44s

  Push phase complete: Pinf 0.0000000e+00, Dinf 7.2164497e-15     44s


Root simplex log...

Iteration    Objective       Primal Inf.    Dual Inf.      Time
   81640    5.1140000e+02   0.000000e+00   0.000000e+00     44s
Crossover time: 20.31 seconds (9.48 work units)
Concurrent spin time: 0.03s

Solved with barrier

Root relaxation: objective 5.114000e+02, 81640 iterations, 34.87 seconds (15.23 work units)

    Nodes    |    Current Node    |     Objective Bounds      |     Work
 Expl Unexpl |  Obj  Depth IntInf | Incumbent    BestBd   Gap | It/Node Time

     0     0  511.40000    0 13550          -  511.40000      -     -  135s
     0     0  511.40000    0 12835          -  511.40000      -     -  138s
     0     0  511.40000    0 12515          -  511.40000      -     -  177s
     0     0  511.40000    0 12009          -  511.40000      -     -  190s
     0     0  511.40000    0 13196          -  511.40000      -     -  207s
     0     0  511.40000    0 13196          -  511.40000      -     -  208s
     0     0  511.40000    0 13196          -  511.40000      -     -  270s
     0     0  511.40000    0 13166          -  511.40000      -     -  282s
     0     0  511.40000    0 16652          -  511.40000      -     -  297s
     0     0  511.40000    0 16652          -  511.40000      -     -  297s
     0     0  511.40000    0 11929          -  511.40000      -     -  368s
     0     0  511.40000    0 9516          -  511.40000      -     -  384s
     0     0  511.40000    0 8344          -  511.40000      -     -  391s
     0     0  511.40000    0 8339          -  511.40000      -     -  391s
     0     0  511.40000    0 16100          -  511.40000      -     -  414s
     0     0  511.40000    0 16100          -  511.40000      -     -  415s
     0     0  511.40000    0 11578          -  511.40000      -     -  495s
     0     0  511.40000    0 8537          -  511.40000      -     -  512s
     0     0  511.40000    0 8422          -  511.40000      -     -  514s
     0     0  511.40000    0 19643          -  511.40000      -     -  535s
     0     0  511.40000    0 19643          -  511.40000      -     -  535s
     0     0  511.40000    0 13025          -  511.40000      -     -  613s
     0     0  511.40000    0 13025          -  511.40000      -     -  619s
     0     0  511.40000    0 13025          -  511.40000      -     -  631s
     0     2  512.80000    0 13025          -  512.80000      -     -  705s
     1     4  512.80000    1 14791          -  512.80000      -  3330  720s
     3     8  512.80000    2 8954          -  512.80000      -  2612  731s
     7    12  512.80000    3 13943          -  512.80000      -  2287  755s
    11    16  512.80000    4 11921          -  512.80000      -  2682  773s
    15    20  512.80000    5 11488          -  512.80000      -  2043  794s
    19    24  512.80000    6 10311          -  512.80000      -  1809  838s
    23    28  512.80000    7 10311          -  512.80000      -  1498  882s
    27    31  512.80000    8 10311          -  512.80000      -  1324  963s
    32    42  512.80000    9 10311          -  512.80000      -  1224 1046s
    45    57  512.80000   10 10311          -  512.80000      -   971 1161s
    60   197  512.80000   11 10292          -  512.80000      -   929 1295s
   200   357  513.71931   45 9208          -  512.80000      -   580 1334s
   360   474  516.20622   84 11188          -  512.80000      -   429 1355s
   477   608  522.90612   99 9929          -  512.80000      -   354 1368s
   611   675  519.93522  117 11686          -  512.80000      -   291 1379s
   689   745  520.98520  129 9786          -  512.80000      -   271 1392s
   759   789  521.24682  152 8751          -  512.80000      -   256 1410s
   803   820  523.80775  170 9805          -  512.80000      -   255 1421s
   834   889  524.13607  180 11550          -  512.80000      -   256 1431s
   903   949  524.37177  221 11565          -  512.80000      -   242 1441s
   963  1000  525.07121  259 12261          -  512.80000      -   233 1454s
  1020  1057  512.80000    8 10992          -  512.80000      -   229 1464s
  1077  1100  512.80000   13 12600          -  512.80000      -   226 1475s
  1120  1128  512.80000   27 13329          -  512.80000      -   224 1486s
  1148  1171  513.04553   29 17442          -  512.80000      -   227 1504s
  1194  1250  513.17268   39 11180          -  512.80000      -   230 1517s
  1274  1326  513.23044   82 11991          -  512.80000      -   222 1529s
  1350  1330  513.25583   97 12157          -  512.80000      -   215 1835s
  1354  1386  513.25583   98 12739          -  512.80000      -   215 2045s
  1410  1446  513.33985  151 11743          -  512.80000      -   208 2230s
  1470  1519  513.63745  208 12612          -  512.80000      -   200 2340s
  1543  1733  514.16261  260 10755          -  512.80000      -   196 2359s
  1757  1870  515.50703  320 9814          -  512.80000      -   180 2378s
  1912  2019  514.33711   28 3944          -  512.80000      -   174 2396s
  2064  2020  517.73715  230 13025          -  512.80000      -   170 2593s
  2066  2021  552.60000  420 3612          -  512.80000      -   170 2743s
  2067  2022  575.40000  280 3972          -  513.53891      -   170 2760s
  2069  2023  522.90000  144 3983          -  513.53891      -   169 2769s
  2070  2024  580.71783  202 3828          -  513.53891      -   169 2770s
  2071  2025  521.43385  149 3683          -  513.53891      -   169 2839s
  2072  2025  526.00000  142 3679          -  513.53891      -   169 2843s
  2073  2026  575.41501  361 3856          -  513.53891      -   169 2891s
  2075  2027  524.80000  114 3599          -  513.53891      -   169 2957s
  2076  2028  520.50892  119 3599          -  513.53891      -   169 3006s
  2077  2029  515.64659   49 3599          -  514.30000      -   169 3037s
  2078  2032  514.30000   11 3693          -  514.30000      -   300 3115s
  2080  2036  514.30000   12 3903          -  514.30000      -   299 3121s
  2084  2038  514.30000   13 4278          -  514.30000      -   301 3135s
  2088  2045  514.30000   14 4188          -  514.30000      -   303 3143s
  2096  2049  514.30000   15 4022          -  514.30000      -   304 3156s
  2103  2054  519.07441   15 4121          -  514.30000      -   307 3168s
  2110  2058  514.30000   16 4035          -  514.30000      -   308 3179s
  2116  2061  514.30000   17 4017          -  514.30000      -   311 3191s
  2121  2069  514.30000   18 4065          -  514.30000      -   313 3201s
  2131  2071  514.30000   19 4772          -  514.30000      -   315 3261s
  2138  2072  525.07507   20 5409          -  514.30000      -   321 3487s
  2142  2075  514.30000   21 4652          -  514.30000      -   321 3632s
  2146  2078  525.07507   21 4945          -  514.30000      -   325 3650s
  2150  2081  514.30000   22 4635          -  514.30000      -   325 3681s
  2155  2085  514.30000   23 4626          -  514.30000      -   328 3773s
  2160  2095  514.30000   24 4676          -  514.30000      -   330 3782s
  2172  2099  520.49794   26 4498          -  514.30000      -   332 3793s
  2180  2106  514.30000   28 4311          -  514.30000      -   333 3853s
  2190  2108  514.30000   30 4411          -  514.30000      -   337 3904s
  2195  2119  514.30000   31 4414          -  514.30000      -   338 3916s
  2208  2121  514.30000   34 4396          -  514.30000      -   341 3934s
  2214  2133  514.30000   35 4398          -  514.30000      -   343 3946s
  2228  2139  514.30000   38 4991          -  514.30000      -   347 3966s
  2239  2139  528.59164   40 5157          -  514.30000      -   350 4037s
  2242  2151  514.30000   41 4737          -  514.30000      -   353 4055s
  2255  2156  514.52595   44 4670          -  514.30000      -   358 4087s
  2265  2160  515.02022   46 5009          -  514.30000      -   362 4130s
  2272  2165  515.37607   47 5042          -  514.30000      -   366 4144s
  2279  2168  516.01772   49 5248          -  514.30000      -   374 4181s
  2285  2179  516.02070   51 5530          -  514.30000      -   376 4202s
  2298  2184  516.02648   54 5756          -  514.30000      -   381 4255s
  2307  2187  516.06624   57 5296          -  514.30000      -   384 4282s
  2313  2196  516.20827   58 6778          -  514.30000      -   388 4310s
  2324  2199  516.30891   60 6564          -  514.30000      -   392 4488s
  2331  2203  516.35613   62 6625          -  514.30000      -   396 4515s
  2337  2213  516.35897   63 6623          -  514.30000      -   398 4551s
  2349  2240  516.43365   67 6605          -  514.30000      -   403 4607s
  2380  2238  527.85150   74 5911          -  514.30000      -   411 4685s
  2388  2282  516.66637   74 5792          -  514.30000      -   418 4708s
  2437  2278  527.78181   81 4957          -  514.30000      -   423 4757s
  2451  2317  527.78181   82 4953          -  514.30000      -   426 4787s
  2498  2340  528.70642   87 6614          -  514.30000      -   430 4813s
  2537  2333  529.09933   93 4939          -  514.30000      -   437 4849s
  2543  2369  535.42462   93 7309          -  514.30000      -   441 4876s
  2581  2371  540.21957   96 5412          -  514.30000      -   449 4910s
  2595  2429  529.40999   97 6273          -  514.30000      -   451 4943s
  2658  2417  529.44365  109 6298          -  514.30000      -   454 5108s
  2667  2418  529.44776  111 5245          -  514.30000      -   455 5291s
  2671  2421  532.43588  111 4784          -  514.30000      -   456 5510s
  2675  2424  529.44951  112 5223          -  514.30000      -   458 5756s
  2680  2432  532.37942  112 5188          -  514.30000      -   459 5824s
  2689  2444  529.46096  114 5268          -  514.30000      -   460 5909s
  2704  2453  529.46767  116 5527          -  514.30000      -   463 5957s
  2718  2528  531.24529  118 5559          -  514.30000      -   464 5992s
  2798  2590  530.94482  126 6408          -  514.30000      -   469 6028s
  2888  2579  586.94934  133 7412          -  514.30000      -   472 6070s
  2907  2627  592.87456  134 7326          -  514.30000      -   477 6106s
  2961  2616  586.94934  141 7031          -  514.30000      -   486 6419s
  2968  2672  592.87456  141 7494          -  514.30000      -   498 6462s
  3027  2701  587.11635  148 6956          -  514.30000      -   508 6503s
  3078  2688  587.15520  158 6428          -  514.30000      -   523 6611s
  3084  2745  593.30762  158 7637          -  514.30000      -   529 6654s
  3143  2738  587.26599  168 6467          -  514.30000      -   546 6705s
  3156  2801  587.28949  171 7078          -  514.30000      -   549 6755s
  3227  2791  587.39043  178 7156          -  514.30000      -   557 6810s
  3241  2858  587.39100  180 7132          -  514.30000      -   560 6863s
  3314  2892  587.43221  188 7236          -  514.30000      -   567 6920s
  3373  2893  587.48984  192 6497          -  514.30000      -   576 6982s
  3393  3005  590.84876  193 4106          -  514.30000      -   580 7044s
  3517  3091  587.66848  199 6142          -  514.30000      -   579 7200s

Cutting planes:
  Gomory: 3
  Cover: 1
  Implied bound: 37
  Clique: 3
  MIR: 21
  Flow cover: 1
  RLT: 70
  Relax-and-lift: 3

Explored 3648 nodes (2434840 simplex iterations) in 7200.16 seconds (7515.38 work units)
Thread count was 4 (of 8 available processors)

Solution count 0

Time limit reached
Best objective -, best bound 5.143000000000e+02, gap -
