
Gurobi 13.0.2 (linux64) logging started Sat Jun 27 19:42:22 2026

Set parameter LogFile to value "src/Resultados/Restriccion cota global/logs/RC201-50.xml_log.log"
Set parameter Threads to value 4
Gurobi Optimizer version 13.0.2 build v13.0.2rc1 (linux64 - "Rocky Linux 9.7 (Blue Onyx)")

CPU model: QEMU Virtual CPU version 2.5+, instruction set [SSE2]
Thread count: 8 physical cores, 8 logical processors, using up to 4 threads

Non-default parameters:
TimeLimit  7200
Threads  4

Optimize a model with 227926 rows, 136185 columns and 928080 nonzeros (Min)
Model fingerprint: 0x9ed5bd96
Model has 15930 linear objective coefficients
Variable types: 30210 continuous, 105975 integer (105960 binary)
Coefficient statistics:
  Matrix range     [1e+00, 2e+05]
  Objective range  [1e+00, 8e+01]
  Bounds range     [1e+00, 2e+03]
  RHS range        [1e+00, 2e+05]

Presolve removed 73620 rows and 210 columns (presolve time = 5s)...
Presolve removed 73605 rows and 195 columns
Presolve time: 5.11s
Presolved: 154321 rows, 135990 columns, 676695 nonzeros
Variable types: 750 continuous, 135240 integer (118995 binary)
Deterministic concurrent LP optimizer: primal simplex, dual simplex, and barrier
Showing barrier log only...

Root barrier log...

Ordering time: 1.45s

Barrier statistics:
 Dense cols : 15
 AA' NZ     : 1.503e+06
 Factor NZ  : 5.885e+06 (roughly 170 MB of memory)
 Factor Ops : 8.998e+08 (less than 1 second per iteration)
 Threads    : 1

                  Objective                Residual
Iter       Primal          Dual         Primal    Dual     Compl     Time
   0   1.44237913e+06 -2.96442575e+06  1.88e+05 2.22e-16  1.39e+02    10s
   1   5.19874342e+05 -2.89894289e+06  6.87e+04 6.11e-01  5.93e+01    10s
   2   3.54963402e+05 -2.10910254e+06  4.86e+04 2.71e-01  3.45e+01    11s
   3   8.90138104e+04 -9.87126114e+05  1.20e+04 1.83e-10  8.38e+00    11s
   4   1.34158314e+04 -4.31040313e+05  1.58e+03 6.73e-11  1.88e+00    12s
   5   3.75295840e+03 -5.43409069e+04  2.80e+02 9.87e-13  2.49e-01    12s
   6   1.62457141e+03 -8.33567048e+03  6.64e+01 9.76e-14  4.70e-02    13s
   7   1.26152993e+03 -3.17880543e+03  4.44e+01 3.71e-14  2.46e-02    13s
   8   1.03121116e+03 -2.23309576e+03  2.39e+01 2.76e-14  1.55e-02    14s
   9   8.12504654e+02 -1.40848115e+03  1.02e+01 1.88e-14  8.79e-03    14s
  10   7.20836963e+02 -6.65750119e+02  5.42e+00 1.13e-14  5.17e-03    15s
  11   6.71308938e+02 -1.40402970e+02  3.47e+00 6.47e-15  3.04e-03    15s
  12   6.45024340e+02  2.01040659e+01  2.47e+00 5.41e-15  2.27e-03    16s
  13   5.78280928e+02  3.77703316e+02  3.56e-01 4.45e-15  6.16e-04    16s
  14   5.64399248e+02  5.43520626e+02  5.80e-03 2.68e-15  5.73e-05    17s
  15   5.64000399e+02  5.63979480e+02  3.70e-11 1.10e-15  5.70e-08    17s
  16   5.64000000e+02  5.64000000e+02  1.33e-11 1.27e-15  5.75e-14    17s

Barrier solved model in 16 iterations and 17.44 seconds (9.43 work units)
Optimal objective 5.64000000e+02


Root crossover log...

   19418 DPushes remaining with DInf 0.0000000e+00                18s
       0 DPushes remaining with DInf 0.0000000e+00                18s

   61647 PPushes remaining with PInf 0.0000000e+00                18s
   22864 PPushes remaining with PInf 0.0000000e+00                20s
    5816 PPushes remaining with PInf 0.0000000e+00                25s
       0 PPushes remaining with PInf 0.0000000e+00                27s

  Push phase complete: Pinf 0.0000000e+00, Dinf 6.2991150e-13     27s


Root simplex log...

Iteration    Objective       Primal Inf.    Dual Inf.      Time
   81038    5.6400000e+02   0.000000e+00   0.000000e+00     27s
Crossover time: 9.55 seconds (5.30 work units)
Concurrent spin time: 0.00s

Solved with barrier

Root relaxation: objective 5.640000e+02, 81038 iterations, 19.83 seconds (9.34 work units)

    Nodes    |    Current Node    |     Objective Bounds      |     Work
 Expl Unexpl |  Obj  Depth IntInf | Incumbent    BestBd   Gap | It/Node Time

     0     0  564.00000    0 13871          -  564.00000      -     -  108s
     0     0  564.00000    0 13758          -  564.00000      -     -  110s
     0     0  564.00000    0 20350          -  564.00000      -     -  146s
     0     0  564.00000    0 20350          -  564.00000      -     -  151s
     0     0  564.00000    0 20996          -  564.00000      -     -  174s
     0     0  564.00000    0 20996          -  564.00000      -     -  174s
     0     0  564.00000    0 9508          -  564.00000      -     -  241s
     0     0  564.00000    0 9601          -  564.00000      -     -  246s
     0     0  564.00000    0 8542          -  564.00000      -     -  250s
     0     0  564.00000    0 8042          -  564.00000      -     -  256s
     0     0  564.00000    0 11746          -  564.00000      -     -  297s
     0     0  564.00000    0 11746          -  564.00000      -     -  297s
     0     0  564.00000    0 6098          -  564.00000      -     -  405s
     0     0  564.00000    0 9671          -  564.00000      -     -  412s
     0     0  564.00000    0 23461          -  564.00000      -     -  433s
     0     0  564.00000    0 23321          -  564.00000      -     -  438s
     0     0  564.00000    0 7608          -  564.00000      -     -  506s
     0     0  564.00000    0 8533          -  564.00000      -     -  517s
     0     0  564.00000    0 8218          -  564.00000      -     -  518s
     0     0  564.00000    0 8191          -  564.00000      -     -  518s
     0     0  564.00000    0 11990          -  564.00000      -     -  561s
     0     0  564.00000    0 13195          -  564.00000      -     -  564s
     0     0  564.00000    0 13800          -  564.00000      -     -  565s
     0     0  564.00000    0 6482          -  564.00000      -     -  616s
     0     0  564.00000    0 5781          -  564.00000      -     -  624s
     0     0  564.00000    0 6082          -  564.00000      -     -  625s
     0     0  564.00000    0 10389          -  564.00000      -     -  687s
     0     0  564.00000    0 10389          -  564.00000      -     -  687s
     0     0  564.00000    0 6444          -  564.00000      -     -  724s
     0     0  564.00000    0 6775          -  564.00000      -     -  729s
     0     0  564.00000    0 6767          -  564.00000      -     -  730s
     0     0  564.00000    0 6767          -  564.00000      -     -  731s
     0     0  564.42414    0 7969          -  564.42414      -     -  754s
     0     0  564.42414    0 7969          -  564.42414      -     -  754s
     0     0  564.42414    0 7969          -  564.42414      -     -  803s
     0     0  564.42414    0 8654          -  564.42414      -     -  808s
     0     0  565.97166    0 8232          -  565.97166      -     -  825s
     0     0  565.97319    0 6270          -  565.97319      -     -  947s
     0     0  565.97319    0 6269          -  565.97319      -     -  947s
     0     0  565.97319    0 5798          -  565.97319      -     -  950s
     0     0  569.40124    0 7857          -  569.40124      -     -  962s
     0     0  569.41061    0 6892          -  569.41061      -     -  967s
     0     0  569.41175    0 6999          -  569.41175      -     -  971s
     0     0  569.41175    0 6898          -  569.41175      -     -  972s
     0     0  569.41175    0 8749          -  569.41175      -     -  989s
     0     0  569.41175    0 8902          -  569.41175      -     - 1003s
     0     0  569.41175    0 9569          -  569.41175      -     - 1020s
     0     0  569.41175    0 8931          -  569.41175      -     - 1027s
     0     0  569.41175    0 8858          -  569.41175      -     - 1027s
     0     0  569.67609    0 10116          -  569.67609      -     - 1047s
     0     0  569.67609    0 10116          -  569.67609      -     - 1047s
     0     0  569.67609    0 10115          -  569.67609      -     - 1047s
     0     0  569.67609    0 10115          -  569.67609      -     - 1106s
     0     0  569.68456    0 10012          -  569.68456      -     - 1118s
     0     0  569.68456    0 9998          -  569.68456      -     - 1118s
     0     0  569.68833    0 9290          -  569.68833      -     - 1121s
     0     0  569.68833    0 9248          -  569.68833      -     - 1121s
     0     0  569.68833    0 10212          -  569.68833      -     - 1124s
     0     0  569.96377    0 10831          -  569.96377      -     - 1139s
     0     0  569.96377    0 10831          -  569.96377      -     - 1139s
     0     0  570.51026    0 11321          -  570.51026      -     - 1145s
     0     0  570.51026    0 11335          -  570.51026      -     - 1146s
     0     0  574.82412    0 9659          -  574.82412      -     - 1163s
     0     0  575.41612    0 10912          -  575.41612      -     - 1179s
     0     0  577.07442    0 11866          -  577.07442      -     - 1200s
     0     0  577.07442    0 10501          -  577.07442      -     - 1202s
     0     0  577.18158    0 10115          -  577.18158      -     - 1211s
     0     0  577.34794    0 8714          -  577.34794      -     - 1220s
     0     0  577.34794    0 6669          -  577.34794      -     - 1224s
     0     0  577.46391    0 9914          -  577.46391      -     - 1236s
     0     0  577.53703    0 9281          -  577.53703      -     - 1248s
     0     0  577.53703    0 9996          -  577.53703      -     - 1269s
     0     0  579.13844    0 8285          -  579.13844      -     - 1293s
     0     0  579.19008    0 10502          -  579.19008      -     - 1302s
     0     0  579.20035    0 10656          -  579.20035      -     - 1310s
     0     0  579.20035    0 9164          -  579.20035      -     - 1322s
     0     0  589.47698    0 15093          -  589.47698      -     - 1356s
     0     0  589.47698    0 15091          -  589.47698      -     - 1356s
     0     0  589.47698    0 14131          -  589.47698      -     - 1377s
     0     0  589.88860    0 10677          -  589.88860      -     - 1401s
     0     0  589.88860    0 11291          -  589.88860      -     - 1403s
     0     0  589.88860    0 11614          -  589.88860      -     - 1415s
     0     0  589.88860    0 11014          -  589.88860      -     - 1434s
     0     0  589.88860    0 13999          -  589.88860      -     - 1451s
     0     0  589.88860    0 13817          -  589.88860      -     - 1470s
     0     0  589.88860    0 13817          -  589.88860      -     - 1471s
     0     0  589.88860    0 13817          -  589.88860      -     - 1556s
     0     0  589.88860    0 13817          -  589.88860      -     - 1559s
     0     0  589.88860    0 6290          -  589.88860      -     - 1662s
     0     2  589.88860    0 6290          -  589.88860      -     - 1728s
     1     3  589.88860    1 6433          -  589.88860      -  3769 1741s
     2     6  589.97417    2 8226          -  589.88860      -  4842 1762s
     5    10  589.97417    3 8226          -  589.97417      -  4129 1769s
     9    19  589.97417    4 8956          -  589.97417      -  2777 1793s
    18    34  589.99872    5 8928          -  589.97417      -  1596 1810s
    33    47  590.02998   10 9050          -  589.97417      -   960 1818s
    46    59  590.18834   13 9584          -  589.97417      -   854 1823s
    58    64  591.68860   15 9964          -  589.97417      -   806 1831s
    63    73  591.68860   16 8569          -  589.97417      -   814 1836s
    72    83  591.83656   19 9744          -  589.97417      -   801 1843s
    82    94  591.84981   24 10119          -  589.97417      -   769 1856s
    95   100  591.94286   26 10817          -  589.97417      -   748 1861s
   101   108  591.94286   27 10859          -  589.97417      -   744 1874s
   109   113  591.94286   29 11164          -  589.97417      -   768 1882s
   115   122  591.98410   31 10653          -  589.97417      -   799 1888s
   124   133  592.04665   34 10813          -  589.97417      -   822 1893s
   135   148  592.23085   35 11707          -  589.97417      -   786 1897s
   150   162  592.27714   38 11027          -  589.97417      -   730 1902s
   164   172  592.27714   46 11592          -  589.97417      -   696 1908s
   174   193  592.74381   48 11498          -  589.97417      -   724 1915s
   195   218  592.90036   57 10590          -  589.97417      -   680 1923s
   220   242  593.06994   67 10887          -  589.97417      -   631 1929s
   244   255  593.27444   76 8813          -  589.97417      -   591 1935s
   257   274  593.30951   81 8580          -  589.97417      -   580 1942s
   276   284  593.30951   87 9586          -  589.97417      -   556 1957s
   286   328  593.30951   88 10233          -  589.97417      -   548 1990s
   330   358  593.77287  101 8878          -  589.97417      -   481 2012s
   360   373  594.02330  115 9712          -  589.97417      -   453 2028s
   375   386  594.02330  117 9024          -  589.97417      -   455 2054s
   388   402  594.02330  120 8775          -  589.97417      -   450 2061s
   404   423  594.02330  122 9162          -  589.97417      -   444 2083s
   425   451  594.02330  125 8366          -  589.97417      -   429 2092s
   453   473  594.08997  132 9864          -  589.97417      -   426 2105s
   475   477  594.09597  138 7390          -  589.97417      -   421 2118s
   479   481  594.09597  139 7046          -  589.97417      -   419 2135s
   483   485  594.49605  140 8084          -  589.97417      -   421 2155s
   487   489  594.49605  141 8656          -  589.97417      -   417 2180s
   491   493  594.49605  142 8912          -  589.97417      -   414 2196s
   495   497  594.51447  143 8857          -  589.97417      -   415 2209s
   499   501  594.58734  144 8887          -  589.97417      -   412 2234s
   503   505  594.64126  145 8880          -  589.97417      -   412 2253s
   507   509  594.72582  146 8758          -  589.97417      -   409 2267s
   511   513  595.11523  146 8972          -  589.97417      -   413 2284s
   515   517  595.11523  147 8972          -  589.97417      -   410 2300s
   519   521  595.11523  148 9034          -  589.97417      -   409 2316s
   523   525  595.11523  149 9343          -  589.97417      -   409 2334s
   527   529  595.11523  150 9343          -  589.97417      -   408 2355s
   531   532  595.11523  151 8980          -  589.97417      -   408 2373s
   535   536  595.11523  152 9557          -  589.97417      -   408 2391s
   539   540  595.11523  153 10463          -  589.97417      -   412 2404s
   543   544  595.11523  154 9557          -  589.97417      -   409 2421s
   547   548  595.11523  155 8730          -  589.97417      -   408 2441s
   551   552  595.11523  156 8730          -  589.97417      -   407 2455s
   555   556  595.19427  157 9634          -  589.97417      -   408 2471s
   559   560  595.19427  158 8728          -  589.97417      -   407 2490s
   563   564  595.19427  159 9922          -  589.97417      -   405 2507s
   567   568  595.34564  160 7868          -  589.97417      -   403 2523s
   571   572  595.36345  161 9008          -  589.97417      -   401 2551s
   575   576  595.40797  162 9015          -  589.97417      -   399 2586s
   579   587  595.45249  163 8509          -  589.97417      -   398 2628s
   590   594  595.47030  164 8507          -  589.97417      -   397 2655s
   598   598  596.75623  165 8499          -  589.97417      -   407 2674s
   602   604  597.69695  166 8626          -  589.97417      -   412 2693s
   612   608  598.00281  167 8616          -  589.97417      -   415 2723s
   616   612  598.19100  168 8579          -  589.97417      -   419 3201s
   620   616  598.93462  169 8585          -  589.97417      -   420 3500s
   624   621  599.50994  170 9381          -  589.97417      -   421 3518s
   630   637  681.84059  170 9250          -  589.97417      -   434 3545s
   646   653  679.03026  171 9279          -  589.97417      -   440 3573s
   662   677  679.47461  172 11516          -  589.97417      -   440 3602s
   686   692 infeasible  173               -  589.97417      -   434 3660s
   703   718  681.08217  173 8744          -  589.97417      -   432 3702s
   729   759  681.41678  174 7799          -  589.97417      -   427 3727s
   770   828  681.83912  175 8245          -  589.97417      -   419 3750s
   839   906 infeasible  176               -  589.97417      -   400 3777s
   919   998  684.22795  177 7977          -  589.97417      -   370 3828s
  1011  1062  686.34603  178 7977          -  589.97417      -   341 4032s
  1082  1127  689.79790  178 6838          -  589.97417      -   328 4061s
  1153  1230  689.83268  179 6268          -  589.97417      -   321 4175s
  1256  1406  689.83583  180 7008          -  589.97417      -   307 4203s
  1432  1590  689.98222  205 7566          -  589.97417      -   284 4228s
  1616  1745  694.70648  250 4492          -  589.97417      -   270 4258s
  1771  2022  709.88681  323 4302          -  589.97417      -   267 4288s
  2049  2202  713.83791  412 4602          -  589.97417      -   243 4316s
  2229  2522  718.38952  435 4642          -  589.97417      -   239 4344s
  2559  2825  728.07067  458 4233          -  589.97417      -   221 4384s
  2864  2928  781.59285  460 4140          -  589.97417      -   204 4683s
  2975  2939  731.62116  460 4702          -  589.97417      -   198 5013s
  2994  2972  748.12928  461 3510          -  589.97417      -   201 5439s
  3035  2973  621.02715  780 6290          -  589.97417      -   202 5628s
  3036  2974  592.04282   29 6290          -  589.97417      -   202 5630s
  3037  2974  726.96398  629 4777          -  589.97417      -   202 5828s
  3038  2975  607.14522  210 4607          -  589.97417      -   202 5916s
  3039  2976  606.38997   40 6222          -  592.33894      -   202 5943s
  3040  2976  593.58860   19 5644          -  592.33894      -   202 5947s
  3041  2977  596.44364   15 6294          -  593.86155      -   202 5952s
  3042  2978  608.31091  121 6323          -  593.97849      -   202 5955s
  3045  2980  612.39931   18 5496          -  594.00676      -   202 5997s
  3046  2980  628.49487  383 5815          -  606.51205      -   202 6061s
  3047  2981  618.51197   15 6298          -  618.51197      -   202 6100s
  3048  2982  635.87665  820 6517          -  619.69571      -   201 6109s
  3049  2982  721.04382  591 6811          -  620.14842      -   201 6117s
  3050  2983  620.19644   72 6146          -  620.19644      -   201 6125s
  3051  2984  620.61234  538 7232          -  620.61234      -   201 6139s
  3052  2984  620.61418   51 7482          -  620.61418      -   201 6149s
  3053  2985  622.10308  104 6694          -  622.10308      -   201 6165s
  3055  2986  715.84403  432 6926          -  622.35001      -   201 6175s
  3057  2988  632.77698   62 7490          -  623.02644      -   201 6190s
  3059  2989  627.04253  847 6652          -  623.17121      -   201 6227s
  3060  2990  623.29060  906 6350          -  623.29060      -   201 6313s
  3061  2990  627.97504  679 8459          -  627.97504      -   201 6365s
  3062  2991  628.27332   88 8632          -  628.27332      -   201 6377s
  3063  2992  748.12928  462 9543          -  628.60022      -   201 6388s
  3064  2992  628.73643  189 9405          -  628.73643      -   200 6401s
  3065  2993  629.08635  187 9822          -  629.08635      -   200 6411s
  3066  2994  629.18405   20 9037          -  629.18405      -   200 6419s
  3067  2994  629.21173   31 9787          -  629.21173      -   200 6428s
  3068  2995  629.21309  156 10501          -  629.21309      -   200 6432s
  3069  2996  629.24276  215 11776          -  629.24276      -   200 6449s
  3070  2996  629.25378  602 11650          -  629.25378      -   200 6454s
  3071  2997  629.25378   85 11489          -  629.25378      -   200 6496s
  3072  2998  692.26713  208 10267          -  630.15209      -   200 6585s
  3073  2998  633.27823  299 11007          -  630.23150      -   200 6634s
  3074  2999  679.50824  173 11161          -  630.39838      -   200 6649s
  3075  3000  633.23818   17 11303          -  633.23818      -   200 6663s
  3076  3000  637.39420  443 11626          -  637.39420      -   200 6676s
  3077  3001  646.59337  560 11668          -  637.49417      -   200 6696s
  3078  3002  707.69788  249 10271          -  637.92254      -   200 6710s
  3079  3002  638.00994  403 10058          -  638.00994      -   199 6722s
  3080  3003  705.19546  219 10053          -  638.18565      -   199 6732s
  3081  3004  706.30323  234 9085          -  638.24535      -   199 6739s
  3082  3004  638.32979   56 10239          -  638.32979      -   199 6747s
  3083  3005  905.43318  678 8567          -  638.35668      -   199 6756s
  3085  3006  651.95937  348 8212          -  638.36623      -   199 6766s
  3086  3007  638.36623  898 8069          -  638.36623      -   199 6797s
  3087  3008  708.59672  316 6640          -  646.92266      -   199 6870s
  3088  3008  647.59883   90 9610          -  647.59883      -   199 6949s
  3089  3009  647.72734  611 6052          -  647.72734      -   199 6956s
  3090  3010  648.06396  185 9078          -  648.06396      -   199 6983s
  3091  3010  649.06869   21 9694          -  649.06869      -   199 7000s
  3092  3011  718.93662  307 8865          -  649.18807      -   199 7011s
  3093  3012  650.19599  917 9559          -  650.19599      -   199 7021s
  3094  3012  707.44289  497 8435          -  650.31466      -   199 7029s
  3095  3013  650.31473   59 8566          -  650.31473      -   198 7076s

Cutting planes:
  Learned: 3
  Gomory: 13
  Cover: 177
  Implied bound: 43
  Projected implied bound: 391
  Clique: 24
  MIR: 70
  StrongCG: 7
  Flow cover: 334
  GUB cover: 72
  Zero half: 21
  RLT: 114
  Relax-and-lift: 55

Explored 3095 nodes (1820805 simplex iterations) in 7200.15 seconds (6208.16 work units)
Thread count was 4 (of 8 available processors)

Solution count 0

Time limit reached
Best objective -, best bound 6.504000000000e+02, gap -
