
Gurobi 13.0.2 (linux64) logging started Sun Jun 28 19:46:35 2026

Set parameter LogFile to value "src/Resultados/Restriccion cota global/logs/RC207-50.xml_log.log"
Set parameter Threads to value 4
Gurobi Optimizer version 13.0.2 build v13.0.2rc1 (linux64 - "Rocky Linux 9.7 (Blue Onyx)")

CPU model: QEMU Virtual CPU version 2.5+, instruction set [SSE2]
Thread count: 8 physical cores, 8 logical processors, using up to 4 threads

Non-default parameters:
TimeLimit  7200
Threads  4

Optimize a model with 237984 rows, 144495 columns and 1003200 nonzeros (Min)
Model fingerprint: 0x5ad4a3cc
Model has 21960 linear objective coefficients
Variable types: 30780 continuous, 113715 integer (113700 binary)
Coefficient statistics:
  Matrix range     [1e+00, 2e+05]
  Objective range  [1e+00, 8e+01]
  Bounds range     [1e+00, 2e+03]
  RHS range        [1e+00, 2e+05]

Presolve removed 75240 rows and 180 columns (presolve time = 5s)...
Presolve removed 75255 rows and 195 columns
Presolve time: 5.95s
Presolved: 162729 rows, 144300 columns, 740025 nonzeros
Variable types: 750 continuous, 143550 integer (127305 binary)
Deterministic concurrent LP optimizer: primal simplex, dual simplex, and barrier
Showing barrier log only...

Root barrier log...

Ordering time: 1.51s

Barrier statistics:
 Dense cols : 15
 AA' NZ     : 2.209e+06
 Factor NZ  : 9.120e+06 (roughly 200 MB of memory)
 Factor Ops : 2.395e+09 (less than 1 second per iteration)
 Threads    : 1

                  Objective                Residual
Iter       Primal          Dual         Primal    Dual     Compl     Time
   0   1.92867436e+06 -3.00520630e+06  1.97e+05 5.55e-17  1.41e+02    12s
   1   6.59073864e+05 -3.04735425e+06  6.81e+04 6.41e-01  5.75e+01    12s
   2   4.76219730e+05 -2.14304353e+06  5.08e+04 6.61e-02  3.18e+01    13s
   3   9.26814377e+04 -8.43410383e+05  9.77e+03 3.05e-03  6.49e+00    14s
   4   1.28373756e+04 -4.03568925e+05  1.18e+03 9.96e-04  1.56e+00    15s
   5   3.15522018e+03 -4.34502478e+04  1.62e+02 3.05e-12  1.68e-01    16s
   6   1.73190622e+03 -4.75897799e+03  5.95e+01 1.56e-13  3.36e-02    17s
   7   1.09460518e+03 -1.47189110e+03  1.04e+01 4.88e-14  9.38e-03    18s
   8   6.49904843e+02 -2.64870957e+02  1.64e+00 1.57e-14  2.76e-03    19s
   9   5.09978491e+02  1.85010972e+02  1.89e-01 5.48e-15  8.72e-04    19s
  10   4.85545769e+02  4.54395646e+02  2.18e-03 6.08e-15  7.99e-05    20s
  11   4.83621588e+02  4.83155440e+02  1.22e-12 1.84e-15  1.19e-06    21s
  12   4.83600022e+02  4.83599555e+02  1.08e-11 3.58e-15  1.19e-09    22s
  13   4.83600000e+02  4.83600000e+02  7.56e-11 3.56e-15  8.99e-15    23s

Barrier solved model in 13 iterations and 22.63 seconds (12.20 work units)
Optimal objective 4.83600000e+02


Root crossover log...

   17832 DPushes remaining with DInf 0.0000000e+00                23s
       0 DPushes remaining with DInf 0.0000000e+00                23s

   80555 PPushes remaining with PInf 0.0000000e+00                23s
   25776 PPushes remaining with PInf 0.0000000e+00                25s
    6860 PPushes remaining with PInf 0.0000000e+00                30s
     972 PPushes remaining with PInf 0.0000000e+00                35s
       0 PPushes remaining with PInf 0.0000000e+00                36s

  Push phase complete: Pinf 0.0000000e+00, Dinf 5.7270855e-13     36s


Root simplex log...

Iteration    Objective       Primal Inf.    Dual Inf.      Time
   80737    4.8360000e+02   0.000000e+00   0.000000e+00     37s
Crossover time: 13.87 seconds (8.09 work units)
Concurrent spin time: 0.00s

Solved with barrier

Root relaxation: objective 4.836000e+02, 80737 iterations, 28.28 seconds (14.28 work units)

    Nodes    |    Current Node    |     Objective Bounds      |     Work
 Expl Unexpl |  Obj  Depth IntInf | Incumbent    BestBd   Gap | It/Node Time

     0     0  483.60000    0 15508          -  483.60000      -     -  157s
     0     0  483.60000    0 12146          -  483.60000      -     -  160s
     0     0  483.60000    0 15676          -  483.60000      -     -  183s
     0     0  483.60000    0 16811          -  483.60000      -     -  192s
     0     0  483.60000    0 16212          -  483.60000      -     -  212s
     0     0  483.60000    0 16212          -  483.60000      -     -  212s
     0     0  483.60000    0 13418          -  483.60000      -     -  289s
     0     0  483.60000    0 13356          -  483.60000      -     -  294s
     0     0  483.60000    0 13345          -  483.60000      -     -  298s
     0     0  483.60000    0 18266          -  483.60000      -     -  307s
     0     0  483.60000    0 19778          -  483.60000      -     -  341s
     0     0  483.60000    0 19778          -  483.60000      -     -  341s
     0     0  483.60000    0 8129          -  483.60000      -     -  426s
     0     0  483.60000    0 6166          -  483.60000      -     -  433s
     0     0  483.60000    0 6228          -  483.60000      -     -  434s
     0     0  483.60000    0 14609          -  483.60000      -     -  456s
     0     0  483.60000    0 13134          -  483.60000      -     -  457s
     0     0  483.60000    0 4527          -  483.60000      -     -  503s
     0     0  483.60000    0 4510          -  483.60000      -     -  508s
     0     0  483.60000    0 15325          -  483.60000      -     -  530s
     0     0  483.60000    0 15333          -  483.60000      -     -  531s
     0     0  483.60000    0 11382          -  483.60000      -     -  605s
     0     0  483.60000    0 13833          -  483.60000      -     -  621s
     0     0  483.60000    0 13866          -  483.60000      -     -  624s
     0     0  483.60000    0 11691          -  483.60000      -     -  643s
     0     0  483.60000    0 11689          -  483.60000      -     -  644s
     0     0  483.60000    0 8326          -  483.60000      -     -  714s
     0     0  483.60000    0 7879          -  483.60000      -     -  721s
     0     0  483.60000    0 6448          -  483.60000      -     -  723s
     0     0  485.10591    0 8272          -  485.10591      -     -  741s
     0     0  485.10591    0 8271          -  485.10591      -     -  741s
     0     0  485.10591    0 6602          -  485.10591      -     -  781s
     0     0  485.11012    0 8248          -  485.11012      -     -  788s
     0     0  485.11012    0 8237          -  485.11012      -     -  788s
     0     0  485.16683    0 7389          -  485.16683      -     -  790s
     0     0  485.16683    0 7390          -  485.16683      -     -  791s
     0     0  486.89586    0 16285          -  486.89586      -     -  820s
     0     0  486.89586    0 16210          -  486.89586      -     -  820s
     0     0  486.89586    0 16499          -  486.89586      -     -  925s
     0     0  487.58925    0 11946          -  487.58925      -     -  940s
     0     0  487.58925    0 11947          -  487.58925      -     -  941s
     0     0  487.62929    0 13468          -  487.62929      -     -  951s
     0     0  487.62929    0 12458          -  487.62929      -     -  953s
     0     0  487.62929    0 12020          -  487.62929      -     -  955s
     0     0  487.95199    0 16509          -  487.95199      -     -  970s
     0     0  487.95199    0 16066          -  487.95199      -     -  974s
     0     0  487.98180    0 16876          -  487.98180      -     -  990s
     0     0  487.98180    0 16880          -  487.98180      -     -  990s
     0     0  487.98180    0 17352          -  487.98180      -     -  997s
     0     0  487.98180    0 17352          -  487.98180      -     -  997s
     0     0  488.19789    0 18848          -  488.19789      -     - 1013s
     0     0  488.19789    0 20259          -  488.19789      -     - 1021s
     0     0  488.19789    0 20052          -  488.19789      -     - 1021s
     0     0  488.61543    0 20812          -  488.61543      -     - 1037s
     0     0  488.62680    0 22488          -  488.62680      -     - 1044s
     0     0  488.62694    0 23539          -  488.62694      -     - 1048s
     0     0  488.62694    0 23512          -  488.62694      -     - 1049s
     0     0  490.89668    0 24635          -  490.89668      -     - 1069s
     0     0  490.89668    0 24635          -  490.89668      -     - 1070s
     0     0  491.15731    0 24628          -  491.15731      -     - 1080s
     0     0  491.16325    0 20883          -  491.16325      -     - 1087s
     0     0  491.16333    0 17002          -  491.16333      -     - 1091s
     0     0  491.85245    0 24026          -  491.85245      -     - 1115s
     0     0  491.85245    0 23982          -  491.85245      -     - 1115s
     0     0  491.90159    0 21880          -  491.90159      -     - 1123s
     0     0  491.90159    0 21698          -  491.90159      -     - 1123s
     0     0  491.90159    0 18458          -  491.90159      -     - 1128s
     0     0  494.15198    0 19841          -  494.15198      -     - 1148s
     0     0  494.15198    0 19840          -  494.15198      -     - 1148s
     0     0  494.15617    0 17247          -  494.15617      -     - 1155s
     0     0  494.15617    0 17205          -  494.15617      -     - 1158s
     0     0  494.85296    0 20798          -  494.85296      -     - 1179s
     0     0  494.85296    0 20736          -  494.85296      -     - 1179s
     0     0  495.29425    0 21151          -  495.29425      -     - 1186s
     0     0  495.29425    0 19278          -  495.29425      -     - 1190s
     0     0  496.15703    0 21309          -  496.15703      -     - 1213s
     0     0  496.15703    0 21274          -  496.15703      -     - 1213s
     0     0  496.15703    0 25677          -  496.15703      -     - 1222s
     0     0  496.15703    0 25668          -  496.15703      -     - 1223s
     0     0  496.40703    0 19703          -  496.40703      -     - 1250s
     0     0  496.40703    0 25416          -  496.40703      -     - 1260s
     0     0  497.84283    0 24145          -  497.84283      -     - 1295s
     0     0  497.84283    0 24145          -  497.84283      -     - 1295s
     0     0  497.90834    0 23272          -  497.90834      -     - 1304s
     0     0  497.90834    0 23272          -  497.90834      -     - 1304s
     0     0  497.90834    0 23525          -  497.90834      -     - 1310s
     0     0  497.90834    0 24630          -  497.90834      -     - 1342s
     0     0  497.90834    0 20607          -  497.90834      -     - 1351s
     0     0  497.90834    0 20618          -  497.90834      -     - 1352s
     0     0  497.90834    0 17511          -  497.90834      -     - 1367s
     0     0  497.90834    0 19803          -  497.90834      -     - 1388s
     0     0  497.90834    0 17917          -  497.90834      -     - 1404s
     0     0  497.90834    0 17864          -  497.90834      -     - 1405s
     0     0  497.90834    0 5855          -  497.90834      -     - 1493s
     0     0  497.90834    0 5296          -  497.90834      -     - 1512s
     0     0  497.90834    0 6903          -  497.90834      -     - 1516s
     0     0  498.20834    0 6898          -  498.20834      -     - 1532s
     0     0  498.20834    0 6898          -  498.20834      -     - 1532s
     0     0  498.20834    0 5940          -  498.20834      -     - 1602s
     0     0  498.20834    0 4632          -  498.20834      -     - 1609s
     0     0  498.20834    0 4561          -  498.20834      -     - 1609s
     0     0  498.30834    0 8771          -  498.30834      -     - 1634s
     0     0  498.30834    0 8709          -  498.30834      -     - 1634s
     0     0  498.30834    0 8707          -  498.30834      -     - 1635s
     0     0  498.30834    0 8706          -  498.30834      -     - 1635s
     0     0  498.30834    0 10430          -  498.30834      -     - 1654s
     0     0  498.30834    0 12553          -  498.30834      -     - 1674s
     0     0  498.30834    0 5078          -  498.30834      -     - 1685s
     0     0  498.30834    0 12056          -  498.30834      -     - 1704s
     0     0  498.30834    0 11702          -  498.30834      -     - 1705s
     0     0  498.30834    0 3244          -  498.30834      -     - 1782s
     0     0  498.81800    0 4675          -  498.81800      -     - 1791s
     0     0  498.81800    0 3219          -  498.81800      -     - 1793s
     0     0  498.81800    0 3538          -  498.81800      -     - 1801s
     0     0  498.81800    0 3523          -  498.81800      -     - 1802s
     0     0  499.56800    0 6059          -  499.56800      -     - 1826s
     0     0  499.56800    0 6063          -  499.56800      -     - 1827s
     0     0  499.56800    0 6326          -  499.56800      -     - 1828s
     0     0  499.56800    0 6302          -  499.56800      -     - 1828s
     0     0  499.56800    0 6302          -  499.56800      -     - 1908s
     0     0  499.56800    0 6256          -  499.56800      -     - 1914s
     0     0  499.60604    0 5640          -  499.60604      -     - 1926s
     0     0  499.60604    0 7268          -  499.60604      -     - 1934s
     0     0  499.60604    0 7091          -  499.60604      -     - 1934s
     0     0  499.62648    0 6409          -  499.62648      -     - 1950s
     0     0  499.62648    0 6410          -  499.62648      -     - 1950s
     0     0  499.62648    0 6630          -  499.62648      -     - 1959s
     0     0  499.63108    0 6554          -  499.63108      -     - 1971s
     0     0  499.63108    0 6546          -  499.63108      -     - 1971s
     0     0  499.63108    0 6529          -  499.63108      -     - 1971s
     0     0  499.63108    0 6529          -  499.63108      -     - 1974s
     0     0  499.63108    0 6529          -  499.63108      -     - 2055s
     0     2  499.63108    0 6529          -  499.63108      -     - 2187s
     3     8  499.63108    2 6201          -  499.63108      -   192 2194s
     7    12  499.63108    3 6270          -  499.63108      -   470 2199s
    11    16  499.63108    4 6215          -  499.63108      -   557 2214s
    15    21  499.63108    5 5844          -  499.63108      -   541 2239s
    20    29  499.63108    6 6011          -  499.63108      -   579 2262s
    28    39  499.63108    7 6007          -  499.63108      -   442 2280s
    38    48  499.63108    8 6007          -  499.63108      -   364 2303s
    47    54  499.63108    9 7501          -  499.63108      -   314 2324s
    55    66  499.63108   10 8149          -  499.63108      -   319 2350s
    67    78  499.63108   11 8388          -  499.63108      -   312 2370s
    79    87  499.63108   12 7065          -  499.63108      -   283 2391s
    88    93  499.63108   13 7376          -  499.63108      -   264 2414s
    94    97  499.63108   14 8693          -  499.63108      -   290 2438s
    98   107  499.63108   15 8676          -  499.63108      -   290 2460s
   109   118  499.63108   16 8698          -  499.63108      -   272 2479s
   120   132  499.63108   17 8697          -  499.63108      -   266 2500s
   134   148  499.63108   18 9185          -  499.63108      -   247 2520s
   150   162  499.63108   19 8339          -  499.63108      -   247 2542s
   164   179  499.63108   20 8339          -  499.63108      -   237 2568s
   181   197  499.63108   21 8341          -  499.63108      -   225 2586s
   199   215  499.63108   22 8342          -  499.63108      -   218 2607s
   217   225  499.63108   23 8301          -  499.63108      -   211 2626s
   227   257  499.63108   24 8302          -  499.63108      -   209 2665s
   259   278  499.63108   25 8301          -  499.63108      -   192 2685s
   280   289  499.63108   26 8312          -  499.63108      -   193 2714s
   291   309  499.63108   27 8291          -  499.63108      -   193 2734s
   311   323  499.63108   28 7991          -  499.63108      -   186 2759s
   325   342  499.63108   29 8065          -  499.63108      -   185 2787s
   344   356  499.63108   30 8063          -  499.63108      -   182 2862s
   358   388  499.63108   31 7339          -  499.63108      -   190 2892s
   390   409  499.63108   32 7267          -  499.63108      -   195 2955s
   411   434  499.63108   33 7849          -  499.63108      -   204 2991s
   436   474  499.63108   34 8106          -  499.63108      -   200 3025s
   476   502  499.63108   35 8083          -  499.63108      -   197 3206s
   504   517  499.63108   36 8679          -  499.63108      -   191 3291s
   519   521  499.63108   37 8748          -  499.63108      -   194 3512s
   523   612  499.63108   38 8908          -  499.63108      -   194 3537s
   614   682  499.63108   39 9297          -  499.63108      -   205 3558s
   684   770  499.63108   40 10437          -  499.63108      -   211 3578s
   772   878  499.84775   41 9947          -  499.63108      -   210 3602s
   880   997  499.84775   42 9869          -  499.63108      -   200 3627s
   999  1092  499.84775   43 9868          -  499.63108      -   187 3668s
  1094  1235  499.84775   44 9190          -  499.63108      -   180 3688s
  1237  1369  499.84775   45 9213          -  499.63108      -   171 3709s
  1371  1515  499.84775   46 9531          -  499.63108      -   166 3796s
  1517  1652  499.84775   47 9226          -  499.63108      -   159 3858s
  1654  1776  499.84775   48 9152          -  499.63108      -   158 3878s
  1778  1944  499.84775   49 8503          -  499.63108      -   156 3902s
  1951  2046  500.09775   66 8419          -  499.63108      -   158 3924s
  2053  2170  500.09775   78 9101          -  499.63108      -   165 3948s
  2177  2290  500.19775   87 10104          -  499.63108      -   170 3972s
  2297  2437  500.19775  101 9394          -  499.63108      -   175 3997s
  2444  2577  502.11551  158 8805          -  499.63108      -   178 4026s
  2584  2752  502.54648  193 8200          -  499.63108      -   181 4065s
  2759  2935  502.88787  214 7866          -  499.63108      -   182 4095s
  2942  3108  503.08128  273 6955          -  499.63108      -   183 4126s
  3115  3320  503.57155  309 8042          -  499.63108      -   184 4160s
  3327  3542  503.69299  330 7571          -  499.63108      -   185 4192s
  3549  3817  503.90829  369 8904          -  499.63108      -   185 4230s
  3824  4097  504.34615  471 7500          -  499.63108      -   181 4267s
  4104  4348  504.89665  555 8910          -  499.63108      -   177 4305s
  4355  4659  505.24542  604 11088          -  499.63108      -   176 4350s
  4666  4663  513.63748  682 7115          -  499.63108      -   171 4569s
  4670  4667  512.87175  683 7692          -  499.63108      -   171 4897s
  4674  4671  513.55737  684 7692          -  499.63108      -   171 5168s
  4678  4675  518.30697  684 7563          -  499.63108      -   171 5539s
  4682  4679  513.63748  685 8402          -  499.63108      -   171 5841s
  4686  4683  513.68801  686 8587          -  499.63108      -   171 6139s
  4690  4687  513.71537  687 8102          -  499.63108      -   172 6396s
  4694  4691  513.84491  688 7582          -  499.63108      -   171 6649s
  4698  4814  513.84491  689 7582          -  499.63108      -   172 6905s
  4822  5044  513.87623  690 8014          -  499.63108      -   172 6972s
  5052  5348  548.79152  755 10130          -  499.63108      -   171 7013s

Cutting planes:
  Learned: 1
  Gomory: 1
  Cover: 169
  Implied bound: 469
  Clique: 339
  MIR: 352
  StrongCG: 18
  Flow cover: 22
  GUB cover: 86
  Zero half: 6
  RLT: 388
  Relax-and-lift: 838

Explored 5362 nodes (1799002 simplex iterations) in 7200.08 seconds (6557.12 work units)
Thread count was 4 (of 8 available processors)

Solution count 0

Time limit reached
Best objective -, best bound 4.997000000000e+02, gap -
