
Gurobi 13.0.2 (linux64) logging started Sun Jun 28 07:44:30 2026

Set parameter LogFile to value "src/Resultados/Restriccion cota global/logs/RC204-50.xml_log.log"
Set parameter Threads to value 4
Gurobi Optimizer version 13.0.2 build v13.0.2rc1 (linux64 - "Rocky Linux 9.7 (Blue Onyx)")

CPU model: QEMU Virtual CPU version 2.5+, instruction set [SSE2]
Thread count: 8 physical cores, 8 logical processors, using up to 4 threads

Non-default parameters:
TimeLimit  7200
Threads  4

Optimize a model with 242626 rows, 148125 columns and 1034880 nonzeros (Min)
Model fingerprint: 0x34dcc1b0
Model has 24270 linear objective coefficients
Variable types: 31110 continuous, 117015 integer (117000 binary)
Coefficient statistics:
  Matrix range     [1e+00, 2e+05]
  Objective range  [1e+00, 8e+01]
  Bounds range     [1e+00, 2e+03]
  RHS range        [1e+00, 2e+05]

Presolve removed 75765 rows and 180 columns (presolve time = 5s)...
Presolve removed 75795 rows and 195 columns
Presolve time: 7.58s
Presolved: 166831 rows, 147930 columns, 767025 nonzeros
Variable types: 750 continuous, 147180 integer (130935 binary)
Deterministic concurrent LP optimizer: primal simplex, dual simplex, and barrier
Showing barrier log only...

Root barrier log...

Ordering time: 1.93s

Barrier statistics:
 Dense cols : 15
 AA' NZ     : 2.541e+06
 Factor NZ  : 1.070e+07 (roughly 200 MB of memory)
 Factor Ops : 3.346e+09 (less than 1 second per iteration)
 Threads    : 1

                  Objective                Residual
Iter       Primal          Dual         Primal    Dual     Compl     Time
   0   1.39654687e+06 -2.89041809e+06  1.92e+05 5.55e-17  1.30e+02    15s
   1   3.91103887e+05 -2.98835048e+06  5.43e+04 6.31e-01  4.74e+01    15s
   2   3.36030479e+05 -2.91241322e+06  4.68e+04 6.59e-01  3.29e+01    16s
   3   1.47701773e+05 -2.50308522e+06  2.12e+04 4.68e-01  1.79e+01    17s
   4   7.33542390e+04 -1.28639567e+06  1.04e+04 1.35e-01  8.04e+00    18s
   5   8.82335064e+03 -2.00116929e+05  9.77e+02 1.25e-13  8.60e-01    19s
   6   1.96981053e+03 -2.69259658e+04  9.27e+01 6.13e-14  9.42e-02    20s
   7   1.31466426e+03 -4.09686450e+03  2.17e+01 5.83e-15  1.78e-02    22s
   8   7.83897622e+02 -3.11977439e+03  5.67e+00 6.23e-15  1.08e-02    23s
   9   5.56760225e+02 -7.17634038e+02  1.23e+00 2.17e-15  3.41e-03    24s
  10   4.80600998e+02  1.67643722e+02  1.19e-01 3.34e-15  7.99e-04    26s
  11   4.66346702e+02  4.26708244e+02  3.55e-03 3.54e-15  9.91e-05    27s
  12   4.64148723e+02  4.63087472e+02  1.79e-06 4.05e-15  2.65e-06    28s
  13   4.64100049e+02  4.64098986e+02  4.62e-12 2.42e-15  2.65e-09    29s
  14   4.64100000e+02  4.64099999e+02  9.97e-10 2.42e-15  2.65e-12    31s

Barrier solved model in 14 iterations and 30.59 seconds (14.27 work units)
Optimal objective 4.64100000e+02


Root crossover log...

   17766 DPushes remaining with DInf 0.0000000e+00                31s
       0 DPushes remaining with DInf 0.0000000e+00                31s

   63716 PPushes remaining with PInf 0.0000000e+00                31s
   35838 PPushes remaining with PInf 0.0000000e+00                36s
   27695 PPushes remaining with PInf 0.0000000e+00                41s
   19886 PPushes remaining with PInf 0.0000000e+00                48s
   11299 PPushes remaining with PInf 0.0000000e+00                54s
    9263 PPushes remaining with PInf 0.0000000e+00                55s
    3843 PPushes remaining with PInf 0.0000000e+00                60s
     813 PPushes remaining with PInf 0.0000000e+00                65s
       0 PPushes remaining with PInf 0.0000000e+00                67s

  Push phase complete: Pinf 0.0000000e+00, Dinf 6.5702555e-12     67s


Root simplex log...

Iteration    Objective       Primal Inf.    Dual Inf.      Time
   81485    4.6410000e+02   0.000000e+00   0.000000e+00     67s
Crossover time: 36.26 seconds (17.53 work units)
Concurrent spin time: 0.00s

Solved with barrier

Root relaxation: objective 4.641000e+02, 81485 iterations, 56.29 seconds (25.67 work units)

    Nodes    |    Current Node    |     Objective Bounds      |     Work
 Expl Unexpl |  Obj  Depth IntInf | Incumbent    BestBd   Gap | It/Node Time

     0     0  464.10000    0 17731          -  464.10000      -     -  195s
     0     0  464.10000    0 11902          -  464.10000      -     -  199s
     0     0  464.10000    0 16571          -  464.10000      -     -  224s
     0     0  464.10000    0 16553          -  464.10000      -     -  233s
     0     0  464.10000    0 16436          -  464.10000      -     -  259s
     0     0  464.10000    0 15607          -  464.10000      -     -  261s
     0     0  464.10000    0 15607          -  464.10000      -     -  340s
     0     0  464.10000    0 17286          -  464.10000      -     -  356s
     0     0  464.10000    0 17515          -  464.10000      -     -  357s
     0     0  464.10000    0 16484          -  464.10000      -     -  378s
     0     0  464.10000    0 16484          -  464.10000      -     -  378s
     0     0  464.10000    0 14719          -  464.10000      -     -  514s
     0     0  464.10000    0 14719          -  464.10000      -     -  525s
     0     0  464.10000    0 11687          -  464.10000      -     -  531s
     0     0  464.10000    0 13105          -  464.10000      -     -  570s
     0     0  464.10000    0 13104          -  464.10000      -     -  570s
     0     0  464.10000    0 11986          -  464.10000      -     -  640s
     0     0  464.10000    0 11985          -  464.10000      -     -  648s
     0     0  464.10000    0 11377          -  464.10000      -     -  669s
     0     0  464.10000    0 11377          -  464.10000      -     -  669s
     0     0  464.10000    0 11377          -  464.10000      -     -  706s
     0     0  464.10000    0 11377          -  464.10000      -     -  710s
     0     0  464.10000    0 11377          -  464.10000      -     -  749s
     0     2  464.10000    0 11377          -  464.10000      -     -  834s
     1     4  464.10000    1 10860          -  464.10000      -   536  837s
     3     8  464.10000    2 10213          -  464.10000      -   301  843s
     7    10  464.10000    3 11614          -  464.10000      -   837  851s
    11    14  464.10000    4 11724          -  464.10000      -   974  873s
    15    32  464.10000    5 11981          -  464.10000      -  1302  897s
    47    51  464.10000    7 9081          -  464.10000      -   825  916s
    84    79  464.78545   11 9374          -  464.10000      -   635  950s
   114    83  464.10000   15 8657          -  464.10000      -   564  996s
   118    87  464.10000   16 8657          -  464.10000      -   560 1056s
   122    91  464.10000   17 8497          -  464.10000      -   562 1133s
   126    95  464.10000   18 8497          -  464.10000      -   545 1184s
   130   276  464.10000   19 8497          -  464.10000      -   548 1259s
   311   585  464.10000   20 8497          -  464.10000      -   258 1311s
   622   835  464.83465   29 6370          -  464.10000      -   149 1330s
   872  1015  465.57373   91 4945          -  464.10000      -   121 1357s
  1052  1149  466.02081  161 4559          -  464.10000      -   111 1371s
  1186  1313  466.25918  210 5152          -  464.10000      -   109 1386s
  1352  1425  476.59223  238 4778          -  464.10000      -   102 1403s
  1473  1529  482.18592  246 5998          -  464.10000      -   102 1427s
  1577  1605  485.00000  261 3478          -  464.10000      -  99.5 1458s
  1665  1749  485.02904  292 3194          -  464.10000      -  99.4 1473s
  1819  1863  485.05809  358 3195          -  464.10000      -  94.0 1563s
  1941  1864  563.09591  512 11377          -  464.10000      -  98.7 2018s
  1942  1865  472.30000  147 11377          -  464.10000      -  98.7 2020s
  1943  1865  466.10000   43 3334          -  464.20287      -  98.6 2235s
  1944  1866  469.15699   32 4060          -  469.15699      -  98.6 2330s
  1945  1867  485.04925  315 3962          -  474.65879      -  98.5 2371s
  1946  1867  487.95942  363 4122          -  475.85760      -  98.5 2464s
  1947  1868  476.64913   98 4540          -  476.64913      -  98.4 2496s
  1948  1869  476.75427   72 4374          -  476.75427      -  98.4 2561s
  1949  1869  477.28591   72 4610          -  477.28591      -  98.3 2623s
  1950  1870  477.96981   89 4118          -  477.96981      -  98.3 2695s
  1951  1871  589.01417  398 4301          -  478.02195      -  98.2 2734s
  1952  1871  602.20292  429 4203          -  478.03319      -  98.2 2810s
  1953  1872  480.67005   86 4312          -  480.67005      -  98.1 2884s
  1954  1873  480.94131   16 4292          -  480.94131      -  98.1 3011s
  1955  1873  481.00744  223 4598          -  481.00744      -  98.0 3031s
  1956  1874  481.06596  128 4598          -  481.06596      -  98.0 3113s
  1957  1875  481.41019  165 4358          -  481.41019      -  97.9 3139s
  1958  1875  481.66868  267 4066          -  481.66868      -  97.9 3259s
  1959  1876  481.67720   55 4450          -  481.67720      -  97.8 3283s
  1960  1877  585.71417  385 4027          -  481.81394      -  97.8 3365s
  1961  1877  481.84161   43 4017          -  481.84161      -  97.7 3391s
  1962  1878  513.63962  414 4347          -  481.88830      -  97.7 3483s
  1963  1879  483.00000  254 4322          -  481.90344      -  97.6 3519s
  1964  1879  481.91190  185 4945          -  481.91190      -  97.6 3611s
  1965  1880  482.07872  118 4923          -  482.07872      -  97.5 3638s
  1966  1881  482.17535  216 4648          -  482.17535      -  97.5 3796s
  1967  1881  482.44022  260 4422          -  482.44022      -  97.4 3821s
  1968  1882  482.52503  159 4428          -  482.52503      -  97.4 3941s
  1969  1883  515.93581  423 4690          -  482.60812      -  97.3 3967s
  1970  1883  482.71446  122 4630          -  482.71446      -  97.3 4062s
  1971  1884  482.71674  125 4274          -  482.71674      -  97.2 4086s
  1972  1885  482.98382  230 5184          -  482.98382      -  97.2 4162s
  1973  1885  483.04399  339 4828          -  483.04399      -  97.1 4181s
  1974  1886  484.37594  181 5117          -  484.37594      -  97.1 4350s
  1975  1887  492.85942  366 4507          -  485.04826      -  97.0 4369s
  1976  1887  485.90000   64 3580          -  485.90000      -  97.0 4457s
  1977  1888  485.90278  264 4969          -  485.90278      -  96.9 4484s
  1978  1889  485.90278  103 1443          -  485.90278      -  96.9 4543s
  1979  1889  485.91500  145 2569          -  485.91500      -  96.8 4568s
  1980  1890  485.93512  299 1335          -  485.93512      -  96.8 4627s
  1981  1891  485.94167   48 2636          -  485.94167      -  96.7 4646s
  1982  1891  526.80000  321 4438          -  485.97544      -  96.7 4730s
  1983  1892  486.76061  409 5374          -  485.97544      -  96.6 4756s
  1984  1893  485.99333  112 3163          -  485.99333      -  96.6 4814s
  1985  1893  498.26369  408 6557          -  485.99697      -  96.6 4844s
  1986  1894  486.00426   25 3117          -  486.00426      -  96.5 4878s
  1987  1895  486.00732   63 2420          -  486.00732      -  96.5 4893s
  1988  1895  514.20000  327 1644          -  486.10000      -  96.4 4931s
  1989  1896  587.91417  395 4005          -  486.10000      -  96.4 4949s
  1990  1897  541.10150  454 1883          -  486.10000      -  96.3 5022s
  1991  1897  501.10000  325 3407          -  486.10000      -  96.3 5043s
  1992  1898  486.10000   56  828          -  486.10000      -  96.2 5093s
  1993  1899  562.54498  462 2036          -  486.10000      -  96.2 5106s
  1994  1899  486.10000  294 1158          -  486.10000      -  96.1 5152s
  1995  1900  511.50000  298 1685          -  486.10000      -  96.1 5168s
  1996  1901  486.10000  150 1153          -  486.10000      -  96.0 5214s
  1999  1904  486.10000  204 11377          -  486.10000      -   799 5291s
  2001  1905  486.10000   43 3596          -  486.10000      -   798 5513s
  2002  1906  486.10000  202 2988          -  486.10000      -   798 5617s
  2003  1907  587.21417  391 3360          -  486.10000      -   798 5649s
  2004  1907  486.10000  329 1443          -  486.10000      -   797 5761s
  2005  1908  562.52294  460 3920          -  486.10000      -   797 5802s
  2006  1909  486.10000  398 1704          -  486.10000      -   796 5875s
  2007  1909  486.10000  156 4592          -  486.10000      -   796 5923s
  2008  1910  505.60000  282 3462          -  486.10000      -   796 5972s
  2009  1911  486.10000    9 3053          -  486.10000      -   795 5997s
  2010  1911  486.10000  111  902          -  486.10000      -   795 6055s
  2011  1912  486.10000  156  928          -  486.10000      -   795 6075s
  2012  1913  486.10000   66  803          -  486.10000      -   794 6127s
  2013  1913  486.10000  265 3471          -  486.10000      -   794 6174s
  2014  1914  486.10000   91 1577          -  486.10000      -   793 6214s
  2015  1915  486.10000   71 2831          -  486.10000      -   793 6246s
  2016  1915  506.60000  350  853          -  486.10000      -   793 6295s
  2017  1916  502.80000  249 1679          -  486.10000      -   792 6332s
  2018  1917  486.10000  208  262          -  486.10000      -   792 6400s
  2019  1917  486.10000   27 1654          -  486.10000      -   791 6443s
  2020  1918  486.10000  370 1932          -  486.10000      -   791 6501s
  2021  1919  529.51824  328 3134          -  486.10000      -   791 6541s
  2022  1919  502.80000  287 6089          -  486.16429      -   790 6602s
  2023  1920  488.36061  402 5559          -  486.17105      -   790 6656s
  2024  1921  486.19756   84 4696          -  486.19756      -   789 6723s
  2025  1921  599.95774  430 5806          -  486.20000      -   789 6772s
  2026  1922  486.22344  242 3024          -  486.22344      -   789 6831s
  2027  1923  486.23333  336 1836          -  486.23333      -   788 6845s
  2028  1923  486.34211  228 4362          -  486.34211      -   788 6880s
  2029  1924  502.80000  390 5567          -  486.38981      -   787 6896s
  2030  1925  486.43668  180 6187          -  486.43668      -   787 6961s
  2031  1925  486.44857  182 6274          -  486.44857      -   787 6986s
  2032  1926  486.50000  106 2499          -  486.50000      -   786 7068s
  2033  1927  507.00000  349 4016          -  486.50000      -   786 7105s
  2034  1927  486.50000  256 2287          -  486.50000      -   786 7185s

Cutting planes:
  Learned: 5
  Gomory: 17
  Lift-and-project: 4
  Cover: 193
  Implied bound: 91
  Projected implied bound: 1067
  Clique: 57
  MIR: 138
  StrongCG: 10
  Flow cover: 1842
  GUB cover: 69
  Zero half: 53
  RLT: 228
  Relax-and-lift: 541

Explored 2034 nodes (2790369 simplex iterations) in 7200.34 seconds (5421.90 work units)
Thread count was 4 (of 8 available processors)

Solution count 0

Time limit reached
Best objective -, best bound 4.865000000000e+02, gap -
