
Gurobi 13.0.2 (linux64) logging started Sun Jun 28 11:45:11 2026

Set parameter LogFile to value "src/Resultados/Restriccion cota global/logs/RC205-50.xml_log.log"
Set parameter Threads to value 4
Gurobi Optimizer version 13.0.2 build v13.0.2rc1 (linux64 - "Rocky Linux 9.7 (Blue Onyx)")

CPU model: QEMU Virtual CPU version 2.5+, instruction set [SSE2]
Thread count: 8 physical cores, 8 logical processors, using up to 4 threads

Non-default parameters:
TimeLimit  7200
Threads  4

Optimize a model with 233896 rows, 140775 columns and 967680 nonzeros (Min)
Model fingerprint: 0xa42611a3
Model has 18720 linear objective coefficients
Variable types: 30660 continuous, 110115 integer (110100 binary)
Coefficient statistics:
  Matrix range     [1e+00, 2e+05]
  Objective range  [1e+00, 8e+01]
  Bounds range     [1e+00, 2e+03]
  RHS range        [1e+00, 2e+05]

Presolve removed 74955 rows and 210 columns (presolve time = 5s)...
Presolve removed 74940 rows and 195 columns
Presolve time: 5.31s
Presolved: 158956 rows, 140580 columns, 708975 nonzeros
Variable types: 750 continuous, 139830 integer (123585 binary)
Deterministic concurrent LP optimizer: primal simplex, dual simplex, and barrier
Showing barrier log only...

Root barrier log...

Ordering time: 1.55s

Barrier statistics:
 Dense cols : 15
 AA' NZ     : 1.817e+06
 Factor NZ  : 7.172e+06 (roughly 180 MB of memory)
 Factor Ops : 1.397e+09 (less than 1 second per iteration)
 Threads    : 1

                  Objective                Residual
Iter       Primal          Dual         Primal    Dual     Compl     Time
   0   1.67409045e+06 -2.99775883e+06  1.94e+05 0.00e+00  1.40e+02    11s
   1   5.43199738e+05 -2.97643592e+06  6.34e+04 6.15e-01  5.56e+01    11s
   2   4.16966164e+05 -2.38082558e+06  5.06e+04 2.52e-01  3.39e+01    12s
   3   1.22960119e+05 -1.19517365e+06  1.47e+04 5.68e-03  9.57e+00    12s
   4   1.86199779e+04 -3.87650023e+05  2.03e+03 2.36e-04  1.84e+00    13s
   5   4.09065821e+03 -7.88186942e+04  2.98e+02 4.78e-12  3.09e-01    14s
   6   1.87052410e+03 -9.81115595e+03  8.93e+01 3.70e-13  5.76e-02    15s
   7   9.19528255e+02 -2.93146896e+03  1.89e+01 9.84e-14  1.52e-02    15s
   8   6.53703754e+02 -1.02017269e+03  2.36e+00 4.07e-14  5.01e-03    16s
   9   5.84419976e+02 -5.06627993e+01  8.69e-01 1.41e-14  1.87e-03    17s
  10   5.38854305e+02  3.01834552e+02  1.74e-01 5.00e-15  6.53e-04    17s
  11   5.26395939e+02  4.96686149e+02  6.55e-03 2.42e-15  7.85e-05    18s
  12   5.25725406e+02  5.25517790e+02  2.20e-04 8.88e-16  5.46e-07    18s
  13   5.25700065e+02  5.25699970e+02  5.60e-07 6.14e-15  2.48e-10    19s
  14   5.25700027e+02  5.25699997e+02  2.31e-07 8.88e-16  7.61e-11    19s
  15   5.25700004e+02  5.25700000e+02  1.80e-07 9.34e-16  9.73e-12    20s

Barrier solved model in 15 iterations and 19.78 seconds (10.59 work units)
Optimal objective 5.25700004e+02


Root crossover log...

   19036 DPushes remaining with DInf 0.0000000e+00                20s
    9021 DPushes remaining with DInf 0.0000000e+00                20s
       0 DPushes remaining with DInf 0.0000000e+00                20s

   62591 PPushes remaining with PInf 1.1616800e-05                20s
   27503 PPushes remaining with PInf 0.0000000e+00                25s
    5739 PPushes remaining with PInf 0.0000000e+00                47s
    3293 PPushes remaining with PInf 0.0000000e+00                50s
       0 PPushes remaining with PInf 0.0000000e+00                53s

  Push phase complete: Pinf 0.0000000e+00, Dinf 6.1894934e-14     53s


Root simplex log...

Iteration    Objective       Primal Inf.    Dual Inf.      Time
   81570    5.2570000e+02   0.000000e+00   0.000000e+00     53s
Crossover time: 32.97 seconds (16.54 work units)
Concurrent spin time: 0.00s

Solved with barrier

Root relaxation: objective 5.257000e+02, 81570 iterations, 45.18 seconds (21.46 work units)

    Nodes    |    Current Node    |     Objective Bounds      |     Work
 Expl Unexpl |  Obj  Depth IntInf | Incumbent    BestBd   Gap | It/Node Time

     0     0  525.70000    0 14628          -  525.70000      -     -  144s
     0     0  525.70000    0 14355          -  525.70000      -     -  146s
     0     0  525.70000    0 14431          -  525.70000      -     -  147s
     0     0  525.70000    0 14481          -  525.70000      -     -  177s
     0     0  525.70000    0 14053          -  525.70000      -     -  186s
     0     0  525.70000    0 14877          -  525.70000      -     -  208s
     0     0  525.70000    0 14877          -  525.70000      -     -  208s
     0     0  525.70000    0 13927          -  525.70000      -     -  296s
     0     0  525.70000    0 12277          -  525.70000      -     -  305s
     0     0  525.70000    0 11755          -  525.70000      -     -  313s
     0     0  525.70000    0 12640          -  525.70000      -     -  321s
     0     0  525.70000    0 11220          -  525.70000      -     -  336s
     0     0  525.70000    0 11220          -  525.70000      -     -  336s
     0     0  525.70000    0 7492          -  525.70000      -     -  408s
     0     0  525.70000    0 12821          -  525.70000      -     -  420s
     0     0  525.70000    0 18653          -  525.70000      -     -  443s
     0     0  525.70000    0 18583          -  525.70000      -     -  446s
     0     0  525.70000    0 9982          -  525.70000      -     -  500s
     0     0  525.70000    0 11952          -  525.70000      -     -  511s
     0     0  525.70000    0 10994          -  525.70000      -     -  513s
     0     0  525.70000    0 8966          -  525.70000      -     -  514s
     0     0  525.70000    0 16255          -  525.70000      -     -  546s
     0     0  525.70000    0 16253          -  525.70000      -     -  546s
     0     0  525.70000    0 8524          -  525.70000      -     -  628s
     0     0  525.70000    0 12588          -  525.70000      -     -  675s
     0     0  525.70000    0 17552          -  525.70000      -     -  745s
     0     0  525.70000    0 17552          -  525.70000      -     -  745s
     0     0  525.70000    0 17552          -  525.70000      -     -  745s
     0     0  525.70000    0 4189          -  525.70000      -     -  868s
     0     0  525.70000    0 5172          -  525.70000      -     -  873s
     0     0  526.68175    0 14599          -  526.68175      -     -  932s
     0     0  526.68175    0 14599          -  526.68175      -     -  932s
     0     0  526.68175    0 8363          -  526.68175      -     -  974s
     0     0  526.68175    0 8888          -  526.68175      -     -  990s
     0     0  526.68175    0 8888          -  526.68175      -     -  991s
     0     0  529.91445    0 10134          -  529.91445      -     - 1011s
     0     0  529.91445    0 9739          -  529.91445      -     - 1012s
     0     0  530.07026    0 10377          -  530.07026      -     - 1198s
     0     0  530.07026    0 10326          -  530.07026      -     - 1198s
     0     0  530.10162    0 12315          -  530.10162      -     - 1201s
     0     0  530.10419    0 9707          -  530.10419      -     - 1201s
     0     0  533.51645    0 13680          -  533.51645      -     - 1216s
     0     0  533.55027    0 13411          -  533.55027      -     - 1224s
     0     0  533.55027    0 13411          -  533.55027      -     - 1224s
     0     0  533.55027    0 13500          -  533.55027      -     - 1225s
     0     0  535.00581    0 13814          -  535.00581      -     - 1238s
     0     0  535.00581    0 13557          -  535.00581      -     - 1239s
     0     0  535.01876    0 10829          -  535.01876      -     - 1245s
     0     0  535.01876    0 11030          -  535.01876      -     - 1247s
     0     0  535.21994    0 12204          -  535.21994      -     - 1263s
     0     0  535.23088    0 11419          -  535.23088      -     - 1271s
     0     0  535.24913    0 12290          -  535.24913      -     - 1272s
     0     0  535.24913    0 12290          -  535.24913      -     - 1273s
     0     0  535.25504    0 13155          -  535.25504      -     - 1275s
     0     0  535.25526    0 11306          -  535.25526      -     - 1277s
     0     0  535.59062    0 14919          -  535.59062      -     - 1291s
     0     0  535.65124    0 13581          -  535.65124      -     - 1307s
     0     0  535.87743    0 12686          -  535.87743      -     - 1319s
     0     0  535.87743    0 12418          -  535.87743      -     - 1322s
     0     0  535.87743    0 12385          -  535.87743      -     - 1323s
     0     0  536.21516    0 12825          -  536.21516      -     - 1349s
     0     0  536.37918    0 15952          -  536.37918      -     - 1376s
     0     0  536.37918    0 14089          -  536.37918      -     - 1384s
     0     0  536.37918    0 14086          -  536.37918      -     - 1384s
     0     0  538.68206    0 14884          -  538.68206      -     - 1402s
     0     0  538.68206    0 14764          -  538.68206      -     - 1403s
     0     0  538.68206    0 14746          -  538.68206      -     - 1403s
     0     0  538.68206    0 14746          -  538.68206      -     - 1403s
     0     0  538.69167    0 16982          -  538.69167      -     - 1422s
     0     0  538.69167    0 16953          -  538.69167      -     - 1426s
     0     0  538.69167    0 16953          -  538.69167      -     - 1427s
     0     0  539.07661    0 16117          -  539.07661      -     - 1443s
     0     0  539.11632    0 14791          -  539.11632      -     - 1454s
     0     0  539.11632    0 12456          -  539.11632      -     - 1459s
     0     0  540.50889    0 11164          -  540.50889      -     - 1474s
     0     0  540.50960    0 11611          -  540.50960      -     - 1485s
     0     0  541.60527    0 16096          -  541.60527      -     - 1510s
     0     0  541.60527    0 16092          -  541.60527      -     - 1511s
     0     0  541.60528    0 11136          -  541.60528      -     - 1524s
     0     0  541.60528    0 11109          -  541.60528      -     - 1524s
     0     0  542.94983    0 15292          -  542.94983      -     - 1541s
     0     0  542.95451    0 16274          -  542.95451      -     - 1557s
     0     0  543.10223    0 17579          -  543.10223      -     - 1589s
     0     0  543.11219    0 19405          -  543.11219      -     - 1607s
     0     0  543.11347    0 18267          -  543.11347      -     - 1615s
     0     0  543.12153    0 18345          -  543.12153      -     - 1645s
     0     0  543.14698    0 14274          -  543.14698      -     - 1666s
     0     0  543.14698    0 17558          -  543.14698      -     - 1673s
     0     0  543.14698    0 17558          -  543.14698      -     - 1673s
     0     0  543.32305    0 17840          -  543.32305      -     - 1695s
     0     0  543.32305    0 17822          -  543.32305      -     - 1696s
     0     0  543.64212    0 21192          -  543.64212      -     - 1707s
     0     0  543.64212    0 21192          -  543.64212      -     - 1707s
     0     0  543.64428    0 20474          -  543.64428      -     - 1712s
     0     0  544.95367    0 19534          -  544.95367      -     - 1730s
     0     0  545.75367    0 21929          -  545.75367      -     - 1739s
     0     0  545.75367    0 21827          -  545.75367      -     - 1743s
     0     0  545.75367    0 21819          -  545.75367      -     - 1743s
     0     0  545.83027    0 23688          -  545.83027      -     - 1763s
     0     0  545.84360    0 20119          -  545.84360      -     - 1774s
     0     0  545.84433    0 17691          -  545.84433      -     - 1796s
     0     0  545.86292    0 18927          -  545.86292      -     - 1837s
     0     0  545.86661    0 16560          -  545.86661      -     - 1845s
     0     0  545.86683    0 15052          -  545.86683      -     - 1875s
     0     0  545.89200    0 17010          -  545.89200      -     - 1892s
     0     0  545.89543    0 18480          -  545.89543      -     - 1898s
     0     0  546.91476    0 16103          -  546.91476      -     - 1920s
     0     0  547.35581    0 14577          -  547.35581      -     - 1929s
     0     0  547.35581    0 13932          -  547.35581      -     - 1933s
     0     0  547.35581    0 13918          -  547.35581      -     - 1933s
     0     0  547.50573    0 16451          -  547.50573      -     - 1957s
     0     0  547.50573    0 12923          -  547.50573      -     - 1970s
     0     0  547.51859    0 15080          -  547.51859      -     - 1992s
     0     0  547.51859    0 15080          -  547.51859      -     - 1995s
     0     0  547.51859    0 7166          -  547.51859      -     - 2081s
     0     2  547.51859    0 7166          -  547.51859      -     - 2143s
     1     4  547.51859    1 7720          -  547.51859      -  1465 2153s
     3     8  547.51859    2 8860          -  547.51859      -  1967 2160s
    11    16  547.51859    4 9511          -  547.51859      -   878 2186s
    15    26  547.51859    5 9512          -  547.51859      -   720 2192s
    25    35  547.51859    7 9508          -  547.51859      -   694 2198s
    34    47  547.51859    9 10428          -  547.51859      -   729 2206s
    46    57  547.51859   11 10468          -  547.51859      -   617 2210s
    56    67  547.51859   15 10908          -  547.51859      -   546 2216s
    66    74  547.51859   17 11139          -  547.51859      -   551 2225s
    73    87  547.51859   18 11148          -  547.51859      -   550 2232s
    86    94  547.51859   22 11274          -  547.51859      -   529 2245s
    93   122  547.51859   23 11274          -  547.51859      -   534 2261s
   121   140  547.77570   29 13150          -  547.51859      -   463 2280s
   139   159  547.77570   35 11605          -  547.51859      -   429 2301s
   158   184  547.95500   43 11601          -  547.51859      -   410 2322s
   183   193  547.95500   44 11429          -  547.51859      -   374 2345s
   198   213  547.95500   45 11423          -  547.51859      -   414 2373s
   218   225  548.43216   56 10256          -  547.51859      -   396 2402s
   230   234  548.43216   57 10254          -  547.51859      -   391 2432s
   239   241  550.45487   58 10793          -  547.51859      -   401 2456s
   246   278  549.10579   59 10850          -  547.51859      -   407 2467s
   283   290  549.93216   70 9742          -  547.51859      -   396 2487s
   295   302  549.99883   73 10011          -  547.51859      -   392 2504s
   307   306  550.26634   77 10781          -  547.51859      -   392 2522s
   311   310  550.26634   78 10789          -  547.51859      -   391 2542s
   315   326  550.26634   79 10787          -  547.51859      -   388 2567s
   331   330  550.26634   80 10791          -  547.51859      -   390 2583s
   335   334  550.26634   81 10638          -  547.51859      -   387 2768s
   339   343  550.26634   82 11008          -  547.51859      -   386 2791s
   348   363  550.26634   83 11010          -  547.51859      -   392 2832s
   368   386  550.26634   84 10371          -  547.51859      -   381 2848s
   391   403  550.28107   85 10424          -  547.51859      -   366 2867s
   408   411  550.28482   86 10802          -  547.51859      -   362 2927s
   416   420  550.36917   87 10824          -  547.51859      -   369 2958s
   425   438  550.37011   88 10832          -  547.51859      -   373 2977s
   443   465  550.37011   89 10625          -  547.51859      -   367 2994s
   470   474  550.37148   95 10487          -  547.51859      -   359 3055s
   479   507  550.38168   96 10073          -  547.51859      -   355 3075s
   512   545  550.78145  120 9822          -  547.51859      -   346 3094s
   550   587  550.90089  146 10322          -  547.51859      -   337 3110s
   592   628  551.50180  174 10562          -  547.51859      -   328 3132s
   633   662  553.21846  192 13347          -  547.51859      -   329 3151s
   667   695  553.57360  200 10780          -  547.51859      -   337 3173s
   700   737  553.76604  216 9066          -  547.51859      -   348 3192s
   742   741  553.86214  228 11130          -  547.51859      -   353 3580s
   746   745  553.86214  229 9865          -  547.51859      -   354 3879s
   750   749  553.88760  230 10486          -  547.51859      -   353 4241s
   754   753  553.88760  231 10482          -  547.51859      -   352 4696s
   758   757  553.89843  232 10479          -  547.51859      -   351 5153s
   762   786  553.91399  233 10474          -  547.51859      -   350 5520s
   791   827  554.33543  259 10088          -  547.51859      -   345 5648s
   832   876  556.06880  297 8966          -  547.51859      -   339 5687s
   881   958  556.61467  312 11035          -  547.51859      -   332 5746s
   963  1050  556.84107  328 10945          -  547.51859      -   328 5799s
  1055  1178  557.08810  349 9822          -  547.51859      -   320 5967s
  1183  1359  557.39966  377 10750          -  547.51859      -   309 5993s
  1364  1496  557.67122  437 8653          -  547.51859      -   281 6021s
  1507  1661  559.20489  464 11610          -  547.51859      -   273 6053s
  1672  1888  559.70456  496 10394          -  547.51859      -   265 6087s
  1899  2141  560.82334  535 9279          -  547.51859      -   250 6120s
  2152  2269  561.93517  589 8900          -  547.51859      -   238 6148s
  2280  2361  562.34666  603 8110          -  547.51859      -   240 6183s
  2373  2488  562.50446  609 10070          -  547.51859      -   248 6217s
  2502  2617  584.24505  614 9923          -  547.51859      -   253 6251s
  2631  2850  576.82013  619 8554          -  547.51859      -   255 6287s
  2864  3097  577.02374  628 12168          -  547.51859      -   245 6321s
  3111  3354  577.66202  642 6091          -  547.51859      -   235 6359s
  3368  3536  579.77766  660 10318          -  547.51859      -   225 6397s
  3550  3780  578.47702  666 9733          -  547.51859      -   223 6439s
  3794  4120  579.41526  706 10541          -  547.51859      -   218 6477s
  4134  4434  580.54916  798 9011          -  547.51859      -   207 6516s
  4448  4757  581.83845  883 9800          -  547.51859      -   198 6553s
  4771  5040  582.67302  971 8776          -  547.51859      -   190 6594s
  5054  5388  583.61021 1069 8233          -  547.51859      -   186 6634s
  5403  5389  593.07370  345 7166          -  547.51859      -   179 6812s
  5405  5390  550.62183  182 3745          -  547.51859      -   179 7032s
  5406  5391  624.80448 1297 4477          -  547.51859      -   179 7182s

Cutting planes:
  Gomory: 5
  Cover: 90
  Implied bound: 47
  Projected implied bound: 57
  Clique: 6
  MIR: 63
  Knapsack: 15
  StrongCG: 1
  Flow cover: 8
  GUB cover: 103
  Zero half: 1
  RLT: 129
  Relax-and-lift: 22

Explored 5406 nodes (1825239 simplex iterations) in 7200.09 seconds (6465.25 work units)
Thread count was 4 (of 8 available processors)

Solution count 0

Time limit reached
Best objective -, best bound 5.476000000000e+02, gap -
