
Gurobi 13.0.2 (linux64) logging started Sun Jul  5 22:43:42 2026

Set parameter LogFile to value "src/Resultados/Restriccion demanda/logs/RC101-25.xml_log.log"
Set parameter Threads to value 4
Gurobi Optimizer version 13.0.2 build v13.0.2rc1 (linux64 - "Rocky Linux 9.7 (Blue Onyx)")

CPU model: QEMU Virtual CPU version 2.5+, instruction set [SSE2]
Thread count: 8 physical cores, 8 logical processors, using up to 4 threads

Non-default parameters:
TimeLimit  7200
Threads  4

Optimize a model with 91156 rows, 53655 columns and 503295 nonzeros (Min)
Model fingerprint: 0x454f4d63
Model has 3690 linear objective coefficients
Variable types: 12360 continuous, 41295 integer (41280 binary)
Coefficient statistics:
  Matrix range     [1e+00, 4e+04]
  Objective range  [2e+00, 6e+01]
  Bounds range     [1e+00, 2e+03]
  RHS range        [1e+00, 4e+04]

Presolve removed 27830 rows and 195 columns (presolve time = 5s)...
Presolve removed 28715 rows and 240 columns
Presolve time: 7.71s
Presolved: 62441 rows, 53415 columns, 263160 nonzeros
Variable types: 360 continuous, 53055 integer (44880 binary)
Deterministic concurrent LP optimizer: primal and dual simplex
Showing primal log only...


Root simplex log...

Iteration    Objective       Primal Inf.    Dual Inf.      Time
       0    2.1904000e+03   2.324444e+03   2.153938e+10     15s
   22109    3.8183203e+02   8.421094e+01   2.699239e+10     20s
   30465    4.2980798e+02   9.709709e+00   1.256242e+09     25s
   38658    3.3187062e+02   0.000000e+00   8.919524e+00     30s
   42874    3.3190000e+02   0.000000e+00   0.000000e+00     34s
Concurrent spin time: 2.35s

Solved with primal simplex

Root relaxation: objective 3.319000e+02, 42874 iterations, 24.23 seconds (12.06 work units)

    Nodes    |    Current Node    |     Objective Bounds      |     Work
 Expl Unexpl |  Obj  Depth IntInf | Incumbent    BestBd   Gap | It/Node Time

     0     0  331.90000    0 2709          -  331.90000      -     -   54s
     0     0  331.90000    0 2393          -  331.90000      -     -   55s
     0     0  331.90000    0 6966          -  331.90000      -     -   79s
     0     0  331.90000    0 7119          -  331.90000      -     -   82s
     0     0  331.90000    0 8979          -  331.90000      -     -   92s
     0     0  331.90000    0 8667          -  331.90000      -     -   93s
     0     0  331.90000    0 2049          -  331.90000      -     -  113s
     0     0  331.90000    0 2049          -  331.90000      -     -  118s
     0     0  331.90000    0 2049          -  331.90000      -     -  118s
     0     0  331.90000    0 2051          -  331.90000      -     -  118s
     0     0  331.90000    0 10413          -  331.90000      -     -  135s
     0     0  331.90000    0 10413          -  331.90000      -     -  135s
     0     0  331.90000    0 2351          -  331.90000      -     -  147s
     0     0  331.90000    0 3436          -  331.90000      -     -  149s
     0     0  331.90000    0 6292          -  331.90000      -     -  152s
     0     0  331.90000    0 6292          -  331.90000      -     -  152s
     0     0  331.90000    0 3013          -  331.90000      -     -  160s
     0     0  331.90000    0 4377          -  331.90000      -     -  174s
     0     0  331.90000    0 9767          -  331.90000      -     -  186s
     0     0  331.90000    0 9767          -  331.90000      -     -  186s
     0     0  331.90000    0 2183          -  331.90000      -     -  202s
     0     0  331.90000    0 3171          -  331.90000      -     -  204s
     0     0  331.93944    0 5352          -  331.93944      -     -  211s
     0     0  331.93944    0 5352          -  331.93944      -     -  211s
     0     0  331.93944    0 2042          -  331.93944      -     -  215s
     0     0  331.93944    0 3518          -  331.93944      -     -  216s
     0     0  333.78214    0 5533          -  333.78214      -     -  220s
     0     0  333.78214    0 5449          -  333.78214      -     -  224s
     0     0  349.10294    0 5352          -  349.10294      -     -  229s
     0     0  349.14113    0 4015          -  349.14113      -     -  231s
     0     0  349.14113    0 3974          -  349.14113      -     -  231s
     0     0  349.19920    0 6224          -  349.19920      -     -  236s
     0     0  349.19920    0 6441          -  349.19920      -     -  237s
     0     0  349.30737    0 7928          -  349.30737      -     -  245s
     0     0  349.30737    0 7928          -  349.30737      -     -  245s
     0     0  349.33164    0 5054          -  349.33164      -     -  247s
     0     0  349.33164    0 4541          -  349.33164      -     -  247s
     0     0  349.33932    0 4865          -  349.33932      -     -  254s
     0     0  349.42361    0 5509          -  349.42361      -     -  258s
     0     0  349.42361    0 5063          -  349.42361      -     -  259s
     0     0  350.50000    0 5003          -  350.50000      -     -  266s
     0     0  350.50000    0 3828          -  350.50000      -     -  267s
     0     0  350.60812    0 3449          -  350.60812      -     -  271s
     0     0  350.75620    0 3594          -  350.75620      -     -  272s
     0     0  350.95000    0 4691          -  350.95000      -     -  275s
     0     0  350.95000    0 4661          -  350.95000      -     -  275s
     0     0  350.95000    0 3503          -  350.95000      -     -  276s
     0     0  350.95000    0 4846          -  350.95000      -     -  280s
     0     0  350.95000    0 3580          -  350.95000      -     -  282s
     0     0  350.95000    0 2876          -  350.95000      -     -  285s
     0     0  350.95000    0 1174          -  350.95000      -     -  308s
     0     0  350.95000    0 2712          -  350.95000      -     -  310s
     0     0  350.95000    0 3576          -  350.95000      -     -  312s
     0     0  350.95000    0 2074          -  350.95000      -     -  326s
     0     0  350.95000    0 2074          -  350.95000      -     -  327s
     0     0  350.95000    0 2074          -  350.95000      -     -  337s
     0     2  350.95000    0 2074          -  350.95000      -     -  358s
     1     4  350.95000    1 2136          -  350.95000      -   477  362s
     3     8  350.95000    2 2762          -  350.95000      -  1373  367s
     7    12  350.95000    3 2819          -  350.95000      -  1255  370s
    11    16  350.95000    4 3183          -  350.95000      -   994  375s
    21    23  350.95000    6 4639          -  350.95000      -   662  382s
    26    31  350.95000    7 4962          -  350.95000      -   671  387s
    34    43  350.95000    8 4711          -  350.95000      -   575  390s
    55    62  351.73486   16 3862          -  350.95000      -   474  397s
    65    72  352.23943   19 4932          -  350.95000      -   458  402s
    75    78  352.93333   24 5393          -  350.95000      -   461  406s
    81    87  352.95000   27 3925          -  350.95000      -   493  412s
    90    97  355.03500   30 4084          -  350.95000      -   516  417s
   100   112  353.40000   33 3956          -  350.95000      -   507  420s
   138   145  354.20233   47 5783          -  350.95000      -   455  428s
   150   156  355.70000   53 3999          -  350.95000      -   458  432s
   161   174  371.20592   59 3791          -  350.95000      -   462  436s
   179   190  356.40000   67 3119          -  350.95000      -   445  440s
   212   223  356.49662   76 4440          -  350.95000      -   426  446s
   251   267  356.90643   92 4221          -  350.95000      -   389  452s
   272   281  357.00387   98 5708          -  350.95000      -   371  455s
   296   310  359.60000  106 3541          -  350.95000      -   364  462s
   315   327  374.91950  109 3699          -  350.95000      -   356  466s
   332   345  361.36101  116 5318          -  350.95000      -   355  470s
   371   384  363.74605  135 3664          -  350.95000      -   346  477s
   389   407  364.35610  139 4044          -  350.95000      -   348  484s
   412   444  437.26981  144 7541          -  350.95000      -   348  490s
   449   481  365.70647  155 5728          -  350.95000      -   335  496s
   486   515  368.23828  177 3795          -  350.95000      -   317  505s
   520   564  368.79328  194 3761          -  350.95000      -   310  514s
   569   612  369.93173  220 3701          -  350.95000      -   294  521s
   617   680  371.51356  249 3640          -  350.95000      -   277  529s
   685   742  374.03706  280 3572          -  350.95000      -   259  575s
   747   807  375.80952  315 3538          -  350.95000      -   242  609s
   812   892  377.82432  353 3508          -  350.95000      -   226  639s
   897   938  380.88511  394 3472          -  350.95000      -   216  674s
   943   963  429.41025  420 3591          -  350.95000      -   217  709s
   973  1011  498.75000  441 3733          -  350.95000      -   222  757s
  1021  1052  517.46667  471 5204          -  350.95000      -   225  816s
  1064  1100  542.30000  493 3301          -  350.95000      -   230  853s
  1112  1159  544.31911  503 4055          -  350.95000      -   232  863s
  1171  1287  558.09468  514 4462          -  350.95000      -   240  875s
  1306  1408  563.30042  541 3212          -  350.95000      -   229  888s
  1428  1509  566.44808  561 3613          -  350.95000      -   225  899s
  1529  1629  570.33522  572 3335          -  350.95000      -   224  909s
  1650  1748  577.32277  588 3029          -  350.95000      -   219  924s
  1772  1896  583.38520  613 2945          -  350.95000      -   219  935s
  1927  1996  598.73595  641 2855          -  350.95000      -   214  946s
  2027  2065  606.18140  678 2390          -  350.95000      -   216  958s
  2100  2154  606.18140  692 3840          -  350.95000      -   224  969s
  2191  2296  606.71549  732 2050          -  350.95000      -   227  983s
  2351  2410  628.61333  747 2587          -  350.95000      -   227 1002s
  2478  2526  640.60611  759 2044          -  350.95000      -   233 1018s
  2604  2684  642.97024  791 2335          -  350.95000      -   234 1032s
  2767  2805  660.49450  850 2882          -  350.95000      -   234 1044s
  2888  2857  713.00213  873 3193          -  350.95000      -   238 1058s
  2944  3057 infeasible  888               -  350.95000      -   246 1077s
  3154  3182  714.20559  909 3160          -  350.95000      -   240 1093s
  3283  3257  714.60260  915 2756          -  350.95000      -   241 1106s
  3358  3415  714.60260  918 3027          -  350.95000      -   246 1122s
  3532  3456 infeasible  985               -  350.95000      -   244 1138s
  3579  3483  368.08604    8 6948          -  350.95000      -   247 1152s
  3615  3484  545.51602  278 2074          -  350.95000      -   250 1552s
  3617  3485  603.10907  543 7005          -  350.95000      -   249 1666s
  3618  3486  603.10907  565 5913          -  352.14224      -   249 1707s
  3619  3487  424.50000   91 5352          -  395.88270      -   249 1726s
  3620  3487  643.04563  803 6274          -  400.60529      -   249 1762s
  3621  3488  435.14696   93 6408          -  402.33905      -   249 1773s
  3622  3489  532.18529  378 6365          -  405.00140      -   249 1796s
  3623  3489  405.78382  229 6901          -  405.16368      -   249 1810s
  3624  3490  655.72241  575 6581          -  409.40678      -   249 1832s
  3625  3491  409.84180  191 6317          -  409.84180      -   249 1841s
  3626  3491  624.16494  377 6702          -  412.01852      -   249 1871s
  3627  3492  697.24096  902 7056          -  412.85789      -   249 1881s
  3628  3493  523.45408  369 6201          -  415.11679      -   249 1939s
  3629  3493  516.11835  455 7272          -  415.71455      -   249 1962s
  3630  3494  443.16782  217 6882          -  417.17448      -   249 1987s
  3631  3495  417.60472   42 6146          -  417.60472      -   249 1996s
  3632  3495  517.46667  471 5777          -  418.16996      -   248 2019s
  3633  3496  603.10907  526 6048          -  418.44882      -   248 2026s
  3634  3497  728.34904  949 5985          -  419.67932      -   248 2046s
  3635  3497  636.78438  471 6369          -  419.96338      -   248 2052s
  3636  3498  518.07537  185 6855          -  420.71160      -   248 2071s
  3637  3499  601.61843  503 6943          -  421.07349      -   248 2083s
  3638  3499  421.12265  180 6034          -  421.12265      -   248 2103s
  3639  3500  465.67265  118 5255          -  421.54363      -   248 2107s
  3640  3501  421.94196   34 5834          -  421.94196      -   248 2120s
  3641  3501  602.82813  519 5548          -  422.17977      -   248 2130s
  3642  3502  439.07057  153 5658          -  422.30332      -   248 2144s
  3643  3503  449.62523  139 6315          -  422.36465      -   248 2153s
  3644  3503  429.16854   97 6036          -  422.59151      -   248 2168s
  3645  3504  633.32650  419 5922          -  422.64064      -   248 2175s
  3646  3505  513.88017  322 5727          -  422.99423      -   247 2188s
  3647  3505  423.16464  176 5627          -  423.16464      -   247 2193s
  3648  3506  423.69107  189 5617          -  423.69107      -   247 2206s
  3649  3507  606.18140  644 5549          -  423.75270      -   247 2211s
  3650  3507  503.36796  251 5297          -  423.91075      -   247 2225s
  3651  3508  534.06481  399 5436          -  424.01509      -   247 2230s
  3652  3509  460.27210   61 5666          -  424.10372      -   247 2249s
  3653  3509  649.97934  525 5671          -  424.12919      -   247 2253s
  3654  3510  489.20138  117 5370          -  424.33534      -   247 2266s
  3655  3511  532.18529  372 5241          -  424.39388      -   247 2274s
  3656  3511  439.40355  163 5169          -  424.64055      -   247 2288s
  3657  3512  424.71791   50 5209          -  424.71791      -   247 2294s
  3658  3513  426.30445  116 5253          -  425.07710      -   247 2307s
  3659  3513  516.11835  455 5153          -  425.11422      -   247 2314s
  3660  3514  573.01448  423 5083          -  425.18910      -   247 2324s
  3661  3515  606.18140  650 5319          -  425.19418      -   246 2331s
  3662  3515  425.30609   87 5368          -  425.30609      -   246 2348s
  3663  3516  435.21296  132 5066          -  425.33721      -   246 2352s
  3664  3517  425.73582  209 5090          -  425.73582      -   246 2364s
  3665  3517  606.18140  634 5538          -  425.84568      -   246 2368s
  3666  3518  672.72013  710 5375          -  425.91152      -   246 2384s
  3667  3519  452.17764  144 5280          -  425.93353      -   246 2390s
  3668  3519  721.12289  662 5268          -  426.14734      -   246 2404s
  3669  3520  523.60000  486 5241          -  426.16555      -   246 2409s
  3670  3521  434.53164   68 5177          -  426.22094      -   246 2424s
  3671  3521  527.79854  186 5088          -  426.27041      -   246 2430s
  3672  3522  426.43672  323 5098          -  426.43672      -   246 2442s
  3673  3523  426.52373  295 5009          -  426.52373      -   246 2446s
  3674  3523  637.62327  438 5167          -  426.73379      -   246 2459s
  3675  3524  722.86215  906 5069          -  426.78373      -   246 2463s
  3676  3525  518.55857  221 4940          -  426.83897      -   245 2477s
  3677  3525  602.40921  537 5224          -  426.86810      -   245 2482s
  3678  3526  644.77324  814 5265          -  426.92539      -   245 2497s
  3679  3527  727.65882  900 4868          -  426.98728      -   245 2502s
  3680  3527  646.12047  846 5018          -  427.00432      -   245 2626s
  3681  3528  785.57329  917 4957          -  427.02529      -   245 2728s
  3682  3529  603.46563  587 5017          -  427.03055      -   245 2742s
  3683  3529  606.18140  693 5012          -  427.03455      -   245 2746s
  3684  3530  652.95137  611 5098          -  427.03530      -   245 2762s
  3685  3531  602.38624  540 5078          -  427.03628      -   245 2765s
  3686  3531  517.46667  471 5084          -  427.03771      -   245 2777s
  3687  3532  427.03771   33 5083          -  427.03771      -   245 2780s
  3688  3533  636.75577  475 5083          -  427.03775      -   245 2795s
  3691  3536  439.45565  180 2074          -  427.03775      -   413 2800s
  3693  3537  684.46619  527 6781          -  427.03775      -   412 2914s
  3694  3538  678.60216  712 6953          -  427.03775      -   412 2947s
  3695  3539  600.37134  492 7660          -  427.05437      -   412 2960s
  3696  3539  442.05940   30 6120          -  427.05437      -   412 2980s
  3697  3540  427.05437   62 7371          -  427.05437      -   412 2988s
  3698  3541  678.80708  703 5982          -  427.05437      -   412 3005s
  3699  3541  503.54635  251 6372          -  427.05437      -   412 3021s
  3700  3542  642.37800  501 5558          -  427.05437      -   412 3032s
  3701  3543  539.21856  402 5722          -  427.05437      -   412 3037s
  3702  3543  659.66766  699 5567          -  427.05437      -   411 3048s
  3703  3544  446.67555  131 5798          -  427.05437      -   411 3056s
  3704  3545  427.12205    8 5839          -  427.12205      -   411 3103s
  3705  3545  631.33154  405 5808          -  427.50049      -   411 3109s
  3706  3546  427.54289  209 6158          -  427.54289      -   411 3123s
  3707  3547  435.19302  106 5818          -  427.57854      -   411 3129s
  3708  3547  545.85380  301 5562          -  427.63065      -   411 3141s
  3709  3548  429.50000   84 5848          -  427.69610      -   411 3146s
  3710  3549  651.82321  835 5814          -  427.78762      -   411 3159s
  3711  3549  427.82250  376 5368          -  427.82250      -   410 3163s
  3712  3550  680.27615  725 5075          -  427.90331      -   410 3172s
  3713  3551  506.70000  216 5081          -  427.90773      -   410 3178s
  3714  3551  427.99615   18 5179          -  427.99615      -   410 3189s
  3715  3552  545.51602  278 5434          -  428.01887      -   410 3198s
  3716  3553  508.22766  204 5069          -  428.08644      -   410 3207s
  3717  3553  603.10907  543 4784          -  428.11323      -   410 3211s
  3718  3554  603.10907  565 5535          -  428.23875      -   410 3226s
  3719  3555  428.29282   91 6030          -  428.29282      -   410 3233s
  3720  3555  643.04563  803 5287          -  428.33065      -   409 3242s
  3721  3556  435.14696   93 5256          -  428.33735      -   409 3246s
  3722  3557  532.18529  378 5221          -  428.36324      -   409 3259s
  3723  3557  428.40249  229 5227          -  428.40249      -   409 3264s
  3724  3558  655.72241  575 5404          -  428.67206      -   409 3282s
  3725  3559  428.81594  191 5852          -  428.81594      -   409 3293s
  3726  3559  624.16494  377 4716          -  429.56714      -   409 3310s
  3727  3560  697.24096  902 5216          -  429.56714      -   409 3315s
  3728  3561  523.45408  369 5184          -  429.56772      -   409 3333s
  3729  3561  516.11835  455 5441          -  429.56778      -   408 3338s
  3730  3562  443.16782  217 5179          -  429.56816      -   408 3350s
  3732  3563  517.46667  471 4931          -  429.65401      -   408 3370s
  3733  3564  603.10907  526 4676          -  429.65401      -   408 3375s
  3734  3565  728.34904  949 5548          -  429.82306      -   408 3394s
H 3734  3386                     666.3000000  429.82331  35.5%   408 3399s
H 3735  3215                     644.5000000  429.85627  33.3%   408 3419s
  3737  3217  601.61843  503 5276  644.50000  429.86921  33.3%   408 3424s
H 3737  3056                     642.8000000  429.88091  33.1%   408 3445s
  3739  3057  465.67265  118 5427  642.80000  429.89307  33.1%   407 3450s
  3740  3058  429.90217   34 4611  642.80000  429.90217  33.1%   407 3464s
  3741  3058  602.82813  519 5379  642.80000  429.91148  33.1%   407 3469s
  3742  3059  439.07057  153 5868  642.80000  429.91703  33.1%   407 3494s
  3743  3060  449.62523  139 5617  642.80000  429.92028  33.1%   407 3500s
  3744  3060  429.96250   97 5369  642.80000  429.96250  33.1%   407 3519s
  3745  3061  633.32650  419 5429  642.80000  429.97246  33.1%   407 3523s
  3746  3062  513.88017  322 5407  642.80000  429.98642  33.1%   407 3540s
  3747  3062  429.98748  176 5268  642.80000  429.98748  33.1%   407 3545s
H 3747  2908                     632.5000000  430.00651  32.0%   407 3557s
  3749  2910  606.18140  644 4873  632.50000  430.01100  32.0%   406 3561s
  3750  2910  503.36796  251 5169  632.50000  430.02742  32.0%   406 3578s
  3751  2911  534.06481  399 4950  632.50000  430.03604  32.0%   406 3583s
H 3751  2764                     627.8000000  430.04241  31.5%   406 3596s
  3753  2765  627.80000  525 4958  627.80000  430.04401  31.5%   406 3601s
  3754  2766  489.20138  117 5249  627.80000  430.05747  31.5%   406 3615s
  3755  2767  532.18529  372 4909  627.80000  430.05908  31.5%   406 3621s
  3756  2767  439.40355  163 5414  627.80000  430.07804  31.5%   406 3639s
  3757  2768  430.08701   50 5597  627.80000  430.08701  31.5%   405 3644s
  3758  2769  430.09936  116 5611  627.80000  430.09936  31.5%   405 3657s
  3759  2769  516.11835  455 5621  627.80000  430.09996  31.5%   405 3662s
  3760  2770  573.01448  423 5525  627.80000  430.14027  31.5%   405 3675s
  3761  2771  606.18140  650 5620  627.80000  430.14790  31.5%   405 3680s
  3762  2771  430.17276   87 5597  627.80000  430.17276  31.5%   405 3697s
  3763  2772  435.21296  132 5544  627.80000  430.17308  31.5%   405 3703s
H 3763  2632                     626.9000000  430.18194  31.4%   405 3745s
H 3763  2500                     623.8000000  430.18194  31.0%   405 3748s
  3764  2501  430.18194  209 5345  623.80000  430.18194  31.0%   405 3821s
  3765  2501  606.18140  634 5474  623.80000  430.18395  31.0%   405 3829s
  3766  2502  623.80000  710 5699  623.80000  430.19267  31.0%   404 3847s
  3767  2503  452.17764  144 5712  623.80000  430.19303  31.0%   404 3852s
  3768  2503  623.80000  662 5401  623.80000  430.23240  31.0%   404 3863s
  3769  2504  523.60000  486 5428  623.80000  430.24626  31.0%   404 3868s
  3770  2505  434.53164   68 5473  623.80000  430.25498  31.0%   404 3891s
  3771  2505  527.79854  186 6893  623.80000  430.26026  31.0%   404 3897s
  3772  2506  430.27470  323 5281  623.80000  430.27470  31.0%   404 3917s
  3773  2507  430.27470  295 5428  623.80000  430.27470  31.0%   404 3921s
  3774  2507  623.80000  438 5603  623.80000  430.28112  31.0%   404 3935s
  3776  2509  518.55857  221 5480  623.80000  430.28232  31.0%   403 3954s
  3777  2509  602.40921  537 5347  623.80000  430.28236  31.0%   403 3958s
  3778  2510  623.80000  814 5123  623.80000  430.28236  31.0%   403 3972s
  3779  2511  623.80000  900 5592  623.80000  430.28236  31.0%   403 3977s
  3780  2511  623.80000  846 5145  623.80000  430.28236  31.0%   403 3987s
  3783  2515  606.18140  693 2074  623.80000  430.28236  31.0%   590 3991s
  3785  2516  602.38624  540 8333  623.80000  430.28236  31.0%   590 4106s
  3786  2517  517.46667  471 7124  623.80000  430.28342  31.0%   590 4151s
H 3786  2391                     622.1000000  430.28342  30.8%   590 4156s
  3787  2392  430.31918   33 6360  622.10000  430.31918  30.8%   590 4170s
  3788  2392  622.10000  475 6670  622.10000  430.31918  30.8%   590 4203s
  3789  2393  606.47375  713 5617  622.10000  430.31918  30.8%   589 4213s
  3790  2394  430.31918   75 5979  622.10000  430.31918  30.8%   589 4244s
  3791  2394  439.45565  180 6044  622.10000  430.31918  30.8%   589 4255s
  3792  2395  452.14180  142 6349  622.10000  430.31918  30.8%   589 4279s
  3793  2396  622.10000  527 6113  622.10000  430.31918  30.8%   589 4286s
  3794  2396  622.10000  712 5654  622.10000  430.31918  30.8%   589 4302s
  3795  2397  600.37134  492 6543  622.10000  430.31918  30.8%   588 4319s
  3796  2398  442.05940   30 5299  622.10000  430.31918  30.8%   588 4369s
  3797  2398  430.34163   62 6652  622.10000  430.34163  30.8%   588 4381s
  3798  2399  622.10000  703 6487  622.10000  430.36655  30.8%   588 4411s
H 3798  2278                     619.5000000  430.38604  30.5%   588 4417s
  3799  2279  503.54635  251 4537  619.50000  430.38604  30.5%   588 4422s
  3800  2279  619.50000  501 7001  619.50000  430.51535  30.5%   588 4460s
  3801  2280  539.21856  402 6868  619.50000  430.54399  30.5%   587 4477s
  3802  2281  619.50000  699 6842  619.50000  430.55735  30.5%   587 4504s
  3803  2281  446.67555  131 6562  619.50000  430.57338  30.5%   587 4510s
  3804  2282  430.62975    8 5101  619.50000  430.62975  30.5%   587 4534s
  3805  2283  619.50000  405 5038  619.50000  430.64168  30.5%   587 4544s
  3806  2283  430.65044  209 5048  619.50000  430.65044  30.5%   587 4567s
  3807  2284  435.19302  106 6520  619.50000  430.65053  30.5%   587 4578s
  3808  2285  545.85380  301 5108  619.50000  430.66564  30.5%   586 4605s
  3809  2285  430.67890   84 5971  619.50000  430.67890  30.5%   586 4613s
  3810  2286  619.50000  835 5389  619.50000  430.68338  30.5%   586 4629s
  3811  2287  430.68846  376 5829  619.50000  430.68846  30.5%   586 4637s
  3812  2287  619.50000  725 5493  619.50000  430.70050  30.5%   586 4654s
  3813  2288  506.70000  216 5099  619.50000  430.70107  30.5%   586 4660s
  3814  2289  430.70427   18 5747  619.50000  430.70427  30.5%   585 4681s
  3815  2289  545.51602  278 5222  619.50000  430.70701  30.5%   585 4691s
  3816  2290  508.22766  204 5670  619.50000  430.83551  30.5%   585 4719s
  3817  2291  603.10907  543 4595  619.50000  430.85371  30.5%   585 4727s
  3818  2291  603.10907  565 5571  619.50000  430.86027  30.5%   585 4751s
  3819  2292  430.86088   91 5270  619.50000  430.86088  30.5%   585 4755s
  3820  2293  619.50000  803 4994  619.50000  430.86218  30.5%   585 4770s
  3821  2293  435.14696   93 5526  619.50000  430.87707  30.4%   584 4781s
  3822  2294  532.18529  378 5347  619.50000  430.90551  30.4%   584 4795s
  3823  2295  430.91969  229 4983  619.50000  430.91969  30.4%   584 4803s
  3824  2295  619.50000  575 5251  619.50000  430.99543  30.4%   584 4818s
  3825  2296  431.01637  191 4998  619.50000  431.01637  30.4%   584 4831s
  3826  2297  619.50000  377 4159  619.50000  431.03245  30.4%   584 4850s
  3827  2297  619.50000  902 5518  619.50000  431.03245  30.4%   583 4860s
  3828  2298  523.45408  369 5689  619.50000  431.09410  30.4%   583 4875s
  3829  2299  516.11835  455 5597  619.50000  431.16461  30.4%   583 4880s
  3830  2299  443.16782  217 5675  619.50000  431.36770  30.4%   583 4905s
  3831  2300  431.51324   42 5625  619.50000  431.51324  30.3%   583 4912s
  3832  2301  517.46667  471 5592  619.50000  431.54004  30.3%   583 4921s
  3833  2301  603.10907  526 5567  619.50000  431.54259  30.3%   583 4925s
  3834  2302  619.50000  949 5562  619.50000  431.55456  30.3%   582 4939s
  3835  2303  619.50000  471 5874  619.50000  431.55474  30.3%   582 4946s
  3836  2303  518.07537  185 6019  619.50000  431.56817  30.3%   582 4963s
  3837  2304  601.61843  503 5713  619.50000  431.56887  30.3%   582 4972s
  3838  2305  431.61667  180 4981  619.50000  431.61667  30.3%   582 4993s
  3839  2305  465.67265  118 6114  619.50000  431.64456  30.3%   582 4998s
  3840  2306  431.65349   34 6463  619.50000  431.65349  30.3%   582 5011s
  3841  2307  602.82813  519 6244  619.50000  431.65390  30.3%   581 5015s
  3842  2307  439.07057  153 4979  619.50000  431.66643  30.3%   581 5029s
  3843  2308  449.62523  139 6463  619.50000  431.66643  30.3%   581 5035s
  3844  2309  431.66643   97 4890  619.50000  431.66643  30.3%   581 5049s
  3845  2309  619.50000  419 5395  619.50000  431.66643  30.3%   581 5054s
  3846  2310  513.88017  322 5416  619.50000  431.66804  30.3%   581 5066s
  3847  2311  431.66804  176 5382  619.50000  431.66804  30.3%   580 5071s
  3848  2311  431.76793  189 6287  619.50000  431.76793  30.3%   580 5107s
  3849  2312  606.18140  644 6103  619.50000  431.76917  30.3%   580 5114s
  3850  2313  503.36796  251 4917  619.50000  431.76957  30.3%   580 5129s
  3851  2313  534.06481  399 6007  619.50000  431.76957  30.3%   580 5133s
  3852  2314  460.27210   61 5900  619.50000  431.78063  30.3%   580 5256s
H 3852  2198                     560.9000000  431.78066  23.0%   580 5258s
  3853  2199  560.90000  525 5974  560.90000  431.78066  23.0%   580 5261s
  3854  2199  489.20138  117 6571  560.90000  431.78303  23.0%   579 5271s
  3855  2200  532.18529  372 6903  560.90000  431.78303  23.0%   579 5277s
  3856  2201  439.40355  163 5641  560.90000  431.78617  23.0%   579 5294s
  3857  2201  431.78617   50 5405  560.90000  431.78617  23.0%   579 5298s
  3858  2202  431.78672  116 4947  560.90000  431.78672  23.0%   579 5312s
  3859  2203  516.11835  455 4947  560.90000  431.78672  23.0%   579 5315s
  3860  2203  560.90000  423 4925  560.90000  431.79133  23.0%   579 5326s
H 3860  2091                     555.9000000  431.79133  22.3%   579 5327s
H 3860  1985                     552.9000000  431.79133  21.9%   579 5327s
  3861  1986  552.90000  650 4936  552.90000  431.79133  21.9%   578 5332s
  3862  1987  431.79133   87 4872  552.90000  431.79133  21.9%   578 5359s
  3863  1987  435.21296  132 4893  552.90000  431.79133  21.9%   578 5364s
  3864  1988  431.79133  209 5011  552.90000  431.79133  21.9%   578 5375s
  3869  1992  523.60000  486 10240  552.90000  431.79133  21.9%   778 5506s
  3870  1993  434.53164   68 7860  552.90000  431.79133  21.9%   777 5549s
  3871  1994  527.79854  186 7782  552.90000  431.79133  21.9%   777 5579s
  3872  1994  431.79133  323 6275  552.90000  431.79133  21.9%   777 5609s
  3873  1995  431.79133  295 5675  552.90000  431.79133  21.9%   777 5615s
  3874  1996  552.90000  438 6071  552.90000  431.79133  21.9%   777 5630s
  3875  1996  552.90000  906 6326  552.90000  431.79133  21.9%   776 5640s
  3876  1997  518.55857  221 5191  552.90000  431.79133  21.9%   776 5658s
  3877  1998  552.90000  537 5512  552.90000  431.79133  21.9%   776 5664s
  3878  1998  552.90000  814 5499  552.90000  431.79133  21.9%   776 5681s
  3879  1999  552.90000  900 5701  552.90000  431.79133  21.9%   776 5687s
  3880  2000  552.90000  846 4877  552.90000  431.79133  21.9%   775 5761s
  3881  2000  552.90000  917 5903  552.90000  431.79133  21.9%   775 5779s
  3882  2001  552.90000  587 6234  552.90000  431.79133  21.9%   775 5797s
  3883  2002  552.90000  693 5888  552.90000  431.90666  21.9%   775 5809s
  3884  2002  552.90000  611 6163  552.90000  432.00472  21.9%   775 5830s
  3885  2003  552.90000  540 6170  552.90000  432.00512  21.9%   774 5839s
  3886  2004  517.46667  471 5708  552.90000  432.01288  21.9%   774 5854s
  3887  2004  432.04945   33 5083  552.90000  432.04945  21.9%   774 5862s
  3888  2005  552.90000  475 4971  552.90000  432.08924  21.9%   774 5879s
  3889  2006  552.90000  713 4023  552.90000  432.13664  21.8%   774 5892s
  3890  2006  432.13929   75 5296  552.90000  432.13929  21.8%   773 5909s
  3891  2007  439.45565  180 5414  552.90000  432.14106  21.8%   773 5915s
  3892  2008  452.14180  142 4856  552.90000  432.15993  21.8%   773 5927s
  3893  2008  552.90000  527 5246  552.90000  432.17576  21.8%   773 5934s
  3894  2009  552.90000  712 4610  552.90000  432.40228  21.8%   773 5953s
  3895  2010  552.90000  492 5712  552.90000  432.54355  21.8%   772 5958s
  3896  2010  442.05940   30 4790  552.90000  432.63764  21.8%   772 5977s
  3897  2011  432.63764   62 5147  552.90000  432.63764  21.8%   772 5988s
  3898  2012  552.90000  703 4512  552.90000  432.64754  21.7%   772 6001s
  3899  2012  503.54635  251 4804  552.90000  432.64925  21.7%   772 6006s
  3900  2013  552.90000  501 5023  552.90000  432.84701  21.7%   771 6020s
  3902  2014  552.90000  699 5044  552.90000  432.93254  21.7%   771 6035s
  3903  2015  446.67555  131 4784  552.90000  432.93789  21.7%   771 6040s
  3904  2016  432.95507    8 5122  552.90000  432.95507  21.7%   771 6060s
  3905  2016  552.90000  405 5298  552.90000  432.99033  21.7%   770 6066s
  3906  2017  433.29645  209 4473  552.90000  433.29645  21.6%   770 6085s
  3907  2018  435.19302  106 4477  552.90000  433.33943  21.6%   770 6090s
  3908  2018  545.85380  301 4473  552.90000  433.33957  21.6%   770 6113s
  3909  2019  433.34532   84 4493  552.90000  433.34532  21.6%   770 6122s
  3910  2020  552.90000  835 4499  552.90000  433.37722  21.6%   769 6138s
  3911  2020  433.38701  376 4450  552.90000  433.38701  21.6%   769 6142s
  3912  2021  552.90000  725 4077  552.90000  433.38701  21.6%   769 6154s
  3913  2022  506.70000  216 4842  552.90000  433.38743  21.6%   769 6158s
  3914  2022  433.38743   18 4677  552.90000  433.38743  21.6%   769 6173s
  3915  2023  545.51602  278 4897  552.90000  433.38743  21.6%   768 6177s
  3916  2024  508.22766  204 4454  552.90000  433.38743  21.6%   768 6193s
  3917  2024  552.90000  543 4896  552.90000  433.38743  21.6%   768 6196s
  3918  2025  552.90000  565 5406  552.90000  433.38743  21.6%   768 6207s
  3919  2026  433.38743   91 5634  552.90000  433.38743  21.6%   768 6211s
  3920  2026  552.90000  803 4264  552.90000  433.49379  21.6%   767 6231s
  3921  2027  435.14696   93 4635  552.90000  433.49379  21.6%   767 6238s
  3922  2028  532.18529  378 4611  552.90000  433.49379  21.6%   767 6254s
  3923  2028  433.49379  229 4500  552.90000  433.49379  21.6%   767 6259s
  3924  2029  552.90000  575 5073  552.90000  433.49379  21.6%   767 6276s
  3925  2030  433.49379  191 5320  552.90000  433.49379  21.6%   766 6280s
  3926  2030  552.90000  377 4922  552.90000  433.49456  21.6%   766 6294s
  3927  2031  552.90000  902 4929  552.90000  433.49456  21.6%   766 6297s
  3928  2032  523.45408  369 4945  552.90000  433.49456  21.6%   766 6308s
  3931  2035  433.49456   42 2074  552.90000  433.49456  21.6%   919 6310s
  3933  2036  552.90000  526 9124  552.90000  433.49456  21.6%   919 6426s
  3934  2037  552.90000  949 6853  552.90000  433.49456  21.6%   918 6479s
  3935  2038  552.90000  471 6384  552.90000  433.49456  21.6%   918 6513s
  3936  2038  518.07537  185 4589  552.90000  433.49456  21.6%   918 6540s
  3937  2039  552.90000  503 6268  552.90000  433.49456  21.6%   918 6555s
  3938  2040  433.49456  180 4611  552.90000  433.49456  21.6%   917 6574s
  3939  2040  465.67265  118 6129  552.90000  433.49456  21.6%   917 6583s
  3940  2041  433.49456   34 4907  552.90000  433.49456  21.6%   917 6604s
  3941  2042  552.90000  519 6033  552.90000  433.49456  21.6%   917 6612s
  3942  2042  439.07057  153 5111  552.90000  433.49456  21.6%   916 6636s
  3943  2043  449.62523  139 5754  552.90000  433.49456  21.6%   916 6655s
  3944  2044  433.49456   97 5685  552.90000  433.49456  21.6%   916 6756s
  3945  2044  552.90000  419 5698  552.90000  433.49476  21.6%   916 6761s
  3946  2045  513.88017  322 5074  552.90000  433.49850  21.6%   915 6781s
  3947  2046  433.50015  176 4851  552.90000  433.50015  21.6%   915 6786s
  3948  2046  433.50015  189 5241  552.90000  433.50015  21.6%   915 6800s
  3950  2048  503.36796  251 5284  552.90000  433.50015  21.6%   915 6816s
  3951  2048  534.06481  399 5223  552.90000  433.50015  21.6%   914 6820s
  3952  2049  460.27210   61 3719  552.90000  433.50015  21.6%   914 6840s
  3953  2050  552.90000  525 4658  552.90000  433.50015  21.6%   914 6850s
  3954  2050  489.20138  117 3593  552.90000  433.52694  21.6%   914 6868s
  3955  2051  532.18529  372 5433  552.90000  433.52694  21.6%   913 6878s
  3956  2052  439.40355  163 5504  552.90000  433.52694  21.6%   913 6908s
  3957  2052  433.52694   50 6391  552.90000  433.52694  21.6%   913 6921s
  3958  2053  433.52694  116 5663  552.90000  433.52694  21.6%   913 6958s
  3959  2054  516.11835  455 6755  552.90000  433.52694  21.6%   912 6967s
  3960  2054  552.90000  423 5438  552.90000  433.52694  21.6%   912 6997s
  3961  2055  552.90000  650 5935  552.90000  433.52694  21.6%   912 7003s
  3962  2056  433.52694   87 5373  552.90000  433.52694  21.6%   912 7029s
  3963  2056  435.21296  132 6850  552.90000  433.52694  21.6%   912 7072s
  3964  2057  433.52694  209 5881  552.90000  433.52694  21.6%   911 7135s

Explored 3968 nodes (4355614 simplex iterations) in 7200.54 seconds (4576.29 work units)
Thread count was 4 (of 8 available processors)

Solution count 10: 552.9 555.9 560.9 ... 642.8

Time limit reached
Best objective 5.529000000000e+02, best bound 4.336000000000e+02, gap 21.5771%
