
Gurobi 13.0.2 (linux64) logging started Mon Jul  6 22:57:56 2026

Set parameter LogFile to value "src/Resultados/Restriccion demanda/logs/RC107-25.xml_log.log"
Set parameter Threads to value 4
Gurobi Optimizer version 13.0.2 build v13.0.2rc1 (linux64 - "Rocky Linux 9.7 (Blue Onyx)")

CPU model: QEMU Virtual CPU version 2.5+, instruction set [SSE2]
Thread count: 8 physical cores, 8 logical processors, using up to 4 threads

Non-default parameters:
TimeLimit  7200
Threads  4

Optimize a model with 97759 rows, 58050 columns and 612915 nonzeros (Min)
Model fingerprint: 0x8950b7fe
Model has 5205 linear objective coefficients
Variable types: 13080 continuous, 44970 integer (44955 binary)
Coefficient statistics:
  Matrix range     [1e+00, 4e+04]
  Objective range  [2e+00, 6e+01]
  Bounds range     [1e+00, 2e+03]
  RHS range        [1e+00, 4e+04]

Presolve removed 30800 rows and 240 columns (presolve time = 5s)...
Presolve removed 30800 rows and 240 columns
Presolve time: 5.84s
Presolved: 66959 rows, 57810 columns, 289950 nonzeros
Variable types: 375 continuous, 57435 integer (49275 binary)
Deterministic concurrent LP optimizer: primal and dual simplex
Showing primal log only...


Root simplex log...

Iteration    Objective       Primal Inf.    Dual Inf.      Time
       0    2.1457000e+03   2.324369e+03   2.578264e+10      9s
   13606    3.8103823e+02   1.751042e+02   3.313104e+09     10s
   24045    3.6872257e+02   2.704619e+01   4.708266e+09     15s
   29661    3.7329080e+02   4.076259e+00   4.813598e+08     20s
   35858    2.8513000e+02   0.000000e+00   4.690801e+02     25s
   40258    2.7190000e+02   0.000000e+00   0.000000e+00     29s
Concurrent spin time: 5.55s (can be avoided by choosing Method=3)

Solved with primal simplex

Root relaxation: objective 2.719000e+02, 40258 iterations, 26.24 seconds (11.75 work units)

    Nodes    |    Current Node    |     Objective Bounds      |     Work
 Expl Unexpl |  Obj  Depth IntInf | Incumbent    BestBd   Gap | It/Node Time

     0     0  271.90000    0 2377          -  271.90000      -     -   60s
     0     0  271.90000    0 3122          -  271.90000      -     -   61s
     0     0  271.90000    0 6623          -  271.90000      -     -  109s
     0     0  271.90000    0 6488          -  271.90000      -     -  109s
     0     0  271.90000    0 5676          -  271.90000      -     -  111s
     0     0  271.90000    0 8209          -  271.90000      -     -  123s
     0     0  271.90000    0 9200          -  271.90000      -     -  124s
     0     0  271.90000    0 3289          -  271.90000      -     -  134s
     0     0  271.90000    0 3379          -  271.90000      -     -  136s
     0     0  271.90000    0 3367          -  271.90000      -     -  136s
     0     0  271.90000    0 5638          -  271.90000      -     -  142s
     0     0  271.90000    0 5638          -  271.90000      -     -  142s
     0     0  271.90000    0 3764          -  271.90000      -     -  149s
     0     0  271.90000    0 4391          -  271.90000      -     -  151s
     0     0  271.90000    0 4393          -  271.90000      -     -  151s
     0     0  271.90000    0 6921          -  271.90000      -     -  160s
     0     0  271.90000    0 6921          -  271.90000      -     -  160s
     0     0  271.90000    0 4606          -  271.90000      -     -  173s
     0     0  271.90000    0 4608          -  271.90000      -     -  175s
     0     0  271.90000    0 4377          -  271.90000      -     -  180s
     0     2  271.90000    0 4377          -  271.90000      -     -  235s
     3     8  271.90000    2 4324          -  271.90000      -   565  243s
     7    12  271.90000    3 5708          -  271.90000      -   442  245s
    81    91  271.90000   15 8566          -  271.90000      -   131  254s
    90   135  271.90000   16 8566          -  271.90000      -   215  257s
   134   192  271.90000   23 9183          -  271.90000      -   170  260s
   191   251  271.90000   30 8064          -  271.90000      -   143  266s
   250   284  271.90000   35 8035          -  271.90000      -   128  276s
   283   355  271.90000   44 9298          -  271.90000      -   198  284s
   354   457  271.90000   49 6569          -  271.90000      -   184  291s
   466   549  271.90484   56 2630          -  271.90000      -   166  300s
   558   699  271.91106   94 4586          -  271.90000      -   149  309s
   708   875  271.91612  169 5224          -  271.90000      -   130  318s
   884  1135  271.92144  248 5234          -  271.90000      -   115  331s
  1144  1465  271.92665  334 4590          -  271.90000      -  96.8  344s
  1474  1660  271.93916  441 5226          -  271.90000      -  80.7  364s
  1669  1882  271.95445  547 5226          -  271.90000      -  77.5  387s
  1891  2028  272.07922  660 4588          -  271.90000      -  72.9  418s
  2037  2335  272.26643  713 5746          -  271.90000      -  72.4  434s
  2344  2600  281.40000  797 4509          -  271.90000      -  68.7  447s
  2618  2951  271.90849  129 1594          -  271.90000      -  67.3  466s
  2980  2952  281.10000  351 4377          -  271.90000      -  63.1  879s
  2981  2953  280.02148  441 4377          -  271.90000      -  63.1  880s
  2982  2953  276.01523  118 4104          -  276.01523      -  63.1  946s
  2983  2954  278.80000  349 3573          -  276.20861      -  63.0  964s
  2984  2955  276.45192   14 4354          -  276.45192      -  63.0  969s
  2985  2955  278.60000  290 3985          -  276.60032      -  63.0  995s
  2986  2956  280.10000  283 4456          -  276.66512      -  63.0 1003s
  2987  2957  276.70778   29 2926          -  276.70778      -  63.0 1025s
  2988  2957  276.75536  398 3476          -  276.75536      -  62.9 1033s
  2989  2958  284.10000  403 3902          -  276.87182      -  62.9 1047s
  2990  2959  279.30000  298 4094          -  276.90039      -  62.9 1054s
  2991  2959  279.50000  253 3892          -  276.90085      -  62.9 1073s
  2992  2960  276.90096  284 5195          -  276.90096      -  62.8 1084s
  2993  2961  277.40000  270 4117          -  277.06782      -  62.8 1166s
  2994  2961  277.11721  447 5530          -  277.11721      -  62.8 1177s
  2995  2962  278.80000  795 3586          -  277.19961      -  62.8 1194s
  2996  2963  295.28258  833 3897          -  277.42332      -  62.8 1207s
  2997  2963  281.60000  454 1239          -  277.44815      -  62.7 1219s
  2998  2964  277.47374  299 4869          -  277.47374      -  62.7 1234s
  2999  2965  285.50000  511 2634          -  277.47431      -  62.7 1264s
  3000  2965  280.00000   38 2949          -  277.47431      -  62.7 1272s
  3001  2966  279.20000  522 2495          -  277.47431      -  62.7 1296s
  3002  2967  277.47431   92 2865          -  277.47431      -  62.6 1304s
  3003  2967  280.70000  435 3489          -  277.48315      -  62.6 1319s
  3004  2968  280.70000  406 3460          -  277.48513      -  62.6 1323s
  3005  2969  277.48513  157 2916          -  277.48513      -  62.6 1343s
  3006  2969  278.60000  368 2903          -  277.48513      -  62.6 1346s
  3007  2970  277.90000  379 2188          -  277.48513      -  62.5 1369s
  3008  2971  277.48513  247 3660          -  277.48513      -  62.5 1376s
  3009  2971  283.23109  562 3190          -  277.48513      -  62.5 1404s
  3010  2972  277.48513  165 6311          -  277.48513      -  62.5 1419s
  3011  2973  277.48513  449 3477          -  277.48513      -  62.5 1449s
  3012  2973  277.48787  758 3844          -  277.48787      -  62.4 1453s
  3013  2974  277.50714   74 3966          -  277.50714      -  62.4 1469s
  3014  2975  277.50718   52 5076          -  277.50718      -  62.4 1477s
  3015  2975  283.08603  140 3027          -  277.52282      -  62.4 1497s
  3016  2976  281.10000  358 3450          -  277.52301      -  62.3 1500s
  3017  2977  278.40000  320 3507          -  277.52495      -  62.3 1512s
  3018  2977  277.52518  125 4232          -  277.52518      -  62.3 1518s
  3019  2978  277.53692  194 4150          -  277.53692      -  62.3 1534s
  3020  2979  280.20000  296 5461          -  277.53692      -  62.3 1545s
  3021  2979  277.53692  215 3812          -  277.53692      -  62.2 1562s
  3022  2980  282.40000  290 4065          -  277.53692      -  62.2 1569s
  3023  2981  277.53692  361 3864          -  277.53692      -  62.2 1586s
  3024  2981  277.53692  104 6072          -  277.53692      -  62.2 1593s
  3025  2982  277.53692  166 5173          -  277.53692      -  62.2 1612s
  3026  2983  282.00000  515 6014          -  277.53693      -  62.1 1618s
  3027  2983  277.53758  118 5926          -  277.53758      -  62.1 1633s
  3028  2984  282.60000  752 6055          -  277.53758      -  62.1 1640s
  3029  2985  277.53888  122 4354          -  277.53888      -  62.1 1660s
  3030  2985  277.54099   58 5392          -  277.54099      -  62.1 1666s
  3031  2986  277.54254  179 3915          -  277.54254      -  62.0 1683s
  3032  2987  303.50000  602 5009          -  277.54277      -  62.0 1690s
  3033  2987  278.60000  328 3593          -  277.54363      -  62.0 1705s
  3034  2988  287.10765  678 4706          -  277.54427      -  62.0 1711s
  3035  2989  277.54519  742 3897          -  277.54519      -  62.0 1724s
  3036  2989  277.54569  191 4422          -  277.54569      -  61.9 1729s
  3037  2990  278.40000  320 4081          -  277.54574      -  61.9 1741s
  3039  2991  277.56277   65 3964          -  277.56277      -  61.9 1756s
  3040  2992  280.30000  387 4483          -  277.56408      -  61.9 1761s
  3041  2993  278.10000  276 4265          -  277.57241      -  61.8 1776s
  3042  2993  288.60000  633 4521          -  277.57732      -  61.8 1788s
  3043  2994  277.57782  225 5206          -  277.57782      -  61.8 1802s
  3044  2995  277.57929   40 4988          -  277.57929      -  61.8 1808s
  3045  2995  286.00000  551 4549          -  277.58321      -  61.8 1820s
  3046  2996  280.30000  661 5226          -  277.58444      -  61.7 1827s
  3047  2997  280.70000  411 5183          -  277.58534      -  61.7 1838s
  3048  2997  281.60000  468 5212          -  277.58568      -  61.7 1842s
  3049  2998  277.58596  120 3548          -  277.58596      -  61.7 1852s
  3050  2999  285.90000  775 4543          -  277.58596      -  61.7 1856s
  3051  2999  277.58634  233 4112          -  277.58634      -  61.6 1868s
  3052  3000  279.60000  337 4684          -  277.58634      -  61.6 1873s
  3053  3001  277.58634  243 5102          -  277.58634      -  61.6 1884s
  3054  3001  277.58634  197 5084          -  277.58634      -  61.6 1888s
  3055  3002  277.58692   43 5050          -  277.58692      -  61.6 1899s
  3058  3005  277.58692  164 4377          -  277.58692      -   318 1910s
  3060  3006  277.58692   73 6525          -  277.58692      -   318 2004s
  3061  3007  277.58692  177 6761          -  277.58692      -   318 2032s
  3062  3008  280.40000  382 7658          -  277.58693      -   318 2049s
  3063  3008  280.30000  366 2307          -  277.58693      -   318 2081s
  3064  3009  277.58693  109 5317          -  277.58693      -   318 2094s
  3065  3010  279.20000  195 2758          -  277.58693      -   318 2132s
  3066  3010  280.10000   77 5716          -  277.58731      -   318 2146s
  3067  3011  277.58731  196 6886          -  277.58731      -   317 2192s
  3068  3012  281.10000   84 9099          -  277.71066      -   317 2203s
  3069  3012  278.50000  263 5571          -  277.74382      -   317 2251s
  3070  3013  277.76832   53 5694          -  277.76832      -   317 2257s
  3071  3014  295.10000  120 4138          -  277.79914      -   317 2323s
  3072  3014  281.10000  353 5355          -  277.80546      -   317 2328s
  3073  3015  357.60757  705 3632          -  277.89560      -   317 2335s
  3074  3016  289.10000  821 4483          -  277.90853      -   317 2347s
  3075  3016  284.10000  466 5045          -  277.98869      -   317 2362s
  3076  3017  281.10000  483 4353          -  278.02658      -   317 2372s
  3077  3018  281.60000  449 5383          -  278.06481      -   316 2388s
  3078  3018  278.07831  111 5991          -  278.07831      -   316 2400s
  3079  3019  278.32271   46 4950          -  278.32271      -   316 2423s
  3080  3020  281.10000  351 5655          -  278.32304      -   316 2439s
  3081  3020  280.02148  441 4666          -  278.47685      -   316 2454s
  3082  3021  278.47738  118 6211          -  278.47738      -   316 2466s
  3083  3022  278.80000  349 4388          -  278.48216      -   316 2487s
  3084  3022  278.48810   14 7451          -  278.48810      -   316 2498s
  3085  3023  278.60000  290 5839          -  278.49415      -   316 2516s
  3086  3024  280.10000  283 6371          -  278.49558      -   315 2522s
  3087  3024  278.49942   29 5745          -  278.49942      -   315 2535s
  3088  3025  278.50236  398 6403          -  278.50236      -   315 2540s
  3089  3026  284.10000  403 4943          -  278.54546      -   315 2555s
  3090  3026  279.30000  298 5707          -  278.54546      -   315 2560s
  3091  3027  279.50000  253 4527          -  278.54546      -   315 2574s
  3092  3028  278.54546  284 5002          -  278.54546      -   315 2579s
  3093  3028  278.54546  270 6017          -  278.54546      -   315 2591s
  3094  3029  278.54546  447 6074          -  278.54546      -   315 2596s
  3095  3030  278.80000  795 5095          -  278.54546      -   315 2611s
  3096  3030  295.28258  833 6683          -  278.54546      -   314 2616s
  3097  3031  281.60000  454 5793          -  278.54632      -   314 2634s
  3098  3032  278.54733  299 6499          -  278.54733      -   314 2639s
  3099  3032  285.50000  511 5162          -  278.55090      -   314 2650s
  3100  3033  280.00000   38 5280          -  278.55191      -   314 2655s
  3101  3034  279.20000  522 4903          -  278.55371      -   314 2666s
  3102  3034  278.55389   92 5300          -  278.55389      -   314 2670s
  3103  3035  280.70000  435 5770          -  278.55436      -   314 2682s
  3104  3036  280.70000  406 5339          -  278.55452      -   314 2685s
  3105  3036  278.55497  157 4483          -  278.55497      -   314 2692s
  3106  3037  278.60000  368 5618          -  278.55646      -   313 2697s
  3107  3038  278.55665  379 5487          -  278.55665      -   313 2719s
  3108  3038  278.55668  247 6809          -  278.55668      -   313 2724s
  3109  3039  283.23109  562 6289          -  278.56038      -   313 2739s
  3110  3040  278.56275  165 7021          -  278.56275      -   313 2745s
  3111  3040  278.56396  449 4883          -  278.56396      -   313 2760s
  3113  3042  278.56470   74 5543          -  278.56470      -   313 2774s
  3114  3042  278.56470   52 5630          -  278.56470      -   313 2778s
  3115  3043  283.08603  140 5985          -  278.56642      -   313 2790s
  3117  3044  278.56762  320 6425          -  278.56762      -   312 2805s
  3119  3046  278.56838  194 5849          -  278.56838      -   312 2821s
  3120  3046  280.20000  296 5806          -  278.56850      -   312 2826s
  3121  3047  278.56855  215 5777          -  278.56855      -   312 2835s
  3122  3048  282.40000  290 6336          -  278.56857      -   312 2840s
  3123  3048  278.56917  361 6319          -  278.56917      -   312 2851s
  3124  3049  278.56917  104 6304          -  278.56917      -   312 2855s
  3125  3050  278.56917  166 5954          -  278.56917      -   312 2863s
  3128  3053  282.60000  752 4377          -  278.56917      -   495 2870s
  3130  3054  278.56917   58 5626          -  278.56917      -   494 2938s
  3131  3055  278.56917  179 4928          -  278.56917      -   494 2960s
  3132  3056  303.50000  602 6750          -  278.57045      -   494 2976s
  3133  3056  278.60000  328 1213          -  278.57045      -   494 2987s
  3134  3057  287.10765  678 2136          -  278.57045      -   494 2997s
  3135  3058  278.57045  742 1966          -  278.57045      -   493 3013s
  3136  3058  278.57045  191 6955          -  278.57045      -   493 3030s
  3137  3059  278.57045  320 5752          -  278.57045      -   493 3049s
  3138  3060  290.90000  575 6745          -  278.57050      -   493 3060s
  3139  3060  278.57050   65 4461          -  278.57050      -   493 3082s
  3140  3061  280.30000  387 6124          -  278.58092      -   493 3098s
  3141  3062  278.60024  276 4983          -  278.60024      -   492 3177s
  3142  3062  288.60000  633 5967          -  278.60407      -   492 3199s
  3143  3063  278.61417  225 4773          -  278.61417      -   492 3209s
  3144  3064  278.62284   40 6192          -  278.62284      -   492 3219s
  3145  3064  286.00000  551 5654          -  278.63291      -   492 3230s
  3146  3065  280.30000  661 6718          -  278.63509      -   492 3235s
  3147  3066  280.70000  411 5608          -  278.66637      -   492 3246s
  3148  3066  281.60000  468 6265          -  278.66637      -   491 3252s
  3149  3067  278.66637  120 5632          -  278.66637      -   491 3265s
  3150  3068  285.90000  775 6064          -  278.66637      -   491 3271s
  3151  3068  278.66637  233 5836          -  278.66637      -   491 3283s
  3152  3069  279.60000  337 5887          -  278.66637      -   491 3287s
  3153  3070  278.66637  243 5262          -  278.66637      -   491 3302s
  3154  3070  278.66637  197 5983          -  278.66637      -   490 3307s
  3155  3071  278.66637   43 4562          -  278.66637      -   490 3317s
  3156  3072  278.66637   48 4855          -  278.66637      -   490 3322s
  3157  3072  278.66637  282 4743          -  278.66637      -   490 3330s
  3159  3074  278.66637  208 4712          -  278.66637      -   490 3345s
  3161  3075  278.66637  177 4658          -  278.66637      -   489 3361s
  3162  3076  280.40000  382 4921          -  278.66637      -   489 3367s
  3163  3076  280.30000  366 5170          -  278.67116      -   489 3378s
  3164  3077  278.67255  109 5763          -  278.67255      -   489 3382s
  3165  3078  279.20000  195 4691          -  278.68104      -   489 3399s
  3166  3078  280.10000   77 6013          -  278.68104      -   489 3404s
  3167  3079  278.68339  196 5145          -  278.68339      -   488 3419s
  3168  3080  281.10000   84 5560          -  278.68339      -   488 3424s
  3169  3080  278.68381  263 5525          -  278.68381      -   488 3436s
  3170  3081  278.68441   53 5753          -  278.68441      -   488 3440s
  3171  3082  295.10000  120 5024          -  278.68573      -   488 3452s
  3172  3082  281.10000  353 5054          -  278.68639      -   488 3456s
  3173  3083  357.60757  705 4822          -  278.68670      -   488 3467s
  3174  3084  289.10000  821 5023          -  278.68671      -   487 3471s
  3175  3084  284.10000  466 5203          -  278.68872      -   487 3482s
  3176  3085  281.10000  483 6262          -  278.68885      -   487 3488s
  3177  3086  281.60000  449 5981          -  278.69001      -   487 3504s
  3178  3086  278.69001  111 6961          -  278.69001      -   487 3509s
  3179  3087  278.69004   46 5077          -  278.69004      -   487 3519s
  3180  3088  281.10000  351 5762          -  278.69005      -   486 3523s
  3181  3088  280.02148  441 5723          -  278.69006      -   486 3530s
  3183  3090  278.80000  349 5723          -  278.69290      -   486 3544s
  3184  3090  278.69290   14 5802          -  278.69290      -   486 3548s
  3185  3091  278.69290  290 4856          -  278.69290      -   486 3558s
  3186  3092  280.10000  283 5902          -  278.69820      -   486 3563s
  3187  3092  278.70665   29 5196          -  278.70665      -   485 3574s
  3188  3093  278.70819  398 5401          -  278.70819      -   485 3579s
  3189  3094  284.10000  403 5196          -  278.70860      -   485 3587s
  3190  3094  279.30000  298 5497          -  278.71064      -   485 3592s
  3191  3095  279.50000  253 5066          -  278.71334      -   485 3603s
  3192  3096  278.71347  284 5134          -  278.71347      -   485 3608s
  3193  3096  278.71374  270 5193          -  278.71374      -   484 3619s
  3194  3097  278.71396  447 5276          -  278.71396      -   484 3623s
  3195  3098  278.80000  795 5323          -  278.71407      -   484 3634s
  3196  3098  295.28258  833 5328          -  278.71407      -   484 3638s
  3197  3099  281.60000  454 4442          -  278.71639      -   484 3649s
  3198  3100  278.71881  299 5867          -  278.71881      -   484 3655s
  3199  3100  285.50000  511 5628          -  278.72068      -   484 3666s
  3200  3101  280.00000   38 5749          -  278.72100      -   483 3671s
  3201  3102  279.20000  522 5103          -  278.72229      -   483 3681s
  3202  3102  278.72230   92 5106          -  278.72230      -   483 3686s
  3203  3103  280.70000  435 4748          -  278.72317      -   483 3698s
  3204  3104  280.70000  406 5517          -  278.72317      -   483 3702s
  3205  3104  278.72317  157 5313          -  278.72317      -   483 3713s
  3206  3105  278.72366  368 5666          -  278.72366      -   482 3718s
  3207  3106  278.72793  379 5429          -  278.72793      -   482 3731s
  3208  3106  278.72943  247 5474          -  278.72943      -   482 3735s
  3209  3107  283.23109  562 5455          -  278.73052      -   482 3743s
  3210  3108  278.73052  165 5468          -  278.73052      -   482 3747s
  3211  3108  278.73086  449 5492          -  278.73086      -   482 3758s
  3212  3109  278.73086  758 5495          -  278.73086      -   482 3761s
  3213  3110  278.73294   74 5142          -  278.73294      -   481 3770s
  3215  3111  283.08603  140 5299          -  278.73387      -   481 3783s
  3216  3112  281.10000  358 5335          -  278.73396      -   481 3787s
  3217  3112  278.73397  320 5361          -  278.73397      -   481 3796s
  3218  3113  278.73397  125 5384          -  278.73397      -   481 3800s
  3219  3114  278.73397  194 5442          -  278.73397      -   481 3807s
  3222  3117  282.40000  290 4377          -  278.73397      -   654 3812s
  3224  3118  278.73397  104 7918          -  278.73397      -   654 3904s
  3225  3119  278.73454  166 1643          -  278.73454      -   654 3918s
  3226  3120  282.00000  515 7294          -  278.73571      -   653 3930s
  3227  3120  278.73571  118 3381          -  278.73571      -   653 3949s
  3228  3121  282.60000  752 5083          -  278.74113      -   653 3963s
  3229  3122  278.74113  122 3050          -  278.74113      -   653 3984s
  3230  3122  278.74113   58 5612          -  278.74113      -   653 3995s
  3231  3123  278.74113  179 4389          -  278.74113      -   652 4018s
  3232  3124  303.50000  602 4566          -  278.74181      -   652 4024s
  3233  3124  278.74181  328 5281          -  278.74181      -   652 4035s
  3235  3126  278.75568  742 3793          -  278.75568      -   652 4111s
  3236  3126  278.77659  191 5335          -  278.77659      -   651 4116s
  3237  3127  278.77659  320 6034          -  278.77659      -   651 4129s
  3238  3128  290.90000  575 5737          -  278.77659      -   651 4135s
  3239  3128  278.77659   65 5794          -  278.77659      -   651 4144s
  3240  3129  280.30000  387 6067          -  278.77659      -   651 4151s
  3241  3130  278.78113  276 5148          -  278.78113      -   650 4163s
  3242  3130  288.60000  633 6051          -  278.78458      -   650 4167s
  3243  3131  278.79674  225 5286          -  278.79674      -   650 4175s
  3244  3132  278.79674   40 5882          -  278.79674      -   650 4180s
  3245  3132  286.00000  551 5251          -  278.79674      -   650 4189s
  3246  3133  280.30000  661 5885          -  278.79674      -   649 4198s
  3247  3134  280.70000  411 5261          -  278.79674      -   649 4210s
  3248  3134  281.60000  468 5182          -  278.79674      -   649 4216s
  3249  3135  278.79674  120 5986          -  278.79674      -   649 4229s
  3250  3136  285.90000  775 6537          -  278.79855      -   649 4234s
  3251  3136  278.80183  233 5930          -  278.80183      -   648 4249s
  3252  3137  279.60000  337 6711          -  278.80299      -   648 4260s
  3253  3138  278.80432  243 6070          -  278.80432      -   648 4274s
  3254  3138  278.80434  197 5360          -  278.80434      -   648 4283s
  3255  3139  278.81481   43 5568          -  278.81481      -   648 4296s
  3256  3140  278.89731   48 5118          -  278.89731      -   647 4302s
  3257  3140  279.24939  282 7166          -  279.24939      -   647 4321s
  3258  3141  279.25306  164 6397          -  279.25306      -   647 4326s
  3259  3142  279.29672  208 4285          -  279.29672      -   647 4337s
  3260  3142  279.29848   73 5838          -  279.29848      -   647 4342s
  3261  3143  279.29879  177 5564          -  279.29879      -   646 4351s
  3262  3144  280.40000  382 5576          -  279.30028      -   646 4355s
  3263  3144  280.30000  366 5454          -  279.30235      -   646 4364s
  3264  3145  279.30242  109 5622          -  279.30242      -   646 4370s
  3265  3146  279.30242  195 5392          -  279.30242      -   646 4380s
  3266  3146  280.10000   77 5395          -  279.30242      -   645 4385s
  3267  3147  279.31049  196 4613          -  279.31049      -   645 4397s
  3268  3148  281.10000   84 2053          -  279.32298      -   645 4400s
  3269  3148  279.32307  263 1330          -  279.32307      -   645 4408s
  3270  3149  279.32307   53 1325          -  279.32307      -   645 4411s
  3271  3150  295.10000  120 5206          -  279.32376      -   644 4427s
  3272  3150  281.10000  353 6050          -  279.32633      -   644 4434s
  3273  3151  357.60757  705 5407          -  279.32763      -   644 4445s
  3274  3152  289.10000  821 5570          -  279.32922      -   644 4453s
  3275  3152  284.10000  466 5258          -  279.32977      -   644 4464s
  3276  3153  281.10000  483 5821          -  279.32983      -   643 4472s
  3277  3154  281.60000  449 5866          -  279.33088      -   643 4486s
  3278  3154  279.33099  111 6023          -  279.33099      -   643 4491s
  3279  3155  279.33203   46 5229          -  279.33203      -   643 4500s
  3281  3156  280.02148  441 4692          -  279.34189      -   642 4514s
  3282  3157  279.34321  118 5573          -  279.34321      -   642 4519s
  3283  3158  279.34485  349 4847          -  279.34485      -   642 4529s
  3284  3158  279.34578   14 5779          -  279.34578      -   642 4533s
  3285  3159  279.35142  290 5499          -  279.35142      -   642 4547s
  3286  3160  280.10000  283 5846          -  279.35242      -   641 4551s
  3287  3160  279.35281   29 5867          -  279.35281      -   641 4559s
  3288  3161  279.35281  398 6389          -  279.35281      -   641 4564s
  3289  3162  284.10000  403 5542          -  279.35281      -   641 4575s
  3291  3163  279.50000  253 5644          -  279.35525      -   640 4590s
  3293  3164  279.35591  270 5013          -  279.35591      -   640 4605s
  3295  3166  279.35631  795 5085          -  279.35631      -   640 4619s
  3296  3166  295.28258  833 6062          -  279.35631      -   640 4625s
  3297  3167  281.60000  454 5198          -  279.35631      -   639 4638s
  3298  3168  279.35631  299 6044          -  279.35631      -   639 4644s
  3299  3168  285.50000  511 5698          -  279.35631      -   639 4656s
  3304  3173  280.70000  406 6994          -  279.35631      -   802 4767s
  3305  3174  279.35670  157 2767          -  279.35670      -   802 4788s
  3306  3175  279.35949  368 8491          -  279.35949      -   801 4801s
  3307  3175  279.35949  379 1527          -  279.35949      -   801 4816s
  3308  3176  279.35949  247 3862          -  279.35949      -   801 4825s
  3309  3177  283.23109  562 6609          -  279.35949      -   801 4856s
  3310  3177  279.35949  165 3362          -  279.35949      -   801 4864s
  3311  3178  279.35949  449 6642          -  279.35949      -   800 4888s
  3312  3179  279.35949  758 7760          -  279.35949      -   800 4899s
  3313  3179  279.41390   74 5654          -  279.41390      -   800 4918s
  3314  3180  279.42222   52 6255          -  279.42222      -   800 4926s
  3315  3181  283.08603  140 5971          -  279.45803      -   799 4980s
  3316  3181  281.10000  358 5651          -  279.46971      -   799 4990s
  3317  3182  279.48314  320 5666          -  279.48314      -   799 5004s
  3318  3183  279.48397  125 5874          -  279.48397      -   799 5012s
  3319  3183  279.49846  194 6327          -  279.49846      -   798 5033s
  3320  3184  280.20000  296 6265          -  279.50343      -   798 5038s
  3321  3185  279.50634  215 6085          -  279.50634      -   798 5051s
  3322  3185  282.40000  290 5523          -  279.50644      -   798 5055s
  3323  3186  279.50731  361 5388          -  279.50731      -   797 5067s
  3324  3187  279.50731  104 6485          -  279.50731      -   797 5073s
  3325  3187  279.50731  166 5838          -  279.50731      -   797 5085s
  3326  3188  282.00000  515 6715          -  279.50731      -   797 5091s
  3327  3189  279.50731  118 5985          -  279.50731      -   796 5103s
  3328  3189  282.60000  752 6012          -  279.50731      -   796 5108s
  3329  3190  279.50731  122 5940          -  279.50731      -   796 5118s
  3330  3191  279.50731   58 5956          -  279.50731      -   796 5122s
  3331  3191  279.50789  179 6090          -  279.50789      -   795 5132s
  3332  3192  303.50000  602 6025          -  279.50789      -   795 5137s
  3333  3193  279.50789  328 5505          -  279.50789      -   795 5148s
  3336  3196  279.50789  191 4377          -  279.50789      -   878 5152s
  3338  3197  290.90000  575 7717          -  279.50789      -   878 5222s
  3339  3198  279.50789   65 5600          -  279.50789      -   877 5249s
  3340  3199  280.30000  387 6980          -  279.50883      -   877 5260s
  3341  3199  279.53484  276 3380          -  279.53484      -   877 5277s
  3342  3200  288.60000  633 3882          -  279.53484      -   877 5285s
  3343  3201  279.53484  225 3388          -  279.53484      -   876 5298s
  3344  3201  279.53484   40 6879          -  279.53484      -   876 5313s
  3345  3202  286.00000  551 6393          -  279.53484      -   876 5326s
  3346  3203  280.30000  661 6378          -  279.53489      -   876 5358s
  3347  3203  280.70000  411 5030          -  279.53489      -   875 5375s
  3348  3204  281.60000  468 5558          -  279.56588      -   875 5383s
  3349  3205  279.56588  120 5525          -  279.56588      -   875 5435s
  3350  3205  285.90000  775 6022          -  279.56588      -   874 5441s
  3351  3206  279.56588  233 5686          -  279.56588      -   874 5455s
  3352  3207  279.60000  337 6533          -  279.56680      -   874 5461s
  3353  3207  279.56680  243 5369          -  279.56680      -   874 5474s
  3354  3208  279.56680  197 6134          -  279.56680      -   873 5483s
  3355  3209  279.56680   43 5306          -  279.56680      -   873 5500s
  3356  3209  279.56680   48 6125          -  279.56680      -   873 5507s
  3357  3210  279.56680  282 6184          -  279.56680      -   873 5519s
  3358  3211  279.56680  164 6047          -  279.56680      -   872 5526s
  3359  3211  279.56680  208 5478          -  279.56680      -   872 5542s
  3360  3212  279.56680   73 6636          -  279.56680      -   872 5548s
  3361  3213  279.56680  177 5186          -  279.56680      -   872 5567s
  3362  3213  280.40000  382 6278          -  279.56680      -   871 5572s
  3363  3214  280.30000  366 5845          -  279.56680      -   871 5589s
  3364  3215  279.56680  109 6032          -  279.56680      -   871 5595s
  3365  3215  279.56680  195 5628          -  279.56680      -   871 5612s
  3366  3216  280.10000   77 5723          -  279.56680      -   870 5617s
  3367  3217  279.56680  196 5293          -  279.56680      -   870 5632s
  3368  3217  281.10000   84 6234          -  279.56680      -   870 5638s
  3369  3218  279.56680  263 5937          -  279.56680      -   870 5650s
  3370  3219  279.56680   53 6920          -  279.56680      -   869 5656s
  3371  3219  295.10000  120 4901          -  279.56680      -   869 5668s
  3372  3220  281.10000  353 5094          -  279.56680      -   869 5673s
  3373  3221  357.60757  705 5908          -  279.57142      -   869 5683s
  3374  3221  289.10000  821 5977          -  279.57236      -   868 5688s
  3375  3222  284.10000  466 5337          -  279.57299      -   868 5699s
  3376  3223  281.10000  483 6556          -  279.57306      -   868 5703s
  3377  3223  281.60000  449 5087          -  279.57390      -   867 5720s
  3378  3224  279.57409  111 6565          -  279.57409      -   867 5725s
  3379  3225  279.57733   46 6088          -  279.57733      -   867 5745s
  3381  3226  280.02148  441 5858          -  279.57733      -   866 5762s
  3382  3227  279.57733  118 6402          -  279.57733      -   866 5767s
  3383  3227  279.57733  349 5361          -  279.57733      -   866 5782s
  3384  3228  279.57733   14 6151          -  279.57733      -   866 5790s
  3385  3229  279.57809  290 5398          -  279.57809      -   865 5802s
  3386  3229  280.10000  283 5863          -  279.57835      -   865 5806s
  3387  3230  279.57866   29 5030          -  279.57866      -   865 5818s
  3388  3231  279.57891  398 5348          -  279.57891      -   865 5822s
  3389  3231  284.10000  403 4746          -  279.58364      -   864 5831s
  3390  3232  279.58456  298 5003          -  279.58456      -   864 5835s
  3391  3233  279.58711  253 4963          -  279.58711      -   864 5849s
  3392  3233  279.58762  284 5545          -  279.58762      -   864 5854s
  3393  3234  279.58862  270 5417          -  279.58862      -   863 5868s
  3394  3235  279.58878  447 5831          -  279.58878      -   863 5872s
  3395  3235  279.58921  795 5255          -  279.58921      -   863 5885s
  3396  3236  295.28258  833 6255          -  279.58930      -   863 5891s
  3397  3237  281.60000  454 5868          -  279.58935      -   862 5906s
  3398  3237  279.58935  299 6617          -  279.58935      -   862 5913s
  3399  3238  285.50000  511 5828          -  279.58935      -   862 5928s
  3402  3241  279.58935   92 4377          -  279.58935      -  1019 5931s
  3404  3242  280.70000  406 7834          -  279.58935      -  1018 6014s
  3405  3243  279.58935  157 4875          -  279.58935      -  1018 6035s
  3406  3244  279.58935  368 4445          -  279.58935      -  1017 6048s
  3407  3244  279.58935  379 1935          -  279.58935      -  1017 6064s
  3408  3245  279.58935  247 2304          -  279.58935      -  1017 6076s
  3409  3246  283.23109  562 5252          -  279.58935      -  1016 6096s
  3410  3246  279.58935  165 5429          -  279.58935      -  1016 6107s
  3411  3247  279.58935  449 2865          -  279.58935      -  1016 6124s
  3412  3248  279.58935  758 4005          -  279.58935      -  1016 6134s
  3413  3248  279.58935   74 4941          -  279.58935      -  1015 6152s
  3414  3249  279.58935   52 6188          -  279.58935      -  1015 6166s
  3415  3250  283.08603  140 5207          -  279.58935      -  1015 6230s
  3416  3250  281.10000  358 6681          -  279.59533      -  1014 6248s
  3417  3251  279.61148  320 5686          -  279.61148      -  1014 6265s
  3418  3252  279.61355  125 6879          -  279.61355      -  1014 6271s
  3419  3252  279.61722  194 5829          -  279.61722      -  1013 6287s
  3420  3253  280.20000  296 7021          -  279.62527      -  1013 6295s
  3421  3254  279.66307  215 4981          -  279.66307      -  1013 6312s
  3422  3254  282.40000  290 6740          -  279.66882      -  1013 6319s
  3423  3255  279.69086  361 5049          -  279.69086      -  1012 6336s
  3424  3256  279.69322  104 5835          -  279.69322      -  1012 6341s
  3425  3256  279.69725  166 5692          -  279.69725      -  1012 6356s
  3426  3257  282.00000  515 6627          -  279.69731      -  1011 6361s
  3427  3258  279.73960  118 4576          -  279.73960      -  1011 6377s
  3428  3258  282.60000  752 4973          -  279.76182      -  1011 6382s
  3429  3259  279.77826  122 5137          -  279.77826      -  1010 6397s
  3430  3260  279.77986   58 5155          -  279.77986      -  1010 6402s
  3431  3260  279.78065  179 4707          -  279.78065      -  1010 6416s
  3432  3261  303.50000  602 5085          -  279.78065      -  1010 6421s
  3433  3262  279.78102  328 4886          -  279.78102      -  1009 6432s
  3434  3262  287.10765  678 5254          -  279.78102      -  1009 6437s
  3435  3263  279.78230  742 5561          -  279.78230      -  1009 6449s
  3436  3264  279.78239  191 6348          -  279.78239      -  1008 6454s
  3437  3264  279.78349  320 5072          -  279.78349      -  1008 6463s
  3438  3265  290.90000  575 5726          -  279.78349      -  1008 6467s
  3439  3266  279.78411   65 5231          -  279.78411      -  1008 6476s
  3440  3266  280.30000  387 5659          -  279.78419      -  1007 6480s
  3441  3267  279.78526  276 5031          -  279.78526      -  1007 6492s
  3442  3268  288.60000  633 5324          -  279.78549      -  1007 6495s
  3443  3268  279.78552  225 5238          -  279.78552      -  1006 6507s
  3444  3269  279.78559   40 5303          -  279.78559      -  1006 6511s
  3445  3270  286.00000  551 4923          -  279.78574      -  1006 6523s
  3446  3270  280.30000  661 5060          -  279.78575      -  1006 6526s
  3447  3271  280.70000  411 5216          -  279.78700      -  1005 6537s
  3448  3272  281.60000  468 5096          -  279.78700      -  1005 6540s
  3449  3272  279.78700  120 4823          -  279.78700      -  1005 6553s
  3450  3273  285.90000  775 4811          -  279.78700      -  1004 6559s
  3451  3274  279.78700  233 4999          -  279.78700      -  1004 6567s
  3452  3274  279.78705  337 4914          -  279.78705      -  1004 6571s
  3453  3275  279.78705  243 5020          -  279.78705      -  1003 6580s
  3458  3279  279.78705  164 7124          -  279.78705      -  1110 6658s
  3459  3280  279.78705  208 1588          -  279.78705      -  1110 6682s
H 3459  3115                     562.8000000  279.78705  50.3%  1110 6695s
H 3460  2961                     547.3000000  279.78705  48.9%  1109 6711s
  3462  2962  280.40000  382 3986  547.30000  279.78705  48.9%  1109 6717s
H 3462  2813                     477.3000000  279.78705  41.4%  1109 6739s
  3464  2814  279.78705  109 6883  477.30000  279.78705  41.4%  1108 6748s
H 3464  2673                     475.6000000  279.78705  41.2%  1108 6771s
H 3464  2540                     463.6000000  279.78705  39.6%  1108 6771s
  3466  2542  280.10000   77 7183  463.60000  279.78705  39.6%  1107 6782s
  3467  2542  279.78973  196 5977  463.60000  279.78973  39.6%  1107 6807s
  3468  2543  281.10000   84 6351  463.60000  279.78973  39.6%  1107 6819s
H 3468  2415                     461.9000000  279.82142  39.4%  1107 6839s
H 3468  2294                     459.4000000  279.82142  39.1%  1107 6839s
  3470  2295  279.82142   53 6053  459.40000  279.82142  39.1%  1106 6844s
  3471  2296  295.10000  120 5109  459.40000  279.82142  39.1%  1106 6855s
  3472  2297  281.10000  353 5338  459.40000  279.82142  39.1%  1106 6860s
  3473  2297  357.60757  705 5881  459.40000  279.82142  39.1%  1105 6871s
  3474  2298  289.10000  821 5701  459.40000  279.82142  39.1%  1105 6875s
  3475  2299  284.10000  466 6223  459.40000  279.82142  39.1%  1105 6887s
  3476  2299  281.10000  483 5669  459.40000  279.83168  39.1%  1104 6895s
H 3476  2184                     457.6000000  279.84325  38.8%  1104 6911s
  3478  2186  279.84325  111 6473  457.60000  279.84325  38.8%  1104 6922s
  3479  2186  279.84325   46 3778  457.60000  279.84325  38.8%  1103 6933s
  3480  2187  281.10000  351 4400  457.60000  279.84325  38.8%  1103 6943s
  3481  2188  280.02148  441 3421  457.60000  279.84325  38.8%  1103 6951s
  3482  2188  279.84325  118 3685  457.60000  279.84325  38.8%  1102 6955s
  3483  2189  279.84325  349 3622  457.60000  279.84325  38.8%  1102 6964s
  3484  2190  279.84330   14 3713  457.60000  279.84330  38.8%  1102 6969s
H 3484  2080                     454.2000000  279.84330  38.4%  1102 6983s
H 3484  1975                     451.6000000  279.84330  38.0%  1102 6999s
H 3484  1876                     446.9000000  279.84330  37.4%  1102 7007s
H 3484  1782                     435.2000000  279.84330  35.7%  1102 7011s
  3485  1782  279.84330  290 3307  435.20000  279.84330  35.7%  1101 7035s
  3486  1783  280.10000  283 4163  435.20000  279.85424  35.7%  1101 7079s
  3487  1784  279.85424   29 5440  435.20000  279.85424  35.7%  1101 7100s
  3488  1784  279.85424  398 5697  435.20000  279.85424  35.7%  1100 7108s
  3489  1785  284.10000  403 5992  435.20000  279.85424  35.7%  1100 7126s
  3490  1786  279.86337  298 4392  435.20000  279.86337  35.7%  1100 7130s
  3491  1786  279.86337  253 6358  435.20000  279.86337  35.7%  1099 7143s
  3492  1787  279.86559  284 6326  435.20000  279.86559  35.7%  1099 7151s
  3493  1788  279.86559  270 4957  435.20000  279.86559  35.7%  1099 7175s
  3494  1788  279.86559  447 6658  435.20000  279.86559  35.7%  1099 7182s

Cutting planes:
  Gomory: 11
  Cover: 83
  Implied bound: 44
  Projected implied bound: 107
  Clique: 23
  MIR: 105
  StrongCG: 43
  Flow cover: 1641
  GUB cover: 17
  Zero half: 7
  RLT: 42
  Relax-and-lift: 81

Explored 3494 nodes (4314385 simplex iterations) in 7200.96 seconds (4191.34 work units)
Thread count was 4 (of 8 available processors)

Solution count 10: 435.2 446.9 451.6 ... 477.3

Time limit reached
Best objective 4.352000000000e+02, best bound 2.799000000000e+02, gap 35.6847%
