
Gurobi 13.0.2 (linux64) logging started Mon Jul  6 18:55:56 2026

Set parameter LogFile to value "src/Resultados/Restriccion demanda/logs/RC106-25.xml_log.log"
Set parameter Threads to value 4
Gurobi Optimizer version 13.0.2 build v13.0.2rc1 (linux64 - "Rocky Linux 9.7 (Blue Onyx)")

CPU model: QEMU Virtual CPU version 2.5+, instruction set [SSE2]
Thread count: 8 physical cores, 8 logical processors, using up to 4 threads

Non-default parameters:
TimeLimit  7200
Threads  4

Optimize a model with 96736 rows, 57165 columns and 569445 nonzeros (Min)
Model fingerprint: 0x982ac977
Model has 4500 linear objective coefficients
Variable types: 13035 continuous, 44130 integer (44115 binary)
Coefficient statistics:
  Matrix range     [1e+00, 4e+04]
  Objective range  [2e+00, 6e+01]
  Bounds range     [1e+00, 2e+03]
  RHS range        [1e+00, 4e+04]

Presolve removed 30680 rows and 240 columns
Presolve time: 2.82s
Presolved: 66056 rows, 56925 columns, 282225 nonzeros
Variable types: 375 continuous, 56550 integer (48390 binary)
Deterministic concurrent LP optimizer: primal and dual simplex
Showing primal log only...


Root simplex log...

Iteration    Objective       Primal Inf.    Dual Inf.      Time
       0    2.1477000e+03   2.343638e+03   2.476583e+10      9s
   13961    4.0053005e+02   1.349208e+02   5.469543e+09     10s
   24421    3.9359964e+02   3.806074e+01   2.059149e+09     15s
   31163    3.9973794e+02   5.964460e+00   6.558236e+09     20s
   37002    3.9327813e+02   4.665673e-03   3.298865e+08     25s
   40816    3.1918406e+02   0.000000e+00   5.764682e+03     30s
   44340    2.9830384e+02   0.000000e+00   2.237173e+04     35s
   47483    2.9750000e+02   0.000000e+00   0.000000e+00     38s
Concurrent spin time: 6.94s (can be avoided by choosing Method=3)

Solved with primal simplex

Root relaxation: objective 2.975000e+02, 47483 iterations, 38.92 seconds (20.76 work units)

    Nodes    |    Current Node    |     Objective Bounds      |     Work
 Expl Unexpl |  Obj  Depth IntInf | Incumbent    BestBd   Gap | It/Node Time

     0     0  297.50000    0 3552          -  297.50000      -     -   53s
     0     0  297.50000    0 2833          -  297.50000      -     -   54s
     0     0  297.50000    0 7074          -  297.50000      -     -   72s
     0     0  297.50000    0 6806          -  297.50000      -     -   74s
     0     0  297.50000    0 6804          -  297.50000      -     -   74s
     0     0  297.50000    0 7171          -  297.50000      -     -   89s
     0     0  297.50000    0 7127          -  297.50000      -     -   90s
     0     0  297.50000    0 7188          -  297.50000      -     -   90s
     0     0  297.50000    0 2730          -  297.50000      -     -   96s
     0     0  297.50000    0 2753          -  297.50000      -     -   97s
     0     0  297.50000    0 2721          -  297.50000      -     -   97s
     0     0  297.50000    0 2725          -  297.50000      -     -   98s
     0     0  297.50000    0 5399          -  297.50000      -     -  105s
     0     0  297.50000    0 5459          -  297.50000      -     -  105s
     0     0  297.50000    0 2007          -  297.50000      -     -  130s
     0     0  297.50000    0 4931          -  297.50000      -     -  138s
     0     0  297.50000    0 7094          -  297.50000      -     -  145s
     0     0  297.50000    0 7096          -  297.50000      -     -  145s
     0     0  297.50000    0 1004          -  297.50000      -     -  161s
     0     0  297.50000    0 1094          -  297.50000      -     -  164s
     0     0  297.50000    0 1094          -  297.50000      -     -  164s
     0     0  297.50000    0 2483          -  297.50000      -     -  168s
     0     0  297.50000    0 2119          -  297.50000      -     -  186s
     0     0  297.50000    0 2308          -  297.50000      -     -  187s
     0     0  297.50000    0 2306          -  297.50000      -     -  187s
     0     0  297.50000    0 4430          -  297.50000      -     -  196s
     0     0  297.50000    0 4430          -  297.50000      -     -  196s
     0     0  297.50000    0 2639          -  297.50000      -     -  201s
     0     0  297.50000    0 2895          -  297.50000      -     -  202s
     0     0  297.50000    0 2414          -  297.50000      -     -  206s
     0     2  297.50000    0 2404          -  297.50000      -     -  246s
     1     4  297.50000    1 2518          -  297.50000      -  80.0  250s
     3     8  297.50000    2 2647          -  297.50000      -  1029  255s
    11    22  297.50000    4 2934          -  297.50000      -   748  264s
    21    31  297.50000    6 4814          -  297.50000      -  1030  269s
    30    47  297.51045    9 4703          -  297.50000      -   770  273s
    46    70  297.57925   14 4349          -  297.50000      -   615  279s
    71    80  298.76018   23 5244          -  297.50000      -   560  282s
    81   102  298.76018   24 5242          -  297.50000      -   555  285s
   157   178  309.24932   45 4621          -  297.50000      -   341  290s
   268   283  309.57784   70 5016          -  297.50000      -   224  295s
   319   328  309.60211   79 3414          -  297.50000      -   201  300s
   456   477  310.16003  125 3588          -  297.50000      -   152  306s
   541   564  310.35602  140 4075          -  297.50000      -   131  310s
   622   648  338.74717  151 4482          -  297.50000      -   127  319s
   656   694  338.79254  152 4487          -  297.50000      -   121  321s
   702   738  339.51399  166 3552          -  297.50000      -   116  325s
   746   754  361.85191  186 5602          -  297.50000      -   112  330s
   766   757  362.85446  190 5047          -  297.50000      -   113  336s
   771   768  362.85446  191 6239          -  297.50000      -   114  341s
   784   774  362.95678  192 5046          -  297.50000      -   114  348s
   790   782  363.01287  193 5047          -  297.50000      -   114  353s
   806   793  363.15024  194 5047          -  297.50000      -   114  357s
   817   817 infeasible  195               -  297.50000      -   115  363s
   847   828  297.78943    8 4369          -  297.50000      -   114  368s
   860   861  297.86155    9 5402          -  297.50000      -   116  373s
   893   881  297.86378   10 5223          -  297.50000      -   115  430s
   913   922  297.94298   11 4378          -  297.50000      -   112  480s
   954   939  297.97574   12 4376          -  297.50000      -   108  527s
   981   962  298.01336   13 4372          -  297.50000      -   106  558s
  1004  1021  298.01336   14 4365          -  297.50000      -   105  563s
  1064  1022  306.80000   73 2414          -  297.50000      -   101 1040s
  1066  1023  305.89817   78 6226          -  303.72519      -   101 1217s
  1067  1024  312.90000   94 4883          -  306.73156      -   101 1251s
  1068  1025  313.32350   22 6723          -  313.32350      -   101 1284s
  1069  1025  314.96385  120 5718          -  314.96385      -   101 1342s
  1070  1026  315.48288   96 6654          -  315.48288      -   100 1353s
  1071  1027  315.48288   23 3605          -  315.48288      -   100 1367s
  1072  1027  316.27723   61 3945          -  316.27723      -   100 1375s
  1073  1028  351.10000  199 2963          -  316.27976      -   100 1393s
  1074  1029  316.28926   18 3485          -  316.28926      -   100 1398s
  1075  1029  316.35581  197 2208          -  316.35581      -   100 1417s
  1076  1030  316.36509   31 4862          -  316.36509      -   100 1429s
  1077  1031  316.37484   14 4306          -  316.37484      -   100 1486s
  1078  1031  316.42010   34 5320          -  316.42010      -   100 1494s
  1079  1032  316.51038   35 3248          -  316.51038      -   100 1502s
  1080  1033  316.58178  129 5059          -  316.58178      -   100 1511s
  1081  1033  323.59535  169 2777          -  316.64350      -  99.5 1521s
  1082  1034  316.65065   41 4292          -  316.65065      -  99.4 1534s
  1083  1035  316.69680    4 3756          -  316.69680      -  99.3 1544s
  1084  1035  322.80000  169 3582          -  316.71094      -  99.2 1556s
  1085  1036  340.23176  182 3130          -  316.74226      -  99.1 1564s
  1086  1037  316.75177   76 3527          -  316.75177      -  99.0 1574s
  1087  1037  316.76764   69 3627          -  316.76764      -  98.9 1588s
  1088  1038  327.62127  193 5629          -  316.77679      -  98.8 1598s
  1089  1039  316.79415   90 3342          -  316.79415      -  98.7 1611s
  1090  1039  316.80813   48 4513          -  316.80813      -  98.6 1617s
  1091  1040  316.81992   87 3864          -  316.81992      -  98.5 1664s
  1092  1041  363.57955  243 3196          -  316.82859      -  98.5 1667s
  1093  1041  327.62127  191 3675          -  316.84649      -  98.4 1678s
  1094  1042  363.57955  247 3870          -  316.84799      -  98.3 1681s
  1095  1043  340.23176  182 3296          -  316.98836      -  98.2 1690s
  1096  1043  317.04348   80 3742          -  317.04348      -  98.1 1695s
  1097  1044  317.07888    6 3867          -  317.07888      -  98.0 1709s
  1098  1045  317.08285   64 3140          -  317.08285      -  97.9 1712s
  1099  1045  317.11601   55 3496          -  317.11601      -  97.8 1724s
  1100  1046  338.95129  161 3412          -  317.12379      -  97.7 1726s
  1101  1047  317.13169   45 3873          -  317.13169      -  97.7 1738s
  1102  1047  317.13282   24 4086          -  317.13282      -  97.6 1741s
  1103  1048  326.00000  172 4181          -  317.18677      -  97.5 1754s
  1104  1049  317.20174  146 3779          -  317.20174      -  97.4 1756s
  1105  1049  363.01189  220 2384          -  317.24992      -  97.3 1765s
  1107  1051  363.57955  246 3008          -  317.25984      -  97.1 1775s
  1109  1052  317.31784   92 3483          -  317.31784      -  96.9 1785s
  1111  1053  342.48438  155 4176          -  317.42308      -  96.8 1800s
  1113  1055  317.46993  116 3688          -  317.46993      -  96.6 1811s
  1115  1056  317.48699   52 4836          -  317.48699      -  96.4 1825s
  1117  1057  317.49019  146 3051          -  317.49019      -  96.3 1834s
  1118  1058  317.49019   18 3724          -  317.49019      -  96.2 1837s
  1119  1059  317.55920   73 3559          -  317.55920      -  96.1 1844s
  1120  1059  317.56785   69 3626          -  317.56785      -  96.0 1846s
  1121  1060  364.01066  240 4717          -  317.64779      -  95.9 1855s
  1123  1061  318.05745   28 3159          -  318.05745      -  95.7 1867s
  1124  1062  318.11040  115 4169          -  318.11040      -  95.7 1870s
  1125  1063  318.20714   57 3682          -  318.20714      -  95.6 1880s
  1127  1064  318.25018   80 3710          -  318.25018      -  95.4 1892s
  1129  1065  318.25800   52 3513          -  318.25800      -  95.2 1902s
  1131  1067  318.26275   52 3600          -  318.26275      -  95.1 1912s
  1133  1068  318.26275   70 3652          -  318.26275      -  94.9 1923s
  1134  1069  318.26275  107 3652          -  318.26275      -  94.8 1930s
  1137  1072  318.26275    9 2414          -  318.26275      -   568 1936s
  1139  1073  318.26275   13 5940          -  318.26275      -   567 2076s
  1140  1074  318.26388   47 5780          -  318.26388      -   567 2110s
  1141  1075  318.51434  173 7169          -  318.51434      -   566 2126s
  1142  1075  318.51434   54 4053          -  318.51434      -   566 2145s
  1143  1076  318.51434  154 4523          -  318.51434      -   565 2156s
  1144  1077  318.51434   63 3216          -  318.51434      -   565 2167s
  1145  1077  318.56160   30 7847          -  318.56160      -   564 2179s
  1146  1078  318.56160   48 5346          -  318.56160      -   564 2192s
  1147  1079  318.56160  120 6788          -  318.56160      -   563 2203s
  1148  1079  318.56160   16 1891          -  318.56160      -   563 2226s
  1149  1080  318.72796  135 3425          -  318.72796      -   562 2233s
  1150  1081  318.82478   36 3640          -  318.82478      -   562 2303s
  1151  1081  319.03324   72 4551          -  319.03324      -   561 2308s
  1152  1082  319.77877   32 1851          -  319.77877      -   561 2320s
  1154  1083  320.49267   11 5567          -  320.49267      -   560 2343s
  1155  1084  363.01189  220 4102          -  321.41981      -   560 2359s
  1156  1085  321.57289   29 4741          -  321.57289      -   559 2384s
  1157  1085  321.58643    6 3753          -  321.58643      -   559 2400s
  1158  1086  321.58643  105  688          -  321.58643      -   558 2427s
  1159  1087  321.58643   44 3270          -  321.58643      -   558 2436s
  1160  1087  363.25441  190 1248          -  321.58643      -   557 2455s
  1161  1088  321.58643  186 3295          -  321.58643      -   557 2463s
  1162  1089  327.62127  198 1298          -  321.58643      -   556 2478s
  1163  1089  340.23176  182 1772          -  321.58643      -   556 2485s
  1164  1090  321.59846   73 2505          -  321.59846      -   555 2502s
  1165  1091  363.05325  233 2768          -  321.60734      -   555 2510s
  1166  1091  321.61317   78 2765          -  321.61317      -   554 2539s
  1167  1092  321.61427   94 3788          -  321.61427      -   554 2543s
  1168  1093  321.61802   22 2954          -  321.61802      -   553 2554s
  1169  1093  321.63424  120 3498          -  321.63424      -   553 2558s
  1170  1094  321.63424   96  903          -  321.63424      -   552 2573s
  1171  1095  321.63424   23 1631          -  321.63424      -   552 2579s
  1172  1095  321.63424   61 1579          -  321.63424      -   551 2596s
  1174  1097  321.99302   18 1247          -  321.99302      -   550 2612s
  1176  1098  322.29735   31 1113          -  322.29735      -   550 2625s
  1177  1099  322.29735   14 2825          -  322.29735      -   549 2630s
  1178  1099  322.29735   34  879          -  322.29735      -   549 2644s
  1179  1100  322.34849   35 3239          -  322.34849      -   548 2648s
  1180  1101  322.34849  129 1143          -  322.34849      -   548 2661s
  1182  1102  322.36956   41  840          -  322.36956      -   547 2677s
  1184  1103  322.80000  169  851          -  322.36956      -   546 2693s
  1185  1104  340.23176  182 1546          -  322.36956      -   545 2696s
  1186  1105  322.36956   76 2327          -  322.36956      -   545 2721s
  1187  1105  322.36956   69 3316          -  322.36956      -   544 2726s
  1188  1106  327.62127  193 2516          -  322.37837      -   544 2745s
  1189  1107  322.37877   90 3147          -  322.37877      -   544 2751s
  1190  1107  322.38487   48 3454          -  322.38487      -   543 2766s
  1192  1109  363.57955  243 2115          -  322.38639      -   542 2777s
  1193  1109  327.62127  191 2967          -  322.38659      -   542 2784s
  1194  1110  363.57955  247 2971          -  322.38882      -   541 2797s
  1195  1111  340.23176  182 2786          -  322.38882      -   541 2800s
  1196  1111  322.39955   80 2757          -  322.39955      -   540 2813s
  1197  1112  322.39955    6 5754          -  322.39955      -   540 2822s
  1198  1113  322.40804   64 3284          -  322.40804      -   539 2845s
  1199  1113  322.41354   55 2988          -  322.41354      -   539 2850s
  1200  1114  338.95129  161 6455          -  322.42711      -   539 2871s
  1201  1115  322.44446   45 6851          -  322.44446      -   538 2875s
  1202  1115  322.45578   24 7087          -  322.45578      -   538 2893s
  1203  1116  326.00000  172 8938          -  322.46130      -   537 2901s
  1204  1117  322.55025  146 6627          -  322.55025      -   537 2925s
  1206  1118  322.56091   29 6276          -  322.56091      -   536 2941s
  1208  1119  322.56620  133 5879          -  322.56620      -   535 2958s
  1209  1120  322.56620   92 5978          -  322.56620      -   535 2962s
  1210  1121  322.56620   14 5893          -  322.56620      -   534 2970s
  1211  1121  342.48438  155 5869          -  322.56620      -   534 2975s
  1212  1122  322.56668   60 5632          -  322.56668      -   533 2984s
  1213  1123  322.56668  116 7049          -  322.56668      -   533 2989s
  1214  1123  327.75045  208 5674          -  322.56668      -   532 2998s
  1217  1127  322.56668  146 2414          -  322.56668      -  1115 3002s
  1219  1128  322.56668   73 5932          -  322.56668      -  1113 3114s
  1220  1129  322.56668   69 5762          -  322.56668      -  1112 3134s
  1221  1130  364.01066  240 5542          -  322.57472      -  1111 3143s
  1222  1130  322.57472  155 1924          -  322.57472      -  1110 3159s
  1223  1131  322.57472   28 3018          -  322.57472      -  1109 3168s
  1224  1132  322.57472  115 2438          -  322.57472      -  1108 3185s
  1225  1132  322.57472   57 5967          -  322.57472      -  1107 3202s
  1226  1133  322.57472   29 1563          -  322.57472      -  1107 3219s
  1227  1134  322.57472   80 4038          -  322.57472      -  1106 3226s
  1228  1134  338.95129  162 5097          -  322.57472      -  1105 3248s
  1229  1135  322.57804   52 5833          -  322.57804      -  1104 3253s
  1230  1136  322.57804   94 5444          -  322.57804      -  1103 3320s
  1231  1136  322.57804   52 5952          -  322.57804      -  1102 3325s
  1232  1137  322.57804  118 4991          -  322.57804      -  1101 3338s
  1233  1138  322.57804   70 5079          -  322.57804      -  1100 3343s
  1234  1138  322.57804  107 5225          -  322.57804      -  1099 3352s
  1235  1139  322.57804  100 6669          -  322.57804      -  1098 3358s
  1236  1140  322.70756   60 6438          -  322.70756      -  1098 3374s
  1237  1140  322.77400    9 6739          -  322.77400      -  1097 3385s
  1238  1141  322.80458  165 5671          -  322.80458      -  1096 3399s
  1239  1142  322.83427   13 5444          -  322.83427      -  1095 3409s
  1240  1142  322.86945   47 5688          -  322.86945      -  1094 3418s
  1241  1143  322.88343  173 5931          -  322.88343      -  1093 3426s
  1242  1144  322.92237   54 6210          -  322.92237      -  1092 3436s
  1243  1144  322.93927  154 6636          -  322.93927      -  1091 3444s
  1244  1145  323.08271   63 6067          -  323.08271      -  1090 3456s
  1245  1146  323.49127   30 6367          -  323.49127      -  1090 3470s
  1246  1146  323.53025   48 5901          -  323.53025      -  1089 3489s
  1247  1147  323.53026  120 6241          -  323.53026      -  1088 3493s
  1248  1148  323.53493   16 6121          -  323.53493      -  1087 3506s
  1250  1149  323.54113   36 3810          -  323.54113      -  1085 3518s
  1251  1150  323.54113   72 5089          -  323.54113      -  1084 3522s
  1252  1150  323.54113   32 3398          -  323.54113      -  1084 3534s
  1253  1151  327.62127  196 4105          -  323.54113      -  1083 3536s
  1254  1152  323.54286   11 3888          -  323.54286      -  1082 3544s
  1255  1152  363.01189  220 3839          -  323.54329      -  1081 3546s
  1256  1153  323.54329   29 3300          -  323.54329      -  1080 3553s
  1257  1154  323.54482    6 3273          -  323.54482      -  1079 3555s
  1258  1154  323.54862  105 3772          -  323.54862      -  1078 3564s
  1259  1155  323.55405   44 3785          -  323.55405      -  1078 3567s
  1260  1156  363.25441  190 3368          -  323.55643      -  1077 3579s
  1261  1156  323.55656  186 4395          -  323.55656      -  1076 3582s
  1262  1157  327.62127  198 3701          -  323.55656      -  1075 3593s
  1263  1158  340.23176  182 3855          -  323.55656      -  1074 3597s
  1264  1158  323.55656   73 3401          -  323.55656      -  1073 3605s
  1266  1160  323.55656   78 3755          -  323.55656      -  1072 3618s
  1269  1163  323.55656  120 2414          -  323.55656      -  1373 3621s
  1271  1164  323.55832   23 6591          -  323.55832      -  1371 3747s
  1272  1165  323.55832   61 5418          -  323.55832      -  1369 3764s
  1273  1166  351.10000  199 4167          -  323.55832      -  1368 3775s
  1274  1166  323.55832   18 5083          -  323.55832      -  1367 3794s
  1275  1167  323.55832  197 4225          -  323.55832      -  1366 3803s
  1276  1168  323.55832   31 3128          -  323.55832      -  1365 3819s
  1277  1168  323.55832   14 5796          -  323.55832      -  1364 3836s
  1278  1169  323.55832   34 3722          -  323.55832      -  1363 3850s
  1279  1170  323.55832   35 6564          -  323.55832      -  1362 3866s
  1280  1170  323.55832  129 4402          -  323.55832      -  1361 3877s
  1281  1171  323.59535  169 5138          -  323.55832      -  1360 3888s
  1282  1172  323.55832   41 5852          -  323.55832      -  1359 3955s
  1283  1172  323.55832    4 7505          -  323.55832      -  1358 3986s
  1284  1173  323.55832  169 4077          -  323.55832      -  1357 4001s
  1285  1174  340.23176  182 4535          -  323.55832      -  1356 4015s
  1286  1174  323.55832   76 2974          -  323.55832      -  1355 4029s
  1287  1175  323.55832   69 3594          -  323.55832      -  1354 4039s
  1288  1176  327.62127  193 4522          -  323.55832      -  1352 4052s
  1289  1176  323.55832   90 2909          -  323.55832      -  1351 4067s
  1290  1177  323.55832   48 1903          -  323.55832      -  1350 4084s
  1291  1178  323.55832   87 2651          -  323.55832      -  1349 4101s
  1292  1178  363.57955  243 3972          -  323.55832      -  1348 4124s
  1293  1179  327.62127  191 4965          -  323.55832      -  1347 4137s
  1294  1180  363.57955  247 2911          -  323.55832      -  1346 4145s
  1295  1180  340.23176  182 3664          -  323.56028      -  1345 4154s
  1296  1181  323.57269   80 5642          -  323.57269      -  1344 4165s
  1297  1182  323.57719    6 4605          -  323.57719      -  1343 4172s
  1298  1182  323.58542   64 4276          -  323.58542      -  1342 4181s
  1299  1183  323.58644   55 4299          -  323.58644      -  1341 4189s
  1300  1184  338.95129  161 3960          -  323.59159      -  1340 4198s
  1301  1184  323.59185   45 3568          -  323.59185      -  1339 4201s
  1302  1185  323.59299   24 4170          -  323.59299      -  1338 4211s
  1304  1186  323.59520  146 3347          -  323.59520      -  1336 4221s
  1305  1187  363.01189  220 4051          -  323.59520      -  1335 4225s
  1306  1188  323.59787   29 4068          -  323.59787      -  1334 4231s
  1308  1189  323.59787  133 4158          -  323.59787      -  1332 4241s
  1310  1190  323.59787   14 4159          -  323.59787      -  1330 4249s
  1311  1191  342.48438  155 4159          -  323.59787      -  1329 4257s
  1312  1192  323.59787   60 4159          -  323.59787      -  1328 4272s
  1313  1195  323.62390   54 3821          -  323.60086      -  1576 4288s
  1315  1199  323.85481   55 3186          -  323.62390      -  1579 4296s
  1319  1201  323.87077   56 2563          -  323.63269      -  1579 4301s
  1323  1210  323.87217   57 3002          -  323.73963      -  1577 4306s
  1333  1219  324.39672   58 3883          -  323.73963      -  1572 4312s
  1345  1223  323.91621   60 3123          -  323.73963      -  1566 4319s
  1353  1227  323.91639   61 3120          -  323.73963      -  1576 4323s
  1360  1234  323.91745   62 2829          -  323.73963      -  1577 4328s
  1371  1239  323.93175   63 2718          -  323.73963      -  1570 4333s
  1380  1243  323.93720   64 2971          -  323.73963      -  1566 4337s
  1387  1249  323.95292   65 3273          -  323.73963      -  1570 4343s
  1395  1252  323.97782   66 4196          -  323.73963      -  1568 4348s
  1401  1256  325.47432   66 3233          -  323.73963      -  1570 4355s
  1407  1259  323.98268   67 3768          -  323.73963      -  1566 4362s
  1412  1263  329.60908   67 3649          -  323.73963      -  1570 4372s
  1418  1265  324.01458   68 4197          -  323.73963      -  1569 4377s
  1424  1266  325.34818   68 3496          -  323.73963      -  1567 4384s
  1429  1271  324.22273   69 2354          -  323.73963      -  1566 4389s
  1435  1273  328.48270   69 3506          -  323.73963      -  1562 4395s
  1440  1278  324.22273   70 3828          -  323.73963      -  1563 4400s
  1447  1283  328.51295   70 2769          -  323.73963      -  1562 4408s
  1454  1287  324.23453   71 2829          -  323.73963      -  1563 4413s
  1461  1294  324.32763   71 2832          -  323.73963      -  1559 4426s
  1470  1298  324.26583   72 3835          -  323.73963      -  1554 4434s
  1477  1303  329.01806   72 5078          -  323.73963      -  1551 4445s
  1484  1308  324.28813   73 4225          -  323.73963      -  1549 4451s
  1492  1314  330.99829   73 1553          -  323.73963      -  1547 4461s
  1500  1315  324.30259   74 4252          -  323.73963      -  1545 4468s
  1504  1325  325.32653   74 5007          -  323.73963      -  1546 4494s
  1515  1331  324.33413   75 3833          -  323.73963      -  1541 4500s
  1525  1340  324.50199   75 4779          -  323.73963      -  1536 4520s
  1537  1341  324.33554   76 4381          -  323.73963      -  1529 4538s
  1546  1343  328.62300   76 3103          -  323.73963      -  1529 4644s
  1551  1345  324.33911   77 3689          -  323.73963      -  1529 4699s
  1557  1347  324.44780   77 3665          -  323.73963      -  1528 4713s
  1563  1350  339.48928   78 4480          -  323.73963      -  1530 4726s
  1568  1355  324.34773   78 3683          -  323.73963      -  1532 4739s
  1577  1358  324.38976   79 4145          -  323.73963      -  1527 4757s
  1585  1363  325.56960   79 2887          -  323.73963      -  1524 4774s
  1592  1365  324.38991   80 4148          -  323.73963      -  1521 4785s
  1599  1373  330.08365   80 2862          -  323.73963      -  1521 4901s
  1609  1381  324.39556   81 4556          -  323.73963      -  1516 4936s
  1620  1383  327.71771   81 3545          -  323.73963      -  1510 4999s
  1626  1392  324.39803   82 4535          -  323.73963      -  1506 5015s
  1637  1399  327.57972   82 2323          -  323.73963      -  1502 5073s
  1648  1408  324.40402   83 4456          -  323.73963      -  1496 5089s
  1660  1420  324.41228   85 3397          -  323.73963      -  1491 5131s
  1676  1424  324.50951   87 2630          -  323.73963      -  1483 5165s
  1686  1448  324.43524   88 2731          -  323.73963      -  1480 5212s
  1713  1445  327.58204   91 2003          -  323.73963      -  1463 5254s
  1721  1469  326.32879   92 3207          -  323.73963      -  1458 5274s
  1748  1548  325.99889   99  590          -  323.73963      -  1447 5291s
  1836  1596  328.54287  110  613          -  323.73963      -  1399 5306s
  1925  1653  330.72454  122 1132          -  323.73963      -  1351 5320s
  2038  1620  339.64448  137 1015          -  323.73963      -  1292 5419s
  2044  1625  332.63494  138  984          -  323.78028      -  1291 5516s
  2051  1630  342.40201  138 1851          -  323.78028      -  1290 5611s
  2059  1636  333.25965  139 1540          -  323.78028      -  1289 5708s
  2067  1654  334.90501  139  611          -  323.78028      -  1287 5824s
  2088  1663  333.55097  144  913          -  323.78028      -  1280 5912s
  2106  1685  333.84985  150  881          -  323.78028      -  1275 6000s
  2134  1719  379.92776  160 1397          -  323.78028      -  1264 6045s
  2177  1732  356.56495  174  824          -  323.78028      -  1246 6090s
  2205  1740  381.11777  180 1309          -  323.78028      -  1236 6132s
  2240  1758  324.03562   57 2880          -  323.78028      -  1223 6179s
  2272  1784  328.13172   64 1338          -  323.78028      -  1211 6222s
  2308  1899  329.91362   71 1309          -  323.78028      -  1198 6256s
  2451  1957  331.30988   92 1201          -  323.78028      -  1144 6310s
  2563  2112  358.84759  117 1497          -  323.78028      -  1103 6327s
  2815  2195  413.05678  148 1389          -  323.78028      -  1022 6346s
  3077  2273  438.98604  186 1705          -  323.93024      -   951 6363s
  3331  2193  341.50723   90  953          -  323.93024      -   894 6387s
  3335  2195 infeasible   90               -  323.95181      -   893 6406s
  3349  2306  323.97191   60 2254          -  323.95385      -   891 6437s
  3488  2475  355.35230  145  794          -  323.97220      -   860 6463s
  3816  2659 infeasible  133               -  323.99773      -   793 6478s
  4197  2762  361.68683  114  728          -  324.02938      -   726 6496s
  4493  2926  406.71185   98 1244          -  324.03323      -   688 6516s
  4856  2927  346.29920   75 1708          -  324.03679      -   647 6535s
  5014  3242  344.87691  106 1338          -  324.06300      -   631 6555s
  5451  3614  329.82094   68  968          -  324.07024      -   592 6574s
  5950  3690  329.20105   67  730          -  324.08384      -   553 6590s
  6030  4172  334.41400   72 1708          -  324.08384      -   548 6611s
  6639  4515  336.90214   87 1426          -  324.10350      -   507 6634s
  7125  4711  334.10706   84  560          -  324.11844      -   480 6681s
  7393  4768  338.77159   79 1649          -  324.11844      -   467 6698s
  7460  4890  338.69309   82 1564          -  324.12462      -   464 6716s
  7634  5461  337.75298   81  736          -  324.12544      -   456 6740s
  8381  5594  332.26571   73 1557          -  324.16953      -   424 6775s
  8564  6102  327.93899   64  881          -  324.18876      -   418 6800s
  9286  6266 infeasible   94               -  324.20316      -   394 6821s
  9500  6807  354.78008   92 1188          -  324.23579      -   388 6846s
 10237  7540  393.64222  103 1021          -  324.25102      -   368 6973s
 11270  8140  338.53573   87 2192          -  324.26659      -   345 7003s
 12116  8221  396.27809  114 1212          -  324.34774      -   329 7036s
 12207  8648  402.37107  113 1225          -  324.34774      -   328 7069s
 12819  8823  331.88933   73 1991          -  324.35448      -   316 7093s
 13084  9292  374.85777   80 1208          -  324.35868      -   312 7120s
 13725  9386  324.84320   69  961          -  324.37326      -   302 7145s
 13876  9856  345.52596   80 1022          -  324.37991      -   301 7171s
 14516 10319  325.69240   66  936          -  324.39137      -   292 7193s
 15218 10356  324.86973   71 1401          -  324.40647      -   283 7200s

Cutting planes:
  Learned: 2
  Gomory: 3
  Cover: 109
  Implied bound: 26
  Projected implied bound: 8
  Clique: 44
  MIR: 53
  StrongCG: 14
  Flow cover: 366
  GUB cover: 28
  Zero half: 27
  RLT: 69
  Relax-and-lift: 56

Explored 15273 nodes (4487938 simplex iterations) in 7200.09 seconds (5580.64 work units)
Thread count was 4 (of 8 available processors)

Solution count 0

Time limit reached
Best objective -, best bound 3.245000000000e+02, gap -
