
Gurobi 13.0.2 (linux64) logging started Mon Jul  6 11:26:24 2026

Set parameter LogFile to value "src/Resultados/Restriccion todas cliques/logs/RC101-25.xml_log.log"
Set parameter Threads to value 4
Gurobi Optimizer version 13.0.2 build v13.0.2rc1 (linux64 - "Rocky Linux 9.7 (Blue Onyx)")

CPU model: QEMU Virtual CPU version 2.5+, instruction set [SSE2]
Thread count: 8 physical cores, 8 logical processors, using up to 4 threads

Non-default parameters:
TimeLimit  7200
Threads  4

Optimize a model with 91591 rows, 53655 columns and 552135 nonzeros (Min)
Model fingerprint: 0x203b4a7f
Model has 3690 linear objective coefficients
Variable types: 12360 continuous, 41295 integer (41280 binary)
Coefficient statistics:
  Matrix range     [1e+00, 4e+04]
  Objective range  [2e+00, 6e+01]
  Bounds range     [1e+00, 2e+03]
  RHS range        [1e+00, 4e+04]

Presolve removed 29150 rows and 240 columns
Presolve time: 4.26s
Presolved: 62441 rows, 53415 columns, 263160 nonzeros
Variable types: 360 continuous, 53055 integer (44880 binary)
Deterministic concurrent LP optimizer: primal and dual simplex
Showing primal log only...


Root simplex log...

Iteration    Objective       Primal Inf.    Dual Inf.      Time
       0    2.1904000e+03   2.324444e+03   2.153938e+10      7s
   22109    3.8183203e+02   8.421094e+01   2.699239e+10     10s
   30609    4.2981162e+02   9.597967e+00   5.816258e+08     15s
   38082    3.5045411e+02   0.000000e+00   3.553461e+04     20s
   42854    3.3190000e+02   3.349700e-04   0.000000e+00     25s
   42874    3.3190000e+02   0.000000e+00   0.000000e+00     25s
Concurrent spin time: 2.30s (can be avoided by choosing Method=3)

Solved with primal simplex

Root relaxation: objective 3.319000e+02, 42874 iterations, 21.21 seconds (12.06 work units)

    Nodes    |    Current Node    |     Objective Bounds      |     Work
 Expl Unexpl |  Obj  Depth IntInf | Incumbent    BestBd   Gap | It/Node Time

     0     0  331.90000    0 2709          -  331.90000      -     -   46s
     0     0  331.90000    0 2393          -  331.90000      -     -   48s
     0     0  331.90000    0 6966          -  331.90000      -     -   76s
     0     0  331.90000    0 7119          -  331.90000      -     -   79s
     0     0  331.90000    0 8979          -  331.90000      -     -   89s
     0     0  331.90000    0 8667          -  331.90000      -     -   90s
     0     0  331.90000    0 2049          -  331.90000      -     -  109s
     0     0  331.90000    0 2049          -  331.90000      -     -  110s
     0     0  331.90000    0 2049          -  331.90000      -     -  111s
     0     0  331.90000    0 2051          -  331.90000      -     -  111s
     0     0  331.90000    0 10017          -  331.90000      -     -  126s
     0     0  331.90000    0 10017          -  331.90000      -     -  127s
     0     0  331.90000    0 2382          -  331.90000      -     -  140s
     0     0  331.90000    0 5799          -  331.90000      -     -  142s
     0     0  331.90000    0 9818          -  331.90000      -     -  149s
     0     0  331.90000    0 9818          -  331.90000      -     -  149s
     0     0  331.90000    0 1735          -  331.90000      -     -  166s
     0     0  331.90000    0 3935          -  331.90000      -     -  175s
     0     0  331.90000    0 7954          -  331.90000      -     -  187s
     0     0  331.90000    0 7954          -  331.90000      -     -  187s
     0     0  331.90000    0 2543          -  331.90000      -     -  193s
     0     0  331.90000    0 4175          -  331.90000      -     -  196s
     0     0  331.90000    0 6142          -  331.90000      -     -  201s
     0     0  331.90000    0 4910          -  331.90000      -     -  211s
     0     0  331.90000    0 6307          -  331.90000      -     -  217s
     0     0  331.90000    0 6307          -  331.90000      -     -  217s
     0     0  335.71214    0 6923          -  335.71214      -     -  231s
     0     0  335.71214    0 2593          -  335.71214      -     -  238s
     0     0  336.10795    0 4948          -  336.10795      -     -  243s
     0     0  336.37976    0 4867          -  336.37976      -     -  244s
     0     0  336.37976    0 4052          -  336.37976      -     -  245s
     0     0  347.15970    0 7215          -  347.15970      -     -  249s
     0     0  347.17657    0 5706          -  347.17657      -     -  268s
     0     0  349.16408    0 6281          -  349.16408      -     -  274s
     0     0  349.19920    0 5988          -  349.19920      -     -  275s
     0     0  349.19920    0 4837          -  349.19920      -     -  277s
     0     0  349.20688    0 7085          -  349.20688      -     -  283s
     0     0  349.20688    0 6650          -  349.20688      -     -  285s
     0     0  349.86530    0 7075          -  349.86530      -     -  298s
     0     0  350.04616    0 5582          -  350.04616      -     -  302s
     0     0  350.04616    0 5655          -  350.04616      -     -  304s
     0     0  350.95000    0 4019          -  350.95000      -     -  309s
     0     0  350.95000    0 5047          -  350.95000      -     -  311s
     0     0  350.95000    0 5146          -  350.95000      -     -  319s
     0     0  350.95000    0 5945          -  350.95000      -     -  322s
     0     0  350.95000    0 5765          -  350.95000      -     -  328s
     0     0  350.95000    0 2422          -  350.95000      -     -  346s
     0     0  350.95000    0 2797          -  350.95000      -     -  347s
     0     0  350.95000    0 6169          -  350.95000      -     -  353s
     0     0  350.95000    0 6169          -  350.95000      -     -  353s
     0     0  350.95000    0 3591          -  350.95000      -     -  364s
     0     0  350.95000    0 3591          -  350.95000      -     -  365s
     0     0  350.95000    0 2205          -  350.95000      -     -  370s
     0     2  350.95000    0 2205          -  350.95000      -     -  382s
     3     8  350.95000    2 2800          -  350.95000      -   874  388s
     7    12  350.95000    3 2954          -  350.95000      -  1094  393s
    11    22  350.95000    4 2777          -  350.95000      -   977  398s
    21    32  350.95000    5 2768          -  350.95000      -   693  403s
    31    40  350.95000    6 3026          -  350.95000      -   543  407s
    43    51  350.95000    7 2552          -  350.95000      -   438  411s
    60    65  350.95000    9 2610          -  350.95000      -   373  419s
    68    71  350.95000   10 2743          -  350.95000      -   353  424s
    74    76  350.95000   11 2638          -  350.95000      -   367  429s
    81    82  350.95000   12 3361          -  350.95000      -   379  434s
    87    92  350.95000   13 3359          -  350.95000      -   376  438s
    97    98  350.95000   14 2868          -  350.95000      -   384  442s
   103   111  350.95000   15 3021          -  350.95000      -   397  447s
   116   132  350.95000   16 3402          -  350.95000      -   396  453s
   137   156  350.95000   17 3232          -  350.95000      -   379  459s
   161   183  350.95000   18 3053          -  350.95000      -   357  464s
   188   197  350.95000   19 2445          -  350.95000      -   341  475s
   202   216  350.95000   20 3175          -  350.95000      -   330  481s
   221   254  351.05853   21 3302          -  350.95000      -   336  487s
   259   274  351.05853   22 3728          -  350.95000      -   306  494s
   279   287  351.14293   23 4545          -  350.95000      -   308  502s
   292   315  351.43233   24 2867          -  350.95000      -   300  507s
   320   340  351.43233   25 3968          -  350.95000      -   292  511s
   345   365  351.43233   26 5088          -  350.95000      -   283  523s
   370   376  353.62544   26 4545          -  350.95000      -   286  527s
   381   384  353.75000   27 4384          -  350.95000      -   290  531s
   395   412  353.75000   28 4207          -  350.95000      -   293  537s
   423   446  353.95000   38 2817          -  350.95000      -   294  567s
   457   487  355.55000   46 2452          -  350.95000      -   284  573s
   498   536  355.55000   57 2773          -  350.95000      -   278  579s
   547   576  355.75000   60 3095          -  350.95000      -   263  591s
   587   643  356.43685   78 3277          -  350.95000      -   265  598s
   654   717  360.55124  107 3978          -  350.95000      -   249  603s
   728   781  364.73530  140 3303          -  350.95000      -   231  611s
   795   860  365.94159  157 3195          -  350.95000      -   220  623s
   878   923  432.25000  191 3885          -  350.95000      -   207  636s
   943   934  423.32273  212 4120          -  350.95000      -   202  646s
   954   974  423.64091  215 3350          -  350.95000      -   204  657s
   996  1057  430.19146  238 3544          -  350.95000      -   201  663s
  1079  1129  431.92273  288 3464          -  350.95000      -   189  710s
  1151  1226  434.85645  342 2744          -  350.95000      -   180  763s
  1248  1329  437.98878  400 2550          -  350.95000      -   171  770s
  1351  1357  453.53907  439 2265          -  350.95000      -   167  779s
  1391  1410  365.42007   15 5514          -  350.95000      -   175  786s
  1448  1451  375.00296   42 3344          -  350.95000      -   178  796s
  1501  1511  385.90779   71 4752          -  350.95000      -   182  845s
H 1568  1503                     559.8000000  350.95000  37.3%   185  845s
  1569  1505  395.11612  103 4073  559.80000  350.95000  37.3%   185  919s
  1593  1508  396.40570  108 3863  559.80000  350.95000  37.3%   188  994s
  1598  1509  414.75000    9 2205  559.80000  350.95000  37.3%   189 1420s
  1600  1510  408.72911   18 6969  559.80000  350.95000  37.3%   189 1505s
  1601  1511  526.80000  235 5667  559.80000  351.17411  37.3%   189 1534s
  1602  1512  484.05000  309 7267  559.80000  358.04033  36.0%   189 1567s
  1603  1512  484.05000  230 7432  559.80000  410.76925  26.6%   189 1642s
  1604  1513  484.05000  238 7594  559.80000  412.86919  26.2%   189 1654s
  1605  1514  528.55455  249 8919  559.80000  414.12464  26.0%   188 1701s
  1606  1514  484.05000  286 9127  559.80000  414.20198  26.0%   188 1724s
  1607  1515  543.51343  287 7014  559.80000  415.41565  25.8%   188 1766s
  1608  1516  537.55353  319 8052  559.80000  416.97792  25.5%   188 1776s
  1609  1516  482.95000  378 7653  559.80000  420.21365  24.9%   188 1807s
  1610  1517  441.97184   80 7729  559.80000  420.47043  24.9%   188 1815s
  1611  1518  442.76134  124 6978  559.80000  420.96677  24.8%   188 1869s
  1612  1518  421.44439   43 6507  559.80000  421.44439  24.7%   188 1875s
  1613  1519  533.06961  332 6408  559.80000  421.88397  24.6%   187 1910s
  1614  1520  423.16476   67 5300  559.80000  423.16476  24.4%   187 1925s
  1615  1520  423.25507    9 6675  559.80000  423.25507  24.4%   187 1944s
  1616  1521  424.26436  169 6476  559.80000  424.26436  24.2%   187 1957s
  1617  1522  543.51343  285 6120  559.80000  424.54188  24.2%   187 1979s
  1618  1522  425.18052  115 6379  559.80000  425.18052  24.0%   187 1990s
  1619  1523  484.05000  302 5975  559.80000  425.23798  24.0%   187 2014s
  1620  1524  425.49049   98 6413  559.80000  425.49049  24.0%   187 2025s
  1621  1524  426.25289   73 5963  559.80000  426.25289  23.9%   187 2039s
  1622  1525  426.55224   45 6159  559.80000  426.55224  23.8%   186 2046s
  1623  1526  526.60000  231 5734  559.80000  426.68834  23.8%   186 2061s
  1624  1526  426.69677   56 6007  559.80000  426.69677  23.8%   186 2068s
  1625  1527  427.06544   11 5255  559.80000  427.06544  23.7%   186 2083s
  1626  1528  484.05000  262 6325  559.80000  427.21822  23.7%   186 2093s
  1627  1528  427.25314    8 6086  559.80000  427.25314  23.7%   186 2105s
  1628  1529  431.55000   70 5255  559.80000  427.28312  23.7%   186 2114s
  1629  1530  427.42472   52 5725  559.80000  427.42472  23.6%   186 2139s
  1630  1530  427.48696   29 4772  559.80000  427.48696  23.6%   186 2146s
  1631  1531  428.09126  160 3864  559.80000  428.09126  23.5%   185 2161s
  1632  1532  440.27788  190 5018  559.80000  428.34119  23.5%   185 2166s
  1633  1532  428.73663  145 5264  559.80000  428.73663  23.4%   185 2183s
  1634  1533  428.85935  148 4903  559.80000  428.85935  23.4%   185 2189s
  1635  1534  482.95000  395 6449  559.80000  429.24362  23.3%   185 2221s
  1636  1534  438.86514  180 4744  559.80000  429.25453  23.3%   185 2225s
  1637  1535  543.51343  300 4747  559.80000  429.34650  23.3%   185 2233s
  1638  1536  429.36734   29 5197  559.80000  429.36734  23.3%   185 2237s
  1639  1536  493.48965  105 5501  559.80000  429.43725  23.3%   185 2253s
  1640  1537  484.05000  325 4095  559.80000  429.48833  23.3%   184 2258s
  1641  1538  503.15401  268 5857  559.80000  429.52709  23.3%   184 2283s
  1642  1538  502.42532  130 5650  559.80000  429.57156  23.3%   184 2289s
  1643  1539  429.65946  210 5720  559.80000  429.65946  23.2%   184 2532s
  1644  1540  490.24749   87 5053  559.80000  429.69463  23.2%   184 2551s
  1645  1540  488.10000   38 5458  559.80000  429.76876  23.2%   184 2575s
  1646  1541  495.35956  125 5443  559.80000  429.82611  23.2%   184 2583s
  1647  1542  429.84614   79 4525  559.80000  429.84614  23.2%   184 2595s
  1649  1543  484.05000  303 5162  559.80000  430.02420  23.2%   183 2614s
  1650  1544  491.79482  102 4796  559.80000  430.12797  23.2%   183 2617s
  1651  1544  430.31501   40 6029  559.80000  430.31501  23.1%   183 2626s
  1652  1545  532.68868  260 5569  559.80000  430.32625  23.1%   183 2630s
  1653  1546  430.55682   91 6339  559.80000  430.55682  23.1%   183 2658s
  1654  1546  484.05000  361 5400  559.80000  430.58335  23.1%   183 2666s
  1655  1547  522.93974  310 5162  559.80000  430.58508  23.1%   183 2688s
  1656  1548  430.58769   44 5018  559.80000  430.58769  23.1%   183 2692s
  1657  1548  455.65049  185 5521  559.80000  430.58769  23.1%   183 2712s
  1658  1549  555.32768  324 5367  559.80000  430.58810  23.1%   182 2716s
  1659  1550  440.76265  194 6914  559.80000  430.59437  23.1%   182 2730s
  1660  1550  434.12144   37 6507  559.80000  430.61680  23.1%   182 2736s
  1661  1551  503.15401  290 6174  559.80000  430.68765  23.1%   182 2753s
  1662  1552  430.69101   69 5371  559.80000  430.69101  23.1%   182 2765s
  1663  1552  430.69301   34 4772  559.80000  430.69301  23.1%   182 2781s
  1664  1553  430.70020  198 4389  559.80000  430.70020  23.1%   182 2786s
  1665  1554  484.05000  291 5614  559.80000  430.76784  23.0%   182 2805s
  1666  1554  430.78794  170 5427  559.80000  430.78794  23.0%   182 2811s
  1667  1555  430.86016   27 5829  559.80000  430.86016  23.0%   181 2824s
  1668  1556  430.86224   72 6188  559.80000  430.86224  23.0%   181 2828s
  1669  1556  430.88696   24 6064  559.80000  430.88696  23.0%   181 2847s
  1670  1557  430.88696   19 5743  559.80000  430.88696  23.0%   181 2850s
  1671  1558  490.63897   93 5427  559.80000  430.94375  23.0%   181 2867s
  1672  1558  472.95455  223 6287  559.80000  430.94383  23.0%   181 2871s
  1673  1559  503.15401  270 6261  559.80000  431.05061  23.0%   181 2887s
  1674  1560  499.60187  170 6195  559.80000  431.05490  23.0%   181 2892s
  1675  1560  431.12137   14 5977  559.80000  431.12137  23.0%   181 2907s
  1676  1561  431.13510   20 5972  559.80000  431.13510  23.0%   180 2911s
  1677  1562  431.55000   70 5523  559.80000  431.16992  23.0%   180 2931s
  1678  1562  484.05000  240 5908  559.80000  431.19136  23.0%   180 2935s
  1679  1563  431.34624  136 6703  559.80000  431.34624  22.9%   180 2950s
  1680  1564  491.52135  240 6055  559.80000  431.44101  22.9%   180 2955s
  1681  1564  431.59802  103 6041  559.80000  431.59802  22.9%   180 2971s
  1682  1565  533.03562  248 5983  559.80000  431.63859  22.9%   180 2979s
  1683  1566  484.05000  344 5965  559.80000  431.65797  22.9%   180 2998s
  1684  1566  491.91964   25 5786  559.80000  431.67955  22.9%   180 3002s
  1685  1567  431.78481  193 5706  559.80000  431.78481  22.9%   179 3026s
  1686  1568  431.82077   26 5442  559.80000  431.82077  22.9%   179 3031s
  1687  1568  431.87916  173 6199  559.80000  431.87916  22.9%   179 3050s
  1688  1569  510.84048  443 7101  559.80000  431.88017  22.9%   179 3059s
  1689  1570  431.92105    9 3885  559.80000  431.92105  22.8%   179 3076s
  1690  1570  442.76134  124 4931  559.80000  431.95944  22.8%   179 3080s
  1691  1571  432.45165   92 6029  559.80000  432.45165  22.7%   179 3097s
  1692  1572  460.50263  212 6059  559.80000  432.48972  22.7%   179 3102s
  1693  1572  472.95455  223 5936  559.80000  432.53899  22.7%   179 3118s
  1694  1573  554.75941  349 5949  559.80000  432.54740  22.7%   179 3123s
  1695  1574  432.56728   89 4688  559.80000  432.56728  22.7%   178 3137s
  1696  1574  432.57292   66 5091  559.80000  432.57292  22.7%   178 3142s
  1697  1575  432.60292   55 4585  559.80000  432.60292  22.7%   178 3160s
  1699  1576  482.95000  380 6099  559.80000  432.99725  22.7%   178 3189s
  1700  1577  433.09674   18 6539  559.80000  433.09674  22.6%   178 3195s
H 1700  1496                     557.2000000  433.11640  22.3%   178 3217s
  1702  1497  484.05000  309 5961  557.20000  433.20996  22.3%   178 3222s
  1703  1498  484.05000  230 5684  557.20000  433.21103  22.3%   178 3233s
  1704  1499  484.05000  238 5842  557.20000  433.21244  22.3%   177 3237s
  1705  1499  528.55455  249 4815  557.20000  433.22675  22.2%   177 3255s
  1706  1500  484.05000  286 6571  557.20000  433.22697  22.2%   177 3265s
  1707  1501  543.51343  287 6812  557.20000  433.22698  22.2%   177 3284s
  1708  1501  537.55353  319 6313  557.20000  433.22698  22.2%   177 3295s
  1709  1502  482.95000  378 6160  557.20000  433.22699  22.2%   177 3324s
  1710  1503  441.97184   80 6312  557.20000  433.22699  22.2%   177 3333s
  1711  1503  442.76134  124 4851  557.20000  433.22699  22.2%   177 3361s
  1712  1504  433.22699   43 4894  557.20000  433.22699  22.2%   177 3371s
  1713  1505  533.06961  332 5213  557.20000  433.22699  22.2%   177 3391s
  1716  1508  433.22699  169 2205  557.20000  433.22699  22.2%   772 3397s
  1718  1509  433.22699  115 8252  557.20000  433.22699  22.2%   771 3502s
  1719  1510  484.05000  302 5947  557.20000  433.22699  22.2%   771 3555s
H 1719  1434                     553.2000000  433.22699  21.7%   771 3569s
  1720  1435  433.22711   98 5015  553.20000  433.22711  21.7%   771 3600s
  1721  1435  433.22724   73 5920  553.20000  433.22724  21.7%   770 3655s
  1722  1436  433.22724   45 3698  553.20000  433.22724  21.7%   770 3661s
  1723  1437  526.60000  231 6428  553.20000  433.22724  21.7%   769 3686s
  1724  1437  433.22724   56 5893  553.20000  433.22724  21.7%   769 3695s
  1725  1438  433.22724   11 5681  553.20000  433.22724  21.7%   768 3714s
  1726  1439  484.05000  262 2469  553.20000  433.22724  21.7%   768 3720s
  1727  1439  433.22724    8 5050  553.20000  433.22724  21.7%   767 3738s
  1728  1440  433.22724   70 3091  553.20000  433.22724  21.7%   767 3746s
  1729  1441  433.22858   52 3274  553.20000  433.22858  21.7%   767 3834s
  1730  1441  433.22918   29 3676  553.20000  433.22918  21.7%   766 3840s
  1731  1442  433.22918  160 3654  553.20000  433.22918  21.7%   766 3865s
  1732  1443  440.27788  190 4923  553.20000  433.22918  21.7%   765 3870s
  1733  1443  433.22918  145 3504  553.20000  433.22918  21.7%   765 3887s
  1734  1444  433.22918  148 4698  553.20000  433.22918  21.7%   764 3900s
  1735  1445  482.95000  395 3734  553.20000  433.24581  21.7%   764 3927s
  1736  1445  438.86514  180 4083  553.20000  433.24581  21.7%   763 3937s
  1737  1446  543.51343  300 3785  553.20000  433.33793  21.7%   763 3967s
  1738  1447  433.33793   29 3581  553.20000  433.33793  21.7%   763 3972s
  1739  1447  493.48965  105 3507  553.20000  433.33793  21.7%   762 4015s
  1740  1448  484.05000  325 4839  553.20000  433.33793  21.7%   762 4024s
  1741  1449  503.15401  268 3405  553.20000  433.33793  21.7%   761 4062s
  1742  1449  502.42532  130 3559  553.20000  433.33793  21.7%   761 4071s
  1743  1450  433.33793  210 3269  553.20000  433.33793  21.7%   760 4107s
  1744  1451  490.24749   87 3291  553.20000  433.33793  21.7%   760 4112s
  1745  1451  488.10000   38 1956  553.20000  433.33793  21.7%   760 4130s
  1747  1453  433.33793   79 1734  553.20000  433.33793  21.7%   759 4141s
  1749  1454  484.05000  303 4849  553.20000  433.34093  21.7%   758 4176s
  1750  1455  491.79482  102 5061  553.20000  433.34093  21.7%   757 4182s
  1751  1455  433.34127   40 5687  553.20000  433.34127  21.7%   757 4207s
  1752  1456  532.68868  260 6261  553.20000  433.34127  21.7%   756 4215s
  1753  1457  433.34127   91 5630  553.20000  433.34127  21.7%   756 4232s
  1754  1457  484.05000  361 5587  553.20000  433.34127  21.7%   756 4236s
  1755  1458  522.93974  310 5206  553.20000  433.34127  21.7%   755 4251s
  1756  1459  433.34127   44 5573  553.20000  433.34127  21.7%   755 4255s
  1757  1459  455.65049  185 5687  553.20000  433.34127  21.7%   754 4269s
  1760  1463  434.12144   37 2205  553.20000  433.34127  21.7%  1049 4273s
  1762  1464  433.34127   69 9101  553.20000  433.34127  21.7%  1048 4415s
  1763  1465  433.34127   34 7766  553.20000  433.34127  21.7%  1047 4458s
  1764  1466  433.34127  198 7751  553.20000  433.34127  21.7%  1046 4486s
  1765  1466  484.05000  291 4073  553.20000  433.34127  21.7%  1046 4513s
H 1765  1392                     550.2000000  433.34127  21.2%  1046 4530s
  1766  1393  433.34127  170 5927  550.20000  433.34127  21.2%  1045 4536s
  1767  1394  433.34127   27 6321  550.20000  433.34127  21.2%  1045 4591s
  1768  1394  433.34127   72 8279  550.20000  433.34127  21.2%  1044 4606s
  1769  1395  433.34127   24 6413  550.20000  433.34127  21.2%  1043 4634s
  1770  1396  433.34127   19 4298  550.20000  433.34127  21.2%  1043 4646s
  1771  1396  490.63897   93 2886  550.20000  433.34127  21.2%  1042 4665s
  1772  1397  472.95455  223 7047  550.20000  433.34127  21.2%  1042 4686s
  1773  1398  503.15401  270 4458  550.20000  433.34127  21.2%  1041 4782s
  1774  1398  499.60187  170 6094  550.20000  433.34127  21.2%  1041 4808s
  1775  1399  433.34127   14 6569  550.20000  433.34127  21.2%  1040 4848s
  1776  1400  433.34127   20 6809  550.20000  433.34127  21.2%  1039 4856s
  1777  1400  433.34127   70 6143  550.20000  433.34127  21.2%  1039 4895s
  1778  1401  484.05000  240 7397  550.20000  433.34127  21.2%  1038 4905s
  1779  1402  433.34317  136 4834  550.20000  433.34317  21.2%  1038 4930s
  1781  1403  433.34317  103 4434  550.20000  433.34317  21.2%  1036 4957s
  1782  1404  533.03562  248 4084  550.20000  433.34317  21.2%  1036 4962s
  1783  1404  484.05000  344 4146  550.20000  433.34317  21.2%  1035 4978s
  1784  1405  491.91964   25 4204  550.20000  433.34317  21.2%  1035 4987s
  1785  1406  433.34317  193 4139  550.20000  433.34317  21.2%  1034 5003s
  1786  1406  433.34667   26 5234  550.20000  433.34667  21.2%  1034 5009s
  1787  1407  433.35109  173 4968  550.20000  433.35109  21.2%  1033 5034s
  1788  1408  510.84048  443 6897  550.20000  433.35212  21.2%  1032 5047s
  1789  1408  433.35529    9 5967  550.20000  433.35529  21.2%  1032 5077s
  1790  1409  442.76134  124 7022  550.20000  433.35607  21.2%  1031 5088s
  1791  1410  433.37724   92 6206  550.20000  433.37724  21.2%  1031 5108s
  1792  1410  460.50263  212 6483  550.20000  433.37900  21.2%  1030 5116s
  1793  1411  472.95455  223 4980  550.20000  433.42538  21.2%  1030 5135s
  1794  1412  550.20000  349 5898  550.20000  433.42916  21.2%  1029 5141s
  1795  1412  433.44337   89 4318  550.20000  433.44337  21.2%  1028 5162s
  1796  1413  433.44337   66 4584  550.20000  433.44337  21.2%  1028 5165s
  1797  1414  433.48363   55 2804  550.20000  433.48363  21.2%  1027 5176s
  1799  1415  482.95000  380 2565  550.20000  433.49433  21.2%  1026 5201s
  1800  1416  433.49433   18 2531  550.20000  433.49433  21.2%  1026 5205s
  1801  1416  526.80000  235 2295  550.20000  433.49433  21.2%  1025 5224s
  1802  1417  484.05000  309 2424  550.20000  433.49433  21.2%  1024 5227s
  1803  1418  484.05000  230 2271  550.20000  433.49433  21.2%  1024 5254s
  1804  1418  484.05000  238 2259  550.20000  433.49433  21.2%  1023 5256s
  1805  1419  528.55455  249 2352  550.20000  433.49433  21.2%  1023 5269s
  1806  1420  484.05000  286 2343  550.20000  433.49433  21.2%  1022 5272s
  1807  1420  543.51343  287 2391  550.20000  433.49433  21.2%  1022 5290s
  1809  1422  482.95000  378 2415  550.20000  433.49433  21.2%  1020 5308s
  1812  1425  433.49433   43 2205  550.20000  433.49433  21.2%  1348 5311s
  1814  1426  433.49433   67 8186  550.20000  433.49433  21.2%  1346 5479s
  1815  1427  433.49433    9 6790  550.20000  433.49433  21.2%  1346 5532s
  1816  1428  433.49481  169 7246  550.20000  433.49481  21.2%  1345 5548s
  1817  1428  543.51343  285 5242  550.20000  433.49481  21.2%  1344 5573s
  1818  1429  433.49481  115 5471  550.20000  433.49481  21.2%  1343 5582s
  1819  1430  484.05000  302 2774  550.20000  433.49481  21.2%  1343 5610s
  1820  1430  433.49508   98 5529  550.20000  433.49508  21.2%  1342 5635s
  1821  1431  433.49508   73 6028  550.20000  433.49508  21.2%  1341 5656s
  1822  1432  433.49508   45 6153  550.20000  433.49508  21.2%  1340 5662s
  1823  1432  526.60000  231 6011  550.20000  433.49508  21.2%  1340 5678s
  1824  1433  433.49508   56 7121  550.20000  433.49508  21.2%  1339 5688s
  1825  1434  433.49508   11 5034  550.20000  433.49508  21.2%  1338 5756s
  1826  1434  484.05000  262 5665  550.20000  433.49508  21.2%  1337 5763s
  1827  1435  433.53530    8 3544  550.20000  433.53530  21.2%  1337 5798s
  1828  1436  433.53530   70 3951  550.20000  433.53530  21.2%  1336 5802s
  1829  1436  433.53530   52 3807  550.20000  433.53530  21.2%  1335 5814s
  1830  1437  433.64405   29 3853  550.20000  433.64405  21.2%  1335 5820s
  1831  1438  433.64405  160 4019  550.20000  433.64405  21.2%  1334 5836s
  1832  1438  440.27788  190 4022  550.20000  433.64405  21.2%  1333 5840s
  1833  1439  433.64405  145 3242  550.20000  433.64405  21.2%  1332 5858s
  1834  1440  433.64405  148 3445  550.20000  433.64405  21.2%  1332 5862s
  1835  1440  482.95000  395 3459  550.20000  433.64405  21.2%  1331 5876s
  1836  1441  438.86514  180 3680  550.20000  433.64405  21.2%  1330 5880s
  1837  1442  543.51343  300 3402  550.20000  433.64405  21.2%  1329 5896s
  1838  1442  433.64405   29 3625  550.20000  433.64405  21.2%  1329 5900s
  1839  1443  493.48965  105 3546  550.20000  433.64405  21.2%  1328 5916s
  1840  1444  484.05000  325 3624  550.20000  433.64405  21.2%  1327 5921s
  1841  1444  503.15401  268 3687  550.20000  433.64405  21.2%  1327 5933s
  1842  1445  502.42532  130 3557  550.20000  433.64405  21.2%  1326 5937s
  1843  1446  433.64584  210 3534  550.20000  433.64584  21.2%  1325 5959s
  1844  1446  490.24749   87 3521  550.20000  433.64584  21.2%  1324 5963s
  1845  1447  488.10000   38 3734  550.20000  433.64584  21.2%  1324 5976s
  1846  1448  495.35956  125 3837  550.20000  433.64584  21.2%  1323 5980s
  1847  1448  433.68135   79 3578  550.20000  433.68135  21.2%  1322 5994s
  1848  1449  482.95000  390 4652  550.20000  433.68135  21.2%  1322 5998s
  1849  1450  484.05000  303 2764  550.20000  433.68135  21.2%  1321 6013s
  1850  1450  491.79482  102 3359  550.20000  433.68135  21.2%  1320 6021s
  1851  1451  433.68135   40 3323  550.20000  433.68135  21.2%  1319 6035s
  1853  1452  433.68135   91 3172  550.20000  433.68135  21.2%  1318 6052s
  1858  1457  550.20000  324 10990  550.20000  433.68135  21.2%  1567 6183s
  1859  1458  440.76265  194 6871  550.20000  433.68135  21.2%  1566 6247s
  1860  1459  434.12144   37 7364  550.20000  433.68135  21.2%  1565 6263s
  1861  1459  503.15401  290 2535  550.20000  433.68135  21.2%  1565 6302s
  1862  1460  433.68135   69 6804  550.20000  433.68135  21.2%  1564 6324s
  1863  1461  433.68135   34 5180  550.20000  433.68135  21.2%  1563 6352s
  1864  1461  433.68135  198 4617  550.20000  433.68135  21.2%  1562 6368s
  1865  1462  484.05000  291 7332  550.20000  433.68135  21.2%  1561 6417s
  1866  1463  433.68135  170 7410  550.20000  433.68135  21.2%  1560 6426s
  1867  1463  433.68135   27 6734  550.20000  433.68135  21.2%  1559 6452s
  1868  1464  433.68135   72 6652  550.20000  433.68135  21.2%  1559 6485s
  1869  1465  433.68135   24 6081  550.20000  433.68135  21.2%  1558 6598s
  1870  1465  433.68135   19 6313  550.20000  433.68135  21.2%  1557 6629s
  1871  1466  490.63897   93 5625  550.20000  433.68135  21.2%  1556 6658s
  1872  1467  472.95455  223 5993  550.20000  433.68135  21.2%  1555 6687s
  1873  1467  503.15401  270 5204  550.20000  433.68135  21.2%  1554 6754s
  1874  1468  499.60187  170 5814  550.20000  433.68175  21.2%  1554 6774s
  1875  1469  433.71528   14 6330  550.20000  433.71528  21.2%  1553 6827s
  1876  1469  433.73557   20 5257  550.20000  433.73557  21.2%  1552 6834s
  1877  1470  433.79954   70 3671  550.20000  433.79954  21.2%  1551 6895s
  1878  1471  484.05000  240 5278  550.20000  433.80182  21.2%  1550 6937s
  1879  1471  433.80933  136 7654  550.20000  433.80933  21.2%  1550 6960s
  1880  1472  491.52135  240 7125  550.20000  433.82143  21.2%  1549 6973s
  1881  1473  433.83991  103 7057  550.20000  433.83991  21.1%  1548 7005s
  1882  1473  533.03562  248 6982  550.20000  433.84099  21.1%  1547 7019s
  1883  1474  484.05000  344 7147  550.20000  433.84202  21.1%  1546 7049s
  1884  1475  491.91964   25 6816  550.20000  433.84257  21.1%  1545 7060s
  1885  1475  433.84716  193 4738  550.20000  433.84716  21.1%  1545 7091s
  1886  1476  433.85493   26 5941  550.20000  433.85493  21.1%  1544 7096s
  1887  1477  433.86682  173 4476  550.20000  433.86682  21.1%  1543 7115s
  1888  1477  510.84048  443 5134  550.20000  433.88087  21.1%  1542 7121s
  1889  1478  433.90690    9 4637  550.20000  433.90690  21.1%  1541 7138s
  1890  1479  442.76134  124 5283  550.20000  433.90690  21.1%  1541 7144s
  1891  1479  433.91041   92 3270  550.20000  433.91041  21.1%  1540 7165s
  1892  1480  460.50263  212 3683  550.20000  433.91041  21.1%  1539 7170s
  1893  1481  472.95455  223 4058  550.20000  433.91045  21.1%  1538 7185s

Cutting planes:
  Learned: 2
  Gomory: 2
  Cover: 66
  Implied bound: 13
  Projected implied bound: 14
  Clique: 7
  MIR: 118
  StrongCG: 18
  Flow cover: 787
  GUB cover: 63
  Zero half: 44
  RLT: 54
  Relax-and-lift: 10

Explored 1894 nodes (3722903 simplex iterations) in 7200.34 seconds (4541.38 work units)
Thread count was 4 (of 8 available processors)

Solution count 4: 550.2 553.2 557.2 559.8 

Time limit reached
Best objective 5.502000000000e+02, best bound 4.342000000000e+02, gap 21.0832%
