
Gurobi 13.0.2 (linux64) logging started Mon Jul  6 23:33:40 2026

Set parameter LogFile to value "src/Resultados/Restriccion todas cliques/logs/RC104-25.xml_log.log"
Set parameter Threads to value 4
Gurobi Optimizer version 13.0.2 build v13.0.2rc1 (linux64 - "Rocky Linux 9.7 (Blue Onyx)")

CPU model: QEMU Virtual CPU version 2.5+, instruction set [SSE2]
Thread count: 8 physical cores, 8 logical processors, using up to 4 threads

Non-default parameters:
TimeLimit  7200
Threads  4

Optimize a model with 101168 rows, 59790 columns and 702870 nonzeros (Min)
Model fingerprint: 0x15b01b6a
Model has 5325 linear objective coefficients
Variable types: 13485 continuous, 46305 integer (46290 binary)
Coefficient statistics:
  Matrix range     [1e+00, 4e+04]
  Objective range  [2e+00, 6e+01]
  Bounds range     [1e+00, 2e+03]
  RHS range        [1e+00, 4e+04]

Presolve removed 32322 rows and 240 columns
Presolve time: 3.97s
Presolved: 68846 rows, 59550 columns, 297915 nonzeros
Variable types: 375 continuous, 59175 integer (51015 binary)
Deterministic concurrent LP optimizer: primal and dual simplex
Showing primal log only...


Root simplex log...

Iteration    Objective       Primal Inf.    Dual Inf.      Time
       0    2.0966000e+03   2.393819e+03   2.612789e+10      7s
   19153    3.6995310e+02   9.202028e+01   3.049149e+09     10s
   28212    3.4892564e+02   1.593211e+01   1.412330e+09     15s
   33495    3.3892992e+02   1.013386e+00   6.707145e+08     20s
   39683    2.7760000e+02   2.732444e+03   0.000000e+00     25s
   42691    2.7760001e+02   2.572614e+02   0.000000e+00     30s
   44895    2.7760003e+02   3.058907e+00   0.000000e+00     35s
   45811    2.7760000e+02   0.000000e+00   0.000000e+00     36s
Concurrent spin time: 18.12s (can be avoided by choosing Method=3)

Solved with primal simplex

Root relaxation: objective 2.776000e+02, 45811 iterations, 48.21 seconds (23.40 work units)

    Nodes    |    Current Node    |     Objective Bounds      |     Work
 Expl Unexpl |  Obj  Depth IntInf | Incumbent    BestBd   Gap | It/Node Time

     0     0  277.60000    0 3540          -  277.60000      -     -   72s
     0     0  277.60000    0 2546          -  277.60000      -     -   73s
     0     0  277.60000    0 2457          -  277.60000      -     -   73s
     0     0  277.60000    0 8794          -  277.60000      -     -   94s
     0     0  277.60000    0 8708          -  277.60000      -     -   96s
     0     0  277.60000    0 9047          -  277.60000      -     -   98s
     0     0  277.60000    0 9691          -  277.60000      -     -  105s
     0     0  277.60000    0 3173          -  277.60000      -     -  133s
     0     0  277.60000    0 3413          -  277.60000      -     -  164s
     0     0  277.60000    0 3363          -  277.60000      -     -  164s
     0     0  277.60000    0 3372          -  277.60000      -     -  164s
     0     0  277.60000    0 3372          -  277.60000      -     -  164s
     0     0  277.60000    0 13594          -  277.60000      -     -  170s
     0     0  277.60000    0 13594          -  277.60000      -     -  170s
     0     0  277.60000    0 3479          -  277.60000      -     -  181s
     0     0  277.60000    0 3446          -  277.60000      -     -  185s
     0     0  277.60000    0 3485          -  277.60000      -     -  185s
     0     0  277.60000    0 13080          -  277.60000      -     -  192s
     0     0  277.60000    0 12977          -  277.60000      -     -  192s
     0     0  277.60000    0 4021          -  277.60000      -     -  220s
     0     0  277.60000    0 4021          -  277.60000      -     -  232s
     0     0  277.60000    0 3464          -  277.60000      -     -  232s
     0     0  277.60000    0 10253          -  277.60000      -     -  239s
     0     0  277.60000    0 2133          -  277.60000      -     -  256s
     0     0  277.60000    0 2135          -  277.60000      -     -  257s
     0     0  277.60000    0 9208          -  277.60000      -     -  266s
     0     0  277.60000    0 9208          -  277.60000      -     -  266s
     0     0  277.60000    0 3246          -  277.60000      -     -  276s
     0     0  277.60000    0 3246          -  277.60000      -     -  279s
     0     0  277.60000    0 3066          -  277.60000      -     -  286s
     0     2  277.60000    0 3063          -  277.60000      -     -  300s
     3     8  277.60000    2 3211          -  277.60000      -   890  308s
     7    12  277.74735    3 5895          -  277.60000      -   920  311s
    11    16  277.74735    4 5811          -  277.60000      -  1060  319s
    15    21  277.74735    5 6482          -  277.60000      -   874  322s
    20    40  277.81783    6 6484          -  277.60000      -   817  326s
    52    62  277.81783   12 8152          -  277.60000      -   408  334s
    61    79  277.81783   14 7787          -  277.60000      -   510  335s
   140   169  277.86675   36 9380          -  277.60000      -   254  340s
   262   280  277.91203   64 8611          -  277.60000      -   145  345s
   314   352  277.94818   76 8539          -  277.60000      -   127  350s
   467   474  277.99623  112 8777          -  277.60000      -  90.3  357s
   514   566  278.01313  119 8800          -  277.60000      -  83.9  360s
   621   626  278.07409  147 8030          -  277.60000      -  71.0  366s
   674   692  278.09972  159 8666          -  277.60000      -  66.3  370s
   742   747  278.18598  172 8582          -  277.60000      -  61.9  375s
   867   872  278.33036  203 7846          -  277.60000      -  55.1  382s
   930   935  278.33036  213 7663          -  277.60000      -  53.0  386s
  1048  1112  278.44568  241 8105          -  277.60000      -  50.0  391s
  1235  1309  278.50689  276 9616          -  277.60000      -  45.9  396s
  1318  1352  282.22552  292 7792          -  277.60000      -  44.1  401s
  1389  1417  282.07530  305 9144          -  277.60000      -  45.8  408s
  1420  1449  282.38548  321 7654          -  277.60000      -  50.9  413s
  1452  1456  282.75736  342 8030          -  277.60000      -  56.0  416s
  1459  1479  282.75736  343 7920          -  277.60000      -  55.8  465s
  1482  1483  282.79522  353 7651          -  277.60000      -  56.0  520s
  1486  1487  282.92994  354 7173          -  277.60000      -  56.0  573s
  1490  1491  282.92994  355 6524          -  277.60000      -  55.9  619s
  1494  1495  282.92994  356 6202          -  277.60000      -  55.9  676s
  1498  1514  282.94032  357 6118          -  277.60000      -  55.8  699s
  1517  1535  282.94032  358 6799          -  277.60000      -  55.3  702s
  1538  1539  282.94032  359 6151          -  277.60000      -  55.0  705s
  1546  1547  282.95595  361 7984          -  277.60000      -  55.1  711s
  1550  1551  282.95595  362 6769          -  277.60000      -  55.0  715s
  1558  1559  283.00968  364 7540          -  277.60000      -  55.2  722s
  1562  1563  283.30000  365 7499          -  277.60000      -  55.2  725s
  1570  1571  283.30000  367 7498          -  277.60000      -  54.9  732s
  1574  1575  283.31830  368 8162          -  277.60000      -  54.8  735s
  1582  1583  283.31830  370 7510          -  277.60000      -  54.5  741s
  1590  1591  283.33447  372 7506          -  277.60000      -  54.3  754s
  1594  1595  283.33447  373 7506          -  277.60000      -  54.1  758s
  1598  1599  283.33447  374 7506          -  277.60000      -  54.0  763s
  1602  1603  283.33447  375 7507          -  277.60000      -  53.9  768s
  1606  1607  283.35659  376 7572          -  277.60000      -  53.9  772s
  1610  1611  283.35659  377 8222          -  277.60000      -  53.9  775s
  1614  1615  283.41514  378 7399          -  277.60000      -  53.9  785s
  1618  1619  283.41514  379 7401          -  277.60000      -  53.9  790s
  1622  1623  283.41514  380 7343          -  277.60000      -  53.7  803s
  1626  1653  283.41514  381 7345          -  277.60000      -  53.6  807s
  1656  1687  283.41514  382 7343          -  277.60000      -  53.0  812s
  1690  1728  283.89158  383 7224          -  277.60000      -  52.8  816s
  1731  1750  283.89158  384 7225          -  277.60000      -  52.0  826s
  1753  1767  283.89158  385 7226          -  277.60000      -  52.0  831s
  1772  1776  283.89158  386 7228          -  277.60000      -  52.9  847s
  1781  1805  283.90818  387 7225          -  277.60000      -  53.6  852s
  1810  1871  283.90818  394 7768          -  277.60000      -  53.6  856s
  1876  1923  284.56957  429 7698          -  277.60000      -  52.9  861s
  1928  1979  284.62862  455 7443          -  277.60000      -  52.7  866s
  1984  2029  285.09588  497 6149          -  277.60000      -  52.4  871s
  2034  2062  285.57259  521 6170          -  277.60000      -  52.2  888s
  2067  2096  289.30000  535 6668          -  277.60000      -  53.2  902s
  2101  2172  295.30000  542 4340          -  277.60000      -  54.2  907s
  2177  2289  295.51214  566 6502          -  277.60000      -  53.7  912s
  2294  2433  295.59457  603 5377          -  277.60000      -  51.9  918s
  2438  2684  295.65838  631 5967          -  277.60000      -  50.7  925s
  2695  2780  295.86623  675 5212          -  277.60000      -  47.4  932s
  2791  2922  295.97375  720 6050          -  277.60000      -  48.8  940s
  2933  3104  296.07273  752 5433          -  277.60000      -  49.5  948s
  3115  3332  296.11710  800 6113          -  277.60000      -  49.3  957s
  3349  3564  296.22342  833 6004          -  277.60000      -  48.6  967s
  3581  3768  296.28549  877 5322          -  277.60000      -  47.6  976s
  3785  4060  296.31367  915 5892          -  277.60000      -  47.4  984s
  4077  4299  296.45873  961 6492          -  277.60000      -  45.7  993s
  4320  4570  296.47547  997 6101          -  277.60000      -  45.5 1002s
  4595  4745  296.60637 1065 6652          -  277.60000      -  44.8 1010s
  4771  4970  296.81695 1127 5486          -  277.60000      -  45.7 1018s
  4998  5221  296.94853 1163 6108          -  277.60000      -  45.8 1027s
  5250  5222  407.67065 1497 3066          -  277.60000      -  45.4 1549s
  5252  5223  281.00000   21 4718          -  278.47567      -  45.4 1631s
  5253  5224  296.82317 1084 4116          -  278.47597      -  45.4 1653s
  5254  5225  299.67310  540 6126          -  278.49203      -  45.4 1676s
  5255  5225  284.50000  239 3213          -  278.70742      -  45.4 1702s
  5256  5226  387.05970 1289 4159          -  278.70753      -  45.4 1714s
  5257  5227  367.59091 1144  983          -  278.71602      -  45.4 1738s
  5258  5227  350.31863  917 2049          -  280.37501      -  45.3 1755s
  5259  5228  296.73351 1114 1980          -  280.37501      -  45.3 1784s
  5260  5229  296.05173  743 5139          -  280.53652      -  45.3 1800s
  5261  5229  296.03230  712 2170          -  280.53652      -  45.3 1819s
  5262  5230  387.01617 1206 4988          -  280.53684      -  45.3 1826s
  5263  5231  281.60000  141 2809          -  280.59754      -  45.3 1892s
  5264  5231  285.00000  142 3435          -  280.61030      -  45.3 1904s
  5265  5232  296.54906  817 1497          -  280.66716      -  45.3 1923s
  5266  5233  387.07925 1304 4892          -  280.72341      -  45.3 1931s
  5267  5233  330.13739  437 2509          -  280.79108      -  45.3 1949s
  5268  5234  299.94409  817 7209          -  280.79295      -  45.3 1965s
  5269  5235  299.93374  701 2890          -  280.81387      -  45.3 1990s
  5270  5235  283.30000   83 4374          -  280.83555      -  45.2 1996s
  5271  5236  300.10371  825 2572          -  280.83992      -  45.2 2014s
  5272  5237  281.60000  156 3847          -  280.84467      -  45.2 2020s
  5273  5237  299.79148  595 2534          -  280.84891      -  45.2 2045s
  5274  5238  283.30000  121 3737          -  280.85148      -  45.2 2052s
  5275  5239  296.11710  799 2033          -  280.89538      -  45.2 2069s
  5276  5239  333.38510  607 3809          -  280.89625      -  45.2 2075s
  5277  5240  285.00000  128 1944          -  280.90285      -  45.2 2092s
  5278  5241  296.38912  903 6474          -  280.91295      -  45.2 2102s
  5279  5241  299.79148  595 2748          -  280.91865      -  45.2 2120s
  5280  5242  284.70000  197 3989          -  280.91960      -  45.2 2125s
  5281  5243  294.20000  455 3913          -  280.92143      -  45.1 2145s
  5283  5244  294.20000  349 4025          -  280.92486      -  45.1 2161s
  5285  5245  289.30000  241 3508          -  280.92869      -  45.1 2178s
  5286  5246  342.11095  713 4265          -  280.93228      -  45.1 2183s
  5287  5247  326.32427  399 3460          -  280.94268      -  45.1 2202s
  5288  5247  281.00000   11 4305          -  280.94441      -  45.1 2206s
  5289  5248  284.70000  174 3256          -  280.94623      -  45.1 2224s
  5290  5249  387.05970 1288 5055          -  280.94658      -  45.1 2230s
  5291  5249  350.35188  822 4731          -  280.94728      -  45.1 2245s
  5293  5251  296.43506  786 4147          -  280.94747      -  45.0 2261s
  5294  5251  289.30000  244 4906          -  280.94756      -  45.0 2266s
  5295  5252  296.27306  658 3991          -  280.95337      -  45.0 2283s
  5296  5253  296.23570  855 5090          -  280.95586      -  45.0 2287s
  5297  5253  330.19873  496 4039          -  280.95586      -  45.0 2300s
  5298  5254  280.95586   78 5665          -  280.95586      -  45.0 2305s
  5299  5255  281.60000   64 3850          -  280.95591      -  45.0 2321s
  5300  5255  296.18372  816 5241          -  280.95591      -  45.0 2327s
  5301  5256  282.07018  300 4393          -  280.95591      -  45.0 2337s
  5302  5257  293.30000  286 4970          -  280.95591      -  45.0 2341s
  5303  5257  283.30000  164 4603          -  280.95591      -  45.0 2356s
  5304  5258  300.04274  731 4909          -  280.95591      -  45.0 2360s
  5305  5259  387.61113 1224 3684          -  280.95591      -  44.9 2376s
  5308  5262  283.30000  134 3066          -  280.95591      -   160 2383s
  5310  5263  281.60000   74 7371          -  280.95601      -   160 2440s
  5311  5264  283.30000  150 2682          -  280.95601      -   160 2465s
  5312  5265  398.43035 1455 4940          -  280.95884      -   160 2475s
  5313  5265  321.99859  374 2353          -  280.95884      -   160 2498s
  5314  5266  398.25926 1428 5545          -  280.95884      -   160 2510s
  5315  5267  399.72539 1468 2069          -  280.95884      -   160 2524s
  5316  5267  386.05714 1162 4356          -  281.38530      -   160 2532s
  5317  5268  287.90000  178 2004          -  281.82102      -   160 2548s
  5318  5269  294.20000  416 3524          -  281.92556      -   160 2554s
  5319  5269  282.70000  152 5736          -  281.96384      -   160 2579s
  5320  5270  289.30000  472 5715          -  281.98165      -   160 2584s
  5321  5271  300.10093  719 1778          -  282.04440      -   160 2610s
  5322  5271  295.60104  609 2217          -  282.06062      -   160 2615s
  5323  5272  289.40000  501 1042          -  282.06107      -   160 2634s
  5324  5273  337.43374  498 2237          -  282.06107      -   160 2638s
  5325  5273  282.06141    8 1088          -  282.06141      -   160 2651s
  5326  5274  405.89809 1480 3193          -  282.06141      -   160 2658s
  5327  5275  289.30000  404 1179          -  282.06141      -   160 2679s
  5328  5275  285.30000  207 1521          -  282.06141      -   160 2685s
  5329  5276  282.06141   40  859          -  282.06141      -   160 2695s
  5330  5277  345.07701  786 1874          -  282.06270      -   160 2701s
  5331  5277  295.94508  716 1167          -  282.06270      -   160 2712s
  5332  5278  282.06270  147 2017          -  282.06270      -   160 2723s
  5333  5279  282.06270   10 2322          -  282.06270      -   160 2751s
  5334  5279  296.23040  683 3246          -  282.06270      -   160 2760s
  5335  5280  299.68233  599 2170          -  282.06270      -   160 2778s
  5336  5281  293.30000  370 2215          -  282.06270      -   160 2785s
  5337  5281  289.30000  215 1888          -  282.06270      -   160 2804s
  5338  5282  282.06270   82 3887          -  282.06270      -   160 2813s
  5339  5283  349.58213  841 2670          -  282.06270      -   160 2831s
  5342  5286  285.09588  500 3066          -  282.06270      -   219 2835s
  5344  5287  328.63836  601 6897          -  282.06270      -   219 2898s
  5345  5288  285.00000  168 4684          -  282.06270      -   219 2923s
  5346  5289  404.51660 1479 5400          -  282.06270      -   219 2930s
  5347  5289  283.30000  288 2601          -  282.06270      -   219 2945s
  5348  5290  348.13254  848 3763          -  282.06270      -   219 2950s
  5349  5291  282.40000   73 2284          -  282.06270      -   219 2966s
  5350  5291  407.67065 1497 4795          -  282.06270      -   219 2972s
  5351  5292  295.54370  579 2199          -  282.06270      -   219 2984s
  5352  5293  282.06270   21 2429          -  282.06270      -   219 2987s
  5353  5293  296.82317 1084 2635          -  282.06270      -   219 2996s
  5354  5294  299.67310  540 3158          -  282.12276      -   219 3001s
  5355  5295  284.50000  239 2609          -  282.25156      -   219 3044s
  5356  5295  387.05970 1289 5255          -  282.26833      -   219 3052s
  5357  5296  367.59091 1144 3519          -  282.27451      -   219 3066s
  5358  5297  350.31863  917 3950          -  282.27786      -   219 3073s
  5359  5297  296.73351 1114 2205          -  282.27792      -   218 3084s
  5360  5298  296.05173  743 3197          -  282.27792      -   218 3091s
  5361  5299  296.03230  712 3322          -  282.27958      -   218 3104s
  5362  5299  387.01617 1206 5312          -  282.28365      -   218 3116s
  5363  5300  282.28553  141 2015          -  282.28553      -   218 3129s
  5364  5301  285.00000  142 4989          -  282.28561      -   218 3145s
  5365  5301  296.54906  817 2309          -  282.29495      -   218 3162s
  5366  5302  387.07925 1304 3174          -  282.29495      -   218 3169s
  5367  5303  330.13739  437 3586          -  282.29640      -   218 3183s
  5368  5303  299.94409  817 3541          -  282.29688      -   218 3189s
  5369  5304  299.93374  701 2812          -  282.29812      -   218 3199s
  5370  5305  283.30000   83 3435          -  282.29812      -   218 3203s
  5371  5305  300.10371  825 3523          -  282.30337      -   218 3222s
  5372  5306  282.30468  156 3522          -  282.30468      -   218 3229s
  5373  5307  299.79148  595 2870          -  282.30532      -   218 3241s
  5374  5307  283.30000  121 4099          -  282.30542      -   218 3246s
  5375  5308  296.11710  799 3178          -  282.30544      -   218 3256s
  5376  5309  333.38510  607 2997          -  282.30546      -   218 3260s
  5377  5309  285.00000  128 4032          -  282.30547      -   218 3271s
  5379  5311  299.79148  595 3287          -  282.30555      -   218 3283s
  5380  5311  284.70000  197 5615          -  282.30555      -   218 3289s
  5381  5312  294.20000  455 3768          -  282.30555      -   218 3302s
  5384  5315  387.20190 1046 3066          -  282.30555      -   269 3306s
  5386  5316  342.11095  713 7358          -  282.30555      -   269 3363s
  5387  5317  326.32427  399 5135          -  282.30555      -   269 3383s
  5388  5318  282.30603   11 2743          -  282.30603      -   269 3390s
  5389  5318  284.70000  174 1677          -  282.32742      -   269 3407s
  5390  5319  387.05970 1288 3967          -  282.33838      -   269 3418s
  5391  5320  350.35188  822 2130          -  282.50195      -   269 3430s
  5392  5320  296.71069 1069 3027          -  282.54079      -   269 3436s
  5393  5321  296.43506  786 2764          -  282.61765      -   269 3444s
  5394  5322  289.30000  244 2549          -  282.98051      -   269 3448s
  5395  5322  296.27306  658 3658          -  283.01285      -   269 3465s
  5397  5324  330.19873  496 2554          -  283.03449      -   269 3508s
  5398  5324  283.03449   78 3206          -  283.03449      -   269 3523s
  5399  5325  283.03451   64 2352          -  283.03451      -   269 3533s
  5400  5326  296.18372  816 4373          -  283.03452      -   269 3537s
  5401  5326  283.03452  300 4353          -  283.03452      -   269 3549s
  5402  5327  293.30000  286 5583          -  283.03453      -   269 3561s
  5403  5328  283.30000  164 2863          -  283.03485      -   269 3576s
  5404  5328  300.04274  731 3143          -  283.03485      -   268 3584s
  5405  5329  387.61113 1224 2910          -  283.03485      -   268 3600s
  5407  5330  300.04321  663 2430          -  283.03485      -   268 3616s
  5412  5335  398.43035 1455 6863          -  283.03485      -   307 3675s
  5413  5336  321.99859  374 2220          -  283.03485      -   306 3703s
  5414  5337  398.25926 1428 3768          -  283.03485      -   306 3715s
  5415  5337  399.72539 1468 2299          -  283.05019      -   306 3735s
  5416  5338  386.05714 1162 2883          -  283.05019      -   306 3743s
  5417  5339  287.90000  178 2359          -  283.05019      -   306 3764s
  5418  5339  294.20000  416 5273          -  283.05500      -   306 3775s
  5419  5340  283.05500  152 2614          -  283.05500      -   306 3789s
  5420  5341  289.30000  472 4835          -  283.05500      -   306 3806s
  5421  5341  300.10093  719 4635          -  283.05500      -   306 3830s
  5422  5342  295.60104  609 6365          -  283.05500      -   306 3845s
  5423  5343  289.40000  501 2899          -  283.05500      -   306 3865s
  5424  5343  337.43374  498 3581          -  283.05500      -   306 3881s
  5425  5344  283.22808    8 3673          -  283.22808      -   306 3900s
  5426  5345  405.89809 1480 3964          -  283.22811      -   306 3908s
  5427  5345  289.30000  404 2387          -  283.30342      -   306 3951s
  5428  5346  285.30000  207 3061          -  283.31771      -   306 3955s
  5429  5347  283.31775   40 3306          -  283.31775      -   306 3971s
  5430  5347  345.07701  786 4259          -  283.31775      -   306 3979s
  5431  5348  295.94508  716 3796          -  283.31775      -   305 4000s
  5432  5349  283.31775  147 5470          -  283.31775      -   305 4008s
  5433  5349  283.31775   10 3074          -  283.31775      -   305 4030s
  5434  5350  296.23040  683 3602          -  283.31775      -   305 4036s
  5435  5351  299.68233  599 5515          -  283.31775      -   305 4049s
  5436  5351  293.30000  370 5670          -  283.31775      -   305 4053s
  5437  5352  289.30000  215 3923          -  283.31861      -   305 4070s
  5438  5353  283.31861   82 5455          -  283.31861      -   305 4075s
  5439  5353  349.58213  841 4353          -  283.31861      -   305 4088s
  5442  5357  285.09588  500 3066          -  283.31861      -   364 4091s
  5444  5358  328.63836  601 8008          -  283.31861      -   363 4158s
  5445  5359  285.00000  168 1726          -  283.31861      -   363 4187s
  5446  5360  404.51660 1479 4889          -  283.31861      -   363 4197s
  5447  5360  283.31861  288 2525          -  283.31861      -   363 4214s
  5448  5361  348.13254  848 2975          -  283.31861      -   363 4218s
  5449  5362  283.31861   73 2326          -  283.31861      -   363 4228s
  5450  5362  407.67065 1497 2319          -  283.31861      -   363 4235s
  5451  5363  295.54370  579 3263          -  283.31861      -   363 4245s
  5453  5364  296.82317 1084 3665          -  283.31861      -   363 4260s
  5454  5365  299.67310  540 3557          -  283.31861      -   363 4271s
  5455  5366  284.50000  239 2943          -  283.31861      -   363 4327s
  5456  5366  387.05970 1289 4678          -  283.32488      -   363 4338s
  5457  5367  367.59091 1144 3840          -  283.32610      -   363 4353s
  5458  5368  350.31863  917 4099          -  283.33292      -   363 4358s
  5459  5368  296.73351 1114 4288          -  283.33419      -   362 4374s
  5460  5369  296.05173  743 6058          -  283.33587      -   362 4389s
  5461  5370  296.03230  712 4558          -  283.33587      -   362 4404s
  5462  5370  387.01617 1206 5793          -  283.33587      -   362 4414s
  5463  5371  283.33587  141 4566          -  283.33587      -   362 4426s
  5464  5372  285.00000  142 5436          -  283.33587      -   362 4433s
  5465  5372  296.54906  817 4932          -  283.33587      -   362 4443s
  5466  5373  387.07925 1304 5187          -  283.33587      -   362 4452s
  5467  5374  330.13739  437 5964          -  283.33587      -   362 4461s
  5468  5374  299.94409  817 5854          -  283.33587      -   362 4468s
  5469  5375  299.93374  701 4523          -  283.33587      -   362 4476s
  5470  5376  283.33587   83 5417          -  283.33587      -   362 4481s
  5471  5376  300.10371  825 4298          -  283.33587      -   362 4489s
  5472  5377  283.33587  156 5467          -  283.33587      -   362 4494s
  5473  5378  299.79148  595 4651          -  283.33587      -   362 4503s
  5474  5378  283.33587  121 4262          -  283.33587      -   361 4511s
  5475  5379  296.11710  799 4262          -  283.33587      -   361 4525s
  5476  5383  283.33595   70 4162          -  283.33595      -   409 4535s
  5478  5386  283.34246   71 3964          -  283.34246      -   410 4541s
  5503  5406  283.36280   76 3601          -  283.34732      -   410 4546s
  5518  5417  285.02069   78 4361          -  283.34732      -   410 4552s
  5534  5426  283.56190   80 4677          -  283.34732      -   410 4555s
  5576  5456  284.98447   85 3296          -  283.34732      -   409 4560s
  5612  5482  283.62687   91 2142          -  283.34732      -   408 4565s
  5655  5508  283.66005   98 2884          -  283.34732      -   407 4570s
  5677  5530  287.51559  101 2348          -  283.34732      -   407 4575s
  5714  5547  283.72013  106 2686          -  283.34732      -   406 4580s
  5756  5585  283.72687  111 2294          -  283.34732      -   405 4586s
  5779  5606  283.80145  114 2586          -  283.34732      -   405 4591s
  5831  5634  284.11254  118 2467          -  283.34732      -   403 4595s
  5882  5682  283.82315  123 2327          -  283.34732      -   401 4600s
  5921  5703  284.86928  126 1940          -  283.34732      -   399 4605s
  5981  5721  283.87558  135 2288          -  283.34732      -   397 4612s
  5987  5738  283.87770  136 1838          -  283.34732      -   398 4616s
  6008  5751  283.87770  140 1763          -  283.34732      -   397 4620s
  6048  5766  284.99123  147 1249          -  283.34732      -   398 4627s
  6065  5789  285.79398  150  846          -  283.34732      -   398 4633s
  6096  5806  287.23862  155  856          -  283.34732      -   398 4637s
  6123  5809  287.89353  159  852          -  283.34732      -   398 4642s
  6136  5822  288.13912  161  751          -  283.34732      -   398 4646s
  6154  5844  288.17503  163  752          -  283.34732      -   398 4651s
  6184  5848  294.03886  168  763          -  283.34732      -   398 4655s
  6198  5880  294.25665  170  763          -  283.34732      -   398 4660s
  6238  5890  294.42041  173  759          -  283.34732      -   397 4665s
  6263  5884 infeasible  177               -  283.34732      -   398 4671s
  6268  5889  315.31697  178 1141          -  283.34732      -   398 4677s
  6274  5896  312.46342  179 1185          -  283.34732      -   398 4690s
  6283  5902  314.83770  179 1500          -  283.34732      -   398 4695s
  6301  5910  318.72422  180 4825          -  283.34732      -   397 4704s
  6308  5917  312.72924  181 1187          -  283.34732      -   397 4708s
  6318  5918  320.01844  181 2108          -  283.34732      -   397 4718s
  6324  5921  315.11777  182 1024          -  283.34732      -   398 4726s
  6329  5928  319.55999  182 1391          -  283.34732      -   398 4737s
  6338  5930  321.53161  183 1702          -  283.34732      -   398 4744s
  6343  5934  315.35482  183 1076          -  283.34732      -   398 4764s
  6348  5937  315.40152  184 1067          -  283.34732      -   398 4775s
  6353  5941  317.20856  184 1482          -  283.34732      -   398 4780s
  6361  5943  315.42614  185 1334          -  283.34732      -   397 4789s
  6367  5950  329.32485  185 1831          -  283.34732      -   397 4799s
  6376  5953  315.42614  186 1418          -  283.34732      -   397 4826s
  6384  5954  367.03586  186 1032          -  283.34732      -   397 4837s
  6390  5957  315.49618  187 1685          -  283.34732      -   397 4842s
  6397  5962  323.61990  187 1564          -  283.34732      -   397 4851s
  6404  5972  315.49618  188 1700          -  283.34732      -   397 4856s
  6417  5976  375.03306  188  993          -  283.34732      -   396 4880s
  6425  5981  315.49618  189 1362          -  283.34732      -   396 4948s
  6435  5994  315.49618  190 1566          -  283.34732      -   396 4977s
  6453  5994  315.49618  192 1361          -  283.34732      -   396 5000s
  6461  6000  367.03586  192 1090          -  283.34732      -   396 5030s
  6470  6007  315.49618  194 1824          -  283.34732      -   395 5040s
  6492  6018  315.49618  197 1191          -  283.34732      -   395 5048s
  6510  6023  315.75439  200 1418          -  283.34732      -   395 5089s
  6525  6033  315.75439  202 1361          -  283.34732      -   394 5132s
  6540  6042  376.04517  204 1177          -  283.34732      -   394 5215s
  6554  6056  315.75550  206 1731          -  283.34732      -   394 5242s
  6575  6073  315.89578  209 1467          -  283.34732      -   394 5276s
  6599  6087  330.14623  212 1627          -  283.34732      -   393 5319s
  6623  6097  322.86198  216 1699          -  283.34732      -   392 5352s
  6641  6110  369.23905  218 1122          -  283.34732      -   392 5382s
  6660  6124  316.48467  220 1173          -  283.34732      -   391 5403s
  6680  6183  316.78261  222 1173          -  283.34732      -   391 5455s
  6757  6161  367.41355  247 1059          -  283.34732      -   389 5488s
  6764  6276  369.26517  247 1058          -  283.34732      -   389 5522s
  6943  6227  396.57192  280  724          -  283.34732      -   382 5586s
  6955  6426 infeasible  280               -  283.34732      -   381 5601s
  7189  6564  398.05120  305 1000          -  283.34732      -   374 5614s
  7427  6494  417.60549  319 1347          -  283.34732      -   367 5644s
  7437  6757  446.38560  320 1355          -  283.34732      -   367 5659s
  7782  6854  284.13310   90 1016          -  283.34732      -   356 5675s
  8088  6844  301.95100  118 1332          -  283.34732      -   347 5687s
  8200  6987  303.84227  127 1479          -  283.34732      -   344 5703s
  8475  6936  304.49143  141  915          -  283.34732      -   336 5717s
  8522  7133 infeasible  155               -  283.34732      -   336 5735s
  8831  7150  293.68789  150 1015          -  283.35221      -   329 5749s
  8964  7155  315.35127  190 1714          -  283.35221      -   327 5764s
  9039  7361 infeasible  216               -  283.35221      -   325 5782s
  9340  7527  284.50742   98 1350          -  283.38005      -   319 5798s
  9679  7498  284.15659   86 2291          -  283.39514      -   312 5812s
  9811  7552  290.55858   98  859          -  283.39514      -   309 5831s
  9927  7799  295.79425  123  911          -  283.40991      -   306 5851s
 10279  8183  287.18575  104  862          -  283.40991      -   300 5953s
 10893  8181  287.96162   95  722          -  283.40992      -   288 5976s
 11205  8356  297.19627  135  661          -  283.40992      -   284 5992s
 11496  8284 infeasible  183               -  283.40992      -   280 6009s
 11543  8571  372.59649  187  710          -  283.40992      -   279 6029s
 12004  8481  283.92025   84  692          -  283.40993      -   272 6041s
 12067  8666  284.22623   91  654          -  283.40993      -   272 6056s
 12345  8891  283.82260   92 2427          -  283.40993      -   269 6072s
 12725  8781  327.24674  137  757          -  283.40993      -   264 6092s
 12744  8939  326.55488  136  753          -  283.40993      -   264 6109s
 12924  9041  337.85182  158  755          -  283.40993      -   262 6128s
 13164  9082  286.68777  103  993          -  283.40993      -   260 6144s
 13305  9333  293.36439  136 1032          -  283.40993      -   258 6163s
 13692  9480 infeasible  102               -  283.41005      -   255 6182s
 14012  9391  291.06325  122  760          -  283.41005      -   251 6213s
 14030  9750  291.37478  128  755          -  283.41005      -   251 6237s
 14423  9987  321.17519  149  988          -  283.41005      -   247 6262s
 14942  9911  285.72351  101  779          -  283.41007      -   242 6283s
 15053  9878  290.36761  104  729          -  283.41007      -   242 6306s
 15057  9936  290.52136  105  728          -  283.41007      -   242 6329s
 15116  9933  291.20587  106  732          -  283.41007      -   241 6360s
 15159  9958  294.97494  104  801          -  283.41015      -   241 6383s
 15200 10033  293.40978  105  745          -  283.41015      -   241 6405s
 15297 10103  291.37782  107  736          -  283.41015      -   240 6440s
 15410 10073  291.41138  108  734          -  283.41015      -   239 6477s
 15434 10267  291.59402  109  724          -  283.41015      -   238 6512s
 15714 10200  291.61236  110  725          -  283.41015      -   236 6538s
 15756 10364  297.19715  111  750          -  283.41015      -   235 6620s
 15967 10428  299.85995  111  751          -  283.41015      -   234 6653s
 16123 10700  297.14927  110  854          -  283.41015      -   232 6687s
H16505 10416                     569.0000000  283.41015  50.2%   229 6718s
H16667 10374                     567.0000000  283.41016  50.0%   228 6754s
H16926 10030                     522.4000000  283.41016  45.7%   227 6754s
H17065  9884                     520.4000000  283.41069  45.5%   227 6801s
 17269 10535  396.75104  125  987  520.40000  283.41139  45.5%   226 6846s
H18163 10091                     518.6000000  283.41944  45.3%   219 6885s
H18166 10089                     510.5000000  283.41944  44.5%   219 6885s
 18167 10280  418.52365  158 1509  510.50000  283.41944  44.5%   219 6917s
 18410 10918  315.77398  155  831  510.50000  283.41944  44.5%   217 6956s
H19200 10909                     494.4000000  283.42533  42.7%   212 6985s
 19204 11184  292.34237   99 1141  494.40000  283.42533  42.7%   212 7017s
 19550 11344  304.68420   99  548  494.40000  283.42845  42.7%   211 7044s
H19669 11340                     493.0000000  283.42845  42.5%   210 7044s
 19771 12052  313.95381  179 1179  493.00000  283.42845  42.5%   210 7089s

Cutting planes:
  Gomory: 11
  Cover: 31
  Implied bound: 25
  Projected implied bound: 15
  Clique: 3
  MIR: 30
  Flow cover: 143
  GUB cover: 7
  Zero half: 27
  RLT: 51
  Relax-and-lift: 10

Explored 20627 nodes (4405783 simplex iterations) in 7201.67 seconds (5549.06 work units)
Thread count was 4 (of 8 available processors)

Solution count 8: 493 494.4 510.5 ... 569

Time limit reached
Best objective 4.930000000000e+02, best bound 2.835000000000e+02, gap 42.4949%
