
Gurobi 13.0.2 (linux64) logging started Tue Jul  7 11:42:33 2026

Set parameter LogFile to value "src/Resultados/Restriccion todas cliques/logs/RC107-25.xml_log.log"
Set parameter Threads to value 4
Gurobi Optimizer version 13.0.2 build v13.0.2rc1 (linux64 - "Rocky Linux 9.7 (Blue Onyx)")

CPU model: QEMU Virtual CPU version 2.5+, instruction set [SSE2]
Thread count: 8 physical cores, 8 logical processors, using up to 4 threads

Non-default parameters:
TimeLimit  7200
Threads  4

Optimize a model with 98186 rows, 58050 columns and 682425 nonzeros (Min)
Model fingerprint: 0xcfbe5542
Model has 5205 linear objective coefficients
Variable types: 13080 continuous, 44970 integer (44955 binary)
Coefficient statistics:
  Matrix range     [1e+00, 4e+04]
  Objective range  [2e+00, 6e+01]
  Bounds range     [1e+00, 2e+03]
  RHS range        [1e+00, 4e+04]

Presolve removed 31227 rows and 240 columns (presolve time = 5s)...
Presolve removed 31227 rows and 240 columns
Presolve time: 5.23s
Presolved: 66959 rows, 57810 columns, 289950 nonzeros
Variable types: 375 continuous, 57435 integer (49275 binary)
Deterministic concurrent LP optimizer: primal and dual simplex
Showing primal log only...


Root simplex log...

Iteration    Objective       Primal Inf.    Dual Inf.      Time
       0    2.1457000e+03   2.324369e+03   2.578264e+10      7s
   17822    3.8275690e+02   1.139820e+02   3.343047e+09     10s
   25872    3.4326268e+02   2.552673e+01   4.236263e+09     15s
   31248    3.3410904e+02   7.886913e+00   2.002294e+09     20s
   37323    3.1257983e+02   0.000000e+00   5.353219e+04     25s
   43792    2.7190000e+02   4.643005e+00   0.000000e+00     30s
   46119    2.7190000e+02   0.000000e+00   0.000000e+00     33s
Concurrent spin time: 1.27s

Solved with primal simplex

Root relaxation: objective 2.719000e+02, 46119 iterations, 27.18 seconds (17.48 work units)

    Nodes    |    Current Node    |     Objective Bounds      |     Work
 Expl Unexpl |  Obj  Depth IntInf | Incumbent    BestBd   Gap | It/Node Time

     0     0  271.90000    0 3413          -  271.90000      -     -   41s
     0     0  271.90000    0 2469          -  271.90000      -     -   42s
     0     0  271.90000    0 9841          -  271.90000      -     -   62s
     0     0  271.90000    0 9652          -  271.90000      -     -   63s
     0     0  271.90000    0 9281          -  271.90000      -     -   65s
     0     0  271.90000    0 8101          -  271.90000      -     -   67s
     0     0  271.90000    0 7850          -  271.90000      -     -   67s
     0     0  271.90000    0 10278          -  271.90000      -     -   75s
     0     0  271.90000    0 10278          -  271.90000      -     -   75s
     0     0  271.90000    0 2102          -  271.90000      -     -   87s
     0     0  271.90000    0 2786          -  271.90000      -     -  100s
     0     0  271.90000    0 2767          -  271.90000      -     -  100s
     0     0  271.90000    0 6405          -  271.90000      -     -  112s
     0     0  271.90000    0 6405          -  271.90000      -     -  112s
     0     0  271.90000    0 3013          -  271.90000      -     -  131s
     0     0  271.90000    0 10871          -  271.90000      -     -  135s
     0     0  271.90000    0 9384          -  271.90000      -     -  137s
     0     0  271.90000    0 11332          -  271.90000      -     -  150s
     0     0  271.90000    0 10252          -  271.90000      -     -  150s
     0     0  271.90000    0 4405          -  271.90000      -     -  159s
     0     0  271.90000    0 6470          -  271.90000      -     -  161s
     0     0  271.90000    0 7472          -  271.90000      -     -  165s
     0     0  271.90000    0 2768          -  271.90000      -     -  177s
     0     0  271.90000    0 2418          -  271.90000      -     -  178s
     0     0  271.90000    0 2418          -  271.90000      -     -  189s
     0     2  271.90000    0 2418          -  271.90000      -     -  202s
     3     8  271.90000    2 7965          -  271.90000      -  1241  207s
    11    24  271.95067    4 8795          -  271.90000      -  1169  214s
    23    24  271.90000    4 10062          -  271.90000      -   629  215s
    25    29  271.95067    5 9371          -  271.90000      -  1158  228s
    30    33  271.95067    6 9369          -  271.90000      -  1887  234s
    34    38  271.95067    7 9277          -  271.90000      -  1702  242s
    39    80  271.95067    9 9278          -  271.90000      -  1493  252s
    81   174  271.96232   29 9511          -  271.90000      -   723  262s
   175   475  272.02668   74 7979          -  271.90000      -   344  276s
   476   935  276.65531  173 6363          -  271.90000      -   141  293s
   947  1276  272.11790  106 8308          -  271.90000      -  81.9  304s
  1289  1470  276.83333  189 6353          -  271.90000      -  67.9  311s
  1486  1621  277.24444  215 7047          -  271.90000      -  67.9  318s
  1637  1789  277.82000  224 7845          -  271.90000      -  69.0  327s
  1807  2075  278.81667  262 7821          -  271.90000      -  68.1  335s
  2094  2300  279.00556  313 7348          -  271.90000      -  62.9  343s
  2342  2486  281.43774  404 6178          -  271.90000      -  60.9  351s
  2534  2487  280.40000  208 2418          -  271.90000      -  60.6  493s
  2535  2488  274.60000    8 2418          -  271.90000      -  60.6  495s
  2536  2488  275.93254  124 3900          -  275.93254      -  60.6  558s
  2537  2489  276.29273  294 3820          -  276.29273      -  60.6  583s
  2538  2490  279.38509  254 4825          -  279.38509      -  60.6  598s
  2539  2490  485.49758  573 4774          -  279.38509      -  60.5  617s
  2540  2491  279.59234  277 4134          -  279.59234      -  60.5  633s
  2541  2492  280.30252   44 2776          -  280.30252      -  60.5  652s
  2542  2492  311.90000  406 4114          -  280.30252      -  60.5  668s
  2543  2493  281.33640   33 2528          -  281.33640      -  60.4  687s
  2544  2494  333.55286  736 3237          -  281.48421      -  60.4  706s
  2545  2494  281.80767  279 2219          -  281.80767      -  60.4  731s
  2546  2495  281.80767   70 3766          -  281.80767      -  60.4  749s
  2547  2496  296.59624  594 1497          -  282.40767      -  60.3  762s
  2548  2496  299.01245  608 1685          -  282.40767      -  60.3  783s
  2549  2497  285.90000  469 1340          -  282.40767      -  60.3  804s
  2550  2498  282.40767  177 2902          -  282.40767      -  60.3  819s
  2551  2498  299.28684  240 2261          -  282.40767      -  60.2  844s
  2552  2499  303.50000  392 2908          -  282.40767      -  60.2  867s
  2553  2500  282.40767  334 2154          -  282.40767      -  60.2  883s
  2554  2500  282.40767  152 2637          -  282.40767      -  60.2  898s
  2555  2501  282.40767  545 1647          -  282.40767      -  60.1  916s
  2556  2502  413.54004  534 3563          -  282.40767      -  60.1  940s
  2557  2502  282.40767   40 2349          -  282.40767      -  60.1  965s
  2558  2503  308.16857  282 2478          -  282.40767      -  60.1  977s
  2559  2504  282.40767  535 1262          -  282.40767      -  60.1  998s
  2562  2507  286.61801  306 2418          -  282.40767      -   164 1025s
  2564  2508  282.40767  165 5531          -  282.40767      -   164 1106s
  2565  2509  282.40767   25 6403          -  282.40767      -   164 1130s
  2566  2510  282.40767   86 5970          -  282.40767      -   164 1154s
  2567  2510  282.40767  249 1843          -  282.40767      -   164 1179s
  2568  2511  282.50590  322 3717          -  282.50590      -   164 1215s
  2569  2512  282.52314  436 2273          -  282.52314      -   163 1230s
  2570  2512  282.52562   27 4404          -  282.52562      -   163 1248s
  2571  2513  285.90000  101 2475          -  282.53364      -   163 1267s
  2572  2514  412.42439  473 3588          -  282.53423      -   163 1292s
  2573  2514  298.99779  603 2060          -  282.54058      -   163 1307s
  2574  2515  289.10000   86 2856          -  282.54517      -   163 1334s
  2575  2516  289.10000  493 2423          -  282.57962      -   163 1358s
  2576  2516  282.59374  196 2578          -  282.59374      -   163 1390s
  2577  2517  282.90000   49 1960          -  282.90000      -   163 1410s
  2578  2518  282.90000  126 3078          -  282.90000      -   163 1423s
  2579  2518  283.00000  115  715          -  283.00000      -   163 1450s
  2580  2519  412.90813  522 1516          -  283.00000      -   163 1455s
  2581  2520  283.00000  154 2015          -  283.00000      -   163 1473s
  2582  2520  283.00000  174 2400          -  283.00000      -   163 1484s
  2583  2521  339.43962  414  963          -  283.00000      -   163 1508s
  2584  2522  283.00000  258 2982          -  283.00000      -   162 1522s
  2585  2522  283.00000  142 1554          -  283.00000      -   162 1546s
  2586  2523  285.90000  101 2977          -  283.00000      -   162 1556s
  2587  2524  283.00000   32 1744          -  283.00000      -   162 1616s
H 2587  2397                     442.6000000  283.00000  36.1%   162 1646s
H 2587  2277                     440.4000000  283.00000  35.7%   162 1646s
H 2588  2162                     436.1000000  283.00000  35.1%   162 1670s
  2592  2166  289.10000  113 2418  436.10000  283.00000  35.1%   276 1703s
H 2593  2058                     434.4000000  283.00000  34.9%   275 1743s
  2594  2058  339.76090  432 4564  434.40000  283.00000  34.9%   275 1753s
  2595  2059  283.00000  117 4655  434.40000  283.00000  34.9%   275 1777s
  2596  2060  283.00000   66 2677  434.40000  283.00000  34.9%   275 1784s
H 2596  1957                     433.1000000  283.00000  34.7%   275 1811s
H 2596  1859                     432.1000000  283.00000  34.5%   275 1811s
  2598  1860  283.00000  325 4447  432.10000  283.00000  34.5%   275 1826s
  2599  1861  283.00000   96 2006  432.10000  283.00000  34.5%   275 1849s
H 2599  1768                     432.0000000  283.00000  34.5%   275 1858s
  2600  1768  283.00000  224 3484  432.00000  283.00000  34.5%   275 1861s
  2601  1769  283.00000   48 1890  432.00000  283.00000  34.5%   275 1882s
  2602  1770  283.00000  276 3215  432.00000  283.00000  34.5%   274 1896s
  2603  1770  283.00000  522 1328  432.00000  283.00000  34.5%   274 1919s
H 2603  1681                     374.4000000  283.00000  24.4%   274 1928s
  2604  1682  283.00000   15 3575  374.40000  283.00000  24.4%   274 1939s
H 2604  1598                     372.7000000  283.00050  24.1%   274 1961s
  2605  1599  305.57742  371 1553  372.70000  283.00050  24.1%   274 1974s
  2606  1599  283.00512  126 2909  372.70000  283.00512  24.1%   274 1990s
  2607  1600  283.10610  239 1151  372.70000  283.10610  24.0%   274 2010s
  2608  1601  285.90000   84 2269  372.70000  283.12057  24.0%   274 2018s
  2609  1601  333.55286  740 1709  372.70000  283.12129  24.0%   274 2047s
  2610  1602  283.13705  142 3196  372.70000  283.13705  24.0%   274 2062s
  2611  1603  372.70000  527 1967  372.70000  283.15000  24.0%   274 2083s
  2612  1603  339.81854  442 2213  372.70000  283.15000  24.0%   273 2090s
H 2612  1522                     370.7000000  283.20000  23.6%   273 2109s
  2614  1524  283.30285   40 3064  370.70000  283.30285  23.6%   273 2130s
  2615  1524  283.31704  334 1521  370.70000  283.31704  23.6%   273 2150s
  2616  1525  284.40000  353 2258  370.70000  283.31704  23.6%   273 2167s
H 2616  1449                     370.1000000  283.31704  23.4%   273 2195s
H 2616  1376                     368.8000000  283.31704  23.2%   273 2196s
H 2616  1307                     367.9000000  283.31704  23.0%   273 2200s
  2618  1308  283.31704   71 1689  367.90000  283.31704  23.0%   273 2209s
  2619  1309  283.32965  163 1719  367.90000  283.32965  23.0%   273 2230s
  2620  1310  283.32965  187 1948  367.90000  283.32965  23.0%   273 2242s
  2621  1310  330.40010  317 1315  367.90000  283.32965  23.0%   273 2260s
  2622  1311  333.71429  730 1267  367.90000  283.32965  23.0%   272 2270s
  2623  1312  283.32965  534 1429  367.90000  283.32965  23.0%   272 2289s
  2624  1312  283.32965  178 1925  367.90000  283.32965  23.0%   272 2296s
  2625  1313  367.90000  536  995  367.90000  283.40000  23.0%   272 2310s
  2626  1314  367.90000  484 2041  367.90000  283.40000  23.0%   272 2320s
  2627  1314  284.40000  290  591  367.90000  283.40000  23.0%   272 2335s
H 2627  1247                     367.1000000  283.40000  22.8%   272 2339s
  2628  1248  333.71429  728 1591  367.10000  283.40000  22.8%   272 2341s
  2629  1249  283.40000  229 1017  367.10000  283.40000  22.8%   272 2378s
  2630  1249  284.40000  353 1180  367.10000  283.40000  22.8%   272 2385s
  2631  1250  295.12969  655  895  367.10000  283.40000  22.8%   271 2398s
  2632  1251  289.10000  110 2263  367.10000  283.40000  22.8%   271 2406s
H 2632  1188                     364.5000000  283.40000  22.2%   271 2426s
  2634  1189  283.40000  208  814  364.50000  283.40000  22.2%   271 2430s
  2636  1192  283.40000  124 2418  364.50000  283.40000  22.2%   415 2458s
  2638  1193  283.40000  254 4305  364.50000  283.40000  22.2%   415 2524s
  2639  1194  364.50000  573 1359  364.50000  283.40000  22.2%   415 2547s
  2640  1195  283.40000  277 3942  364.50000  283.40000  22.2%   415 2561s
  2641  1195  283.40000   44 1317  364.50000  283.40000  22.2%   415 2580s
  2642  1196  311.90000  406 2824  364.50000  283.40000  22.2%   414 2598s
  2643  1197  283.40000   33  582  364.50000  283.40000  22.2%   414 2625s
  2644  1197  333.55286  736 2918  364.50000  283.40000  22.2%   414 2642s
  2645  1198  283.40000  279 1514  364.50000  283.40000  22.2%   414 2657s
  2646  1199  283.40000   70 2627  364.50000  283.40000  22.2%   414 2676s
  2647  1199  296.59624  594 1992  364.50000  283.40000  22.2%   414 2698s
  2648  1200  299.01245  608 2794  364.50000  283.40000  22.2%   414 2716s
  2649  1201  285.90000  469 1536  364.50000  283.40000  22.2%   413 2737s
  2650  1201  283.40000  177 2769  364.50000  283.40000  22.2%   413 2755s
  2651  1202  299.28684  240 1554  364.50000  283.40000  22.2%   413 2776s
  2652  1203  303.50000  392 5047  364.50000  283.40000  22.2%   413 2795s
  2653  1203  283.40000  334 2056  364.50000  283.40000  22.2%   413 2816s
  2654  1204  283.40000  152 3890  364.50000  283.40000  22.2%   413 2832s
  2655  1205  283.40000  545 1764  364.50000  283.40000  22.2%   412 2870s
  2656  1205  364.50000  534 3390  364.50000  283.40000  22.2%   412 2885s
  2657  1206  283.40000   40 1488  364.50000  283.40000  22.2%   412 2942s
  2658  1207  308.16857  282 2142  364.50000  283.40000  22.2%   412 2957s
  2659  1207  283.40000  535 2017  364.50000  283.40000  22.2%   412 2987s
  2660  1208  283.40000  234 3416  364.50000  283.40000  22.2%   412 3000s
  2661  1209  283.40000  166 1953  364.50000  283.40000  22.2%   412 3027s
  2662  1209  286.61801  306 2173  364.50000  283.40000  22.2%   411 3037s
  2663  1210  283.43372  122 1478  364.50000  283.43372  22.2%   411 3052s
  2664  1211  283.49542  165 3935  364.50000  283.49542  22.2%   411 3064s
  2665  1211  283.51290   25 3300  364.50000  283.51290  22.2%   411 3091s
  2666  1212  283.52278   86 4695  364.50000  283.52278  22.2%   411 3111s
  2667  1213  283.52756  249 1767  364.50000  283.52756  22.2%   411 3132s
  2668  1213  283.52760  322 3641  364.50000  283.52760  22.2%   410 3146s
  2669  1214  283.52960  436 2725  364.50000  283.52960  22.2%   410 3172s
  2670  1215  283.52969   27 3079  364.50000  283.52969  22.2%   410 3182s
  2671  1215  285.90000  101 2214  364.50000  283.55909  22.2%   410 3197s
  2672  1216  364.50000  473 3823  364.50000  283.56667  22.2%   410 3205s
  2673  1217  298.99779  603 3065  364.50000  283.62273  22.2%   410 3224s
  2674  1217  289.10000   86 4810  364.50000  283.62273  22.2%   410 3240s
  2675  1218  289.10000  493 2691  364.50000  283.62273  22.2%   409 3257s
  2676  1219  283.62273  196 3252  364.50000  283.62273  22.2%   409 3265s
  2677  1219  283.62273   49 2691  364.50000  283.62273  22.2%   409 3285s
  2678  1220  283.62273  126 3503  364.50000  283.62273  22.2%   409 3294s
  2679  1221  283.62273  115 2834  364.50000  283.62273  22.2%   409 3306s
  2680  1221  364.50000  522 3648  364.50000  283.62273  22.2%   409 3313s
  2681  1222  283.62273  154 2732  364.50000  283.62273  22.2%   408 3327s
  2682  1223  283.62273  174 2928  364.50000  283.62273  22.2%   408 3334s
  2683  1223  339.43962  414 2513  364.50000  283.62273  22.2%   408 3354s
  2684  1224  283.62273  258 3132  364.50000  283.62273  22.2%   408 3362s
  2685  1225  283.62273  142 2578  364.50000  283.62273  22.2%   408 3379s
  2686  1225  285.90000  101 2981  364.50000  283.62273  22.2%   408 3390s
  2687  1226  283.62273   32 2375  364.50000  283.62273  22.2%   408 3408s
  2688  1227  283.62273  121 2279  364.50000  283.62273  22.2%   407 3413s
  2689  1227  283.62273  265 2665  364.50000  283.62273  22.2%   407 3425s
  2692  1231  289.10000  113 2418  364.50000  283.62273  22.2%   593 3453s
  2694  1232  339.76090  432 4388  364.50000  283.62273  22.2%   593 3508s
  2695  1233  283.62273  117 4432  364.50000  283.62273  22.2%   593 3536s
  2696  1234  283.62273   66 4281  364.50000  283.62273  22.2%   592 3552s
  2697  1234  341.95648  458 3892  364.50000  283.62273  22.2%   592 3573s
  2698  1235  283.62273  325 2005  364.50000  283.62273  22.2%   592 3583s
  2699  1236  283.62273   96 1321  364.50000  283.62273  22.2%   592 3606s
  2700  1236  283.62273  224 2181  364.50000  283.62273  22.2%   592 3616s
  2701  1237  283.62273   48 1006  364.50000  283.62273  22.2%   591 3634s
  2702  1238  283.62273  276 2083  364.50000  283.62273  22.2%   591 3647s
  2703  1238  283.62273  522  907  364.50000  283.62273  22.2%   591 3675s
  2704  1239  283.62273   15 1392  364.50000  283.62273  22.2%   591 3684s
  2705  1240  305.57742  371  478  364.50000  283.62273  22.2%   591 3718s
  2706  1240  283.62273  126 1494  364.50000  283.62273  22.2%   590 3731s
  2707  1241  283.62273  239  513  364.50000  283.62273  22.2%   590 3759s
H 2707  1178                     364.4000000  283.62273  22.2%   590 3766s
  2708  1179  285.90000   84 3255  364.40000  283.62273  22.2%   590 3781s
  2709  1179  333.55286  740  851  364.40000  283.62273  22.2%   590 3800s
  2710  1180  283.62273  142 2523  364.40000  283.62273  22.2%   589 3813s
  2711  1181  364.40000  527  420  364.40000  283.62273  22.2%   589 3833s
  2712  1181  339.81854  442 2485  364.40000  283.62273  22.2%   589 3848s
  2713  1182  299.41228  226  596  364.40000  283.62273  22.2%   589 3871s
  2714  1183  283.62273   40 1433  364.40000  283.62273  22.2%   589 3891s
  2715  1183  283.62273  334  661  364.40000  283.62273  22.2%   588 3913s
  2716  1184  284.40000  353 1962  364.40000  283.62273  22.2%   588 3929s
  2717  1185  283.62273  174  834  364.40000  283.62273  22.2%   588 3947s
  2718  1185  283.62273   71 2446  364.40000  283.62273  22.2%   588 3967s
  2719  1186  283.65000  163  954  364.40000  283.65000  22.2%   587 3986s
  2720  1187  283.65000  187 1724  364.40000  283.65000  22.2%   587 3994s
  2721  1187  330.40010  317 1699  364.40000  283.65000  22.2%   587 4034s
H 2721  1127                     363.7000000  283.65000  22.0%   587 4035s
  2723  1129  283.65000  534 1001  363.70000  283.65000  22.0%   587 4068s
  2724  1129  283.65000  178 2906  363.70000  283.65000  22.0%   586 4082s
  2725  1130  363.70000  536 1417  363.70000  283.65000  22.0%   586 4099s
  2726  1131  363.70000  484 1433  363.70000  283.65000  22.0%   586 4109s
  2727  1131  284.40000  290 1173  363.70000  283.65000  22.0%   586 4131s
  2728  1132  333.71429  728 1435  363.70000  283.65000  22.0%   586 4140s
  2729  1133  283.65000  229  884  363.70000  283.65000  22.0%   585 4155s
  2730  1133  284.40000  353 1303  363.70000  283.65000  22.0%   585 4164s
  2731  1134  295.12969  655 1117  363.70000  283.65000  22.0%   585 4185s
  2732  1135  289.10000  110 2104  363.70000  283.65000  22.0%   585 4198s
  2733  1135  363.70000  504  900  363.70000  283.65000  22.0%   584 4214s
  2736  1139  283.65000  124 2418  363.70000  283.65000  22.0%   728 4242s
  2738  1140  283.65000  254 4073  363.70000  283.65000  22.0%   727 4310s
  2739  1141  363.70000  573 1236  363.70000  283.65000  22.0%   727 4332s
  2740  1142  283.65000  277 2059  363.70000  283.65000  22.0%   727 4340s
  2741  1142  283.65000   44 1451  363.70000  283.65000  22.0%   727 4360s
  2742  1143  311.90000  406 2767  363.70000  283.65000  22.0%   726 4375s
  2743  1144  283.65000   33 1626  363.70000  283.65000  22.0%   726 4398s
  2744  1144  333.55286  736 3209  363.70000  283.65000  22.0%   726 4414s
  2745  1145  283.65000  279 1291  363.70000  283.65000  22.0%   725 4432s
  2746  1146  283.65000   70 2315  363.70000  283.65000  22.0%   725 4444s
  2747  1146  296.59624  594  912  363.70000  283.65000  22.0%   725 4464s
  2748  1147  299.01245  608 2052  363.70000  283.65000  22.0%   725 4477s
  2749  1148  285.90000  469 1584  363.70000  283.65000  22.0%   724 4500s
  2750  1148  283.65000  177 2195  363.70000  283.65000  22.0%   724 4515s
  2751  1149  299.28684  240 1453  363.70000  283.65000  22.0%   724 4541s
  2752  1150  303.50000  392 1353  363.70000  283.65000  22.0%   724 4547s
  2753  1150  283.65000  334 1588  363.70000  283.65000  22.0%   723 4584s
  2754  1151  283.65000  152 2080  363.70000  283.65000  22.0%   723 4592s
  2755  1152  283.65000  545 1281  363.70000  283.65000  22.0%   723 4614s
  2756  1152  363.70000  534 2172  363.70000  283.65000  22.0%   723 4621s
  2757  1153  283.65000   40 1290  363.70000  283.65000  22.0%   722 4640s
  2758  1154  308.16857  282 2628  363.70000  283.65000  22.0%   722 4648s
  2759  1154  283.65000  535 2003  363.70000  283.65000  22.0%   722 4673s
  2760  1155  283.65000  234 2502  363.70000  283.65000  22.0%   722 4689s
  2761  1156  283.65000  166  684  363.70000  283.65000  22.0%   721 4729s
  2762  1156  286.61801  306 1824  363.70000  283.65000  22.0%   721 4745s
  2763  1157  283.65000  122 1066  363.70000  283.65000  22.0%   721 4773s
  2764  1158  283.65000  165 1585  363.70000  283.65000  22.0%   720 4784s
  2765  1158  283.65000   25 1023  363.70000  283.65000  22.0%   720 4807s
  2766  1159  283.65000   86 1896  363.70000  283.65000  22.0%   720 4818s
  2767  1160  283.65000  249  969  363.70000  283.65000  22.0%   720 4850s
  2768  1160  283.65000  322 3371  363.70000  283.65000  22.0%   719 4861s
  2769  1161  283.65000  436 1416  363.70000  283.65000  22.0%   719 4891s
  2770  1162  283.65000   27 3929  363.70000  283.65000  22.0%   719 4902s
  2771  1162  285.90000  101 1750  363.70000  283.65000  22.0%   719 4922s
  2772  1163  363.70000  473 4674  363.70000  283.65000  22.0%   718 4936s
  2773  1164  298.99779  603 1770  363.70000  283.65000  22.0%   718 4959s
  2774  1164  289.10000   86 1130  363.70000  283.65000  22.0%   718 4968s
  2775  1165  289.10000  493 1130  363.70000  283.65000  22.0%   718 4991s
  2776  1169  283.65000   78 1854  363.70000  283.65000  22.0%   849 5010s
  2778  1172  283.65000   79  925  363.70000  283.65000  22.0%   849 5023s
  2782  1175  283.65000   80 2160  363.70000  283.65000  22.0%   851 5028s
  2786  1184  283.65000   81 1659  363.70000  283.65000  22.0%   851 5034s
  2797  1187  283.65000   83 1983  363.70000  283.65000  22.0%   853 5038s
  2803  1190  286.03834   83 2446  363.70000  283.65000  22.0%   855 5053s
  2808  1193  283.65000   84 1297  363.70000  283.65000  22.0%   854 5063s
  2815  1197  283.65000   85 1918  363.70000  283.65000  22.0%   855 5077s
  2821  1203  283.72377   85 1467  363.70000  283.65000  22.0%   855 5082s
  2829  1204  284.93424   86 1989  363.70000  283.65000  22.0%   855 5095s
  2833  1209  283.65000   87 1836  363.70000  283.65000  22.0%   855 5105s
  2839  1210  283.80426   88 1635  363.70000  283.65000  22.0%   854 5116s
  2848  1213  283.80563   89 1633  363.70000  283.65000  22.0%   855 5122s
  2858  1212  283.81051   90 2469  363.70000  283.65000  22.0%   855 5127s
  2863  1216  289.97012   90 2280  363.70000  283.65000  22.0%   855 5224s
  2868  1218  283.81199   91 2423  363.70000  283.65000  22.0%   855 5251s
  2872  1221  291.88415   91 3212  363.70000  283.65000  22.0%   856 5300s
  2876  1223  283.81259   92 2428  363.70000  283.65000  22.0%   856 5310s
  2880  1227  290.66000   92 3078  363.70000  283.65000  22.0%   857 5319s
  2885  1231  283.81323   93 2177  363.70000  283.65000  22.0%   858 5336s
  2891  1235  285.80000   93 2375  363.70000  283.65000  22.0%   858 5367s
  2897  1238  283.82220   94 2182  363.70000  283.65000  22.0%   859 5376s
  2902  1242  286.41218   94 2888  363.70000  283.65000  22.0%   860 5438s
  2907  1249  283.82541   95 2409  363.70000  283.65000  22.0%   861 5447s
  2916  1250  296.76000   95 3362  363.70000  283.65000  22.0%   861 5473s
  2920  1256  283.83499   96 1625  363.70000  283.65000  22.0%   862 5483s
  2932  1259  288.55358   96 2152  363.70000  283.65000  22.0%   860 5497s
  2939  1268  283.85073   97 1626  363.70000  283.65000  22.0%   861 5506s
  2959  1268 infeasible  101       363.70000  283.65000  22.0%   858 5519s
  2973  1282  283.65000   89 3237  363.70000  283.65000  22.0%   856 5530s
  2994  1285  283.65000   92 2167  363.70000  283.65000  22.0%   855 5541s
  3004  1290  283.80487   93 1949  363.70000  283.65000  22.0%   856 5552s
  3012  1301  283.65000   94 1742  363.70000  283.65000  22.0%   856 5564s
  3026  1307  283.80350   96 1751  363.70000  283.65000  22.0%   855 5578s
  3037  1313  283.82308   99 1753  363.70000  283.65000  22.0%   856 5602s
  3046  1315  299.13403  101 2246  363.70000  283.65000  22.0%   858 5622s
  3053  1323  290.03053  102 2227  363.70000  283.65000  22.0%   859 5636s
  3064  1327  290.33368  105 2045  363.70000  283.65000  22.0%   859 5655s
  3073  1332  302.81960  107 2695  363.70000  283.65000  22.0%   860 5671s
  3083  1333  300.00000  110 2849  363.70000  283.65000  22.0%   861 5702s
  3088  1336  306.71339  110 2676  363.70000  283.65000  22.0%   862 5747s
  3092  1339  300.01150  111 1411  363.70000  283.65000  22.0%   865 5776s
  3097  1345  301.74983  111 2065  363.70000  283.65000  22.0%   867 5797s
  3104  1351  300.45081  112 2067  363.70000  283.65000  22.0%   869 5880s
  3113  1368  300.56019  113 2021  363.70000  283.65000  22.0%   872 5899s
  3133  1380  300.69693  116 2038  363.70000  283.65000  22.0%   875 5919s
  3151  1378  300.69693  119 1951  363.70000  283.65000  22.0%   879 5938s
  3155  1380  303.30272  119 1234  363.70000  283.65000  22.0%   881 5959s
  3159  1386  300.69693  120 2102  363.70000  283.65000  22.0%   881 5981s
  3168  1392  301.40000  122 1748  363.70000  283.65000  22.0%   881 6006s
  3181  1404  311.36020  126 1981  363.70000  283.65000  22.0%   884 6036s
  3205  1414  301.40000  129 1106  363.70000  283.65000  22.0%   883 6057s
  3237  1432  301.40000  134 1880  363.70000  283.65000  22.0%   882 6078s
  3274  1449  301.40000  139 1600  363.70000  283.65000  22.0%   883 6101s
  3319  1473  301.40000  143 1819  363.70000  283.65000  22.0%   879 6124s
  3376  1507  301.40000  147 2656  363.70000  283.65000  22.0%   874 6145s
  3465  1516  301.40000  153 1594  363.70000  283.65000  22.0%   868 6168s
  3512  1588  301.40000  157 1533  363.70000  283.65000  22.0%   866 6188s
  3644  1625  304.94373  171 1055  363.70000  283.65000  22.0%   850 6210s
  3763  1589  362.76437  183  934  363.70000  283.65000  22.0%   835 6256s
  3768  1590  305.29804  184 1251  363.70000  283.65000  22.0%   835 6294s
  3773  1591  362.46177  184  785  363.70000  283.65000  22.0%   834 6355s
  3778  1593  305.29804  185 1251  363.70000  283.65000  22.0%   833 6403s
  3783  1595  362.46123  185  876  363.70000  283.65000  22.0%   833 6455s
  3787  1598  305.30283  186 1242  363.70000  283.65000  22.0%   832 6504s
  3791  1599  362.44203  186  544  363.70000  283.65000  22.0%   832 6553s
  3796  1601  305.39242  187 1240  363.70000  283.65000  22.0%   831 6592s
  3801  1603  362.76437  187 1174  363.70000  283.65000  22.0%   832 6637s
  3805  1606  305.41101  188 1239  363.70000  283.65000  22.0%   831 6686s
  3809  1606  362.76437  188  784  363.70000  283.65000  22.0%   831 6731s
  3813  1609  305.42983  189 1238  363.70000  283.65000  22.0%   830 6793s
  3817  1611  362.76437  189 1454  363.70000  283.65000  22.0%   830 6846s
  3822  1612  305.52320  190 1239  363.70000  283.65000  22.0%   830 6886s
  3827  1613  362.76437  190 1007  363.70000  283.65000  22.0%   830 6938s
  3832  1615  305.60970  191 1220  363.70000  283.65000  22.0%   829 6982s
  3837  1616  362.40000  191 1110  363.70000  283.65000  22.0%   830 7027s
  3842  1617  305.65253  192 1206  363.70000  283.65000  22.0%   829 7069s
  3846  1620  362.76437  192  929  363.70000  283.65000  22.0%   829 7120s
  3850  1622  305.65253  193 1167  363.70000  283.65000  22.0%   828 7165s
  3855  1624  305.67430  194 1186  363.70000  283.65000  22.0%   828 7200s

Cutting planes:
  Gomory: 17
  Cover: 134
  Implied bound: 113
  Projected implied bound: 133
  Clique: 4
  MIR: 74
  StrongCG: 18
  Flow cover: 599
  GUB cover: 84
  Zero half: 36
  RLT: 79
  Relax-and-lift: 122

Explored 3859 nodes (3335144 simplex iterations) in 7200.72 seconds (6196.60 work units)
Thread count was 4 (of 8 available processors)

Solution count 10: 363.7 364.4 364.5 ... 374.4

Time limit reached
Best objective 3.637000000000e+02, best bound 2.837000000000e+02, gap 21.9962%
