
Gurobi 13.0.2 (linux64) logging started Fri Jun 19 20:48:30 2026

Set parameter LogFile to value "src/Resultados/Restriccion cota global/logs/C101-25.xml_log.log"
Set parameter Threads to value 4
Gurobi Optimizer version 13.0.2 build v13.0.2rc1 (linux64 - "Rocky Linux 9.7 (Blue Onyx)")

CPU model: QEMU Virtual CPU version 2.5+, instruction set [SSE2]
Thread count: 8 physical cores, 8 logical processors, using up to 4 threads

Non-default parameters:
TimeLimit  7200
Threads  4

Optimize a model with 125287 rows, 74985 columns and 507015 nonzeros (Min)
Model fingerprint: 0xf93a4e8f
Model has 8130 linear objective coefficients
Variable types: 16575 continuous, 58410 integer (58395 binary)
Coefficient statistics:
  Matrix range     [1e+00, 4e+04]
  Objective range  [1e+00, 6e+01]
  Bounds range     [1e+00, 2e+03]
  RHS range        [1e+00, 4e+04]

Presolve removed 39450 rows and 120 columns
Presolve time: 3.92s
Presolved: 85837 rows, 74865 columns, 380010 nonzeros
Variable types: 0 continuous, 74865 integer (64320 binary)
Deterministic concurrent LP optimizer: primal and dual simplex
Showing primal log only...


Root simplex log...

Iteration    Objective       Primal Inf.    Dual Inf.      Time
       0    1.1210000e+03   2.853984e+03   1.966767e+10      6s
   20568    5.4166397e+02   1.551364e+02   1.350879e+10     10s
   24683    4.9512032e+02   1.118019e+02   5.042913e+09     15s
   30071    4.2787221e+02   4.636579e+01   2.313816e+09     20s
   34247    4.5191727e+02   4.260412e+00   2.720409e+09     25s
   37754    4.4790027e+02   5.321420e-01   3.665969e+10     30s
   42350    2.7058251e+02   0.000000e+00   3.588376e+02     35s
   47496    1.9130001e+02   1.334132e+01   0.000000e+00     40s
   50246    1.9130001e+02   0.000000e+00   0.000000e+00     45s
Concurrent spin time: 15.99s (can be avoided by choosing Method=3)

Solved with primal simplex

Root relaxation: objective 1.913000e+02, 50246 iterations, 56.12 seconds (35.62 work units)

    Nodes    |    Current Node    |     Objective Bounds      |     Work
 Expl Unexpl |  Obj  Depth IntInf | Incumbent    BestBd   Gap | It/Node Time

     0     0  191.30000    0 2156          -  191.30000      -     -   79s
     0     0  191.30000    0 1777          -  191.30000      -     -   86s
     0     0  191.30000    0 1750          -  191.30000      -     -   88s
     0     0  191.30000    0 3212          -  191.30000      -     -  110s
     0     0  191.30000    0 3212          -  191.30000      -     -  110s
     0     0  191.30000    0  565          -  191.30000      -     -  118s
H    0     0                     239.2000000  191.30000  20.0%     -  142s
     0     0  191.30000    0 5037  239.20000  191.30000  20.0%     -  184s
     0     0  191.30000    0 5037  239.20000  191.30000  20.0%     -  184s
     0     0  191.30000    0 1252  239.20000  191.30000  20.0%     -  203s
     0     0  191.30000    0 1286  239.20000  191.30000  20.0%     -  205s
     0     0  191.30000    0 4918  239.20000  191.30000  20.0%     -  215s
     0     0  191.30000    0 4918  239.20000  191.30000  20.0%     -  215s
     0     0  191.30000    0 1205  239.20000  191.30000  20.0%     -  226s
     0     0  191.30000    0 1050  239.20000  191.30000  20.0%     -  226s
     0     0  191.30000    0 1373  239.20000  191.30000  20.0%     -  228s
     0     0  191.30000    0  996  239.20000  191.30000  20.0%     -  234s
     0     0  191.30000    0  996  239.20000  191.30000  20.0%     -  239s
     0     0  191.30000    0  996  239.20000  191.30000  20.0%     -  239s
     0     0  191.30000    0  979  239.20000  191.30000  20.0%     -  241s
     0     2  191.30000    0  979  239.20000  191.30000  20.0%     -  278s
     1     4  191.30000    1 3156  239.20000  191.30000  20.0%  2675  307s
     3     8  191.30000    2 3197  239.20000  191.30000  20.0%  5446  312s
H    5     8                     235.4000000  191.30000  18.7%  3871  312s
     7    12  191.30000    3 2859  235.40000  191.30000  18.7%  2796  324s
    11    25  191.30000    4 2856  235.40000  191.30000  18.7%  3221  331s
    24    36  191.30000    9 2841  235.40000  191.30000  18.7%  1979  347s
    35    65  191.30000   14 2826  235.40000  191.30000  18.7%  1458  359s
H   58    65                     233.5000000  191.30000  18.1%   952  359s
H   64    84                     221.5000000  191.30000  13.6%  1031  384s
    83   146  211.50000   29 3702  221.50000  191.30000  13.6%  1156  398s
   191   314  191.30000   64 1465  221.50000  191.30000  13.6%   559  414s
   427   639  191.30000  144 1505  221.50000  191.30000  13.6%   304  432s
   838   960  191.30000  190 1452  221.50000  191.30000  13.6%   200  449s
  1192  1125  191.30000  197 1394  221.50000  191.30000  13.6%   175  464s
  1373  1353  191.30000  233 1258  221.50000  191.30000  13.6%   172  486s
  1627  1357  191.30000  346 1210  221.50000  191.30000  13.6%   168  498s
  1631  1361  211.50000  346 2135  221.50000  191.30000  13.6%   176  509s
  1635  1420  191.30000  347 1207  221.50000  191.30000  13.6%   177  523s
H 1637  1420                     221.4000000  191.30000  13.6%   176  523s
  1694  1666  191.30000  348 1204  221.40000  191.30000  13.6%   173  539s
  1978  1739  191.30000  362  666  221.40000  191.30000  13.6%   161  568s
  2072  1964  191.30000  380 1439  221.40000  191.30000  13.6%   166  583s
  2315  2057  211.50000  380 2132  221.40000  191.30000  13.6%   158  596s
  2419  2058  211.50000  274  979  221.40000  191.30000  13.6%   166  729s
  2421  2059  191.30000  272 2692  221.40000  191.30000  13.6%   166  802s
  2422  2060  211.50000  133 1537  221.40000  191.30000  13.6%   166  829s
  2423  2061  191.30000  325  470  221.40000  191.30000  13.6%   166  839s
  2424  2061  191.30000  367  726  221.40000  191.30000  13.6%   166  882s
  2425  2062  191.30000   59  855  221.40000  191.30000  13.6%   166  893s
  2426  2063  211.50000  274  795  221.40000  191.30000  13.6%   166  908s
  2427  2063  211.50000   17  519  221.40000  191.30000  13.6%   165  915s
  2428  2064  211.59577  282  283  221.40000  191.30000  13.6%   165  926s
  2429  2065  191.30000  267  217  221.40000  191.30000  13.6%   165  931s
  2430  2065  191.30000  352  226  221.40000  191.30000  13.6%   165  949s
  2431  2066  211.50000  312  263  221.40000  191.30000  13.6%   165  953s
  2432  2067  211.50000  555  343  221.40000  191.30000  13.6%   165  967s
  2433  2067  191.30000  134 3631  221.40000  191.30000  13.6%   165  995s
  2434  2068  211.50000  134  701  221.40000  191.30000  13.6%   165 1023s
  2435  2069  211.50000  462 2604  221.40000  191.30000  13.6%   165 1037s
  2436  2069  211.50000  297  689  221.40000  191.30000  13.6%   165 1064s
  2437  2070  191.30000   30 1592  221.40000  191.30000  13.6%   165 1074s
  2438  2071  211.50000  574 1369  221.40000  191.30000  13.6%   165 1095s
  2439  2071  211.50000  101  524  221.40000  191.30000  13.6%   165 1129s
  2440  2072  211.59649  170  524  221.40000  191.30000  13.6%   165 1151s
  2441  2076  191.30000   14  516  221.40000  191.30000  13.6%   257 1169s
  2443  2079  191.30000   15  514  221.40000  191.30000  13.6%   259 1196s
  2447  2081  191.30000   16  622  221.40000  191.30000  13.6%   261 1248s
  2450  2087  191.30000   17  620  221.40000  191.30000  13.6%   265 1272s
  2457  2094  211.50000   19 1738  221.40000  191.30000  13.6%   270 1285s
  2469  2099  191.30000   20  563  221.40000  191.30000  13.6%   273 1293s
  2478  2103  191.30000   21  562  221.40000  191.30000  13.6%   275 1301s
  2487  2109  191.30000   22 1772  221.40000  191.30000  13.6%   276 1307s
  2496  2114  191.30000   23  680  221.40000  191.30000  13.6%   277 1316s
  2506  2118  191.30000   24  610  221.40000  191.30000  13.6%   277 1336s
  2517  2120     cutoff   26       221.40000  191.30000  13.6%   277 1363s
  2531  2124  191.30000   29  598  221.40000  191.30000  13.6%   278 1382s
  2543  2124     cutoff   31       221.40000  191.30000  13.6%   278 1388s
  2557  2120     cutoff   34       221.40000  191.30000  13.6%   278 1394s
  2572  2116     cutoff   37       221.40000  191.30000  13.6%   277 1399s
  2595  2109  191.30000   41  572  221.40000  191.30000  13.6%   275 1403s
  2620  2106  191.30000   45  551  221.40000  191.30000  13.6%   273 1407s
  2637  2108     cutoff   49       221.40000  191.30000  13.6%   271 1414s
  2663  2107     cutoff   53       221.40000  191.30000  13.6%   269 1468s
  2678  2107  191.30000   58  511  221.40000  191.30000  13.6%   273 1475s
  2695  2103  211.50000   60  575  221.40000  191.30000  13.6%   272 1482s
  2713  2103  191.30000   60  507  221.40000  191.30000  13.6%   271 1488s
  2747  2094  191.30000   62  501  221.40000  191.30000  13.6%   268 1497s
  2755  2098  191.30000   63  508  221.40000  191.30000  13.6%   270 1505s
  2799  2083  211.50000   64  598  221.40000  191.30000  13.6%   267 1515s
  2807  2083  191.30000   64  505  221.40000  191.30000  13.6%   267 1522s
  2849  2073  211.50000   66  438  221.40000  191.30000  13.6%   265 1533s
  2853  2079  191.30000   66  501  221.40000  191.30000  13.6%   266 1542s
  2907  2062  211.30161   68  770  221.40000  191.30000  13.6%   263 1556s
  2913  2064  191.30000   68  491  221.40000  191.30000  13.6%   265 1566s
  2932  2070  193.03250   70 1336  221.40000  191.30000  13.6%   268 1572s
  2957  2071     cutoff   74       221.40000  191.30000  13.6%   273 1580s
  2972  2080  211.50000   17  599  221.40000  191.30000  13.6%   279 1587s
  2988  2077  211.50000   18  602  221.40000  191.30000  13.6%   285 1597s
  2993  2094  211.50000   19  599  221.40000  191.30000  13.6%   287 1605s
  3027  2109  211.50000   24  595  221.40000  191.30000  13.6%   288 1613s
  3083  2100  211.50000   47  518  221.40000  191.30000  13.6%   291 1622s
  3117  2110  211.50000   51  255  221.40000  191.30000  13.6%   293 1631s
  3181  2092 infeasible   72       221.40000  191.30000  13.6%   294 1667s
  3202  2137  191.30000   24 1521  221.40000  191.30000  13.6%   299 1674s
  3266  2120  191.31489   29  799  221.40000  191.30000  13.6%   299 1685s
  3272  2217  191.35622   31 2162  221.40000  191.30000  13.6%   300 1694s
  3383  2254  192.09956   51  671  221.40000  191.30000  13.6%   295 1707s
  3482  2222 infeasible   67       221.40000  191.30000  13.6%   297 1818s
  3493  2222  191.30069  107  343  221.40000  191.30000  13.6%   305 1833s
  3497  2234  191.30658  108  786  221.40000  191.30000  13.6%   305 1848s
  3537  2262 infeasible   66       221.40000  191.30000  13.6%   307 1865s
  3603  2254  205.03521  114  665  221.40000  191.30000  13.6%   306 1887s
  3626  2248  211.30000  105 1316  221.40000  191.30000  13.6%   309 1908s
  3637  2249 infeasible  106       221.40000  191.30000  13.6%   310 1927s
  3688  2261  191.30000  106 1160  221.40000  191.30000  13.6%   312 1982s
  3751  2250  211.50000  108  596  221.40000  191.30000  13.6%   326 2021s
  3771  2275 infeasible  107       221.40000  191.30000  13.6%   331 2045s
  3819  2324 infeasible  110       221.40000  191.30000  13.6%   335 2076s
  3932  2341  211.50000   93 1969  221.40000  191.30000  13.6%   336 2115s
  3992  2356 infeasible   94       221.40000  191.30000  13.6%   333 2144s
  4050  2396  204.55098  118  538  221.40000  191.30000  13.6%   331 2176s
  4156  2412  211.50000  106  557  221.40000  191.30000  13.6%   329 2207s
  4236  2463  211.50000  136  459  221.40000  191.30000  13.6%   337 2242s
  4376  2465  211.50000  105  382  221.40000  191.30000  13.6%   341 2301s
  4464  2484  191.30000  103 1143  221.40000  191.30000  13.6%   347 2399s
  4560  2915  191.30000  117  429  221.40000  191.30000  13.6%   354 2452s
  5249  2752 infeasible  153       221.40000  191.30000  13.6%   330 2504s
  5367  3214  211.50000  110  488  221.40000  191.30000  13.6%   333 2564s
  6046  3014     cutoff  332       221.40000  191.30000  13.6%   311 2595s
  6198  3272  211.50000  110  751  221.40000  191.30000  13.6%   315 2639s
  7063  2984 infeasible  134       221.40000  191.30000  13.6%   290 2668s
  7071  2980     cutoff  135       221.40000  191.30000  13.6%   294 2692s
  7084  2976 infeasible  136       221.40000  191.30000  13.6%   297 2727s
  7113  3011  218.00000  111  147  221.40000  191.30000  13.6%   303 2826s
  7191  2991  211.91250  108  608  221.40000  191.30000  13.6%   307 2905s
  7233  2976  214.50773  114  377  221.40000  191.30000  13.6%   311 2932s
  7251  2990  219.90457  115  114  221.40000  191.30000  13.6%   311 3020s
  7282  3022 infeasible  116       221.40000  191.30000  13.6%   316 3195s
  7360  3212  214.77066  116  370  221.40000  191.30000  13.6%   318 3245s
  7727  3200  215.71406  117  358  221.40000  191.30000  13.6%   308 3279s
  7931  3262  211.85000  105  593  221.40000  191.30000  13.6%   304 3319s
  8138  3210  218.00000  106  607  221.40000  191.30000  13.6%   300 3376s
  8186  3979 infeasible  105       221.40000  191.30000  13.6%   301 3423s
  9256  3901  212.29511  376  269  221.40000  191.30000  13.6%   273 3462s
  9385  4451     cutoff  105       221.40000  191.30000  13.6%   273 3502s
 10229  4466  212.72158  301  517  221.40000  191.30000  13.6%   262 3807s
 10290  4798  211.50000  118  305  221.40000  191.30000  13.6%   263 4139s
 10923  4829  211.50000  174  489  221.40000  191.30000  13.6%   253 4274s
 11049  4899 infeasible  102       221.40000  191.30000  13.6%   259 4454s
 11204  5631  192.64293  129 1487  221.40000  191.30000  13.6%   266 4641s
 12196  6332  211.50000  305  252  221.40000  191.30000  13.6%   256 4735s
 13396  6915  211.50000  141  996  221.40000  191.30000  13.6%   243 4786s
 14596  7442  211.50000  110  737  221.40000  191.30000  13.6%   231 4835s
 15632  7445  211.50000  136  376  221.40000  191.30000  13.6%   222 4882s
 15642  7447  212.23211  138  514  221.40000  191.30000  13.6%   223 4976s
 15660  7922  212.10675  139  668  221.40000  191.30000  13.6%   225 5023s
 16403  7957  211.50000  122  766  221.40000  191.30000  13.6%   221 5066s
 16488  8454 infeasible  137       221.40000  191.30000  13.6%   222 5117s
 17097  8608 infeasible  115       221.40000  191.30000  13.6%   217 5157s
 17294  8816  211.50000  116  281  221.40000  191.30000  13.6%   216 5217s
 17817  8827 infeasible  117       221.40000  191.30000  13.6%   212 5254s
 17866  9196  211.50000  116  271  221.40000  191.30000  13.6%   214 5299s
 18425  9202  211.50000  117  311  221.40000  191.30000  13.6%   210 5343s
 18435  9623  211.50000  118  355  221.40000  191.30000  13.6%   211 5393s
 19131  9955  211.50000  170  209  221.40000  191.30000  13.6%   206 5456s
 19782 10527 infeasible  257       221.40000  191.30000  13.6%   202 5497s
 20595 10790  211.50000  553  192  221.40000  191.30000  13.6%   198 6033s
 21017 11600  211.50000   83  711  221.40000  191.30000  13.6%   199 6087s
 22217 11642  212.05529  140  248  221.40000  191.30000  13.6%   195 6173s
 22330 12050 infeasible   42       221.40000  191.30000  13.6%   198 6212s
 22986 12261  211.50000  112  893  221.40000  191.30000  13.6%   195 6242s
 23401 12278 infeasible  159       221.40000  191.30000  13.6%   195 6269s
 23443 12447  211.50000  165  261  221.40000  191.30000  13.6%   196 6305s
 23780 12455 infeasible  139       221.40000  191.30000  13.6%   197 6411s
 23820 12491  211.50000  102  462  221.40000  191.30000  13.6%   199 6444s
 23951 12494  211.50000   99  332  221.40000  191.30000  13.6%   201 6494s
 23956 12496  211.50000  100  236  221.40000  191.30000  13.6%   201 6539s
 23962 12500  211.50000  101  555  221.40000  191.30000  13.6%   201 6581s
 23966 12510  211.50000  102  558  221.40000  191.30000  13.6%   201 6627s
 23984 12535  211.50000  103  559  221.40000  191.30000  13.6%   202 6661s
 24011 12544  211.50000  104  311  221.40000  191.30000  13.6%   202 6734s
 24033 12546 infeasible  105       221.40000  191.30000  13.6%   203 6810s
 24043 12548  211.50000  106  502  221.40000  191.30000  13.6%   203 6892s
 24053 12589  211.50000  107  400  221.40000  191.30000  13.6%   204 6977s
 24113 12591  211.50000  108  527  221.40000  191.30000  13.6%   204 7012s
 24119 12606  211.82033  109  770  221.40000  191.30000  13.6%   205 7052s
 24163 12634  211.82033  110  814  221.40000  191.30000  13.6%   205 7094s
 24209 12640  211.93498  111  658  221.40000  191.30000  13.6%   205 7139s
 24217 12648  212.06785  112  561  221.40000  191.30000  13.6%   206 7177s
 24227 12652  212.06785  113  564  221.40000  191.30000  13.6%   206 7200s

Cutting planes:
  Gomory: 1
  Cover: 1994
  Implied bound: 4
  Projected implied bound: 7
  Clique: 555
  MIR: 18
  StrongCG: 3
  Flow cover: 130
  GUB cover: 14
  Inf proof: 5
  RLT: 5
  Relax-and-lift: 41
  BQP: 98

Explored 24231 nodes (5216862 simplex iterations) in 7200.11 seconds (8576.36 work units)
Thread count was 4 (of 8 available processors)

Solution count 5: 221.4 221.5 233.5 ... 239.2

Time limit reached
Best objective 2.214000000000e+02, best bound 1.913000000000e+02, gap 13.5953%
