
Gurobi 13.0.2 (linux64) logging started Sat Jun 20 00:49:14 2026

Set parameter LogFile to value "src/Resultados/Restriccion cota global/logs/C102-25.xml_log.log"
Set parameter Threads to value 4
Gurobi Optimizer version 13.0.2 build v13.0.2rc1 (linux64 - "Rocky Linux 9.7 (Blue Onyx)")

CPU model: QEMU Virtual CPU version 2.5+, instruction set [SSE2]
Thread count: 8 physical cores, 8 logical processors, using up to 4 threads

Non-default parameters:
TimeLimit  7200
Threads  4

Optimize a model with 146487 rows, 88365 columns and 605115 nonzeros (Min)
Model fingerprint: 0xb7379fc2
Model has 11310 linear objective coefficients
Variable types: 19125 continuous, 69240 integer (69225 binary)
Coefficient statistics:
  Matrix range     [1e+00, 4e+04]
  Objective range  [1e+00, 6e+01]
  Bounds range     [1e+00, 2e+03]
  RHS range        [1e+00, 4e+04]

Presolve removed 46560 rows and 120 columns
Presolve time: 2.88s
Presolved: 99927 rows, 88245 columns, 454320 nonzeros
Variable types: 345 continuous, 87900 integer (77670 binary)
Deterministic concurrent LP optimizer: primal and dual simplex
Showing primal log only...


Root simplex log...

Iteration    Objective       Primal Inf.    Dual Inf.      Time
   12209    4.3493518e+02   3.714684e+02   2.288880e+10      5s
   28797    2.4867231e+02   5.578395e+01   3.286095e+09     10s
   34933    2.4671972e+02   4.835152e+01   3.188737e+09     15s
   41399    2.4124217e+02   2.087631e+01   2.367225e+10     20s
   47451    2.3916525e+02   2.315928e+00   2.421213e+08     25s
   51545    2.0577464e+02   0.000000e+00   8.453982e+05     30s
   56173    1.8886181e+02   0.000000e+00   3.886488e+04     35s
   60267    1.7413402e+02   0.000000e+00   2.220300e+04     40s
   64535    1.7210000e+02   2.109132e+01   0.000000e+00     45s
   68688    1.7210000e+02   6.448973e-01   0.000000e+00     50s
   70663    1.7210000e+02   0.000000e+00   0.000000e+00     53s
Concurrent spin time: 10.08s (can be avoided by choosing Method=3)

Solved with primal simplex

Root relaxation: objective 1.721000e+02, 70663 iterations, 58.94 seconds (48.54 work units)

    Nodes    |    Current Node    |     Objective Bounds      |     Work
 Expl Unexpl |  Obj  Depth IntInf | Incumbent    BestBd   Gap | It/Node Time

     0     0  172.10000    0 6095          -  172.10000      -     -   84s
     0     0  172.10000    0 5099          -  172.10000      -     -   85s
     0     0  172.10000    0 6010          -  172.10000      -     -  125s
     0     0  172.10000    0 8505          -  172.10000      -     -  147s
     0     0  172.10000    0 4719          -  172.10000      -     -  177s
     0     0  172.10000    0 5079          -  172.10000      -     -  184s
     0     0  172.10000    0 5078          -  172.10000      -     -  184s
     0     0  172.10000    0 13787          -  172.10000      -     -  204s
     0     0  172.10000    0 13787          -  172.10000      -     -  204s
     0     0  172.10000    0 4453          -  172.10000      -     -  230s
H    0     0                     222.5000000  172.10000  22.7%     -  238s
     0     0  172.10000    0 6931  222.50000  172.10000  22.7%     -  239s
     0     0  172.10000    0 6850  222.50000  172.10000  22.7%     -  240s
     0     0  172.10000    0 11660  222.50000  172.10000  22.7%     -  263s
     0     0  172.10000    0 11660  222.50000  172.10000  22.7%     -  264s
     0     0  172.10000    0 5751  222.50000  172.10000  22.7%     -  322s
     0     0  172.10000    0 5804  222.50000  172.10000  22.7%     -  325s
     0     0  172.10000    0 8347  222.50000  172.10000  22.7%     -  336s
     0     0  172.10000    0 8059  222.50000  172.10000  22.7%     -  337s
     0     0  172.10000    0 7859  222.50000  172.10000  22.7%     -  356s
     0     0  172.10000    0 7860  222.50000  172.10000  22.7%     -  364s
     0     0  172.10000    0 7860  222.50000  172.10000  22.7%     -  364s
     0     0  172.10000    0 12217  222.50000  172.10000  22.7%     -  380s
     0     0  172.10000    0 9649  222.50000  172.10000  22.7%     -  400s
     0     0  172.10000    0 9649  222.50000  172.10000  22.7%     -  410s
     0     0  172.10000    0 9649  222.50000  172.10000  22.7%     -  410s
     0     0  172.10000    0 8507  222.50000  172.10000  22.7%     -  426s
     0     2  172.10000    0 8507  222.50000  172.10000  22.7%     -  506s
     1     4  172.10000    1 10983  222.50000  172.10000  22.7%  1824  538s
     3     8  172.10000    2 15489  222.50000  172.10000  22.7%  2320  574s
     7    12  172.10000    3 15814  222.50000  172.10000  22.7%  2199  597s
    11    22  172.10000    4 21546  222.50000  172.10000  22.7%  2809  626s
    21    34  198.20610    5 17203  222.50000  172.10000  22.7%  2052  644s
    37    49  172.16418    9 19645  222.50000  172.10000  22.7%  1913  652s
    54    60  172.39669   13 18236  222.50000  172.10000  22.7%  1483  658s
    69    74  172.42636   17 20358  222.50000  172.10000  22.7%  1279  665s
    85    81  174.56667   19 19260  222.50000  172.10000  22.7%  1134  671s
    92    92  173.16667   21 15035  222.50000  172.10000  22.7%  1113  679s
   103    99  173.32500   22 17412  222.50000  172.10000  22.7%  1044  686s
   110   106  173.32500   23 17650  222.50000  172.10000  22.7%  1045  691s
   118   113  173.50000   25 15859  222.50000  172.10000  22.7%  1035  699s
   127   126  173.70000   27 16772  222.50000  172.10000  22.7%   995  707s
   140   141  173.70579   33 18987  222.50000  172.10000  22.7%   949  715s
   155   156  173.76697   41 19495  222.50000  172.10000  22.7%   883  724s
   170   164  173.77324   49 18513  222.50000  172.10000  22.7%   825  735s
   178   169  173.77324   50 17662  222.50000  172.10000  22.7%   799  748s
   183   183  173.77367   51 17659  222.50000  172.10000  22.7%   778  760s
   197   195  173.77713   55 17739  222.50000  172.10000  22.7%   740  772s
   209   214  173.78187   62 18373  222.50000  172.10000  22.7%   714  785s
   228   240  173.87307   68 17718  222.50000  172.10000  22.7%   669  791s
   258   270  173.91820   76 11519  222.50000  172.10000  22.7%   618  799s
   289   308  174.03216   89 11457  222.50000  172.10000  22.7%   584  804s
   327   354  177.69569   91 15336  222.50000  172.10000  22.7%   537  809s
   375   358  178.28571  101 10796  222.50000  172.10000  22.7%   485  824s
   379   397  178.34000  102 10800  222.50000  172.10000  22.7%   484  832s
   418   446  180.30000  114 10848  222.50000  172.10000  22.7%   451  838s
   467   462  180.93101  133 14752  222.50000  172.10000  22.7%   418  856s
   483   517  181.60153  137 15049  222.50000  172.10000  22.7%   408  862s
   540   574  182.48588  161 15174  222.50000  172.10000  22.7%   384  868s
   599   603  183.36229  185 14828  222.50000  172.10000  22.7%   362  885s
   634   651  183.48889  200 11138  222.50000  172.10000  22.7%   358  892s
   686   691  183.70072  214 12235  222.50000  172.10000  22.7%   346  898s
   726   742  184.04765  233 14670  222.50000  172.10000  22.7%   344  906s
   777   746  184.27518  255 13587  222.50000  172.10000  22.7%   337 1074s
   781   750  184.30531  256 13580  222.50000  172.10000  22.7%   337 1096s
   785   760  184.31811  257 13579  222.50000  172.10000  22.7%   336 1122s
   795   771  184.36029  258 15235  222.50000  172.10000  22.7%   339 1134s
   806   796  184.37808  259 16492  222.50000  172.10000  22.7%   339 1162s
   837   800  184.38408  260 16962  222.50000  172.10000  22.7%   337 1183s
   841   804  184.38533  261 16934  222.50000  172.10000  22.7%   335 1191s
   845   808  184.39190  262 16916  222.50000  172.10000  22.7%   334 1204s
   849   812  184.39190  263 15271  222.50000  172.10000  22.7%   333 1223s
   853   816  184.39628  264 15303  222.50000  172.10000  22.7%   332 1238s
   857   839  185.03443  265 13541  222.50000  172.10000  22.7%   332 1252s
H  878   835                     221.5000000  172.10000  22.3%   328 1253s
   880   934  184.57210  284 16717  221.50000  172.10000  22.3%   328 1265s
   979  1002  185.21826  312 15278  221.50000  172.10000  22.3%   310 1278s
  1049  1104  186.09725  331 17796  221.50000  172.10000  22.3%   301 1287s
  1151  1247  186.68510  355 12959  221.50000  172.10000  22.3%   288 1297s
  1294  1347  187.44617  388 16533  221.50000  172.10000  22.3%   267 1307s
  1394  1438  187.79443  421 17713  221.50000  172.10000  22.3%   260 1318s
  1485  1537  187.93279  442 19028  221.50000  172.10000  22.3%   257 1330s
  1584  1633  188.08571  475 14785  221.50000  172.10000  22.3%   253 1343s
  1680  1702  188.31487  501 20938  221.50000  172.10000  22.3%   252 1356s
  1757  1812  188.42023  516 17751  221.50000  172.10000  22.3%   255 1368s
  1871  1899  188.60096  539 17401  221.50000  172.10000  22.3%   252 1383s
  1958  1943  188.70000  555 18631  221.50000  172.10000  22.3%   254 1395s
  2036  1991  173.78736   10 19032  221.50000  172.10000  22.3%   259 1414s
  2076  1991  173.21883   11 16548  221.50000  172.10000  22.3%   259 1415s
  2117  1992  189.32552  261 8507  221.50000  172.10000  22.3%   265 1539s
  2119  1993  186.54730  140 3415  221.50000  172.36723  22.2%   265 1649s
  2120  1994  213.20000  280 3100  221.50000  172.61373  22.1%   265 1689s
  2121  1995  177.80151   20 3225  221.50000  177.80151  19.7%   265 1716s
  2122  1995  193.54552   68 3565  221.50000  179.95361  18.8%   265 1746s
  2123  1996  190.20000   93 3575  221.50000  179.95361  18.8%   265 1763s
  2124  1997  187.95445  189  658  221.50000  180.34049  18.6%   264 1799s
  2125  1997  181.03289   82 1295  221.50000  180.50000  18.5%   264 1807s
  2126  1998  192.74260   54  259  221.50000  180.50000  18.5%   264 1840s
  2127  1999  180.61379   39 3764  221.50000  180.61379  18.5%   264 1865s
  2128  1999  213.10416  178  912  221.50000  180.61379  18.5%   264 1900s
  2129  2000  192.29072   68 1164  221.50000  180.64472  18.4%   264 1910s
  2130  2001  183.59072  136   58  221.50000  180.73804  18.4%   264 1943s
  2131  2001  203.10000  139  923  221.50000  180.76358  18.4%   264 1966s
H 2131  1900                     210.5000000  180.76358  14.1%   264 1981s
H 2131  1805                     210.3000000  180.76358  14.0%   264 2010s
  2133  1807  181.03195   15 3204  210.30000  181.03195  13.9%   263 2024s
  2134  1807  188.23078  185 1147  210.30000  181.03195  13.9%   263 2059s
H 2134  1716                     190.3000000  181.03195  4.87%   263 2060s
  2135  1717  190.30000  336 1599  190.30000  181.06305  4.85%   263 2066s
  2136  1718  189.52139  282  477  190.30000  181.06305  4.85%   263 2087s
  2137  1718  182.03417  144 1501  190.30000  181.14460  4.81%   263 2098s
  2138  1719  184.47890  234  474  190.30000  181.30285  4.73%   263 2174s
  2139  1720  181.40564   20 3928  190.30000  181.40564  4.67%   263 2194s
  2140  1720  181.40564   39 1701  190.30000  181.40564  4.67%   262 2233s
  2141  1721  181.43246   50 5639  190.30000  181.43246  4.66%   262 2257s
  2142  1722  181.43246  160  624  190.30000  181.43246  4.66%   262 2297s
  2143  1722  190.30000   57 5683  190.30000  181.43523  4.66%   262 2325s
  2144  1723  183.59078  246  695  190.30000  181.44040  4.66%   262 2359s
  2145  1724  184.30000   75 2445  190.30000  181.45089  4.65%   262 2373s
  2146  1724  189.32552  261 3212  190.30000  181.45102  4.65%   262 2431s
  2147  1725  190.30000   75 2628  190.30000  181.46430  4.64%   262 2452s
  2148  1726  187.95445  169 1987  190.30000  181.46430  4.64%   261 2501s
  2149  1726  190.30000  144 2101  190.30000  181.49875  4.62%   261 2510s
  2150  1727  189.28429  291  188  190.30000  181.49875  4.62%   261 2562s
  2151  1728  181.50842   22 1649  190.30000  181.50842  4.62%   261 2568s
  2152  1728  183.19072  273  435  190.30000  181.50842  4.62%   261 2605s
  2153  1729  188.08607  114  719  190.30000  181.50842  4.62%   261 2611s
  2154  1730  181.50842   10  696  190.30000  181.50842  4.62%   261 2629s
  2155  1730  190.30000  222  618  190.30000  181.50851  4.62%   261 2633s
  2156  1731  190.30000   88  647  190.30000  181.50851  4.62%   260 2666s
  2157  1732  190.30000  102 1669  190.30000  181.50921  4.62%   260 2672s
  2158  1732  190.30000   89  368  190.30000  181.51126  4.62%   260 2694s
  2161  1736  186.61946  155 8507  190.30000  181.51126  4.62%   615 2711s
  2163  1737  190.30000  239 3258  190.30000  181.51126  4.62%   615 2803s
  2164  1738  186.50000  101 3724  190.30000  181.51126  4.62%   614 2837s
  2165  1739  189.19152  224 1961  190.30000  181.51126  4.62%   614 2856s
  2166  1739  181.51126   16 2330  190.30000  181.51126  4.62%   614 2890s
  2167  1740  190.30000   87 2202  190.30000  181.51126  4.62%   614 2902s
  2168  1741  189.79973  380 1970  190.30000  181.51126  4.62%   613 2926s
  2169  1741  181.51126   28 1914  190.30000  181.51126  4.62%   613 2938s
  2170  1742  188.32582  471 1996  190.30000  181.51126  4.62%   613 2978s
  2171  1743  190.30000  313 1827  190.30000  181.51126  4.62%   612 2986s
  2172  1743  190.30000  108 2433  190.30000  181.51126  4.62%   612 3067s
  2173  1744  190.30000   99 1942  190.30000  181.51126  4.62%   612 3077s
  2174  1745  183.13289   35 1353  190.30000  181.51126  4.62%   612 3113s
  2175  1745  190.30000  392 1803  190.30000  181.51126  4.62%   611 3123s
  2176  1746  181.51126   36 1461  190.30000  181.51126  4.62%   611 3151s
  2177  1747  190.30000   84 1498  190.30000  181.51126  4.62%   611 3155s
  2178  1747  185.60000   57 1483  190.30000  181.51126  4.62%   610 3197s
  2179  1748  190.30000  170 1460  190.30000  181.51126  4.62%   610 3202s
  2180  1749  190.30000  338 1176  190.30000  181.51126  4.62%   610 3262s
  2181  1749  187.97701  166 1246  190.30000  181.51126  4.62%   610 3272s
  2182  1750  190.30000  347 1259  190.30000  181.51126  4.62%   609 3317s
  2183  1751  181.51126   14 2126  190.30000  181.51126  4.62%   609 3340s
  2184  1751  190.30000   89 1283  190.30000  181.51126  4.62%   609 3361s
  2185  1752  190.30000  346 1009  190.30000  181.51126  4.62%   609 3376s
  2186  1753  186.64346  146 1009  190.30000  181.51126  4.62%   608 3383s
  2187  1756  181.51126   27 3425  190.30000  181.51126  4.62%   832 3476s
  2189  1760  181.51126   28 3122  190.30000  181.51126  4.62%   835 3513s
  2193  1762  181.51126   29 3737  190.30000  181.51126  4.62%   838 3620s
  2197  1778  181.51126   30 3321  190.30000  181.51126  4.62%   838 3655s
  2214  1790     cutoff   32       190.30000  181.51126  4.62%   840 3662s
  2234  1797  181.51126   34 5774  190.30000  181.51126  4.62%   841 3674s
  2247  1809  181.51126   35 4972  190.30000  181.51126  4.62%   846 3682s
  2264  1817  181.51126   36 5174  190.30000  181.51126  4.62%   843 3689s
  2277  1826  181.51126   38 6337  190.30000  181.51126  4.62%   844 3713s
  2291  1838  181.51126   39 6060  190.30000  181.51126  4.62%   844 3718s
  2307  1850  181.51126   40 4478  190.30000  181.51126  4.62%   841 3723s
  2327  1851  181.51126   41 4441  190.30000  181.51126  4.62%   837 3727s
  2334  1856  181.51126   42 3635  190.30000  181.51126  4.62%   836 3731s
  2342  1860  181.51126   43 7837  190.30000  181.51126  4.62%   839 3736s
  2348  1866  181.51126   43 4321  190.30000  181.51126  4.62%   841 3740s
  2356  1874  181.51126   44 4322  190.30000  181.51126  4.62%   840 3747s
  2367  1885  181.51126   45 2944  190.30000  181.51126  4.62%   839 3751s
  2386  1890  181.51126   47 4194  190.30000  181.51126  4.62%   834 3755s
  2403  1892  181.51126   49 9617  190.30000  181.51126  4.62%   837 3767s
  2411  1908  181.51126   49 4124  190.30000  181.51126  4.62%   837 3773s
  2429  1924  181.51126   52 3472  190.30000  181.51126  4.62%   835 3778s
  2453  1936  183.60000   55 4221  190.30000  181.51126  4.62%   832 3786s
  2477  1946  181.61500   58 4747  190.30000  181.51126  4.62%   831 3795s
  2497  1946  181.63947   61 5660  190.30000  181.51126  4.62%   831 3802s
  2504  1980  181.67433   62 4649  190.30000  181.51126  4.62%   832 3807s
  2544  2001  181.73521   67 3851  190.30000  181.51126  4.62%   826 3815s
  2583  1996  181.85859   73 3848  190.30000  181.51126  4.62%   824 3824s
  2593  2037  181.89787   74 5485  190.30000  181.51126  4.62%   822 3831s
  2643  2074  182.20706   82 4446  190.30000  181.51126  4.62%   815 3839s
  2697  2063  183.61904   89 5282  190.30000  181.51126  4.62%   807 3847s
  2704  2094  187.16248   89 2608  190.30000  181.51126  4.62%   807 3854s
  2759  2105     cutoff  102       190.30000  181.51126  4.62%   798 3861s
  2822  2105  181.51126   37 2095  190.30000  181.51126  4.62%   788 3867s
  2845  2125  181.51126   39 1772  190.30000  181.51126  4.62%   785 3874s
  2883  2123  182.17774   41 2757  190.30000  181.51126  4.62%   780 3882s
  2918  2120  181.51126   41 3399  190.30000  181.51126  4.62%   773 3890s
  2934  2122  181.71468   42 2042  190.30000  181.51126  4.62%   772 3903s
  2962  2121  181.64780   42 8253  190.30000  181.51126  4.62%   767 3914s
  2974  2156  181.64780   43 7698  190.30000  181.51126  4.62%   766 3922s
  3017  2146  181.78173   43 2764  190.30000  181.51126  4.62%   759 3930s
  3023  2188  181.75000   44 2719  190.30000  181.51126  4.62%   758 3939s
  3113  2181  181.67722   44 2160  190.30000  181.51126  4.62%   740 3950s
  3180  2170  181.68264   45 9493  190.30000  181.51126  4.62%   732 3970s
  3194  2213  181.94335   45 2161  190.30000  181.51126  4.62%   734 3979s
  3249  2225  182.07379   46 10486  190.30000  181.51126  4.62%   728 3990s
  3297  2214  181.90385   46 8883  190.30000  181.51126  4.62%   724 4006s
  3306  2285  182.46359   48 6117  190.30000  181.51126  4.62%   726 4016s
  3425  2348  184.06998   58 3299  190.30000  181.51126  4.62%   711 4030s
  3557  2333  181.51126   31 2391  190.30000  181.51126  4.62%   692 4051s
  3586  2393  181.72398   32 7463  190.30000  181.51126  4.62%   689 4061s
  3666  2465  182.09406   34 1735  190.30000  181.51126  4.62%   678 4076s
  3777  2511  183.48840   44 3203  190.30000  181.51126  4.62%   664 4106s
  3940  2462  181.93931   51 3342  190.30000  181.51126  4.62%   646 4137s
  3945  2538  181.79038   50 7147  190.30000  181.51126  4.62%   647 4151s
  4041  2544  182.21423   52 3179  190.30000  181.51126  4.62%   638 4165s
  4107  2527  185.10987   51 3143  190.30000  181.51126  4.62%   636 4227s
  4118  2592  182.64256   54 3182  190.30000  181.51126  4.62%   636 4241s
  4214  2631  182.17218   44 1425  190.30000  181.51126  4.62%   628 4284s
  4316  2664  187.36574   49 10375  190.30000  181.51126  4.62%   625 4301s
  4414  2678  181.62706   33 1991  190.30000  181.51126  4.62%   621 4317s
  4469  2804  182.65108   41 8883  190.30000  181.51126  4.62%   622 4335s
  4644  2799 infeasible   52       190.30000  181.51126  4.62%   608 4358s
  4718  2949  186.21270   36 1658  190.30000  181.51126  4.62%   603 4379s
  4915  2914  181.88737   38 4198  190.30000  181.51126  4.62%   589 4417s
  4946  2908  182.48783   48 2703  190.30000  181.51126  4.62%   587 4472s
  4950  2908  182.50059   49 2673  190.30000  181.51126  4.62%   587 4533s
  4964  2928  182.52079   52 1705  190.30000  181.51126  4.62%   586 4642s
  4996  3052  188.77213   61 1613  190.30000  181.51126  4.62%   587 4705s
  5171  3029  185.11402   54 3631  190.30000  181.51126  4.62%   578 4748s
  5223  3086  182.08513   45 2518  190.30000  181.51126  4.62%   575 4800s
  5317  3103  184.89206   49 1813  190.30000  181.51126  4.62%   571 4833s
  5377  3128  185.85223   51 3220  190.30000  181.51126  4.62%   569 4864s
  5441  3200  184.50187   48 2878  190.30000  181.51126  4.62%   568 4899s
  5602  3155 infeasible   61       190.30000  181.51126  4.62%   564 4950s
  5633  3383  181.51126   40 3136  190.30000  181.51126  4.62%   564 4988s
  5967  3322  181.51126   34 7662  190.30000  181.51126  4.62%   544 5021s
  6032  3534  182.97408   37 1869  190.30000  181.51126  4.62%   541 5067s
  6330  3457  181.75152   41 1986  190.30000  181.51126  4.62%   527 5100s
  6357  3652  187.79165   42 2445  190.30000  181.51126  4.62%   528 5138s
  6613  3717  183.93572   51 2449  190.30000  181.51126  4.62%   518 5174s
  6813  3860  184.11023   48 6174  190.30000  181.51126  4.62%   508 5211s
  7125  3762  182.66987   41 10164  190.30000  181.51126  4.62%   494 5255s
  7131  3824  185.87148   40 1169  190.30000  181.51126  4.62%   494 5290s
  7218  4122  182.71270   42 2282  190.30000  181.51126  4.62%   491 5332s
  7664  4500  187.87651   46 2100  190.30000  181.51126  4.62%   477 5371s
  8194  4599  182.62015   64 1032  190.30000  181.51126  4.62%   457 5436s
  8341  4950  182.42353   47 4420  190.30000  181.51126  4.62%   452 5481s
  8817  5275  181.82327   43  953  190.30000  181.51126  4.62%   441 5543s
  9233  5333  182.75796   58 2395  190.30000  181.51126  4.62%   433 5601s
  9301  5765  186.84292   80 2741  190.30000  181.51126  4.62%   433 5649s
  9874  6136  182.73107   54 2935  190.30000  181.51126  4.62%   421 5698s
 10386  6293  182.44071   63 3232  190.30000  181.51126  4.62%   414 5918s
 10644  6963     cutoff   68       190.30000  181.51126  4.62%   410 6002s
 11630  7388  184.29328   70 7515  190.30000  181.51126  4.62%   398 6061s
 12212  7403  182.40499   53 1308  190.30000  181.51126  4.62%   387 6112s
 12251  7754  186.69627   59 8491  190.30000  181.51126  4.62%   388 6159s
 12772  7821  183.13849   56 1029  190.30000  181.51126  4.62%   384 6230s
 12863  8333  182.57152   74 2276  190.30000  181.51126  4.62%   384 6279s
 13572  8549  187.73264  100 2436  190.30000  181.51126  4.62%   374 6328s
 13884  8775  183.05015   44 4998  190.30000  181.51126  4.62%   372 6372s
 14207  8888  182.05655   78 4409  190.30000  181.51126  4.62%   369 6421s
 14379  9107  183.56006   54 2815  190.30000  181.51126  4.62%   367 6480s
 14628  9347  185.28224   63 1762  190.30000  181.51126  4.62%   365 6543s
 14951  9379  188.67904  131 2202  190.30000  181.51126  4.62%   362 6618s
 15002  9403  185.56627  138 4336  190.30000  181.51126  4.62%   361 6701s
 15055  9418  185.57295  139 3885  190.30000  181.51126  4.62%   361 6763s
 15082  9428  185.57336  140 4753  190.30000  181.51126  4.62%   361 6841s
 15096  9435  185.57624  141 3834  190.30000  181.51126  4.62%   361 6917s
 15130  9527  185.57844  142 3834  190.30000  181.51126  4.62%   362 6968s
 15264  9621  185.58521  143 2558  190.30000  181.51126  4.62%   362 7013s
 15416  9952 infeasible   55       190.30000  181.51126  4.62%   361 7071s
 15961 10078  183.84407   53 4885  190.30000  181.51126  4.62%   356 7123s
 16114 10444  188.17478   63 3022  190.30000  181.51126  4.62%   355 7180s
 16739 10561  185.65357   47 1643  190.30000  181.51126  4.62%   352 7200s

Cutting planes:
  Learned: 1
  Gomory: 17
  Cover: 596
  Implied bound: 32
  Projected implied bound: 214
  Clique: 10
  MIR: 63
  StrongCG: 4
  Flow cover: 1009
  GUB cover: 53
  Zero half: 8
  RLT: 39
  Relax-and-lift: 108

Explored 17016 nodes (6318149 simplex iterations) in 7200.10 seconds (8163.99 work units)
Thread count was 4 (of 8 available processors)

Solution count 6: 190.3 190.3 210.3 ... 222.5

Time limit reached
Best objective 1.903000000000e+02, best bound 1.816000000000e+02, gap 4.5717%
