
Gurobi 13.0.2 (linux64) logging started Sun Jun 21 01:10:04 2026

Set parameter LogFile to value "src/Resultados/Restriccion cota global/logs/C109-25.xml_log.log"
Set parameter Threads to value 4
Gurobi Optimizer version 13.0.2 build v13.0.2rc1 (linux64 - "Rocky Linux 9.7 (Blue Onyx)")

CPU model: QEMU Virtual CPU version 2.5+, instruction set [SSE2]
Thread count: 8 physical cores, 8 logical processors, using up to 4 threads

Non-default parameters:
TimeLimit  7200
Threads  4

Optimize a model with 145167 rows, 87735 columns and 601965 nonzeros (Min)
Model fingerprint: 0xef003057
Model has 11580 linear objective coefficients
Variable types: 18900 continuous, 68835 integer (68820 binary)
Coefficient statistics:
  Matrix range     [1e+00, 4e+04]
  Objective range  [1e+00, 6e+01]
  Bounds range     [1e+00, 2e+03]
  RHS range        [1e+00, 4e+04]

Presolve removed 45975 rows and 120 columns
Presolve time: 4.08s
Presolved: 99192 rows, 87615 columns, 455655 nonzeros
Variable types: 375 continuous, 87240 integer (77040 binary)
Deterministic concurrent LP optimizer: primal and dual simplex
Showing primal log only...


Root simplex log...

Iteration    Objective       Primal Inf.    Dual Inf.      Time
       0    1.1412000e+03   1.978538e+03   5.223136e+10      7s
   21178    2.6587554e+02   1.097643e+02   3.431832e+09     10s
   29461    2.5303077e+02   5.068841e+01   2.130091e+10     15s
   38027    2.7910442e+02   1.117625e+01   7.430833e+09     20s
   43251    2.2919573e+02   3.983275e-02   4.255091e+07     25s
   50415    1.2990000e+02   2.364392e+02   0.000000e+00     30s
   53652    1.2990000e+02   0.000000e+00   0.000000e+00     34s
Concurrent spin time: 2.58s

Solved with primal simplex

Root relaxation: objective 1.299000e+02, 53652 iterations, 30.56 seconds (27.83 work units)

    Nodes    |    Current Node    |     Objective Bounds      |     Work
 Expl Unexpl |  Obj  Depth IntInf | Incumbent    BestBd   Gap | It/Node Time

     0     0  129.90000    0 6200          -  129.90000      -     -   58s
     0     0  129.90000    0 5597          -  129.90000      -     -   58s
     0     0  129.90000    0 3796          -  129.90000      -     -   91s
     0     0  129.90000    0 4428          -  129.90000      -     -  102s
     0     0  129.90000    0  635          -  129.90000      -     -  119s
     0     0  129.90000    0  635          -  129.90000      -     -  120s
     0     0  129.90000    0 5343          -  129.90000      -     -  133s
     0     0  129.90000    0 5343          -  129.90000      -     -  163s
     0     0  129.90000    0 5672          -  129.90000      -     -  164s
     0     0  129.90000    0 6388          -  129.90000      -     -  169s
     0     0  129.90000    0 4172          -  129.90000      -     -  188s
     0     0  129.90000    0 5599          -  129.90000      -     -  196s
     0     0  129.90000    0 12810          -  129.90000      -     -  212s
     0     0  129.90000    0 12810          -  129.90000      -     -  212s
     0     0  129.90000    0 3015          -  129.90000      -     -  246s
     0     0  129.90000    0 3896          -  129.90000      -     -  248s
     0     0  129.90000    0 3885          -  129.90000      -     -  249s
     0     0  129.90000    0 8631          -  129.90000      -     -  256s
     0     0  129.90000    0 6675          -  129.90000      -     -  274s
     0     0  129.90000    0 5082          -  129.90000      -     -  279s
     0     0  129.90000    0 14239          -  129.90000      -     -  291s
     0     0  129.90000    0 14239          -  129.90000      -     -  291s
     0     0  129.90000    0 7069          -  129.90000      -     -  307s
     0     0  129.90000    0 7069          -  129.90000      -     -  308s
     0     0  129.90000    0 7069          -  129.90000      -     -  320s
     0     2  130.10000    0 7069          -  130.10000      -     -  345s
     3     8  130.10000    2 8409          -  130.10000      -   773  351s
     7    12  130.10000    3 10644          -  130.10000      -   629  357s
    11    16  130.10000    4 10649          -  130.10000      -  1179  361s
    15    38  130.10000    5 10647          -  130.10000      -   965  366s
    37    49  130.10000    6 10649          -  130.10000      -   396  371s
    70    92  130.10000    8 10649          -  130.10000      -   241  377s
    91   114  130.10000    9 10650          -  130.10000      -   186  380s
   135   154  130.10000   11 11701          -  130.10000      -   134  387s
   153   176  130.10000   12 10649          -  130.10000      -   125  391s
   175   195  130.10000   13 10868          -  130.10000      -   117  396s
   198   221  130.10000   15 10648          -  130.10000      -   111  402s
   220   244  130.10000   16 10649          -  130.10000      -   100  406s
   264   293  130.10000   18 10647          -  130.10000      -  85.8  412s
   292   314  130.10000   19 10867          -  130.10000      -  78.9  416s
   341   354  130.10000   21 10649          -  130.10000      -  71.7  444s
   353   377  130.10000   22 11701          -  130.10000      -  73.0  447s
   376   381  130.10000   23 10649          -  130.10000      -  71.2  451s
   380   398  130.10000   24 10649          -  130.10000      -  72.5  457s
   397   420  130.10000   25 10544          -  130.10000      -  72.5  460s
   432   445  130.10000   27 11847          -  130.10000      -  73.7  466s
   444   465  130.10000   28 11849          -  130.10000      -  76.0  470s
   464   481  130.10000   29 12562          -  130.10000      -  77.3  479s
   480   500  130.10000   30 11847          -  130.10000      -  80.4  483s
   499   525  130.10000   31 11845          -  130.10000      -  81.6  487s
   524   545  130.10000   32 11845          -  130.10000      -  82.6  492s
   544   564  130.10000   33 11847          -  130.10000      -  84.3  495s
   563   606  130.10000   34 11847          -  130.10000      -  86.9  512s
   605   644  130.10000   35 11847          -  130.10000      -  83.8  518s
   643   684  130.10000   36 12193          -  130.10000      -  83.1  522s
   683   716  130.10000   37 11850          -  130.10000      -  81.9  527s
   715   744  130.10000   38 12979          -  130.10000      -  82.7  534s
   743   764  130.10000   39 12976          -  130.10000      -  85.6  544s
   763   792  130.10000   40 12978          -  130.10000      -  87.9  557s
   791   818  130.10000   41 13205          -  130.10000      -  90.7  567s
   817   904  130.10000   42 12976          -  130.10000      -  93.8  574s
   903   958  130.10000   77 11891          -  130.10000      -  89.3  580s
   957  1009  130.10000  104 12976          -  130.10000      -  89.1  587s
  1008  1060  130.10000  127 12708          -  130.10000      -  89.2  593s
  1059  1102  130.10000  147 12990          -  130.10000      -  91.7  618s
  1101  1182  130.10000  160 14609          -  130.10000      -  94.9  652s
  1181  1227  130.10000  189 14880          -  130.10000      -  94.2  673s
  1226  1231  130.10000  205 13857          -  130.10000      -  96.2  819s
  1230  1286  130.10000  206 14879          -  130.10000      -  95.9  863s
  1285  1450  130.10000  207 11713          -  130.10000      -  93.2  872s
  1449  1601  130.10000  248 11082          -  130.10000      -  92.5  880s
  1600  1710  131.08078  274 10431          -  130.10000      -  92.6  889s
  1709  1826  134.39358  285 12721          -  130.10000      -  96.5  897s
  1825  1922  134.43533  299 10192          -  130.10000      -   102  907s
  1921  2043  134.45322  308 14096          -  130.10000      -   109  916s
  2042  2249  134.65413  329 12443          -  130.10000      -   115  927s
  2248  2372  134.66185  339 11643          -  130.10000      -   112  937s
  2378  2497  134.69406  348 12111          -  130.10000      -   116  946s
  2505  2649  134.71841  360 11713          -  130.10000      -   119  957s
  2664  2771  141.10000  372 14677          -  130.10000      -   121  968s
  2786  2891  141.70000  384 13212          -  130.10000      -   125  980s
  2906  3027  141.83486  398 13702          -  130.10000      -   129  993s
  3042  3165  141.92477  418 12730          -  130.10000      -   133 1006s
  3181  3309  142.05463  446 12002          -  130.10000      -   136 1018s
  3325  3423  142.14288  470 16045          -  130.10000      -   140 1031s
  3439  3538  142.22499  490 14904          -  130.10000      -   146 1043s
  3554  3643  142.34060  509 13581          -  130.10000      -   152 1058s
  3659  3763  142.48671  528 13570          -  130.10000      -   158 1072s
  3779  3917  142.61386  545 14331          -  130.10000      -   163 1087s
  3933  4083  142.66091  570 14217          -  130.10000      -   166 1102s
  4099  4206  142.84634  614 14316          -  130.10000      -   170 1117s
  4222  4345  142.99994  639 15494          -  130.10000      -   175 1132s
  4361  4476  143.29565  665 15981          -  130.10000      -   180 1150s
  4492  4638  143.50943  687 17392          -  130.10000      -   185 1169s
  4654  4790  143.82411  711 14408          -  130.10000      -   188 1189s
  4806  5005  144.67825  736 14300          -  130.10000      -   192 1211s
  5023  5161  146.60602  771 15742          -  130.10000      -   193 1232s
  5184  5162  155.50000  617 7069          -  130.10000      -   198 1313s
  5186  5163  131.33581  278 1715          -  130.10000      -   198 1374s
  5187  5164  131.10000   73 1515          -  130.12158      -   198 1377s
  5188  5165  137.80000  224 1684          -  130.12158      -   198 1380s
  5191  5167  151.60000  491 1640          -  130.12158      -   198 1402s
  5192  5167  155.20000  258 1640          -  130.19683      -   198 1421s
  5193  5171  130.19683   12 1709          -  130.19683      -   213 1454s
  5195  5174  130.19683   13 1602          -  130.19683      -   213 1458s
  5203  5188  130.19683   15 1709          -  130.19683      -   213 1462s
  5215  5192  130.19683   17 2142          -  130.19683      -   214 1465s
  5230  5200  130.30775   19 2427          -  130.19683      -   216 1472s
  5238  5202  130.34143   20 2398          -  130.19683      -   217 1479s
  5245  5204  130.34875   21 2396          -  130.19683      -   218 1484s
  5249  5207  141.52111   21 3435          -  130.19683      -   219 1489s
  5254  5212  130.35344   22 2394          -  130.19683      -   219 1494s
  5260  5217  130.39360   23 2410          -  130.19683      -   220 1499s
  5267  5222  130.39373   24 2399          -  130.19683      -   221 1506s
  5275  5233  130.39373   25 2399          -  130.19683      -   222 1510s
  5297  5241  130.40155   28 2396          -  130.19683      -   223 1516s
  5304  5252  130.45185   29 2307          -  130.19683      -   223 1520s
  5317  5258  130.50532   31 2310          -  130.19683      -   223 1525s
  5341  5278  130.51081   33 2392          -  130.19683      -   225 1531s
  5355  5277  130.51081   34 2389          -  130.19683      -   226 1537s
  5359  5281  140.94034   34 3394          -  130.19683      -   226 1543s
  5364  5286  130.51081   35 2380          -  130.19683      -   226 1548s
  5371  5313  130.52859   36 2388          -  130.19683      -   227 1551s
  5400  5330  130.53842   39 2373          -  130.19683      -   227 1556s
  5437  5351  130.56972   42 2461          -  130.19683      -   227 1562s
  5461  5366  130.57524   44 2433          -  130.19683      -   227 1568s
  5485  5362  130.58116   46 2857          -  130.19683      -   228 1573s
  5489  5364  142.45689   46 3078          -  130.19683      -   228 1585s
  5493  5368  130.58929   47 3151          -  130.19683      -   228 1603s
  5498  5373  132.22144   47 3138          -  130.19683      -   228 1626s
  5505  5377  130.60911   48 3295          -  130.19683      -   228 1644s
  5511  5380  142.27669   48 3817          -  130.19683      -   229 1661s
  5516  5382  130.72642   49 3291          -  130.19683      -   229 1674s
  5520  5387  133.33924   49 5117          -  130.19683      -   229 1698s
  5526  5391  130.80282   50 3300          -  130.19683      -   229 1710s
  5532  5396  133.37337   50 3834          -  130.19683      -   229 1727s
  5539  5402  130.87248   51 3167          -  130.19683      -   230 1736s
  5547  5410  134.07680   51 2489          -  130.19683      -   230 1747s
  5560  5433  130.87248   52 3174          -  130.19683      -   231 1754s
  5587  5468  130.87248   53 3264          -  130.19683      -   231 1760s
  5631  5490  130.87767   57 2761          -  130.19683      -   232 1767s
  5668  5498  131.90005   62 3691          -  130.19683      -   233 1778s
  5690  5530  130.92377   66 3032          -  130.19683      -   233 1785s
  5730  5555  131.30856   71 4078          -  130.19683      -   235 1792s
  5768  5563  133.47095   75 4636          -  130.19683      -   237 1804s
  5789  5575  142.29999   77 4859          -  130.19683      -   239 1812s
  5810  5602  134.58548   82 4640          -  130.19683      -   241 1818s
  5844  5606  152.40595   88 4655          -  130.19683      -   243 1828s
  5859  5659  151.07111   90 3526          -  130.19683      -   245 1836s
  5917  5689  151.08986   98 5152          -  130.19683      -   245 1847s
  5966  5681  151.09352   99 5145          -  130.19683      -   246 1860s
  5975  5690  151.09440  100 5144          -  130.19683      -   249 1882s
  5987  5692  151.22835  101 9968          -  130.19683      -   253 1892s
  5993  5704  151.11586  102 4964          -  130.19683      -   254 1903s
  6007  5713  151.12856  103 4865          -  130.19683      -   257 1915s
  6020  5747  151.12856  104 4865          -  130.19683      -   259 1925s
  6059  5750  151.15226  108 4780          -  130.19683      -   262 1936s
  6075  5774  151.16059  110 4777          -  130.19683      -   265 1945s
  6104  5798  151.16059  115 4776          -  130.19683      -   267 1961s
  6138  5821  154.43705  120 4031          -  130.19683      -   270 1978s
  6172  5851  155.15858  129 3404          -  130.19683      -   272 1990s
  6213  5863  151.22928  139 5321          -  130.19683      -   278 2003s
  6239  5871  151.23046  142 5056          -  130.19683      -   282 2021s
  6256  5890  151.23535  145 4972          -  130.19683      -   286 2034s
  6322  5919  151.24736  148 4780          -  130.19683      -   288 2048s
  6373  5914  151.31996  159 4951          -  130.19683      -   295 2069s
  6385  5954  151.31996  160 4955          -  130.19683      -   297 2087s
  6435  5952  151.78407  165 4900          -  130.19683      -   300 2105s
  6450  6024  151.80216  167 4758          -  130.19683      -   303 2125s
  6527  6016  151.82118  172 4479          -  130.19683      -   306 2149s
  6547  6070  151.83298  175 4502          -  130.19683      -   310 2166s
  6607  6111  151.83576  179 5014          -  130.19683      -   315 2189s
  6670  6114  153.08883  190 8680          -  130.19683      -   318 2217s
  6694  6172  153.33491  192 8673          -  130.19683      -   319 2235s
  6760  6175  154.02669  202 8724          -  130.19683      -   321 2263s
  6785  6276  154.03150  204 8720          -  130.19683      -   323 2283s
  6897  6283  154.58202  217 8535          -  130.19683      -   325 2303s
  6941  6388  154.94278  221 8477          -  130.19683      -   326 2327s
  7061  6352  216.75000  241 1256          -  130.19683      -   328 2360s
  7065  6382  181.84612  242 2694          -  130.19683      -   328 2392s
  7096  6419  182.75676  250 1010          -  130.19683      -   330 2450s
  7145  6461  184.70000  260  147          -  130.19683      -   332 2493s
  7208  6471  184.75072  290  570          -  130.19683      -   331 2519s
  7239  6498  184.75560  297  549          -  130.19683      -   332 2552s
  7278  6489  184.75691  304  544          -  130.19683      -   332 2603s
  7282  6496  217.10000  304  410          -  130.19683      -   332 2640s
  7290  6518  184.75691  305  544          -  130.19683      -   333 2670s
  7315  6532  217.10000  305  415          -  130.19683      -   335 2724s
  7337  6556  184.75772  306  541          -  130.19683      -   336 2758s
  7369  6590  217.10000  306  530          -  130.19683      -   337 2792s
  7413  6603  184.75855  307  538          -  130.19683      -   337 2848s
  7441  6650  217.10000  307  417          -  130.19683      -   339 2891s
  7497  6853  184.75884  308  537          -  130.19683      -   338 2932s
  7723  6838  217.10000  308  408          -  130.19683      -   338 2973s
  7783  7022  184.75912  309  536          -  130.19683      -   339 3011s
  7989  6999  217.10000  309  408          -  130.19683      -   340 3060s
  8035  7058  184.75912  310  536          -  130.19683      -   341 3103s
  8109  7338  217.10000  310  328          -  130.19683      -   341 3155s
  8432  7306  185.50508  361  569          -  130.19683      -   340 3219s
  8508  7456  185.59059  370  523          -  130.19683      -   339 3266s
  8695  7530 infeasible  393               -  130.19683      -   338 3329s
H 8696  7270                     303.9000000  130.19683  57.2%   338 3329s
  8861  7439  238.23171  439  415  303.90000  130.19683  57.2%   337 3372s
  9148  7684  140.68753   20 10740  303.90000  130.19683  57.2%   337 3417s
  9533  7652  155.25023   50 5560  303.90000  130.19683  57.2%   337 3507s
  9634  7854  155.26250   54 5556  303.90000  130.19683  57.2%   338 3556s
  9973  7902  155.92875   69 6965  303.90000  130.19683  57.2%   338 3606s
 10188  7928  158.72506   82 1885  303.90000  130.19683  57.2%   343 3666s
 10300  8293  190.21731   87 1853  303.90000  130.19683  57.2%   345 3979s
H10714  7880                     271.6000000  130.19683  52.1%   346 4028s
H10783  7717                     270.7000000  130.19683  51.9%   346 4079s
H10822  7423                     260.3000000  130.19683  50.0%   347 4079s
H10978  6335                     219.6000000  130.19683  40.7%   345 4079s
 10979  6635  131.56065   18 3484  219.60000  130.19683  40.7%   345 4132s
 11396  6658  190.31572   61 3076  219.60000  130.58074  40.5%   346 4178s
 11613  7201  138.76488   82  409  219.60000  130.58074  40.5%   345 4235s
 12293  6977  168.92922  232 1412  219.60000  130.58074  40.5%   334 4310s
 12298  6979  168.93001  233 1410  219.60000  130.58074  40.5%   334 4356s
 12302  6981  168.93011  234 1410  219.60000  130.58074  40.5%   334 4404s
 12306  7134  168.93090  235 1410  219.60000  130.58074  40.5%   334 4451s
 12484  7333  168.99769  342 1797  219.60000  130.58074  40.5%   333 4501s
 12745  7445  169.66534  521  930  219.60000  130.58074  40.5%   331 4552s
 12948  7642     cutoff  585       219.60000  130.58074  40.5%   329 4604s
 13251  7893  183.99633  741  108  219.60000  130.58074  40.5%   325 4655s
 13803  8267  158.37296   96 4316  219.60000  130.58074  40.5%   317 4708s
 14479  8046  152.02643   59  387  219.60000  130.85462  40.4%   310 4762s
 14483  8107  152.02643   60  380  219.60000  130.85462  40.4%   310 4821s
 14558  8175  134.97330   49 3459  219.60000  130.85462  40.4%   309 4881s
 14651  8216  145.53506   66  410  219.60000  130.96995  40.4%   309 4943s
 14761  8234  173.03000   46 3528  219.60000  130.97001  40.4%   309 5005s
H14838  7782                     216.2000000  130.97058  39.4%   309 5090s
 14957  8062  204.86070  173 1035  216.20000  130.97058  39.4%   307 5160s
H15009  7057                     196.3000000  130.97739  33.3%   307 5160s
H15108  6142                     191.3000000  130.97739  31.5%   306 5160s
 15335  6727  143.05723   85 6611  191.30000  131.00169  31.5%   303 5224s
 16228  6685  138.31738  100 7391  191.30000  131.03237  31.5%   292 5299s
 16232  6729  138.31738  101 7242  191.30000  131.03237  31.5%   292 5359s
 16303  6914  138.31738  102 6573  191.30000  131.03237  31.5%   291 5414s
 16519  7377  138.64813  122 3292  191.30000  131.03237  31.5%   289 5474s
 17055  7933  143.99090  324  560  191.30000  131.09031  31.5%   282 5528s
 17744  8329  157.81354  110  340  191.30000  131.13452  31.5%   277 5580s
 18228  8991  144.85355  168 2763  191.30000  131.13452  31.5%   273 5625s
 18949  9251  152.80360  144 3015  191.30000  131.13452  31.5%   267 5673s
 19301  9793  131.58021   52 3092  191.30000  131.13799  31.4%   266 5721s
 19875 10120  148.56229  150 3324  191.30000  131.13799  31.4%   263 5765s
 20216 10785  157.54819  212 3523  191.30000  131.13799  31.4%   261 5807s

Cutting planes:
  Cover: 3
  Implied bound: 40
  MIR: 22
  GUB cover: 3
  Zero half: 1
  RLT: 59
  Relax-and-lift: 5

Explored 20944 nodes (5648453 simplex iterations) in 7200.03 seconds (10433.40 work units)
Thread count was 4 (of 8 available processors)

Solution count 8: 191.3 196.3 216.2 ... 303.9

Time limit reached
Best objective 1.913000000000e+02, best bound 1.312000000000e+02, gap 31.4166%
