
Gurobi 13.0.2 (linux64) logging started Fri Jun 19 13:20:41 2026

Set parameter LogFile to value "src/Resultados/Sin Restricciones/logs/RC207-50.xml_log.log"
Set parameter Threads to value 4
Gurobi Optimizer version 13.0.2 build v13.0.2rc1 (linux64 - "Rocky Linux 9.7 (Blue Onyx)")

CPU model: QEMU Virtual CPU version 2.5+, instruction set [SSE2]
Thread count: 8 physical cores, 8 logical processors, using up to 4 threads

Non-default parameters:
TimeLimit  7200
Threads  4

Optimize a model with 237983 rows, 144495 columns and 1001805 nonzeros (Min)
Model fingerprint: 0xfcd67690
Model has 21960 linear objective coefficients
Variable types: 30780 continuous, 113715 integer (113700 binary)
Coefficient statistics:
  Matrix range     [1e+00, 2e+05]
  Objective range  [1e+00, 8e+01]
  Bounds range     [1e+00, 2e+03]
  RHS range        [1e+00, 2e+05]

Presolve removed 75240 rows and 180 columns (presolve time = 5s)...
Presolve removed 75255 rows and 195 columns
Presolve time: 7.06s
Presolved: 162728 rows, 144300 columns, 740010 nonzeros
Variable types: 750 continuous, 143550 integer (127305 binary)
Deterministic concurrent LP optimizer: primal simplex, dual simplex, and barrier
Showing barrier log only...

Root barrier log...

Ordering time: 1.93s

Barrier statistics:
 Dense cols : 15
 AA' NZ     : 2.209e+06
 Factor NZ  : 9.118e+06 (roughly 200 MB of memory)
 Factor Ops : 2.395e+09 (less than 1 second per iteration)
 Threads    : 1

                  Objective                Residual
Iter       Primal          Dual         Primal    Dual     Compl     Time
   0   2.03021311e+06 -3.00569058e+06  2.07e+05 2.22e-16  1.48e+02    14s
   1   6.88799665e+05 -3.06422172e+06  7.12e+04 6.56e-01  5.96e+01    15s
   2   4.89582073e+05 -2.84562118e+06  5.23e+04 5.21e-01  4.47e+01    16s
   3   1.70673963e+05 -2.01683879e+06  1.89e+04 2.84e-02  1.49e+01    16s
   4   1.77981936e+04 -3.75482768e+05  1.75e+03 5.35e-12  1.74e+00    17s
   5   3.38100587e+03 -6.43321467e+04  2.06e+02 1.92e-13  2.33e-01    18s
   6   1.34763906e+03 -1.35841523e+04  3.26e+01 5.36e-14  4.71e-02    20s
   7   5.37902807e+02 -5.80036716e+03  7.57e+00 2.26e-14  1.82e-02    21s
   8   3.27600206e+02 -2.68595815e+03  1.94e+00 1.08e-14  8.23e-03    22s
   9   2.61983617e+02 -1.22750035e+03  7.54e-01 5.07e-15  4.05e-03    23s
  10   2.39778318e+02 -6.29878609e+02  4.29e-01 7.64e-15  2.43e-03    24s
  11   2.32603469e+02 -2.98215797e+02  3.22e-01 1.26e-14  1.60e-03    24s
  12   2.28593401e+02 -2.16087285e+02  2.12e-01 1.61e-14  1.33e-03    25s
  13   2.26184592e+02 -7.99818223e+01  1.72e-01 1.53e-14  9.72e-04    26s
  14   2.32868874e+02 -3.14756933e+01  1.20e-01 1.78e-14  8.16e-04    26s
  15   2.28521875e+02  1.25756727e+02  5.78e-02 2.32e-14  3.34e-04    27s
  16   2.08055060e+02  1.95306676e+02  3.97e-03 2.13e-14  3.76e-05    28s
  17   2.07981663e+02  2.03704635e+02  3.04e-03 1.79e-14  1.50e-05    28s
  18   2.08160044e+02  2.07659487e+02  4.26e-05 2.22e-14  1.34e-06    29s
  19   2.08132029e+02  2.08072282e+02  7.83e-08 1.75e-14  1.53e-07    30s
  20   2.08127004e+02  2.08124239e+02  3.37e-09 2.59e-14  7.08e-09    31s
  21   2.08126756e+02  2.08126750e+02  1.37e-08 2.03e-14  1.69e-11    31s
  22   2.08126753e+02  2.08126753e+02  2.82e-10 1.97e-14  1.96e-14    32s

Barrier solved model in 22 iterations and 32.16 seconds (15.67 work units)
Optimal objective 2.08126753e+02


Root crossover log...

   40828 DPushes remaining with DInf 0.0000000e+00                32s
   17211 DPushes remaining with DInf 0.0000000e+00                35s
       0 DPushes remaining with DInf 0.0000000e+00                39s

    1148 PPushes remaining with PInf 0.0000000e+00                39s
       0 PPushes remaining with PInf 0.0000000e+00                40s

  Push phase complete: Pinf 0.0000000e+00, Dinf 1.8283387e-11     40s


Root simplex log...

Iteration    Objective       Primal Inf.    Dual Inf.      Time
   41784    2.0812675e+02   0.000000e+00   0.000000e+00     40s
Crossover time: 7.54 seconds (4.11 work units)
Concurrent spin time: 0.01s

Solved with barrier

Root relaxation: objective 2.081268e+02, 41784 iterations, 29.53 seconds (13.78 work units)

    Nodes    |    Current Node    |     Objective Bounds      |     Work
 Expl Unexpl |  Obj  Depth IntInf | Incumbent    BestBd   Gap | It/Node Time

     0     0  208.12675    0 14288          -  208.12675      -     -   42s
     0     0  208.12675    0 24556          -  208.12675      -     -   71s
     0     0  208.12675    0 22481          -  208.12675      -     -   76s
     0     0  208.12675    0 22522          -  208.12675      -     -   93s
     0     0  208.12675    0 14281          -  208.12675      -     -   98s
     0     0  208.12675    0 22490          -  208.12675      -     -  116s
     0     0  345.05529    0 17438          -  345.05529      -     -  157s
     0     0  345.05529    0 9294          -  345.05529      -     -  194s
     0     0  345.05529    0 10124          -  345.05529      -     -  200s
     0     0  345.05529    0 10013          -  345.05529      -     -  204s
     0     0  345.05529    0 7342          -  345.05529      -     -  210s
     0     0  345.05529    0 7342          -  345.05529      -     -  210s
     0     0  345.05529    0 7342          -  345.05529      -     -  210s
     0     0  345.05529    0 16456          -  345.05529      -     -  224s
     0     0  345.05529    0 16388          -  345.05529      -     -  229s
     0     0  345.05529    0 16387          -  345.05529      -     -  233s
     0     0  345.05529    0 16387          -  345.05529      -     -  235s
     0     0  345.05529    0 14577          -  345.05529      -     -  246s
     0     0  345.05529    0 14577          -  345.05529      -     -  246s
     0     0  345.05529    0 9970          -  345.05529      -     -  320s
     0     0  345.05529    0 12218          -  345.05529      -     -  326s
     0     0  345.05529    0 12221          -  345.05529      -     -  329s
     0     0  345.05529    0 12407          -  345.05529      -     -  331s
     0     0  345.05529    0 14112          -  345.05529      -     -  350s
     0     0  345.05529    0 14114          -  345.05529      -     -  351s
     0     0  345.05529    0 14114          -  345.05529      -     -  351s
     0     0  345.05529    0 11796          -  345.05529      -     -  412s
     0     0  345.05529    0 12544          -  345.05529      -     -  465s
     0     0  345.05529    0 8309          -  345.05529      -     -  467s
     0     0  345.05529    0 8310          -  345.05529      -     -  469s
     0     0  345.83539    0 16045          -  345.83539      -     -  484s
     0     0  345.83539    0 16132          -  345.83539      -     -  486s
     0     0  345.83539    0 16132          -  345.83539      -     -  486s
     0     0  345.83539    0 8635          -  345.83539      -     -  563s
     0     0  345.83539    0 8756          -  345.83539      -     -  567s
     0     0  345.83539    0 8840          -  345.83539      -     -  569s
     0     0  350.08697    0 10901          -  350.08697      -     -  588s
     0     0  350.35015    0 12113          -  350.35015      -     -  594s
     0     0  350.35015    0 12458          -  350.35015      -     -  595s
     0     0  352.35330    0 15193          -  352.35330      -     -  613s
     0     0  352.35330    0 11279          -  352.35330      -     -  619s
     0     0  353.56577    0 15360          -  353.56577      -     -  632s
     0     0  353.56577    0 14282          -  353.56577      -     -  638s
     0     0  355.64642    0 18213          -  355.64642      -     -  654s
     0     0  355.72136    0 15733          -  355.72136      -     -  663s
     0     0  355.72176    0 16133          -  355.72176      -     -  666s
     0     0  358.57752    0 14652          -  358.57752      -     -  680s
     0     0  358.57752    0 14945          -  358.57752      -     -  686s
     0     0  358.57752    0 16373          -  358.57752      -     -  699s
     0     0  358.57752    0 8887          -  358.57752      -     -  714s
     0     0  358.58583    0 17291          -  358.58583      -     -  732s
     0     0  358.58583    0 17291          -  358.58583      -     -  732s
     0     0  358.58583    0 11785          -  358.58583      -     -  791s
     0     0  358.78589    0 12920          -  358.78589      -     -  804s
     0     0  358.78589    0 11516          -  358.78589      -     -  806s
     0     0  358.78589    0 13026          -  358.78589      -     -  817s
     0     0  359.88121    0 12440          -  359.88121      -     -  839s
     0     0  359.88327    0 8306          -  359.88327      -     -  849s
     0     0  359.88327    0 8303          -  359.88327      -     -  849s
     0     0  360.48082    0 16788          -  360.48082      -     -  864s
     0     0  360.48082    0 16890          -  360.48082      -     -  870s
     0     0  360.48186    0 18089          -  360.48186      -     -  885s
     0     0  360.53141    0 12638          -  360.53141      -     -  891s
     0     0  360.53141    0 12054          -  360.53141      -     -  894s
     0     0  366.74669    0 16480          -  366.74669      -     -  908s
     0     0  366.79854    0 8486          -  366.79854      -     -  916s
     0     0  366.80333    0 8482          -  366.80333      -     -  917s
     0     0  367.93431    0 10393          -  367.93431      -     -  926s
     0     0  368.38127    0 9674          -  368.38127      -     -  934s
     0     0  368.38737    0 8393          -  368.38737      -     -  935s
     0     0  373.39550    0 12829          -  373.39550      -     -  945s
     0     0  373.40689    0 8381          -  373.40689      -     -  956s
     0     0  373.44247    0 8297          -  373.44247      -     -  971s
     0     0  373.45245    0 8184          -  373.45245      -     -  980s
     0     0  373.50200    0 11522          -  373.50200      -     -  992s
     0     0  373.50200    0 17971          -  373.50200      -     - 1007s
     0     0  373.97959    0 16967          -  373.97959      -     - 1025s
     0     0  374.05422    0 15665          -  374.05422      -     - 1034s
     0     0  374.05466    0 13767          -  374.05466      -     - 1038s
     0     0  374.38953    0 18293          -  374.38953      -     - 1054s
     0     0  374.38953    0 16926          -  374.38953      -     - 1061s
     0     0  374.38953    0 15283          -  374.38953      -     - 1078s
     0     0  374.38953    0 15252          -  374.38953      -     - 1078s
     0     0  374.38953    0 15784          -  374.38953      -     - 1086s
     0     0  374.58726    0 19095          -  374.58726      -     - 1103s
     0     0  374.58726    0 19095          -  374.58726      -     - 1104s
     0     0  374.58726    0 11737          -  374.58726      -     - 1208s
     0     0  374.58726    0 14862          -  374.58726      -     - 1226s
     0     0  374.58726    0 14826          -  374.58726      -     - 1229s
     0     0  375.79639    0 12940          -  375.79639      -     - 1248s
     0     0  375.79639    0 13010          -  375.79639      -     - 1249s
     0     0  375.79661    0 18005          -  375.79661      -     - 1271s
     0     0  375.80077    0 16160          -  375.80077      -     - 1290s
     0     0  375.80077    0 16155          -  375.80077      -     - 1290s
     0     0  375.80077    0 14750          -  375.80077      -     - 1307s
     0     0  375.80180    0 16457          -  375.80180      -     - 1326s
     0     0  375.80180    0 16413          -  375.80180      -     - 1327s
     0     0  375.80180    0 16413          -  375.80180      -     - 1333s
     0     0  375.80180    0 6530          -  375.80180      -     - 1459s
     0     2  375.80180    0 6519          -  375.80180      -     - 1533s
     1     3  375.80180    1 7249          -  375.80180      -  1331 1546s
     2     6  375.80180    2 8559          -  375.80180      -  1756 1560s
     5    10  375.89811    3 6144          -  375.80180      -  2153 1573s
     9    24  375.89811    4 5687          -  375.80180      -  2207 1586s
    23    32  375.89811    5 5687          -  375.80180      -   980 1596s
    31    37  375.89811    6 6936          -  375.80180      -   811 1607s
    36    50  375.89811    7 6943          -  375.80180      -   723 1620s
    49    63  375.89811    8 6935          -  375.80180      -   582 1631s
    62    74  375.89811    9 5685          -  375.80180      -   470 1643s
    73    84  375.89811   10 5684          -  375.80180      -   429 1656s
    83    97  375.89811   11 5685          -  375.80180      -   389 1668s
    96   101  375.89811   12 5680          -  375.80180      -   342 1677s
   100   114  376.04915   13 7192          -  375.80180      -   343 1689s
   113   127  383.39858   13 3422          -  375.80180      -   343 1722s
   126   140  376.04915   14 7188          -  375.80180      -   312 1734s
   139   153  376.04915   15 6770          -  375.80180      -   307 1745s
   152   166  376.04915   16 5664          -  375.80180      -   283 1757s
   165   179  376.04915   17 5656          -  375.80180      -   262 1767s
   178   192  376.04915   18 6900          -  375.80180      -   246 1779s
   191   205  376.05101   19 5661          -  375.80180      -   231 1789s
   204   214  376.05101   20 5659          -  375.80180      -   218 1802s
   213   228  376.05106   21 5674          -  375.80180      -   229 1814s
   227   243  376.05106   22 8038          -  375.80180      -   223 1827s
   242   259  376.05106   23 8093          -  375.80180      -   214 1838s
   258   275  376.05106   24 8094          -  375.80180      -   209 1848s
   274   292  376.05106   25 8125          -  375.80180      -   198 1860s
   291   310  376.05106   26 6812          -  375.80180      -   188 1896s
   309   329  376.05106   27 7882          -  375.80180      -   178 1941s
   328   349  376.05117   28 7881          -  375.80180      -   169 1957s
   348   370  376.05117   29 8153          -  375.80180      -   163 1971s
   369   390  376.05117   30 8477          -  375.80180      -   156 1989s
   389   414  376.05117   31 8268          -  375.80180      -   150 2021s
   413   464  376.05117   33 7053          -  375.80180      -   144 2038s
   463   503  376.10212   49 9019          -  375.80180      -   140 2054s
   502   582  376.24035   64 9524          -  375.80180      -   134 2070s
   581   673  376.90824   87 6930          -  375.80180      -   124 2103s
   672   776  377.48762  117 4851          -  375.80180      -   109 2180s
   775   894  378.29651  150 4998          -  375.80180      -  98.5 2200s
   893  1013  385.66850  189 6454          -  375.80180      -  89.7 2217s
  1012  1075  403.40218  210 4616          -  375.80180      -  84.9 2289s
  1086  1075  375.80180    2 10148          -  375.80180      -  85.4 2290s
  1089  1119  439.08738  254 5273          -  375.80180      -  85.3 2343s
  1142  1167  375.92117    5 6561          -  375.80180      -  91.0 2368s
  1190  1222  375.92125    7 6551          -  375.80180      -  91.7 2405s
  1245  1226  381.38300   19 3733          -  375.80180      -   100 2608s
  1249  1292  376.16787   20 10090          -  375.80180      -  99.4 2754s
  1315  1361  376.64837   21 6588          -  375.80180      -  97.0 2970s
  1384  1401  376.68625   22 6586          -  375.80180      -  93.6 3143s
  1456  1469  376.69776   23 6952          -  375.80180      -  95.6 3342s
  1525  1470  378.41626  138 6530          -  375.80180      -  95.4 3532s
  1527  1471  383.01394  196 6446          -  375.80180      -  95.3 3887s
  1528  1472  388.48327  313 3433          -  375.80180      -  95.2 3982s
  1529  1473  430.00578  502 7877          -  375.80180      -  95.2 4025s
  1530  1473  434.03273   64 6777          -  375.80180      -  95.1 4082s
  1531  1474  377.42609  113 7784          -  375.80180      -  95.0 4121s
  1532  1475  376.90611   68 5208          -  375.80180      -  95.0 4171s
  1533  1475  383.27656  200 6151          -  375.98947      -  94.9 4222s
  1534  1476  424.04066  477 6162          -  379.27654      -  94.9 4275s
  1535  1477  386.93329   79 6112          -  379.72000      -  94.8 4334s
  1536  1477  408.75585  227 6411          -  380.09943      -  94.7 4403s
  1537  1478  385.07325   58 6524          -  385.07325      -  94.7 4441s
  1538  1479  386.39862  129 6668          -  385.22921      -  94.6 4655s
  1539  1479  427.33015  170 6348          -  387.71604      -  94.5 4684s
  1540  1480  387.79615  195 6653          -  387.79615      -  94.5 4780s
  1541  1481  391.05039  409 5536          -  388.25405      -  94.4 4816s
  1542  1481  388.25405  176 6581          -  388.25405      -  94.4 4896s
  1543  1482  428.64034  252 6525          -  388.25405      -  94.3 4945s
  1544  1483  388.53932    8 4076          -  388.53932      -  94.2 5014s
  1545  1483  388.69414  121 7437          -  388.69414      -  94.2 5082s
  1546  1484  389.25942   36 5138          -  389.25942      -  94.1 5139s
  1547  1485  397.68191  118 5263          -  390.12018      -  94.1 5188s
  1548  1485  391.25268   48 5906          -  391.25268      -  94.0 5258s
  1549  1486  423.24268  504 7715          -  392.36535      -  93.9 5319s
  1550  1487  393.16975   88 7943          -  393.16975      -  93.9 5393s
  1551  1487  394.11121    8 7032          -  394.11121      -  93.8 5442s
  1552  1488  395.26163  231 7156          -  395.26163      -  93.8 5507s
  1553  1489  437.17335  465 6826          -  395.37837      -  93.7 5570s
  1554  1489  396.55132  129 6438          -  396.55132      -  93.6 5656s
  1555  1490  396.56762  381 7077          -  396.56762      -  93.6 5722s
  1556  1491  396.60280   34 7762          -  396.60280      -  93.5 5804s
  1557  1491  396.65230   44 7810          -  396.65230      -  93.5 5861s
  1558  1492  430.00578  252 7371          -  397.65117      -  93.4 5925s
  1559  1493  397.77854   20 7451          -  397.77854      -  93.3 6000s
  1560  1493  398.33526   20 6769          -  398.33526      -  93.3 6071s
  1561  1494  398.36356   63 6757          -  398.36356      -  93.2 6140s
  1562  1495  399.05591  275 6778          -  399.05591      -  93.2 6205s
  1563  1495  399.74953   80 6746          -  399.74953      -  93.1 6288s
  1564  1496  400.06770   71 6904          -  400.06770      -  93.0 6381s
  1565  1497  419.43218  412 6965          -  400.15789      -  93.0 6438s
  1566  1497  423.88091  165 6879          -  400.45026      -  92.9 6590s
  1567  1498  400.45867  147 6911          -  400.45867      -  92.9 6653s
  1568  1499  400.56773   46 6678          -  400.56773      -  92.8 6714s
  1569  1499  419.43218  412 6765          -  400.59143      -  92.7 6760s
  1570  1500  444.14303  489 6884          -  400.75356      -  92.7 6851s
  1571  1501  400.86386  448 6816          -  400.86386      -  92.6 6902s
  1572  1501  401.08843   66 6890          -  401.08843      -  92.6 6972s
  1573  1502  401.30558   29 6864          -  401.30558      -  92.5 6998s
  1574  1503  401.41729  119 6782          -  401.41729      -  92.4 7062s
  1575  1503  423.88091  165 6711          -  401.76654      -  92.4 7096s
  1576  1504  418.94812  509 6761          -  401.78475      -  92.3 7156s
  1577  1505  401.78738  191 6742          -  401.78738      -  92.3 7171s

Cutting planes:
  Gomory: 5
  Cover: 244
  Implied bound: 82
  Projected implied bound: 70
  Clique: 73
  MIR: 111
  StrongCG: 7
  Flow cover: 502
  GUB cover: 259
  Zero half: 111
  RLT: 230
  Relax-and-lift: 186

Explored 1577 nodes (1965760 simplex iterations) in 7200.05 seconds (5736.65 work units)
Thread count was 4 (of 8 available processors)

Solution count 0

Time limit reached
Best objective -, best bound 4.020000000000e+02, gap -
