
Gurobi 13.0.2 (linux64) logging started Thu Jun 18 21:17:01 2026

Set parameter LogFile to value "src/Resultados/Sin Restricciones/logs/RC203-50.xml_log.log"
Set parameter Threads to value 4
Gurobi Optimizer version 13.0.2 build v13.0.2rc1 (linux64 - "Rocky Linux 9.7 (Blue Onyx)")

CPU model: QEMU Virtual CPU version 2.5+, instruction set [SSE2]
Thread count: 8 physical cores, 8 logical processors, using up to 4 threads

Non-default parameters:
TimeLimit  7200
Threads  4

Optimize a model with 240765 rows, 146265 columns and 1014885 nonzeros (Min)
Model fingerprint: 0x88b7c4b7
Model has 22410 linear objective coefficients
Variable types: 31110 continuous, 115155 integer (115140 binary)
Coefficient statistics:
  Matrix range     [1e+00, 2e+05]
  Objective range  [1e+00, 8e+01]
  Bounds range     [1e+00, 2e+03]
  RHS range        [1e+00, 2e+05]

Presolve removed 75945 rows and 180 columns (presolve time = 5s)...
Presolve removed 75975 rows and 195 columns
Presolve time: 7.77s
Presolved: 164790 rows, 146070 columns, 749940 nonzeros
Variable types: 750 continuous, 145320 integer (129075 binary)
Deterministic concurrent LP optimizer: primal simplex, dual simplex, and barrier
Showing barrier log only...

Root barrier log...

Ordering time: 1.86s

Barrier statistics:
 Dense cols : 15
 AA' NZ     : 2.286e+06
 Factor NZ  : 9.266e+06 (roughly 200 MB of memory)
 Factor Ops : 2.400e+09 (less than 1 second per iteration)
 Threads    : 1

                  Objective                Residual
Iter       Primal          Dual         Primal    Dual     Compl     Time
   0   1.59185333e+06 -2.95952201e+06  2.00e+05 2.22e-16  1.39e+02    15s
   1   4.69399068e+05 -3.02940174e+06  5.97e+04 6.26e-01  5.17e+01    15s
   2   4.21320851e+05 -2.99669546e+06  5.38e+04 6.75e-01  3.88e+01    16s
   3   1.52225972e+05 -1.41978922e+06  1.97e+04 2.59e-02  1.25e+01    17s
   4   1.29283961e+04 -2.39960470e+05  1.41e+03 8.67e-13  1.17e+00    18s
   5   3.09636908e+03 -8.34435612e+04  1.59e+02 1.63e-13  2.65e-01    18s
   6   1.47600337e+03 -1.45835578e+04  3.04e+01 2.95e-14  4.87e-02    19s
   7   6.41138194e+02 -5.69638641e+03  4.73e+00 1.02e-14  1.72e-02    20s
   8   3.77912484e+02 -3.14306308e+03  1.27e+00 5.95e-15  9.23e-03    21s
   9   2.83343148e+02 -1.34105585e+03  4.45e-01 5.54e-15  4.28e-03    22s
  10   2.66065627e+02 -7.14277771e+02  2.79e-01 1.69e-14  2.71e-03    23s
  11   2.95817537e+02 -4.85964830e+02  1.59e-01 3.76e-14  2.13e-03    24s
  12   2.82648107e+02  3.67785214e+01  5.58e-02 2.10e-14  6.79e-04    25s
  13   2.51649432e+02  1.18389359e+02  1.35e-02 1.85e-14  3.52e-04    26s
  14   2.14700534e+02  1.98901534e+02  2.61e-03 1.86e-14  4.29e-05    26s
  15   2.13365317e+02  1.99500692e+02  2.16e-03 1.91e-14  3.75e-05    27s
  16   2.12362498e+02  2.01540256e+02  1.88e-03 1.72e-14  2.95e-05    28s
  17   2.11145068e+02  2.07256258e+02  1.23e-03 1.92e-14  1.13e-05    28s
  18   2.09807670e+02  2.09438791e+02  8.88e-05 1.72e-14  1.04e-06    29s
  19   2.09736016e+02  2.09618078e+02  1.11e-05 1.89e-14  3.12e-07    30s
  20   2.09725305e+02  2.09724007e+02  4.47e-08 2.00e-14  3.34e-09    31s
  21   2.09724975e+02  2.09724967e+02  6.01e-09 1.22e-13  1.94e-11    31s
  22   2.09724973e+02  2.09724973e+02  5.83e-09 2.60e-14  1.68e-13    32s

Barrier solved model in 22 iterations and 32.04 seconds (15.73 work units)
Optimal objective 2.09724973e+02


Root crossover log...

   41469 DPushes remaining with DInf 0.0000000e+00                32s
   17609 DPushes remaining with DInf 0.0000000e+00                35s
       0 DPushes remaining with DInf 0.0000000e+00                39s

    1189 PPushes remaining with PInf 0.0000000e+00                39s
       0 PPushes remaining with PInf 0.0000000e+00                40s

  Push phase complete: Pinf 0.0000000e+00, Dinf 7.1887780e-05     40s


Root simplex log...

Iteration    Objective       Primal Inf.    Dual Inf.      Time
   42361    2.0972497e+02   0.000000e+00   7.188776e-05     40s
   42366    2.0972497e+02   0.000000e+00   0.000000e+00     40s
Crossover time: 7.66 seconds (4.37 work units)
Concurrent spin time: 0.00s

Solved with barrier

Root relaxation: objective 2.097250e+02, 42366 iterations, 28.98 seconds (14.06 work units)

    Nodes    |    Current Node    |     Objective Bounds      |     Work
 Expl Unexpl |  Obj  Depth IntInf | Incumbent    BestBd   Gap | It/Node Time

     0     0  209.72497    0 26875          -  209.72497      -     -   42s
     0     0  209.72497    0 26949          -  209.72497      -     -   68s
     0     0  209.72497    0 27043          -  209.72497      -     -   80s
     0     0  209.72497    0 28947          -  209.72497      -     -  100s
     0     0  209.72497    0 18570          -  209.72497      -     -  105s
     0     0  209.72497    0 18570          -  209.72497      -     -  115s
     0     0  252.00311    0 17858          -  252.00311      -     -  133s
     0     0  252.00311    0 20049          -  252.00311      -     -  134s
     0     0  252.00311    0 20049          -  252.00311      -     -  136s
     0     0  252.00311    0 8555          -  252.00311      -     -  144s
     0     0  338.30629    0 39455          -  338.30629      -     -  178s
     0     0  338.30629    0 39454          -  338.30629      -     -  183s
     0     0  338.30629    0 39454          -  338.30629      -     -  187s
     0     0  338.30629    0 39451          -  338.30629      -     -  204s
     0     0  339.92302    0 41941          -  339.92302      -     -  222s
     0     0  339.92302    0 38352          -  339.92302      -     -  239s
     0     0  344.31578    0 37618          -  344.31578      -     -  255s
     0     0  344.31578    0 37620          -  344.31578      -     -  257s
     0     0  344.31578    0 38041          -  344.31578      -     -  259s
     0     0  344.31578    0 37258          -  344.31578      -     -  270s
     0     0  344.54983    0 33148          -  344.54983      -     -  293s
     0     0  344.54983    0 33148          -  344.54983      -     -  293s
     0     0  344.54983    0 33122          -  344.54983      -     -  302s
     0     0  345.38846    0 36294          -  345.38846      -     -  326s
     0     0  345.73887    0 32267          -  345.73887      -     -  389s
     0     0  345.73887    0 32103          -  345.73887      -     -  391s
     0     0  348.05308    0 38563          -  348.05308      -     -  414s
     0     0  348.05308    0 35024          -  348.05308      -     -  430s
     0     0  348.05308    0 37830          -  348.05308      -     -  452s
     0     0  348.05308    0 38476          -  348.05308      -     -  469s
     0     0  348.05308    0 35622          -  348.05308      -     -  489s
     0     0  348.05308    0 35621          -  348.05308      -     -  490s
     0     0  348.05308    0 17148          -  348.05308      -     -  595s
     0     0  348.57822    0 15106          -  348.57822      -     -  608s
     0     0  348.57822    0 13512          -  348.57822      -     -  614s
     0     0  348.57822    0 13510          -  348.57822      -     -  615s
     0     0  348.58963    0 15154          -  348.58963      -     -  618s
     0     0  348.58963    0 15152          -  348.58963      -     -  619s
     0     0  352.16489    0 16541          -  352.16489      -     -  636s
     0     0  352.16489    0 16285          -  352.16489      -     -  636s
     0     0  352.16489    0 9921          -  352.16489      -     -  718s
     0     0  352.16489    0 16360          -  352.16489      -     -  740s
     0     0  358.93298    0 19949          -  358.93298      -     -  765s
     0     0  358.93298    0 19946          -  358.93298      -     -  767s
     0     0  358.93298    0 19001          -  358.93298      -     -  783s
     0     0  359.29943    0 21273          -  359.29943      -     -  802s
     0     0  359.29943    0 21220          -  359.29943      -     -  804s
     0     0  359.29943    0 22629          -  359.29943      -     -  815s
     0     0  361.46241    0 21624          -  361.46241      -     -  828s
     0     0  361.46241    0 21383          -  361.46241      -     -  828s
     0     0  361.46428    0 12545          -  361.46428      -     -  840s
     0     0  361.95497    0 20669          -  361.95497      -     -  851s
     0     0  361.95497    0 23520          -  361.95497      -     -  863s
     0     0  361.97801    0 12015          -  361.97801      -     -  882s
     0     0  361.97801    0 11986          -  361.97801      -     -  882s
     0     0  362.01112    0 12055          -  362.01112      -     -  893s
     0     0  363.17587    0 11475          -  363.17587      -     -  902s
     0     0  363.17587    0 11479          -  363.17587      -     -  903s
     0     0  363.17587    0 11477          -  363.17587      -     -  903s
     0     0  363.17587    0 11473          -  363.17587      -     -  903s
     0     0  363.17587    0 11471          -  363.17587      -     -  903s
     0     0  363.17587    0 11469          -  363.17587      -     -  903s
     0     0  363.17587    0 11467          -  363.17587      -     -  903s
     0     0  363.17587    0 11481          -  363.17587      -     -  904s
     0     0  363.17587    0 11463          -  363.17587      -     -  904s
     0     0  363.17587    0 11461          -  363.17587      -     -  904s
     0     0  363.17587    0 11491          -  363.17587      -     -  904s
     0     0  363.18614    0 11632          -  363.18614      -     -  917s
     0     0  363.75861    0 16978          -  363.75861      -     -  926s
     0     0  363.78020    0 13756          -  363.78020      -     -  934s
     0     0  366.14682    0 17848          -  366.14682      -     -  945s
     0     0  366.14713    0 14027          -  366.14713      -     -  958s
     0     0  366.15705    0 13328          -  366.15705      -     -  967s
     0     0  366.16499    0 9605          -  366.16499      -     -  978s
     0     0  366.49559    0 16569          -  366.49559      -     -  987s
     0     0  366.49559    0 16534          -  366.49559      -     -  988s
     0     0  366.50758    0 17105          -  366.50758      -     -  998s
     0     0  366.50889    0 27723          -  366.50889      -     - 1019s
     0     0  366.50889    0 27723          -  366.50889      -     - 1027s
     0     0  366.50889    0 10448          -  366.50889      -     - 1144s
     0     2  366.50889    0 9641          -  366.50889      -     - 1214s
     1     4  366.50889    1 10303          -  366.50889      -   930 1221s
     3     8  366.50889    2 14384          -  366.50889      -  2208 1245s
     7    12  366.51960    3 14190          -  366.50889      -  1193 1304s
    11    20  366.52113    4 8980          -  366.50889      -  1667 1334s
    19    28  369.61057    7 9034          -  366.50889      -  1109 1360s
    27    36  367.94969   12 12092          -  366.50889      -   799 1390s
    35    44  368.01414   17 12477          -  366.50889      -   664 1420s
    43    52  368.28603   22 13668          -  366.50889      -   642 1448s
    51    60  368.51079   26 8592          -  366.50889      -   586 1480s
    59    68  368.73382   31 12533          -  366.50889      -   530 1506s
    67    72  374.24209   35 3970          -  366.50889      -   541 1538s
    71    77  368.76374   35 7729          -  366.50889      -   530 1571s
    76    84  368.85778   37 8927          -  366.50889      -   533 1603s
    85    91  377.26235   41 4820          -  366.50889      -   502 1631s
    92    99  374.09531   45 4171          -  366.50889      -   486 1661s
   100   107  369.38032   49 9572          -  366.50889      -   471 1693s
   108   116  369.65487   54 9626          -  366.50889      -   458 1724s
   117   125  369.86253   59 5773          -  366.50889      -   450 1746s
   126   133  375.30398   64 3955          -  366.50889      -   454 1771s
   134   143  378.83906   67 5214          -  366.50889      -   451 1792s
   144   154  373.70637   72 9613          -  366.50889      -   436 1817s
   155   163  373.94062   80 7966          -  366.50889      -   409 1878s
   166   175  382.21464   86 8778          -  366.50889      -   440 1940s
   178   187  383.61440   91 8083          -  366.50889      -   420 1981s
   190   200  384.69318   99 8778          -  366.50889      -   396 2006s
   203   214  386.20069  108 9448          -  366.50889      -   377 2035s
   217   228  394.56803  118 7950          -  366.50889      -   362 2063s
   231   242  388.89012  127 5637          -  366.50889      -   343 2130s
   246   270  412.49275  138 8747          -  366.50889      -   332 2226s
   286   313  398.28707  116 7521          -  366.50889      -   317 2251s
   332   374  420.17146  129 8773          -  366.50889      -   289 2275s
   398   422  423.71625  146 8811          -  366.50889      -   258 2298s
   465   465  369.62917    7 9297          -  366.50889      -   251 2322s
   510   535  369.96961   13 9643          -  366.50889      -   236 2346s
   585   587  373.66970   28 8871          -  366.50889      -   226 2373s
   653   635  371.38031   10 13031          -  366.50889      -   219 2409s
   701   678  372.77503   16 10828          -  366.50889      -   215 2520s
   747   736  460.82779   27 12497          -  366.50889      -   221 2673s
   809   740  492.93336   49 4900          -  366.50889      -   221 2864s
   813   744  484.70754   49 4597          -  366.50889      -   222 3019s
   817   748  484.70754   50 4594          -  366.50889      -   221 3179s
   821   752  484.70754   51 4594          -  366.50889      -   220 3352s
   825   756  485.02944   52 4705          -  366.50889      -   220 3587s
   829   760  485.02944   53 4705          -  366.50889      -   219 3699s
   833   783  485.44291   54 4593          -  366.50889      -   219 3810s
   856   829  485.03062   54 4594          -  366.50889      -   216 3899s
   902   871  485.59815   55 4606          -  366.50889      -   209 4037s
   951   979  485.59815   56 4605          -  366.50889      -   203 4151s
  1064  1087  547.17133   88 5222          -  366.51960      -   199 4189s
  1215  1088  484.70754   50 10448          -  366.51960      -   200 4384s
  1216  1089  369.33503   47 10448          -  366.51960      -   200 4386s
  1217  1089  391.56310   45 5319          -  366.51960      -   200 4630s
  1218  1090  370.53145   39 5371          -  366.51960      -   200 4720s
  1219  1091  416.07257  102 4905          -  374.62664      -   200 4761s
  1220  1091  381.41124   89 5367          -  375.39495      -   199 4828s
  1221  1092  376.12304   20 5383          -  376.12304      -   199 4871s
  1222  1093  528.49885  170 5327          -  376.53558      -   199 4941s
  1223  1093  520.31570  138 4619          -  378.83954      -   199 5008s
  1224  1094  379.01897   66 4904          -  379.01897      -   199 5109s
  1225  1095  479.14487   47 5318          -  380.68859      -   199 5172s
  1226  1095  412.85802  139 5469          -  381.82032      -   199 5256s
  1227  1096  440.23897  100 5438          -  382.81428      -   198 5311s
  1228  1097  384.78658   27 4880          -  384.78658      -   198 5603s
  1229  1097  385.76807   29 5440          -  385.76807      -   198 5670s
  1230  1098  404.39089  103 5024          -  386.22926      -   198 5757s
  1231  1099  395.80877   56 4992          -  386.22943      -   198 5799s
  1232  1099  386.70836  108 5595          -  386.25353      -   198 5927s
  1233  1100 1008.36104  184 5869          -  388.11277      -   197 6000s
  1234  1101  542.63586   85 5643          -  388.25599      -   197 6075s
  1235  1101  477.17238   41 5806          -  388.32908      -   197 6125s
  1236  1102  437.56211  147 5487          -  388.54317      -   197 6210s
  1237  1103  388.77101   63 5282          -  388.77101      -   197 6268s
  1238  1103  389.28716   24 5451          -  389.28716      -   197 6368s
  1239  1104  389.34487    8 5381          -  389.34487      -   196 6416s
  1240  1105  485.10327  144 5637          -  389.36448      -   196 6527s
  1241  1105  532.43385  172 5577          -  389.41966      -   196 6562s
  1242  1106  451.99194  137 5725          -  389.45557      -   196 6659s
  1243  1107  397.58706  118 5555          -  389.45607      -   196 6721s
  1244  1107  389.56337   24 5611          -  389.56337      -   196 6787s
  1245  1108  430.38470   96 6024          -  389.57067      -   195 6892s
  1246  1109  389.70309   88 5386          -  389.70309      -   195 7039s
  1247  1109  389.79982   56 5433          -  389.79982      -   195 7119s

Cutting planes:
  Learned: 1
  Gomory: 27
  Cover: 137
  Implied bound: 90
  Projected implied bound: 306
  Clique: 25
  MIR: 161
  Mixing: 1
  StrongCG: 26
  Flow cover: 705
  GUB cover: 136
  Zero half: 81
  RLT: 271
  Relax-and-lift: 82

Explored 1247 nodes (1586870 simplex iterations) in 7200.04 seconds (5618.16 work units)
Thread count was 4 (of 8 available processors)

Solution count 0

Time limit reached
Best objective -, best bound 3.917000000000e+02, gap -
