
Gurobi 13.0.2 (linux64) logging started Fri Jun 19 05:19:07 2026

Set parameter LogFile to value "src/Resultados/Sin Restricciones/logs/RC205-50.xml_log.log"
Set parameter Threads to value 4
Gurobi Optimizer version 13.0.2 build v13.0.2rc1 (linux64 - "Rocky Linux 9.7 (Blue Onyx)")

CPU model: QEMU Virtual CPU version 2.5+, instruction set [SSE2]
Thread count: 8 physical cores, 8 logical processors, using up to 4 threads

Non-default parameters:
TimeLimit  7200
Threads  4

Optimize a model with 233895 rows, 140775 columns and 966285 nonzeros (Min)
Model fingerprint: 0x3fedab7c
Model has 18720 linear objective coefficients
Variable types: 30660 continuous, 110115 integer (110100 binary)
Coefficient statistics:
  Matrix range     [1e+00, 2e+05]
  Objective range  [1e+00, 8e+01]
  Bounds range     [1e+00, 2e+03]
  RHS range        [1e+00, 2e+05]

Presolve removed 74940 rows and 195 columns
Presolve time: 4.99s
Presolved: 158955 rows, 140580 columns, 708960 nonzeros
Variable types: 750 continuous, 139830 integer (123585 binary)
Deterministic concurrent LP optimizer: primal simplex, dual simplex, and barrier
Showing barrier log only...

Root barrier log...

Ordering time: 1.45s

Barrier statistics:
 Dense cols : 15
 AA' NZ     : 1.817e+06
 Factor NZ  : 7.175e+06 (roughly 180 MB of memory)
 Factor Ops : 1.398e+09 (less than 1 second per iteration)
 Threads    : 1

                  Objective                Residual
Iter       Primal          Dual         Primal    Dual     Compl     Time
   0   1.76011252e+06 -2.99818538e+06  2.04e+05 0.00e+00  1.47e+02    10s
   1   5.74845696e+05 -2.99004374e+06  6.71e+04 6.31e-01  5.79e+01    10s
   2   2.26355604e+05 -2.35464256e+06  3.00e+04 1.17e-01  2.23e+01    11s
   3   4.45513505e+04 -7.00336649e+05  5.55e+03 4.54e-03  4.37e+00    11s
   4   7.83137079e+03 -1.77994881e+05  7.62e+02 5.40e-13  7.73e-01    12s
   5   2.64264665e+03 -3.48948918e+04  1.61e+02 3.73e-14  1.45e-01    13s
   6   1.15228896e+03 -5.58762290e+03  3.49e+01 4.66e-15  2.70e-02    13s
   7   6.21343990e+02 -2.68611150e+03  9.62e+00 3.01e-15  1.12e-02    14s
   8   4.82885689e+02 -1.52088534e+03  3.32e+00 3.07e-15  6.13e-03    15s
   9   4.07926988e+02 -2.20483670e+02  8.05e-01 3.74e-15  1.86e-03    15s
  10   3.80822009e+02  2.19500348e+02  1.80e-01 4.10e-15  4.71e-04    16s
  11   3.73082057e+02  3.16070057e+02  3.39e-02 3.25e-15  1.58e-04    16s
  12   3.70335931e+02  3.30017916e+02  1.02e-02 3.06e-15  1.09e-04    17s
  13   3.65332073e+02  3.45814390e+02  3.47e-03 3.05e-15  5.23e-05    17s
  14   3.64361061e+02  3.57462838e+02  2.40e-03 3.53e-15  1.84e-05    18s
  15   3.63946480e+02  3.61651944e+02  1.03e-05 1.62e-15  6.04e-06    18s
  16   3.63810023e+02  3.63698822e+02  5.41e-09 5.77e-15  2.93e-07    19s
  17   3.63800026e+02  3.63799899e+02  2.36e-10 1.33e-15  3.35e-10    19s
  18   3.63800000e+02  3.63800000e+02  4.89e-10 1.11e-15  3.25e-13    20s

Barrier solved model in 18 iterations and 20.01 seconds (11.49 work units)
Optimal objective 3.63800000e+02


Root crossover log...

   18066 DPushes remaining with DInf 0.0000000e+00                20s
       0 DPushes remaining with DInf 0.0000000e+00                20s

   62431 PPushes remaining with PInf 5.9482830e-05                20s
   18847 PPushes remaining with PInf 0.0000000e+00                25s
      60 PPushes remaining with PInf 0.0000000e+00                30s
       0 PPushes remaining with PInf 0.0000000e+00                30s

  Push phase complete: Pinf 0.0000000e+00, Dinf 3.4361403e-14     30s


Root simplex log...

Iteration    Objective       Primal Inf.    Dual Inf.      Time
   80470    3.6380000e+02   0.000000e+00   0.000000e+00     30s
Crossover time: 10.30 seconds (4.97 work units)
Concurrent spin time: 0.01s

Solved with barrier

Root relaxation: objective 3.638000e+02, 80470 iterations, 23.30 seconds (10.74 work units)

    Nodes    |    Current Node    |     Objective Bounds      |     Work
 Expl Unexpl |  Obj  Depth IntInf | Incumbent    BestBd   Gap | It/Node Time

     0     0  363.80000    0 24205          -  363.80000      -     -   71s
     0     0  363.80000    0 2881          -  363.80000      -     -   97s
     0     0  363.88862    0 11214          -  363.88862      -     -  120s
     0     0  363.88862    0 10989          -  363.88862      -     -  122s
     0     0  363.88862    0 10989          -  363.88862      -     -  122s
     0     0  363.88862    0 10118          -  363.88862      -     -  143s
     0     0  363.88862    0 10118          -  363.88862      -     -  149s
     0     0  363.88862    0 9015          -  363.88862      -     -  152s
     0     0  363.94318    0 16459          -  363.94318      -     -  179s
     0     0  363.94318    0 16490          -  363.94318      -     -  182s
     0     0  363.94318    0 16490          -  363.94318      -     -  189s
     0     0  364.10248    0 10211          -  364.10248      -     -  219s
     0     0  364.18521    0 10280          -  364.18521      -     -  228s
     0     0  365.50795    0 18054          -  365.50795      -     -  271s
     0     0  365.52788    0 23971          -  365.52788      -     -  282s
     0     0  365.52953    0 17106          -  365.52953      -     -  289s
     0     0  365.53084    0 17661          -  365.53084      -     -  292s
     0     0  365.53084    0 19724          -  365.53084      -     -  294s
     0     0  365.96400    0 23906          -  365.96400      -     -  316s
     0     0  365.96400    0 22968          -  365.96400      -     -  321s
     0     0  365.96458    0 24960          -  365.96458      -     -  326s
     0     0  365.96498    0 24957          -  365.96498      -     -  326s
     0     0  365.96498    0 24958          -  365.96498      -     -  326s
     0     0  369.60183    0 12412          -  369.60183      -     -  343s
     0     0  369.65821    0 14495          -  369.65821      -     -  348s
     0     0  369.69119    0 14446          -  369.69119      -     -  348s
     0     0  373.08355    0 9552          -  373.08355      -     -  378s
     0     0  374.22539    0 9564          -  374.22539      -     -  387s
     0     0  374.44582    0 10897          -  374.44582      -     -  393s
     0     0  374.44582    0 10880          -  374.44582      -     -  394s
     0     0  374.47560    0 10078          -  374.47560      -     -  395s
     0     0  374.48003    0 10182          -  374.48003      -     -  396s
     0     0  374.49200    0 9440          -  374.49200      -     -  401s
     0     0  374.49200    0 9440          -  374.49200      -     -  401s
     0     0  380.71852    0 19827          -  380.71852      -     -  420s
     0     0  380.71852    0 19833          -  380.71852      -     -  423s
     0     0  382.86679    0 15538          -  382.86679      -     -  432s
     0     0  382.86679    0 15537          -  382.86679      -     -  432s
     0     0  382.88816    0 23152          -  382.88816      -     -  434s
     0     0  382.89051    0 23151          -  382.89051      -     -  436s
     0     0  382.89051    0 23153          -  382.89051      -     -  437s
     0     0  385.07991    0 14501          -  385.07991      -     -  447s
     0     0  385.07991    0 14501          -  385.07991      -     -  449s
     0     0  385.07991    0 14503          -  385.07991      -     -  449s
     0     0  385.19338    0 19898          -  385.19338      -     -  570s
     0     0  385.19338    0 19913          -  385.19338      -     -  571s
     0     0  385.82545    0 26082          -  385.82545      -     -  588s
     0     0  386.24009    0 26127          -  386.24009      -     -  595s
     0     0  386.31902    0 26014          -  386.31902      -     -  597s
     0     0  386.32013    0 27160          -  386.32013      -     -  598s
     0     0  387.66928    0 27715          -  387.66928      -     -  614s
     0     0  387.90123    0 15085          -  387.90123      -     -  621s
     0     0  387.99711    0 20759          -  387.99711      -     -  623s
     0     0  388.04939    0 17403          -  388.04939      -     -  630s
     0     0  388.05999    0 13983          -  388.05999      -     -  631s
     0     0  388.06312    0 13184          -  388.06312      -     -  631s
     0     0  388.52176    0 18524          -  388.52176      -     -  647s
     0     0  388.72517    0 18938          -  388.72517      -     -  658s
     0     0  388.82147    0 13549          -  388.82147      -     -  660s
     0     0  388.89849    0 15270          -  388.89849      -     -  661s
     0     0  388.94174    0 14647          -  388.94174      -     -  662s
     0     0  388.95469    0 16686          -  388.95469      -     -  663s
     0     0  388.95469    0 16686          -  388.95469      -     -  664s
     0     0  389.54339    0 13931          -  389.54339      -     -  683s
     0     0  389.65815    0 12238          -  389.65815      -     -  689s
     0     0  389.65815    0 12238          -  389.65815      -     -  689s
     0     0  389.65815    0 12236          -  389.65815      -     -  690s
     0     0  389.65815    0 12236          -  389.65815      -     -  690s
     0     0  389.65815    0 12234          -  389.65815      -     -  690s
     0     0  389.65815    0 12234          -  389.65815      -     -  690s
     0     0  389.65815    0 12232          -  389.65815      -     -  691s
     0     0  389.65815    0 12232          -  389.65815      -     -  691s
     0     0  389.65815    0 12230          -  389.65815      -     -  691s
     0     0  389.65815    0 12230          -  389.65815      -     -  692s
     0     0  389.65815    0 12228          -  389.65815      -     -  692s
     0     0  390.04687    0 17671          -  390.04687      -     -  696s
     0     0  390.04687    0 17670          -  390.04687      -     -  697s
     0     0  390.04687    0 17668          -  390.04687      -     -  697s
     0     0  390.04687    0 17671          -  390.04687      -     -  697s
     0     0  390.04687    0 17685          -  390.04687      -     -  698s
     0     0  390.04687    0 17685          -  390.04687      -     -  698s
     0     0  390.04687    0 17669          -  390.04687      -     -  698s
     0     0  390.04687    0 17669          -  390.04687      -     -  699s
     0     0  390.04687    0 17667          -  390.04687      -     -  699s
     0     0  390.04687    0 17667          -  390.04687      -     -  699s
     0     0  390.04687    0 17665          -  390.04687      -     -  699s
     0     0  390.09920    0 14783          -  390.09920      -     -  701s
     0     0  390.09920    0 14809          -  390.09920      -     -  702s
     0     0  390.10062    0 14783          -  390.10062      -     -  703s
     0     0  390.33865    0 18862          -  390.33865      -     -  726s
     0     0  390.47649    0 19212          -  390.47649      -     -  737s
     0     0  390.68392    0 18493          -  390.68392      -     -  740s
     0     0  390.74610    0 18463          -  390.74610      -     -  741s
     0     0  390.77520    0 18479          -  390.77520      -     -  742s
     0     0  390.77993    0 19070          -  390.77993      -     -  743s
     0     0  391.50459    0 14007          -  391.50459      -     -  764s
     0     0  391.75935    0 11557          -  391.75935      -     -  774s
     0     0  391.83147    0 9514          -  391.83147      -     -  775s
     0     0  391.83433    0 9508          -  391.83433      -     -  776s
     0     0  392.06051    0 11151          -  392.06051      -     -  798s
     0     0  392.06051    0 11157          -  392.06051      -     -  799s
     0     0  392.17734    0 21547          -  392.17734      -     -  809s
     0     0  392.26260    0 19413          -  392.26260      -     -  811s
     0     0  392.27376    0 16242          -  392.27376      -     -  814s
     0     0  392.27795    0 17463          -  392.27795      -     -  817s
     0     0  392.41760    0 17774          -  392.41760      -     -  837s
     0     0  392.53367    0 15534          -  392.53367      -     -  846s
     0     0  392.55094    0 20024          -  392.55094      -     -  849s
     0     0  392.55750    0 19334          -  392.55750      -     -  850s
     0     0  392.70463    0 20702          -  392.70463      -     -  863s
     0     0  392.79083    0 18169          -  392.79083      -     -  872s
     0     0  392.79773    0 21510          -  392.79773      -     -  873s
     0     0  393.01037    0 16819          -  393.01037      -     -  894s
     0     0  393.05964    0 22142          -  393.05964      -     -  900s
     0     0  393.09997    0 21375          -  393.09997      -     -  902s
     0     0  393.11079    0 21608          -  393.11079      -     -  903s
     0     0  393.11582    0 21611          -  393.11582      -     -  904s
     0     0  393.23405    0 17092          -  393.23405      -     -  920s
     0     0  393.25404    0 19908          -  393.25404      -     -  927s
     0     0  393.25683    0 17021          -  393.25683      -     -  928s
     0     0  393.29237    0 18872          -  393.29237      -     -  946s
     0     0  393.29402    0 18872          -  393.29402      -     -  951s
     0     0  393.29402    0 15445          -  393.29402      -     - 1053s
     0     2  393.32713    0 15445          -  393.32713      -     - 1131s
     1     3  430.60355    1 8559          -  393.32713      - 13135 1161s
     2     6  482.58679    2 10548          -  393.32713      -  8467 1176s
     5    10  482.77540    3 10017          -  393.51129      -  3809 1192s
     9    16  482.84968    4 11217          -  393.62929      -  3194 1209s
    17    28  495.94576    7 9997          -  393.63578      -  2195 1228s
    29    35  495.11562   10 9262          -  393.63578      -  1466 1242s
    36    47  495.46836   12 12752          -  393.63578      -  1462 1258s
    48    55  497.96682   15 12503          -  393.63578      -  1251 1271s
    56    67  498.25063   17 11143          -  393.63578      -  1229 1285s
    68    76  498.59065   19 10176          -  393.63578      -  1120 1300s
    77    85  500.38501   20 10187          -  393.63578      -  1074 1311s
    86    97  499.73154   23 8636          -  393.63578      -   987 1323s
    98   110  499.78354   25 8284          -  393.63578      -   974 1332s
   111   117  500.36244   27 6366          -  393.63578      -   904 1345s
   118   129  501.72825   30 6935          -  393.63578      -   894 1366s
   130   144  505.10691   34 6230          -  393.63578      -   896 1375s
   145   163  503.59907   34 5638          -  393.63578      -   862 1381s
   164   183  505.60913   41 6419          -  393.63578      -   787 1393s
   184   200  505.97460   47 6700          -  393.63578      -   709 1402s
   201   213  507.07043   53 5670          -  393.63578      -   669 1411s
   214   217  507.09709   54 5672          -  393.63578      -   637 1428s
   218   221  507.10000   55 6054          -  393.63578      -   628 1448s
   222   225  507.10576   56 5413          -  393.63578      -   619 1466s
   226   229  507.13289   57 5406          -  393.63578      -   613 1485s
   230   233  507.15205   58 5406          -  393.63578      -   604 1503s
   234   237  507.26694   59 5855          -  393.63578      -   596 1522s
   238   241  507.30807   60 5847          -  393.63578      -   587 1538s
   242   245  507.31765   61 5404          -  393.63578      -   582 1554s
   246   249  507.39064   62 5418          -  393.63578      -   574 1570s
   250   253  507.51707   63 5416          -  393.63578      -   570 1586s
   254   257  507.62732   64 5412          -  393.63578      -   563 1603s
   258   261  507.65323   65 6880          -  393.63578      -   559 1625s
   262   265  507.65412   66 6886          -  393.63578      -   557 1640s
   266   269  507.69613   67 6879          -  393.63578      -   548 1658s
   270   273  508.11757   68 5453          -  393.63578      -   542 1719s
   274   277  508.15138   69 5447          -  393.63578      -   534 1737s
   278   281  508.25684   70 5449          -  393.63578      -   528 1755s
   282   285  508.27568   71 5446          -  393.63578      -   522 1775s
   286   289  508.33009   72 5446          -  393.63578      -   517 1790s
   290   293  508.46182   73 5447          -  393.63578      -   511 1809s
   294   297  510.85606   74 6047          -  393.63578      -   505 1904s
   298   301  510.86246   75 6047          -  393.63578      -   499 1921s
   302   305  510.86246   76 6047          -  393.63578      -   495 1938s
   306   309  511.07597   77 5814          -  393.63578      -   492 1975s
   310   313  511.70024   78 5818          -  393.63578      -   486 2009s
   314   317  511.07597   78 5825          -  393.63578      -   486 2040s
   318   321  511.17742   79 6942          -  393.63578      -   482 2073s
   322   325  511.20809   80 6678          -  393.63578      -   476 2098s
   326   329  511.33604   81 6050          -  393.63578      -   472 2127s
   330   333  511.53476   82 6315          -  393.63578      -   468 2153s
   334   337  512.32898   83 6307          -  393.63578      -   463 2214s
   338   357  511.53476   83 6317          -  393.63578      -   460 2261s
   358   378  511.74401   84 6306          -  393.63578      -   439 2289s
   379   382  511.95320   85 6053          -  393.63578      -   427 2377s
   383   409  512.37164   86 5441          -  393.63578      -   424 2495s
   410   440  518.68956  104 5940          -  393.63578      -   405 2595s
   441   466  526.53588  123 5234          -  393.63578      -   383 2673s
   467   492  531.09770  142 5003          -  393.63578      -   363 2819s
   497   512  536.27762  161 4992          -  394.53835      -   343 2943s
   528   520  490.51542    4 15382          -  394.53835      -   358 3110s
   536   567  491.52133    5 8358          -  394.53835      -   386 3242s
   587   620  502.31357   22 5663          -  394.53835      -   376 3353s
   641   686  505.03950   40 7511          -  394.53835      -   367 3551s
   707   755  554.36296   67 4704          -  394.53835      -   352 3659s
   781   863  527.73681   99 2775          -  394.53835      -   327 3713s
   912   993  486.20592    9 5175          -  394.53835      -   317 3757s
  1051  1122  489.35812   18 7566          -  394.53835      -   299 3807s
  1198  1123  489.56459   23 15445          -  395.58903      -   291 3986s
  1200  1124  644.90883  178 8725          -  395.58903      -   290 4170s
  1201  1125  484.50746    9 8328          -  395.58903      -   290 4329s
  1202  1126  483.80135   63 8177          -  397.09893      -   290 4379s
  1203  1126  509.25177   37 10403          -  397.09893      -   290 4394s
  1204  1127  480.29492   34 10975          -  397.09893      -   289 4412s
  1205  1128  491.45550  103 10121          -  475.87220      -   289 4434s
  1206  1128  490.51542    5 8262          -  481.59562      -   289 4464s
  1207  1129  528.11111  130 8465          -  481.59562      -   289 4473s
  1208  1130  511.50765   55 6680          -  481.59562      -   288 4479s
  1209  1130  528.13921  101 6356          -  481.59562      -   288 4528s
  1210  1131  488.45506   66 11095          -  488.45506      -   288 4809s
  1211  1132  493.44609   70 10805          -  493.44609      -   288 4850s
  1212  1132  495.72960  107 11160          -  495.72960      -   287 4858s
  1213  1133  499.72038   22 11393          -  495.82226      -   287 4863s
  1214  1134  495.88397   36 10848          -  495.88397      -   287 4865s
  1215  1134  513.94738   94 11733          -  495.96799      -   287 4872s
  1216  1135  499.77845   34 11379          -  496.01723      -   287 4877s
  1217  1136  503.60048   36 10623          -  496.12826      -   286 4882s
  1219  1137  496.25611   78 10574          -  496.25611      -   286 4889s
  1220  1138  496.47380   23 10086          -  496.47380      -   286 4892s
  1221  1138  500.98507   27 10807          -  496.59181      -   285 4904s
  1222  1139  507.82305   68 10736          -  496.64516      -   285 4967s
  1223  1140  498.75867   34 8057          -  498.75867      -   285 5049s
  1224  1140  499.36524   76 7732          -  499.36524      -   285 5067s
  1225  1141  523.14929  134 8219          -  500.94719      -   284 5082s
  1226  1142  507.69224   65 8359          -  501.72240      -   284 5090s
  1227  1142  540.45578  156 7504          -  501.87150      -   284 5097s
  1229  1144  504.39087   34 8331          -  501.98992      -   284 5104s
  1230  1144  507.31646   52 8414          -  501.98992      -   283 5141s
  1231  1145  516.36922  113 9059          -  502.41909      -   283 5272s
  1232  1146  504.46019   60 9828          -  502.45047      -   283 5297s
  1233  1146  502.73319   19 8351          -  502.73319      -   283 5307s
  1234  1147  503.03068   85 8444          -  503.03068      -   282 5313s
  1235  1148  503.13329   31 8549          -  503.13329      -   282 5322s
  1236  1148  503.60048   37 8414          -  503.14986      -   282 5334s
  1237  1149  503.16529   81 8916          -  503.16529      -   282 5347s
  1238  1150  503.17641   15 8612          -  503.17641      -   281 5392s
  1239  1150  639.19027  152 8922          -  504.58245      -   281 5489s
  1240  1151  504.69152   48 8894          -  504.69152      -   281 5501s
  1241  1152  504.71218   76 9087          -  504.71218      -   281 5505s
  1242  1152  504.77439   11 8639          -  504.77439      -   281 5514s
  1243  1153  504.78091   13 8826          -  504.78091      -   280 5553s
  1244  1154  518.16025  117 8033          -  504.86497      -   280 5843s
  1245  1154  504.87244   16 7651          -  504.87244      -   280 5873s
  1246  1155  512.96566   85 7861          -  505.17261      -   280 5957s
  1247  1156  511.95521   26 8079          -  505.17261      -   279 5974s
  1248  1156  505.30910   76 7663          -  505.30910      -   279 6083s
  1249  1157  505.45236  107 7834          -  505.45236      -   279 6092s
  1250  1158  505.57612   73 7321          -  505.57612      -   279 6100s
  1251  1158  505.98517  132 8249          -  505.58747      -   279 6122s
  1252  1159  513.81885   86 8191          -  505.75865      -   278 6201s
  1253  1160  505.98802   12 7485          -  505.98802      -   278 6260s
  1254  1160  515.04775   95 6731          -  506.03022      -   278 6339s
  1255  1161  644.90259  191 6051          -  506.65381      -   278 6355s
  1256  1162  506.65381   82 7618          -  506.65381      -   277 6361s
  1257  1162  507.20254   28 7702          -  507.20254      -   277 6382s
  1258  1163  507.21208   78 7809          -  507.21208      -   277 6393s
  1259  1164  524.52578  146 7746          -  507.34699      -   277 6426s
  1260  1164  507.60952   24 7474          -  507.60952      -   277 6495s
  1261  1165  512.66273   84 7400          -  507.82052      -   276 6514s
  1262  1166  507.84144   34 7241          -  507.84144      -   276 6519s
  1263  1166  544.25800  203 7379          -  507.84144      -   276 6521s
  1264  1167  507.84144   11 7181          -  507.84144      -   276 6525s
  1265  1168  507.84619   59 7240          -  507.84619      -   275 6533s
  1266  1168  507.84619   66 7191          -  507.84619      -   275 6535s
  1268  1170  535.15792  156 7390          -  507.90367      -   275 6570s
  1269  1170  507.94534   93 7118          -  507.94534      -   275 6644s
  1270  1171  518.46331  102 7180          -  507.99856      -   274 6653s
  1271  1172  507.99866   52 8217          -  507.99866      -   274 6663s
  1272  1172  519.99899  105 7501          -  508.00009      -   274 6665s
  1274  1174  508.06313   59 7996          -  508.06313      -   273 6671s
  1275  1174  508.07862   64 7964          -  508.07862      -   273 6679s
  1276  1175  515.97748   82 7784          -  508.08893      -   273 6723s
  1277  1176  544.63477  117 7725          -  508.09545      -   273 6782s
  1278  1176  642.09621  164 7517          -  508.49042      -   273 6834s
  1279  1177  533.92731   99 6556          -  508.60252      -   272 6848s
  1280  1178  508.60597   30 6878          -  508.60597      -   272 6886s
  1281  1178  508.68788   17 7883          -  508.68788      -   272 6959s
  1282  1179  508.87152   50 8430          -  508.87152      -   272 6994s
  1283  1180  508.90292   64 7554          -  508.90292      -   272 7001s
  1285  1181  509.08635  120 8063          -  509.08635      -   271 7038s
  1286  1182  638.70801  146 5624          -  509.25483      -   271 7100s
  1287  1182  632.19329  139 6351          -  509.28960      -   271 7132s
  1288  1183  530.82762  141 7302          -  509.28960      -   271 7157s

Cutting planes:
  Gomory: 8
  Cover: 430
  Implied bound: 60
  Projected implied bound: 824
  Clique: 352
  MIR: 378
  Mixing: 1
  Knapsack: 2
  StrongCG: 47
  Flow cover: 1084
  GUB cover: 340
  Zero half: 29
  RLT: 151
  Relax-and-lift: 359

Explored 1288 nodes (1659816 simplex iterations) in 7200.34 seconds (5873.43 work units)
Thread count was 4 (of 8 available processors)

Solution count 0

Time limit reached
Best objective -, best bound 5.098000000000e+02, gap -
