
Gurobi 13.0.2 (linux64) logging started Fri Jun 19 09:19:49 2026

Set parameter LogFile to value "src/Resultados/Sin Restricciones/logs/RC206-50.xml_log.log"
Set parameter Threads to value 4
Gurobi Optimizer version 13.0.2 build v13.0.2rc1 (linux64 - "Rocky Linux 9.7 (Blue Onyx)")

CPU model: QEMU Virtual CPU version 2.5+, instruction set [SSE2]
Thread count: 8 physical cores, 8 logical processors, using up to 4 threads

Non-default parameters:
TimeLimit  7200
Threads  4

Optimize a model with 231107 rows, 139275 columns and 957165 nonzeros (Min)
Model fingerprint: 0xf6d644b2
Model has 18900 linear objective coefficients
Variable types: 30240 continuous, 109035 integer (109020 binary)
Coefficient statistics:
  Matrix range     [1e+00, 2e+05]
  Objective range  [1e+00, 8e+01]
  Bounds range     [1e+00, 2e+03]
  RHS range        [1e+00, 2e+05]

Presolve removed 73665 rows and 180 columns (presolve time = 5s)...
Presolve removed 73680 rows and 195 columns
Presolve time: 6.02s
Presolved: 157427 rows, 139080 columns, 703860 nonzeros
Variable types: 750 continuous, 138330 integer (122085 binary)
Deterministic concurrent LP optimizer: primal simplex, dual simplex, and barrier
Showing barrier log only...

Root barrier log...

Ordering time: 1.64s

Barrier statistics:
 Dense cols : 15
 AA' NZ     : 1.819e+06
 Factor NZ  : 7.396e+06 (roughly 180 MB of memory)
 Factor Ops : 1.575e+09 (less than 1 second per iteration)
 Threads    : 1

                  Objective                Residual
Iter       Primal          Dual         Primal    Dual     Compl     Time
   0   1.78235468e+06 -2.97400378e+06  2.00e+05 2.22e-16  1.46e+02    12s
   1   6.10537642e+05 -2.96705025e+06  6.92e+04 6.44e-01  5.96e+01    13s
   2   4.90942906e+05 -2.84113554e+06  5.73e+04 7.10e-01  4.93e+01    13s
   3   1.31735673e+05 -3.72028824e+06  1.68e+04 6.14e-02  1.95e+01    14s
   4   5.03650057e+04 -1.03995989e+06  6.26e+03 8.02e-03  5.53e+00    15s
   5   5.35115709e+03 -9.96502731e+04  4.40e+02 2.46e-13  4.27e-01    16s
   6   2.53322516e+03 -5.45237652e+04  1.72e+02 1.08e-13  2.00e-01    16s
   7   8.97729303e+02 -4.29649569e+03  1.27e+01 5.11e-15  1.77e-02    17s
   8   4.52125746e+02 -1.21548889e+03  2.47e+00 4.55e-15  5.19e-03    18s
   9   3.01090537e+02 -9.39518262e+01  5.79e-01 6.86e-15  1.29e-03    19s
  10   2.66690747e+02  1.18163631e+02  2.31e-01 1.05e-14  5.51e-04    20s
  11   2.58667215e+02  1.76024128e+02  1.70e-01 1.20e-14  3.62e-04    20s
  12   2.45242300e+02  2.01772203e+02  6.45e-02 1.58e-14  1.77e-04    21s
  13   2.39548795e+02  2.33887354e+02  2.51e-02 2.07e-14  4.08e-05    22s
  14   2.39356802e+02  2.36547403e+02  2.30e-02 2.47e-14  3.52e-05    22s
  15   2.39555533e+02  2.36816587e+02  1.83e-02 2.36e-14  2.92e-05    23s
  16   2.41483206e+02  2.38841719e+02  1.27e-02 1.77e-14  2.21e-05    23s
  17   2.43593050e+02  2.43078200e+02  2.76e-03 2.26e-14  5.17e-06    24s
  18   2.44018627e+02  2.43871505e+02  5.24e-05 1.98e-14  4.66e-07    24s
  19   2.44008226e+02  2.43997113e+02  7.56e-10 2.45e-14  2.96e-08    25s
  20   2.44002515e+02  2.44002461e+02  2.93e-09 2.37e-14  1.44e-10    26s
  21   2.44002480e+02  2.44002480e+02  9.42e-11 1.91e-14  2.28e-13    26s

Barrier solved model in 21 iterations and 26.33 seconds (12.66 work units)
Optimal objective 2.44002480e+02


Root crossover log...

   39688 DPushes remaining with DInf 0.0000000e+00                26s
   12566 DPushes remaining with DInf 0.0000000e+00                30s
       0 DPushes remaining with DInf 0.0000000e+00                33s

    1163 PPushes remaining with PInf 0.0000000e+00                33s
       0 PPushes remaining with PInf 0.0000000e+00                33s

  Push phase complete: Pinf 0.0000000e+00, Dinf 3.1412429e-11     33s


Root simplex log...

Iteration    Objective       Primal Inf.    Dual Inf.      Time
   40554    2.4400248e+02   0.000000e+00   0.000000e+00     34s
Crossover time: 7.19 seconds (3.85 work units)
Concurrent spin time: 0.00s

Solved with barrier

Root relaxation: objective 2.440025e+02, 40554 iterations, 24.68 seconds (10.83 work units)

    Nodes    |    Current Node    |     Objective Bounds      |     Work
 Expl Unexpl |  Obj  Depth IntInf | Incumbent    BestBd   Gap | It/Node Time

     0     0  244.00248    0 16005          -  244.00248      -     -   36s
     0     0  244.00248    0 26059          -  244.00248      -     -   48s
     0     0  244.00248    0 24078          -  244.00248      -     -   52s
     0     0  244.00248    0 28096          -  244.00248      -     -   63s
     0     0  244.00248    0 18053          -  244.00248      -     -   68s
     0     0  244.00248    0 18092          -  244.00248      -     -   74s
     0     0  321.38575    0 17698          -  321.38575      -     -  105s
     0     0  321.38575    0 17698          -  321.38575      -     -  105s
     0     0  321.38575    0 10331          -  321.38575      -     -  120s
     0     0  321.38575    0 11270          -  321.38575      -     -  125s
     0     0  321.38575    0 13397          -  321.38575      -     -  128s
     0     0  426.14689    0 22990          -  426.14689      -     -  145s
     0     0  426.14689    0 22992          -  426.14689      -     -  149s
     0     0  426.14689    0 22992          -  426.14689      -     -  152s
     0     0  426.14689    0 22994          -  426.14689      -     -  154s
     0     0  426.14689    0 22994          -  426.14689      -     -  161s
     0     0  426.14689    0 22996          -  426.14689      -     -  162s
     0     0  426.14689    0 23120          -  426.14689      -     -  167s
     0     0  426.14689    0 23650          -  426.14689      -     -  190s
     0     0  426.14689    0 23559          -  426.14689      -     -  194s
     0     0  426.14689    0 20829          -  426.14689      -     -  199s
     0     0  426.18146    0 19440          -  426.18146      -     -  217s
     0     0  426.18146    0 19440          -  426.18146      -     -  218s
     0     0  426.18146    0 16178          -  426.18146      -     -  339s
     0     0  426.18658    0 18431          -  426.18658      -     -  344s
     0     0  426.18658    0 18275          -  426.18658      -     -  349s
     0     0  426.18658    0 14292          -  426.18658      -     -  354s
     0     0  426.18658    0 14284          -  426.18658      -     -  355s
     0     0  426.18658    0 14107          -  426.18658      -     -  355s
     0     0  426.83649    0 15302          -  426.83649      -     -  376s
     0     0  426.83649    0 15284          -  426.83649      -     -  376s
     0     0  426.83649    0 16253          -  426.83649      -     -  380s
     0     0  432.12183    0 15684          -  432.12183      -     -  395s
     0     0  432.25048    0 5986          -  432.25048      -     -  486s
     0     0  432.30715    0 5988          -  432.30715      -     -  487s
     0     0  432.35848    0 5987          -  432.35848      -     -  487s
     0     0  439.01513    0 17418          -  439.01513      -     -  502s
     0     0  439.01513    0 17479          -  439.01513      -     -  505s
     0     0  439.01513    0 18348          -  439.01513      -     -  518s
     0     0  439.01513    0 15816          -  439.01513      -     -  522s
     0     0  439.01513    0 19940          -  439.01513      -     -  539s
     0     0  439.01513    0 19940          -  439.01513      -     -  539s
     0     0  439.01513    0 9581          -  439.01513      -     -  610s
     0     0  439.39443    0 8974          -  439.39443      -     -  621s
     0     0  439.39443    0 8922          -  439.39443      -     -  622s
     0     0  439.39443    0 8922          -  439.39443      -     -  622s
     0     0  439.39443    0 8798          -  439.39443      -     -  623s
     0     0  439.39443    0 8798          -  439.39443      -     -  623s
     0     0  439.39443    0 8798          -  439.39443      -     -  624s
     0     0  442.23814    0 10224          -  442.23814      -     -  642s
     0     0  442.23814    0 10257          -  442.23814      -     -  642s
     0     0  442.23814    0 10257          -  442.23814      -     -  727s
     0     0  442.23814    0 10634          -  442.23814      -     -  735s
     0     0  442.23814    0 10636          -  442.23814      -     -  735s
     0     0  442.24464    0 10714          -  442.24464      -     -  751s
     0     0  442.37909    0 9953          -  442.37909      -     -  755s
     0     0  442.37909    0 10574          -  442.37909      -     -  759s
     0     0  442.46634    0 10680          -  442.46634      -     -  770s
     0     0  442.46634    0 10680          -  442.46634      -     -  774s
     0     0  442.46634    0 10680          -  442.46634      -     -  838s
     0     2  442.46634    0 10184          -  442.46634      -     -  930s
     1     3  442.47045    1 9880          -  442.46634      -  6833  942s
     2     6  468.97001    2 9767          -  442.46634      -  3942  945s
     5    10  470.99100    3 10389          -  442.46634      -  2026  950s
    25    36  478.85312    9 10397          -  442.63811      -   648  961s
    35    40  478.89680   10 7828          -  442.63811      -   634  966s
    39    45  478.95850   11 5582          -  442.63811      -   806  974s
    44    53  479.64910   11 8923          -  442.63811      -   766  979s
    52    60  479.30796   14 3815          -  442.63811      -   774  984s
    59    71  479.77555   15 3817          -  442.63811      -   740  988s
    70    83  479.95390   18 3813          -  442.63811      -   681  992s
    82    90  481.27586   23 3808          -  442.63811      -   620  998s
    89    97  482.04946   24 3801          -  442.63811      -   601 1001s
    96   102  482.48637   25 7488          -  442.63811      -   607 1005s
   101   106  482.48637   26 7487          -  442.63811      -   622 1013s
   105   111  482.83131   27 7485          -  442.63811      -   662 1016s
   110   122  482.83131   28 6976          -  442.63811      -   671 1020s
   131   141  483.33731   31 5423          -  442.63811      -   615 1028s
   140   150  483.47502   32 6120          -  442.63811      -   596 1032s
   149   170  483.59315   33 6120          -  442.63811      -   585 1036s
   169   190  483.95652   35 6120          -  442.63811      -   529 1049s
   189   203 infeasible   39               -  442.64673      -   491 1055s
   223   232  445.75665    5 7882          -  442.64673      -   455 1065s
   239   256  445.75665    6 7892          -  442.64673      -   429 1070s
   270   272  446.66418    9 9094          -  442.64673      -   391 1077s
   287   281  447.68764   11 9085          -  442.64673      -   382 1081s
   297   301  447.68889   13 7504          -  442.64673      -   376 1090s
   317   331  447.74993   18 6499          -  442.64673      -   359 1100s
   349   350  454.67339   25 10648          -  442.64673      -   347 1107s
   370   354  455.51907   26 7516          -  442.64673      -   339 1128s
   374   364  456.02817   27 7011          -  442.64673      -   338 1276s
   387   399  467.49018   29 11324          -  442.64673      -   334 1475s
   422   407  491.96207   38 6341          -  442.64673      -   315 1649s
   432   418  476.51386   38 5793          -  442.64673      -   313 1807s
   452   424  477.03766   39 5801          -  443.10495      -   305 1934s
   458   445  476.54670   39 8875          -  443.10495      -   309 1958s
   481   477  476.56228   40 8910          -  443.10495      -   309 1988s
   518   512  476.62185   41 4111          -  443.10495      -   302 2023s
   553   558  476.62390   42 4103          -  443.10495      -   289 2048s
   599   606  476.64588   43 9219          -  443.10495      -   274 2082s
   651   639  476.68062   44 5448          -  443.10495      -   261 2110s
   689   683  476.74689   45 4510          -  443.10495      -   257 2134s
   736   725  476.74689   46 4115          -  443.10495      -   251 2167s
   778   775  476.79971   47 4837          -  443.10495      -   247 2197s
   828   828  477.07879   48 4833          -  443.10495      -   241 2226s
   881   894  477.60757   49 4835          -  443.10495      -   232 2254s
   947   946  478.46786   50 4835          -  443.10495      -   223 2279s
  1011   974  480.57913   51 4834          -  443.10495      -   221 2307s
  1049  1021  480.79206   52 4834          -  443.10495      -   228 2384s
  1098  1022  447.12243   22 10680          -  443.10495      -   230 2584s
  1099  1023  571.39505  141 10680          -  443.10495      -   229 2586s
  1100  1023  463.60402   42 7577          -  443.10495      -   229 2980s
  1101  1024  520.13481   21 7819          -  450.51904      -   229 3075s
  1102  1025  509.84318   16 6863          -  461.42530      -   229 3098s
  1103  1025  523.17032  119 6576          -  461.42530      -   229 3103s
  1104  1026  461.42530   24 6371          -  461.42530      -   228 3105s
  1105  1027  475.03014   81 6239          -  462.90306      -   228 3212s
  1106  1027  571.47609  139 6597          -  465.49786      -   228 3326s
  1107  1028  556.46910   72 5317          -  466.55525      -   228 3335s
  1108  1029  479.23737   13 6154          -  468.56815      -   227 3346s
  1109  1029  601.07754  144 5613          -  468.80280      -   227 3351s
  1110  1030  572.75753  178 5798          -  468.88552      -   227 3355s
  1112  1031  603.58861  133 5432          -  468.89917      -   227 3360s
  1113  1032  504.44276  102 5146          -  468.90137      -   226 3462s
  1114  1033  597.40315  114 4690          -  476.97745      -   226 3534s
  1115  1033  572.89487  137 5984          -  478.93843      -   226 3546s
  1117  1035  564.71471   85 6061          -  479.27394      -   226 3551s
  1118  1035  571.48934  147 5756          -  479.59849      -   225 3559s
  1119  1036  483.95652   36 6022          -  479.71272      -   225 3567s
  1120  1037  533.99671   22 5929          -  479.71539      -   225 3640s
  1121  1037  482.89871   62 6019          -  480.98454      -   225 3711s
  1122  1038  589.90105   95 5895          -  482.69899      -   225 3735s
  1123  1039  611.94184  204 6079          -  483.20583      -   224 3741s
  1124  1039  495.24784   87 5760          -  483.40038      -   224 3745s
  1127  1041  677.86854  230 5519          -  483.62898      -   224 3752s
  1129  1043  612.94331  225 5622          -  483.71401      -   223 3756s
  1131  1044  523.29974   26 5605          -  483.76910      -   223 3847s
  1132  1045  609.20035  194 4979          -  487.50124      -   223 3925s
  1133  1045  611.21663  197 5370          -  488.43319      -   222 3935s
  1134  1046  604.62444  132 5514          -  488.67305      -   222 3942s
  1135  1047  550.69421   70 5539          -  488.78446      -   222 3945s
  1136  1047  596.22939  121 5325          -  489.77640      -   222 3950s
  1137  1048  489.77640   13 5153          -  489.77640      -   222 4012s
  1138  1049  489.96190   39 5200          -  489.96190      -   221 4217s
  1140  1050  490.14442   10 5178          -  490.14442      -   221 4221s
  1142  1051  490.14813   34 5183          -  490.14813      -   221 4311s
  1143  1052  614.04962  233 5480          -  490.35146      -   221 4410s
  1146  1054  587.72720   81 5332          -  490.43314      -   220 4503s
  1147  1055  490.67296   10 5432          -  490.67296      -   220 4585s
  1149  1056  490.72819   47 5415          -  490.72819      -   219 4668s
  1150  1057  571.03892  134 5658          -  491.27798      -   219 4781s
  1151  1057  570.37336  108 5984          -  491.34498      -   219 4788s
  1152  1058  491.38392   29 6053          -  491.38392      -   219 4792s
  1153  1059  568.48839  135 6148          -  491.42108      -   219 4798s
  1154  1059  510.90747  116 5874          -  491.43578      -   218 4801s
  1155  1060  491.45561    4 5776          -  491.45561      -   218 4805s
  1158  1062  491.47985   23 5807          -  491.47985      -   218 4875s
  1159  1063  556.46910   72 5754          -  491.94850      -   217 4950s
  1162  1065  492.16942   39 5920          -  492.16942      -   217 4955s
  1165  1067  492.17811   10 5920          -  492.17811      -   216 5016s
  1166  1067  492.68207   25 5526          -  492.68207      -   216 5100s
  1168  1069  492.86489   14 5466          -  492.86489      -   216 5106s
  1170  1070  492.86978   48 5725          -  492.86978      -   215 5193s
  1171  1071  566.84019  100 5753          -  493.37873      -   215 5282s
  1172  1071  493.50474   27 5668          -  493.50474      -   215 5287s
  1174  1073  605.80052  192 5726          -  493.53477      -   215 5292s
  1176  1074  493.55450   41 5482          -  493.55450      -   214 5295s
  1179  1076  546.51836   44 5784          -  493.56483      -   214 5375s
  1180  1077  592.91431  109 5886          -  493.90800      -   214 5460s
  1183  1079  494.13834   58 6087          -  494.13834      -   213 5465s
  1184  1079  591.71548   92 6088          -  494.13848      -   213 5535s
  1185  1080  494.38523    7 5960          -  494.38523      -   213 5604s
  1186  1081  494.82488   51 5945          -  494.82488      -   213 5610s
  1188  1082  595.70808  118 5580          -  494.84377      -   212 5638s
  1189  1083  572.78374  177 5560          -  495.06928      -   212 5722s
  1191  1084  571.62588  150 5470          -  495.09940      -   212 5745s
  1192  1085  566.32887  134 5165          -  496.69182      -   211 5808s
  1193  1085  496.95600   37 5093          -  496.95600      -   211 5814s
  1194  1086  496.96953   58 4945          -  496.96953      -   211 5816s
  1196  1087  606.20008  177 4937          -  496.97335      -   211 5826s
  1197  1088  497.74578   39 4806          -  497.74578      -   211 5910s
  1198  1089  497.91000   22 4805          -  497.91000      -   210 5915s
  1200  1090  497.91607   42 4340          -  497.91607      -   210 5923s
  1201  1091  520.13481   21 4887          -  497.94247      -   210 5978s
  1202  1091  509.84318   16 4339          -  497.94410      -   210 5985s
  1203  1092  523.17032  119 4245          -  497.95138      -   210 6028s
  1204  1093  497.95138   24 4240          -  497.95138      -   209 6034s
  1205  1093  497.98729   81 4676          -  497.98729      -   209 6126s
  1206  1094  571.47609  139 4731          -  497.98872      -   209 6133s
  1207  1095  556.46910   72 4568          -  498.13890      -   209 6208s
  1209  1096  601.07754  144 4290          -  498.15907      -   208 6210s
  1211  1097  498.16444   22 4628          -  498.16444      -   208 6217s
  1212  1098  603.58861  133 4634          -  498.16567      -   208 6289s
  1213  1099  504.44276  102 4640          -  498.16583      -   208 6295s
  1214  1099  597.40315  114 4685          -  498.16772      -   208 6348s
  1215  1100  572.89487  137 4379          -  498.17073      -   207 6354s
  1216  1101  570.37233  125 4638          -  498.17239      -   207 6402s
  1217  1101  564.71471   85 4391          -  498.17256      -   207 6410s
  1218  1102  571.48934  147 4630          -  498.17345      -   207 6465s
  1221  1105  498.17345   62 10680          -  498.17345      -  1546 6556s
  1223  1106  611.94184  204 7784          -  498.17592      -  1544 7109s
  1224  1107  498.17592   87 10377          -  498.17592      -  1543 7192s

Cutting planes:
  Learned: 1
  Gomory: 11
  Cover: 61
  Implied bound: 14
  Projected implied bound: 71
  Clique: 12
  MIR: 27
  StrongCG: 2
  Flow cover: 198
  GUB cover: 96
  Zero half: 37
  RLT: 147
  Relax-and-lift: 8

Explored 1224 nodes (2330869 simplex iterations) in 7204.29 seconds (5524.26 work units)
Thread count was 4 (of 8 available processors)

Solution count 0

Time limit reached
Best objective -, best bound 4.983000000000e+02, gap -
