
Gurobi 13.0.2 (linux64) logging started Sat Jul  4 20:51:37 2026

Set parameter LogFile to value "src/Resultados/Restriccion todas cliques/logs/R202-50.xml_log.log"
Set parameter Threads to value 4
Gurobi Optimizer version 13.0.2 build v13.0.2rc1 (linux64 - "Rocky Linux 9.7 (Blue Onyx)")

CPU model: QEMU Virtual CPU version 2.5+, instruction set [SSE2]
Thread count: 8 physical cores, 8 logical processors, using up to 4 threads

Non-default parameters:
TimeLimit  7200
Threads  4

Optimize a model with 271485 rows, 169065 columns and 2562930 nonzeros (Min)
Model fingerprint: 0x11be1f0a
Model has 35850 linear objective coefficients
Variable types: 33450 continuous, 135615 integer (135600 binary)
Coefficient statistics:
  Matrix range     [1e+00, 2e+05]
  Objective range  [4e+00, 6e+01]
  Bounds range     [1e+00, 2e+03]
  RHS range        [1e+00, 2e+05]

Presolve removed 81225 rows and 150 columns (presolve time = 5s)...
Presolve removed 83123 rows and 180 columns (presolve time = 10s)...
Presolve removed 83153 rows and 195 columns
Presolve time: 14.98s
Presolved: 188332 rows, 168870 columns, 911820 nonzeros
Variable types: 750 continuous, 168120 integer (151275 binary)
Deterministic concurrent LP optimizer: primal simplex, dual simplex, and barrier
Showing barrier log only...

Root barrier log...

Ordering time: 3.97s

Barrier statistics:
 Dense cols : 75
 AA' NZ     : 4.019e+06
 Factor NZ  : 1.845e+07 (roughly 300 MB of memory)
 Factor Ops : 9.788e+09 (roughly 2 seconds per iteration)
 Threads    : 1

                  Objective                Residual
Iter       Primal          Dual         Primal    Dual     Compl     Time
   0   2.68636454e+06 -2.44866937e+06  2.19e+05 1.11e-16  1.04e+02    37s
   1   8.03952295e+05 -2.45573238e+06  6.64e+04 6.14e-01  3.69e+01    39s
   2   5.02037688e+05 -4.31095008e+06  4.24e+04 3.61e-01  2.79e+01    42s
   3   3.42208228e+05 -3.23376217e+06  2.90e+04 1.96e-01  1.83e+01    44s
   4   1.53642856e+05 -1.47045555e+06  1.30e+04 5.78e-02  7.47e+00    46s
   5   2.62697647e+04 -3.07228648e+05  2.09e+03 1.07e-04  1.25e+00    49s
   6   4.85017000e+03 -5.47021963e+04  2.78e+02 2.44e-13  1.80e-01    51s
   7   1.69698597e+03 -7.48574016e+03  3.53e+01 1.54e-14  2.61e-02    54s
   8   1.08515084e+03 -1.04273346e+03  3.70e+00 4.48e-15  5.19e-03    57s
   9   7.13981436e+02  1.09924508e+02  3.72e-01 2.72e-15  1.36e-03    60s
  10   5.73977403e+02  4.90675691e+02  1.29e-02 2.37e-15  1.82e-04    63s
  11   5.55253666e+02  5.53198522e+02  2.07e-04 1.70e-15  4.47e-06    65s
  12   5.54600661e+02  5.54598526e+02  3.56e-09 6.66e-16  4.64e-09    67s
  13   5.54600001e+02  5.54599999e+02  6.31e-09 1.50e-15  5.82e-12    69s

Barrier solved model in 13 iterations and 69.26 seconds (28.53 work units)
Optimal objective 5.54600001e+02


Root crossover log...

   18842 DPushes remaining with DInf 0.0000000e+00                70s
       0 DPushes remaining with DInf 0.0000000e+00                70s

   68170 PPushes remaining with PInf 1.2754174e-06                70s
   61088 PPushes remaining with PInf 0.0000000e+00                70s
    7585 PPushes remaining with PInf 0.0000000e+00                78s
    4481 PPushes remaining with PInf 0.0000000e+00                80s
       0 PPushes remaining with PInf 0.0000000e+00                84s

  Push phase complete: Pinf 0.0000000e+00, Dinf 5.6683824e-14     84s


Root simplex log...

Iteration    Objective       Primal Inf.    Dual Inf.      Time
   86985    5.5460000e+02   0.000000e+00   0.000000e+00     84s
Crossover time: 14.79 seconds (7.25 work units)
Concurrent spin time: 0.00s

Solved with barrier

Root relaxation: objective 5.546000e+02, 86985 iterations, 64.41 seconds (25.29 work units)

    Nodes    |    Current Node    |     Objective Bounds      |     Work
 Expl Unexpl |  Obj  Depth IntInf | Incumbent    BestBd   Gap | It/Node Time

     0     0  554.60000    0 17829          -  554.60000      -     -  206s
     0     0  554.60000    0 21089          -  554.60000      -     -  212s
     0     0  554.60000    0 19521          -  554.60000      -     -  282s
     0     0  554.60000    0 19388          -  554.60000      -     -  310s
     0     0  554.60000    0 23608          -  554.60000      -     -  335s
     0     0  554.60000    0 23608          -  554.60000      -     -  335s
     0     0  554.60000    0 11566          -  554.60000      -     -  450s
     0     0  554.60000    0 14234          -  554.60000      -     -  478s
     0     0  554.60000    0 13456          -  554.60000      -     -  486s
     0     0  554.60000    0 13454          -  554.60000      -     -  488s
     0     0  554.60000    0 14679          -  554.60000      -     -  532s
     0     0  554.60000    0 14679          -  554.60000      -     -  532s
     0     0  554.60000    0 9964          -  554.60000      -     -  618s
     0     0  554.60000    0 10620          -  554.60000      -     -  642s
     0     0  554.60000    0 15412          -  554.60000      -     -  663s
     0     0  554.60000    0 19428          -  554.60000      -     -  731s
     0     0  554.60000    0 19430          -  554.60000      -     -  732s
     0     0  554.60000    0 13243          -  554.60000      -     -  824s
     0     0  554.60000    0 12388          -  554.60000      -     -  845s
     0     0  554.60000    0 10878          -  554.60000      -     -  851s
     0     0  554.60000    0 15805          -  554.60000      -     -  876s
     0     0  554.60000    0 15805          -  554.60000      -     -  876s
     0     0  554.60000    0 9197          -  554.60000      -     -  991s
     0     0  554.60000    0 9239          -  554.60000      -     - 1029s
     0     0  554.60000    0 8954          -  554.60000      -     - 1039s
     0     0  554.60000    0 14473          -  554.60000      -     - 1121s
     0     0  554.60000    0 14473          -  554.60000      -     - 1122s
     0     0  554.60000    0 12253          -  554.60000      -     - 1237s
     0     0  554.60000    0 15649          -  554.60000      -     - 1267s
     0     0  554.60000    0 15533          -  554.60000      -     - 1268s
     0     0  554.60000    0 13770          -  554.60000      -     - 1320s
     0     0  554.60000    0 13770          -  554.60000      -     - 1320s
     0     0  554.60000    0 8233          -  554.60000      -     - 1399s
     0     0  554.60000    0 8129          -  554.60000      -     - 1424s
     0     0  554.60000    0 8127          -  554.60000      -     - 1425s
     0     0  554.60000    0 14220          -  554.60000      -     - 1515s
     0     0  554.60000    0 14220          -  554.60000      -     - 1515s
     0     0  554.60000    0 12576          -  554.60000      -     - 1624s
     0     0  554.60000    0 12575          -  554.60000      -     - 1633s
     0     0  554.60000    0 10794          -  554.60000      -     - 1685s
     0     2  554.60000    0 8262          -  554.60000      -     - 1814s
     1     3  554.60000    1 11233          -  554.60000      -  2867 1838s
     2     5  554.60000    2 10860          -  554.60000      -  2559 1929s
     3     5  554.60000    1 17763          -  554.60000      -  3885 1930s
     4     9  554.60000    3 11611          -  554.60000      -  3938 2007s
     8    13  554.60086    4 18202          -  554.60000      -  3246 2065s
    12    17  554.60094    5 18215          -  554.60000      -  2886 2125s
    16    21  554.60126    6 18241          -  554.60000      -  2360 2217s
    20    25  554.60129    7 18242          -  554.60000      -  2911 2351s
    24    43  554.60129    8 18244          -  554.60000      -  2583 2586s
    42    76  554.60254   23 18240          -  554.60000      -  1595 2703s
    75   175  554.60336   38 18290          -  554.60000      -  1022 2883s
   192   372  554.60377   68 18618          -  554.60000      -   602 2954s
   401   642  554.64570  122 19162          -  554.60000      -   331 3006s
   671   899  554.67278  210 16395          -  554.60000      -   217 3044s
   928  1083  554.69812  286 17667          -  554.60000      -   169 3070s
  1112  1195  554.70312  310 16684          -  554.60000      -   150 3092s
  1224  1382  557.33679  335 16272          -  554.60000      -   146 3114s
  1411  1590  557.45236  380 12469          -  554.60000      -   132 3138s
  1619  1745  557.53006  439 16262          -  554.60000      -   119 3154s
  1774  1796  557.58296  494 16230          -  554.60000      -   112 3380s
  1825  1877  558.10956  507 12380          -  554.60000      -   111 3411s
  1906  1956  558.19971  522 12728          -  554.60000      -   109 3616s
  1985  2006  558.34835  539 12392          -  554.60000      -   107 3885s
  2035  2107  558.51720  557 12368          -  554.60000      -   106 4132s
  2136  2225  558.56559  603 12202          -  554.60000      -   103 4353s
  2254  2425  558.64374  648 12201          -  554.60000      -  98.5 4587s
  2454  2657  558.71917  723 15768          -  554.60000      -  92.7 4774s
  2686  2906  558.81443  798 15474          -  554.60000      -  86.2 4956s
  2935  3031  558.88793  870 12642          -  554.60000      -  80.1 5129s
  3060  3330  559.10429  874 11293          -  554.60000      -  78.9 5176s
  3359  3682  559.11424  962 13106          -  554.60000      -  73.5 5231s
  3711  4022  559.12320 1050 10181          -  554.60000      -  67.8 5282s
  4051  4324  559.12998 1138 12661          -  554.60000      -  63.4 5321s
  4353  4541  559.63717 1226 10308          -  554.60000      -  60.9 5372s
  4570  4878  560.33736 1245 10292          -  554.60000      -  61.8 5406s
  4907  5205  560.56300 1318 12906          -  554.60000      -  58.9 5491s
  5235  5206  573.90000  933 10794          -  554.60000      -  56.8 6742s
  5236  5207  554.71988  419 10794          -  554.60000      -  56.8 6745s

Explored 5236 nodes (886865 simplex iterations) in 7201.62 seconds (4398.16 work units)
Thread count was 4 (of 8 available processors)

Solution count 0

Time limit reached
Best objective -, best bound 5.546000000000e+02, gap -
