
Gurobi 13.0.2 (linux64) logging started Sun Jul  5 09:03:40 2026

Set parameter LogFile to value "src/Resultados/Restriccion todas cliques/logs/R205-50.xml_log.log"
Set parameter Threads to value 4
Gurobi Optimizer version 13.0.2 build v13.0.2rc1 (linux64 - "Rocky Linux 9.7 (Blue Onyx)")

CPU model: QEMU Virtual CPU version 2.5+, instruction set [SSE2]
Thread count: 8 physical cores, 8 logical processors, using up to 4 threads

Non-default parameters:
TimeLimit  7200
Threads  4

Optimize a model with 261157 rows, 161865 columns and 2470980 nonzeros (Min)
Model fingerprint: 0x994ed293
Model has 32730 linear objective coefficients
Variable types: 32430 continuous, 129435 integer (129420 binary)
Coefficient statistics:
  Matrix range     [1e+00, 2e+05]
  Objective range  [4e+00, 6e+01]
  Bounds range     [1e+00, 2e+03]
  RHS range        [1e+00, 2e+05]

Presolve removed 0 rows and 0 columns (presolve time = 20s)...
Presolve removed 78165 rows and 150 columns (presolve time = 25s)...
Presolve removed 80168 rows and 180 columns (presolve time = 30s)...
Presolve removed 80198 rows and 195 columns
Presolve time: 34.99s
Presolved: 180959 rows, 161670 columns, 867120 nonzeros
Variable types: 750 continuous, 160920 integer (144075 binary)
Deterministic concurrent LP optimizer: primal simplex, dual simplex, and barrier
Showing barrier log only...

Root barrier log...

Elapsed ordering time = 5s
Elapsed ordering time = 6s
Ordering time: 7.39s

Barrier statistics:
 Dense cols : 15
 AA' NZ     : 3.927e+06
 Factor NZ  : 2.403e+07 (roughly 300 MB of memory)
 Factor Ops : 1.703e+10 (roughly 2 seconds per iteration)
 Threads    : 1

                  Objective                Residual
Iter       Primal          Dual         Primal    Dual     Compl     Time
   0   2.88912022e+06 -2.37226594e+06  2.07e+05 1.11e-16  1.03e+02    58s
   1   9.47437599e+05 -2.45296041e+06  6.88e+04 6.19e-01  3.96e+01    61s
   2   3.60870724e+05 -2.22778127e+06  2.65e+04 8.44e-15  1.45e+01    64s
   3   6.17919038e+04 -5.49737347e+05  4.43e+03 1.78e-14  2.63e+00    66s
   4   9.68926475e+03 -7.65103910e+04  5.97e+02 4.26e-14  3.24e-01    69s
   5   3.25724409e+03 -2.17375949e+04  1.40e+02 3.06e-14  8.11e-02    76s
   6   2.80071345e+03 -8.16815824e+03  1.09e+02 1.18e-14  4.20e-02    80s
   7   1.06262726e+03 -6.96916035e+02  3.91e+00 5.38e-15  4.58e-03    85s
   8   6.64130333e+02  2.65404946e+02  3.31e-01 2.88e-15  9.49e-04    90s
   9   5.84045937e+02  5.36220147e+02  1.91e-02 3.83e-15  1.10e-04    94s
  10   5.74295277e+02  5.72898464e+02  2.06e-04 2.15e-15  3.17e-06    98s
  11   5.74002579e+02  5.73984374e+02  7.20e-12 9.73e-16  4.13e-08   101s
  12   5.74000003e+02  5.73999984e+02  9.57e-12 1.34e-15  4.13e-11   104s
  13   5.74000000e+02  5.74000000e+02  2.44e-08 6.66e-16  3.65e-13   107s

Barrier solved model in 13 iterations and 107.04 seconds (37.38 work units)
Optimal objective 5.74000000e+02


Root crossover log...

   18312 DPushes remaining with DInf 0.0000000e+00               108s
       0 DPushes remaining with DInf 0.0000000e+00               108s

   66129 PPushes remaining with PInf 1.8059288e-05               108s
   34992 PPushes remaining with PInf 0.0000000e+00               110s
    6155 PPushes remaining with PInf 0.0000000e+00               120s
    4752 PPushes remaining with PInf 0.0000000e+00               120s
       0 PPushes remaining with PInf 0.0000000e+00               123s

  Push phase complete: Pinf 0.0000000e+00, Dinf 2.3781671e-13    123s


Root simplex log...

Iteration    Objective       Primal Inf.    Dual Inf.      Time
   84388    5.7400000e+02   0.000000e+00   0.000000e+00    123s
Crossover time: 15.70 seconds (7.08 work units)
Concurrent spin time: 0.00s

Solved with barrier

Root relaxation: objective 5.740000e+02, 84388 iterations, 81.44 seconds (34.55 work units)

    Nodes    |    Current Node    |     Objective Bounds      |     Work
 Expl Unexpl |  Obj  Depth IntInf | Incumbent    BestBd   Gap | It/Node Time

     0     0  574.00000    0 15100          -  574.00000      -     -  321s
     0     0  574.00000    0 21695          -  574.00000      -     -  416s
     0     0  574.00000    0 26575          -  574.00000      -     -  438s
     0     0  574.00000    0 27962          -  574.00000      -     -  458s
     0     0  574.00000    0 29583          -  574.00000      -     -  514s
     0     0  574.00000    0 29583          -  574.00000      -     -  515s
     0     0  574.00000    0 10386          -  574.00000      -     -  634s
     0     0  574.00000    0 10240          -  574.00000      -     -  663s
     0     0  574.00000    0 11424          -  574.00000      -     -  700s
     0     0  574.00000    0 11424          -  574.00000      -     -  700s
     0     0  574.00000    0 11424          -  574.00000      -     -  804s
     0     0  574.00000    0 12491          -  574.00000      -     -  816s
     0     0  574.00000    0 11764          -  574.00000      -     -  872s
     0     0  574.00000    0 11764          -  574.00000      -     -  872s
     0     0  574.00000    0 9413          -  574.00000      -     - 1009s
     0     0  574.00000    0 9414          -  574.00000      -     - 1019s
     0     0  574.00000    0 9196          -  574.00000      -     - 1020s
     0     0  574.00000    0 9196          -  574.00000      -     - 1020s
     0     0  574.00000    0 12829          -  574.00000      -     - 1101s
     0     0  574.00000    0 12952          -  574.00000      -     - 1104s
     0     0  574.00000    0 6440          -  574.00000      -     - 1166s
     0     0  574.00000    0 7983          -  574.00000      -     - 1182s
     0     0  574.00000    0 7560          -  574.00000      -     - 1183s
     0     0  574.01317    0 7195          -  574.01317      -     - 1251s
     0     0  574.01317    0 7195          -  574.01317      -     - 1251s
     0     0  574.01317    0 5905          -  574.01317      -     - 1319s
     0     0  577.38092    0 5426          -  577.38092      -     - 1416s
     0     0  596.67513    0 7240          -  596.67513      -     - 1482s
     0     0  596.67513    0 7192          -  596.67513      -     - 1492s
     0     0  596.70319    0 5931          -  596.70319      -     - 1520s
     0     0  597.06337    0 6811          -  597.06337      -     - 1550s
     0     0  597.10324    0 6481          -  597.10324      -     - 1558s
     0     0  597.10324    0 6842          -  597.10324      -     - 1562s
     0     0  597.10324    0 10037          -  597.10324      -     - 1607s
     0     0  597.60710    0 10257          -  597.60710      -     - 1615s
     0     0  597.60710    0 10256          -  597.60710      -     - 1616s
     0     0  600.53728    0 9590          -  600.53728      -     - 1640s
     0     0  600.53728    0 9815          -  600.53728      -     - 1689s
     0     0  600.60415    0 10011          -  600.60415      -     - 1720s
     0     0  600.60415    0 10018          -  600.60415      -     - 1721s
     0     0  600.60415    0 11184          -  600.60415      -     - 1731s
     0     0  601.61691    0 11744          -  601.61691      -     - 1768s
     0     0  601.72998    0 11638          -  601.72998      -     - 1795s
     0     0  601.79116    0 9675          -  601.79116      -     - 1819s
     0     0  601.79116    0 10091          -  601.79116      -     - 1825s
     0     0  601.79116    0 10091          -  601.79116      -     - 1825s
     0     0  601.79116    0 10090          -  601.79116      -     - 1825s
     0     0  601.79116    0 10392          -  601.79116      -     - 1841s
     0     0  601.79116    0 10394          -  601.79116      -     - 1841s
     0     0  601.79630    0 9800          -  601.79630      -     - 1856s
     0     0  601.79630    0 9537          -  601.79630      -     - 1858s
     0     0  601.92741    0 9845          -  601.92741      -     - 1912s
     0     0  602.86844    0 9504          -  602.86844      -     - 3154s
     0     0  602.86844    0 9861          -  602.86844      -     - 3160s
     0     0  603.13493    0 9555          -  603.13493      -     - 3188s
     0     0  604.39340    0 9586          -  604.39340      -     - 3200s
     0     0  604.39340    0 8823          -  604.39340      -     - 3208s
     0     0  609.58571    0 7604          -  609.58571      -     - 3239s
     0     0  609.58571    0 7595          -  609.58571      -     - 3240s
     0     0  609.58571    0 8691          -  609.58571      -     - 3246s
     0     0  609.58571    0 10030          -  609.58571      -     - 3274s
     0     0  609.58571    0 10026          -  609.58571      -     - 3275s
     0     0  609.58571    0 9059          -  609.58571      -     - 3283s
     0     0  609.59296    0 7942          -  609.59296      -     - 3309s
     0     0  609.59296    0 7942          -  609.59296      -     - 3309s
     0     0  609.59296    0 7942          -  609.59296      -     - 3400s
     0     0  609.59296    0 7942          -  609.59296      -     - 3410s
     0     0  609.59296    0 7942          -  609.59296      -     - 3520s
     0     2  609.59296    0 7942          -  609.59296      -     - 3724s
     1     4  609.60662    1 7987          -  609.60662      -   196 3744s
     3     8  609.60662    2 7675          -  609.60662      -  1298 3799s
     7    12  609.60662    3 8393          -  609.60662      -  2497 3808s
    11    25  609.60662    4 8265          -  609.60662      -  1742 3826s
    25    29  609.65362    8 7225          -  609.60662      -   954 3846s
    29    38  609.65362   10 7446          -  609.60662      -   890 3862s
    38    44  609.65362   12 7444          -  609.60662      -   831 3878s
    44    55  609.65612   13 7405          -  609.60662      -   897 3890s
    55    64  609.65612   16 7459          -  609.60662      -   777 3911s
    64    72  609.65612   18 7458          -  609.60662      -   687 3937s
    72    79  609.65612   19 8517          -  609.60662      -   746 3958s
    79    90  609.65612   20 8390          -  609.60662      -   719 3990s
    90   108  609.65785   22 7348          -  609.60662      -   674 4012s
   111   123  609.72488   25 9377          -  609.60662      -   676 4042s
   130   140  609.93526   33 9281          -  609.60662      -   680 4063s
   147   156  610.09866   43 7821          -  609.60662      -   652 4083s
   163   172  610.28253   51 9709          -  609.60662      -   631 4097s
   179   177  610.36674   57 8220          -  609.60662      -   635 4127s
   186   184  610.36674   58 8633          -  609.60662      -   636 4170s
   193   204  610.63643   61 8865          -  609.60662      -   616 4199s
   217   228  610.63707   71 10177          -  609.60662      -   574 4217s
   241   243  610.64692   82 7336          -  609.60662      -   570 4230s
   258   276  610.64692   85 8031          -  609.60662      -   554 4248s
   291   305  610.68521   97 8844          -  609.60662      -   504 4263s
   321   335  610.81887  104 7312          -  609.60662      -   478 4289s
   351   339  610.87500  107 7849          -  609.60662      -   469 4306s
   355   350  610.88015  108 7663          -  609.60662      -   466 4875s
   366   354  610.97011  116 7850          -  609.60662      -   463 5902s
   370   358  610.97011  117 7419          -  609.60662      -   461 6730s
   374   362  610.98333  118 7800          -  609.60662      -   469 7200s

Cutting planes:
  Learned: 1
  Gomory: 3
  Cover: 77
  Implied bound: 1870
  Clique: 973
  MIR: 371
  StrongCG: 17
  Flow cover: 19
  GUB cover: 34
  Zero half: 3
  RLT: 368
  Relax-and-lift: 3695

Explored 378 nodes (820033 simplex iterations) in 7201.33 seconds (4413.11 work units)
Thread count was 4 (of 8 available processors)

Solution count 0

Time limit reached
Best objective -, best bound 6.097000000000e+02, gap -
