
Gurobi 13.0.2 (linux64) logging started Mon Jul  6 01:18:51 2026

Set parameter LogFile to value "src/Resultados/Restriccion todas cliques/logs/R209-50.xml_log.log"
Set parameter Threads to value 4
Gurobi Optimizer version 13.0.2 build v13.0.2rc1 (linux64 - "Rocky Linux 9.7 (Blue Onyx)")

CPU model: QEMU Virtual CPU version 2.5+, instruction set [SSE2]
Thread count: 8 physical cores, 8 logical processors, using up to 4 threads

Non-default parameters:
TimeLimit  7200
Threads  4

Optimize a model with 272520 rows, 170100 columns and 2746230 nonzeros (Min)
Model fingerprint: 0x2a3cbc8a
Model has 36885 linear objective coefficients
Variable types: 33450 continuous, 136650 integer (136635 binary)
Coefficient statistics:
  Matrix range     [1e+00, 2e+05]
  Objective range  [4e+00, 6e+01]
  Bounds range     [1e+00, 2e+03]
  RHS range        [1e+00, 2e+05]

Presolve removed 0 rows and 0 columns (presolve time = 6s)...
Presolve removed 65370 rows and 60 columns (presolve time = 13s)...
Presolve removed 65460 rows and 150 columns (presolve time = 15s)...
Presolve removed 83198 rows and 180 columns (presolve time = 20s)...
Presolve removed 83243 rows and 210 columns (presolve time = 25s)...
Presolve removed 83228 rows and 195 columns
Presolve time: 26.38s
Presolved: 189292 rows, 169905 columns, 920940 nonzeros
Variable types: 750 continuous, 169155 integer (152310 binary)
Deterministic concurrent LP optimizer: primal simplex, dual simplex, and barrier
Showing barrier log only...

Root barrier log...

Elapsed ordering time = 5s
Elapsed ordering time = 7s
Elapsed ordering time = 10s
Elapsed ordering time = 10s
Ordering time: 12.21s

Barrier statistics:
 Dense cols : 15
 AA' NZ     : 4.774e+06
 Factor NZ  : 3.019e+07 (roughly 400 MB of memory)
 Factor Ops : 2.508e+10 (roughly 4 seconds per iteration)
 Threads    : 1

                  Objective                Residual
Iter       Primal          Dual         Primal    Dual     Compl     Time
   0   3.26769253e+06 -2.46643074e+06  2.19e+05 8.33e-17  1.05e+02    61s
   1   1.09492986e+06 -2.48606443e+06  7.46e+04 4.63e-01  3.86e+01    64s
   2   2.19428936e+05 -2.05247011e+06  1.50e+04 1.90e-02  9.92e+00    68s
   3   2.39048543e+04 -2.65068234e+05  1.54e+03 2.84e-14  1.05e+00    71s
   4   5.95161135e+03 -1.54812119e+05  3.04e+02 2.13e-14  4.20e-01    77s
   5   3.63038649e+03 -8.92743722e+04  1.54e+02 1.42e-14  2.32e-01    81s
   6   2.72426999e+03 -2.48147150e+04  9.62e+01 6.22e-15  7.47e-02    85s
   7   1.19937584e+03 -6.16346388e+03  5.19e+00 1.17e-14  1.68e-02    92s
   8   7.41953163e+02 -1.54868731e+03  7.01e-01 5.08e-15  5.06e-03    98s
   9   5.58415533e+02  3.44769997e+02  1.57e-02 2.26e-15  4.64e-04   105s
  10   5.33294626e+02  5.25628073e+02  9.25e-05 3.42e-15  1.66e-05   111s
  11   5.32502936e+02  5.32476468e+02  2.18e-12 1.79e-15  5.71e-08   116s
  12   5.32500003e+02  5.32499976e+02  1.65e-11 3.47e-15  5.71e-11   121s
  13   5.32500000e+02  5.32500000e+02  2.30e-10 2.39e-15  7.46e-14   127s

Barrier solved model in 13 iterations and 126.57 seconds (48.58 work units)
Optimal objective 5.32500000e+02


Root crossover log...

   18705 DPushes remaining with DInf 0.0000000e+00               127s
       0 DPushes remaining with DInf 0.0000000e+00               128s

   68170 PPushes remaining with PInf 0.0000000e+00               128s
   24764 PPushes remaining with PInf 0.0000000e+00               131s
   14029 PPushes remaining with PInf 0.0000000e+00               135s
   10418 PPushes remaining with PInf 0.0000000e+00               140s
    6729 PPushes remaining with PInf 0.0000000e+00               145s
    3267 PPushes remaining with PInf 0.0000000e+00               150s
     454 PPushes remaining with PInf 0.0000000e+00               156s
       0 PPushes remaining with PInf 0.0000000e+00               157s

  Push phase complete: Pinf 0.0000000e+00, Dinf 9.7075126e-15    157s


Root simplex log...

Iteration    Objective       Primal Inf.    Dual Inf.      Time
   86848    5.3250000e+02   0.000000e+00   0.000000e+00    157s
Crossover time: 30.18 seconds (11.84 work units)
Concurrent spin time: 0.05s

Solved with barrier

Root relaxation: objective 5.325000e+02, 86848 iterations, 120.93 seconds (49.42 work units)

    Nodes    |    Current Node    |     Objective Bounds      |     Work
 Expl Unexpl |  Obj  Depth IntInf | Incumbent    BestBd   Gap | It/Node Time

     0     0  532.50000    0 15677          -  532.50000      -     -  335s
     0     0  532.50000    0 12117          -  532.50000      -     -  343s
     0     0  532.50000    0 14497          -  532.50000      -     -  383s
     0     0  532.50000    0 14452          -  532.50000      -     -  399s
     0     0  532.50000    0 15313          -  532.50000      -     -  431s
     0     0  532.50000    0 15313          -  532.50000      -     -  431s
     0     0  532.50000    0 9730          -  532.50000      -     -  612s
     0     0  532.50000    0 8901          -  532.50000      -     -  633s
     0     0  532.50000    0 7580          -  532.50000      -     -  647s
     0     0  532.50000    0 7625          -  532.50000      -     -  650s
     0     0  532.50000    0 9329          -  532.50000      -     -  702s
     0     0  532.50000    0 9137          -  532.50000      -     -  703s
     0     0  532.50000    0 7922          -  532.50000      -     -  815s
     0     0  532.50000    0 7922          -  532.50000      -     -  825s
     0     0  532.50000    0 7931          -  532.50000      -     -  831s
     0     0  532.50000    0 6089          -  532.50000      -     -  896s
     0     0  532.50000    0 6089          -  532.50000      -     -  897s
     0     0  532.50000    0 6089          -  532.50000      -     -  976s
     0     0  532.50000    0 7399          -  532.50000      -     -  991s
     0     0  532.50000    0 8783          -  532.50000      -     - 1031s
     0     0  532.50000    0 9384          -  532.50000      -     - 1037s
     0     0  532.50000    0 9384          -  532.50000      -     - 1037s
     0     0  532.50000    0 5157          -  532.50000      -     - 1138s
     0     0  532.50000    0 14610          -  532.50000      -     - 1164s
     0     0  532.50000    0 16593          -  532.50000      -     - 1203s
     0     0  532.50000    0 16593          -  532.50000      -     - 1204s
     0     0  532.50000    0 7862          -  532.50000      -     - 1267s
     0     0  532.50000    0 7316          -  532.50000      -     - 1285s
     0     0  532.50000    0 15410          -  532.50000      -     - 1345s
     0     0  532.50000    0 15366          -  532.50000      -     - 1345s
     0     0  532.50000    0 8612          -  532.50000      -     - 1455s
     0     0  532.50000    0 5766          -  532.50000      -     - 1482s
     0     0  532.50000    0 5654          -  532.50000      -     - 1485s
     0     0  532.50000    0 11938          -  532.50000      -     - 1559s
     0     0  532.50000    0 11938          -  532.50000      -     - 1560s
     0     0  532.50000    0 7324          -  532.50000      -     - 1652s
     0     0  532.50000    0 13468          -  532.50000      -     - 1931s
     0     0  532.50000    0 11499          -  532.50000      -     - 1932s
     0     0  532.51505    0 18354          -  532.51505      -     - 2023s
     0     0  532.51505    0 18354          -  532.51505      -     - 2023s
     0     0  532.51505    0 9965          -  532.51505      -     - 2167s
     0     0  532.52372    0 7201          -  532.52372      -     - 2198s
     0     0  532.52372    0 7128          -  532.52372      -     - 2199s
     0     0  532.52624    0 11692          -  532.52624      -     - 2232s
     0     0  532.52834    0 9804          -  532.52834      -     - 2240s
     0     0  532.58685    0 13819          -  532.58685      -     - 2267s
     0     0  532.62783    0 9711          -  532.62783      -     - 2280s
     0     0  532.87508    0 15053          -  532.87508      -     - 2308s
     0     0  532.89619    0 11403          -  532.89619      -     - 2315s
     0     0  532.96609    0 14655          -  532.96609      -     - 2363s
     0     0  532.99169    0 11981          -  532.99169      -     - 2371s
     0     0  533.05020    0 16967          -  533.05020      -     - 2398s
     0     0  533.05020    0 16969          -  533.05020      -     - 2398s
     0     0  533.05280    0 13540          -  533.05280      -     - 2411s
     0     0  533.15499    0 16647          -  533.15499      -     - 2436s
     0     0  533.18086    0 14186          -  533.18086      -     - 2454s
     0     0  533.18096    0 14300          -  533.18096      -     - 2458s
     0     0  533.19708    0 16336          -  533.19708      -     - 2500s
     0     0  533.20017    0 15459          -  533.20017      -     - 2505s
     0     0  533.20017    0 15445          -  533.20017      -     - 2506s
     0     0  533.73680    0 13613          -  533.73680      -     - 2555s
     0     0  534.35901    0 14253          -  534.35901      -     - 2582s
     0     0  534.35901    0 14005          -  534.35901      -     - 2588s
     0     0  535.53622    0 17256          -  535.53622      -     - 2646s
     0     0  535.54285    0 16117          -  535.54285      -     - 2653s
     0     0  535.54617    0 15607          -  535.54617      -     - 2659s
     0     0  535.54618    0 15619          -  535.54618      -     - 2664s
     0     0  535.94664    0 14146          -  535.94664      -     - 2687s
     0     0  535.94664    0 14148          -  535.94664      -     - 2689s
     0     0  535.95937    0 15143          -  535.95937      -     - 2706s
     0     0  535.95937    0 15238          -  535.95937      -     - 2712s
     0     0  537.66652    0 15537          -  537.66652      -     - 2745s
     0     0  537.66652    0 17909          -  537.66652      -     - 2766s
     0     0  537.66652    0 15495          -  537.66652      -     - 2825s
     0     0  537.77858    0 15735          -  537.77858      -     - 2859s
     0     0  537.79661    0 16946          -  537.79661      -     - 2863s
     0     0  537.79661    0 16814          -  537.79661      -     - 2869s
     0     0  538.14010    0 17613          -  538.14010      -     - 2933s
     0     0  538.18646    0 17111          -  538.18646      -     - 2951s
     0     0  538.19686    0 18612          -  538.19686      -     - 2965s
     0     0  538.19686    0 15874          -  538.19686      -     - 2969s
     0     0  538.23321    0 19656          -  538.23321      -     - 3008s
     0     0  538.26805    0 20724          -  538.26805      -     - 3023s
     0     0  538.26805    0 19485          -  538.26805      -     - 3028s
     0     0  538.27936    0 17626          -  538.27936      -     - 3076s
     0     0  538.27936    0 17733          -  538.27936      -     - 3097s
     0     0  538.31838    0 22888          -  538.31838      -     - 3153s
     0     0  538.36760    0 21857          -  538.36760      -     - 3169s
     0     0  538.36760    0 20136          -  538.36760      -     - 3174s
     0     0  538.49013    0 24373          -  538.49013      -     - 3219s
     0     0  538.51548    0 18907          -  538.51548      -     - 3234s
     0     0  538.56660    0 23826          -  538.56660      -     - 3242s
     0     0  538.56660    0 20562          -  538.56660      -     - 3245s
     0     0  538.57309    0 25077          -  538.57309      -     - 3271s
     0     0  538.57325    0 24545          -  538.57325      -     - 3287s
     0     0  538.58860    0 17444          -  538.58860      -     - 3328s
     0     0  538.58860    0 17438          -  538.58860      -     - 3328s
     0     0  538.61549    0 17256          -  538.61549      -     - 3337s
     0     0  538.61600    0 16652          -  538.61600      -     - 3341s
     0     0  538.68439    0 20627          -  538.68439      -     - 3384s
     0     0  538.70687    0 20608          -  538.70687      -     - 3394s
     0     0  538.70687    0 20046          -  538.70687      -     - 3397s
     0     0  539.50430    0 21856          -  539.50430      -     - 3486s
     0     0  539.50557    0 20414          -  539.50557      -     - 3500s
     0     0  539.82375    0 21027          -  539.82375      -     - 3541s
     0     0  539.82484    0 17008          -  539.82484      -     - 3559s
     0     0  539.97820    0 26931          -  539.97820      -     - 3609s
     0     0  539.98329    0 33265          -  539.98329      -     - 3728s
     0     0  540.20426    0 32091          -  540.20426      -     - 3817s
     0     0  540.20485    0 30737          -  540.20485      -     - 3868s
     0     0  540.20485    0 30732          -  540.20485      -     - 3869s
     0     0  541.26851    0 23734          -  541.26851      -     - 3937s
     0     0  541.26851    0 23757          -  541.26851      -     - 3938s
     0     0  541.29821    0 23225          -  541.29821      -     - 4007s
     0     0  541.30087    0 28023          -  541.30087      -     - 4022s
     0     0  541.65397    0 30748          -  541.65397      -     - 4106s
     0     0  541.66150    0 27574          -  541.66150      -     - 4174s
     0     0  541.66156    0 26037          -  541.66156      -     - 4190s
     0     0  542.08603    0 29432          -  542.08603      -     - 4288s
     0     0  542.08821    0 28306          -  542.08821      -     - 4329s
     0     0  542.47214    0 21683          -  542.47214      -     - 4420s
     0     0  542.49171    0 20401          -  542.49171      -     - 4448s
     0     0  542.49171    0 20102          -  542.49171      -     - 4460s
     0     0  545.31886    0 26645          -  545.31886      -     - 4508s
     0     0  545.35228    0 23562          -  545.35228      -     - 4539s
     0     0  545.35735    0 24720          -  545.35735      -     - 4561s
     0     0  545.59000    0 26226          -  545.59000      -     - 4657s
     0     0  545.59000    0 21823          -  545.59000      -     - 4678s
     0     0  545.75363    0 24098          -  545.75363      -     - 4776s
     0     0  545.76105    0 22786          -  545.76105      -     - 4804s
     0     0  545.76105    0 22725          -  545.76105      -     - 4805s
     0     0  545.85500    0 27641          -  545.85500      -     - 4848s
     0     0  545.94674    0 23567          -  545.94674      -     - 4876s
     0     0  545.97010    0 20670          -  545.97010      -     - 4887s
     0     0  545.97193    0 30907          -  545.97193      -     - 4926s
     0     0  546.74833    0 25073          -  546.74833      -     - 4973s
     0     0  546.74833    0 24726          -  546.74833      -     - 5011s
     0     0  546.87378    0 22833          -  546.87378      -     - 5054s
     0     0  546.87998    0 22890          -  546.87998      -     - 5072s
     0     0  546.97998    0 24365          -  546.97998      -     - 5112s
     0     0  546.97998    0 23464          -  546.97998      -     - 5125s
     0     0  547.04583    0 22414          -  547.04583      -     - 5163s
     0     0  547.04583    0 22414          -  547.04583      -     - 5173s
     0     0  547.04583    0 7536          -  547.04583      -     - 5409s
     0     2  547.04583    0 7536          -  547.04583      -     - 5565s
     1     3  551.99111    1 23329          -  547.08333      - 10938 5655s
     2     5  552.00790    2 15232          -  547.08333      -  7202 5694s
     4     8  552.32416    3 14254          -  547.08333      -  4299 5780s
     7    12  550.04895    3 13667          -  547.08333      -  4466 5843s
    11    16  550.48319    4 19478          -  547.08333      -  3656 5890s
    15    20  550.92811    5 19543          -  547.08333      -  2784 5988s
    19    21  554.16818    6 14308          -  547.08333      -  2829 6045s
    24    24  555.35000    8 14222          -  547.08333      -  2675 6126s
    27    28  554.64292    7 14857          -  547.08333      -  2865 6172s
    31    32  554.78106    8 17959          -  547.08333      -  2991 6259s
    35    35  555.85151    8 14886          -  547.08333      -  2848 6435s
    39    43  554.99676    9 19184          -  547.08333      -  2685 6498s
    48    46  555.02463   10 20162          -  547.08333      -  2548 6617s
    57    58  555.40175   14 16139          -  547.08333      -  2322 6754s
    69    70  555.40175   18 16987          -  547.08333      -  2068 6792s
    81    80  557.29739   20 19853          -  547.08333      -  1967 6836s
    94    84  564.37678   21 12729          -  547.08333      -  1882 6911s
    98    95  563.93495   21 12245          -  547.08333      -  1925 6942s
   114   107  564.47134   22 17858          -  547.08333      -  1790 6979s
   132   121  560.82678   30 11510          -  547.08333      -  1684 7021s
   146   139  566.08024   23 12273          -  547.08333      -  1643 7060s
   167   148  572.04825   27 12177          -  547.08333      -  1542 7106s
   186   162 infeasible   41               -  547.08333      -  1444 7156s
   202   177  548.49795    5 15504          -  547.08333      -  1443 7199s

Cutting planes:
  Gomory: 8
  Cover: 139
  Implied bound: 6507
  Clique: 447
  MIR: 464
  StrongCG: 43
  Flow cover: 13
  GUB cover: 16
  Zero half: 5
  RLT: 241
  Relax-and-lift: 15409
  BQP: 2

Explored 217 nodes (1358465 simplex iterations) in 7200.05 seconds (4182.98 work units)
Thread count was 4 (of 8 available processors)

Solution count 0

Time limit reached
Best objective -, best bound 5.471000000000e+02, gap -
