
Gurobi 13.0.2 (linux64) logging started Mon Jul  6 05:21:45 2026

Set parameter LogFile to value "src/Resultados/Restriccion todas cliques/logs/R210-50.xml_log.log"
Set parameter Threads to value 4
Gurobi Optimizer version 13.0.2 build v13.0.2rc1 (linux64 - "Rocky Linux 9.7 (Blue Onyx)")

CPU model: QEMU Virtual CPU version 2.5+, instruction set [SSE2]
Thread count: 8 physical cores, 8 logical processors, using up to 4 threads

Non-default parameters:
TimeLimit  7200
Threads  4

Optimize a model with 272834 rows, 171150 columns and 2777385 nonzeros (Min)
Model fingerprint: 0x09260e5c
Model has 38895 linear objective coefficients
Variable types: 33210 continuous, 137940 integer (137925 binary)
Coefficient statistics:
  Matrix range     [1e+00, 2e+05]
  Objective range  [4e+00, 6e+01]
  Bounds range     [1e+00, 2e+03]
  RHS range        [1e+00, 2e+05]

Presolve removed 64980 rows and 150 columns (presolve time = 5s)...
Presolve removed 82493 rows and 180 columns (presolve time = 10s)...
Presolve removed 82538 rows and 210 columns (presolve time = 15s)...
Presolve removed 82523 rows and 195 columns
Presolve time: 15.37s
Presolved: 190311 rows, 170955 columns, 935160 nonzeros
Variable types: 750 continuous, 170205 integer (153360 binary)
Deterministic concurrent LP optimizer: primal simplex, dual simplex, and barrier
Showing barrier log only...

Root barrier log...

Elapsed ordering time = 6s
Elapsed ordering time = 10s
Elapsed ordering time = 11s
Ordering time: 13.09s

Barrier statistics:
 Dense cols : 45
 AA' NZ     : 4.920e+06
 Factor NZ  : 2.751e+07 (roughly 400 MB of memory)
 Factor Ops : 2.107e+10 (roughly 3 seconds per iteration)
 Threads    : 1

                  Objective                Residual
Iter       Primal          Dual         Primal    Dual     Compl     Time
   0   3.22048598e+06 -2.44668250e+06  2.16e+05 1.11e-16  1.04e+02    45s
   1   9.50767051e+05 -2.49245053e+06  6.51e+04 5.52e-01  3.60e+01    47s
   2   1.99459938e+05 -2.74507964e+06  1.39e+04 1.37e-02  1.11e+01    50s
   3   1.99458183e+04 -3.78009513e+05  1.28e+03 3.05e-05  1.20e+00    53s
   4   3.10987674e+03 -8.74955323e+04  1.13e+02 5.35e-06  2.16e-01    56s
   5   1.64157338e+03 -1.13488993e+04  2.76e+01 5.92e-07  3.31e-02    60s
   6   9.64842054e+02 -5.87395537e+03  3.16e+00 3.17e-07  1.52e-02    64s
   7   6.33050865e+02 -2.08028306e+03  5.79e-01 1.24e-07  5.91e-03    69s
   8   5.40301534e+02 -2.42022664e+02  9.58e-02 3.38e-08  1.69e-03    74s
   9   5.08448612e+02  4.79055201e+02  7.79e-12 5.52e-10  6.30e-05    77s
  10   5.06506930e+02  5.06457822e+02  2.94e-12 2.72e-15  1.05e-07    81s
  11   5.06500007e+02  5.06499958e+02  2.11e-10 7.76e-16  1.05e-10    85s
  12   5.06500000e+02  5.06500000e+02  2.52e-10 3.11e-15  1.05e-13    88s

Barrier solved model in 12 iterations and 88.29 seconds (41.48 work units)
Optimal objective 5.06500000e+02


Root crossover log...

   17591 DPushes remaining with DInf 0.0000000e+00                92s
       0 DPushes remaining with DInf 0.0000000e+00                92s

   67676 PPushes remaining with PInf 0.0000000e+00                92s
   40541 PPushes remaining with PInf 0.0000000e+00                96s
   31096 PPushes remaining with PInf 0.0000000e+00               102s
   19040 PPushes remaining with PInf 0.0000000e+00               110s
   12288 PPushes remaining with PInf 0.0000000e+00               115s
    7994 PPushes remaining with PInf 0.0000000e+00               120s
    5093 PPushes remaining with PInf 0.0000000e+00               125s
    2732 PPushes remaining with PInf 0.0000000e+00               130s
       0 PPushes remaining with PInf 0.0000000e+00               135s

  Push phase complete: Pinf 0.0000000e+00, Dinf 3.2428227e-13    135s


Root simplex log...

Iteration    Objective       Primal Inf.    Dual Inf.      Time
   85240    5.0650000e+02   0.000000e+00   0.000000e+00    135s
Crossover time: 46.94 seconds (20.64 work units)
Concurrent spin time: 0.03s

Solved with barrier

Root relaxation: objective 5.065000e+02, 85240 iterations, 114.93 seconds (50.96 work units)

    Nodes    |    Current Node    |     Objective Bounds      |     Work
 Expl Unexpl |  Obj  Depth IntInf | Incumbent    BestBd   Gap | It/Node Time

     0     0  506.50000    0 19728          -  506.50000      -     -  287s
     0     0  506.50000    0 13814          -  506.50000      -     -  294s
     0     0  506.50000    0 24140          -  506.50000      -     -  353s
     0     0  506.50000    0 24701          -  506.50000      -     -  383s
     0     0  506.50000    0 21860          -  506.50000      -     -  431s
     0     0  506.50000    0 21860          -  506.50000      -     -  431s
     0     0  506.50000    0 8213          -  506.50000      -     -  568s
     0     0  506.50000    0 9568          -  506.50000      -     -  587s
     0     0  506.50000    0 9733          -  506.50000      -     -  590s
     0     0  506.50000    0 11775          -  506.50000      -     -  675s
     0     0  506.50000    0 11500          -  506.50000      -     -  679s
     0     0  506.50000    0 5875          -  506.50000      -     -  730s
     0     0  506.50000    0 7572          -  506.50000      -     -  813s
     0     0  506.50000    0 7920          -  506.50000      -     -  818s
     0     0  506.50000    0 5840          -  506.50000      -     -  920s
     0     0  506.50000    0 6334          -  506.50000      -     - 1000s
     0     0  506.50000    0 6271          -  506.50000      -     - 1003s
     0     0  506.50000    0 6271          -  506.50000      -     - 1003s
     0     0  506.50000    0 4787          -  506.50000      -     - 1066s
     0     0  506.50000    0 5128          -  506.50000      -     - 1096s
     0     0  506.50000    0 5385          -  506.50000      -     - 1099s
     0     0  506.68973    0 6490          -  506.68973      -     - 1166s
     0     0  506.68973    0 6490          -  506.68973      -     - 1166s
     0     0  506.68973    0 6490          -  506.68973      -     - 1225s
     0     0  507.20179    0 12520          -  507.20179      -     - 1274s
     0     0  507.77115    0 12385          -  507.77115      -     - 1313s
     0     0  508.36012    0 9883          -  508.36012      -     - 1348s
     0     0  508.36012    0 9847          -  508.36012      -     - 1361s
     0     0  508.51419    0 13253          -  508.51419      -     - 1405s
     0     0  508.61032    0 13747          -  508.61032      -     - 1423s
     0     0  508.61032    0 14468          -  508.61032      -     - 1424s
     0     0  508.61032    0 16331          -  508.61032      -     - 1430s
     0     0  508.61032    0 16088          -  508.61032      -     - 1431s
     0     0  508.61032    0 16207          -  508.61032      -     - 1432s
     0     0  510.49867    0 14260          -  510.49867      -     - 1448s
     0     0  510.53134    0 12190          -  510.53134      -     - 1468s
     0     0  510.59418    0 13173          -  510.59418      -     - 1470s
     0     0  510.59418    0 12790          -  510.59418      -     - 1470s
     0     0  510.60247    0 12945          -  510.60247      -     - 1509s
     0     0  510.60247    0 9095          -  510.60247      -     - 1538s
     0     0  510.67501    0 9378          -  510.67501      -     - 1566s
     0     0  510.67501    0 9038          -  510.67501      -     - 1590s
     0     0  511.73140    0 9055          -  511.73140      -     - 1615s
     0     0  511.76676    0 11499          -  511.76676      -     - 1646s
     0     0  511.79612    0 11678          -  511.79612      -     - 1665s
     0     0  511.79833    0 12860          -  511.79833      -     - 1674s
     0     0  511.80037    0 12962          -  511.80037      -     - 1675s
     0     0  511.80037    0 12965          -  511.80037      -     - 1676s
     0     0  512.29908    0 9002          -  512.29908      -     - 1701s
     0     0  512.44696    0 10481          -  512.44696      -     - 1725s
     0     0  512.44696    0 8979          -  512.44696      -     - 1730s
     0     0  512.79204    0 12291          -  512.79204      -     - 1755s
     0     0  512.83781    0 10895          -  512.83781      -     - 1841s
     0     0  512.83781    0 12421          -  512.83781      -     - 1842s
     0     0  514.82305    0 10927          -  514.82305      -     - 1864s
     0     0  515.45759    0 10256          -  515.45759      -     - 1901s
     0     0  515.45759    0 13017          -  515.45759      -     - 1910s
     0     0  515.45759    0 11256          -  515.45759      -     - 1914s
     0     0  517.47299    0 14155          -  517.47299      -     - 1936s
     0     0  517.47587    0 14912          -  517.47587      -     - 1984s
     0     0  517.47587    0 14928          -  517.47587      -     - 1985s
     0     0  517.47652    0 14465          -  517.47652      -     - 1986s
     0     0  517.47762    0 11960          -  517.47762      -     - 2000s
     0     0  517.56546    0 13615          -  517.56546      -     - 2022s
     0     0  517.59151    0 13909          -  517.59151      -     - 2026s
     0     0  517.59151    0 13645          -  517.59151      -     - 2029s
     0     0  517.91916    0 15253          -  517.91916      -     - 2053s
     0     0  518.38841    0 13854          -  518.38841      -     - 2084s
     0     0  518.38984    0 14304          -  518.38984      -     - 2090s
     0     0  518.38984    0 14309          -  518.38984      -     - 2091s
     0     0  521.09996    0 13386          -  521.09996      -     - 2118s
     0     0  521.09996    0 14746          -  521.09996      -     - 2150s
     0     0  521.38438    0 8909          -  521.38438      -     - 2175s
     0     0  521.51360    0 10395          -  521.51360      -     - 2204s
     0     0  521.52534    0 13495          -  521.52534      -     - 2211s
     0     0  521.52534    0 10612          -  521.52534      -     - 2218s
     0     0  524.46487    0 13798          -  524.46487      -     - 2238s
     0     0  524.69200    0 14341          -  524.69200      -     - 2271s
     0     0  524.71080    0 11951          -  524.71080      -     - 2279s
     0     0  524.71080    0 10449          -  524.71080      -     - 2292s
     0     0  525.31178    0 11819          -  525.31178      -     - 2314s
     0     0  525.31178    0 10200          -  525.31178      -     - 2350s
     0     0  525.39212    0 13523          -  525.39212      -     - 2367s
     0     0  525.39212    0 13507          -  525.39212      -     - 2368s
     0     0  525.39212    0 14197          -  525.39212      -     - 2395s
     0     0  525.39212    0 14650          -  525.39212      -     - 2418s
     0     0  525.39212    0 14610          -  525.39212      -     - 2421s
     0     0  525.39212    0 15101          -  525.39212      -     - 2475s
     0     0  525.39212    0 14232          -  525.39212      -     - 2508s
     0     0  525.39212    0 14232          -  525.39212      -     - 2508s
     0     0  525.39212    0 6352          -  525.39212      -     - 2688s
     0     0  525.39212    0 7467          -  525.39212      -     - 2758s
     0     0  525.39212    0 7772          -  525.39212      -     - 2760s
     0     0  525.39212    0 12348          -  525.39212      -     - 2824s
     0     0  525.39212    0 12348          -  525.39212      -     - 2824s
     0     0  525.39212    0 5487          -  525.39212      -     - 2904s
     0     0  525.39212    0 12230          -  525.39212      -     - 3564s
     0     0  525.39212    0 12436          -  525.39212      -     - 3572s
     0     0  525.52901    0 13206          -  525.52901      -     - 3632s
     0     0  525.52901    0 13206          -  525.52901      -     - 3632s
     0     0  525.52901    0 7207          -  525.52901      -     - 3857s
     0     0  525.52901    0 14235          -  525.52901      -     - 3933s
     0     0  525.52901    0 14785          -  525.52901      -     - 3948s
     0     0  525.52901    0 14782          -  525.52901      -     - 3949s
     0     0  526.80996    0 13288          -  526.80996      -     - 3997s
     0     0  526.80996    0 15755          -  526.80996      -     - 4049s
     0     0  526.80996    0 21397          -  526.80996      -     - 4082s
     0     0  526.80996    0 20068          -  526.80996      -     - 4132s
     0     0  526.81380    0 16372          -  526.81380      -     - 4165s
     0     0  526.81380    0 16372          -  526.81380      -     - 4165s
     0     0  526.81380    0 9041          -  526.81380      -     - 4305s
     0     0  526.81380    0 8748          -  526.81380      -     - 4343s
     0     0  526.81380    0 8176          -  526.81380      -     - 4344s
     0     0  526.96929    0 17835          -  526.96929      -     - 4421s
     0     0  526.96929    0 13423          -  526.96929      -     - 4499s
     0     0  526.96929    0 14694          -  526.96929      -     - 4516s
     0     0  526.97312    0 14432          -  526.97312      -     - 4560s
     0     0  526.98152    0 10453          -  526.98152      -     - 4601s
     0     0  526.98999    0 11518          -  526.98999      -     - 4634s
     0     0  526.98999    0 15370          -  526.98999      -     - 4666s
     0     0  527.09129    0 19196          -  527.09129      -     - 4711s
     0     0  527.13135    0 18895          -  527.13135      -     - 4760s
     0     0  527.13135    0 18818          -  527.13135      -     - 4788s
     0     0  527.27084    0 17397          -  527.27084      -     - 4837s
     0     0  527.34700    0 16388          -  527.34700      -     - 4860s
     0     0  527.34700    0 19323          -  527.34700      -     - 4880s
     0     0  530.80199    0 23032          -  530.80199      -     - 4911s
     0     0  530.80568    0 21381          -  530.80568      -     - 4947s
     0     0  535.66873    0 18885          -  535.66873      -     - 4979s
     0     0  535.66873    0 18827          -  535.66873      -     - 5017s
     0     0  535.66873    0 16007          -  535.66873      -     - 5051s
     0     0  535.66873    0 19852          -  535.66873      -     - 5089s
     0     0  535.66873    0 17664          -  535.66873      -     - 5122s
     0     0  535.66873    0 17664          -  535.66873      -     - 5122s
     0     0  535.66873    0 7138          -  535.66873      -     - 5231s
     0     0  535.66873    0 9707          -  535.66873      -     - 5338s
     0     0  535.66873    0 9729          -  535.66873      -     - 5339s
     0     0  535.66873    0 13765          -  535.66873      -     - 5459s
     0     0  535.66873    0 13765          -  535.66873      -     - 5459s
     0     0  535.66873    0 8302          -  535.66873      -     - 5582s
     0     0  535.67682    0 7141          -  535.67682      -     - 5613s
     0     0  535.67682    0 7186          -  535.67682      -     - 5613s
     0     0  535.67682    0 11245          -  535.67682      -     - 5627s
     0     0  535.67682    0 11245          -  535.67682      -     - 5628s
     0     0  536.41015    0 9636          -  536.41015      -     - 5647s
     0     0  536.41015    0 9636          -  536.41015      -     - 5648s
     0     0  536.41015    0 6656          -  536.41015      -     - 5712s
     0     0  536.41015    0 8628          -  536.41015      -     - 5748s
     0     0  536.41015    0 8933          -  536.41015      -     - 5781s
     0     0  536.41015    0 8933          -  536.41015      -     - 5787s
     0     0  536.41015    0 7733          -  536.41015      -     - 5860s
     0     2  536.41015    0 7733          -  536.41015      -     - 6068s
     1     3  536.90270    1 9611          -  536.41015      -  6337 6120s
     2     6  538.08638    2 6140          -  536.41015      -  5272 6163s
     5     9  538.08638    3 8645          -  536.41015      -  4211 6241s
     8    13  538.13817    4 8700          -  536.41015      -  5060 6282s
    12    25  538.14950    5 8947          -  536.41015      -  4368 6314s
    25    30  538.28475    7 9534          -  536.41015      -  2762 6341s
    31    33  573.40093   10 14739          -  536.41015      -  2557 6369s
    34    46  560.95035   11 12783          -  536.41015      -  2409 6392s
    47    54  561.41565   16 12365          -  536.41015      -  1894 6424s
    56    63 infeasible   17               -  536.41015      -  1706 6445s
    67    75  562.24940   17 11389          -  536.41015      -  1543 6457s
    79    84  562.73953   18 12071          -  536.41015      -  1329 6475s
    90    97  565.32186   21 12057          -  536.41015      -  1205 6482s
   103   105  566.07459   23 11513          -  536.41015      -  1078 6499s
   112   103  568.02704   26 11920          -  536.41015      -  1011 6512s
   129   103  568.53171   28 14890          -  536.41015      -   938 6536s
   136   108  568.61051   29 14888          -  536.41015      -   960 6564s
   145   113  575.07770   33 9930          -  536.41015      -   966 6579s
   150   119  574.08377   34 14538          -  536.41015      -  1014 6595s
   158   127  574.59233   35 13525          -  536.41015      -  1035 6609s
   176   135  574.72986   36 13527          -  536.41015      -   947 6637s
   186   144  576.57293   40 15446          -  536.41015      -   939 6655s
   195   159  577.97988   43 15096          -  536.41015      -   939 6674s
   210   163  577.13550   46 12680          -  536.41015      -   900 7200s

Cutting planes:
  Learned: 6
  Gomory: 2
  Cover: 320
  Implied bound: 2647
  Clique: 643
  MIR: 419
  StrongCG: 34
  Flow cover: 13
  GUB cover: 39
  Zero half: 22
  RLT: 317
  Relax-and-lift: 2904
  BQP: 1

Explored 214 nodes (1357595 simplex iterations) in 7200.44 seconds (3931.74 work units)
Thread count was 4 (of 8 available processors)

Solution count 0

Time limit reached
Best objective -, best bound 5.365000000000e+02, gap -
