
Gurobi 13.0.2 (linux64) logging started Mon Jul  6 20:57:00 2026

Set parameter LogFile to value "src/Resultados/Restriccion demanda/logs/RC106-50.xml_log.log"
Set parameter Threads to value 4
Gurobi Optimizer version 13.0.2 build v13.0.2rc1 (linux64 - "Rocky Linux 9.7 (Blue Onyx)")

CPU model: QEMU Virtual CPU version 2.5+, instruction set [SSE2]
Thread count: 8 physical cores, 8 logical processors, using up to 4 threads

Non-default parameters:
TimeLimit  7200
Threads  4

Optimize a model with 140441 rows, 86940 columns and 2183940 nonzeros (Min)
Model fingerprint: 0x3338d0be
Model has 17115 linear objective coefficients
Variable types: 17610 continuous, 69330 integer (69315 binary)
Coefficient statistics:
  Matrix range     [1e+00, 4e+04]
  Objective range  [1e+00, 8e+01]
  Bounds range     [1e+00, 2e+03]
  RHS range        [1e+00, 4e+04]

Presolve removed 41605 rows and 300 columns (presolve time = 5s)...
Presolve removed 41665 rows and 345 columns
Presolve time: 7.46s
Presolved: 98776 rows, 86595 columns, 479505 nonzeros
Variable types: 750 continuous, 85845 integer (74970 binary)
Deterministic concurrent LP optimizer: primal and dual simplex
Showing primal log only...


Root simplex log...

Iteration    Objective       Primal Inf.    Dual Inf.      Time
       0    4.8688000e+03   3.424156e+03   5.951406e+10     12s
   27597    6.5642574e+02   3.213790e+02   1.500216e+10     15s
   35059    6.4685665e+02   2.231011e+02   5.622328e+09     20s
   44952    6.2587656e+02   1.638511e+02   6.722104e+09     25s
   48316    6.8949202e+02   1.428645e+02   1.211364e+10     30s
   50610    6.8073479e+02   1.330139e+02   4.465110e+09     35s
   53081    6.2458350e+02   1.023882e+02   2.050434e+10     40s
   55522    5.7656142e+02   3.706641e+01   1.859498e+11     45s
   58330    5.7298255e+02   2.112340e+01   5.939960e+09     50s
   60978    5.6742994e+02   1.159543e+01   1.127915e+10     55s
   63439    5.3981339e+02   7.443998e+00   1.285591e+11     60s
   66625    5.4247206e+02   5.669802e+00   1.755630e+10     65s
   68498    5.3987001e+02   4.400352e+00   2.318097e+09     70s
   70792    5.9436936e+02   2.850237e+00   1.601045e+10     75s
   72917    6.6813377e+02   9.771551e-01   4.547113e+08     80s
   75928    5.8199251e+02   0.000000e+00   1.829209e+05     85s
   79822    5.0929596e+02   0.000000e+00   1.021070e+04     90s
   82633    4.9835583e+02   0.000000e+00   4.458597e+01     95s
   85388    4.9800000e+02   1.293735e+02   0.000000e+00    100s
   88010    4.9800001e+02   1.403703e+01   0.000000e+00    105s
   90727    4.9800001e+02   8.557895e+00   0.000000e+00    110s
   91783    4.9800000e+02   0.000000e+00   0.000000e+00    113s
Concurrent spin time: 0.00s

Solved with primal simplex

Root relaxation: objective 4.980000e+02, 91783 iterations, 102.00 seconds (61.14 work units)

    Nodes    |    Current Node    |     Objective Bounds      |     Work
 Expl Unexpl |  Obj  Depth IntInf | Incumbent    BestBd   Gap | It/Node Time

     0     0  498.00000    0 8610          -  498.00000      -     -  155s
     0     0  498.00000    0 7028          -  498.00000      -     -  159s
     0     0  498.00000    0 13032          -  498.00000      -     -  205s
     0     0  498.00000    0 12996          -  498.00000      -     -  225s
     0     0  498.00000    0 16027          -  498.00000      -     -  257s
     0     0  498.00000    0 16027          -  498.00000      -     -  257s
     0     0  498.00000    0 5146          -  498.00000      -     -  284s
     0     0  498.00000    0 7788          -  498.00000      -     -  302s
     0     0  498.00000    0 7407          -  498.00000      -     -  304s
     0     0  498.00000    0 13879          -  498.00000      -     -  326s
     0     0  498.00000    0 13879          -  498.00000      -     -  327s
     0     0  498.00000    0 3929          -  498.00000      -     -  359s
     0     0  498.00000    0 4757          -  498.00000      -     -  365s
     0     0  498.00000    0 4724          -  498.00000      -     -  366s
     0     0  498.00000    0 10196          -  498.00000      -     -  385s
     0     0  498.00000    0 10258          -  498.00000      -     -  386s
     0     0  498.00000    0 4876          -  498.00000      -     -  401s
     0     0  498.00000    0 5822          -  498.00000      -     -  410s
     0     0  498.00000    0 5747          -  498.00000      -     -  410s
     0     0  498.03203    0 11028          -  498.03203      -     -  426s
     0     0  498.03203    0 11006          -  498.03203      -     -  426s
     0     0  498.03203    0 4071          -  498.03203      -     -  451s
     0     0  498.26984    0 6381          -  498.26984      -     -  461s
     0     0  498.26984    0 6366          -  498.26984      -     -  461s
     0     0  498.77925    0 5895          -  498.77925      -     -  471s
     0     0  498.77925    0 6600          -  498.77925      -     -  474s
     0     0  498.77925    0 6659          -  498.77925      -     -  476s
     0     0  498.77925    0 7002          -  498.77925      -     -  479s
     0     0  505.89103    0 8568          -  505.89103      -     -  487s
     0     0  505.89103    0 8568          -  505.89103      -     -  488s
     0     0  505.89147    0 8060          -  505.89147      -     -  492s
     0     0  505.89147    0 8062          -  505.89147      -     -  492s
     0     0  505.93815    0 9139          -  505.93815      -     -  506s
     0     0  505.98362    0 7336          -  505.98362      -     -  522s
     0     0  505.98362    0 9735          -  505.98362      -     -  533s
     0     0  507.45738    0 10549          -  507.45738      -     -  555s
     0     0  507.45738    0 9584          -  507.45738      -     -  559s
     0     0  507.45738    0 9712          -  507.45738      -     -  576s
     0     0  507.45738    0 10981          -  507.45738      -     -  659s
     0     0  507.46003    0 10565          -  507.46003      -     -  669s
     0     0  507.46003    0 10565          -  507.46003      -     -  669s
     0     0  507.46003    0 4147          -  507.46003      -     -  699s
     0     0  507.48281    0 5771          -  507.48281      -     -  705s
     0     0  507.48281    0 5164          -  507.48281      -     -  705s
     0     0  507.48281    0 5164          -  507.48281      -     -  705s
     0     0  507.48281    0 5164          -  507.48281      -     -  705s
     0     0  507.48281    0 5165          -  507.48281      -     -  706s
     0     0  507.48361    0 5977          -  507.48361      -     -  707s
     0     0  507.48361    0 5908          -  507.48361      -     -  707s
     0     0  508.49527    0 8438          -  508.49527      -     -  725s
     0     0  508.49527    0 8439          -  508.49527      -     -  725s
     0     0  508.51192    0 5446          -  508.51192      -     -  730s
     0     0  508.51207    0 6237          -  508.51207      -     -  738s
     0     0  509.07977    0 9588          -  509.07977      -     -  750s
     0     0  509.07977    0 10107          -  509.07977      -     -  755s
     0     0  509.25567    0 8378          -  509.25567      -     -  763s
     0     0  509.28176    0 10040          -  509.28176      -     -  777s
     0     0  509.32035    0 11494          -  509.32035      -     -  781s
     0     0  509.32420    0 12489          -  509.32420      -     -  785s
     0     0  509.32420    0 8355          -  509.32420      -     -  788s
     0     0  509.73867    0 12273          -  509.73867      -     -  799s
     0     0  509.75126    0 11776          -  509.75126      -     -  804s
     0     0  509.75126    0 11778          -  509.75126      -     -  804s
     0     0  509.75126    0 11775          -  509.75126      -     -  805s
     0     0  509.75551    0 14009          -  509.75551      -     -  807s
     0     0  509.75551    0 13845          -  509.75551      -     -  809s
     0     0  509.75551    0 13845          -  509.75551      -     -  809s
     0     0  509.94146    0 12658          -  509.94146      -     -  819s
     0     0  509.94146    0 12655          -  509.94146      -     -  819s
     0     0  509.96403    0 12758          -  509.96403      -     -  826s
     0     0  509.97179    0 11599          -  509.97179      -     -  831s
     0     0  509.97179    0 10070          -  509.97179      -     -  833s
     0     0  510.29343    0 11984          -  510.29343      -     -  840s
     0     0  510.31832    0 13498          -  510.31832      -     -  844s
     0     0  510.31832    0 14833          -  510.31832      -     -  847s
     0     0  510.31832    0 13415          -  510.31832      -     -  856s
     0     0  510.31832    0 13418          -  510.31832      -     -  856s
     0     0  510.31832    0 13350          -  510.31832      -     -  865s
     0     0  510.36994    0 13677          -  510.36994      -     -  875s
     0     0  510.43549    0 15191          -  510.43549      -     -  882s
     0     0  510.43549    0 14816          -  510.43549      -     -  884s
     0     0  510.98985    0 15216          -  510.98985      -     -  898s
     0     0  510.99469    0 14982          -  510.99469      -     -  902s
     0     0  510.99469    0 13935          -  510.99469      -     -  905s
     0     0  511.46566    0 14260          -  511.46566      -     -  917s
     0     0  511.46677    0 15255          -  511.46677      -     -  924s
     0     0  511.77010    0 15697          -  511.77010      -     -  938s
     0     0  511.85614    0 15109          -  511.85614      -     -  946s
     0     0  511.88452    0 12384          -  511.88452      -     -  953s
     0     0  511.88452    0 13910          -  511.88452      -     -  958s
     0     0  512.00829    0 12844          -  512.00829      -     -  972s
     0     0  512.01555    0 12596          -  512.01555      -     -  978s
     0     0  512.01555    0 12261          -  512.01555      -     -  983s
     0     0  512.75575    0 11027          -  512.75575      -     -  995s
     0     0  512.79073    0 9635          -  512.79073      -     - 1005s
     0     0  512.79073    0 9548          -  512.79073      -     - 1006s
     0     0  512.79643    0 9091          -  512.79643      -     - 1014s
     0     0  512.79643    0 9091          -  512.79643      -     - 1014s
     0     0  512.79643    0 6584          -  512.79643      -     - 1020s
     0     0  512.85293    0 12486          -  512.85293      -     - 1027s
     0     0  512.85293    0 9037          -  512.85293      -     - 1031s
     0     0  513.01869    0 11632          -  513.01869      -     - 1039s
     0     0  513.06154    0 12176          -  513.06154      -     - 1045s
     0     0  513.06154    0 12150          -  513.06154      -     - 1045s
     0     0  513.06154    0 12133          -  513.06154      -     - 1045s
     0     0  513.06154    0 12488          -  513.06154      -     - 1048s
     0     0  513.06154    0 12460          -  513.06154      -     - 1048s
     0     0  515.03356    0 11572          -  515.03356      -     - 1058s
     0     0  515.03377    0 11289          -  515.03377      -     - 1065s
     0     0  515.81547    0 12161          -  515.81547      -     - 1080s
     0     0  515.81547    0 12125          -  515.81547      -     - 1080s
     0     0  515.84987    0 13857          -  515.84987      -     - 1087s
     0     0  515.85497    0 13809          -  515.85497      -     - 1095s
     0     0  515.91107    0 11150          -  515.91107      -     - 1099s
     0     0  515.91348    0 12973          -  515.91348      -     - 1101s
     0     0  517.42854    0 10370          -  517.42854      -     - 1112s
     0     0  517.42854    0 10033          -  517.42854      -     - 1113s
     0     0  517.42932    0 9430          -  517.42932      -     - 1118s
     0     0  517.45138    0 11170          -  517.45138      -     - 1127s
     0     0  517.45138    0 11170          -  517.45138      -     - 1130s
     0     0  517.45138    0 3659          -  517.45138      -     - 1174s
     0     2  517.45138    0 3171          -  517.45138      -     - 1209s
     1     4  517.45138    1 5694          -  517.45138      -  3415 1220s
     3     8  517.45138    2 4836          -  517.45138      -  1908 1230s
     7    12  517.47106    3 6173          -  517.45833      -  1324 1236s
    11    29  517.47106    4 5788          -  517.47106      -  1417 1249s
    28    38  517.47594    9 5709          -  517.47594      -   932 1253s
    37    44  526.00238   11 8206          -  517.47594      -   907 1260s
    43    63  517.62171   12 7668          -  517.47594      -   981 1269s
    62    76  517.89281   19 6626          -  517.47594      -   852 1275s
    75   103  518.09098   20 5109          -  517.47594      -   797 1280s
   123   143  518.98999   28 6317          -  517.47594      -   549 1288s
   146   159  518.99016   33 6317          -  517.47594      -   475 1291s
   181   190  519.07030   43 6465          -  517.47594      -   410 1297s
   199   199  519.35051   48 6084          -  517.47594      -   392 1304s
   208   209  519.07762   48 7713          -  517.47594      -   387 1307s
   218   241  519.17001   51 7311          -  517.47594      -   372 1315s
   250   258  519.24495   57 7136          -  517.47594      -   332 1320s
   275   296  519.26901   62 7164          -  517.47594      -   314 1332s
   305   300  519.33568   70 7003          -  517.47594      -   293 1337s
   309   304  519.33727   71 7008          -  517.47594      -   294 1349s
   313   308  519.33779   72 7009          -  517.47594      -   292 1360s
   317   311  519.35783   73 7001          -  517.47594      -   294 1370s
   321   314  519.48033   74 5960          -  517.47594      -   293 1380s
   325   318  519.35783   74 7003          -  517.47594      -   290 1390s
   329   322  519.36103   75 7006          -  517.47594      -   288 1400s
   333   326  519.36103   76 7005          -  517.47594      -   287 1412s
   337   330  519.36140   77 7010          -  517.47594      -   286 1421s
   341   334  519.39619   78 7011          -  517.47594      -   283 1431s
   345   338  519.40077   79 7426          -  517.47594      -   283 1443s
   349   342  519.46079   80 7434          -  517.47594      -   280 1458s
   353   346  519.47169   81 7310          -  517.47594      -   278 1469s
   357   350  519.47618   82 7310          -  517.47594      -   275 1479s
   361   354  519.47930   83 7305          -  517.47594      -   273 1488s
   365   358  519.48452   84 7297          -  517.47594      -   270 1496s
   369   362  519.50516   85 6885          -  517.47594      -   267 1505s
   373   366  519.51941   86 6890          -  517.47594      -   264 1514s
   377   370  519.53171   87 7307          -  517.47594      -   262 1523s
   381   374  519.58987   88 6900          -  517.47594      -   260 1533s
   385   378  519.60109   89 6895          -  517.47594      -   259 1542s
   389   382  519.60886   90 6890          -  517.47594      -   256 1601s
   393   386  519.62113   91 7304          -  517.47594      -   255 1610s
   397   390  519.62749   92 7293          -  517.47594      -   252 1619s
   401   394  519.63822   93 7296          -  517.47594      -   250 1632s
   405   398  519.64119   94 7296          -  517.47594      -   249 1640s
   409   402  519.64525   95 7298          -  517.47594      -   247 1649s
   413   406  519.66666   96 7297          -  517.47594      -   245 1658s
   417   410  519.68405   97 7464          -  517.47594      -   243 1667s
   421   414  519.69214   98 7469          -  517.47594      -   241 1677s
   425   418  519.70396   99 7461          -  517.47594      -   239 1685s
   429   422  519.70541  100 7420          -  517.47594      -   236 1694s
   433   426  519.71391  101 7472          -  517.47594      -   234 1704s
   437   430  519.73026  102 6576          -  517.47594      -   233 1760s
   441   434  519.74767  103 6565          -  517.47594      -   232 1771s
   445   438  519.75150  104 7204          -  517.47594      -   230 1780s
   449   442  519.75187  105 7204          -  517.47594      -   229 1789s
   453   446  519.75483  106 7201          -  517.47594      -   228 1799s
   457   450  519.75506  107 7200          -  517.47594      -   226 1810s
   461   454  519.77519  108 7203          -  517.47594      -   224 1821s
   465   458  519.84017  109 7210          -  517.47594      -   222 1836s
   469   462  519.84017  110 7210          -  517.47594      -   221 1901s
   473   466  519.84181  111 7206          -  517.47594      -   220 2030s
   477   470  519.85009  112 7202          -  517.47594      -   219 2041s
   481   474  519.86930  113 7202          -  517.47594      -   218 2052s
   485   478  519.87293  114 7204          -  517.47594      -   216 2062s
   489   482  519.89128  115 7204          -  517.47594      -   215 2078s
   493   486  519.93100  116 7202          -  517.47594      -   214 2122s
   497   490  519.94691  117 7206          -  517.47594      -   213 2135s
   501   494  519.95204  118 7210          -  517.47594      -   211 2152s
   505   498  519.95230  119 7203          -  517.47594      -   210 2172s
   509   502  519.95290  120 7199          -  517.47594      -   208 2264s
   513   506  519.96941  121 7206          -  517.47594      -   207 2358s
   517   510  519.98119  122 7209          -  517.47594      -   207 2525s
   521   518  519.99750  123 7213          -  517.47594      -   205 2665s
   529   522  520.05097  128 7225          -  517.47594      -   204 2820s
   533   526  520.06279  129 7216          -  517.47594      -   203 2973s
   537   530  520.08239  130 7211          -  517.47594      -   203 3053s
   541   559  520.08582  131 7115          -  517.47594      -   202 3146s
   570   577  520.12936  132 7104          -  517.47594      -   193 3237s
   597   601  520.16596  133 7104          -  517.47594      -   196 3348s
   629   636  520.17655  134 7109          -  517.47594      -   198 3498s
   664   673  520.18462  135 7105          -  517.47594      -   195 3677s
   701   747  520.19910  136 7113          -  517.47594      -   197 3779s
   775   865  520.20693  137 7105          -  517.47594      -   197 3861s
   893   998  520.25158  138 7299          -  517.47594      -   194 3893s
  1026  1206  520.33914  143 7126          -  517.47594      -   193 3911s
  1234  1448  521.64808  193 6507          -  517.47594      -   175 3931s
  1478  1688  523.05410  254 6346          -  517.47594      -   161 3953s
  1718  1909  524.30167  328 6125          -  517.47594      -   156 3975s
  1939  2073  524.77472  378 5533          -  517.47594      -   153 3997s
  2103  2315  525.30145  434 5311          -  517.47594      -   155 4017s
  2346  2512  526.52255  538 5404          -  517.47594      -   152 4036s
  2543  2709  532.19088  596 6068          -  517.47594      -   153 4055s
  2740  2945  533.99765  659 4799          -  517.47594      -   155 4073s
  2976  3183  534.90458  770 5927          -  517.47594      -   153 4096s
  3214  3586  535.71335  859 5957          -  517.47594      -   149 4120s
  3619  3927  537.25857  999 5897          -  517.47594      -   140 4141s
  3964  4034  540.28228 1156 5377          -  517.47594      -   136 4164s
  4071  4199  551.35201 1193 5649          -  517.47594      -   139 4184s
  4236  4306  582.86819 1229 5790          -  517.47594      -   143 4208s
  4349  4467  519.70958    8 9533          -  517.47594      -   149 4233s
  4513  4468  578.66124 1027 3659          -  517.47594      -   153 4358s
  4515  4469  588.20095  683 4038          -  517.47594      -   153 4644s
  4516  4470  549.00502  997 3296          -  517.47594      -   153 4737s
  4517  4471  553.46316  629 3764          -  517.47594      -   153 4758s
  4518  4471  555.06418  676 3646          -  517.47594      -   153 4773s
  4519  4472  572.62224  932 5277          -  517.47594      -   153 4794s
  4520  4473  549.38119  977 4467          -  517.69988      -   153 4818s
  4521  4473  576.78132  715 5180          -  517.76352      -   153 4825s
  4522  4474  530.22384  579 3687          -  518.19445      -   152 4883s
  4523  4475  526.23041  537 4747          -  518.31916      -   152 4894s
  4524  4475  534.68428  834 5057          -  518.31916      -   152 4898s
  4525  4476  558.78684  183 4655          -  518.70325      -   152 4901s
  4527  4477  560.53635  914 4100          -  518.70325      -   152 4986s
  4528  4478  559.18371  200 2338          -  522.91477      -   152 5103s
  4529  4479  526.94050  528 4956          -  524.21436      -   152 5145s
  4530  4479  525.99890  234 5247          -  525.99890      -   152 5202s
  4531  4480  526.55486  327 5427          -  526.55486      -   152 5240s
  4532  4481  552.77860   77 5159          -  526.78009      -   152 5270s
  4533  4481  526.87235  234 5971          -  526.87235      -   152 5283s
  4534  4482  534.76613  852 6001          -  526.87235      -   152 5289s
  4535  4483  579.21342 1054 6034          -  527.06916      -   152 5300s
  4536  4483  527.06916  107 5865          -  527.06916      -   152 5310s
  4537  4484  529.42300  546 5617          -  527.06916      -   152 5316s
  4539  4485  527.15266  213 5189          -  527.15266      -   152 5321s
  4541  4487  527.16317  351 5194          -  527.16317      -   152 5325s
  4542  4487  527.16317   18 4686          -  527.16317      -   152 5331s
  4545  4489  527.27546  291 4536          -  527.27546      -   152 5370s
  4546  4490  527.99870   70 4375          -  527.99870      -   152 5467s
  4547  4491  562.51653  157 4111          -  530.30807      -   152 5493s
  4548  4491  530.95408  511 4089          -  530.95408      -   152 5528s
  4549  4492  531.51955  196 4404          -  531.51955      -   152 5535s
  4550  4493  531.91389  294 4053          -  531.91389      -   152 5559s
  4551  4493  532.04765  308 4068          -  532.04765      -   152 5569s
  4552  4494  532.15648  385 4318          -  532.15648      -   151 5575s
  4553  4495  562.77698 1004 4516          -  532.19796      -   151 5584s
  4554  4495  565.54406  482 4163          -  532.23406      -   151 5588s
  4556  4497  532.26121  228 4190          -  532.26121      -   151 5591s
  4558  4498  532.26141  648 3939          -  532.26141      -   151 5606s
  4559  4499  565.93804  476 3494          -  534.46469      -   151 5676s
  4560  4499  535.54607   20 5281          -  535.54607      -   151 5697s
  4561  4500  579.00398 1046 5844          -  535.80559      -   151 5706s
  4563  4501  548.92578  969 5298          -  535.89726      -   151 5711s
  4564  4502  537.64158  954 5464          -  535.89726      -   151 5727s
  4565  4503  536.36770  586 3640          -  536.36770      -   151 5785s
  4566  4503  536.60993  248 4998          -  536.60993      -   151 5797s
  4567  4504  576.68950  972 5151          -  536.71408      -   151 5806s
  4568  4505  536.84402  217 5481          -  536.84402      -   151 5813s
  4569  4505  572.14110  917 4836          -  536.93209      -   151 5817s
  4570  4506  536.99393  478 4506          -  536.99393      -   151 5820s
  4573  4508  537.00154  390 5013          -  537.00154      -   151 5826s
  4574  4509  577.22194  981 5007          -  537.00154      -   151 5859s
  4575  4509  537.82159  792 4108          -  537.82159      -   151 6080s
  4576  4510  537.94328  642 4775          -  537.94328      -   151 6091s
  4577  4511  552.39647   65 5249          -  538.02318      -   151 6099s
  4578  4511  568.95950  591 4612          -  538.04869      -   151 6103s
  4579  4512  538.07304  485 4619          -  538.07304      -   151 6106s
  4581  4513  538.08593   31 4604          -  538.08593      -   151 6110s
  4584  4515  576.50127  966 4638          -  538.09923      -   150 6131s
  4585  4516  568.30138 1117 3487          -  538.82477      -   150 6198s
  4586  4517  538.97767  813 4964          -  538.97767      -   150 6209s
  4587  4517  577.30556 1001 5581          -  539.07089      -   150 6218s
  4588  4518  570.89960  632 5377          -  539.09844      -   150 6221s
  4590  4519  539.11513  508 4940          -  539.11513      -   150 6226s
  4592  4521  566.75954  534 4998          -  539.11806      -   150 6230s
  4593  4521  569.00884  594 4972          -  539.11806      -   150 6258s
  4594  4522  539.67506  639 3701          -  539.67506      -   150 6308s
  4595  4523  539.76896  869 5108          -  539.76896      -   150 6314s
  4596  4523  572.14110  917 5156          -  539.78870      -   150 6319s
  4597  4524  553.85279 1160 5911          -  539.81735      -   150 6323s
  4599  4525  539.84140  737 5000          -  539.84140      -   150 6326s
  4600  4526  539.84140   19 5127          -  539.84140      -   150 6342s
  4601  4527  540.36490  601 3806          -  540.36490      -   150 6401s
  4602  4527  562.15138  965 4415          -  540.71682      -   150 6409s
  4603  4528  540.77175  227 4526          -  540.77175      -   150 6413s
  4604  4529  555.42578  836 4530          -  540.81466      -   150 6416s
  4608  4531  540.82736  146 4417          -  540.82736      -   150 6439s
  4609  4532  540.99807  913 3869          -  540.99807      -   150 6488s
  4610  4533  541.05602  182 4684          -  541.05602      -   150 6492s
  4613  4535  578.66124 1027 4509          -  541.08880      -   149 6496s
  4615  4536  588.20095  683 4359          -  541.09010      -   149 6515s
  4616  4537  549.00502  997 4345          -  541.21624      -   149 6561s
  4617  4537  553.46316  629 4495          -  541.26034      -   149 6565s
  4622  4541  541.26646  579 4474          -  541.26646      -   149 6587s
  4623  4541  541.39593  537 4395          -  541.39593      -   149 6631s
  4626  4543  541.62717  122 4341          -  541.62717      -   149 6635s
  4631  4547  541.63532  327 4511          -  541.63532      -   149 6651s
  4632  4547  552.77860   77 4897          -  541.77988      -   149 6700s
  4635  4549  579.21342 1054 4462          -  541.87946      -   149 6705s
  4637  4551  541.88199  546 4336          -  541.88199      -   149 6726s
  4638  4551  541.95385  658 4087          -  541.95385      -   149 6765s
  4639  4552  541.97818  213 5004          -  541.97818      -   149 6773s
  4640  4553  558.96520  735 5114          -  541.99291      -   149 6778s
  4641  4553  542.00403  351 5269          -  542.00403      -   149 6780s
  4645  4556  542.00617  291 5235          -  542.00617      -   148 6801s
  4646  4557  542.10421   70 4606          -  542.10421      -   148 6845s
  4647  4557  562.51653  157 5409          -  542.17528      -   148 6860s
  4650  4559  542.19082  294 5204          -  542.19082      -   148 6865s
  4652  4561  542.19115  385 5205          -  542.19115      -   148 6894s
  4653  4561  562.77698 1004 3773          -  542.69279      -   148 6948s
  4654  4562  565.54406  482 4777          -  542.76566      -   148 6953s
  4655  4563  542.82481  416 5161          -  542.82481      -   148 6956s
  4659  4565  565.93804  476 5250          -  542.84015      -   148 6986s
  4660  4566  543.10070   20 4824          -  543.10070      -   148 7027s
  4662  4567  543.23827  424 5131          -  543.23827      -   148 7031s
  4667  4571  576.68950  972 5249          -  543.25476      -   148 7035s
  4668  4571  543.25477  217 5255          -  543.25477      -   148 7055s
  4669  4572  572.14110  917 4594          -  543.56271      -   148 7089s
  4670  4573  543.60215  478 5092          -  543.60215      -   148 7093s
  4671  4573  559.54371  196 5825          -  543.61141      -   148 7104s
  4672  4574  543.63070   25 5739          -  543.63070      -   148 7106s
  4677  4577  552.39647   65 5767          -  543.64070      -   147 7128s
  4678  4578  568.95950  591 4891          -  543.75626      -   147 7177s
  4679  4579  543.86250  485 5055          -  543.86250      -   147 7182s
  4681  4580  543.89450   31 5218          -  543.89450      -   147 7185s

Cutting planes:
  Gomory: 9
  Cover: 224
  Implied bound: 35
  Projected implied bound: 73
  Clique: 155
  MIR: 114
  StrongCG: 16
  Flow cover: 347
  GUB cover: 308
  Zero half: 109
  RLT: 197
  Relax-and-lift: 47

Explored 4684 nodes (2017902 simplex iterations) in 7201.69 seconds (5572.28 work units)
Thread count was 4 (of 8 available processors)

Solution count 0

Time limit reached
Best objective -, best bound 5.439003308207e+02, gap -
