
Gurobi 13.0.2 (linux64) logging started Tue Jul  7 00:58:59 2026

Set parameter LogFile to value "src/Resultados/Restriccion demanda/logs/RC107-50.xml_log.log"
Set parameter Threads to value 4
Gurobi Optimizer version 13.0.2 build v13.0.2rc1 (linux64 - "Rocky Linux 9.7 (Blue Onyx)")

CPU model: QEMU Virtual CPU version 2.5+, instruction set [SSE2]
Thread count: 8 physical cores, 8 logical processors, using up to 4 threads

Non-default parameters:
TimeLimit  7200
Threads  4

Optimize a model with 145275 rows, 91590 columns and 2670600 nonzeros (Min)
Model fingerprint: 0x26894087
Model has 21525 linear objective coefficients
Variable types: 17670 continuous, 73920 integer (73905 binary)
Coefficient statistics:
  Matrix range     [1e+00, 4e+04]
  Objective range  [1e+00, 8e+01]
  Bounds range     [1e+00, 2e+03]
  RHS range        [1e+00, 4e+04]

Presolve removed 17100 rows and 90 columns (presolve time = 5s)...
Presolve removed 41725 rows and 300 columns (presolve time = 10s)...
Presolve removed 41785 rows and 345 columns
Presolve time: 13.46s
Presolved: 103490 rows, 91245 columns, 524670 nonzeros
Variable types: 750 continuous, 90495 integer (79620 binary)
Deterministic concurrent LP optimizer: primal simplex, dual simplex, and barrier
Showing barrier log only...

Root barrier log...

Ordering time: 2.36s

Barrier statistics:
 Dense cols : 15
 AA' NZ     : 1.828e+06
 Factor NZ  : 7.175e+06 (roughly 140 MB of memory)
 Factor Ops : 1.823e+09 (less than 1 second per iteration)
 Threads    : 1

                  Objective                Residual
Iter       Primal          Dual         Primal    Dual     Compl     Time
   0   1.13913214e+06 -1.27261746e+06  6.25e+04 1.11e-16  1.13e+02    22s
   1   3.75780913e+05 -1.43263645e+06  2.06e+04 6.80e-01  4.17e+01    23s
   2   1.31918825e+05 -1.07400851e+06  8.02e+03 7.09e-02  1.49e+01    23s
   3   2.37243421e+04 -3.45996343e+05  1.30e+03 1.02e-14  2.81e+00    24s
   4   8.55012189e+03 -5.88740249e+04  4.17e+02 4.88e-15  5.81e-01    25s
   5   2.28613867e+03 -1.59493544e+04  6.66e+01 3.44e-15  1.11e-01    25s
   6   1.37944212e+03 -4.47263585e+03  3.83e+00 2.96e-14  2.53e-02    26s
   7   9.29501744e+02 -9.74750153e+02  7.04e-01 7.65e-15  7.87e-03    27s
   8   5.39642677e+02  1.55173203e+02  4.50e-02 4.54e-15  1.54e-03    28s
   9   4.73225052e+02  4.43889696e+02  3.11e-04 4.77e-15  1.17e-04    29s
  10   4.68785874e+02  4.68194943e+02  2.20e-06 1.14e-15  2.35e-06    29s
  11   4.68700215e+02  4.68699484e+02  1.55e-09 2.66e-15  2.90e-09    30s
  12   4.68700000e+02  4.68699999e+02  2.42e-10 3.39e-15  2.90e-12    31s

Barrier solved model in 12 iterations and 30.65 seconds (11.85 work units)
Optimal objective 4.68700000e+02


Root crossover log...

    7025 DPushes remaining with DInf 0.0000000e+00                32s
       0 DPushes remaining with DInf 0.0000000e+00                32s

   36794 PPushes remaining with PInf 0.0000000e+00                32s
       0 PPushes remaining with PInf 0.0000000e+00                34s

  Push phase complete: Pinf 0.0000000e+00, Dinf 1.5565327e-13     34s


Root simplex log...

Iteration    Objective       Primal Inf.    Dual Inf.      Time
   43747    4.6870000e+02   0.000000e+00   0.000000e+00     34s
Crossover time: 3.82 seconds (1.16 work units)
Concurrent spin time: 0.01s

Solved with barrier

Root relaxation: objective 4.687000e+02, 43747 iterations, 17.14 seconds (5.75 work units)

    Nodes    |    Current Node    |     Objective Bounds      |     Work
 Expl Unexpl |  Obj  Depth IntInf | Incumbent    BestBd   Gap | It/Node Time

     0     0  468.70000    0 9482          -  468.70000      -     -   55s
     0     0  468.70000    0 8820          -  468.70000      -     -   57s
     0     0  468.70000    0 8323          -  468.70000      -     -   58s
     0     0  468.70000    0 12536          -  468.70000      -     -   83s
     0     0  468.70000    0 11690          -  468.70000      -     -   89s
     0     0  468.70000    0 11187          -  468.70000      -     -  108s
     0     0  468.70000    0 11187          -  468.70000      -     -  108s
     0     0  468.70000    0 6850          -  468.70000      -     -  129s
     0     0  468.70000    0 7091          -  468.70000      -     -  147s
     0     0  468.70000    0 6628          -  468.70000      -     -  150s
     0     0  468.70000    0 11634          -  468.70000      -     -  167s
     0     0  468.70000    0 11629          -  468.70000      -     -  167s
     0     0  468.70000    0 2533          -  468.70000      -     -  200s
     0     0  468.70000    0 8323          -  468.70000      -     -  212s
     0     0  468.70000    0 8376          -  468.70000      -     -  212s
     0     0  468.70000    0 8072          -  468.70000      -     -  223s
     0     0  468.70000    0 8072          -  468.70000      -     -  223s
     0     0  468.70000    0 4376          -  468.70000      -     -  248s
     0     0  468.70000    0 4716          -  468.70000      -     -  251s
     0     0  468.70000    0 4460          -  468.70000      -     -  254s
     0     0  468.70000    0 4452          -  468.70000      -     -  254s
     0     0  468.70000    0 4452          -  468.70000      -     -  254s
     0     0  468.70000    0 4452          -  468.70000      -     -  254s
     0     0  468.70000    0 4452          -  468.70000      -     -  254s
     0     0  468.70000    0 6187          -  468.70000      -     -  262s
     0     0  468.70000    0 6326          -  468.70000      -     -  262s
     0     0  468.70000    0 2835          -  468.70000      -     -  282s
     0     0  468.70000    0 5451          -  468.70000      -     -  289s
     0     0  468.70000    0 5086          -  468.70000      -     -  289s
     0     0  468.70000    0 8360          -  468.70000      -     -  303s
     0     0  468.70000    0 8043          -  468.70000      -     -  304s
     0     0  468.70000    0 4841          -  468.70000      -     -  337s
     0     0  468.78179    0 7477          -  468.78179      -     -  344s
     0     0  468.78179    0 7595          -  468.78179      -     -  345s
     0     0  468.78179    0 7595          -  468.78179      -     -  346s
     0     0  469.64212    0 10466          -  469.64212      -     -  365s
     0     0  469.64212    0 10478          -  469.64212      -     -  365s
     0     0  469.64212    0 4014          -  469.64212      -     -  393s
     0     0  469.64212    0 8450          -  469.64212      -     -  405s
     0     0  469.64212    0 8381          -  469.64212      -     -  408s
     0     0  470.31746    0 8770          -  470.31746      -     -  417s
     0     0  470.31746    0 8734          -  470.31746      -     -  418s
     0     0  470.32528    0 8491          -  470.32528      -     -  430s
     0     0  470.32528    0 8491          -  470.32528      -     -  430s
     0     0  470.33281    0 7996          -  470.33281      -     -  431s
     0     0  470.33281    0 7050          -  470.33281      -     -  435s
     0     0  471.76746    0 7141          -  471.76746      -     -  442s
     0     0  471.76746    0 7141          -  471.76746      -     -  443s
     0     0  471.76746    0 7954          -  471.76746      -     -  447s
     0     0  471.76746    0 7954          -  471.76746      -     -  447s
     0     0  471.85000    0 7951          -  471.85000      -     -  454s
     0     0  471.85000    0 7915          -  471.85000      -     -  454s
     0     0  471.85000    0 7415          -  471.85000      -     -  511s
     0     0  471.85000    0 8031          -  471.85000      -     -  522s
     0     0  471.85000    0 8082          -  471.85000      -     -  522s
     0     0  471.85000    0 6863          -  471.85000      -     -  525s
     0     0  471.88155    0 9097          -  471.88155      -     -  533s
     0     0  471.88155    0 9027          -  471.88155      -     -  534s
     0     0  471.88155    0 3802          -  471.88155      -     -  591s
     0     0  471.95971    0 5623          -  471.95971      -     -  604s
     0     0  471.95971    0 5623          -  471.95971      -     -  604s
     0     0  471.95971    0 6191          -  471.95971      -     -  606s
     0     0  471.95971    0 6188          -  471.95971      -     -  607s
     0     0  472.27938    0 6673          -  472.27938      -     -  614s
     0     0  472.27938    0 6674          -  472.27938      -     -  615s
     0     0  472.33048    0 6210          -  472.33048      -     -  619s
     0     0  472.33048    0 5242          -  472.33048      -     -  621s
     0     0  472.33048    0 5242          -  472.33048      -     -  621s
     0     0  472.57420    0 7830          -  472.57420      -     -  627s
     0     0  472.57420    0 7828          -  472.57420      -     -  627s
     0     0  472.63363    0 6806          -  472.63363      -     -  631s
     0     0  472.63363    0 7252          -  472.63363      -     -  633s
     0     0  472.91922    0 8042          -  472.91922      -     -  639s
     0     0  472.91922    0 7995          -  472.91922      -     -  640s
     0     0  472.91922    0 7936          -  472.91922      -     -  644s
     0     0  473.43712    0 5803          -  473.43712      -     -  654s
     0     0  473.43712    0 5839          -  473.43712      -     -  655s
     0     0  473.47455    0 6718          -  473.47455      -     -  659s
     0     0  473.47455    0 6091          -  473.47455      -     -  661s
     0     0  473.91972    0 6834          -  473.91972      -     -  666s
     0     0  473.91972    0 5462          -  473.91972      -     -  671s
     0     0  473.92324    0 8441          -  473.92324      -     -  680s
     0     0  473.92324    0 8408          -  473.92324      -     -  680s
     0     0  473.92324    0 9604          -  473.92324      -     -  687s
     0     0  473.92324    0 9591          -  473.92324      -     -  687s
     0     0  474.37844    0 8532          -  474.37844      -     -  697s
     0     0  474.37844    0 9184          -  474.37844      -     -  703s
     0     0  474.37844    0 9164          -  474.37844      -     -  703s
     0     0  474.41785    0 10438          -  474.41785      -     -  713s
     0     0  474.41785    0 10438          -  474.41785      -     -  714s
     0     0  474.44792    0 7443          -  474.44792      -     -  718s
     0     0  474.44792    0 7417          -  474.44792      -     -  719s
     0     0  474.44792    0 8422          -  474.44792      -     -  721s
     0     0  476.86961    0 7888          -  476.86961      -     -  731s
     0     0  476.86961    0 8317          -  476.86961      -     -  737s
     0     0  477.53818    0 9236          -  477.53818      -     -  747s
     0     0  477.53818    0 9208          -  477.53818      -     -  748s
     0     0  477.53818    0 6656          -  477.53818      -     -  751s
     0     0  477.53818    0 6517          -  477.53818      -     -  751s
     0     0  477.74288    0 5746          -  477.74288      -     -  758s
     0     0  477.74288    0 7361          -  477.74288      -     -  764s
     0     0  477.74288    0 7325          -  477.74288      -     -  764s
     0     0  478.14509    0 6737          -  478.14509      -     -  771s
     0     0  478.14509    0 6443          -  478.14509      -     -  774s
     0     0  478.22009    0 8948          -  478.22009      -     -  782s
     0     0  478.45009    0 7415          -  478.45009      -     -  786s
     0     0  478.45009    0 6184          -  478.45009      -     -  789s
     0     0  478.45009    0 7211          -  478.45009      -     -  797s
     0     0  478.45009    0 8075          -  478.45009      -     -  801s
     0     0  478.68380    0 9761          -  478.68380      -     -  809s
     0     0  478.68380    0 9240          -  478.68380      -     -  811s
     0     0  478.68380    0 9224          -  478.68380      -     -  811s
     0     0  478.68380    0 7899          -  478.68380      -     -  817s
     0     0  478.68380    0 7878          -  478.68380      -     -  817s
     0     0  478.68380    0 8224          -  478.68380      -     -  828s
     0     0  478.68380    0 6715          -  478.68380      -     -  834s
     0     0  479.91333    0 8731          -  479.91333      -     -  843s
     0     0  479.91333    0 8731          -  479.91333      -     -  844s
     0     0  479.91333    0 2089          -  479.91333      -     -  884s
     0     0  479.91333    0 3941          -  479.91333      -     -  889s
     0     0  479.91333    0 3872          -  479.91333      -     -  890s
     0     0  480.17333    0 6426          -  480.17333      -     -  899s
     0     0  480.84000    0 6073          -  480.84000      -     -  905s
     0     0  480.84000    0 7619          -  480.84000      -     -  906s
     0     0  480.84000    0 7839          -  480.84000      -     -  915s
     0     0  480.84000    0 7816          -  480.84000      -     -  915s
     0     0  480.84000    0 5035          -  480.84000      -     -  919s
     0     0  480.84000    0 6938          -  480.84000      -     -  923s
     0     0  480.84000    0 6322          -  480.84000      -     -  928s
     0     0  480.84000    0 9687          -  480.84000      -     -  934s
     0     0  480.84000    0 9687          -  480.84000      -     -  935s
     0     0  480.84000    0 2338          -  480.84000      -     -  968s
     0     0  480.84000    0 9439          -  480.84000      -     -  994s
     0     0  480.84000    0 9441          -  480.84000      -     -  995s
     0     0  480.84000    0 8517          -  480.84000      -     - 1002s
     0     0  480.84000    0 8481          -  480.84000      -     - 1002s
     0     0  480.84000    0 1637          -  480.84000      -     - 1024s
     0     0  480.84000    0 5320          -  480.84000      -     - 1036s
     0     0  480.84000    0 5217          -  480.84000      -     - 1037s
     0     0  480.84000    0 8304          -  480.84000      -     - 1048s
     0     0  480.84000    0 8441          -  480.84000      -     - 1049s
     0     0  480.84000    0 8441          -  480.84000      -     - 1049s
     0     0  480.84000    0 2049          -  480.84000      -     - 1079s
     0     0  480.84000    0 6406          -  480.84000      -     - 1098s
     0     0  480.84000    0 6607          -  480.84000      -     - 1099s
     0     0  481.30000    0 4892          -  481.30000      -     - 1111s
     0     0  481.30000    0 5649          -  481.30000      -     - 1111s
     0     0  481.30000    0 5649          -  481.30000      -     - 1111s
     0     0  481.30000    0 1087          -  481.30000      -     - 1146s
     0     0  481.30000    0 2950          -  481.30000      -     - 1163s
     0     0  481.30000    0 3107          -  481.30000      -     - 1164s
     0     0  481.30000    0 4107          -  481.30000      -     - 1175s
     0     0  481.30000    0 4061          -  481.30000      -     - 1176s
     0     0  481.30000    0 4061          -  481.30000      -     - 1180s
     0     0  481.30000    0  359          -  481.30000      -     - 1198s
     0     2  481.30000    0  155          -  481.30000      -     - 1228s
     1     4  481.30000    1  153          -  481.30000      -   4.0 1234s
     3     8  481.30000    2 1188          -  481.30000      -  1991 1240s
     7    12  481.30000    3 1545          -  481.30000      -  1853 1248s
    11    25  481.30000    4 1545          -  481.30000      -  1258 1255s
    24    29  481.30000    6 2436          -  481.30000      -   906 1270s
    28    37  481.30000    7 3957          -  481.30000      -   791 1277s
    36    44  481.30000    8 4010          -  481.30000      -   811 1280s
    55    73  481.30000   15 4302          -  481.30000      -   738 1288s
    72    88  481.30000   21 3952          -  481.30000      -   658 1293s
    87   104  481.30000   25 2774          -  481.30000      -   601 1299s
   103   140  481.30000   26 2739          -  481.30000      -   585 1308s
   139   169  481.30000   29 3206          -  481.30000      -   529 1314s
   168   210  481.30000   33 2548          -  481.30000      -   472 1320s
   209   214  482.27000   52 2155          -  481.30000      -   420 1331s
   213   218  482.63750   53 2162          -  481.30000      -   419 1344s
   217   222  482.70000   54 2158          -  481.30000      -   419 1356s
   221   226  482.78333   55 2153          -  481.30000      -   425 1367s
   225   230  482.78333   56 2155          -  481.30000      -   433 1380s
   229   234  482.80000   57 2142          -  481.30000      -   428 1392s
   233   238  482.80000   58 2138          -  481.30000      -   423 1408s
   237   242  483.15000   59 2155          -  481.30000      -   416 1440s
   241   246  485.10000   60 2152          -  481.30000      -   413 1452s
   245   250  483.15000   60 2157          -  481.30000      -   409 1467s
   249   260  483.42500   61 2149          -  481.30000      -   405 1494s
   259   282  483.45000   62 2136          -  481.30000      -   403 1570s
   281   312  483.45000   63 2152          -  481.30000      -   405 1588s
   311   363  483.45000   64 2150          -  481.30000      -   389 1609s
   362   367  483.45000   65 2127          -  481.30000      -   365 1684s
   366   374  483.45000   66 2133          -  481.30000      -   361 1818s
   373   399  483.45000   67 2131          -  481.30000      -   357 1897s
   398   481  483.45000   68 2145          -  481.30000      -   346 1927s
   480   602  483.45000   69 2160          -  481.30000      -   298 1944s
   601   724  486.87022  106 2387          -  481.30000      -   245 1955s
   723   835  508.61042  144 2065          -  481.30000      -   209 1966s
   844   937  509.83570  184 1988          -  481.30000      -   193 1975s
   946  1094  513.00391  226 1973          -  481.30000      -   177 1988s
  1103  1265  515.31019  273 1854          -  481.30000      -   157 1996s
  1278  1420 infeasible  327               -  481.30000      -   141 2005s
  1435  1586  482.90000   23 4001          -  481.30000      -   131 2014s
  1601  1782  482.90000   28 4087          -  481.30000      -   122 2023s
  1797  1933  483.15000   49 4199          -  481.30000      -   111 2032s
  1948  2083  483.15000   59 4245          -  481.30000      -   107 2041s
  2104  2242  483.15000   68 1993          -  481.30000      -   104 2050s
  2263  2437  483.96046   87 2294          -  481.30000      -   100 2059s
  2458  2658  484.34363  141 2237          -  481.30000      -  95.7 2068s
  2679  2893  484.54746  214 2092          -  481.30000      -  90.2 2078s
  2914  3098  486.20000  280 1671          -  481.30000      -  84.8 2087s
  3121  3275 infeasible  339               -  481.30000      -  81.5 2096s
  3311  3436  565.24680  366 1880          -  481.30000      -  79.6 2106s
  3522  3617  481.30000   24 5349          -  481.30000      -  79.8 2116s
  3704  3618  487.81206  223  359          -  481.30000      -  78.2 2269s
  3705  3619  482.80000   27  359          -  481.30000      -  78.2 2271s
  3706  3619  481.60000    4 3682          -  481.30000      -  78.2 2501s
  3707  3620  494.26095  593 3063          -  481.30000      -  78.2 2687s
  3708  3621  481.47433   24 1941          -  481.47433      -  78.1 2787s
  3709  3621  484.65000   80  661          -  482.19097      -  78.1 2843s
  3710  3622  484.30000  104 3657          -  482.43237      -  78.1 2927s
  3711  3623  487.43790  158 2724          -  482.43237      -  78.1 2967s
  3712  3623  492.65000  208 3727          -  482.55319      -  78.1 3044s
  3713  3624  511.85000 1108 2856          -  482.55319      -  78.0 3095s
  3714  3625  501.85000 1188 3764          -  483.06969      -  78.0 3153s
  3715  3625  491.85951  325 1288          -  483.06969      -  78.0 3195s
  3716  3626  484.70000   95 3771          -  484.49176      -  78.0 3289s
  3717  3627  521.26686  400 3011          -  484.53651      -  78.0 3425s
  3718  3627  526.20000  171 4506          -  484.56151      -  77.9 3481s
  3719  3628  484.56151   71 1104          -  484.56151      -  77.9 3543s
  3720  3629  485.19412  126 4353          -  484.56151      -  77.9 3623s
  3721  3629  519.85000 1243 1226          -  484.56761      -  77.9 3710s
  3722  3630  521.50463  421 3755          -  484.56761      -  77.9 3785s
  3723  3631  519.80000  262 1162          -  484.71761      -  77.8 3845s
  3724  3631  492.11824  588 3046          -  484.76377      -  77.8 3915s
  3725  3632  484.76377   37 2122          -  484.76377      -  77.8 3958s
  3726  3633  504.39725  316 3498          -  484.87083      -  77.8 3999s
  3727  3633  518.95000  882 1654          -  484.87149      -  77.7 4064s
  3728  3634  487.41553  218 2927          -  484.91622      -  77.7 4091s
  3729  3635  512.70000  531 2554          -  484.93028      -  77.7 4348s
  3730  3635  518.95000  253 3397          -  484.93371      -  77.7 4378s
  3731  3636  492.08447  618 4020          -  485.07643      -  77.7 4443s
  3732  3637  487.45000  115 4192          -  485.18513      -  77.6 4481s
  3733  3637  485.18513    4 3225          -  485.18513      -  77.6 4522s
  3734  3638  520.63048  422 3745          -  485.64055      -  77.6 4561s
  3735  3639  486.25861  133 3315          -  486.25861      -  77.6 4622s
  3736  3639  487.07165  136 4056          -  487.07165      -  77.6 4676s
  3737  3640  487.55000  109  859          -  487.33333      -  77.5 4724s
  3738  3641  526.98784   88 2527          -  487.46500      -  77.5 4770s
  3739  3641  491.38852  313  716          -  487.46500      -  77.5 4836s
  3740  3642  487.46500  145 2618          -  487.46500      -  77.5 4902s
  3741  3643  487.46500   98 1986          -  487.46500      -  77.5 4951s
  3742  3643  501.35000 1166 4945          -  487.60273      -  77.4 5021s
  3743  3644  487.60273  102 2342          -  487.60273      -  77.4 5083s
  3744  3645  487.60273  153 3076          -  487.60273      -  77.4 5125s
  3745  3645  496.32625  598 2018          -  487.60517      -  77.4 5179s
  3746  3646  508.95620  620 3378          -  487.75667      -  77.4 5228s
  3747  3647  487.75667  110 2727          -  487.75667      -  77.3 5290s
  3748  3647  487.75667  126 3539          -  487.75667      -  77.3 5309s
  3749  3648  523.60000  438 2298          -  487.75667      -  77.3 5357s
  3750  3649  497.35000  429 2272          -  487.79000      -  77.3 5376s
  3751  3649  488.15000  166 2085          -  487.84000      -  77.3 5475s
  3752  3650  488.32347  181 2830          -  487.84000      -  77.2 5528s
  3753  3651  524.00000  201 2100          -  487.84364      -  77.2 5601s
  3754  3651  488.14768   45 3970          -  488.14768      -  77.2 5645s
  3755  3652  494.77639  453 3608          -  488.14768      -  77.2 5682s
  3756  3653  488.14768  150 4078          -  488.14768      -  77.1 5705s
  3757  3653  522.49680  378 2842          -  488.23653      -  77.1 5752s
  3758  3654  493.40772  867 1928          -  488.62500      -  77.1 5797s
  3759  3655  518.55000  888  974          -  488.62500      -  77.1 5859s
  3760  3655  522.98918  449 2358          -  488.62500      -  77.1 5885s
  3761  3656  527.07260  607 2166          -  488.62500      -  77.0 5929s
  3762  3657  513.17643  390 2164          -  488.62500      -  77.0 5954s
  3763  3657  490.69456  356 1731          -  488.71667      -  77.0 6001s
  3764  3658  527.60000  434 2114          -  488.72523      -  77.0 6018s
  3765  3659  521.26414  435 1415          -  488.75023      -  77.0 6072s
  3766  3659  488.77204  184 4179          -  488.77204      -  76.9 6116s
  3767  3660  518.95000 1118 3193          -  488.77204      -  76.9 6174s
  3768  3661  488.77204   28 3270          -  488.77204      -  76.9 6196s
  3769  3661  488.77204  101 2505          -  488.77204      -  76.9 6247s
  3770  3662  568.88673  383 4243          -  488.78581      -  76.9 6276s
  3771  3663  519.85000 1243 1602          -  488.78699      -  76.8 6320s
  3772  3663  501.35000  815 1874          -  488.78699      -  76.8 6329s
  3773  3664  494.71918  452 1834          -  488.78699      -  76.8 6368s
  3774  3665  527.60000  312 3079          -  488.83531      -  76.8 6398s
  3775  3665  488.83771   41 2337          -  488.83771      -  76.8 6451s
  3776  3666  520.40000  425 3721          -  488.83771      -  76.7 6463s
  3777  3667  521.40000 1155 2742          -  488.83771      -  76.7 6509s
  3778  3667  500.78230  236 2747          -  488.83771      -  76.7 6518s
  3779  3668  530.57016  135 2267          -  488.83910      -  76.7 6554s
  3780  3669  494.35000  307 3127          -  488.83910      -  76.7 6567s
  3781  3669  488.84098   26 1591          -  488.84098      -  76.6 6620s
  3782  3670  490.05000  234 3025          -  488.84263      -  76.6 6631s
  3783  3671  519.80000  220  901          -  488.85142      -  76.6 6674s
  3784  3671  521.55000  330 2138          -  488.85142      -  76.6 6693s
  3785  3672  488.85301   37 3020          -  488.85301      -  76.6 6755s
  3786  3673  517.85000  252 3815          -  488.85495      -  76.5 6772s
  3787  3673  522.98918  446 1800          -  488.87995      -  76.5 6825s
  3788  3674  488.89500   53 2955          -  488.89500      -  76.5 6839s
  3789  3675  491.40368  534 1568          -  488.89535      -  76.5 6892s
  3790  3675  488.89535  139 3563          -  488.89535      -  76.5 6905s
  3791  3676  488.89746  161 1910          -  488.89746      -  76.4 6973s
  3792  3677  499.80786  421 2349          -  488.89795      -  76.4 6995s
  3793  3677  488.89795  185 1519          -  488.89795      -  76.4 7040s
  3794  3678  497.45709 1219 3561          -  488.90905      -  76.4 7069s
  3795  3679  488.90905  171 2112          -  488.90905      -  76.4 7116s
  3796  3679  488.91751   82 2826          -  488.91751      -  76.3 7146s
  3797  3680  521.90000 1105 2012          -  488.91751      -  76.3 7185s

Cutting planes:
  Learned: 7
  Gomory: 20
  Cover: 261
  Implied bound: 56
  Projected implied bound: 14
  Clique: 11
  MIR: 529
  Mixing: 1
  Knapsack: 11
  StrongCG: 15
  Flow cover: 520
  GUB cover: 148
  Zero half: 140
  RLT: 176
  Relax-and-lift: 61

Explored 3798 nodes (2523276 simplex iterations) in 7202.35 seconds (4811.89 work units)
Thread count was 4 (of 8 available processors)

Solution count 0

Time limit reached
Best objective -, best bound 4.890000000000e+02, gap -
