
Gurobi 13.0.2 (linux64) logging started Mon Jul  6 04:46:49 2026

Set parameter LogFile to value "src/Resultados/Restriccion demanda/logs/RC102-50.xml_log.log"
Set parameter Threads to value 4
Gurobi Optimizer version 13.0.2 build v13.0.2rc1 (linux64 - "Rocky Linux 9.7 (Blue Onyx)")

CPU model: QEMU Virtual CPU version 2.5+, instruction set [SSE2]
Thread count: 8 physical cores, 8 logical processors, using up to 4 threads

Non-default parameters:
TimeLimit  7200
Threads  4

Optimize a model with 145536 rows, 90195 columns and 2293590 nonzeros (Min)
Model fingerprint: 0x724a434a
Model has 17970 linear objective coefficients
Variable types: 18210 continuous, 71985 integer (71970 binary)
Coefficient statistics:
  Matrix range     [1e+00, 4e+04]
  Objective range  [1e+00, 8e+01]
  Bounds range     [1e+00, 2e+03]
  RHS range        [1e+00, 4e+04]

Presolve removed 0 rows and 0 columns (presolve time = 6s)...
Presolve removed 41755 rows and 240 columns (presolve time = 10s)...
Presolve removed 43465 rows and 390 columns (presolve time = 15s)...
Presolve removed 43510 rows and 435 columns
Presolve time: 16.78s
Presolved: 102026 rows, 89760 columns, 496875 nonzeros
Variable types: 750 continuous, 89010 integer (78135 binary)
Deterministic concurrent LP optimizer: primal and dual simplex
Showing primal log only...


Root simplex log...

Iteration    Objective       Primal Inf.    Dual Inf.      Time
       0    4.8331000e+03   3.405025e+03   6.396872e+10     22s
   27461    3.2636111e+02   3.818202e+02   5.057380e+09     25s
   37177    3.7602961e+02   2.920126e+02   4.946053e+10     30s
   44905    4.6305610e+02   2.266114e+02   4.687130e+10     35s
   49215    4.5330274e+02   1.541959e+02   7.605626e+09     40s
   53175    4.2665338e+02   1.196081e+02   7.002679e+09     45s
   55865    3.9988383e+02   8.706556e+01   5.713329e+10     50s
   58525    3.8122893e+02   5.029790e+01   3.263593e+10     55s
   61035    3.8103869e+02   1.817656e+01   8.338268e+10     60s
   63365    4.4983165e+02   1.177753e+01   6.441352e+09     65s
   66236    4.7009028e+02   9.006175e+00   1.348481e+10     70s
   69296    4.7995505e+02   7.064876e+00   7.393707e+09     75s
   72536    6.9717034e+02   2.992148e+00   8.281976e+09     80s
   76340    7.0997134e+02   2.712194e-01   1.620106e+08     85s
   80300    6.0606739e+02   0.000000e+00   5.215468e+05     90s
   83180    5.4284279e+02   0.000000e+00   3.491199e+05     95s
   85520    5.2678089e+02   0.000000e+00   8.303473e+02    100s
   87640    5.1725366e+02   0.000000e+00   3.543452e+05    105s
   89860    5.1305822e+02   0.000000e+00   1.441766e+05    110s
   91527    5.1140000e+02   2.838110e+03   0.000000e+00    116s
   93835    5.1140000e+02   2.146119e+02   0.000000e+00    120s
   95572    5.1140000e+02   0.000000e+00   0.000000e+00    125s
Concurrent spin time: 22.99s (can be avoided by choosing Method=3)

Solved with primal simplex

Root relaxation: objective 5.114000e+02, 95572 iterations, 127.50 seconds (74.01 work units)

    Nodes    |    Current Node    |     Objective Bounds      |     Work
 Expl Unexpl |  Obj  Depth IntInf | Incumbent    BestBd   Gap | It/Node Time

     0     0  511.40000    0 3885          -  511.40000      -     -  175s
     0     0  511.40000    0 5006          -  511.40000      -     -  179s
     0     0  511.40000    0 5862          -  511.40000      -     -  216s
     0     0  511.40000    0 6716          -  511.40000      -     -  221s
     0     0  511.40000    0 6731          -  511.40000      -     -  221s
     0     0  511.40000    0 8340          -  511.40000      -     -  244s
     0     0  511.40000    0 9801          -  511.40000      -     -  284s
     0     0  511.40000    0 9748          -  511.40000      -     -  284s
     0     0  511.40000    0 1640          -  511.40000      -     -  331s
     0     0  511.40000    0 2777          -  511.40000      -     -  343s
     0     0  511.40000    0 9259          -  511.40000      -     -  382s
     0     0  511.40000    0 9259          -  511.40000      -     -  382s
     0     0  511.40000    0 2230          -  511.40000      -     -  401s
     0     0  511.40000    0 3379          -  511.40000      -     -  413s
     0     0  511.40000    0 6190          -  511.40000      -     -  432s
     0     0  511.40000    0 6190          -  511.40000      -     -  432s
     0     0  511.40000    0 3937          -  511.40000      -     -  456s
     0     0  511.40000    0 4235          -  511.40000      -     -  462s
     0     0  511.40000    0 3709          -  511.40000      -     -  463s
     0     0  511.40000    0 3712          -  511.40000      -     -  463s
     0     0  511.40000    0 5894          -  511.40000      -     -  477s
     0     0  511.40000    0 5896          -  511.40000      -     -  477s
     0     0  511.40000    0 2615          -  511.40000      -     -  504s
     0     0  511.40000    0 5306          -  511.40000      -     -  515s
     0     0  511.40000    0 5640          -  511.40000      -     -  516s
     0     0  511.40000    0 5638          -  511.40000      -     -  516s
     0     0  511.73011    0 6036          -  511.73011      -     -  524s
     0     0  511.73011    0 6036          -  511.73011      -     -  524s
     0     0  511.73011    0 4293          -  511.73011      -     -  544s
     0     0  511.90935    0 4881          -  511.90935      -     -  553s
     0     0  511.90935    0 5799          -  511.90935      -     -  554s
     0     0  513.47806    0 8101          -  513.47806      -     -  567s
     0     0  513.53903    0 7385          -  513.53903      -     -  574s
     0     0  513.66162    0 6973          -  513.66162      -     -  577s
     0     0  513.67820    0 7039          -  513.67820      -     -  577s
     0     0  513.67820    0 6774          -  513.67820      -     -  578s
     0     0  519.40487    0 7170          -  519.40487      -     -  586s
     0     0  519.40487    0 7093          -  519.40487      -     -  586s
     0     0  519.40505    0 8138          -  519.40505      -     -  596s
     0     0  519.40505    0 8138          -  519.40505      -     -  596s
     0     0  522.28411    0 11061          -  522.28411      -     -  610s
     0     0  522.32592    0 11232          -  522.32592      -     -  616s
     0     0  522.32592    0 10540          -  522.32592      -     -  617s
     0     0  522.36561    0 9986          -  522.36561      -     -  654s
     0     0  522.36561    0 9404          -  522.36561      -     -  663s
     0     0  524.77890    0 7617          -  524.77890      -     -  691s
     0     0  524.77890    0 7583          -  524.77890      -     -  692s
     0     0  524.77890    0 8873          -  524.77890      -     -  709s
     0     0  524.77890    0 8836          -  524.77890      -     -  710s
     0     0  524.78469    0 11520          -  524.78469      -     -  730s
     0     0  524.78469    0 11488          -  524.78469      -     -  731s
     0     0  524.78889    0 8061          -  524.78889      -     -  743s
     0     0  524.78889    0 7261          -  524.78889      -     -  745s
     0     0  524.79594    0 8456          -  524.79594      -     -  766s
     0     0  524.79594    0 9036          -  524.79594      -     -  768s
     0     0  524.79594    0 8710          -  524.79594      -     -  768s
     0     0  524.79594    0 8710          -  524.79594      -     -  771s
     0     0  524.79594    0 4133          -  524.79594      -     -  803s
     0     2  526.34594    0 3444          -  526.34594      -     -  841s
     1     4  526.34594    1 4117          -  526.34594      -   794  846s
     3     8  526.34594    2 5999          -  526.34594      -  1965  854s
     7    12  526.34594    3 5370          -  526.34594      -  1391  867s
    11    16  526.34594    4 5353          -  526.34594      -  1572  877s
    15    20  526.34594    5 3764          -  526.34594      -  1222  888s
    19    24  526.34594    6 3995          -  526.34594      -  1052  901s
    23    28  526.34594    7 3561          -  526.34594      -   892  912s
    27    32  526.34594    8 3519          -  526.34594      -   810  925s
    31    36  526.34594    9 3792          -  526.34594      -   767  943s
    35    40  526.34594   10 4513          -  526.34594      -   731  964s
    39    43  526.34594   11 4235          -  526.34594      -   685  997s
    43    47  527.87950   12 5105          -  526.34594      -   673 1048s
    47    51  526.34594   12 4552          -  526.34594      -   702 1094s
    51    55  526.34594   13 4556          -  526.34594      -   659 1159s
    55    71  526.34594   14 4811          -  526.34594      -   626 1220s
    71   171  526.34594   16 5708          -  526.34594      -   617 1281s
   171   271  526.34594   39 4766          -  526.34594      -   535 1295s
   271   362  526.34594   62 7607          -  526.34594      -   422 1306s
   366   420  527.11791   86 6424          -  526.34594      -   359 1314s
   424   480  528.41316  101 5393          -  526.34594      -   344 1321s
   486   541  528.49649  123 5285          -  526.34594      -   319 1328s
   549   581  528.70166  142 5098          -  526.34594      -   297 1336s
   589   629  528.70166  156 4674          -  526.34594      -   295 1343s
   637   688  529.24916  170 5699          -  526.34594      -   286 1351s
   702   755  530.02236  188 5151          -  526.34594      -   274 1358s
   769   810  530.57263  204 4739          -  526.34594      -   263 1366s
   824   854  535.73190  224 5287          -  526.34594      -   262 1372s
   868   927  547.58425  239 5277          -  526.34594      -   263 1380s
   941  1007  577.89367  244 5182          -  526.34594      -   254 1387s
  1022  1065  567.02466  260 5407          -  526.34594      -   244 1397s
  1080  1076  565.56742  285 5482          -  526.34594      -   244 1511s
  1091  1080  566.15326  286 5392          -  526.34594      -   243 1639s
  1095  1093  565.56742  286 4968          -  526.34594      -   242 1755s
  1114  1112  565.56742  287 5263          -  526.34594      -   247 1849s
  1133  1141  565.56742  288 5263          -  526.34594      -   251 1938s
  1162  1201  565.58607  289 4686          -  526.34594      -   252 2046s
  1222  1272  565.58607  290 4877          -  526.34594      -   247 2135s
  1293  1369  565.60906  291 5377          -  526.34594      -   238 2215s
  1390  1561  565.96524  339 5698          -  526.34594      -   233 2234s
  1582  1725  590.99006  386 5809          -  526.34594      -   220 2252s
  1746  1963  566.94495  410 5522          -  526.34594      -   209 2268s
  1984  2064  567.61292  438 4977          -  526.34594      -   190 2282s
  2085  2283  569.87768  464 6522          -  526.34594      -   184 2297s
  2304  2491  571.01433  504 7374          -  526.34594      -   173 2312s
  2524  2728  580.78102  536 4157          -  526.34594      -   163 2328s
  2761  2907  574.64321  589 4575          -  526.34594      -   154 2343s
  2940  3109  575.96949  622 4592          -  526.34594      -   151 2360s
  3142  3376  577.21750  666 4961          -  526.34594      -   146 2380s
  3411  3645  581.05418  742 5160          -  526.34594      -   138 2397s
  3687  3869  584.98065  790 4428          -  526.34594      -   133 2414s
  3929  3993  530.02826    7 6009          -  526.34594      -   132 2440s
  4085  4143  528.99337    7 6896          -  526.34594      -   136 2458s
  4238  4144  556.32122  781 4133          -  526.34594      -   137 2601s
  4240  4145  529.79929  184 4940          -  526.34594      -   137 2871s
  4241  4146  560.17630   90 4537          -  527.24390      -   137 2970s
  4242  4147  658.20978  274 6422          -  533.33482      -   137 3124s
  4243  4147  652.41055  132 6873          -  534.95175      -   137 3148s
  4244  4148  576.73706  630 6672          -  534.95175      -   136 3150s
  4245  4149  567.05700  415 6390          -  534.95175      -   136 3155s
  4246  4149  800.83729  585 6368          -  535.31804      -   136 3208s
  4247  4150  572.44975  540 3646          -  538.11872      -   136 3309s
  4248  4151  640.79782  118 4750          -  539.74471      -   136 3374s
  4249  4151  540.25817  534 5398          -  540.25817      -   136 3434s
  4250  4152  549.49618   28 4565          -  540.44990      -   136 3463s
  4251  4153  545.41822  477 5312          -  541.36927      -   136 3502s
  4252  4153  545.89351  602 4996          -  541.64222      -   136 3535s
  4253  4154  549.03703  554 5359          -  543.22320      -   136 3608s
  4255  4157  543.22320   99 4133          -  543.22320      -   198 3662s
  4257  4158  562.85069  119 4427          -  543.22320      -   197 3892s
  4258  4159  557.28889  498 4596          -  543.34616      -   197 3975s
  4259  4160  543.46305   57 4672          -  543.46305      -   197 3990s
  4260  4160  585.71787  806 4923          -  543.46305      -   197 4009s
  4261  4161  543.46305  297 5757          -  543.46305      -   197 4017s
  4262  4162  811.36204  645 5764          -  543.46305      -   197 4020s
  4263  4162  573.49477  548 5089          -  543.46305      -   197 4028s
  4264  4163  657.87552  269 4384          -  543.46305      -   197 4031s
  4265  4164  543.46305   28 4906          -  543.46305      -   197 4058s
  4266  4164  544.45986  355 5034          -  544.45986      -   197 4113s
  4267  4165  560.12967  899 6156          -  545.63724      -   197 4148s
  4268  4166  636.02293   67 6009          -  545.74803      -   197 4158s
  4269  4166  545.88681   48 5741          -  545.88681      -   197 4163s
  4270  4167  560.12967  899 5854          -  545.91958      -   197 4170s
  4272  4168  545.98336  125 5944          -  545.98336      -   197 4180s
  4273  4169  545.99053  204 5683          -  545.99053      -   197 4212s
  4274  4170  546.14094  296 4239          -  546.14094      -   197 4259s
  4275  4170  556.56064  797 3735          -  546.18274      -   197 4277s
  4276  4171  546.19699  562 4941          -  546.19699      -   197 4283s
  4277  4172  557.96847  823 4007          -  546.21926      -   197 4288s
  4278  4172  546.22275   44 4066          -  546.22275      -   197 4313s
  4279  4173  571.84789 1114 4936          -  546.35286      -   196 4350s
  4281  4174  548.49266  507 5025          -  546.43206      -   196 4356s
  4284  4176  657.91672  228 4485          -  546.46818      -   196 4373s
  4285  4177  559.30782  861 3682          -  546.76742      -   196 4404s
  4286  4178  546.85546  348 4874          -  546.85546      -   196 4410s
  4287  4178  546.88288  306 5094          -  546.88288      -   196 4415s
  4288  4179  653.62460  188 4638          -  546.88998      -   196 4434s
  4289  4180  546.99447  802 2836          -  546.99447      -   196 4475s
  4290  4180  569.68508   34 5428          -  547.17562      -   196 4493s
  4291  4181  757.13459  446 5078          -  547.20417      -   196 4496s
  4294  4183  549.98917  621 5055          -  547.35360      -   196 4515s
  4295  4184  547.59821  614 4649          -  547.59821      -   196 4564s
  4296  4184  616.85715 1191 5008          -  547.69726      -   196 4575s
  4298  4186  577.94254  673 5820          -  547.74693      -   196 4580s
  4300  4187  605.95267   43 5162          -  547.76958      -   196 4601s
  4301  4188  785.70667  522 3807          -  547.97093      -   195 4641s
  4302  4188  548.02601  279 5626          -  548.02601      -   195 4647s
  4304  4190  548.07552  399 5045          -  548.07552      -   195 4672s
  4305  4190  579.59975  697 3105          -  548.21121      -   195 4711s
  4306  4191  795.06622  572 3852          -  548.32424      -   195 4716s
  4308  4192  559.38889   37 4476          -  548.36434      -   195 4742s
  4309  4193  548.49896  712 4545          -  548.49896      -   195 4794s
  4310  4194  576.62749  644 4531          -  548.60425      -   195 4807s
  4311  4194  548.61946  669 4728          -  548.61946      -   195 4812s
  4312  4195  548.63228  183 4343          -  548.63228      -   195 4816s
  4313  4196  565.32464  264 4635          -  548.64003      -   195 4840s
  4314  4196  548.94579  280 3855          -  548.94579      -   195 4882s
  4315  4197  548.98829  501 4874          -  548.98829      -   195 4892s
  4317  4198  637.83885   87 4697          -  549.02122      -   195 4921s
  4318  4199  570.73067  472 3917          -  549.45449      -   195 5219s
  4319  4200  566.83984  395 4837          -  549.50985      -   195 5265s
  4321  4201  637.23455   72 4973          -  549.57689      -   195 5271s
  4322  4202  549.58123   21 4257          -  549.58123      -   195 5289s
  4323  4202  618.10226 1202 3995          -  549.92473      -   194 5343s
  4324  4203  564.62529   27 5182          -  549.94352      -   194 5351s
  4325  4204  576.63801  638 5666          -  549.95352      -   194 5357s
  4326  4204  549.97008  611 5262          -  549.97008      -   194 5360s
  4329  4206  549.99300  180 5039          -  549.99300      -   194 5383s
  4330  4207  562.04379  126 4118          -  550.25690      -   194 5416s
  4331  4208  550.28556  166 4974          -  550.28556      -   194 5424s
  4332  4208  550.29116   46 5185          -  550.29116      -   194 5451s
  4333  4209  550.38095  225 4823          -  550.38095      -   194 5504s
  4334  4210  550.46340  508 5045          -  550.46340      -   194 5508s
  4335  4210  550.49118  333 5507          -  550.49118      -   194 5511s
  4337  4212  550.51630   88 4463          -  550.51630      -   194 5529s
  4338  4212  556.32122  781 4206          -  550.96958      -   194 5568s
  4339  4213  559.22833  859 5586          -  551.04934      -   194 5574s
  4340  4214  551.10079  184 5393          -  551.10079      -   194 5578s
  4341  4214  560.17630   90 5178          -  551.11906      -   194 5580s
  4343  4216  652.41055  132 5097          -  551.15922      -   194 5585s
  4344  4216  576.73706  630 5178          -  551.16482      -   194 5608s
  4345  4217  567.05700  415 5403          -  551.56669      -   193 5646s
  4346  4218  800.83729  585 6766          -  551.66536      -   193 5658s
  4347  4218  572.44975  540 5696          -  551.68986      -   193 5664s
  4348  4219  640.79782  118 6560          -  551.69240      -   193 5694s
  4349  4220  551.87670  534 4709          -  551.87670      -   193 5729s
  4350  4220  551.92554   28 5686          -  551.92554      -   193 5735s
  4352  4222  551.94368  602 5336          -  551.94368      -   193 5768s
  4353  4222  552.02342  554 5429          -  552.02342      -   193 5807s
  4354  4223  582.78263  931 6034          -  552.04997      -   193 5812s
  4355  4224  552.05152   99 5735          -  552.05152      -   193 5832s
  4356  4224  552.09348  206 4468          -  552.09348      -   193 5866s
  4358  4226  557.28889  498 4455          -  552.12142      -   193 5886s
  4359  4226  552.18710   57 3933          -  552.18710      -   193 5917s
  4360  4227  585.71787  806 4280          -  552.21587      -   193 5920s
  4361  4228  552.22360  297 4564          -  552.22360      -   193 5939s
  4362  4228  811.36204  645 4033          -  552.25709      -   193 5977s
  4364  4230  657.87552  269 4130          -  552.28189      -   193 5980s
  4365  4230  552.28299   28 4192          -  552.28299      -   193 6004s
  4366  4231  552.36533  355 4082          -  552.36533      -   193 6040s
  4368  4232  636.02293   67 4988          -  552.38971      -   192 6057s
  4369  4233  552.45863   48 4774          -  552.45863      -   192 6084s
  4370  4234  560.12967  899 4892          -  552.49336      -   192 6088s
  4372  4235  552.50349  125 4764          -  552.50349      -   192 6103s
  4373  4236  552.55746  204 4831          -  552.55746      -   192 6130s
  4376  4238  552.62716  562 4927          -  552.62716      -   192 6149s
  4377  4238  557.96847  823 4927          -  552.67805      -   192 6180s
  4380  4240  552.70908  334 4592          -  552.70908      -   192 6199s
  4381  4241  552.75731  507 4666          -  552.75731      -   192 6230s
  4382  4242  552.76214  195 4732          -  552.76214      -   192 6256s
  4383  4242  552.78943   10 4717          -  552.78943      -   192 6285s
  4385  4244  559.30782  861 4779          -  552.80022      -   192 6307s
  4386  4244  552.84716  348 4722          -  552.84716      -   192 6343s
  4387  4245  552.85654  306 4736          -  552.85654      -   192 6348s
  4388  4246  653.62460  188 4703          -  552.86014      -   192 6370s
  4389  4246  552.88627  802 4756          -  552.88627      -   192 6425s
  4392  4250  554.70421  748 4133          -  552.88627      -   413 6467s
  4394  4251  552.88627  621 5154          -  552.88627      -   413 6702s
  4395  4252  552.89138  614 5035          -  552.89138      -   413 6749s
  4396  4253  616.85715 1191 6111          -  552.92952      -   413 6763s
  4397  4253  560.27235  113 6771          -  552.92952      -   413 6774s
  4398  4254  577.94254  673 6925          -  552.92952      -   412 6790s
  4399  4255  556.94514  808 5341          -  552.92952      -   412 6801s
  4400  4255  605.95267   43 5908          -  552.92952      -   412 6808s
  4401  4256  785.70667  522 5416          -  552.92952      -   412 6815s
  4402  4257  552.92952  279 5037          -  552.92952      -   412 6820s
  4404  4258  552.92952  399 5072          -  552.92952      -   412 6826s
  4406  4259  795.06622  572 4885          -  552.92952      -   412 6831s
  4408  4261  559.38889   37 5012          -  552.92952      -   412 6836s
  4411  4263  552.92952  669 5245          -  552.92952      -   411 6840s
  4412  4263  552.92952  183 5223          -  552.92952      -   411 6865s
  4413  4264  565.32464  264 5083          -  552.92952      -   411 6902s
  4414  4265  552.92954  280 5012          -  552.92954      -   411 6919s
  4415  4265  552.98014  501 4594          -  552.98014      -   411 6957s
  4416  4266  566.60377  389 4463          -  552.98507      -   411 6992s
  4417  4267  637.83885   87 4786          -  553.00481      -   411 7020s
  4418  4267  570.73067  472 4825          -  553.00841      -   411 7047s
  4419  4268  566.83984  395 4891          -  553.04376      -   410 7077s
  4420  4269  553.06138   13 4911          -  553.06138      -   410 7092s
  4421  4269  637.23455   72 4952          -  553.06822      -   410 7115s

Cutting planes:
  Learned: 1
  Gomory: 4
  Cover: 235
  Implied bound: 17
  Projected implied bound: 19
  Clique: 165
  MIR: 110
  Knapsack: 3
  StrongCG: 16
  Flow cover: 280
  GUB cover: 305
  Zero half: 75
  Mod-K: 1
  RLT: 168
  Relax-and-lift: 62

Explored 4421 nodes (2368635 simplex iterations) in 7200.39 seconds (5518.37 work units)
Thread count was 4 (of 8 available processors)

Solution count 0

Time limit reached
Best objective -, best bound 5.531000000000e+02, gap -
