
Gurobi 13.0.2 (linux64) logging started Wed Jul  8 18:07:14 2026

Set parameter LogFile to value "src/Resultados/Restriccion todas cliques/logs/RC206-50.xml_log.log"
Set parameter Threads to value 4
Gurobi Optimizer version 13.0.2 build v13.0.2rc1 (linux64 - "Rocky Linux 9.7 (Blue Onyx)")

CPU model: QEMU Virtual CPU version 2.5+, instruction set [SSE2]
Thread count: 8 physical cores, 8 logical processors, using up to 4 threads

Non-default parameters:
TimeLimit  7200
Threads  4

Optimize a model with 235471 rows, 139275 columns and 6003510 nonzeros (Min)
Model fingerprint: 0x08ddbd21
Model has 18900 linear objective coefficients
Variable types: 30240 continuous, 109035 integer (109020 binary)
Coefficient statistics:
  Matrix range     [1e+00, 2e+05]
  Objective range  [1e+00, 8e+01]
  Bounds range     [1e+00, 2e+03]
  RHS range        [1e+00, 2e+05]

Presolve removed 72195 rows and 150 columns (presolve time = 5s)...
Presolve removed 74730 rows and 150 columns (presolve time = 10s)...
Presolve removed 74934 rows and 180 columns (presolve time = 15s)...
Presolve removed 75450 rows and 199 columns (presolve time = 20s)...
Presolve removed 75319 rows and 195 columns
Presolve time: 23.14s
Presolved: 160152 rows, 139080 columns, 3139935 nonzeros
Variable types: 750 continuous, 138330 integer (122085 binary)
Deterministic concurrent LP optimizer: primal simplex, dual simplex, and barrier
Showing barrier log only...

Root barrier log...

Elapsed ordering time = 5s
Ordering time: 7.93s

Barrier statistics:
 Dense cols : 15
 AA' NZ     : 5.863e+06
 Factor NZ  : 2.409e+07 (roughly 300 MB of memory)
 Factor Ops : 3.116e+10 (roughly 6 seconds per iteration)
 Threads    : 1

                  Objective                Residual
Iter       Primal          Dual         Primal    Dual     Compl     Time
   0   1.69664566e+06 -2.97343627e+06  1.90e+05 2.22e-16  1.40e+02    53s
   1   5.13337914e+05 -3.04415185e+06  5.85e+04 6.32e-01  4.93e+01    61s
   2   4.78947464e+04 -1.55927894e+06  5.35e+03 6.37e-11  7.38e+00    68s
   3   6.56434363e+03 -1.51962140e+05  5.59e+02 2.51e-12  6.52e-01    74s
   4   1.99379979e+03 -2.71192949e+04  8.73e+01 5.52e-13  1.03e-01    80s
   5   1.52203761e+03 -6.38355965e+03  1.39e+01 1.78e-12  2.48e-02    86s
   6   8.37146326e+02 -1.13549356e+03  3.17e+00 8.69e-13  6.05e-03    92s
   7   5.41771016e+02  3.76881748e+02  3.11e-02 6.13e-13  4.44e-04    99s
   8   5.19207618e+02  5.15532731e+02  6.63e-05 7.99e-13  9.75e-06   105s
   9   5.19000208e+02  5.18996532e+02  1.48e-09 1.10e-12  9.75e-09   111s
  10   5.19000000e+02  5.18999997e+02  1.23e-10 1.01e-12  9.75e-12   117s

Barrier solved model in 10 iterations and 116.75 seconds (80.30 work units)
Optimal objective 5.19000000e+02


Root crossover log...

   17304 DPushes remaining with DInf 0.0000000e+00               117s
       0 DPushes remaining with DInf 0.0000000e+00               117s

   61862 PPushes remaining with PInf 0.0000000e+00               117s
   25613 PPushes remaining with PInf 0.0000000e+00               120s
    8457 PPushes remaining with PInf 0.0000000e+00               125s
     380 PPushes remaining with PInf 0.0000000e+00               130s
       0 PPushes remaining with PInf 0.0000000e+00               131s

  Push phase complete: Pinf 0.0000000e+00, Dinf 6.9375061e-14    131s


Root simplex log...

Iteration    Objective       Primal Inf.    Dual Inf.      Time
   78432    5.1900000e+02   0.000000e+00   0.000000e+00    131s
Crossover time: 14.10 seconds (6.97 work units)
Concurrent spin time: 0.01s

Solved with barrier
   78432    5.1900000e+02   0.000000e+00   0.000000e+00    131s

Root relaxation: objective 5.190000e+02, 78432 iterations, 98.86 seconds (59.39 work units)

    Nodes    |    Current Node    |     Objective Bounds      |     Work
 Expl Unexpl |  Obj  Depth IntInf | Incumbent    BestBd   Gap | It/Node Time

     0     0  519.00000    0 19604          -  519.00000      -     -  278s
     0     0  519.00000    0 13612          -  519.00000      -     -  284s
     0     0  519.00000    0 24769          -  519.00000      -     -  317s
     0     0  519.00000    0 24339          -  519.00000      -     -  321s
     0     0  519.00000    0 24311          -  519.00000      -     -  325s
     0     0  519.00000    0 24311          -  519.00000      -     -  337s
     0     0  519.00000    0 23982          -  519.00000      -     -  347s
     0     0  519.00000    0 19262          -  519.00000      -     -  384s
     0     0  519.00000    0 19262          -  519.00000      -     -  384s
     0     0  519.00000    0 14012          -  519.00000      -     -  492s
     0     0  519.00000    0 14708          -  519.00000      -     -  506s
     0     0  519.00000    0 12194          -  519.00000      -     -  512s
     0     0  519.00000    0 12133          -  519.00000      -     -  513s
     0     0  519.00000    0 15696          -  519.00000      -     -  539s
     0     0  519.00000    0 15696          -  519.00000      -     -  539s
     0     0  519.00000    0 12616          -  519.00000      -     -  622s
     0     0  519.00000    0 9105          -  519.00000      -     -  636s
     0     0  519.00000    0 9135          -  519.00000      -     -  637s
     0     0  519.00000    0 15718          -  519.00000      -     -  664s
     0     0  519.00000    0 15718          -  519.00000      -     -  664s
     0     0  519.00000    0 10477          -  519.00000      -     -  730s
     0     0  519.00000    0 8881          -  519.00000      -     -  742s
     0     0  519.00000    0 10324          -  519.00000      -     -  750s
     0     0  519.00000    0 9934          -  519.00000      -     -  751s
     0     0  519.00000    0 12881          -  519.00000      -     -  780s
     0     0  519.00000    0 12881          -  519.00000      -     -  780s
     0     0  519.00000    0 9164          -  519.00000      -     -  865s
     0     0  519.00000    0 9584          -  519.00000      -     -  875s
     0     0  519.00000    0 9207          -  519.00000      -     -  881s
     0     0  519.00000    0 7721          -  519.00000      -     -  906s
     0     0  519.00000    0 7721          -  519.00000      -     -  906s
     0     0  519.00000    0 7721          -  519.00000      -     -  989s
     0     0  519.00000    0 8276          -  519.00000      -     -  999s
     0     0  519.15604    0 9135          -  519.15604      -     - 1014s
     0     0  519.15604    0 9135          -  519.15604      -     - 1015s
     0     0  519.15604    0 3956          -  519.15604      -     - 1064s
     0     0  519.15604    0 6474          -  519.15604      -     - 1091s
     0     0  525.12424    0 7115          -  525.12424      -     - 1118s
     0     0  525.12424    0 8329          -  525.12424      -     - 1134s
     0     0  525.12424    0 8301          -  525.12424      -     - 1135s
     0     0  525.76977    0 9317          -  525.76977      -     - 1150s
     0     0  525.76977    0 9502          -  525.76977      -     - 1164s
     0     0  525.76977    0 9137          -  525.76977      -     - 1165s
     0     0  525.76977    0 9618          -  525.76977      -     - 1195s
     0     0  525.76977    0 8499          -  525.76977      -     - 1216s
     0     0  525.76977    0 8447          -  525.76977      -     - 1216s
     0     0  527.58348    0 9645          -  527.58348      -     - 1242s
     0     0  527.58348    0 9383          -  527.58348      -     - 1242s
     0     0  527.58348    0 8560          -  527.58348      -     - 1329s
     0     0  527.58348    0 10545          -  527.58348      -     - 1346s
     0     0  527.58348    0 9735          -  527.58348      -     - 1351s
     0     0  527.58348    0 9737          -  527.58348      -     - 1352s
     0     0  527.58348    0 12678          -  527.58348      -     - 1381s
     0     0  527.58348    0 11983          -  527.58348      -     - 1388s
     0     0  527.58348    0 10401          -  527.58348      -     - 1402s
     0     0  527.58348    0 10399          -  527.58348      -     - 1403s
     0     0  527.84630    0 14328          -  527.84630      -     - 1435s
     0     0  527.84630    0 14311          -  527.84630      -     - 1436s
     0     0  527.84630    0 14311          -  527.84630      -     - 1515s
     0     0  527.84630    0 13384          -  527.84630      -     - 1532s
     0     0  529.07134    0 14199          -  529.07134      -     - 1561s
     0     0  529.07134    0 14039          -  529.07134      -     - 1755s
     0     0  529.67581    0 13620          -  529.67581      -     - 1773s
     0     0  529.67581    0 12950          -  529.67581      -     - 1787s
     0     0  532.40582    0 15126          -  532.40582      -     - 1812s
     0     0  532.40582    0 11813          -  532.40582      -     - 1824s
     0     0  532.40582    0 11791          -  532.40582      -     - 1825s
     0     0  538.55332    0 10710          -  538.55332      -     - 1845s
     0     0  538.93601    0 11032          -  538.93601      -     - 1859s
     0     0  538.93601    0 11067          -  538.93601      -     - 1863s
     0     0  538.97030    0 10780          -  538.97030      -     - 1880s
     0     0  538.98532    0 11186          -  538.98532      -     - 1891s
     0     0  538.98532    0 11127          -  538.98532      -     - 1892s
     0     0  538.98532    0 10855          -  538.98532      -     - 1894s
     0     0  538.99508    0 12492          -  538.99508      -     - 1908s
     0     0  538.99508    0 12474          -  538.99508      -     - 1909s
     0     0  538.99778    0 11313          -  538.99778      -     - 1921s
     0     0  539.03814    0 13522          -  539.03814      -     - 1956s
     0     0  539.03814    0 13493          -  539.03814      -     - 1957s
     0     0  539.03814    0 10008          -  539.03814      -     - 1970s
     0     0  539.08322    0 12336          -  539.08322      -     - 1991s
     0     0  540.12843    0 12312          -  540.12843      -     - 2007s
     0     0  540.12843    0 10913          -  540.12843      -     - 2013s
     0     0  541.69973    0 10301          -  541.69973      -     - 2043s
     0     0  541.69973    0 10359          -  541.69973      -     - 2047s
     0     0  541.69973    0 10342          -  541.69973      -     - 2047s
     0     0  541.69973    0 10558          -  541.69973      -     - 2060s
     0     0  541.72735    0 12454          -  541.72735      -     - 2085s
     0     0  541.77080    0 12859          -  541.77080      -     - 2110s
     0     0  541.86296    0 10621          -  541.86296      -     - 2114s
     0     0  541.86324    0 11572          -  541.86324      -     - 2120s
     0     0  541.91386    0 9225          -  541.91386      -     - 2144s
     0     0  541.91944    0 8567          -  541.91944      -     - 2158s
     0     0  541.91944    0 11790          -  541.91944      -     - 2163s
     0     0  542.02352    0 9039          -  542.02352      -     - 2191s
     0     0  542.02352    0 11352          -  542.02352      -     - 2214s
     0     0  542.02352    0 11240          -  542.02352      -     - 2215s
     0     0  542.02352    0 11129          -  542.02352      -     - 2216s
     0     0  542.02352    0 11122          -  542.02352      -     - 2216s
     0     0  542.02352    0 9852          -  542.02352      -     - 2235s
     0     0  542.02352    0 10466          -  542.02352      -     - 2250s
     0     0  542.02352    0 10437          -  542.02352      -     - 2251s
     0     0  542.79285    0 10177          -  542.79285      -     - 2270s
     0     0  542.79285    0 10373          -  542.79285      -     - 2273s
     0     0  542.79285    0 10368          -  542.79285      -     - 2275s
     0     0  542.79285    0 10373          -  542.79285      -     - 2275s
     0     0  542.79285    0 9291          -  542.79285      -     - 2362s
     0     0  542.79285    0 10556          -  542.79285      -     - 2392s
     0     0  542.79285    0 10542          -  542.79285      -     - 2393s
     0     0  543.31413    0 14566          -  543.31413      -     - 2421s
     0     0  543.31431    0 15887          -  543.31431      -     - 2435s
     0     0  543.37221    0 14962          -  543.37221      -     - 2456s
     0     0  543.37221    0 14964          -  543.37221      -     - 2457s
     0     0  543.38498    0 16199          -  543.38498      -     - 2473s
     0     0  543.38498    0 15193          -  543.38498      -     - 2480s
     0     0  543.46193    0 15565          -  543.46193      -     - 2496s
     0     0  543.46193    0 15079          -  543.46193      -     - 2507s
     0     0  543.49892    0 14752          -  543.49892      -     - 2525s
     0     0  543.49892    0 14712          -  543.49892      -     - 2525s
     0     0  543.49967    0 12569          -  543.49967      -     - 2542s
     0     0  544.27810    0 12472          -  544.27810      -     - 2562s
     0     0  544.28047    0 14781          -  544.28047      -     - 2575s
     0     0  544.28047    0 14753          -  544.28047      -     - 2576s
     0     0  544.32701    0 15720          -  544.32701      -     - 2598s
     0     0  544.32701    0 15428          -  544.32701      -     - 2599s
     0     0  544.39875    0 14700          -  544.39875      -     - 2613s
     0     0  544.39875    0 11813          -  544.39875      -     - 2619s
     0     0  544.54211    0 14045          -  544.54211      -     - 2643s
     0     0  545.17590    0 14259          -  545.17590      -     - 2656s
     0     0  545.18143    0 15943          -  545.18143      -     - 2667s
     0     0  545.18143    0 15434          -  545.18143      -     - 2672s
     0     0  545.22533    0 11428          -  545.22533      -     - 2691s
     0     0  545.22533    0 11427          -  545.22533      -     - 2691s
     0     0  545.28428    0 13589          -  545.28428      -     - 2706s
     0     0  545.28428    0 13195          -  545.28428      -     - 2706s
     0     0  545.28428    0 10919          -  545.28428      -     - 2711s
     0     0  546.30281    0 10565          -  546.30281      -     - 2731s
     0     0  546.31038    0 11131          -  546.31038      -     - 2751s
     0     0  546.31038    0 11399          -  546.31038      -     - 2756s
     0     0  546.69360    0 13320          -  546.69360      -     - 2778s
     0     0  546.69360    0 13320          -  546.69360      -     - 2779s
     0     0  546.69360    0 13322          -  546.69360      -     - 2780s
     0     0  546.69519    0 13108          -  546.69519      -     - 2797s
     0     0  546.69705    0 13542          -  546.69705      -     - 2824s
     0     0  546.69705    0 13543          -  546.69705      -     - 2824s
     0     0  546.69705    0 13543          -  546.69705      -     - 2829s
     0     0  546.69705    0 10959          -  546.69705      -     - 2939s
     0     2  546.69705    0 10780          -  546.69705      -     - 3601s
     1     3  546.69705    1 10844          -  546.69705      -  6443 3617s
     2     6  547.50196    2 7326          -  546.69705      -  3885 4040s
     5    10  547.50196    3 10443          -  546.99167      -  2785 4655s
     9    14  547.50196    4 8916          -  547.20196      -  2019 5090s
    13    19  547.86021    5 12433          -  547.20196      -  1778 5704s
    18    31  547.86021    6 12432          -  547.20196      -  1492 6319s
    30    47  547.86174    7 9440          -  547.20196      -  1192 6948s
    46    63  548.41212    8 7659          -  547.20196      -   912 7201s

Cutting planes:
  Gomory: 8
  Cover: 141
  Implied bound: 2041
  Clique: 380
  MIR: 518
  StrongCG: 15
  Flow cover: 38
  GUB cover: 61
  Zero half: 1
  RLT: 404
  Relax-and-lift: 1874

Explored 62 nodes (916661 simplex iterations) in 7202.15 seconds (6000.27 work units)
Thread count was 4 (of 8 available processors)

Solution count 0

Time limit reached
Best objective -, best bound 5.473000000000e+02, gap -
