
Gurobi 13.0.2 (linux64) logging started Wed Jul  8 22:10:16 2026

Set parameter LogFile to value "src/Resultados/Restriccion todas cliques/logs/RC207-50.xml_log.log"
Set parameter Threads to value 4
Gurobi Optimizer version 13.0.2 build v13.0.2rc1 (linux64 - "Rocky Linux 9.7 (Blue Onyx)")

CPU model: QEMU Virtual CPU version 2.5+, instruction set [SSE2]
Thread count: 8 physical cores, 8 logical processors, using up to 4 threads

Non-default parameters:
TimeLimit  7200
Threads  4

Optimize a model with 242347 rows, 144495 columns and 6965580 nonzeros (Min)
Model fingerprint: 0x2966d793
Model has 21960 linear objective coefficients
Variable types: 30780 continuous, 113715 integer (113700 binary)
Coefficient statistics:
  Matrix range     [1e+00, 2e+05]
  Objective range  [1e+00, 8e+01]
  Bounds range     [1e+00, 2e+03]
  RHS range        [1e+00, 2e+05]

Presolve removed 0 rows and 0 columns (presolve time = 85s)...
Presolve removed 60030 rows and 60 columns (presolve time = 90s)...
Presolve removed 73815 rows and 150 columns (presolve time = 95s)...
Presolve removed 75585 rows and 150 columns (presolve time = 100s)...
Presolve removed 76365 rows and 180 columns (presolve time = 105s)...
Presolve removed 76509 rows and 180 columns (presolve time = 110s)...
Presolve removed 76935 rows and 180 columns (presolve time = 115s)...
Presolve removed 77064 rows and 365 columns (presolve time = 120s)...
Presolve removed 76894 rows and 195 columns
Presolve time: 120.17s
Presolved: 165453 rows, 144300 columns, 3594135 nonzeros
Variable types: 750 continuous, 143550 integer (127305 binary)
Deterministic concurrent LP optimizer: primal simplex, dual simplex, and barrier
Showing barrier log only...

Root barrier log...

Elapsed ordering time = 5s
Ordering time: 8.06s

Barrier statistics:
 Dense cols : 15
 AA' NZ     : 6.730e+06
 Factor NZ  : 2.946e+07 (roughly 360 MB of memory)
 Factor Ops : 4.070e+10 (roughly 6 seconds per iteration)
 Threads    : 1

                  Objective                Residual
Iter       Primal          Dual         Primal    Dual     Compl     Time
   0   1.93359221e+06 -3.00511260e+06  1.97e+05 2.22e-16  1.41e+02   152s
   1   5.76234456e+05 -3.13595129e+06  6.00e+04 5.76e-01  4.88e+01   161s
   2   9.73665026e+04 -2.23519500e+06  1.00e+04 3.01e-12  1.08e+01   172s
   3   8.82763288e+03 -3.27991780e+05  7.12e+02 5.95e-12  1.15e+00   182s
   4   3.52009432e+03 -1.03199576e+05  1.92e+02 1.55e-12  3.33e-01   190s
   5   1.68325521e+03 -9.33665684e+03  5.28e+01 5.02e-13  4.42e-02   199s
   6   1.00070853e+03 -4.32170330e+03  8.88e+00 1.04e-12  1.61e-02   207s
   7   5.96432627e+02 -6.89774331e+02  9.22e-01 8.94e-13  3.53e-03   216s
   8   5.00520049e+02  2.55935235e+02  8.25e-02 1.39e-12  6.38e-04   225s
   9   4.84332658e+02  4.66514894e+02  3.25e-04 1.67e-12  4.54e-05   233s
  10   4.83603933e+02  4.83546467e+02  1.03e-07 1.12e-12  1.47e-07   241s
  11   4.83600003e+02  4.83599946e+02  4.17e-09 8.70e-13  1.45e-10   249s
  12   4.83600000e+02  4.83600000e+02  7.54e-10 2.01e-12  1.41e-13   256s

Barrier solved model in 12 iterations and 256.39 seconds (107.39 work units)
Optimal objective 4.83600000e+02


Root crossover log...

   19250 DPushes remaining with DInf 0.0000000e+00               258s
       0 DPushes remaining with DInf 0.0000000e+00               258s

   62932 PPushes remaining with PInf 0.0000000e+00               258s
   36243 PPushes remaining with PInf 0.0000000e+00               260s
    6617 PPushes remaining with PInf 0.0000000e+00               271s
       0 PPushes remaining with PInf 0.0000000e+00               275s

  Push phase complete: Pinf 0.0000000e+00, Dinf 8.1503857e-12    275s


Root simplex log...

Iteration    Objective       Primal Inf.    Dual Inf.      Time
   80453    4.8360000e+02   0.000000e+00   0.000000e+00    276s
Crossover time: 19.35 seconds (7.83 work units)
Concurrent spin time: 0.00s

Solved with barrier
   80453    4.8360000e+02   0.000000e+00   0.000000e+00    277s

Root relaxation: objective 4.836000e+02, 80453 iterations, 145.99 seconds (83.15 work units)

    Nodes    |    Current Node    |     Objective Bounds      |     Work
 Expl Unexpl |  Obj  Depth IntInf | Incumbent    BestBd   Gap | It/Node Time

     0     0  483.60000    0 15481          -  483.60000      -     -  434s
     0     0  483.60000    0 13442          -  483.60000      -     -  439s
     0     0  483.60000    0 15857          -  483.60000      -     -  481s
     0     0  483.60000    0 15745          -  483.60000      -     -  484s
     0     0  483.60000    0 15699          -  483.60000      -     -  497s
     0     0  483.60000    0 14565          -  483.60000      -     -  508s
     0     0  483.60000    0 14559          -  483.60000      -     -  509s
     0     0  483.60000    0 12988          -  483.60000      -     -  545s
     0     0  483.60000    0 12665          -  483.60000      -     -  546s
     0     0  483.60000    0 7588          -  483.60000      -     -  660s
     0     0  483.60000    0 8251          -  483.60000      -     -  675s
     0     0  483.60000    0 7478          -  483.60000      -     -  679s
     0     0  483.60000    0 7476          -  483.60000      -     -  680s
     0     0  483.60000    0 12087          -  483.60000      -     -  719s
     0     0  483.60000    0 11260          -  483.60000      -     -  721s
     0     0  483.60000    0 11262          -  483.60000      -     -  721s
     0     0  483.60000    0 6244          -  483.60000      -     -  833s
     0     0  483.60000    0 6447          -  483.60000      -     -  846s
     0     0  483.60000    0 5691          -  483.60000      -     -  849s
     0     0  483.60000    0 7628          -  483.60000      -     -  886s
     0     0  483.60000    0 7346          -  483.60000      -     -  887s
     0     0  483.60000    0 7346          -  483.60000      -     -  976s
     0     0  483.60000    0 7365          -  483.60000      -     -  989s
     0     0  483.60000    0 7127          -  483.60000      -     - 1012s
     0     0  483.60000    0 7127          -  483.60000      -     - 1014s
     0     0  483.60000    0 7129          -  483.60000      -     - 1014s
     0     0  483.60000    0 7129          -  483.60000      -     - 1100s
     0     0  483.60000    0 6997          -  483.60000      -     - 1113s
     0     0  483.81115    0 11365          -  483.81115      -     - 1137s
     0     0  483.81115    0 11361          -  483.81115      -     - 1138s
     0     0  483.81115    0 9342          -  483.81115      -     - 1234s
     0     0  483.81914    0 13203          -  483.81914      -     - 1254s
     0     0  483.81914    0 11694          -  483.81914      -     - 1259s
     0     0  485.09736    0 12728          -  485.09736      -     - 1279s
     0     0  485.09736    0 12394          -  485.09736      -     - 1283s
     0     0  485.10391    0 12945          -  485.10391      -     - 1299s
     0     0  485.10974    0 12617          -  485.10974      -     - 1305s
     0     0  485.10974    0 11738          -  485.10974      -     - 1309s
     0     0  489.14589    0 10566          -  489.14589      -     - 1345s
     0     0  489.78193    0 8219          -  489.78193      -     - 1368s
     0     0  489.78193    0 8219          -  489.78193      -     - 1368s
     0     0  490.47745    0 8529          -  490.47745      -     - 1374s
     0     0  490.47745    0 7745          -  490.47745      -     - 1375s
     0     0  490.47745    0 7789          -  490.47745      -     - 1377s
     0     0  491.54602    0 9499          -  491.54602      -     - 1392s
     0     0  491.54602    0 9648          -  491.54602      -     - 1393s
     0     0  491.54602    0 9646          -  491.54602      -     - 1394s
     0     0  491.54602    0 9646          -  491.54602      -     - 1394s
     0     0  491.54602    0 9644          -  491.54602      -     - 1394s
     0     0  491.54602    0 9644          -  491.54602      -     - 1395s
     0     0  491.54602    0 9642          -  491.54602      -     - 1395s
     0     0  491.54602    0 9642          -  491.54602      -     - 1396s
     0     0  491.54602    0 9640          -  491.54602      -     - 1396s
     0     0  491.54602    0 9640          -  491.54602      -     - 1397s
     0     0  491.54602    0 9638          -  491.54602      -     - 1397s
     0     0  491.54602    0 8714          -  491.54602      -     - 1410s
     0     0  491.54602    0 8369          -  491.54602      -     - 1411s
     0     0  491.54602    0 8367          -  491.54602      -     - 1411s
     0     0  491.54602    0 8367          -  491.54602      -     - 1412s
     0     0  491.54602    0 8365          -  491.54602      -     - 1412s
     0     0  491.54602    0 8365          -  491.54602      -     - 1413s
     0     0  491.54602    0 8381          -  491.54602      -     - 1413s
     0     0  491.54602    0 8381          -  491.54602      -     - 1413s
     0     0  491.54602    0 8413          -  491.54602      -     - 1414s
     0     0  491.54602    0 10306          -  491.54602      -     - 1439s
     0     0  491.54602    0 10274          -  491.54602      -     - 1439s
     0     0  491.54602    0 9649          -  491.54602      -     - 1454s
     0     0  491.54602    0 9652          -  491.54602      -     - 1455s
     0     0  492.78508    0 10280          -  492.78508      -     - 1480s
     0     0  492.78508    0 10320          -  492.78508      -     - 1481s
     0     0  492.78508    0 4893          -  492.78508      -     - 1589s
     0     0  492.78508    0 8612          -  492.78508      -     - 1610s
     0     0  492.78508    0 8491          -  492.78508      -     - 1611s
     0     0  492.78508    0 7211          -  492.78508      -     - 1614s
     0     0  495.16078    0 9788          -  495.16078      -     - 1645s
     0     0  495.16078    0 9762          -  495.16078      -     - 1646s
     0     0  495.16078    0 9186          -  495.16078      -     - 1661s
     0     0  495.16078    0 8203          -  495.16078      -     - 1683s
     0     0  495.16078    0 8201          -  495.16078      -     - 1684s
     0     0  495.16078    0 9141          -  495.16078      -     - 1700s
     0     0  495.16078    0 9102          -  495.16078      -     - 1700s
     0     0  497.05393    0 9587          -  497.05393      -     - 1721s
     0     0  497.05393    0 9558          -  497.05393      -     - 1721s
     0     0  497.05393    0 9558          -  497.05393      -     - 1801s
     0     0  497.05393    0 10723          -  497.05393      -     - 2060s
     0     0  497.31577    0 9280          -  497.31577      -     - 2081s
     0     0  497.31577    0 9260          -  497.31577      -     - 2081s
     0     0  497.31768    0 9296          -  497.31768      -     - 2097s
     0     0  497.31768    0 9247          -  497.31768      -     - 2098s
     0     0  497.94067    0 8464          -  497.94067      -     - 2115s
     0     0  497.94067    0 8464          -  497.94067      -     - 2116s
     0     0  498.17662    0 8925          -  498.17662      -     - 2131s
     0     0  498.17662    0 8926          -  498.17662      -     - 2132s
     0     0  498.17662    0 7710          -  498.17662      -     - 2137s
     0     0  498.17662    0 6532          -  498.17662      -     - 2139s
     0     0  498.45225    0 7853          -  498.45225      -     - 2157s
     0     0  498.46682    0 7029          -  498.46682      -     - 2169s
     0     0  498.46682    0 5886          -  498.46682      -     - 2172s
     0     0  498.47324    0 6902          -  498.47324      -     - 2175s
     0     0  498.47324    0 6529          -  498.47324      -     - 2179s
     0     0  498.86019    0 6166          -  498.86019      -     - 2194s
     0     0  498.86019    0 6436          -  498.86019      -     - 2195s
     0     0  498.86019    0 6409          -  498.86019      -     - 2195s
     0     0  498.88285    0 6530          -  498.88285      -     - 2206s
     0     0  498.88285    0 6530          -  498.88285      -     - 2207s
     0     0  498.88285    0 6756          -  498.88285      -     - 2210s
     0     0  499.59352    0 7958          -  499.59352      -     - 2225s
     0     0  499.59352    0 6346          -  499.59352      -     - 2237s
     0     0  500.13193    0 8805          -  500.13193      -     - 2259s
     0     0  500.13193    0 8773          -  500.13193      -     - 2260s
     0     0  500.19745    0 7952          -  500.19745      -     - 2271s
     0     0  500.19745    0 7818          -  500.19745      -     - 2276s
     0     0  500.19745    0 7812          -  500.19745      -     - 2277s
     0     0  500.79745    0 8757          -  500.79745      -     - 2290s
     0     0  500.79745    0 8245          -  500.79745      -     - 2302s
     0     0  500.82058    0 8432          -  500.82058      -     - 2317s
     0     0  500.82058    0 8432          -  500.82058      -     - 2317s
     0     0  500.82058    0 8236          -  500.82058      -     - 2328s
     0     0  500.82274    0 7939          -  500.82274      -     - 2349s
     0     0  500.82274    0 7939          -  500.82274      -     - 2353s
     0     0  500.82274    0 4634          -  500.82274      -     - 2479s
     0     2  500.82274    0 4634          -  500.82274      -     - 3062s
     1     4  500.85607    1 6674          -  500.85607      -  3605 3481s
     3     8  500.85607    2 6334          -  500.85607      -  2583 3931s
     7    12  500.85607    3 6338          -  500.85607      -  2286 4364s
    11    28  500.85607    4 6334          -  500.85607      -  2223 4858s
    27    44  501.42274    5 6078          -  501.42274      -  1296 5486s
    43    60  501.42274    6 4852          -  501.42274      -   920 5856s
    59    76  501.42274    7 4851          -  501.42274      -   749 6288s
    75    92  501.42274    8 7614          -  501.42274      -   708 6906s
    91    96  501.60138    9 9886          -  501.42274      -   739 7200s

Cutting planes:
  Gomory: 3
  Cover: 109
  Implied bound: 1112
  Clique: 296
  MIR: 224
  StrongCG: 4
  Flow cover: 9
  GUB cover: 118
  Zero half: 1
  RLT: 356
  Relax-and-lift: 1095

Explored 95 nodes (796847 simplex iterations) in 7200.67 seconds (6351.92 work units)
Thread count was 4 (of 8 available processors)

Solution count 0

Time limit reached
Best objective -, best bound 5.015000000000e+02, gap -
