
Gurobi 13.0.2 (linux64) logging started Wed Jul  8 01:54:36 2026

Set parameter LogFile to value "src/Resultados/Restriccion todas cliques/logs/RC202-50.xml_log.log"
Set parameter Threads to value 4
Gurobi Optimizer version 13.0.2 build v13.0.2rc1 (linux64 - "Rocky Linux 9.7 (Blue Onyx)")

CPU model: QEMU Virtual CPU version 2.5+, instruction set [SSE2]
Thread count: 8 physical cores, 8 logical processors, using up to 4 threads

Non-default parameters:
TimeLimit  7200
Threads  4

Optimize a model with 242744 rows, 143880 columns and 6330390 nonzeros (Min)
Model fingerprint: 0xa329d023
Model has 20025 linear objective coefficients
Variable types: 31110 continuous, 112770 integer (112755 binary)
Coefficient statistics:
  Matrix range     [1e+00, 2e+05]
  Objective range  [1e+00, 8e+01]
  Bounds range     [1e+00, 2e+03]
  RHS range        [1e+00, 2e+05]

Presolve removed 0 rows and 0 columns (presolve time = 5s)...
Presolve removed 60690 rows and 60 columns (presolve time = 10s)...
Presolve removed 74805 rows and 150 columns (presolve time = 15s)...
Presolve removed 76489 rows and 150 columns (presolve time = 20s)...
Presolve removed 77265 rows and 180 columns (presolve time = 25s)...
Presolve removed 77409 rows and 180 columns (presolve time = 30s)...
Presolve removed 77832 rows and 180 columns (presolve time = 35s)...
Presolve removed 77955 rows and 365 columns (presolve time = 40s)...
Presolve removed 77794 rows and 195 columns
Presolve time: 41.31s
Presolved: 164950 rows, 143685 columns, 3199035 nonzeros
Variable types: 750 continuous, 142935 integer (126690 binary)
Deterministic concurrent LP optimizer: primal simplex, dual simplex, and barrier
Showing barrier log only...

Root barrier log...

Elapsed ordering time = 5s
Ordering time: 9.84s

Barrier statistics:
 Dense cols : 15
 AA' NZ     : 6.112e+06
 Factor NZ  : 2.761e+07 (roughly 350 MB of memory)
 Factor Ops : 3.872e+10 (roughly 7 seconds per iteration)
 Threads    : 1

                  Objective                Residual
Iter       Primal          Dual         Primal    Dual     Compl     Time
   0   1.54943742e+06 -3.01018119e+06  1.94e+05 2.22e-16  1.38e+02    84s
   1   4.55233457e+05 -3.10175673e+06  5.83e+04 5.38e-01  4.68e+01    91s
   2   7.06383558e+04 -2.08227192e+06  8.80e+03 9.81e-11  9.72e+00    99s
   3   7.94554390e+03 -2.90993525e+05  7.65e+02 8.52e-12  1.07e+00   107s
   4   2.43015600e+03 -2.83599204e+04  1.33e+02 3.97e-13  1.17e-01   114s
   5   1.78197564e+03 -8.21785588e+03  7.59e+01 1.09e-12  4.57e-02   121s
   6   1.03010057e+03 -2.39391037e+03  5.96e+00 9.00e-13  1.03e-02   128s
   7   6.08257107e+02 -1.98607251e+02  3.73e-01 2.36e-13  2.15e-03   136s
   8   5.16843528e+02  4.48211355e+02  1.58e-03 9.51e-13  1.76e-04   144s
   9   5.11516911e+02  5.10463078e+02  9.12e-06 1.36e-12  2.71e-06   151s
  10   5.11400330e+02  5.11397611e+02  1.88e-08 1.12e-12  7.03e-09   158s
  11   5.11400000e+02  5.11399998e+02  1.15e-10 8.46e-13  7.03e-12   164s

Barrier solved model in 11 iterations and 164.20 seconds (94.02 work units)
Optimal objective 5.11400000e+02


Root crossover log...

   18195 DPushes remaining with DInf 0.0000000e+00               165s
       0 DPushes remaining with DInf 0.0000000e+00               166s

   63375 PPushes remaining with PInf 2.3808394e-06               166s
   19998 PPushes remaining with PInf 0.0000000e+00               170s
    9596 PPushes remaining with PInf 0.0000000e+00               176s
    3997 PPushes remaining with PInf 0.0000000e+00               180s
       0 PPushes remaining with PInf 0.0000000e+00               185s

  Push phase complete: Pinf 0.0000000e+00, Dinf 1.0144663e-14    185s


Root simplex log...

Iteration    Objective       Primal Inf.    Dual Inf.      Time
   81189    5.1140000e+02   0.000000e+00   0.000000e+00    185s
Crossover time: 20.86 seconds (9.52 work units)
Concurrent spin time: 4.00s

Solved with barrier
   81189    5.1140000e+02   0.000000e+00   0.000000e+00    190s

Root relaxation: objective 5.114000e+02, 81189 iterations, 133.19 seconds (74.67 work units)

    Nodes    |    Current Node    |     Objective Bounds      |     Work
 Expl Unexpl |  Obj  Depth IntInf | Incumbent    BestBd   Gap | It/Node Time

     0     0  511.40000    0 14894          -  511.40000      -     -  250s
     0     0  511.40000    0 18305          -  511.40000      -     -  256s
     0     0  511.40000    0 19935          -  511.40000      -     -  328s
     0     0  511.40000    0 19564          -  511.40000      -     -  351s
     0     0  511.40000    0 20706          -  511.40000      -     -  374s
     0     0  511.40000    0 20732          -  511.40000      -     -  379s
     0     0  511.40000    0 9824          -  511.40000      -     -  448s
     0     0  511.40000    0 9823          -  511.40000      -     -  468s
     0     0  511.40000    0 8208          -  511.40000      -     -  473s
     0     0  511.40000    0 9849          -  511.40000      -     -  515s
     0     0  511.40000    0 9851          -  511.40000      -     -  515s
     0     0  511.40000    0 9851          -  511.40000      -     -  589s
     0     0  511.40000    0 9361          -  511.40000      -     -  607s
     0     0  511.40000    0 12672          -  511.40000      -     -  631s
     0     0  511.40000    0 12672          -  511.40000      -     -  631s
     0     0  511.40000    0 7922          -  511.40000      -     -  719s
     0     0  511.40000    0 7469          -  511.40000      -     -  742s
     0     0  511.40000    0 6634          -  511.40000      -     -  745s
     0     0  511.40000    0 11186          -  511.40000      -     -  800s
     0     0  511.40000    0 11186          -  511.40000      -     -  800s
     0     0  511.40000    0 8630          -  511.40000      -     -  905s
     0     0  511.40000    0 8714          -  511.40000      -     -  928s
     0     0  511.40000    0 7563          -  511.40000      -     -  931s
     0     0  511.40000    0 9015          -  511.40000      -     -  973s
     0     0  511.40000    0 9015          -  511.40000      -     -  973s
     0     0  511.40000    0 9015          -  511.40000      -     - 1073s
     0     0  511.40000    0 8961          -  511.40000      -     - 1095s
     0     0  512.44016    0 10937          -  512.44016      -     - 1146s
     0     0  512.44016    0 10719          -  512.44016      -     - 1147s
     0     0  512.44016    0 8344          -  512.44016      -     - 1229s
     0     0  512.48423    0 5953          -  512.48423      -     - 1264s
     0     0  512.48423    0 6323          -  512.48423      -     - 1267s
     0     0  512.48423    0 6323          -  512.48423      -     - 1268s
     0     0  512.48423    0 6323          -  512.48423      -     - 1269s
     0     0  512.48423    0 7000          -  512.48423      -     - 1270s
     0     0  514.74140    0 8894          -  514.74140      -     - 1290s
     0     0  514.80133    0 8885          -  514.80133      -     - 1307s
     0     0  514.99635    0 8491          -  514.99635      -     - 1311s
     0     0  514.99635    0 8619          -  514.99635      -     - 1313s
     0     0  515.09704    0 7528          -  515.09704      -     - 1346s
     0     0  515.09704    0 7534          -  515.09704      -     - 1347s
     0     0  515.09704    0 9334          -  515.09704      -     - 1366s
     0     0  515.75077    0 8634          -  515.75077      -     - 1388s
     0     0  515.75876    0 6109          -  515.75876      -     - 1409s
     0     0  515.75876    0 5739          -  515.75876      -     - 1413s
     0     0  515.75876    0 5739          -  515.75876      -     - 1413s
     0     0  516.06543    0 8587          -  516.06543      -     - 1423s
     0     0  516.06543    0 8587          -  516.06543      -     - 1424s
     0     0  516.30548    0 10100          -  516.30548      -     - 1447s
     0     0  516.30548    0 9947          -  516.30548      -     - 1448s
     0     0  516.30548    0 9949          -  516.30548      -     - 1448s
     0     0  516.77542    0 10153          -  516.77542      -     - 1455s
     0     0  516.77542    0 8796          -  516.77542      -     - 1460s
     0     0  517.00875    0 10682          -  517.00875      -     - 1480s
     0     0  517.00875    0 10566          -  517.00875      -     - 1481s
     0     0  517.00875    0 9589          -  517.00875      -     - 1506s
     0     0  517.00875    0 9553          -  517.00875      -     - 1506s
     0     0  517.00875    0 10213          -  517.00875      -     - 1530s
     0     0  517.00875    0 10164          -  517.00875      -     - 1530s
     0     0  517.02279    0 7106          -  517.02279      -     - 1556s
     0     0  517.02279    0 7081          -  517.02279      -     - 1556s
     0     0  517.02279    0 6560          -  517.02279      -     - 1558s
     0     0  517.45894    0 7775          -  517.45894      -     - 1579s
     0     0  517.45894    0 7775          -  517.45894      -     - 1579s
     0     0  517.45894    0 7775          -  517.45894      -     - 1704s
     0     0  517.47437    0 7844          -  517.47437      -     - 1729s
     0     0  517.47437    0 7844          -  517.47437      -     - 1730s
     0     0  517.47437    0 7436          -  517.47437      -     - 1732s
     0     0  520.96483    0 8952          -  520.96483      -     - 1760s
     0     0  521.03637    0 8721          -  521.03637      -     - 1787s
     0     0  521.03637    0 8693          -  521.03637      -     - 1788s
     0     0  521.15989    0 8469          -  521.15989      -     - 1793s
     0     0  521.88059    0 7745          -  521.88059      -     - 1798s
     0     0  521.88059    0 6643          -  521.88059      -     - 1807s
     0     0  522.62539    0 8090          -  522.62539      -     - 1829s
     0     0  522.62539    0 7374          -  522.62539      -     - 1867s
     0     0  522.91809    0 7413          -  522.91809      -     - 1893s
     0     0  522.92048    0 8357          -  522.92048      -     - 1917s
     0     0  522.92048    0 8284          -  522.92048      -     - 1922s
     0     0  523.03034    0 8838          -  523.03034      -     - 1935s
     0     0  523.03034    0 8362          -  523.03034      -     - 1957s
     0     0  523.03034    0 8394          -  523.03034      -     - 1958s
     0     0  523.28554    0 8042          -  523.28554      -     - 1976s
     0     0  523.30215    0 7196          -  523.30215      -     - 2004s
     0     0  523.30373    0 8446          -  523.30373      -     - 2015s
     0     0  523.51004    0 10085          -  523.51004      -     - 2039s
     0     0  523.51004    0 10050          -  523.51004      -     - 2040s
     0     0  523.51004    0 8718          -  523.51004      -     - 2457s
     0     0  523.51004    0 8615          -  523.51004      -     - 2458s
     0     0  524.04653    0 9583          -  524.04653      -     - 2475s
     0     0  524.04653    0 9583          -  524.04653      -     - 2476s
     0     0  524.05033    0 6942          -  524.05033      -     - 2499s
     0     0  524.05033    0 6984          -  524.05033      -     - 2501s
     0     0  524.05033    0 7326          -  524.05033      -     - 2509s
     0     0  524.05033    0 7904          -  524.05033      -     - 2509s
     0     0  525.20147    0 10622          -  525.20147      -     - 2561s
     0     0  525.20147    0 10559          -  525.20147      -     - 2563s
     0     0  526.32193    0 10245          -  526.32193      -     - 2590s
     0     0  526.33035    0 10439          -  526.33035      -     - 2598s
     0     0  526.33035    0 9499          -  526.33035      -     - 2601s
     0     0  526.33549    0 11340          -  526.33549      -     - 2623s
     0     0  526.33549    0 11343          -  526.33549      -     - 2624s
     0     0  526.44154    0 11272          -  526.44154      -     - 2651s
     0     0  526.44457    0 9327          -  526.44457      -     - 2661s
     0     0  526.44457    0 8501          -  526.44457      -     - 2665s
     0     0  526.74805    0 5042          -  526.74805      -     - 2681s
     0     0  526.85464    0 6359          -  526.85464      -     - 2701s
     0     0  526.90157    0 7744          -  526.90157      -     - 2706s
     0     0  526.90157    0 7788          -  526.90157      -     - 2706s
     0     0  526.90157    0 7004          -  526.90157      -     - 2709s
     0     0  528.98241    0 5583          -  528.98241      -     - 2726s
     0     0  528.98241    0 5547          -  528.98241      -     - 2726s
     0     0  528.98269    0 7072          -  528.98269      -     - 2749s
     0     0  529.09227    0 5744          -  529.09227      -     - 2767s
     0     0  529.09227    0 6151          -  529.09227      -     - 2788s
     0     0  529.09227    0 6093          -  529.09227      -     - 2790s
     0     0  529.28490    0 7417          -  529.28490      -     - 2809s
     0     0  529.28490    0 7369          -  529.28490      -     - 2810s
     0     0  529.28490    0 7351          -  529.28490      -     - 2810s
     0     0  529.29535    0 9909          -  529.29535      -     - 2849s
     0     0  529.29535    0 6337          -  529.29535      -     - 2862s
     0     0  529.36675    0 8128          -  529.36675      -     - 2879s
     0     0  529.36675    0 8128          -  529.36675      -     - 2880s
     0     0  529.39819    0 7290          -  529.39819      -     - 2908s
     0     0  529.39921    0 7168          -  529.39921      -     - 2918s
     0     0  529.39921    0 7056          -  529.39921      -     - 2918s
     0     0  529.40858    0 7296          -  529.40858      -     - 2933s
     0     0  529.40858    0 7694          -  529.40858      -     - 2960s
     0     0  529.41396    0 6953          -  529.41396      -     - 2980s
     0     0  529.41396    0 7867          -  529.41396      -     - 3007s
     0     0  529.46229    0 8012          -  529.46229      -     - 3032s
     0     0  529.46229    0 5703          -  529.46229      -     - 3062s
     0     0  529.46229    0 7475          -  529.46229      -     - 3078s
     0     0  529.46229    0 5481          -  529.46229      -     - 3103s
     0     0  529.46229    0 5112          -  529.46229      -     - 3106s
     0     0  529.46229    0 5929          -  529.46229      -     - 3122s
     0     0  529.46229    0 5929          -  529.46229      -     - 3122s
     0     0  529.46229    0 3315          -  529.46229      -     - 3206s
     0     0  529.46229    0 6222          -  529.46229      -     - 3269s
     0     0  529.46229    0 4600          -  529.46229      -     - 3299s
     0     0  529.46229    0 4600          -  529.46229      -     - 3300s
     0     0  529.46229    0 2856          -  529.46229      -     - 3370s
     0     0  529.46236    0 3517          -  529.46236      -     - 3406s
     0     0  530.28126    0 5705          -  530.28126      -     - 3430s
     0     0  530.28126    0 5683          -  530.28126      -     - 3430s
     0     0  530.28126    0 5683          -  530.28126      -     - 3488s
     0     0  530.28394    0 6211          -  530.28394      -     - 3511s
     0     0  530.28410    0 5994          -  530.28410      -     - 3515s
     0     0  530.28461    0 6250          -  530.28461      -     - 3524s
     0     0  530.28463    0 5721          -  530.28463      -     - 3548s
     0     0  530.28816    0 5989          -  530.28816      -     - 3565s
     0     0  530.28816    0 5989          -  530.28816      -     - 3571s
     0     0  530.28816    0 5989          -  530.28816      -     - 3649s
     0     2  530.29536    0 3982          -  530.29536      -     - 4530s
     1     4  530.29536    1 3833          -  530.29536      -   274 5114s
     3     8  530.29536    2 3828          -  530.29536      -  1513 5887s
     7    12  530.29536    3 5457          -  530.29536      -  2622 6447s
    11    27  530.29536    4 5459          -  530.29536      -  1687 6934s
    27    43  530.29536    5 7558          -  530.29536      -   936 7200s

Cutting planes:
  Learned: 4
  Gomory: 4
  Cover: 74
  Implied bound: 391
  Clique: 292
  MIR: 518
  StrongCG: 145
  Flow cover: 42
  GUB cover: 39
  Zero half: 1
  RLT: 336
  Relax-and-lift: 258
  BQP: 1

Explored 43 nodes (894524 simplex iterations) in 7200.42 seconds (5001.90 work units)
Thread count was 4 (of 8 available processors)

Solution count 0

Time limit reached
Best objective -, best bound 5.303000000000e+02, gap -
