
Gurobi 13.0.2 (linux64) logging started Wed Jul  8 14:05:17 2026

Set parameter LogFile to value "src/Resultados/Restriccion todas cliques/logs/RC205-50.xml_log.log"
Set parameter Threads to value 4
Gurobi Optimizer version 13.0.2 build v13.0.2rc1 (linux64 - "Rocky Linux 9.7 (Blue Onyx)")

CPU model: QEMU Virtual CPU version 2.5+, instruction set [SSE2]
Thread count: 8 physical cores, 8 logical processors, using up to 4 threads

Non-default parameters:
TimeLimit  7200
Threads  4

Optimize a model with 238260 rows, 140775 columns and 6004455 nonzeros (Min)
Model fingerprint: 0xb841b91a
Model has 18720 linear objective coefficients
Variable types: 30660 continuous, 110115 integer (110100 binary)
Coefficient statistics:
  Matrix range     [1e+00, 2e+05]
  Objective range  [1e+00, 8e+01]
  Bounds range     [1e+00, 2e+03]
  RHS range        [1e+00, 2e+05]

Presolve removed 29970 rows and 60 columns (presolve time = 5s)...
Presolve removed 59790 rows and 60 columns (presolve time = 11s)...
Presolve removed 73455 rows and 150 columns (presolve time = 18s)...
Presolve removed 73455 rows and 150 columns (presolve time = 20s)...
Presolve removed 75991 rows and 150 columns (presolve time = 25s)...
Presolve removed 76195 rows and 180 columns (presolve time = 30s)...
Presolve removed 76195 rows and 180 columns (presolve time = 35s)...
Presolve removed 76637 rows and 199 columns (presolve time = 40s)...
Presolve removed 76580 rows and 195 columns
Presolve time: 43.38s
Presolved: 161680 rows, 140580 columns, 3080505 nonzeros
Variable types: 750 continuous, 139830 integer (123585 binary)
Deterministic concurrent LP optimizer: primal simplex, dual simplex, and barrier
Showing barrier log only...

Root barrier log...

Elapsed ordering time = 5s
Ordering time: 8.50s

Barrier statistics:
 Dense cols : 15
 AA' NZ     : 5.794e+06
 Factor NZ  : 2.430e+07 (roughly 300 MB of memory)
 Factor Ops : 3.359e+10 (roughly 5 seconds per iteration)
 Threads    : 1

                  Objective                Residual
Iter       Primal          Dual         Primal    Dual     Compl     Time
   0   1.67303156e+06 -2.99762167e+06  1.94e+05 2.22e-16  1.40e+02   102s
   1   5.07101024e+05 -3.06938991e+06  5.99e+04 6.26e-01  4.99e+01   108s
   2   7.54196168e+04 -2.09318745e+06  8.65e+03 3.69e-11  1.01e+01   116s
   3   7.98177941e+03 -2.31092335e+05  7.04e+02 7.97e-12  9.23e-01   123s
   4   3.42947576e+03 -9.64040553e+04  1.85e+02 2.77e-12  3.22e-01   130s
   5   1.21507023e+03 -6.01568099e+03  8.48e+00 8.65e-13  2.20e-02   137s
   6   9.94996808e+02 -2.38498692e+03  5.73e+00 1.12e-12  1.07e-02   144s
   7   6.18112003e+02  1.00955449e+02  3.25e-01 1.12e-12  1.45e-03   151s
   8   5.31054856e+02  4.84233981e+02  1.43e-03 1.23e-12  1.23e-04   158s
   9   5.25944160e+02  5.25035318e+02  4.51e-05 8.58e-13  2.39e-06   164s
  10   5.25712576e+02  5.25699327e+02  2.35e-06 6.13e-13  3.52e-08   169s
  11   5.25700013e+02  5.25699992e+02  4.53e-08 1.31e-12  5.44e-11   175s
  12   5.25700001e+02  5.25700000e+02  1.27e-07 9.10e-13  1.67e-12   181s

Barrier solved model in 12 iterations and 181.16 seconds (89.94 work units)
Optimal objective 5.25700001e+02


Root crossover log...

   19157 DPushes remaining with DInf 0.0000000e+00               186s
       0 DPushes remaining with DInf 0.0000000e+00               187s

   62591 PPushes remaining with PInf 0.0000000e+00               187s
   42903 PPushes remaining with PInf 0.0000000e+00               190s
   30606 PPushes remaining with PInf 0.0000000e+00               195s
   19845 PPushes remaining with PInf 0.0000000e+00               200s
    5840 PPushes remaining with PInf 0.0000000e+00               223s
    3520 PPushes remaining with PInf 0.0000000e+00               226s
     411 PPushes remaining with PInf 0.0000000e+00               230s
       0 PPushes remaining with PInf 0.0000000e+00               231s

  Push phase complete: Pinf 0.0000000e+00, Dinf 8.0074836e-15    231s


Root simplex log...

Iteration    Objective       Primal Inf.    Dual Inf.      Time
   81034    5.2570000e+02   0.000000e+00   0.000000e+00    234s
Crossover time: 52.53 seconds (17.91 work units)
Concurrent spin time: 0.00s

Solved with barrier
   81034    5.2570000e+02   0.000000e+00   0.000000e+00    235s

Root relaxation: objective 5.257000e+02, 81034 iterations, 157.05 seconds (80.30 work units)

    Nodes    |    Current Node    |     Objective Bounds      |     Work
 Expl Unexpl |  Obj  Depth IntInf | Incumbent    BestBd   Gap | It/Node Time

     0     0  525.70000    0 12518          -  525.70000      -     -  335s
     0     0  525.70000    0 13158          -  525.70000      -     -  340s
     0     0  525.70000    0 13297          -  525.70000      -     -  342s
     0     0  525.70000    0 17668          -  525.70000      -     -  384s
     0     0  525.70000    0 17109          -  525.70000      -     -  399s
     0     0  525.70000    0 17113          -  525.70000      -     -  428s
     0     0  525.70000    0 17113          -  525.70000      -     -  429s
     0     0  525.70000    0 11204          -  525.70000      -     -  515s
     0     0  525.70000    0 10199          -  525.70000      -     -  530s
     0     0  525.70000    0 9391          -  525.70000      -     -  540s
     0     0  525.70000    0 12526          -  525.70000      -     -  591s
     0     0  525.70000    0 12526          -  525.70000      -     -  591s
     0     0  525.70000    0 10991          -  525.70000      -     -  671s
     0     0  525.70000    0 11062          -  525.70000      -     -  683s
     0     0  525.70000    0 10110          -  525.70000      -     -  685s
     0     0  525.70000    0 8889          -  525.70000      -     -  688s
     0     0  525.70000    0 11791          -  525.70000      -     -  739s
     0     0  525.70000    0 11791          -  525.70000      -     -  744s
     0     0  525.70000    0 7225          -  525.70000      -     -  836s
     0     0  525.70000    0 7286          -  525.70000      -     -  846s
     0     0  525.70000    0 7120          -  525.70000      -     -  848s
     0     0  525.70000    0 4392          -  525.70000      -     -  873s
     0     0  525.70000    0 4392          -  525.70000      -     -  873s
     0     0  525.70000    0 1866          -  525.70000      -     -  906s
     0     0  525.70000    0 2808          -  525.70000      -     -  925s
     0     0  525.70000    0 2827          -  525.70000      -     -  925s
     0     0  525.70000    0 7219          -  525.70000      -     -  949s
     0     0  525.70000    0 6780          -  525.70000      -     -  952s
     0     0  525.70000    0 6221          -  525.70000      -     - 1021s
     0     0  525.70000    0 5685          -  525.70000      -     - 1039s
     0     0  525.70000    0 5750          -  525.70000      -     - 1040s
     0     0  525.70000    0 5748          -  525.70000      -     - 1041s
     0     0  526.60430    0 9231          -  526.60430      -     - 1086s
     0     0  526.60430    0 9231          -  526.60430      -     - 1087s
     0     0  526.60430    0 9231          -  526.60430      -     - 1140s
     0     0  526.60430    0 9196          -  526.60430      -     - 1149s
     0     0  531.25329    0 12417          -  531.25329      -     - 1202s
     0     0  531.46586    0 8020          -  531.46586      -     - 1221s
     0     0  531.46586    0 8028          -  531.46586      -     - 1222s
     0     0  531.57600    0 10968          -  531.57600      -     - 1229s
     0     0  531.60983    0 11302          -  531.60983      -     - 1232s
     0     0  531.60983    0 12117          -  531.60983      -     - 1234s
     0     0  534.42234    0 14117          -  534.42234      -     - 1256s
     0     0  534.42234    0 14117          -  534.42234      -     - 1256s
     0     0  534.42234    0 13577          -  534.42234      -     - 1274s
     0     0  534.42234    0 13577          -  534.42234      -     - 1275s
     0     0  535.58351    0 13922          -  535.58351      -     - 1312s
     0     0  535.58351    0 13562          -  535.58351      -     - 1312s
     0     0  535.58351    0 14390          -  535.58351      -     - 1334s
     0     0  536.13930    0 11695          -  536.13930      -     - 1358s
     0     0  536.13930    0 11635          -  536.13930      -     - 1359s
     0     0  536.27032    0 11114          -  536.27032      -     - 1372s
     0     0  536.28900    0 8996          -  536.28900      -     - 1373s
     0     0  536.28900    0 8968          -  536.28900      -     - 1374s
     0     0  536.80417    0 15809          -  536.80417      -     - 1394s
     0     0  536.80417    0 12788          -  536.80417      -     - 1409s
     0     0  536.80417    0 11883          -  536.80417      -     - 1409s
     0     0  538.91120    0 14352          -  538.91120      -     - 1439s
     0     0  538.91120    0 10621          -  538.91120      -     - 1456s
     0     0  538.91120    0 10279          -  538.91120      -     - 1456s
     0     0  538.99754    0 11636          -  538.99754      -     - 1487s
     0     0  539.02718    0 11378          -  539.02718      -     - 1811s
     0     0  539.02765    0 11191          -  539.02765      -     - 1815s
     0     0  539.60474    0 13514          -  539.60474      -     - 1835s
     0     0  539.60474    0 12867          -  539.60474      -     - 1837s
     0     0  539.60474    0 12870          -  539.60474      -     - 1838s
     0     0  539.63106    0 12630          -  539.63106      -     - 1850s
     0     0  539.63106    0 12630          -  539.63106      -     - 1851s
     0     0  539.63106    0 11001          -  539.63106      -     - 1858s
     0     0  539.63106    0 10284          -  539.63106      -     - 1862s
     0     0  546.02256    0 12167          -  546.02256      -     - 1888s
     0     0  546.02256    0 12587          -  546.02256      -     - 1891s
     0     0  546.02256    0 11685          -  546.02256      -     - 1907s
     0     0  546.02256    0 11685          -  546.02256      -     - 1907s
     0     0  546.02256    0 11687          -  546.02256      -     - 1908s
     0     0  546.57908    0 13137          -  546.57908      -     - 1932s
     0     0  546.57908    0 13137          -  546.57908      -     - 1933s
     0     0  546.90709    0 13201          -  546.90709      -     - 1950s
     0     0  546.90709    0 12115          -  546.90709      -     - 1956s
     0     0  547.48662    0 10571          -  547.48662      -     - 1984s
     0     0  547.48662    0 10412          -  547.48662      -     - 2013s
     0     0  548.13977    0 10128          -  548.13977      -     - 2047s
     0     0  548.14231    0 6649          -  548.14231      -     - 2063s
     0     0  548.15749    0 8842          -  548.15749      -     - 2079s
     0     0  548.16318    0 7493          -  548.16318      -     - 2090s
     0     0  548.16791    0 9143          -  548.16791      -     - 2096s
     0     0  548.17034    0 8870          -  548.17034      -     - 2101s
     0     0  548.17034    0 10222          -  548.17034      -     - 2121s
     0     0  548.17034    0 11110          -  548.17034      -     - 2137s
     0     0  548.21483    0 15140          -  548.21483      -     - 2163s
     0     0  548.21483    0 15139          -  548.21483      -     - 2163s
     0     0  548.22891    0 13906          -  548.22891      -     - 2187s
     0     0  548.22891    0 13845          -  548.22891      -     - 2187s
     0     0  548.23019    0 13028          -  548.23019      -     - 2193s
     0     0  549.93302    0 10771          -  549.93302      -     - 2224s
     0     0  549.94293    0 12685          -  549.94293      -     - 2246s
     0     0  549.94348    0 11001          -  549.94348      -     - 2252s
     0     0  549.94348    0 10997          -  549.94348      -     - 2253s
     0     0  550.66241    0 13206          -  550.66241      -     - 2286s
     0     0  550.66302    0 12691          -  550.66302      -     - 2303s
     0     0  550.66302    0 12655          -  550.66302      -     - 2304s
     0     0  550.66302    0 11714          -  550.66302      -     - 2335s
     0     0  550.66302    0 12078          -  550.66302      -     - 2335s
     0     0  550.66302    0 11712          -  550.66302      -     - 2336s
     0     0  550.66302    0 10802          -  550.66302      -     - 2353s
     0     0  550.96302    0 15588          -  550.96302      -     - 2396s
     0     0  550.96302    0 15678          -  550.96302      -     - 2398s
     0     0  550.96422    0 13254          -  550.96422      -     - 2417s
     0     0  550.96946    0 16329          -  550.96946      -     - 2466s
     0     0  550.96946    0 15645          -  550.96946      -     - 2467s
     0     0  550.96946    0 15583          -  550.96946      -     - 2468s
     0     0  550.97054    0 14748          -  550.97054      -     - 2483s
     0     0  550.97083    0 13171          -  550.97083      -     - 2515s
     0     0  550.97596    0 10611          -  550.97596      -     - 2535s
     0     0  551.76594    0 14929          -  551.76594      -     - 2559s
     0     0  551.76697    0 13322          -  551.76697      -     - 2574s
     0     0  551.85148    0 12754          -  551.85148      -     - 2601s
     0     0  551.95882    0 11650          -  551.95882      -     - 2615s
     0     0  551.96214    0 10477          -  551.96214      -     - 2619s
     0     0  552.07174    0 10509          -  552.07174      -     - 2639s
     0     0  552.61719    0 12602          -  552.61719      -     - 2654s
     0     0  552.62491    0 11293          -  552.62491      -     - 2657s
     0     0  552.62491    0 10456          -  552.62491      -     - 2662s
     0     0  553.33742    0 10405          -  553.33742      -     - 2679s
     0     0  553.33742    0 10881          -  553.33742      -     - 2692s
     0     0  553.33898    0 8598          -  553.33898      -     - 2711s
     0     0  553.33898    0 8596          -  553.33898      -     - 2711s
     0     0  553.33898    0 10859          -  553.33898      -     - 2727s
     0     0  553.33898    0 9275          -  553.33898      -     - 2751s
     0     0  553.33898    0 9236          -  553.33898      -     - 2751s
     0     0  553.33898    0 9236          -  553.33898      -     - 2755s
     0     0  553.33898    0 6439          -  553.33898      -     - 2887s
     0     2  553.33898    0 6439          -  553.33898      -     - 3467s
     1     4  553.33898    1 5141          -  553.33898      -  2361 4036s
     3     8  553.33898    2 6159          -  553.33898      -  2102 4514s
     7    12  553.33898    3 6157          -  553.33898      -  3032 5026s
    11    27  553.33898    4 5667          -  553.33898      -  2193 5381s
    27    43  553.42987    5 5154          -  553.33898      -  1795 5676s
    43    51  554.46939    5 5557          -  553.33898      -  1348 6186s
    51    58  553.42987    6 5252          -  553.33898      -  1284 6808s
    59    66  556.89439    7 5246          -  553.33898      -  1173 7200s

Cutting planes:
  Gomory: 6
  Cover: 275
  Implied bound: 5929
  Clique: 540
  MIR: 1046
  StrongCG: 19
  Flow cover: 69
  GUB cover: 146
  Zero half: 1
  RLT: 333
  Relax-and-lift: 9379
  BQP: 97

Explored 67 nodes (682770 simplex iterations) in 7200.29 seconds (5883.13 work units)
Thread count was 4 (of 8 available processors)

Solution count 0

Time limit reached
Best objective -, best bound 5.534000000000e+02, gap -
