
Gurobi 13.0.2 (linux64) logging started Thu Jun 25 01:31:16 2026

Set parameter LogFile to value "src/Resultados/Restriccion cota global/logs/R204-25.xml_log.log"
Set parameter Threads to value 4
Gurobi Optimizer version 13.0.2 build v13.0.2rc1 (linux64 - "Rocky Linux 9.7 (Blue Onyx)")

CPU model: QEMU Virtual CPU version 2.5+, instruction set [SSE2]
Thread count: 8 physical cores, 8 logical processors, using up to 4 threads

Non-default parameters:
TimeLimit  7200
Threads  4

Optimize a model with 130369 rows, 79515 columns and 549840 nonzeros (Min)
Model fingerprint: 0x0012846b
Model has 11940 linear objective coefficients
Variable types: 16755 continuous, 62760 integer (62745 binary)
Coefficient statistics:
  Matrix range     [1e+00, 2e+05]
  Objective range  [7e+00, 6e+01]
  Bounds range     [1e+00, 2e+03]
  RHS range        [1e+00, 2e+05]

Presolve removed 41130 rows and 120 columns
Presolve time: 2.37s
Presolved: 89239 rows, 79395 columns, 406980 nonzeros
Variable types: 375 continuous, 79020 integer (70590 binary)
Deterministic concurrent LP optimizer: primal and dual simplex
Showing primal log only...


Root simplex log...

Iteration    Objective       Primal Inf.    Dual Inf.      Time
   15497    5.5593806e+02   2.612580e+02   3.366215e+09      5s
   23593    4.8628063e+02   1.068943e+02   4.816319e+09     10s
   30816    4.4913643e+02   8.038844e+00   2.157975e+09     15s
   38254    3.5249016e+02   0.000000e+00   2.537174e+04     20s
   40676    3.4360000e+02   0.000000e+00   0.000000e+00     22s
Concurrent spin time: 5.81s (can be avoided by choosing Method=3)

Solved with primal simplex

Root relaxation: objective 3.436000e+02, 40676 iterations, 24.83 seconds (20.48 work units)

    Nodes    |    Current Node    |     Objective Bounds      |     Work
 Expl Unexpl |  Obj  Depth IntInf | Incumbent    BestBd   Gap | It/Node Time

     0     0  343.60000    0 2169          -  343.60000      -     -   41s
     0     0  343.60000    0 1927          -  343.60000      -     -   83s
     0     0  343.60000    0 1926          -  343.60000      -     -   86s
     0     0  343.60000    0 4037          -  343.60000      -     -  107s
     0     0  343.60000    0 4037          -  343.60000      -     -  108s
     0     0  343.60000    0 1347          -  343.60000      -     -  117s
     0     0  343.60000    0 3229          -  343.60000      -     -  153s
     0     0  343.60000    0 6926          -  343.60000      -     -  180s
     0     0  343.60000    0 3328          -  343.60000      -     -  206s
     0     0  343.60000    0 9481          -  343.60000      -     -  233s
     0     0  343.60000    0 14721          -  343.60000      -     -  251s
     0     0  343.60000    0 14721          -  343.60000      -     -  251s
     0     0  343.60000    0 5104          -  343.60000      -     -  273s
     0     0  343.60000    0 4374          -  343.60000      -     -  283s
     0     0  343.60000    0 9909          -  343.60000      -     -  294s
     0     0  343.60000    0 9909          -  343.60000      -     -  294s
     0     0  343.60000    0 4938          -  343.60000      -     -  312s
     0     0  343.60000    0 4934          -  343.60000      -     -  315s
     0     0  343.60000    0 11244          -  343.60000      -     -  330s
     0     0  343.60000    0 3923          -  343.60000      -     -  360s
     0     0  343.60000    0 7022          -  343.60000      -     -  373s
     0     0  343.60000    0 4436          -  343.60000      -     -  393s
     0     0  343.60000    0 4436          -  343.60000      -     -  394s
     0     0  343.60000    0 3452          -  343.60000      -     -  401s
     0     2  343.60000    0 3452          -  343.60000      -     -  425s
     1     4  343.60000    1 3455          -  343.60000      -   340  430s
     3     8  343.60000    2 4746          -  343.60000      -   900  438s
     7    12  343.60000    3 8491          -  343.60000      -  1702  444s
    11    16  343.60000    4 8258          -  343.60000      -  1407  465s
    15    53  343.60000    5 8247          -  343.60000      -  1115  486s
    52   273  343.60000   25 7273          -  343.60000      -   839  511s
   272   742  343.60000   79 8347          -  343.60000      -   294  535s
   746   820  343.60000  102 10559          -  343.60000      -   156  551s
   824  1232  343.60103  111 6922          -  343.60000      -   159  569s
  1236  1568  343.60473  267 7373          -  343.60000      -   116  583s
  1572  1913  343.60663  370 7729          -  343.60000      -   100  596s
  1917  2154  343.60954  480 6783          -  343.60000      -  85.8  607s
  2158  2165  343.61358  558 5811          -  343.60000      -  78.7  620s
  2169  2256  343.61369  561 6757          -  343.60000      -  78.4  646s
  2260  2381  343.61513  601 4548          -  343.60000      -  75.9  679s
  2385  2511  343.61600  672 6896          -  343.60000      -  73.3  727s
  2515  2529  343.62132  764 8871          -  343.60000      -  70.4  747s
  2533  2789  344.10476  776 5137          -  343.60000      -  72.0  762s
  2793  3073  344.36862  800 12884          -  343.60000      -  68.1  778s
  3077  3406  344.40126  867 13017          -  343.60000      -  64.6  792s
  3410  3600  344.53006  985 13261          -  343.60000      -  60.4  811s
  3604  3922  344.87200 1002 6300          -  343.60000      -  60.1  824s
  3926  4205  344.91361 1084 8941          -  343.60000      -  56.6  839s
  4209  4487  344.97512 1147 12275          -  343.60000      -  53.3  853s
  4491  4722  344.98331 1244 11198          -  343.60000      -  51.6  867s
  4726  4951  345.76082 1268 9144          -  343.60000      -  51.7  878s
  4957  5109  345.88411 1330 8802          -  343.60000      -  51.6  888s
  5128  5110  345.10000 1106 3452          -  343.60000      -  52.1 1143s
  5130  5111  355.50000 1203 4061          -  343.71250      -  52.0 1255s
  5131  5112  356.00000  712 4211          -  345.65921      -  52.0 1294s
  5132  5113  361.90000  185 4720          -  346.12872      -  52.0 1330s
  5133  5113  360.20000  465 4841          -  346.12872      -  52.0 1364s
  5134  5114  349.21534  462 3930          -  349.21534      -  52.0 1392s
  5135  5115  366.00000  256 4578          -  350.11471      -  52.0 1423s
  5136  5115  424.93496 1500 4569          -  351.46661      -  52.0 1446s
  5137  5116  351.98957  413 4497          -  351.98957      -  52.0 1472s
  5138  5117  352.29344  192 5407          -  352.29344      -  52.0 1504s
  5139  5117  356.20000  417 4727          -  352.29344      -  52.0 1536s
  5140  5118  352.60000  261 4586          -  352.29344      -  51.9 1580s
  5141  5119  353.90000  208 1389          -  352.29344      -  51.9 1609s
  5142  5119  352.70101 1363 3069          -  352.70101      -  51.9 1649s
  5143  5120  356.20000  422 4625          -  353.86031      -  51.9 1687s
  5144  5121  358.90000  648 4928          -  353.94998      -  51.9 1711s
  5145  5121  354.56824 1163 2759          -  354.56824      -  51.9 1832s
  5146  5122  367.90000  504 3508          -  355.64309      -  51.9 1928s
  5147  5123  425.03833 1499 3749          -  355.64309      -  51.9 1970s
  5148  5123  377.90000 1396 3610          -  355.64309      -  51.9 1988s
  5149  5124  368.00000  534 4544          -  355.80283      -  51.9 2016s
  5150  5125  370.50000  562 4335          -  355.89450      -  51.8 2040s
  5151  5125  360.60000  741 3269          -  356.02290      -  51.8 2068s
  5152  5126  356.03427   95 3643          -  356.03427      -  51.8 2087s
  5153  5127  356.70000  583 2982          -  356.26029      -  51.8 2123s
  5154  5127  356.32311   97 2416          -  356.32311      -  51.8 2143s
  5155  5128  358.73392 1068 5661          -  356.39640      -  51.8 2171s
  5156  5129  356.39640   58 5670          -  356.39640      -  51.8 2183s
  5157  5129  356.50383 1090 6210          -  356.50383      -  51.8 2212s
  5158  5130  356.55802  193 6556          -  356.55802      -  51.8 2228s
  5159  5131  356.55802  462 6623          -  356.55802      -  51.8 2260s
  5160  5131  367.30000  750 6066          -  356.58069      -  51.7 2277s
  5161  5132  369.60000  436 4846          -  356.70464      -  51.7 2316s
  5162  5133  356.70464  201 4943          -  356.70464      -  51.7 2336s
  5163  5133  369.00000  679 4176          -  356.70464      -  51.7 2357s
  5164  5134  367.30000  659 5366          -  356.70464      -  51.7 2370s
  5165  5135  367.80000 1323 3797          -  356.70723      -  51.7 2396s
  5166  5135  368.00359 1334 4052          -  356.70723      -  51.7 2407s
  5167  5136  365.90000  968 3953          -  356.70723      -  51.7 2431s
  5168  5137  367.20000  666 4479          -  356.70723      -  51.7 2444s
  5169  5137  356.70723  385 3855          -  356.70723      -  51.7 2461s
  5170  5138  356.70723  394 4103          -  356.70723      -  51.6 2478s
  5171  5139  362.10000  518 3066          -  356.70723      -  51.6 2508s
  5172  5139  356.70723   77 3560          -  356.70723      -  51.6 2519s
  5173  5140  368.41778 1354 3318          -  356.70723      -  51.6 2536s
  5176  5143  369.00000 1326 3452          -  356.70723      -   179 2582s
  5178  5144  360.30000  716 3658          -  356.70723      -   179 2686s
  5179  5145  359.38479 1079 4931          -  356.70723      -   179 2740s
  5180  5146  356.70723    6 5112          -  356.70723      -   179 2797s
  5181  5146  357.60000  313 4975          -  356.70723      -   179 2821s
  5182  5147  356.70723  103 3462          -  356.70723      -   179 2863s
  5183  5148  368.30000  298 3028          -  356.70723      -   179 2900s
  5184  5148  356.70723   89 4224          -  356.70723      -   179 2927s
  5185  5149  376.30000 1359 2556          -  356.70723      -   179 2950s
  5186  5150  358.90000  574 3060          -  356.70723      -   179 2973s
  5187  5150  369.00000 1326 3216          -  356.70723      -   179 2996s
  5188  5151  356.70723   14 5484          -  356.70723      -   179 3022s
  5189  5152  358.97060 1072 3317          -  356.71446      -   179 3050s
  5190  5152  356.71446  709 4141          -  356.71446      -   179 3075s
  5191  5153  360.30000  244 3130          -  356.71446      -   179 3099s
  5192  5154  356.71446  788 3925          -  356.71446      -   179 3127s
  5193  5154  356.71446   98 3194          -  356.71446      -   179 3167s
  5194  5155  360.80000  331 3502          -  356.71446      -   179 3185s
  5195  5156  357.80000  597 3448          -  356.71446      -   179 3208s
  5196  5156  356.71446   23 4451          -  356.71446      -   179 3230s
  5197  5157  356.71446  276 3438          -  356.71446      -   179 3254s
  5198  5158  356.71446  714 4193          -  356.71446      -   179 3274s
  5199  5158  356.71446   55 3414          -  356.71446      -   179 3303s
  5200  5159  373.50000  787 2576          -  356.71446      -   179 3326s
  5201  5160  365.99181 1240 2576          -  356.71446      -   179 3353s
  5202  5163  356.72377   29 4491          -  356.72377      -   248 3371s
  5204  5167  356.73295   30 5184          -  356.73295      -   249 3389s
  5208  5169  356.74694   31 4085          -  356.74694      -   250 3394s
  5212  5178  356.75000   32 3569          -  356.75000      -   251 3402s
  5222  5183  356.75000   34 3819          -  356.75000      -   252 3413s
  5230  5187  356.75000   35 3333          -  356.75000      -   253 3425s
  5239  5193  356.75000   36 4477          -  356.75000      -   257 3436s
  5248  5197  356.75000   37 3646          -  356.75000      -   259 3447s
  5255  5199  356.75000   38 4097          -  356.75000      -   260 3453s
  5259  5203  358.23739   38 6263          -  356.75000      -   262 3470s
  5265  5205  356.75000   39 3409          -  356.75000      -   264 3477s
  5269  5209  357.24450   39 5356          -  356.75000      -   265 3490s
  5274  5212  356.75000   40 3902          -  356.75000      -   266 3496s
  5279  5216  360.22651   40 6003          -  356.75000      -   268 3510s
  5284  5220  356.75000   41 3953          -  356.75000      -   269 3526s
  5290  5224  357.72786   41 4810          -  356.75000      -   269 3535s
  5296  5226  356.75000   42 3844          -  356.75000      -   270 3541s
  5300  5232  357.82629   42 6000          -  356.75000      -   271 3549s
  5307  5233  356.75000   43 3956          -  356.75000      -   273 3565s
  5311  5239  357.12597   43 4170          -  356.75000      -   274 3572s
  5318  5249  356.75000   44 4052          -  356.75000      -   275 3593s
  5330  5250  357.98269   44 4765          -  356.75000      -   277 3602s
  5335  5261  356.75000   45 4530          -  356.75000      -   279 3618s
  5348  5264  356.75000   45 4459          -  356.75000      -   280 3625s
  5355  5277  356.75000   46 4562          -  356.75000      -   280 3632s
  5371  5294  359.18148   46 6316          -  356.75000      -   281 3640s
  5393  5309  356.75000   48 4623          -  356.75000      -   282 3648s
  5415  5316  356.75000   51 4020          -  356.75000      -   284 3661s
  5430  5341  356.80000   54 3987          -  356.75000      -   285 3671s
  5462  5347  356.80000   57 4399          -  356.75000      -   287 3701s
  5478  5349  356.80605   60 3786          -  356.75000      -   289 3729s
  5486  5359  356.80605   61 4314          -  356.75000      -   290 3757s
  5498  5365  356.80605   63 2891          -  356.75000      -   291 3793s
  5508  5371  356.80605   64 2779          -  356.75000      -   291 3806s
  5518  5412  359.21438   66 5511          -  356.75000      -   293 3817s
  5562  5418  356.80907   69 5139          -  356.75000      -   294 3826s
  5583  5441  356.81784   72 6700          -  356.75000      -   296 3857s
  5615  5462  356.88586   76 5498          -  356.75000      -   297 3870s
  5648  5489  356.88599   79 6958          -  356.75000      -   300 3931s
  5686  5534  356.89171   82 6393          -  356.75000      -   301 3945s
  5744  5549  356.89552   87 7020          -  356.75000      -   302 3963s
  5780  5607  356.90353   90 6407          -  356.75000      -   304 3977s
  5850  5631  356.94085   96 7312          -  356.75000      -   307 4035s
  5900  5633  357.52910  101 3880          -  356.75000      -   309 4069s
  5920  5710  357.95583  105 4472          -  356.75000      -   310 4087s
  6006  5694  358.36275  111 3790          -  356.75000      -   312 4176s
  6019  5751  358.58382  113 3341          -  356.75000      -   313 4192s
  6080  5784  360.51500  121 2598          -  356.75000      -   316 4209s
  6136  5780  395.74040  125 3892          -  356.75000      -   320 4263s
  6151  5839  382.75896  127 4001          -  356.75000      -   320 4281s
  6239  5815  357.00296   32 5071          -  356.75000      -   323 4308s
  6244  5822  357.02076   33 4172          -  356.75000      -   323 4337s
  6253  5837  363.66415   33 4592          -  356.75000      -   323 4355s
  6271  5851  357.02076   34 4176          -  356.75000      -   325 4372s
  6291  5861  357.38735   34 3353          -  356.75000      -   327 4403s
  6308  5872  357.02076   35 4343          -  356.75000      -   328 4424s
  6328  5934  357.08781   37 4346          -  356.75000      -   330 4447s
  6399  5925  364.79842   45 3475          -  356.75000      -   335 4513s
  6416  5992  358.14897   48 5310          -  356.75000      -   336 4537s
  6494  6018  359.65000   55 3615          -  356.75000      -   341 4568s
  6548  6088  367.72993   57 3882          -  356.75000      -   343 4594s
  6638  6070  363.80000   66 2966          -  356.75000      -   347 4634s
  6650  6147  363.80000   68 3647          -  356.75000      -   349 4661s
  6735  6142  364.06513   75 2367          -  356.75000      -   352 4704s
  6759  6235  363.81945   79 6064          -  356.75000      -   353 4734s
  6870  6215  363.83350   90 4584          -  356.75000      -   357 4778s
  6891  6227  371.86917   90 4521          -  356.75000      -   358 4820s
  6910  6306  363.83401   92 4579          -  356.75000      -   360 4850s
  7010  6292  363.83775  101 4045          -  356.75000      -   364 4911s
  7029  6313  374.46917  101 1421          -  356.75000      -   365 4973s
  7061  6338  364.06513  102 3282          -  356.75000      -   365 5045s
  7100  6338  363.83828  102 4031          -  356.75000      -   367 5127s
  7115  6419  363.83828  103 4053          -  356.75000      -   368 5214s
  7215  6389  364.16219  103 1346          -  356.75000      -   372 5322s
  7219  6392  363.83828  104 5081          -  356.75000      -   372 5436s
  7223  6395  374.25000  104 3569          -  356.75000      -   372 5539s
  7227  6397  363.83828  105 4054          -  356.75000      -   372 5653s
  7231  6400  374.25000  105 4677          -  356.75000      -   373 5773s
  7235  6403  363.85512  106 5744          -  356.75000      -   373 5932s
  7239  6405  371.75686  106 4851          -  356.75000      -   374 6050s
  7243  6409  363.85557  107 5471          -  356.75000      -   374 6145s
  7248  6423  364.06513  107 5043          -  356.75000      -   375 6251s
  7264  6442  363.85694  109 6530          -  356.75000      -   378 6305s
  7288  6442  366.77723  113 1385          -  356.75000      -   381 6363s
  7296  6460  363.85946  114 6687          -  356.75000      -   382 6442s
  7317  6469  368.41958  114 3875          -  356.75000      -   383 6508s
  7333  6474  363.85965  115 6687          -  356.75000      -   384 6630s
  7343  6500  366.85022  115 5588          -  356.75000      -   385 6693s
  7372  6529  363.86402  119 6169          -  356.75000      -   387 6743s
  7415  6554  363.91043  126 6497          -  356.75000      -   390 6803s
  7458  6575  369.16830  131 1167          -  356.75000      -   394 6920s
  7496  6592  375.50941  138 3932          -  356.75000      -   397 6977s
  7525  6633  363.98509  143 5693          -  356.75000      -   401 7039s
  7576  6666  363.99332  149 4808          -  356.75000      -   404 7098s
  7626  6823  364.00913  157 5640          -  356.75000      -   409 7164s
  7860  6778  364.02335  167 5587          -  356.75000      -   413 7200s

Cutting planes:
  Gomory: 5
  Cover: 47
  Implied bound: 17
  Projected implied bound: 5
  Clique: 34
  MIR: 32
  StrongCG: 4
  Flow cover: 68
  GUB cover: 28
  Zero half: 8
  RLT: 33
  Relax-and-lift: 14

Explored 7893 nodes (3541603 simplex iterations) in 7200.05 seconds (8072.67 work units)
Thread count was 4 (of 8 available processors)

Solution count 0

Time limit reached
Best objective -, best bound 3.568000000000e+02, gap -
