
Gurobi 13.0.2 (linux64) logging started Thu Jun 25 05:31:56 2026

Set parameter LogFile to value "src/Resultados/Restriccion cota global/logs/R205-25.xml_log.log"
Set parameter Threads to value 4
Gurobi Optimizer version 13.0.2 build v13.0.2rc1 (linux64 - "Rocky Linux 9.7 (Blue Onyx)")

CPU model: QEMU Virtual CPU version 2.5+, instruction set [SSE2]
Thread count: 8 physical cores, 8 logical processors, using up to 4 threads

Non-default parameters:
TimeLimit  7200
Threads  4

Optimize a model with 123200 rows, 74370 columns and 507630 nonzeros (Min)
Model fingerprint: 0xd3a14d1a
Model has 9435 linear objective coefficients
Variable types: 16095 continuous, 58275 integer (58260 binary)
Coefficient statistics:
  Matrix range     [1e+00, 2e+05]
  Objective range  [7e+00, 6e+01]
  Bounds range     [1e+00, 2e+03]
  RHS range        [1e+00, 2e+05]

Presolve removed 39315 rows and 120 columns
Presolve time: 2.15s
Presolved: 83885 rows, 74250 columns, 373530 nonzeros
Variable types: 375 continuous, 73875 integer (65445 binary)
Deterministic concurrent LP optimizer: primal and dual simplex
Showing primal log only...


Root simplex log...

Iteration    Objective       Primal Inf.    Dual Inf.      Time
   16631    5.0872633e+02   1.516783e+02   2.193722e+10      5s
   25706    5.2106050e+02   8.603779e+01   3.395824e+09     10s
   31316    5.0443437e+02   2.205088e+01   7.394517e+09     15s
   36751    4.2756170e+02   0.000000e+00   2.998600e+06     20s
   42574    3.8089654e+02   0.000000e+00   3.007506e+06     25s
   45851    3.7470000e+02   0.000000e+00   0.000000e+00     29s
Concurrent spin time: 15.07s (can be avoided by choosing Method=3)

Solved with primal simplex

Root relaxation: objective 3.747000e+02, 45851 iterations, 41.43 seconds (28.18 work units)

    Nodes    |    Current Node    |     Objective Bounds      |     Work
 Expl Unexpl |  Obj  Depth IntInf | Incumbent    BestBd   Gap | It/Node Time

     0     0  374.70000    0 4917          -  374.70000      -     -   68s
     0     0  374.70000    0 6773          -  374.70000      -     -   98s
     0     0  374.70000    0 5222          -  374.70000      -     -  104s
     0     0  374.70000    0 7930          -  374.70000      -     -  125s
     0     0  374.70000    0 3067          -  374.70000      -     -  152s
     0     0  374.70000    0 6371          -  374.70000      -     -  166s
     0     0  374.70000    0 9722          -  374.70000      -     -  190s
     0     0  374.70000    0 9722          -  374.70000      -     -  190s
     0     0  374.70000    0 3917          -  374.70000      -     -  229s
     0     0  374.70000    0 3917          -  374.70000      -     -  233s
     0     0  374.70000    0 6079          -  374.70000      -     -  240s
     0     0  374.70000    0 6079          -  374.70000      -     -  258s
     0     0  374.70000    0 8868          -  374.70000      -     -  263s
     0     0  374.70000    0 8144          -  374.70000      -     -  270s
     0     0  374.70000    0 4120          -  374.70000      -     -  301s
     0     0  374.70000    0 5382          -  374.70000      -     -  307s
     0     0  374.70000    0 5304          -  374.70000      -     -  308s
     0     0  374.70000    0 7436          -  374.70000      -     -  324s
     0     0  374.70000    0 7436          -  374.70000      -     -  324s
     0     0  374.70000    0 4950          -  374.70000      -     -  363s
     0     0  374.70000    0 3205          -  374.70000      -     -  370s
     0     0  374.70000    0 3205          -  374.70000      -     -  380s
     0     2  374.70000    0 3205          -  374.70000      -     -  506s
     1     4  374.70000    1 3114          -  374.70000      -   164  512s
     3     8  374.70000    2 6540          -  374.70000      -  2145  520s
    11    36  374.70000    4 6446          -  374.70000      -  1085  535s
    35   193  374.70000   19 6811          -  374.70000      -   814  556s
   192   477  374.70000   64 6768          -  374.70000      -   219  585s
   476   599  374.70000  192 6196          -  374.70000      -   203  610s
   598   934  374.70000  201 8262          -  374.70000      -   249  639s
   933  1234  374.71287  344 10792          -  374.70000      -   205  659s
  1233  1541  374.71950  468 9995          -  374.70000      -   185  679s
  1540  1764  374.72962  573 9781          -  374.70000      -   168  697s
  1763  1965  374.73233  636 10439          -  374.70000      -   165  716s
  1964  2122  374.74247  689 10622          -  374.70000      -   165  734s
  2121  2362  374.75009  731 11460          -  374.70000      -   166  752s
  2361  2540  374.75901  785 9972          -  374.70000      -   162  771s
  2539  2544  374.78346  845 10982          -  374.70000      -   164  807s
  2543  2563  374.78688  846 10135          -  374.70000      -   165  825s
  2562  2611  374.78718  847 10915          -  374.70000      -   168  857s
  2610  2686  374.78725  848 10915          -  374.70000      -   168  882s
  2687  2827  374.79102  849 10919          -  374.70000      -   168  899s
  2828  3172  374.79217  850 10136          -  374.70000      -   167  925s
  3185  3294  374.79462  851 10143          -  374.70000      -   155  948s
  3315  3344  374.79690  852 10136          -  374.70000      -   161  996s
  3373  3544  374.80044  853 10139          -  374.70000      -   166 1051s
  3573  3717  374.80242  854 10138          -  374.70000      -   160 1148s
  3746  4034  374.80264  855 10925          -  374.70000      -   154 1211s
  4063  4357  374.80801  856 10923          -  374.70000      -   144 1269s
  4388  4455  375.93538  857 10394          -  374.70000      -   136 1311s
  4494  4459 infeasible  857               -  374.70000      -   138 1363s
  4528  4537  383.77949  858 10798          -  374.70000      -   144 1388s
  4625  4538  392.50000  190 3205          -  374.70000      -   149 1787s
  4627  4539  391.60000  244 4437          -  374.77343      -   149 1904s
  4628  4540  406.70000  450 4680          -  377.10737      -   149 1936s
  4629  4541  403.90000  741 4508          -  381.16667      -   149 1971s
  4630  4541  381.33021   26 5195          -  381.33021      -   149 2013s
  4631  4542  389.60000  176 5009          -  385.48803      -   149 2037s
  4632  4543  394.90000  269 4745          -  385.50160      -   149 2078s
  4633  4543  385.50170  157 4772          -  385.50170      -   149 2097s
  4634  4544  400.10000  501 4726          -  385.50170      -   149 2137s
  4635  4545  389.60000  310 4608          -  385.50170      -   149 2162s
  4636  4545  392.80000  460 5402          -  385.50170      -   149 2205s
  4637  4546  393.10000  351 4231          -  385.50170      -   149 2250s
  4638  4547  385.50170  132 3973          -  385.50170      -   149 2278s
  4639  4547  385.96056   17 3582          -  385.96056      -   149 2302s
  4640  4548  389.60000  175 3261          -  385.96056      -   149 2335s
  4641  4549  392.50000  232 3659          -  385.96056      -   148 2368s
  4642  4549  407.80000  499 3522          -  385.96056      -   148 2401s
  4643  4550  406.70000  396 2780          -  386.11814      -   148 2427s
  4644  4551  397.10000  576 3622          -  386.11814      -   148 2483s
  4645  4551  386.11814  183 3099          -  386.11814      -   148 2518s
  4646  4552  386.15972   60 4129          -  386.15972      -   148 2545s
  4647  4553  390.70000  163 4880          -  386.23290      -   148 2576s
  4648  4553  386.28758  144 3937          -  386.28758      -   148 2602s
  4649  4554  386.28758   62 3696          -  386.28758      -   148 2625s
  4650  4555  396.40000  482 2492          -  386.31913      -   148 2658s
  4651  4555  386.32856  190 3561          -  386.32856      -   148 2685s
  4652  4556  411.80000  598 2956          -  386.42496      -   148 2706s
  4653  4557  388.70000  360 4728          -  386.43528      -   148 2728s
  4654  4557  386.43528   92 2466          -  386.43528      -   148 2818s
  4655  4558  407.50000  672 3183          -  386.43528      -   148 2856s
  4656  4559  386.45356   85 4154          -  386.45356      -   148 2888s
  4657  4559  388.10000  599 4972          -  386.63179      -   148 2911s
  4658  4560  420.10000  713 3697          -  387.11912      -   148 2945s
  4659  4561  388.75000  127 3729          -  388.75000      -   148 2957s
  4660  4561  414.90000  745 2090          -  389.00000      -   148 2995s
  4661  4562  406.70000  556 2239          -  389.00000      -   148 3002s
  4662  4563  433.90000  846 2391          -  389.00000      -   148 3040s
  4663  4563  398.00000  824 3005          -  389.00000      -   148 3048s
  4664  4564  389.00000  296 1951          -  389.00000      -   148 3084s
  4665  4565  404.60000  614 2109          -  389.00000      -   148 3090s
  4666  4565  392.50000  233 1893          -  389.00000      -   148 3105s
  4669  4569  390.70000  578 3205          -  389.00000      -   288 3136s
  4671  4570  394.90000  237 4289          -  389.00000      -   288 3228s
  4672  4571  389.00000  149 4926          -  389.00000      -   288 3279s
  4673  4572  389.00000  237 4261          -  389.00000      -   288 3305s
  4674  4572  404.50000  340 4443          -  389.00000      -   288 3340s
  4675  4573  421.00000  513 4369          -  389.00000      -   288 3356s
  4676  4574  389.00000   89 4390          -  389.00000      -   288 3388s
  4677  4574  404.50000  607 4633          -  389.00000      -   288 3404s
  4678  4575  393.10000  481 4799          -  389.00000      -   288 3433s
  4679  4576  390.20000  246 4145          -  389.00000      -   288 3456s
  4680  4576  395.90000  637 3295          -  389.00000      -   288 3513s
  4681  4577  407.80000  537 2777          -  389.00000      -   288 3531s
  4682  4578  389.00000  203 3556          -  389.00000      -   288 3560s
  4683  4578  389.00000   49 3691          -  389.00000      -   288 3579s
  4684  4579  390.30000  291 3535          -  389.00000      -   287 3605s
  4685  4580  413.20000  731 4055          -  389.00000      -   287 3622s
  4686  4580  389.00000  159 3226          -  389.00000      -   287 3682s
  4687  4581  398.90000  712 2804          -  389.00000      -   287 3693s
  4688  4582  398.00000  368 2990          -  389.00000      -   287 3732s
  4689  4582  389.00000   77 2991          -  389.00000      -   287 3742s
  4690  4583  425.12419   26 2953          -  389.00000      -   287 3779s
  4691  4584  389.00000  779 2752          -  389.00000      -   287 3791s
  4692  4584  394.90000  321 1703          -  389.00000      -   287 3833s
  4693  4585  404.50000  468 1493          -  389.00000      -   287 3842s
  4694  4586  406.40000  542 1759          -  389.00000      -   287 3898s
  4695  4586  389.00000  209 3259          -  389.00000      -   287 3912s
  4696  4587  407.00000  397 2468          -  389.00000      -   287 3961s
  4697  4588  389.00000   14 2287          -  389.00000      -   287 3975s
  4698  4588  389.00000   33 2128          -  389.00000      -   287 4030s
  4699  4589  401.50000  650 1382          -  389.00000      -   287 4061s
  4700  4590  411.40000  436 1382          -  389.00000      -   286 4161s
  4701  4593  389.00000   24 1490          -  389.00000      -   394 4178s
  4703  4596  389.00000   25 2515          -  389.00000      -   395 4189s
  4707  4598  389.00000   26 4179          -  389.00000      -   397 4199s
  4711  4605  389.00000   27 3634          -  389.00000      -   398 4214s
  4719  4608  389.00000   29 2552          -  389.00000      -   400 4223s
  4725  4614  389.00000   30 2583          -  389.00000      -   403 4234s
  4733  4618  389.00000   31 2759          -  389.00000      -   405 4242s
  4739  4626  389.00000   32 2520          -  389.00000      -   407 4261s
  4749  4627  389.00000   33 2955          -  389.00000      -   410 4276s
  4754  4634  391.00058   33 3823          -  389.00000      -   413 4283s
  4762  4640  389.00000   34 3030          -  389.00000      -   414 4297s
  4771  4641  389.00000   35 3850          -  389.00000      -   418 4306s
  4777  4644  389.94124   35 5941          -  389.00000      -   420 4321s
  4782  4651  389.00000   36 3646          -  389.00000      -   423 4336s
  4791  4657  389.00000   37 3643          -  389.00000      -   427 4346s
  4800  4662  389.00000   38 3534          -  389.00000      -   429 4357s
  4808  4667  389.00000   39 3822          -  389.00000      -   431 4368s
  4815  4672  389.00000   40 4074          -  389.00000      -   433 4407s
  4823  4679  389.00000   41 3922          -  389.00000      -   435 4418s
  4832  4683  390.51830   42 6472          -  389.00000      -   437 4440s
  4839  4691  389.00000   43 3366          -  389.00000      -   438 4452s
  4850  4698  389.00000   45 3013          -  389.00000      -   439 4488s
  4860  4698  389.01463   46 4366          -  389.00000      -   441 4502s
  4864  4701  390.37580   46 3671          -  389.00000      -   441 4523s
  4868  4707  389.01463   47 5100          -  389.00000      -   442 4540s
  4875  4711  391.18480   47 5284          -  389.00000      -   443 4555s
  4882  4715  389.02883   48 4774          -  389.00000      -   444 4568s
  4890  4719  389.47632   48 5342          -  389.00000      -   445 4584s
  4897  4726  389.02970   49 4760          -  389.00000      -   445 4601s
  4906  4729  393.39055   49 2537          -  389.00000      -   447 4616s
  4912  4736  389.02970   50 4214          -  389.00000      -   448 4634s
  4921  4741  393.67772   50 4385          -  389.00000      -   450 4654s
  4929  4749  389.02970   51 5083          -  389.00000      -   453 4670s
  4940  4767  393.67772   51 4940          -  389.00000      -   453 4709s
  4961  4770  390.18597   52 3749          -  389.00000      -   454 4731s
  4971  4784  389.02970   52 4460          -  389.00000      -   456 4747s
  4989  4802  389.02970   53 4458          -  389.00000      -   457 4766s
  5013  4807  393.49571   53 6022          -  389.00000      -   459 4784s
  5026  4830  389.12961   54 6955          -  389.00000      -   461 4803s
  5053  4835  392.47127   54 4029          -  389.00000      -   463 4895s
  5067  4842  389.12961   55 7733          -  389.00000      -   465 4957s
  5079  4850  389.91429   55 7112          -  389.00000      -   467 4978s
  5091  4875  389.13607   56 7490          -  389.00000      -   469 4998s
  5120  4887  398.72726   56 6446          -  389.00000      -   473 5025s
  5143  4927  389.14344   57 7489          -  389.00000      -   476 5059s
  5191  4928  397.49965   57 7665          -  389.00000      -   480 5084s
  5208  4989  389.15194   58 7489          -  389.00000      -   482 5113s
  5275  4995  389.19873   63 5959          -  389.00000      -   488 5144s
  5303  5046  389.25443   66 4970          -  389.00000      -   491 5172s
  5363  5030  389.27779   73 5922          -  389.00000      -   499 5272s
  5367  5032  393.52659   73 7476          -  389.00000      -   499 5399s
  5371  5035  389.28064   74 5871          -  389.00000      -   500 5519s
  5375  5038  394.43310   74 6029          -  389.00000      -   501 5668s
  5379  5040  389.28064   75 5871          -  389.00000      -   502 5800s
  5383  5043  393.70789   75 5284          -  389.00000      -   502 5927s
  5387  5046  389.34664   76 5311          -  389.00000      -   502 6035s
  5391  5048  398.14144   76 5047          -  389.00000      -   503 6159s
  5395  5051  389.38767   77 5185          -  389.00000      -   504 6356s
  5399  5058  397.55254   77 5813          -  389.00000      -   504 6486s
  5407  5077  389.39355   80 4175          -  389.00000      -   506 6650s
  5429  5096  393.13658   82 7666          -  389.00000      -   509 6692s
  5455  5118  389.46987   86 6121          -  389.00000      -   513 6728s
  5486  5148  389.47515   90 4022          -  389.00000      -   519 6776s
  5526  5171  391.42145   94 7128          -  389.00000      -   524 6822s
  5563  5192  389.49951   96 5746          -  389.00000      -   527 6867s
  5596  5216  389.52315  101 6454          -  389.00000      -   533 6912s
  5631  5242  389.53232  105 5615          -  389.00000      -   539 6958s
  5669  5270  389.53439  110 5715          -  389.00000      -   544 7012s
  5711  5292  392.60000  116 5233          -  389.00000      -   550 7068s
  5747  5330  392.96000  120 3589          -  389.00000      -   556 7125s
  5797  5347  393.04114  127 3661          -  389.00000      -   560 7183s
  5831  5348  393.05296  132 4379          -  389.00000      -   568 7200s

Cutting planes:
  Gomory: 5
  Cover: 65
  Implied bound: 13
  Projected implied bound: 130
  Clique: 31
  MIR: 35
  StrongCG: 17
  Flow cover: 302
  GUB cover: 26
  Zero half: 21
  RLT: 57
  Relax-and-lift: 22

Explored 5843 nodes (3648025 simplex iterations) in 7200.06 seconds (7935.69 work units)
Thread count was 4 (of 8 available processors)

Solution count 0

Time limit reached
Best objective -, best bound 3.890000000003e+02, gap -
