
Gurobi 13.0.2 (linux64) logging started Thu Jun 25 17:34:02 2026

Set parameter LogFile to value "src/Resultados/Restriccion cota global/logs/R208-25.xml_log.log"
Set parameter Threads to value 4
Gurobi Optimizer version 13.0.2 build v13.0.2rc1 (linux64 - "Rocky Linux 9.7 (Blue Onyx)")

CPU model: QEMU Virtual CPU version 2.5+, instruction set [SSE2]
Thread count: 8 physical cores, 8 logical processors, using up to 4 threads

Non-default parameters:
TimeLimit  7200
Threads  4

Optimize a model with 130444 rows, 79590 columns and 550590 nonzeros (Min)
Model fingerprint: 0x7eb603e8
Model has 12015 linear objective coefficients
Variable types: 16755 continuous, 62835 integer (62820 binary)
Coefficient statistics:
  Matrix range     [1e+00, 2e+05]
  Objective range  [7e+00, 6e+01]
  Bounds range     [1e+00, 2e+03]
  RHS range        [1e+00, 2e+05]

Presolve removed 41130 rows and 120 columns
Presolve time: 2.73s
Presolved: 89314 rows, 79470 columns, 407655 nonzeros
Variable types: 375 continuous, 79095 integer (70665 binary)
Deterministic concurrent LP optimizer: primal and dual simplex
Showing primal log only...


Root simplex log...

Iteration    Objective       Primal Inf.    Dual Inf.      Time
   15076    6.1392598e+02   3.068156e+02   9.424776e+09      5s
   25402    5.0479933e+02   7.748082e+01   6.897239e+09     10s
   34755    3.8015108e+02   0.000000e+00   5.212146e+03     15s
   38531    3.4360000e+02   0.000000e+00   0.000000e+00     17s
Concurrent spin time: 3.19s (can be avoided by choosing Method=3)

Solved with primal simplex

Root relaxation: objective 3.436000e+02, 38531 iterations, 16.58 seconds (14.32 work units)

    Nodes    |    Current Node    |     Objective Bounds      |     Work
 Expl Unexpl |  Obj  Depth IntInf | Incumbent    BestBd   Gap | It/Node Time

     0     0  343.60000    0 3289          -  343.60000      -     -   70s
     0     0  343.60000    0 7950          -  343.60000      -     -  138s
     0     0  343.60000    0 13964          -  343.60000      -     -  146s
     0     0  343.60000    0 21555          -  343.60000      -     -  165s
     0     0  343.60000    0 21555          -  343.60000      -     -  165s
     0     0  343.60000    0 2576          -  343.60000      -     -  187s
     0     0  343.60000    0 8393          -  343.60000      -     -  196s
     0     0  343.60000    0 8581          -  343.60000      -     -  197s
     0     0  343.60000    0 11065          -  343.60000      -     -  208s
     0     0  343.60000    0 3557          -  343.60000      -     -  229s
     0     0  343.60000    0 5555          -  343.60000      -     -  234s
     0     0  343.60000    0 16276          -  343.60000      -     -  269s
     0     0  343.60000    0 5716          -  343.60000      -     -  299s
     0     0  343.60000    0 5950          -  343.60000      -     -  308s
     0     0  343.60000    0 15537          -  343.60000      -     -  325s
     0     0  343.60000    0 15537          -  343.60000      -     -  325s
     0     0  343.60000    0 7319          -  343.60000      -     -  353s
     0     0  343.60000    0 7345          -  343.60000      -     -  358s
     0     0  343.60000    0 14024          -  343.60000      -     -  368s
     0     0  343.60000    0 14024          -  343.60000      -     -  368s
     0     0  343.60000    0 8499          -  343.60000      -     -  396s
     0     0  343.60000    0 8499          -  343.60000      -     -  397s
     0     0  343.60000    0 7586          -  343.60000      -     -  405s
     0     2  343.60000    0 7585          -  343.60000      -     -  429s
     1     4  343.60000    1 12321          -  343.60000      -   953  433s
     3     8  343.60000    2 10626          -  343.60000      -   355  442s
     7    12  343.60000    3 10020          -  343.60000      -   774  446s
    11    16  343.60000    4 9536          -  343.60000      -   817  463s
    15    20  343.60000    5 9525          -  343.60000      -   957  496s
    19    53  343.60000    6 9453          -  343.60000      -   775  534s
    52   238  343.60000   30 9509          -  343.60000      -   691  590s
   239   844  343.60000   95 9259          -  343.60000      -   467  659s
   845  1495  343.63517  266 11423          -  343.60000      -   275  687s
  1496  1900  347.68413  358 9117          -  343.60000      -   181  707s
  1901  2192  348.00990  379 9982          -  343.60000      -   157  724s
  2193  2505  348.54227  396 9868          -  343.60000      -   147  744s
  2509  2679  398.72806  417 10727          -  343.60000      -   136  760s
  2693  2861  343.67236   22 5458          -  343.60000      -   137  776s
  2879  3063  343.60000   29 6457          -  343.60000      -   138  789s
  3084  3540  343.61566  105 7223          -  343.60000      -   138  805s
  3561  3933  343.81110  253 7220          -  343.60000      -   123  819s
  3954  4229  344.21529  356 7338          -  343.60000      -   115  835s
  4250  4515  344.43154  403 6679          -  343.60000      -   110  851s
  4539  4789 infeasible  457               -  343.60000      -   108  867s
  4815  4954 infeasible  463               -  343.60000      -   105  969s
  5002  5144  343.60837   57 4632          -  343.60000      -   103  987s
  5214  5145  378.90000  950 7586          -  343.60000      -   102 1263s
  5215  5146  370.50000  392 7586          -  343.60000      -   102 1265s
  5216  5146  361.00000  232 4019          -  343.69520      -   102 1380s
  5217  5147  367.40000  604 4891          -  344.64029      -   102 1413s
  5218  5148  377.80000  894 5806          -  347.30566      -   102 1462s
  5219  5148  372.10000 1535 5813          -  348.38766      -   102 1504s
  5220  5149  389.10000 1068 5552          -  349.97389      -   102 1541s
  5221  5150  353.40000  199 5386          -  350.40553      -   102 1579s
  5222  5150  350.55621   48 5589          -  350.55621      -   102 1620s
  5223  5151  350.58259  124 5755          -  350.58259      -   102 1671s
  5224  5152  352.60000  164 5716          -  350.90631      -   102 1709s
  5225  5152  354.50000  206 5807          -  350.90631      -   102 1755s
  5226  5153  356.10000  255 5562          -  354.52737      -   102 1775s
  5227  5154  358.30000  267 5430          -  354.54383      -   102 1815s
  5228  5154  354.96541  330 5126          -  354.96541      -   102 1833s
  5229  5155  365.50000  346 4857          -  354.96547      -   102 1872s
  5230  5156  356.60000  187 5554          -  354.96996      -   102 1886s
  5231  5156  363.40000  501 5463          -  354.96996      -   102 1927s
  5232  5157  363.60000  842 6175          -  354.96996      -   102 1945s
  5233  5158  354.96996   80 5783          -  354.96996      -   102 1976s
  5234  5158  375.50000  748 6335          -  354.96996      -   102 1988s
  5235  5159  361.00000  377 6904          -  354.96996      -   102 2021s
  5236  5160  363.40000 1189 7430          -  354.96996      -   102 2037s
  5237  5160  355.03741  114 6846          -  355.03741      -   102 2066s
  5238  5161  362.20000  417 6491          -  355.07580      -   102 2079s
  5239  5162  355.09812  137 6219          -  355.09812      -   102 2114s
  5240  5162  355.21473  101 6876          -  355.21473      -   102 2130s
  5241  5163  403.94825 1330 6451          -  355.23825      -   102 2159s
  5242  5164  355.25777  167 6780          -  355.25777      -   102 2172s
  5243  5164  355.33438  121 4023          -  355.33438      -   102 2396s
  5244  5165  362.60000  284 8237          -  355.36726      -   102 2418s
  5245  5166  368.50000  162 5287          -  355.46253      -   102 2460s
  5246  5166  381.20000  607 6195          -  355.46253      -   102 2470s
  5247  5167  369.00000 1335 4220          -  355.66371      -   102 2498s
  5248  5168  377.60000 1540 4712          -  355.66371      -   101 2513s
  5249  5168  355.85535   63 3873          -  355.85535      -   101 2553s
  5250  5169  357.10000  108 5378          -  355.85608      -   101 2565s
  5251  5170  356.03972   59 3671          -  356.03972      -   101 2595s
  5252  5170  356.20000  125 2819          -  356.20000      -   101 2604s
  5253  5171  356.20000  316 3255          -  356.20000      -   101 2635s
  5254  5172  364.40000  440 2946          -  356.20000      -   101 2647s
  5255  5172  356.20000   28  685          -  356.20000      -   101 2685s
  5256  5173  366.50000  502 1810          -  356.20000      -   101 2696s
  5257  5174  363.40000 1526  887          -  356.20000      -   101 2722s
  5258  5174  364.10000  445 2298          -  356.20000      -   101 2735s
  5259  5175  367.50000  667 2102          -  356.20000      -   101 2779s
  5260  5176  367.50000  425 3251          -  356.20000      -   101 2790s
  5261  5176  373.40000  401 1777          -  356.20000      -   101 2813s
  5264  5180  404.56060  968 7586          -  356.20000      -   226 2843s
  5266  5181  356.20000   88 5537          -  356.20000      -   226 2945s
  5267  5182  363.30000 1182 4374          -  356.20000      -   226 2986s
  5268  5183  356.20000   66 4836          -  356.20000      -   225 3019s
  5269  5183  365.90000  289 1519          -  356.20000      -   225 3070s
  5270  5184  356.20000  153 3617          -  356.20000      -   225 3114s
  5271  5185  373.40000  400 4073          -  356.20000      -   225 3143s
  5272  5185  356.20000  720 6701          -  356.20000      -   225 3169s
  5273  5186  360.20000  397 3288          -  356.20000      -   225 3203s
  5274  5187  370.60000  290 4476          -  356.20000      -   225 3219s
  5275  5187  381.80000  998  818          -  356.20000      -   225 3251s
  5276  5188  356.20000  117 2351          -  356.20000      -   225 3272s
  5277  5189  372.80000  297  546          -  356.20000      -   225 3325s
  5278  5189  360.70000  403 1890          -  356.20000      -   225 3339s
  5279  5190  403.78376 1087 3618          -  356.20000      -   225 3372s
  5280  5191  365.50000  135 4352          -  356.20000      -   225 3382s
  5281  5191  356.20000  568 1488          -  356.20000      -   225 3412s
  5282  5192  356.20000   23 3664          -  356.20000      -   225 3425s
  5283  5193  356.20000  176 1471          -  356.20000      -   225 3461s
  5284  5193  370.00000  611 2700          -  356.20000      -   225 3472s
  5285  5194  356.20000   42  832          -  356.20000      -   225 3495s
  5286  5195  363.90000  265  658          -  356.20000      -   225 3509s
  5287  5195  356.20000   11  658          -  356.20000      -   225 3587s
  5288  5199  356.20000   25 1894          -  356.20000      -   288 3616s
  5290  5202  356.20000   26 2420          -  356.20000      -   289 3624s
  5294  5205  356.20000   27 2289          -  356.20000      -   290 3627s
  5298  5210  356.20000   28 3149          -  356.20000      -   291 3633s
  5304  5215  356.50000   29 4535          -  356.20000      -   291 3643s
  5311  5217  356.60216   30 5829          -  356.20000      -   293 3649s
  5316  5221  356.20000   31 3893          -  356.20000      -   294 3721s
  5323  5222  359.29215   32 7324          -  356.20000      -   296 3736s
  5329  5227  356.20000   32 4349          -  356.20000      -   296 3778s
  5337  5232  356.20000   34 4369          -  356.20000      -   298 3812s
  5344  5236  360.17887   35 5949          -  356.20000      -   301 3826s
  5351  5243  356.20000   35 4354          -  356.20000      -   302 3855s
  5360  5248  356.20000   37 6278          -  356.20000      -   303 3965s
  5368  5258  356.20000   38 5829          -  356.20000      -   304 3976s
  5382  5258  356.20000   39 6285          -  356.20000      -   305 3990s
  5386  5260  356.44071   39 4366          -  356.20000      -   306 4004s
  5390  5263  356.20000   40 4538          -  356.20000      -   307 4019s
  5394  5266  356.40821   40 6069          -  356.20000      -   308 4032s
  5398  5268  359.57811   41 6632          -  356.20000      -   309 4054s
  5402  5271  356.20000   41 4816          -  356.20000      -   310 4077s
  5406  5274  356.20000   42 4818          -  356.20000      -   311 4141s
  5410  5276  356.40821   42 5486          -  356.20000      -   311 4185s
  5414  5279  356.20000   43 4818          -  356.20000      -   312 4210s
  5418  5282  361.78623   43 5337          -  356.20000      -   313 4243s
  5422  5284  356.20000   44 3875          -  356.20000      -   313 4298s
  5426  5287  357.87695   44 5343          -  356.20000      -   314 4315s
  5430  5290  356.20000   45 3872          -  356.20000      -   314 4380s
  5436  5294  357.90785   45 5731          -  356.20000      -   316 4430s
  5442  5298  356.20000   46 3848          -  356.20000      -   316 4463s
  5448  5301  357.21517   46 4084          -  356.20000      -   317 4496s
  5453  5307  356.20000   47 4408          -  356.20000      -   318 4544s
  5461  5329  356.50000   48 4931          -  356.20000      -   319 4563s
  5486  5329  356.20000   52 3466          -  356.20000      -   321 4609s
  5494  5360  356.20000   54 3644          -  356.20000      -   322 4624s
  5530  5373  356.20000   57 3483          -  356.20000      -   324 4642s
  5559  5399  359.38134   59 7893          -  356.20000      -   326 4660s
  5597  5396  356.20000   62 4845          -  356.20000      -   328 4678s
  5607  5431  356.50000   63 5035          -  356.20000      -   330 4697s
  5650  5434  356.20000   68 6414          -  356.20000      -   332 4718s
  5668  5459  359.80940   69 7251          -  356.20000      -   333 4735s
  5700  5473  356.57850   71 4538          -  356.20000      -   336 4757s
  5724  5486  356.21034   73 4421          -  356.20000      -   339 4803s
  5746  5519  356.21876   74 5539          -  356.20000      -   341 4855s
  5787  5519  362.77404   78 6619          -  356.20000      -   345 4938s
  5800  5553  356.24608   80 6400          -  356.20000      -   345 4960s
  5841  5578  359.45661   82 7425          -  356.20000      -   349 4999s
  5880  5583  356.50000   87 5407          -  356.20000      -   352 5035s
  5900  5627  356.50000   91 5746          -  356.20000      -   355 5062s
  5953  5627  359.50000  101 6618          -  356.20000      -   357 5092s
  5973  5663  359.50000  102 6625          -  356.20000      -   359 5124s
  6023  5667  360.92000  112 4345          -  356.20000      -   362 5155s
  6046  5713  372.55000  116 4115          -  356.20000      -   364 5184s
  6100  5727  371.82998  124 5331          -  356.20000      -   369 5228s
  6136  5738  363.78263  135 5401          -  356.20000      -   373 5285s
  6172  5765  382.26667  143 5105          -  356.20000      -   376 5319s
  6240  5766 infeasible  153               -  356.20000      -   379 5393s
  6267  5824  385.14746  158 5578          -  356.20000      -   382 5442s
  6342  5820  384.45315  175 3076          -  356.20000      -   384 5490s
  6363  5852  388.68628  177 5853          -  356.20000      -   385 5547s
  6402  5861  384.33615  180 5619          -  356.20000      -   387 5628s
  6424  5919  384.34143  182 5104          -  356.20000      -   390 5670s
  6492  5918  384.34518  187 5146          -  356.20000      -   395 5738s
  6517  5983  384.69422  193 1796          -  356.20000      -   396 5786s
  6600  5988  384.70881  195 2754          -  356.20000      -   398 5848s
  6634  6028  384.71611  201 2079          -  356.20000      -   400 5907s
  6694  6014  404.44655  203 1351          -  356.20000      -   401 6010s
  6715  6035  384.72860  204 1583          -  356.20000      -   405 6062s
  6756  6064  408.00029  204 3041          -  356.20000      -   406 6128s
  6798  6064  384.72939  205 1579          -  356.20000      -   409 6203s
  6812  6086  384.72860  205 1584          -  356.20000      -   412 6281s
  6839  6099  384.72988  206 2074          -  356.20000      -   413 6459s
  6861  6101  396.75191  206 1301          -  356.20000      -   413 6545s
  6870  6108  384.73058  207 2072          -  356.20000      -   415 6648s
  6880  6118  416.72688  207 1103          -  356.20000      -   417 6722s
  6894  6123  384.73443  208 1580          -  356.20000      -   419 6804s
  6903  6124  416.99280  208 1224          -  356.20000      -   420 6892s
  6907  6126  384.74089  209 1578          -  356.20000      -   420 6993s
  6911  6134  398.58810  209 1803          -  356.20000      -   421 7113s
  6920  6145  384.74616  210 1688          -  356.20000      -   421 7200s

Cutting planes:
  Gomory: 6
  Cover: 73
  Implied bound: 28
  Projected implied bound: 13
  Clique: 29
  MIR: 77
  StrongCG: 15
  Flow cover: 285
  GUB cover: 13
  Zero half: 25
  RLT: 85
  Relax-and-lift: 13

Explored 6934 nodes (3187057 simplex iterations) in 7200.01 seconds (7860.61 work units)
Thread count was 4 (of 8 available processors)

Solution count 0

Time limit reached
Best objective -, best bound 3.562000000000e+02, gap -
