
Gurobi 13.0.2 (linux64) logging started Fri Jun 26 01:35:52 2026

Set parameter LogFile to value "src/Resultados/Restriccion cota global/logs/R210-25.xml_log.log"
Set parameter Threads to value 4
Gurobi Optimizer version 13.0.2 build v13.0.2rc1 (linux64 - "Rocky Linux 9.7 (Blue Onyx)")

CPU model: QEMU Virtual CPU version 2.5+, instruction set [SSE2]
Thread count: 8 physical cores, 8 logical processors, using up to 4 threads

Non-default parameters:
TimeLimit  7200
Threads  4

Optimize a model with 128531 rows, 78045 columns and 536820 nonzeros (Min)
Model fingerprint: 0x652ed1b2
Model has 10950 linear objective coefficients
Variable types: 16635 continuous, 61410 integer (61395 binary)
Coefficient statistics:
  Matrix range     [1e+00, 2e+05]
  Objective range  [7e+00, 6e+01]
  Bounds range     [1e+00, 2e+03]
  RHS range        [1e+00, 2e+05]

Presolve removed 40920 rows and 120 columns
Presolve time: 2.37s
Presolved: 87611 rows, 77925 columns, 395850 nonzeros
Variable types: 375 continuous, 77550 integer (69120 binary)
Deterministic concurrent LP optimizer: primal and dual simplex
Showing primal log only...


Root simplex log...

Iteration    Objective       Primal Inf.    Dual Inf.      Time
   18549    5.2625520e+02   2.457233e+02   3.736666e+09      5s
   25117    5.1160967e+02   1.492081e+02   5.163890e+09     10s
   31839    5.2615429e+02   6.026842e+01   8.330304e+09     15s
   37793    5.1760084e+02   1.598742e+01   6.908895e+09     20s
   43339    4.4623038e+02   0.000000e+00   1.883569e+04     25s
   49071    3.5464115e+02   0.000000e+00   3.462834e+01     30s
   52715    3.5450000e+02   0.000000e+00   0.000000e+00     33s
Concurrent spin time: 4.15s (can be avoided by choosing Method=3)

Solved with primal simplex

Root relaxation: objective 3.545000e+02, 52715 iterations, 34.32 seconds (31.42 work units)

    Nodes    |    Current Node    |     Objective Bounds      |     Work
 Expl Unexpl |  Obj  Depth IntInf | Incumbent    BestBd   Gap | It/Node Time

     0     0  354.50000    0 3269          -  354.50000      -     -   57s
     0     0  354.50000    0 3429          -  354.50000      -     -   58s
     0     0  354.50000    0 4197          -  354.50000      -     -   80s
     0     0  354.50000    0 4062          -  354.50000      -     -   80s
     0     0  354.50000    0 3726          -  354.50000      -     -   83s
     0     0  354.50000    0 4013          -  354.50000      -     -   98s
     0     0  354.50000    0 1766          -  354.50000      -     -  111s
     0     0  354.50000    0 2250          -  354.50000      -     -  139s
     0     0  354.50000    0 2493          -  354.50000      -     -  139s
     0     0  354.50000    0 3720          -  354.50000      -     -  177s
     0     0  354.50000    0 3836          -  354.50000      -     -  177s
     0     0  354.50000    0 3836          -  354.50000      -     -  200s
     0     0  354.50000    0 8708          -  354.50000      -     -  210s
     0     0  354.50000    0 5241          -  354.50000      -     -  223s
     0     0  354.50000    0 5241          -  354.50000      -     -  240s
     0     0  354.50000    0 4706          -  354.50000      -     -  245s
     0     0  354.61055    0 4806          -  354.61055      -     -  257s
     0     0  354.61055    0 2575          -  354.61055      -     -  309s
     0     0  355.30017    0 10930          -  355.30017      -     -  325s
     0     0  355.30017    0 10929          -  355.30017      -     -  325s
     0     0  355.30017    0 10773          -  355.30017      -     -  328s
     0     0  355.30017    0 12003          -  355.30017      -     -  345s
     0     0  355.30173    0 13278          -  355.30173      -     -  349s
     0     0  355.45115    0 13704          -  355.45115      -     -  373s
     0     0  355.45115    0 4042          -  355.45115      -     -  403s
     0     0  357.09049    0 7907          -  357.09049      -     -  427s
     0     0  357.09049    0 7911          -  357.09049      -     -  427s
     0     0  357.09049    0 7848          -  357.09049      -     -  429s
     0     0  359.09725    0 11216          -  359.09725      -     -  444s
     0     0  359.09725    0 11543          -  359.09725      -     -  450s
     0     0  359.70000    0 11815          -  359.70000      -     -  457s
     0     0  359.70000    0 12366          -  359.70000      -     -  461s
     0     0  359.70000    0 13181          -  359.70000      -     -  471s
     0     0  359.70000    0 12536          -  359.70000      -     -  478s
     0     0  359.70228    0 12711          -  359.70228      -     -  487s
     0     0  359.70228    0 4833          -  359.70228      -     -  554s
     0     0  359.70228    0 5655          -  359.70228      -     -  563s
     0     0  359.76090    0 13368          -  359.76090      -     -  573s
     0     0  359.76150    0 15366          -  359.76150      -     -  578s
     0     0  359.76150    0 12480          -  359.76150      -     -  593s
     0     0  359.84476    0 11784          -  359.84476      -     -  597s
     0     0  359.84476    0 12004          -  359.84476      -     -  597s
     0     0  359.89330    0 10945          -  359.89330      -     -  605s
     0     0  359.89330    0 2791          -  359.89330      -     -  625s
     0     0  359.94095    0 4508          -  359.94095      -     -  629s
     0     0  359.94095    0 6117          -  359.94095      -     -  631s
     0     0  359.94224    0 9216          -  359.94224      -     -  639s
     0     0  359.94224    0 10578          -  359.94224      -     -  644s
     0     0  359.97226    0 9114          -  359.97226      -     -  656s
     0     0  359.97286    0 8181          -  359.97286      -     -  660s
     0     0  359.97286    0 5513          -  359.97286      -     -  668s
     0     0  360.04654    0 8479          -  360.04654      -     -  673s
     0     0  360.04654    0 8133          -  360.04654      -     -  674s
     0     0  360.06763    0 9593          -  360.06763      -     -  681s
     0     0  360.17328    0 8316          -  360.17328      -     -  687s
     0     0  360.17328    0 8216          -  360.17328      -     -  690s
     0     0  360.41775    0 9364          -  360.41775      -     -  706s
     0     0  361.24565    0 7941          -  361.24565      -     -  711s
     0     0  361.24565    0 7956          -  361.24565      -     -  712s
     0     0  362.53350    0 7663          -  362.53350      -     -  718s
     0     0  362.53350    0 7943          -  362.53350      -     -  722s
     0     0  362.56360    0 6758          -  362.56360      -     -  727s
     0     0  362.56360    0 6687          -  362.56360      -     -  728s
     0     0  363.48964    0 8130          -  363.48964      -     -  732s
     0     0  363.48964    0 8319          -  363.48964      -     -  735s
     0     0  363.49084    0 4501          -  363.49084      -     -  751s
     0     0  363.49084    0 6254          -  363.49084      -     -  755s
     0     0  363.51688    0 7160          -  363.51688      -     -  764s
     0     0  363.52817    0 7245          -  363.52817      -     -  772s
     0     0  363.70705    0 7909          -  363.70705      -     -  778s
     0     0  363.71473    0 8116          -  363.71473      -     -  780s
     0     0  363.71473    0 8276          -  363.71473      -     -  781s
     0     0  363.80236    0 7603          -  363.80236      -     -  789s
     0     0  363.80236    0 6444          -  363.80236      -     -  803s
     0     0  364.11448    0 5715          -  364.11448      -     -  814s
     0     0  364.12777    0 5429          -  364.12777      -     -  827s
     0     0  364.12911    0 6873          -  364.12911      -     -  830s
     0     0  364.26543    0 5814          -  364.26543      -     -  837s
     0     0  365.18146    0 5913          -  365.18146      -     -  842s
     0     0  365.23335    0 4636          -  365.23335      -     -  844s
     0     0  365.23335    0 5938          -  365.23335      -     -  845s
     0     0  365.82092    0 6107          -  365.82092      -     -  850s
     0     0  365.82092    0 6560          -  365.82092      -     -  881s
     0     0  365.82092    0 6029          -  365.82092      -     -  890s
     0     0  365.82092    0 5330          -  365.82092      -     -  896s
     0     0  365.95854    0 5776          -  365.95854      -     -  908s
     0     0  365.95854    0 5053          -  365.95854      -     -  939s
     0     0  365.97469    0 9477          -  365.97469      -     -  950s
     0     0  365.97469    0 9766          -  365.97469      -     -  952s
     0     0  365.97469    0 8486          -  365.97469      -     -  954s
     0     0  366.06735    0 12213          -  366.06735      -     -  967s
     0     0  366.06735    0 11824          -  366.06735      -     -  975s
     0     0  366.06735    0 11822          -  366.06735      -     -  975s
     0     0  366.06735    0 9149          -  366.06735      -     -  988s
     0     0  366.20472    0 11344          -  366.20472      -     -  992s
     0     0  366.20472    0 10562          -  366.20472      -     -  993s
     0     0  369.47431    0 9155          -  369.47431      -     - 1001s
     0     0  369.47431    0 2567          -  369.47431      -     - 1027s
     0     0  369.52507    0 4995          -  369.52507      -     - 1036s
     0     0  369.52507    0 6594          -  369.52507      -     - 1038s
     0     0  369.70088    0 5795          -  369.70088      -     - 1043s
     0     0  369.70088    0 6438          -  369.70088      -     - 1048s
     0     0  370.05417    0 8418          -  370.05417      -     - 1058s
     0     0  370.07083    0 7962          -  370.07083      -     - 1065s
     0     0  370.07083    0 6605          -  370.07083      -     - 1072s
     0     0  370.07083    0 6268          -  370.07083      -     - 1080s
     0     0  370.07083    0 6426          -  370.07083      -     - 1084s
     0     0  370.07083    0 6880          -  370.07083      -     - 1090s
     0     0  370.07083    0 6880          -  370.07083      -     - 1092s
     0     0  370.07083    0 1345          -  370.07083      -     - 1129s
     0     2  370.07083    0 1345          -  370.07083      -     - 1163s
     1     4  371.27663    1 5116          -  371.27663      -  5761 1171s
     7    12  371.36944    3 4975          -  371.36944      -  2500 1177s
    11    20  371.40833    4 6852          -  371.36944      -  2021 1180s
    19    25  371.51875    6 5997          -  371.36944      -  1732 1188s
    24    29  388.92500    6 8211          -  371.36944      -  1728 1192s
    28    34  371.51875    7 5840          -  371.36944      -  1613 1198s
    33    39  371.51875    9 6035          -  371.36944      -  1485 1210s
    38    43  371.51875   11 7430          -  371.36944      -  1540 1219s
    42    48  371.51875   12 7613          -  371.36944      -  1563 1228s
    47    55  371.51875   14 8517          -  371.36944      -  1464 1236s
    54    60  371.52308   18 8397          -  371.36944      -  1370 1242s
    59    65  371.60000   20 8299          -  371.36944      -  1301 1249s
    64    71  371.60000   22 8085          -  371.36944      -  1242 1257s
    70    78  371.61354   25 11849          -  371.36944      -  1186 1264s
    77    86  371.68000   29 10201          -  371.36944      -  1133 1272s
    85    91  371.68000   34 11417          -  371.36944      -  1082 1278s
    90    96  371.88000   36 15718          -  371.36944      -  1051 1285s
    95   102  371.99000   38 16025          -  371.36944      -  1024 1291s
   101   108  372.18667   41 13137          -  371.36944      -   984 1298s
   107   115  377.07564   43 12958          -  371.36944      -   981 1304s
   114   123  373.21250   46 12387          -  371.36944      -   961 1312s
   122   126  379.67106   50 13291          -  371.36944      -   968 1323s
   131   135  376.84278   52 13796          -  371.36944      -   995 1330s
   140   139  376.78944   57 12787          -  371.36944      -   986 1339s
   144   149  375.18763   58 13495          -  371.36944      -   988 1376s
   154   160  375.40476   64 13531          -  371.36944      -   947 1406s
   165   167  375.53189   72 15475          -  371.36944      -   943 1415s
   173   171  375.54413   77 14048          -  371.36944      -   953 1423s
   178   176  375.54413   79 12770          -  371.36944      -   956 1433s
   185   189  375.54413   82 13453          -  371.36944      -   970 1442s
   198   200  375.82413   92 12246          -  371.36944      -   945 1458s
   209   211  376.18129  100 11796          -  371.36944      -   926 1480s
   220   215  376.18878  108 12558          -  371.36944      -   930 1493s
   224   221  376.18878  109 13246          -  371.36944      -   923 1536s
   230   236  376.18878  112 11395          -  371.36944      -   922 1581s
   245   241  377.00826  123 12138          -  371.36944      -   905 1603s
   250   251  376.76413  125 10011          -  371.36944      -   931 1627s
   260   266  382.45000  132 11587          -  371.36944      -   919 1640s
   275   278  383.13305  134 11333          -  371.36944      -   905 1653s
   288   284  385.59622  136 10605          -  371.36944      -   912 1684s
   304   295  387.58948  137 10179          -  371.36944      -   933 1713s
   315   314  389.07079  143 8789          -  371.36944      -   951 1726s
   334   358  395.55774  157 10991          -  371.36944      -   938 1743s
   380   369  403.34842  174 10661          -  371.36944      -   882 1931s
   391   376  403.35920  175 10644          -  371.36944      -   874 2068s
   398   380  404.91290  177 10641          -  371.36944      -   866 2197s
   402   384  405.17487  178 10654          -  371.36944      -   863 2326s
   406   406  405.92096  179 10615          -  371.36944      -   858 2481s
   428   417  406.34845  180 10612          -  371.36944      -   837 2611s
   439   423  406.56883  181 10611          -  371.36944      -   851 2757s
   453   449  406.61625  182 9651          -  371.36944      -   860 2902s
   479   499  407.38610  183 9744          -  371.36944      -   834 3029s
   529   594  409.07777  184 12179          -  371.36944      -   803 3056s
   624   674  425.87865  197 11153          -  371.36944      -   759 3086s
   714   816  427.65739  201 8955          -  371.36944      -   722 3115s
   856   944  427.87399  236 8053          -  371.36944      -   635 3138s
   984  1062  432.38509  257 8662          -  371.36944      -   590 3160s
  1103  1063  372.80000  216 1345          -  371.36944      -   556 3254s
  1104  1064  371.94000   72 1345          -  371.36944      -   555 3255s
  1105  1064  376.23991  112 3723          -  371.36944      -   555 3395s
  1106  1065  427.87399  212 4223          -  371.36944      -   554 3452s
  1107  1066  371.51875   30 4446          -  371.36944      -   554 3525s
  1108  1066  372.23418   63 4030          -  371.36944      -   553 3541s
  1109  1067  390.19898   36 3859          -  371.36944      -   553 3553s
  1110  1068  403.97649  175 3607          -  371.36944      -   552 3594s
  1111  1068  374.84642   36 3406          -  371.36944      -   552 3732s
  1112  1069  372.60303  113 3655          -  372.60303      -   551 3812s
  1113  1070  372.72882  164 4313          -  372.72882      -   551 3827s
  1114  1070  399.16746   27 4179          -  372.72939      -   550 3923s
  1115  1071  373.45823   23 3771          -  372.73734      -   550 3973s
  1116  1072  375.69413   89 3735          -  374.17897      -   549 4031s
  1117  1072  379.42500   11 3916          -  374.24937      -   549 4095s
  1118  1073  390.34327  145 2726          -  374.24970      -   548 4105s
  1119  1074  427.87399  229 3220          -  374.64933      -   548 4133s
  1120  1074  374.97585   52 4485          -  374.97585      -   547 4150s
  1121  1075  375.47337   27 4410          -  375.47337      -   547 4157s
  1122  1076  385.95236   46 4360          -  376.70513      -   546 4201s
  1123  1076  432.44157  200 4857          -  376.79513      -   546 4208s
  1124  1077  377.06886   73 4424          -  377.06886      -   545 4218s
  1125  1078  385.79864   83 4134          -  377.07235      -   545 4314s
  1126  1078  383.70415   44 4178          -  377.08097      -   544 4371s
  1127  1079  384.20102   70 4484          -  377.26959      -   544 4378s
  1128  1080  377.41563   12 4312          -  377.41563      -   543 4383s
  1129  1080  377.41563   99 4161          -  377.41563      -   543 4441s
  1130  1081  377.87726   59 4014          -  377.87726      -   542 4500s
  1131  1082  379.34000   69 3433          -  379.34000      -   542 4519s
  1132  1082  384.49590  142 3856          -  379.34000      -   541 4598s
  1133  1083  380.72485   50 4403          -  380.72485      -   541 4665s
  1134  1084  387.45715  142 5133          -  381.92525      -   541 4683s
  1135  1084  381.93030   12 5514          -  381.93030      -   540 4725s
  1136  1085  382.75446  169 3855          -  382.75446      -   540 4795s
  1138  1086  383.52017   37 3269          -  383.10504      -   539 4805s
  1139  1087  385.65822   31 4250          -  383.10683      -   538 4828s
  1140  1088  398.55225   15 4342          -  383.28397      -   538 4863s
  1141  1088  407.13139   48 4260          -  383.75697      -   537 4870s
  1142  1089  384.02327   48 4280          -  384.02327      -   537 4887s
  1143  1090  384.24208   84 5482          -  384.24208      -   536 4896s
  1145  1091  384.35275    6 5114          -  384.35275      -   535 4909s
  1146  1092  386.22500   12 5773          -  384.36000      -   535 4911s
  1147  1092  437.60050  262 5363          -  384.36000      -   534 4931s
  1148  1093  389.12017   52 4740          -  384.44209      -   534 4961s
  1149  1094  398.43750  107 4851          -  384.66253      -   533 4966s
  1151  1095  395.48750   76 4295          -  384.70380      -   533 4987s
  1152  1096  408.47101   51 4086          -  384.92833      -   532 5035s
  1153  1096  384.97043   62 3550          -  384.97043      -   532 5054s
  1154  1097  384.97632  162 3746          -  384.97632      -   531 5088s
  1155  1098  433.92188  262 4414          -  384.98333      -   531 5199s
  1156  1098  384.98796   46 4965          -  384.98796      -   530 5211s
  1157  1099  385.00435   10 4739          -  385.00435      -   530 5218s
  1158  1100  385.00435  138 4664          -  385.00435      -   529 5242s
  1159  1100  398.58750   38 5489          -  385.08560      -   529 5294s
  1160  1101  388.24839  143 4593          -  385.13780      -   528 5301s
  1161  1102  385.14000   60 4477          -  385.14000      -   528 5325s
  1162  1102  385.40455  154 2211          -  385.40455      -   528 5441s
  1163  1103  385.40455  169 2952          -  385.40455      -   527 5458s
  1164  1104  385.77582  170 5422          -  385.77582      -   527 5512s
  1165  1104  391.42511  173 2826          -  385.84892      -   526 5516s
  1166  1105  385.88203  125 4483          -  385.88203      -   526 5527s
  1167  1106  385.93885   14 5145          -  385.93885      -   525 5532s
  1168  1106  385.95015   22 4725          -  385.95015      -   525 5535s
  1171  1108  385.97835  124 5563          -  385.97835      -   523 5554s
  1172  1109  387.05563   19 4309          -  387.05563      -   523 5603s
  1173  1110  387.21825   19 4252          -  387.21825      -   523 5612s
  1174  1110  396.73797  161 4718          -  387.21825      -   522 5639s
  1175  1111  387.76773   96 4715          -  387.76773      -   522 5691s
H 1175  1054                     534.8000000  387.76773  27.5%   522 5698s
H 1175  1000                     523.2000000  387.76773  25.9%   522 5698s
  1176  1001  387.76773   28 7576  523.20000  387.76773  25.9%   521 5722s
  1177  1001  387.88382   60 6092  523.20000  387.88382  25.9%   521 5777s
H 1177   950                     519.9000000  388.18106  25.3%   521 5783s
H 1177   901                     512.9000000  388.18106  24.3%   521 5783s
H 1177   854                     509.0000000  388.18106  23.7%   521 5783s
H 1177   810                     506.7000000  388.18106  23.4%   521 5783s
  1179   812  388.26506   54 5828  506.70000  388.26506  23.4%   520 5785s
  1180   812  388.26860  128 6130  506.70000  388.26860  23.4%   519 5809s
  1181   813  388.32749   89 5225  506.70000  388.32749  23.4%   519 5843s
  1182   814  427.87399  225 5641  506.70000  388.32749  23.4%   519 5864s
  1183   814  388.34721   11 5286  506.70000  388.34721  23.4%   518 5904s
  1184   815  388.36025   40 6033  506.70000  388.36025  23.4%   518 5906s
  1185   816  388.36534   87 6065  506.70000  388.36534  23.4%   517 5926s
  1186   816  388.36542   31 5676  506.70000  388.36542  23.4%   517 5964s
  1187   817  388.37251   29 6371  506.70000  388.37251  23.4%   516 5967s
  1188   818  388.37688   96 6589  506.70000  388.37688  23.4%   516 5992s
  1189   818  388.55695  142 6116  506.70000  388.55695  23.3%   516 6039s
  1190   819  398.37083  171 7291  506.70000  388.56737  23.3%   515 6045s
  1191   820  388.57144   20 7172  506.70000  388.57144  23.3%   515 6074s
  1192   820  388.67536  117 6760  506.70000  388.67536  23.3%   514 6124s
  1193   821  399.16746   27 5130  506.70000  388.91921  23.2%   514 6136s
H 1193   779                     499.9000000  388.97762  22.2%   514 6146s
H 1193   738                     492.9000000  388.97762  21.1%   514 6146s
H 1193   700                     490.6000000  388.97762  20.7%   514 6146s
  1195   701  389.01834   10 5613  490.60000  389.01834  20.7%   513 6151s
  1196   702  389.01834   37 5709  490.60000  389.01834  20.7%   513 6169s
  1197   703  389.06315   30 4017  490.60000  389.06315  20.7%   512 6208s
  1198   703  389.10432   41 4424  490.60000  389.10432  20.7%   512 6210s
  1200   705  389.11584    5 4311  490.60000  389.11584  20.7%   511 6234s
  1201   705  389.26718   29 4162  490.60000  389.26718  20.7%   510 6275s
  1202   706  389.26718   59 5089  490.60000  389.26718  20.7%   510 6294s
  1203   707  389.33158  216 5213  490.60000  389.33158  20.6%   510 6335s
  1205   708  389.39495  112 5505  490.60000  389.39495  20.6%   509 6358s
  1206   709  427.87399  212 5262  490.60000  389.44378  20.6%   508 6402s
  1208   710  389.47906   63 4721  490.60000  389.47906  20.6%   507 6421s
  1209   711  390.19898   36 5693  490.60000  389.64953  20.6%   507 6456s
  1211   712  389.76607   36 6139  490.60000  389.76607  20.6%   506 6460s
  1212   713  389.76955  113 5652  490.60000  389.76955  20.6%   506 6484s
  1213   713  389.83789  164 5089  490.60000  389.83789  20.5%   505 6520s
  1216   715  389.90229   89 4661  490.60000  389.90229  20.5%   504 6541s
  1217   716  389.95603   11 4746  490.60000  389.95603  20.5%   504 6584s
  1218   717  390.34327  145 4986  490.60000  389.97457  20.5%   503 6589s
  1219   717  427.87399  229 4859  490.60000  389.98151  20.5%   503 6590s
  1220   718  389.98485   52 4796  490.60000  389.98485  20.5%   502 6611s
  1221   719  390.05614   27 4379  490.60000  390.05614  20.5%   502 6660s
  1222   719  390.05614   46 4373  490.60000  390.05614  20.5%   502 6677s
  1223   720  432.44157  200 4793  490.60000  390.22926  20.5%   501 6721s
  1224   721  390.25675   73 5016  490.60000  390.25675  20.5%   501 6727s
  1225   721  390.26124   83 4711  490.60000  390.26124  20.5%   500 6747s
  1226   722  390.31868   44 4548  490.60000  390.31868  20.4%   500 6785s
  1227   723  390.32334   70 4694  490.60000  390.32334  20.4%   500 6802s
  1228   723  390.35616   12 4843  490.60000  390.35616  20.4%   499 6838s
  1229   724  390.38255   99 4318  490.60000  390.38255  20.4%   499 6841s
  1230   725  390.38565   59 4635  490.60000  390.38565  20.4%   498 6858s
  1231   725  390.41679   69 4949  490.60000  390.41679  20.4%   498 6896s
  1233   727  390.42825   50 4772  490.60000  390.42825  20.4%   497 6915s
  1234   727  390.46670  142 3694  490.60000  390.46670  20.4%   497 6957s
  1236   729  390.51335  169 4231  490.60000  390.51335  20.4%   496 6961s
  1237   729  390.51981  116 4087  490.60000  390.51981  20.4%   496 6976s
  1238   730  390.54536   37 4626  490.60000  390.54536  20.4%   495 7018s
  1240   731  398.55225   15 4847  490.60000  390.57491  20.4%   494 7036s
  1241   732  407.13139   48 4695  490.60000  390.67116  20.4%   494 7069s
  1242   733  390.68822   48 4550  490.60000  390.68822  20.4%   494 7071s
  1243   733  390.69376   84 4795  490.60000  390.69376  20.4%   493 7088s
  1244   734  390.73928   50 4489  490.60000  390.73928  20.4%   493 7123s
  1246   735  390.77255   12 4667  490.60000  390.77255  20.3%   492 7140s
  1247   736  437.60050  262 3956  490.60000  390.83412  20.3%   492 7182s
  1249   737  398.43750  107 4145  490.60000  390.85063  20.3%   491 7187s

Cutting planes:
  Gomory: 2
  Cover: 104
  Implied bound: 29
  Projected implied bound: 6
  Clique: 4
  MIR: 122
  Mixing: 1
  StrongCG: 11
  Flow cover: 229
  GUB cover: 133
  Zero half: 83
  RLT: 70
  Relax-and-lift: 20

Explored 1249 nodes (2815312 simplex iterations) in 7201.27 seconds (6669.29 work units)
Thread count was 4 (of 8 available processors)

Solution count 9: 490.6 492.9 499.9 ... 534.8

Time limit reached
Best objective 4.906000000000e+02, best bound 3.909000000000e+02, gap 20.3221%
