
Gurobi 13.0.2 (linux64) logging started Thu Jul  2 01:27:07 2026

Set parameter LogFile to value "src/Resultados/Restriccion demanda/logs/R101-25.xml_log.log"
Set parameter Threads to value 4
Gurobi Optimizer version 13.0.2 build v13.0.2rc1 (linux64 - "Rocky Linux 9.7 (Blue Onyx)")

CPU model: QEMU Virtual CPU version 2.5+, instruction set [SSE2]
Thread count: 8 physical cores, 8 logical processors, using up to 4 threads

Non-default parameters:
TimeLimit  7200
Threads  4

Optimize a model with 96398 rows, 57015 columns and 572460 nonzeros (Min)
Model fingerprint: 0x6bd550f5
Model has 4530 linear objective coefficients
Variable types: 12990 continuous, 44025 integer (44010 binary)
Coefficient statistics:
  Matrix range     [1e+00, 4e+04]
  Objective range  [7e+00, 6e+01]
  Bounds range     [1e+00, 2e+03]
  RHS range        [1e+00, 4e+04]

Presolve removed 30735 rows and 240 columns (presolve time = 5s)...
Presolve removed 31290 rows and 240 columns
Presolve time: 7.01s
Presolved: 65108 rows, 56775 columns, 275865 nonzeros
Variable types: 0 continuous, 56775 integer (48525 binary)
Deterministic concurrent LP optimizer: primal and dual simplex
Showing primal log only...


Root simplex log...

Iteration    Objective       Primal Inf.    Dual Inf.      Time
       0    1.1571000e+03   1.662406e+03   1.201512e+10     18s
   21082    7.2456054e+02   2.754704e+02   2.659050e+09     20s
   27405    7.6527710e+02   1.785905e+02   5.664334e+09     25s
   31962    7.5285173e+02   9.517087e+01   5.437803e+09     30s
   36989    7.5040227e+02   5.181254e+01   7.894447e+08     35s
   40958    7.5355286e+02   2.047348e+01   1.124478e+09     40s
   44045    7.5486030e+02   4.118340e+00   2.881405e+09     45s
   46691    7.2756094e+02   7.041490e-01   2.311840e+08     50s
   49389    6.7075079e+02   0.000000e+00   1.798854e+06     55s
   51923    6.4492389e+02   0.000000e+00   9.115051e+02     60s
   53687    6.2982986e+02   0.000000e+00   9.048980e+05     65s
   55234    6.2386179e+02   0.000000e+00   4.649256e+07     70s
   56953    6.1710000e+02   7.958686e+02   0.000000e+00     75s
   57904    6.1710000e+02   0.000000e+00   0.000000e+00     79s
Concurrent spin time: 17.94s (can be avoided by choosing Method=3)

Solved with primal simplex

Root relaxation: objective 6.171000e+02, 57904 iterations, 84.32 seconds (42.75 work units)

    Nodes    |    Current Node    |     Objective Bounds      |     Work
 Expl Unexpl |  Obj  Depth IntInf | Incumbent    BestBd   Gap | It/Node Time

     0     0  617.10000    0 5956          -  617.10000      -     -  129s
     0     0  617.10000    0 5688          -  617.10000      -     -  136s
     0     0  617.10000    0 6553          -  617.10000      -     -  185s
     0     0  617.10000    0 6736          -  617.10000      -     -  199s
     0     0  617.10000    0 6317          -  617.10000      -     -  245s
     0     0  617.10000    0 6317          -  617.10000      -     -  245s
     0     0  617.10000    0 2738          -  617.10000      -     -  285s
     0     0  617.10000    0 3290          -  617.10000      -     -  296s
     0     0  617.10000    0 2880          -  617.10000      -     -  323s
     0     0  617.10000    0 2742          -  617.10000      -     -  338s
     0     0  617.10000    0 2824          -  617.10000      -     -  340s
     0     0  617.10000    0 2879          -  617.10000      -     -  340s
     0     0  617.10000    0 3098          -  617.10000      -     -  352s
     0     0  617.10000    0 3098          -  617.10000      -     -  352s
     0     0  617.10000    0 1782          -  617.10000      -     -  402s
     0     0  617.10000    0 2542          -  617.10000      -     -  404s
     0     0  617.10000    0 3611          -  617.10000      -     -  420s
     0     0  617.10000    0 2162          -  617.10000      -     -  447s
     0     0  617.10000    0 2302          -  617.10000      -     -  449s
     0     0  617.10000    0 2301          -  617.10000      -     -  449s
     0     0  617.10000    0 2252          -  617.10000      -     -  451s
     0     0  617.10000    0 2252          -  617.10000      -     -  482s
     0     0  617.10000    0 2252          -  617.10000      -     -  507s
     0     0  617.10000    0 1415          -  617.10000      -     -  545s
     0     2  617.10000    0  523          -  617.10000      -     -  602s
     1     4  617.10000    1 2739          -  617.10000      -  3981  609s
     3     8  617.10000    2 3788          -  617.10000      -  2929  618s
     7    10  617.10000    3 4184          -  617.10000      -  3210  622s
    11    15  617.10000    4 3118          -  617.10000      -  2306  634s
    16    25  617.10000    6 1730          -  617.10000      -  2869  660s
    26    33  617.10000    7 1726          -  617.10000      -  2544  673s
    34    41  617.10000    8 1838          -  617.10000      -  2228  688s
    42    48  617.10000    9 1426          -  617.10000      -  2123  701s
    49    57  617.10000   10 2725          -  617.10000      -  2032  722s
    58    92  617.10000   12 3775          -  617.10000      -  1930  744s
    93   124  617.10000   31 3047          -  617.10000      -  1379  781s
   125   172  617.10000   45 3073          -  617.10000      -  1303  839s
   173   369  617.10000   52 3049          -  617.10000      -  1426  912s
   370   661  617.10000   60 3531          -  617.10000      -   851  954s
   662   829  620.20983  164 3636          -  617.10000      -   567  988s
   832   945  622.02897  220 3443          -  617.10000      -   517 1017s
   951  1390  625.50000  256 4086          -  617.10000      -   495 1055s
  1398  1755  625.50000  322 2873          -  617.10000      -   364 1091s
  1793  1925  625.50000  441 3369          -  617.10000      -   322 1123s
  1965  2003  625.50000  507 2548          -  617.10000      -   324 1153s
  2043  2086  625.50000  543 2896          -  617.10000      -   336 1201s
  2126  2392  625.50000  544 2698          -  617.10000      -   339 1252s
  2440  2434  625.50000  545 2593          -  617.10000      -   307 1295s
  2482  2458  625.50000  549 2989          -  617.10000      -   311 1330s
  2506  2595  625.50000  550 3410          -  617.10000      -   313 1378s
  2645  2644  625.50000  664 1708          -  617.10000      -   312 1420s
  2694  2686  625.50000  680 2121          -  617.10000      -   323 1453s
  2736  2741  625.50000  692 2187          -  617.10000      -   336 1487s
  2793  2828  625.50000  699 1986          -  617.10000      -   347 1522s
  2888  2882  625.50000  720 2241          -  617.10000      -   362 1555s
  2944  2945  625.50000  733 3406          -  617.10000      -   380 1593s
  3011  3119  625.50000  756 3133          -  617.10000      -   392 1639s
  3203  3211  625.50000  774 2998          -  617.10000      -   398 1676s
  3343  3386  626.17670  815 4174          -  617.10000      -   407 1712s
  3550  3477  617.10000    6 4365          -  617.10000      -   411 1753s
  3647  3478  617.10000   37 1415          -  617.10000      -   423 2236s
  3649  3479  617.10000   25 2405          -  617.10000      -   423 2392s
  3650  3480  617.10000  143 1875          -  617.10000      -   422 2425s
  3651  3481  633.60000  343 2823          -  617.10000      -   422 2487s
  3652  3481  648.80000  663 1517          -  617.10000      -   422 2547s
  3653  3482  633.60000  373 1826          -  617.10000      -   422 2591s
  3654  3483  639.10000  138 1525          -  617.10000      -   422 2643s
  3655  3483  633.60000  363 1472          -  617.10000      -   422 2681s
  3656  3484  617.10000  121 1703          -  617.10000      -   422 2716s
  3657  3485  617.10000   37 2721          -  617.10000      -   422 2753s
  3658  3485  633.60000  243 1724          -  617.10000      -   422 2792s
  3659  3486  625.50000  385 1645          -  617.10000      -   421 2822s
  3660  3487  621.00000   49 1465          -  617.10000      -   421 2871s
  3661  3487  656.11628  347 1466          -  617.10000      -   421 2912s
  3662  3488  621.70000   93 1466          -  617.10000      -   421 2971s
  3663  3492  617.10000   14 1571          -  617.10000      -   493 3000s
  3665  3494  617.10000   15 1785          -  617.10000      -   495 3010s
  3669  3496  617.10000   16 2885          -  617.10000      -   496 3028s
  3672  3496  617.10000   17 2748          -  617.10000      -   497 3047s
  3673  3500  619.31874   18 2069          -  617.10000      -   498 3085s
  3678  3507  619.31874   19 2066          -  617.10000      -   502 3104s
  3686  3511  619.31874   20 2007          -  617.10000      -   503 3164s
  3693  3514  625.36135   21 1535          -  617.10000      -   510 3185s
  3698  3517  626.97019   22 1529          -  617.10000      -   513 3204s
  3703  3520  625.90000   22 1983          -  617.10000      -   516 3227s
  3708  3524  625.90000   23 1962          -  617.10000      -   518 3244s
  3713  3529  663.70000   23 1591          -  617.10000      -   520 3267s
  3720  3532  625.90000   24 1916          -  617.10000      -   523 3298s
  3725  3537  647.40000   24 1644          -  617.10000      -   524 3328s
  3732  3540  625.90000   25 1678          -  617.10000      -   524 3362s
  3737  3545  630.50000   25 1564          -  617.10000      -   528 3403s
  3744  3551  625.90000   26 1701          -  617.10000      -   532 3472s
  3752  3558  625.90000   26 1722          -  617.10000      -   540 3534s
  3762  3577  625.90000   27 1668          -  617.10000      -   542 3593s
  3784  3584  663.70000   27 1781          -  617.10000      -   547 3645s
  3804  3589  627.72767   28 1628          -  617.10000      -   549 3703s
  3815  3602  625.90000   31 1827          -  617.10000      -   555 3756s
  3832  3605  625.90000   35 1601          -  617.10000      -   560 3819s
  3841  3620  625.90000   37 1454          -  617.10000      -   565 3867s
  3859  3627  625.90000   43 1288          -  617.10000      -   568 3952s
  3872  3639  625.90000   43 1401          -  617.10000      -   574 4020s
  3888  3683  625.90000   44 1175          -  617.10000      -   579 4067s
  3938  3680  625.90000   51 1410          -  617.10000      -   592 4121s
  3952  3709  625.90000   53 1325          -  617.10000      -   599 4178s
  3986  3712  625.90000   57 1243          -  617.10000      -   608 4239s
  4000  3723  625.90000   58 1241          -  617.10000      -   620 4305s
  4017  3725  625.90000   60 1308          -  617.10000      -   624 4375s
  4024  3726  647.40000   62 1539          -  617.10000      -   626 4463s
  4028  3729  625.90000   62 1229          -  617.10000      -   627 4596s
  4032  3737  647.40000   63 1710          -  617.10000      -   629 4686s
  4041  3746  625.90000   63 1298          -  617.10000      -   632 4802s
  4053  3755  625.90000   64 1293          -  617.10000      -   634 4941s
  4066  3764  630.50000   64 1468          -  617.10000      -   639 5070s
  4081  3791  647.40000   65 1783          -  617.10000      -   644 5164s
  4113  3795  625.90000   65 1303          -  617.10000      -   653 5243s
  4127  3805  625.90000   66 1259          -  617.10000      -   658 5319s
  4142  3886  647.40000   70 1579          -  617.10000      -   665 5386s
  4232  3878  625.90000   81 1172          -  617.10000      -   682 5452s
  4256  3961  625.90000   86 1181          -  617.10000      -   686 5515s
  4357  3982  625.90000   95 1091          -  617.10000      -   700 5591s
  4412  4008  625.90000   98 1106          -  617.10000      -   713 5655s
  4460  4102  625.90000  104 1382          -  617.10000      -   720 5723s
  4573  4074  625.90000  117 1086          -  617.10000      -   735 5801s
  4583  4213  625.90000  121  902          -  617.10000      -   737 5867s
  4749  4214  625.90000  144  724          -  617.10000      -   744 5933s
  4823  4342  663.90000  172  504          -  617.10000      -   742 5985s
  5024  4431  712.40000  201  835          -  617.10000      -   738 6035s
  5238  4378 infeasible  236               -  617.10000      -   729 6177s
  5286  4543  621.28058   26 1975          -  617.10000      -   730 6238s
  5497  4510  618.81421   57 1708          -  617.10000      -   726 6297s
  5537  4720  619.29004   67 1882          -  617.10000      -   731 6363s
  5774  4715  621.28468  109 1378          -  617.10000      -   727 6439s
  5862  4844  628.51996  156 1608          -  617.10000      -   727 6499s
  6026  4874  648.30479  195 1685          -  617.10000      -   729 6552s
  6115  5057  659.58331  194 1352          -  617.10000      -   727 6627s
  6376  4990  673.03667  204 1705          -  617.10000      -   721 6690s
  6410  5035  675.30000  210 1256          -  617.10000      -   724 6790s
  6466  5033  675.30000  225 1353          -  617.10000      -   723 6933s
  6483  5053  675.30000  234 1517          -  617.10000      -   724 7018s
  6512  5056  675.30000  235 1505          -  617.10000      -   728 7179s
  6525  5058  675.30000  236 1496          -  617.10000      -   729 7200s

Cutting planes:
  Gomory: 1
  Cover: 1135
  Implied bound: 16
  Clique: 318
  MIR: 324
  StrongCG: 319
  Flow cover: 360
  GUB cover: 419
  Zero half: 2
  RLT: 9
  Relax-and-lift: 546
  BQP: 50

Explored 6531 nodes (5075791 simplex iterations) in 7202.43 seconds (8052.01 work units)
Thread count was 4 (of 8 available processors)

Solution count 0

Time limit reached
Best objective -, best bound 6.171000000000e+02, gap -
