
Gurobi 13.0.2 (linux64) logging started Thu Jul  2 09:32:27 2026

Set parameter LogFile to value "src/Resultados/Restriccion demanda/logs/R103-25.xml_log.log"
Set parameter Threads to value 4
Gurobi Optimizer version 13.0.2 build v13.0.2rc1 (linux64 - "Rocky Linux 9.7 (Blue Onyx)")

CPU model: QEMU Virtual CPU version 2.5+, instruction set [SSE2]
Thread count: 8 physical cores, 8 logical processors, using up to 4 threads

Non-default parameters:
TimeLimit  7200
Threads  4

Optimize a model with 112937 rows, 69000 columns and 973770 nonzeros (Min)
Model fingerprint: 0xd859b509
Model has 10575 linear objective coefficients
Variable types: 14475 continuous, 54525 integer (54510 binary)
Coefficient statistics:
  Matrix range     [1e+00, 4e+04]
  Objective range  [7e+00, 6e+01]
  Bounds range     [1e+00, 2e+03]
  RHS range        [1e+00, 4e+04]

Presolve removed 35085 rows and 240 columns (presolve time = 5s)...
Presolve removed 34995 rows and 150 columns
Presolve time: 5.92s
Presolved: 77942 rows, 68850 columns, 352470 nonzeros
Variable types: 375 continuous, 68475 integer (60540 binary)
Deterministic concurrent LP optimizer: primal and dual simplex
Showing primal log only...


Root simplex log...

Iteration    Objective       Primal Inf.    Dual Inf.      Time
       0    8.9470000e+02   1.621531e+03   2.729675e+10     10s
    7377    5.5733797e+02   5.370354e+02   1.750150e+10     10s
   19168    4.9138966e+02   1.958708e+02   4.520526e+09     15s
   24415    4.8594812e+02   1.331480e+02   7.199490e+09     20s
   29503    4.7409459e+02   6.504276e+01   4.269838e+09     25s
   35541    4.8136357e+02   1.030645e+01   5.734620e+09     30s
   40788    4.9158817e+02   5.528029e-01   3.411599e+08     35s
   46958    3.6380000e+02   0.000000e+00   0.000000e+00     40s
Concurrent spin time: 22.50s (can be avoided by choosing Method=3)

Solved with primal simplex

Root relaxation: objective 3.638000e+02, 46958 iterations, 53.89 seconds (21.53 work units)

    Nodes    |    Current Node    |     Objective Bounds      |     Work
 Expl Unexpl |  Obj  Depth IntInf | Incumbent    BestBd   Gap | It/Node Time

     0     0  363.80000    0 3661          -  363.80000      -     -   75s
     0     0  363.80000    0 3916          -  363.80000      -     -   76s
     0     0  363.80000    0 3537          -  363.80000      -     -   78s
     0     0  363.80000    0 3764          -  363.80000      -     -   78s
     0     0  363.80000    0 3826          -  363.80000      -     -   78s
     0     0  363.80000    0 3827          -  363.80000      -     -   78s
     0     0  363.80000    0 6268          -  363.80000      -     -   98s
     0     0  363.80000    0 7384          -  363.80000      -     -  106s
     0     0  363.80000    0 7477          -  363.80000      -     -  140s
     0     0  363.80000    0 7477          -  363.80000      -     -  140s
     0     0  363.80000    0 2523          -  363.80000      -     -  166s
     0     0  363.80000    0 3338          -  363.80000      -     -  172s
     0     0  363.80000    0 3419          -  363.80000      -     -  173s
     0     0  363.80000    0 5579          -  363.80000      -     -  203s
     0     0  363.80000    0 5572          -  363.80000      -     -  203s
     0     0  363.80000    0 2077          -  363.80000      -     -  240s
     0     0  363.80000    0 5830          -  363.80000      -     -  260s
     0     0  363.80000    0 6342          -  363.80000      -     -  262s
     0     0  363.80000    0 5208          -  363.80000      -     -  269s
     0     0  363.80000    0 5208          -  363.80000      -     -  269s
     0     0  363.80000    0 2265          -  363.80000      -     -  282s
     0     0  363.80000    0 2332          -  363.80000      -     -  285s
     0     0  363.80000    0 9759          -  363.80000      -     -  306s
     0     0  363.80000    0 9759          -  363.80000      -     -  306s
     0     0  363.80000    0 3108          -  363.80000      -     -  320s
     0     0  363.80000    0 3156          -  363.80000      -     -  321s
     0     0  363.87077    0 6066          -  363.87077      -     -  330s
     0     0  363.87077    0 6066          -  363.87077      -     -  330s
     0     0  363.87077    0 3876          -  363.87077      -     -  347s
     0     0  363.87077    0 3943          -  363.87077      -     -  349s
     0     0  365.75948    0 4194          -  365.75948      -     -  361s
     0     0  368.20769    0 3921          -  368.20769      -     -  363s
     0     0  368.20769    0 3918          -  368.20769      -     -  363s
     0     0  368.80000    0 5713          -  368.80000      -     -  367s
     0     0  368.80000    0 7514          -  368.80000      -     -  388s
     0     0  368.80000    0 7193          -  368.80000      -     -  401s
     0     0  368.80000    0 7987          -  368.80000      -     -  403s
     0     0  368.89438    0 8218          -  368.89438      -     -  413s
     0     0  368.89438    0 8218          -  368.89438      -     -  413s
     0     0  368.89438    0 3477          -  368.89438      -     -  426s
     0     0  368.94300    0 2222          -  368.94300      -     -  433s
     0     0  368.94300    0 1688          -  368.94300      -     -  434s
     0     0  368.94300    0 2257          -  368.94300      -     -  439s
     0     0  370.36337    0 3388          -  370.36337      -     -  444s
     0     0  370.38018    0 3637          -  370.38018      -     -  447s
     0     0  370.38018    0 4489          -  370.38018      -     -  449s
     0     0  373.31187    0 5692          -  373.31187      -     -  458s
     0     0  373.32367    0 5355          -  373.32367      -     -  460s
     0     0  373.33202    0 7367          -  373.33202      -     -  468s
     0     0  373.33202    0 6870          -  373.33202      -     -  470s
     0     0  373.33202    0 5054          -  373.33202      -     -  484s
     0     0  373.33202    0 5076          -  373.33202      -     -  485s
     0     0  373.75890    0 6620          -  373.75890      -     -  494s
     0     0  373.75890    0 3490          -  373.75890      -     -  510s
     0     0  374.20198    0 4611          -  374.20198      -     -  513s
     0     0  374.20198    0 4634          -  374.20198      -     -  513s
     0     0  374.20198    0 4974          -  374.20198      -     -  516s
     0     0  374.30594    0 5257          -  374.30594      -     -  524s
     0     0  374.41514    0 4916          -  374.41514      -     -  550s
     0     0  374.55941    0 4464          -  374.55941      -     -  556s
     0     0  374.87377    0 3444          -  374.87377      -     -  559s
     0     0  374.87377    0 4052          -  374.87377      -     -  560s
     0     0  375.90000    0 3577          -  375.90000      -     -  569s
     0     0  375.90000    0 3575          -  375.90000      -     -  569s
     0     0  375.90000    0 4662          -  375.90000      -     -  571s
     0     0  376.00000    0 5037          -  376.00000      -     -  581s
     0     0  376.00000    0 5079          -  376.00000      -     -  585s
     0     0  376.93219    0 5509          -  376.93219      -     -  593s
     0     0  377.43627    0 5036          -  377.43627      -     -  597s
     0     0  377.90000    0 6087          -  377.90000      -     -  605s
     0     0  377.90000    0 6336          -  377.90000      -     -  610s
     0     0  377.90000    0 5622          -  377.90000      -     -  614s
     0     0  377.90000    0 5919          -  377.90000      -     -  618s
     0     0  378.16667    0 5497          -  378.16667      -     -  623s
     0     0  378.16667    0 5497          -  378.16667      -     -  635s
     0     0  378.16667    0 5615          -  378.16667      -     -  639s
     0     0  378.16667    0 6086          -  378.16667      -     -  643s
     0     0  378.16667    0 5941          -  378.16667      -     -  644s
     0     0  378.16667    0 5288          -  378.16667      -     -  648s
     0     0  378.16667    0 5288          -  378.16667      -     -  649s
     0     0  378.16667    0 5288          -  378.16667      -     -  661s
     0     0  378.16667    0 5288          -  378.16667      -     -  663s
     0     0  378.16667    0 5288          -  378.16667      -     -  677s
     0     2  378.46142    0 5288          -  378.46142      -     -  711s
     1     4  378.46142    1 5193          -  378.46142      -  31.0  723s
     3     8  378.46142    2 4913          -  378.46142      -  1427  728s
     7    12  378.46142    3 5252          -  378.46142      -  1675  732s
    11    23  378.46142    4 5209          -  378.46142      -  1435  736s
    26    34  378.46142    7 6273          -  378.46142      -  1080  741s
    33    44  378.46142    8 6013          -  378.46142      -   938  748s
    43    52  378.46142   11 5001          -  378.46142      -   950  751s
    58    67  378.46142   15 6446          -  378.46142      -   840  759s
    66    71  378.46142   17 5850          -  378.46142      -   831  777s
    70    75  378.62060   18 6050          -  378.46142      -   841  794s
    74    79  379.93439   19 5825          -  378.46142      -   822  799s
    78    83  391.33333   19 7126          -  378.46142      -   854  808s
    82    87  380.23880   20 6276          -  378.46142      -   876  814s
    86    91  384.63333   20 6668          -  378.46142      -   887  838s
    90    95  380.23880   21 6274          -  378.46142      -   875  843s
    94   104  380.26174   22 6292          -  378.46142      -   854  863s
   103   113  380.48301   23 6053          -  378.46142      -   799  883s
   112   126  381.37645   24 5605          -  378.46142      -   768  889s
   125   134  382.52409   24 5614          -  378.46142      -   745  895s
   133   149  382.09814   25 5871          -  378.46142      -   726  916s
   150   156  382.74613   27 5685          -  378.46142      -   702  922s
   157   166  382.75000   29 6218          -  378.46142      -   727  928s
   169   178  385.85876   31 6424          -  378.46142      -   737  935s
   185   188  385.36667   32 6738          -  378.46142      -   727  941s
   195   201  385.36667   33 6548          -  378.46142      -   709  950s
   208   216  386.70000   35 7468          -  378.46142      -   716  957s
   223   232  386.70000   36 6691          -  378.46142      -   692  966s
   239   254  386.70459   38 6776          -  378.46142      -   699  976s
   261   282  392.23118   44 7292          -  378.46142      -   685  983s
   291   286  386.97542   45 7436          -  378.46142      -   651 1155s
   295   290  387.14981   46 6915          -  378.46142      -   650 1173s
   299   294  387.01825   46 7817          -  378.46142      -   649 1196s
   303   298  387.19185   47 7345          -  378.46142      -   649 1324s
   307   302  389.96161   48 6142          -  378.46142      -   646 1443s
   311   305  387.19185   48 7379          -  378.46142      -   644 1596s
   315   309  387.19185   49 7507          -  378.46142      -   642 1609s
   319   313  387.19185   50 7567          -  378.46142      -   636 1623s
   323   317  389.62114   51 6117          -  378.46142      -   635 1643s
   327   321  387.19185   51 6961          -  378.46142      -   635 1655s
   331   325  387.19185   52 6720          -  378.46142      -   633 1671s
   335   329  387.19185   53 7430          -  378.46142      -   631 1685s
   339   333  389.17648   54 5925          -  378.46142      -   630 1709s
   343   337  387.19185   54 7841          -  378.46142      -   626 1725s
   347   341  387.19185   55 7288          -  378.46142      -   626 1744s
   351   345  387.20297   56 6816          -  378.46142      -   628 1763s
   355   349  387.20297   57 6277          -  378.46142      -   623 1780s
   359   353  387.21327   58 6235          -  378.46142      -   620 1801s
   363   357  387.25000   59 5938          -  378.46142      -   618 1824s
   367   361  387.45000   60 5451          -  378.46142      -   619 1844s
   371   365  388.05000   60 6403          -  378.46142      -   616 1861s
   375   369  387.50000   61 6571          -  378.46142      -   614 1892s
   379   380  387.55000   62 5353          -  378.46142      -   610 1916s
   390   393  390.20000   63 6134          -  378.46142      -   622 1931s
   403   407  387.55000   63 6509          -  378.46142      -   618 1949s
   417   431  387.55000   64 6241          -  378.46142      -   610 1964s
   441   466  387.82657   65 6200          -  378.46142      -   588 1978s
   476   500  388.01573   66 6088          -  378.46142      -   566 1993s
   510   529  394.35940   66 6059          -  378.46142      -   549 2010s
   539   595  388.03531   67 6642          -  378.46142      -   551 2032s
   605   674  388.03651   68 6641          -  378.46142      -   519 2055s
   685   755  388.08939   69 5849          -  378.46142      -   483 2076s
   772   827  388.13568   73 5823          -  378.46142      -   458 2094s
   844   892  388.83915   86 5422          -  378.46142      -   447 2116s
   909   993  389.20942   92 5020          -  378.46142      -   438 2134s
  1014  1087  389.79510  101 6204          -  378.46142      -   420 2154s
  1108  1180  390.05162  110 5083          -  378.46142      -   404 2174s
  1201  1317  391.27236  125 5354          -  378.46142      -   394 2192s
  1340  1430  392.18905  145 4798          -  378.46142      -   372 2208s
  1453  1614  392.87233  155 4768          -  378.46142      -   359 2224s
  1637  1843  394.02108  184 5052          -  378.46142      -   332 2244s
  1866  2017  394.45894  235 6224          -  378.46142      -   304 2261s
  2040  2175  396.89847  246 5584          -  378.46142      -   290 2280s
  2198  2296  398.73818  270 5806          -  378.46142      -   281 2300s
  2325  2442  400.24290  295 6350          -  378.46142      -   278 2322s
  2471  2616  403.66385  331 5565          -  378.46142      -   274 2341s
  2645  2760  406.13994  389 5242          -  378.46142      -   270 2363s
  2789  2883  409.92478  458 5241          -  378.46142      -   269 2383s
  2925  3035  379.17882    6 5308          -  378.46142      -   271 2404s
  3082  3036  392.87233  158 5288          -  378.46142      -   269 2537s
  3084  3037  397.50000   29 3970          -  378.46142      -   269 2726s
  3085  3038  418.48926  606 4246          -  378.46142      -   269 2765s
  3086  3039  386.86667   42 4527          -  378.46142      -   269 2789s
  3087  3039  394.06589  196 3882          -  378.46142      -   269 2819s
  3088  3040  396.12984  205 4829          -  378.46142      -   269 2874s
  3089  3041  435.18407  413 5099          -  378.46142      -   269 2987s
  3090  3041  389.20000   59 4687          -  378.46142      -   269 3023s
  3091  3042  417.09854  455 4748          -  378.46142      -   268 3046s
  3092  3043  382.92267   25 4934          -  378.46142      -   268 3065s
  3093  3043  391.89703  136 4542          -  378.46142      -   268 3121s
  3094  3044  411.21612  239 4946          -  378.46142      -   268 3156s
  3095  3045  379.79571    4 4852          -  378.46142      -   268 3178s
  3096  3045  442.67566  596 4498          -  380.09424      -   268 3212s
  3097  3046  404.10000   22 4482          -  380.09424      -   268 3426s
  3098  3047  387.90000   39 1971          -  381.11603      -   268 3543s
  3099  3047  421.34771  714 3958          -  381.17703      -   268 3552s
  3100  3048  433.02499  219 3111          -  381.31208      -   268 3558s
  3101  3049  418.42252  611 3325          -  381.59646      -   268 3568s
  3102  3049  426.66667  193 3269          -  381.60474      -   268 3571s
  3103  3050  407.90000   82 4110          -  381.61703      -   267 3576s
  3104  3051  394.41847  232 3754          -  381.62659      -   267 3580s
  3105  3051  423.20000  142 3567          -  381.73010      -   267 3589s
  3106  3052  422.06173  734 3573          -  381.81402      -   267 3596s
  3108  3053  387.40000   23 3514          -  381.81645      -   267 3653s
  3109  3054  527.59208  870 2904          -  381.82874      -   267 3678s
  3110  3055  386.86667   43 3237          -  382.80667      -   267 3686s
  3111  3055  426.54240  265 3755          -  383.29556      -   267 3692s
  3112  3056  442.29896  586 3429          -  383.38802      -   267 3702s
  3113  3057  411.53172  297 3674          -  383.44947      -   267 3707s
  3114  3057  444.26971  636 3493          -  383.47297      -   267 3710s
  3115  3058  395.41386  214 3639          -  383.47297      -   266 3738s
  3116  3059  523.33482  861 3094          -  384.91155      -   266 3800s
  3117  3059  415.22218  317 3220          -  385.71889      -   266 3820s
  3118  3060  437.58338  764 2925          -  385.78527      -   266 3833s
  3119  3061  403.51877   27 2768          -  385.78527      -   266 3868s
  3120  3061  385.79930   34 1760          -  385.79930      -   266 3898s
  3121  3062  385.79930    7 2505          -  385.79930      -   266 3934s
  3122  3063  397.20000   11 2427          -  386.26628      -   266 3985s
  3123  3063  407.90000   78 4019          -  386.30754      -   266 4002s
  3124  3064  409.95753  142 3397          -  386.65928      -   266 4017s
  3125  3065  406.60246  414 3489          -  386.65928      -   266 4050s
  3126  3065  423.70003  173 1672          -  386.76302      -   265 4091s
  3127  3066  460.70702  762 3498          -  386.91942      -   265 4116s
  3129  3067  409.90000  140 2739          -  387.00214      -   265 4131s
  3130  3068  404.70000  145 3527          -  387.01279      -   265 4137s
  3131  3069  439.18159  773 3717          -  387.01279      -   265 4167s
  3132  3069  404.79333   64 2511          -  387.51840      -   265 4213s
  3133  3070  440.30594  525 2428          -  387.52894      -   265 4226s
  3134  3071  390.95923   48 3002          -  387.55668      -   265 4242s
  3135  3071  401.91818   40 2628          -  387.57253      -   265 4266s
  3136  3072  392.73252   90 4110          -  387.57265      -   265 4307s
  3137  3073  415.21600  400 2394          -  387.65729      -   265 4360s
  3138  3073  436.69423  765 3422          -  387.73010      -   264 4377s
  3139  3074  396.05796  108 4329          -  387.86474      -   264 4394s
  3140  3075  419.46667  491 3832          -  387.86578      -   264 4428s
  3141  3075  432.00000  132 3853          -  388.00120      -   264 4486s
  3143  3077  388.05134    8 3714          -  388.05134      -   264 4492s
  3144  3077  409.98869  286 3224          -  388.05134      -   264 4514s
  3145  3078  433.74696   49 3582          -  388.21821      -   264 4570s
  3146  3079  508.99324  797 4247          -  388.26189      -   264 4595s
  3147  3079  388.35494   22 3469          -  388.35494      -   264 4606s
  3148  3080  389.25435   55 3073          -  388.40312      -   264 4610s
  3149  3081  417.37433  518 3363          -  388.43379      -   264 4616s
  3150  3081  457.87910  785 3465          -  388.49434      -   263 4628s
  3151  3082  432.40510  358 3093          -  388.52424      -   263 4632s
  3153  3083  445.17908  661 2944          -  388.54251      -   263 4635s
  3154  3084  437.29056  395 2655          -  388.54251      -   263 4654s
  3155  3085  422.84260  747 4121          -  389.03855      -   263 4839s
  3156  3085  389.18577    6 3852          -  389.18577      -   263 4903s
  3157  3086  409.90000  136 3837          -  389.21454      -   263 4906s
  3158  3087  420.75648  701 3571          -  389.21454      -   263 4929s
  3159  3087  393.66347  135 2444          -  389.55395      -   263 4960s
  3161  3089  392.98407  161 3001          -  389.61234      -   263 4967s
  3162  3089  407.06419  397 2786          -  389.61291      -   262 4983s
  3163  3090  409.76726  108 2905          -  389.61968      -   262 5015s
  3164  3091  423.67478  190 3488          -  389.62094      -   262 5030s
  3165  3091  447.52712  729 4165          -  389.63302      -   262 5038s
  3166  3092  439.00234  444 3860          -  389.63449      -   262 5057s
  3167  3093  435.60526  762 2944          -  389.65760      -   262 5090s
  3168  3093  409.95753  142 2942          -  389.92918      -   262 5105s
  3169  3094  433.49400  372 3698          -  390.00833      -   262 5120s
  3170  3095  441.85385  575 4535          -  390.09003      -   262 5126s
  3171  3095  411.47942  287 4427          -  390.09003      -   262 5165s
  3172  3096  411.31093  219 4767          -  390.10000      -   262 5206s
  3173  3097  418.41210  610 4453          -  390.58025      -   262 5224s
  3174  3097  390.58025   41 5750          -  390.58025      -   261 5253s
  3175  3098  390.68807   42 2925          -  390.68807      -   261 5304s
H 3175  2941                     627.2000000  390.69615  37.7%   261 5310s
  3177  2942  390.79806   82 3562  627.20000  390.79806  37.7%   261 5320s
  3178  2943  406.45249  399 3878  627.20000  390.99253  37.7%   261 5334s
  3179  2944  447.42525  723 4153  627.20000  391.01708  37.7%   261 5337s
  3180  2944  391.01708   31 4183  627.20000  391.01708  37.7%   261 5369s
  3181  2945  391.08312    6 3336  627.20000  391.08312  37.6%   261 5404s
  3182  2946  392.87233  158 3841  627.20000  391.09382  37.6%   261 5406s
  3184  2947  397.50000   29 4030  627.20000  391.10215  37.6%   261 5432s
H 3184  2798                     604.9000000  391.21990  35.3%   261 5475s
  3186  2799  391.24428   42 4126  604.90000  391.24428  35.3%   260 5481s
  3187  2800  394.06589  196 3956  604.90000  391.24428  35.3%   260 5513s
  3188  2801  396.12984  205 2581  604.90000  391.24551  35.3%   260 5545s
  3189  2801  435.18407  413 2694  604.90000  391.24551  35.3%   260 5564s
  3190  2802  391.30476   59 2670  604.90000  391.30476  35.3%   260 5592s
  3191  2803  417.09854  455 2599  604.90000  391.33024  35.3%   260 5595s
  3193  2804  391.89703  136 3049  604.90000  391.37044  35.3%   260 5601s
  3194  2805  411.21612  239 3226  604.90000  391.37048  35.3%   260 5616s
  3195  2805  391.54981    4 3661  604.90000  391.54981  35.3%   260 5671s
  3196  2806  442.67566  596 3127  604.90000  391.61780  35.3%   260 5684s
  3197  2807  404.10000   22 4435  604.90000  391.67040  35.3%   260 5692s
  3198  2807  391.72459   39 3987  604.90000  391.72459  35.2%   260 5699s
  3199  2808  421.34771  714 3726  604.90000  391.72667  35.2%   259 5704s
  3200  2809  433.02499  219 3596  604.90000  391.72667  35.2%   259 5725s
  3201  2809  418.42252  611 2960  604.90000  391.74575  35.2%   259 5769s
  3202  2810  426.66667  193 3470  604.90000  391.76941  35.2%   259 5774s
  3203  2811  407.90000   82 3157  604.90000  391.78879  35.2%   259 5785s
  3205  2812  423.20000  142 3007  604.90000  391.79538  35.2%   259 5808s
  3206  2813  422.06173  734 2851  604.90000  391.81303  35.2%   259 5840s
  3207  2813  432.00000  132 4022  604.90000  391.81303  35.2%   259 5873s
  3208  2814  391.84019   23 3131  604.90000  391.84019  35.2%   259 5907s
  3209  2815  527.59208  870 3292  604.90000  391.84117  35.2%   259 5929s
  3210  2815  391.95196   43 2168  604.90000  391.95196  35.2%   259 5959s
  3211  2816  426.54240  265 3095  604.90000  391.97156  35.2%   258 5970s
  3213  2817  411.53172  297 3279  604.90000  391.98002  35.2%   258 5988s
  3214  2818  444.26971  636 3153  604.90000  391.98002  35.2%   258 6015s
  3215  2819  395.41386  214 3290  604.90000  391.98002  35.2%   258 6027s
  3216  2819  523.33482  861 3286  604.90000  391.98026  35.2%   258 6062s
  3217  2820  415.22218  317 3811  604.90000  391.98026  35.2%   258 6086s
  3218  2821  437.58338  764 1886  604.90000  391.98113  35.2%   258 6118s
  3219  2821  403.51877   27 3397  604.90000  391.98113  35.2%   258 6137s
  3220  2822  391.98113   34 2621  604.90000  391.98113  35.2%   258 6163s
  3221  2823  391.98113    7 2549  604.90000  391.98113  35.2%   258 6181s
H 3221  2679                     585.9000000  391.98362  33.1%   258 6214s
  3225  2683  406.60246  414 5288  585.90000  391.98362  33.1%   563 6267s
H 3226  2549                     582.0000000  391.98362  32.6%   563 6391s
  3227  2549  460.70702  762 5114  582.00000  391.98362  32.6%   563 6581s
H 3227  2422                     581.0000000  391.98362  32.5%   563 6592s
H 3227  2301                     579.9000000  391.98362  32.4%   563 6592s
  3228  2302  432.00000  132 3152  579.90000  391.98362  32.4%   562 6635s
  3229  2303  409.90000  140 5472  579.90000  391.98362  32.4%   562 6651s
  3230  2303  404.70000  145 6236  579.90000  391.98362  32.4%   562 6664s
  3231  2304  439.18159  773 5821  579.90000  391.98362  32.4%   562 6676s
  3232  2305  404.79333   64 5687  579.90000  391.98362  32.4%   562 6686s
  3233  2305  440.30594  525 5904  579.90000  391.98362  32.4%   562 6696s
  3234  2306  391.98362   48 6099  579.90000  391.98362  32.4%   561 6714s
H 3234  2190                     566.4000000  391.98362  30.8%   561 6721s
H 3234  2080                     565.8000000  391.98362  30.7%   561 6721s
H 3234  1976                     549.2000000  391.98362  28.6%   561 6721s
  3236  1977  392.73252   90 6001  549.20000  391.98362  28.6%   561 6736s
  3237  1978  415.21600  400 5658  549.20000  391.98362  28.6%   561 6742s
  3238  1979  436.69423  765 6504  549.20000  391.98362  28.6%   561 6754s
  3239  1979  396.05796  108 5979  549.20000  391.98362  28.6%   561 6767s
  3240  1980  419.46667  491 5363  549.20000  391.98362  28.6%   560 6778s
  3241  1981  432.00000  132 5429  549.20000  391.98362  28.6%   560 6798s
  3242  1981  433.41505  383 5750  549.20000  391.98362  28.6%   560 6807s
  3243  1982  391.98362    8 5261  549.20000  391.98362  28.6%   560 6816s
  3244  1983  409.98869  286 5822  549.20000  391.98362  28.6%   560 6821s
  3245  1983  433.74696   49 5652  549.20000  391.98362  28.6%   560 6825s
  3246  1984  508.99324  797 5031  549.20000  391.98362  28.6%   559 6888s
  3247  1985  391.98362   22 3465  549.20000  391.98362  28.6%   559 6939s
  3248  1985  392.00950   55 5217  549.20000  392.00950  28.6%   559 6944s
  3249  1986  417.37433  518 4993  549.20000  392.03543  28.6%   559 6947s
H 3249  1887                     544.9000000  392.03649  28.1%   559 6949s
  3250  1888  457.87910  785 4276  544.90000  392.03649  28.1%   559 6981s
  3251  1888  432.40510  358 3985  544.90000  392.10463  28.0%   558 7025s
  3253  1890  445.17908  661 4241  544.90000  392.16841  28.0%   558 7033s
  3254  1890  437.29056  395 4339  544.90000  392.18080  28.0%   558 7036s
  3256  1892  392.18298    6 3927  544.90000  392.18298  28.0%   558 7070s
  3257  1892  409.90000  136 3611  544.90000  392.21885  28.0%   557 7110s
  3258  1893  420.75648  701 2686  544.90000  392.23328  28.0%   557 7117s
  3259  1894  393.66347  135 2218  544.90000  392.23328  28.0%   557 7136s
  3260  1894  406.34241  238 2391  544.90000  392.23331  28.0%   557 7160s
  3262  1896  407.06419  397 4328  544.90000  392.29824  28.0%   557 7165s
  3265  1898  447.52712  729 3758  544.90000  392.30437  28.0%   556 7190s

Cutting planes:
  Gomory: 3
  Cover: 131
  Implied bound: 10
  Projected implied bound: 108
  Clique: 19
  MIR: 28
  StrongCG: 3
  Flow cover: 72
  GUB cover: 155
  Zero half: 23
  RLT: 51
  Relax-and-lift: 37

Explored 3265 nodes (2422997 simplex iterations) in 7202.05 seconds (4744.50 work units)
Thread count was 4 (of 8 available processors)

Solution count 10: 544.9 549.2 565.8 ... 627.2

Time limit reached
Best objective 5.449000000000e+02, best bound 3.925000000000e+02, gap 27.9684%
