
Gurobi 13.0.2 (linux64) logging started Thu Jul  2 13:36:04 2026

Set parameter LogFile to value "src/Resultados/Restriccion demanda/logs/R104-25.xml_log.log"
Set parameter Threads to value 4
Gurobi Optimizer version 13.0.2 build v13.0.2rc1 (linux64 - "Rocky Linux 9.7 (Blue Onyx)")

CPU model: QEMU Virtual CPU version 2.5+, instruction set [SSE2]
Thread count: 8 physical cores, 8 logical processors, using up to 4 threads

Non-default parameters:
TimeLimit  7200
Threads  4

Optimize a model with 115625 rows, 70860 columns and 1027590 nonzeros (Min)
Model fingerprint: 0xcc8fd48e
Model has 11355 linear objective coefficients
Variable types: 14745 continuous, 56115 integer (56100 binary)
Coefficient statistics:
  Matrix range     [1e+00, 4e+04]
  Objective range  [7e+00, 6e+01]
  Bounds range     [1e+00, 2e+03]
  RHS range        [1e+00, 4e+04]

Presolve removed 0 rows and 0 columns (presolve time = 7s)...
Presolve removed 35835 rows and 240 columns (presolve time = 10s)...
Presolve removed 35775 rows and 180 columns
Presolve time: 12.89s
Presolved: 79850 rows, 70680 columns, 364410 nonzeros
Variable types: 375 continuous, 70305 integer (62370 binary)
Deterministic concurrent LP optimizer: primal and dual simplex
Showing primal log only...


Root simplex log...

Iteration    Objective       Primal Inf.    Dual Inf.      Time
       0    9.2040000e+02   1.713287e+03   2.867246e+10     19s
    9063    5.4053213e+02   4.620029e+02   9.418053e+09     20s
   20464    5.0926611e+02   2.924194e+02   6.048278e+10     25s
   26904    5.1625511e+02   1.669273e+02   5.019161e+09     30s
   35608    6.0564639e+02   1.060556e+02   2.282774e+09     35s
   40599    6.5916317e+02   7.879365e+01   1.038180e+10     40s
   43819    6.3686707e+02   2.546145e+01   7.636807e+10     45s
   47039    6.2604508e+02   7.228239e+00   4.070458e+09     50s
   49937    6.2215712e+02   2.810669e+00   7.062384e+08     55s
   52352    6.3226254e+02   5.254362e-01   2.875255e+09     60s
   54414    5.7919841e+02   0.000000e+00   4.220286e+06     65s
   57259    4.8902972e+02   0.000000e+00   7.398776e+05     70s
   59667    4.3594706e+02   0.000000e+00   7.990153e+05     75s
   62377    3.8292732e+02   0.000000e+00   6.767758e+03     80s
   65400    3.6357404e+02   0.000000e+00   1.013176e+07     85s
   68018    3.5280000e+02   1.929422e+01   0.000000e+00     90s
   69145    3.5280000e+02   4.392509e+01   0.000000e+00     95s
   70433    3.5280000e+02   4.544607e+01   0.000000e+00    100s
   71881    3.5280000e+02   8.963012e-01   0.000000e+00    105s
   72996    3.5280001e+02   2.966703e-01   0.000000e+00    111s
   74273    3.5280001e+02   1.384194e-01   0.000000e+00    115s
Concurrent spin time: 0.00s

Solved with dual simplex

Root simplex log...

Iteration    Objective       Primal Inf.    Dual Inf.      Time
   51115    3.5280000e+02   0.000000e+00   0.000000e+00    118s

Root relaxation: objective 3.528000e+02, 51115 iterations, 101.75 seconds (55.52 work units)

    Nodes    |    Current Node    |     Objective Bounds      |     Work
 Expl Unexpl |  Obj  Depth IntInf | Incumbent    BestBd   Gap | It/Node Time

     0     0  352.80000    0 4677          -  352.80000      -     -  151s
     0     0  352.80000    0 5345          -  352.80000      -     -  153s
     0     0  352.80000    0 7243          -  352.80000      -     -  182s
     0     0  352.80000    0 7289          -  352.80000      -     -  186s
     0     0  352.80000    0 7331          -  352.80000      -     -  186s
     0     0  352.80000    0 8522          -  352.80000      -     -  194s
     0     0  352.80000    0 8584          -  352.80000      -     -  195s
     0     0  352.80000    0 5148          -  352.80000      -     -  206s
     0     0  352.80000    0 5231          -  352.80000      -     -  209s
     0     0  352.80000    0 4631          -  352.80000      -     -  210s
     0     0  352.80000    0 4473          -  352.80000      -     -  217s
     0     0  352.80000    0 4447          -  352.80000      -     -  217s
     0     0  352.80000    0 4447          -  352.80000      -     -  231s
     0     0  352.80000    0 4447          -  352.80000      -     -  234s
     0     0  352.80000    0 5638          -  352.80000      -     -  244s
     0     0  352.80000    0 5638          -  352.80000      -     -  244s
     0     0  352.80000    0 4864          -  352.80000      -     -  261s
     0     0  352.80000    0 4924          -  352.80000      -     -  264s
     0     0  352.80000    0 4925          -  352.80000      -     -  265s
     0     0  352.80000    0 4926          -  352.80000      -     -  265s
     0     0  352.80000    0 6730          -  352.80000      -     -  275s
     0     0  352.80000    0 6781          -  352.80000      -     -  276s
     0     0  352.80000    0 2587          -  352.80000      -     -  290s
     0     0  352.80000    0 3156          -  352.80000      -     -  292s
     0     0  352.80000    0 7373          -  352.80000      -     -  298s
     0     0  352.80000    0 7373          -  352.80000      -     -  298s
     0     0  352.80000    0 4595          -  352.80000      -     -  308s
     0     0  352.80000    0 4711          -  352.80000      -     -  311s
     0     0  352.80000    0 4937          -  352.80000      -     -  311s
     0     0  354.76003    0 6454          -  354.76003      -     -  317s
     0     0  354.76003    0 6454          -  354.76003      -     -  317s
     0     0  354.76003    0 5233          -  354.76003      -     -  329s
     0     0  354.76003    0 4890          -  354.76003      -     -  332s
     0     0  354.76003    0 4435          -  354.76003      -     -  333s
     0     0  361.70000    0 4174          -  361.70000      -     -  337s
     0     0  361.70000    0 4999          -  361.70000      -     -  356s
     0     0  361.70000    0 5860          -  361.70000      -     -  363s
     0     0  361.70000    0 6522          -  361.70000      -     -  365s
     0     0  361.85493    0 4998          -  361.85493      -     -  370s
     0     0  361.85493    0 4998          -  361.85493      -     -  370s
     0     0  361.85493    0 3869          -  361.85493      -     -  392s
     0     0  361.90248    0 4660          -  361.90248      -     -  395s
     0     0  361.90248    0 4659          -  361.90248      -     -  396s
     0     0  361.90248    0 4582          -  361.90248      -     -  396s
     0     0  363.35844    0 4138          -  363.35844      -     -  406s
     0     0  363.35844    0 3879          -  363.35844      -     -  409s
     0     0  363.79328    0 5743          -  363.79328      -     -  412s
     0     0  363.79328    0 5743          -  363.79328      -     -  414s
     0     0  363.79328    0 7332          -  363.79328      -     -  418s
     0     0  363.79328    0 7289          -  363.79328      -     -  420s
     0     0  363.79328    0 6544          -  363.79328      -     -  430s
     0     0  363.79328    0 4135          -  363.79328      -     -  449s
     0     0  363.79328    0 4170          -  363.79328      -     -  450s
     0     0  363.80518    0 5914          -  363.80518      -     -  455s
     0     0  363.80518    0 5914          -  363.80518      -     -  455s
     0     0  363.80518    0 2152          -  363.80518      -     -  469s
     0     0  363.89242    0 4001          -  363.89242      -     -  476s
     0     0  363.89242    0 4156          -  363.89242      -     -  477s
     0     0  364.43688    0 5113          -  364.43688      -     -  478s
     0     0  364.56153    0 4480          -  364.56153      -     -  479s
     0     0  364.56153    0 4606          -  364.56153      -     -  479s
     0     0  366.09580    0 6458          -  366.09580      -     -  483s
     0     0  366.12107    0 7016          -  366.12107      -     -  486s
     0     0  366.12107    0 7015          -  366.12107      -     -  487s
     0     0  366.34917    0 6012          -  366.34917      -     -  492s
     0     0  366.34917    0 6085          -  366.34917      -     -  495s
     0     0  366.41058    0 7501          -  366.41058      -     -  502s
     0     0  366.41058    0 8106          -  366.41058      -     -  507s
     0     0  367.10000    0 8222          -  367.10000      -     -  520s
     0     0  367.10000    0 6198          -  367.10000      -     -  526s
     0     0  367.10000    0 6459          -  367.10000      -     -  532s
     0     0  367.10000    0 7557          -  367.10000      -     -  556s
     0     0  367.16577    0 9937          -  367.16577      -     -  563s
     0     0  367.16577    0 3293          -  367.16577      -     -  591s
     0     0  367.16577    0 4933          -  367.16577      -     -  597s
     0     0  367.16577    0 4936          -  367.16577      -     -  597s
     0     0  367.16577    0 6759          -  367.16577      -     -  602s
     0     0  367.16577    0 7234          -  367.16577      -     -  605s
     0     0  367.16577    0 8452          -  367.16577      -     -  614s
     0     0  367.16577    0 2522          -  367.16577      -     -  644s
     0     0  367.16577    0 4655          -  367.16577      -     -  658s
     0     0  367.16577    0 6217          -  367.16577      -     -  670s
     0     0  367.16577    0 3450          -  367.16577      -     -  702s
     0     0  367.16577    0 3450          -  367.16577      -     -  703s
     0     0  367.16577    0 3445          -  367.16577      -     -  715s
     0     2  367.16577    0 3445          -  367.16577      -     -  746s
     1     4  367.16577    1 4860          -  367.16577      -   449  750s
     3     6  367.16577    2 7722          -  367.16577      -  1354  755s
    11    14  367.16577    4 6513          -  367.16577      -  1010  762s
    15    20  367.16577    5 6418          -  367.16577      -   906  774s
    21    27  367.16577    7 10423          -  367.16577      -   777  791s
    28    34  367.16577   11 9661          -  367.16577      -   762  804s
    35    40  367.22273   14 9996          -  367.16577      -   764  816s
    41    49  367.23578   15 9356          -  367.16577      -   721  836s
    50    71  367.43750   18 8209          -  367.16577      -   741  861s
    72    81  369.92200   27 8559          -  367.16577      -   634  877s
    86   103  367.55000   30 8823          -  367.16577      -   599  892s
   108   124  367.58333   40 8843          -  367.16577      -   517  905s
   129   143  367.66667   50 8579          -  367.16577      -   472  919s
   148   159  368.12000   57 7404          -  367.16577      -   439  932s
   164   175  368.23333   61 7068          -  367.16577      -   417  946s
   180   193  368.23333   65 6969          -  367.16577      -   392  965s
   200   208  368.27184   72 7812          -  367.16577      -   369  980s
   215   221  374.52193   74 8289          -  367.16577      -   365  995s
   229   238  369.45000   75 4936          -  367.16577      -   363 1012s
   246   245  369.68571   80 5161          -  367.16577      -   362 1027s
   253   265  369.71333   81 4673          -  367.16577      -   384 1046s
   273   281  369.96667   87 6230          -  367.16577      -   385 1065s
   289   293  370.10672   89 6784          -  367.16577      -   402 1079s
   301   303  370.10672   91 7797          -  367.16577      -   411 1094s
   311   316  370.37500   93 5991          -  367.16577      -   417 1107s
   324   321  370.56734  100 5506          -  367.16577      -   436 1124s
   329   345  370.65762  101 6868          -  367.16577      -   453 1137s
   353   366  370.91123  106 6259          -  367.16577      -   440 1149s
   374   382  370.97143  110 6484          -  367.16577      -   434 1162s
   391   409  370.97143  115 6779          -  367.16577      -   441 1178s
   418   429  370.97143  120 7255          -  367.16577      -   428 1203s
   438   444  371.52051  128 7802          -  367.16577      -   430 1221s
   453   460  372.01644  130 7182          -  367.16577      -   436 1239s
   469   475  372.20000  137 5485          -  367.16577      -   448 1260s
   484   493  372.20000  138 5239          -  367.16577      -   449 1286s
   502   497  372.80672  145 5513          -  367.16577      -   452 1413s
   506   501  372.81934  146 5489          -  367.16577      -   454 1569s
   510   505  372.85000  147 5345          -  367.16577      -   460 1654s
   514   509  372.90600  148 5406          -  367.16577      -   462 1748s
   518   517  372.90600  149 5718          -  367.16577      -   461 1807s
   526   558  372.90600  150 5721          -  367.16577      -   460 1876s
   567   605  373.65000  161 6524          -  367.16577      -   450 1962s
   614   667  376.72713  176 6151          -  367.16577      -   432 1989s
   677   725  427.70984  205 5870          -  367.16577      -   411 2042s
   735   804  428.52727  213 7192          -  367.16577      -   409 2065s
   820   884  429.60227  230 5698          -  367.16577      -   411 2094s
   900   993  430.54394  246 7971          -  367.16577      -   418 2124s
  1009  1069  433.44304  287 7976          -  367.16577      -   408 2150s
  1085  1191  433.81060  290 6722          -  367.16577      -   407 2181s
  1207  1302  439.29752  313 6252          -  367.16577      -   396 2212s
  1318  1395  443.64455  357 5914          -  367.16577      -   391 2245s
  1416  1467  381.11723   18 5606          -  367.16577      -   392 2277s
  1489  1593  391.94724   32 5338          -  367.16577      -   405 2307s
  1615  1708  397.54518   49 5933          -  367.16577      -   402 2339s
  1730  1855  400.19664   64 6386          -  367.16577      -   401 2374s
  1879  1985  404.16455   97 8405          -  367.16577      -   393 2410s
  2010  2073  461.15143  118 6488          -  367.16577      -   391 2447s
  2098  2179  473.48270  132 6625          -  367.16577      -   397 2483s
  2207  2317  486.16678  147 6326          -  367.16577      -   398 2519s
  2345  2542  486.61322  185 6646          -  367.16577      -   393 2547s
  2570  2800  487.70531  277 6559          -  367.16577      -   379 2576s
  2828  3045  489.03455  406 6351          -  367.16577      -   363 2607s
  3075  3215  497.07682  529 6593          -  367.16577      -   353 2647s
  3245  3365  502.29656  551 5644          -  367.16577      -   351 2686s
  3405  3601  504.13782  587 5221          -  367.16577      -   352 2722s
  3649  3861  549.47089  626 6257          -  367.16577      -   348 2758s
  3935  4260  551.09517  653 5901          -  367.16577      -   337 2797s
  4337  4261  387.75000  353 3445          -  367.16577      -   319 2958s
  4338  4262  423.98435  386 3445          -  367.16577      -   319 2960s
  4339  4262  439.37679  428 4290          -  367.16577      -   319 3104s
  4340  4263  369.92200   28 3571          -  367.16577      -   319 3142s
  4341  4264  564.94028  705 3188          -  367.16577      -   319 3201s
  4342  4264  375.36577  155 1966          -  367.16577      -   319 3292s
  4343  4265  386.68003  191 3159          -  367.60253      -   319 3335s
  4344  4266  465.12339  751 1337          -  367.81539      -   319 3386s
  4345  4266  374.73717   15 5221          -  367.82236      -   319 3452s
  4346  4267  403.57053  607 2980          -  367.82236      -   319 3503s
  4347  4268  488.51906  314 3565          -  368.22211      -   318 3539s
  4348  4268  439.06076  413 2625          -  368.22500      -   318 3590s
  4349  4269  487.56534  260 3226          -  368.36667      -   318 3643s
  4350  4270  430.78450  510 2194          -  368.36667      -   318 3744s
  4351  4270  429.70000  465 4993          -  368.36667      -   318 3788s
  4352  4271  416.05000  133 3300          -  368.36667      -   318 3849s
  4353  4272  419.96265  230 4970          -  368.36667      -   318 3891s
  4354  4272  407.10000  360 2986          -  368.36667      -   318 3950s
  4355  4273  446.07402  324 3542          -  368.36667      -   318 3980s
  4356  4274  440.32695  321 2581          -  368.36667      -   318 4023s
  4357  4274  444.12989  848 3914          -  368.37983      -   318 4058s
  4358  4275  404.35345  627 3119          -  368.37987      -   318 4094s
  4359  4276  417.10000  182 2938          -  368.38860      -   318 4117s
  4360  4276  387.75000  330 2228          -  368.39780      -   318 4156s
  4361  4277  430.93333  519 3339          -  368.42700      -   317 4193s
  4362  4278  443.67376  487 3648          -  368.55889      -   317 4323s
  4363  4278  448.56667  541 2715          -  368.69067      -   317 4343s
  4364  4279  470.94035  616 1677          -  368.69067      -   317 4385s
  4365  4280  413.66359  762 3209          -  368.72252      -   317 4406s
  4366  4280  462.38713  732 2814          -  368.72252      -   317 4443s
  4367  4281  379.13333   62 3893          -  368.72497      -   317 4464s
  4368  4282  459.45000  683 2277          -  368.73456      -   317 4502s
  4369  4282  420.30000  254 3983          -  368.78217      -   317 4530s
  4370  4283  490.98347  513 3375          -  369.03333      -   317 4594s
  4371  4284  373.70129   51 4169          -  369.03333      -   317 4615s
  4372  4284  488.30281  826 2096          -  369.06957      -   317 4649s
  4373  4285  470.00000  768 3787          -  369.06957      -   317 4673s
  4374  4286  453.90000  613 1869          -  369.06957      -   317 4703s
  4375  4286  382.20000  220 3579          -  369.23357      -   316 4740s
  4376  4287  415.96237  137 3383          -  369.23357      -   316 4795s
  4377  4288  400.97500  529 3348          -  369.27714      -   316 4817s
  4378  4288  486.42099  179 2692          -  369.27714      -   316 4861s
  4379  4289  387.75000  145 3948          -  369.36748      -   316 4891s
  4380  4290  439.03640  408 3856          -  369.37167      -   316 4929s
  4381  4290  421.38396  302 3046          -  369.64228      -   316 4955s
  4382  4291  430.87727  255 2838          -  369.65936      -   316 4980s
  4383  4292  417.83440  541 3462          -  369.67812      -   316 5002s
  4384  4292  428.57597  214 2526          -  369.70571      -   316 5037s
  4385  4293  380.62646  232 2713          -  369.76571      -   316 5064s
  4386  4294  494.99951  201 1888          -  369.76571      -   316 5103s
  4387  4294  441.63019  332 5028          -  369.91490      -   316 5130s
  4388  4295  491.23018  518 3497          -  369.98614      -   316 5178s
  4389  4296  466.35328  748 3755          -  370.26635      -   315 5210s
  4390  4296  429.34106  267 3381          -  370.27660      -   315 5243s
  4391  4297  404.35734  631 4372          -  370.38248      -   315 5270s
  4392  4298  398.90000  451 3455          -  370.38248      -   315 5297s
  4393  4298  488.90821  368 4267          -  370.42570      -   315 5321s
  4394  4299  433.52027  623 2522          -  370.51262      -   315 5371s
  4395  4300  436.81949  370 3949          -  370.54078      -   315 5391s
  4396  4300  372.66918   85 4077          -  370.61867      -   315 5438s
  4397  4301  379.13333   73 3977          -  370.63763      -   315 5459s
  4398  4302  389.10338  312 3279          -  370.79224      -   315 5496s
  4399  4302  373.43333   28 3298          -  370.81683      -   315 5514s
  4400  4303  490.98068  577 3060          -  370.95357      -   315 5542s
  4401  4304  376.46918  101 3603          -  370.95357      -   315 5566s
  4402  4304  373.71016   53 3200          -  371.01994      -   314 5599s
  4403  4305  381.26577   15 3455          -  371.01994      -   314 5621s
  4404  4306  489.13282  410 3547          -  371.22484      -   314 5660s
  4405  4306  423.62423  349 5071          -  371.23640      -   314 5685s
  4406  4307  440.46331  435 4316          -  371.41159      -   314 5729s
  4407  4308  430.12308  481 5193          -  371.51986      -   314 5765s
  4408  4308  396.50000  476 4050          -  371.54970      -   314 5800s
  4409  4309  395.26918  331 4718          -  371.56465      -   314 5829s
  4410  4310  392.50000  259 4875          -  371.59157      -   314 5895s
  4411  4310  427.04779  228 5311          -  371.66002      -   314 5915s
  4412  4311  557.79323  681 4451          -  371.75350      -   314 5954s
  4413  4312  392.55000  360 5030          -  372.01170      -   314 5993s
  4414  4312  425.68113  199 4785          -  372.02422      -   314 6023s
  4415  4313  432.06230  406 5734          -  372.16509      -   314 6064s
  4416  4314  434.23629  646 4831          -  372.18682      -   314 6115s
  4417  4314  461.81463  718 5342          -  372.18705      -   313 6148s
  4418  4315  448.70000  545 4420          -  372.20396      -   313 6188s
  4419  4316  373.43333   32 4295          -  372.20904      -   313 6215s
  4420  4316  381.75066  101 4608          -  372.36635      -   313 6263s
  4421  4317  422.98369  350 4252          -  372.42183      -   313 6286s
  4422  4318  409.55000  372 4938          -  372.43104      -   313 6317s
  4423  4318  473.20660  793 4610          -  372.43173      -   313 6336s
  4424  4319  393.48422  448 3918          -  372.47251      -   313 6384s
  4425  4320  490.49411  290 3992          -  372.47883      -   313 6403s
  4426  4320  422.81130  194 3709          -  372.54404      -   313 6437s
  4427  4321  437.29866  750 3513          -  372.65174      -   313 6458s
  4428  4322  431.17273  265 3723          -  372.69482      -   313 6502s
  4429  4322  550.09549  628 3614          -  372.79050      -   313 6524s
  4430  4323  381.55746  163 4144          -  372.85849      -   313 6674s
  4431  4324  393.40000  442 4096          -  372.87060      -   312 6694s
  4432  4324  443.91463  831 3798          -  372.92189      -   312 6728s
  4433  4325  407.26918  388 4146          -  372.92828      -   312 6750s
  4434  4326  388.91747   42 3642          -  372.93061      -   312 6784s
  4435  4326  401.75000  355 4058          -  372.93309      -   312 6803s
  4436  4327  381.47532  137 3672          -  372.98705      -   312 6838s
  4437  4328  387.75000  353 3772          -  372.98705      -   312 6852s
  4438  4328  423.98435  386 3732          -  373.01858      -   312 6885s
  4439  4329  439.37679  428 4163          -  373.01858      -   312 6904s
  4440  4330  373.01861   28 4273          -  373.01861      -   312 6928s
  4441  4330  564.94028  705 4079          -  373.03642      -   312 6941s
  4442  4331  375.36577  155 3914          -  373.11911      -   312 6973s
  4443  4332  386.68003  191 4401          -  373.13928      -   312 6991s
  4444  4332  465.12339  751 4358          -  373.14330      -   312 7030s
  4445  4333  374.73717   15 4460          -  373.14330      -   311 7046s
  4446  4334  403.57053  607 4215          -  373.20188      -   311 7071s
  4447  4334  488.51906  314 4717          -  373.20188      -   311 7087s
  4448  4335  439.06076  413 4332          -  373.24142      -   311 7110s
  4449  4336  487.56534  260 5208          -  373.24142      -   311 7121s
  4450  4336  430.78450  510 3807          -  373.27494      -   311 7154s
  4451  4337  429.70000  465 3681          -  373.27496      -   311 7165s
  4452  4338  416.05000  133 4279          -  373.28754      -   311 7192s

Cutting planes:
  Gomory: 4
  Cover: 158
  Implied bound: 13
  Projected implied bound: 174
  Clique: 9
  MIR: 50
  StrongCG: 4
  Flow cover: 131
  GUB cover: 199
  Inf proof: 1
  Zero half: 54
  Mod-K: 1
  RLT: 77
  Relax-and-lift: 69

Explored 4452 nodes (3172617 simplex iterations) in 7202.59 seconds (5560.13 work units)
Thread count was 4 (of 8 available processors)

Solution count 0

Time limit reached
Best objective -, best bound 3.733000000000e+02, gap -
