
Gurobi 13.0.2 (linux64) logging started Fri Jul  3 17:58:20 2026

Set parameter LogFile to value "src/Resultados/Restriccion demanda/logs/R111-25.xml_log.log"
Set parameter Threads to value 4
Gurobi Optimizer version 13.0.2 build v13.0.2rc1 (linux64 - "Rocky Linux 9.7 (Blue Onyx)")

CPU model: QEMU Virtual CPU version 2.5+, instruction set [SSE2]
Thread count: 8 physical cores, 8 logical processors, using up to 4 threads

Non-default parameters:
TimeLimit  7200
Threads  4

Optimize a model with 112511 rows, 68850 columns and 984030 nonzeros (Min)
Model fingerprint: 0x360c9f4a
Model has 10785 linear objective coefficients
Variable types: 14385 continuous, 54465 integer (54450 binary)
Coefficient statistics:
  Matrix range     [1e+00, 4e+04]
  Objective range  [7e+00, 6e+01]
  Bounds range     [1e+00, 2e+03]
  RHS range        [1e+00, 4e+04]

Presolve removed 34785 rows and 165 columns
Presolve time: 4.71s
Presolved: 77726 rows, 68685 columns, 355050 nonzeros
Variable types: 375 continuous, 68310 integer (60375 binary)
Deterministic concurrent LP optimizer: primal and dual simplex
Showing primal log only...


Root simplex log...

Iteration    Objective       Primal Inf.    Dual Inf.      Time
       0    9.0110000e+02   1.766219e+03   2.831582e+10      8s
   15034    5.7909817e+02   3.078161e+02   1.616016e+10     10s
   23780    5.6177877e+02   1.512801e+02   6.287422e+09     15s
   28823    5.4075671e+02   1.212183e+02   2.322815e+10     20s
   33276    6.0225973e+02   6.901022e+01   1.024900e+09     25s
   37092    6.1676274e+02   4.912574e+01   8.447310e+09     30s
   40431    5.2367631e+02   5.836882e+00   7.479178e+08     35s
   44724    5.0441042e+02   4.846682e-01   2.000180e+08     40s
   49648    3.7017682e+02   0.000000e+00   1.199404e+04     45s
   53491    3.5450000e+02   1.259344e+02   0.000000e+00     50s
   54607    3.5450000e+02   0.000000e+00   0.000000e+00     52s
Concurrent spin time: 7.68s (can be avoided by choosing Method=3)

Solved with primal simplex

Root relaxation: objective 3.545000e+02, 54607 iterations, 52.62 seconds (28.73 work units)

    Nodes    |    Current Node    |     Objective Bounds      |     Work
 Expl Unexpl |  Obj  Depth IntInf | Incumbent    BestBd   Gap | It/Node Time

     0     0  354.50000    0 3910          -  354.50000      -     -   73s
     0     0  354.50000    0 3767          -  354.50000      -     -   74s
     0     0  354.50000    0 3432          -  354.50000      -     -   75s
     0     0  354.50000    0 3447          -  354.50000      -     -   75s
     0     0  354.50000    0 3510          -  354.50000      -     -   76s
     0     0  354.50000    0 4592          -  354.50000      -     -  108s
     0     0  354.50000    0 4590          -  354.50000      -     -  108s
     0     0  354.50000    0 4521          -  354.50000      -     -  112s
     0     0  354.50000    0 5279          -  354.50000      -     -  132s
     0     0  354.50000    0 5279          -  354.50000      -     -  133s
     0     0  354.50000    0 1992          -  354.50000      -     -  148s
     0     0  354.50000    0 1918          -  354.50000      -     -  161s
     0     0  354.50000    0 1953          -  354.50000      -     -  161s
     0     0  354.50000    0 6316          -  354.50000      -     -  191s
     0     0  354.50000    0 6316          -  354.50000      -     -  191s
     0     0  354.50000    0 1540          -  354.50000      -     -  208s
     0     0  354.50000    0 5403          -  354.50000      -     -  220s
     0     0  354.50000    0 11393          -  354.50000      -     -  231s
     0     0  354.50000    0 11393          -  354.50000      -     -  231s
     0     0  354.50000    0 2266          -  354.50000      -     -  240s
     0     0  355.01170    0 4926          -  355.01170      -     -  254s
     0     0  355.01170    0 4926          -  355.01170      -     -  254s
     0     0  355.01170    0 4049          -  355.01170      -     -  260s
     0     0  355.68231    0 4048          -  355.68231      -     -  265s
     0     0  359.60866    0 5988          -  359.60866      -     -  269s
     0     0  359.60866    0 5990          -  359.60866      -     -  272s
     0     0  360.91467    0 5998          -  360.91467      -     -  286s
     0     0  361.06173    0 6497          -  361.06173      -     -  289s
     0     0  364.60000    0 6698          -  364.60000      -     -  303s
     0     0  364.60000    0 6654          -  364.60000      -     -  319s
     0     0  364.60000    0 6100          -  364.60000      -     -  328s
     0     0  364.60000    0 6075          -  364.60000      -     -  330s
     0     0  364.60000    0 6077          -  364.60000      -     -  330s
     0     0  364.60000    0 5441          -  364.60000      -     -  338s
     0     0  364.60000    0 4891          -  364.60000      -     -  352s
     0     0  364.66120    0 5324          -  364.66120      -     -  356s
     0     0  364.66120    0 5262          -  364.66120      -     -  356s
     0     0  364.70552    0 5067          -  364.70552      -     -  357s
     0     0  364.70552    0 5069          -  364.70552      -     -  357s
     0     0  364.70552    0 5066          -  364.70552      -     -  357s
     0     0  364.92064    0 5359          -  364.92064      -     -  366s
     0     0  364.92064    0 6273          -  364.92064      -     -  366s
     0     0  364.92064    0 3910          -  364.92064      -     -  380s
     0     0  365.46801    0 4443          -  365.46801      -     -  385s
     0     0  365.46801    0 4443          -  365.46801      -     -  385s
     0     0  365.46801    0 4406          -  365.46801      -     -  386s
     0     0  365.46801    0 6463          -  365.46801      -     -  398s
     0     0  365.46801    0 7122          -  365.46801      -     -  410s
     0     0  366.14610    0 5930          -  366.14610      -     -  417s
     0     0  366.19804    0 5781          -  366.19804      -     -  419s
     0     0  367.11918    0 6924          -  367.11918      -     -  427s
     0     0  367.11918    0 5861          -  367.11918      -     -  432s
     0     0  367.11918    0 5822          -  367.11918      -     -  440s
     0     0  367.13124    0 6942          -  367.13124      -     -  447s
     0     0  367.28599    0 7119          -  367.28599      -     -  453s
     0     0  367.28816    0 7475          -  367.28816      -     -  454s
     0     0  367.30174    0 8121          -  367.30174      -     -  454s
     0     0  367.63079    0 7922          -  367.63079      -     -  506s
     0     0  367.63079    0 3701          -  367.63079      -     -  522s
     0     0  367.68142    0 4587          -  367.68142      -     -  524s
     0     0  367.68142    0 5411          -  367.68142      -     -  525s
     0     0  367.68142    0 5414          -  367.68142      -     -  525s
     0     0  367.68261    0 6074          -  367.68261      -     -  526s
     0     0  367.68261    0 6073          -  367.68261      -     -  526s
     0     0  370.45718    0 4934          -  370.45718      -     -  531s
     0     0  370.45718    0 5578          -  370.45718      -     -  538s
     0     0  371.22118    0 7087          -  371.22118      -     -  546s
     0     0  371.45847    0 7282          -  371.45847      -     -  550s
     0     0  372.03159    0 7428          -  372.03159      -     -  552s
     0     0  372.03159    0 7419          -  372.03159      -     -  553s
     0     0  372.03159    0 8481          -  372.03159      -     -  562s
     0     0  372.03159    0 8006          -  372.03159      -     -  566s
     0     0  372.03159    0 9264          -  372.03159      -     -  574s
     0     0  372.03159    0 7592          -  372.03159      -     -  583s
     0     0  372.29730    0 8371          -  372.29730      -     -  592s
     0     0  372.29730    0 3063          -  372.29730      -     -  604s
     0     0  372.29936    0 6611          -  372.29936      -     -  620s
     0     0  372.34772    0 7063          -  372.34772      -     -  632s
     0     0  372.44117    0 6036          -  372.44117      -     -  648s
     0     0  372.44117    0 6030          -  372.44117      -     -  648s
     0     0  372.44335    0 5805          -  372.44335      -     -  648s
     0     0  372.84906    0 7275          -  372.84906      -     -  654s
     0     0  372.87835    0 6594          -  372.87835      -     -  658s
     0     0  372.87835    0 6617          -  372.87835      -     -  659s
     0     0  372.91865    0 7155          -  372.91865      -     -  665s
     0     0  372.92142    0 7140          -  372.92142      -     -  668s
     0     0  373.13896    0 8156          -  373.13896      -     -  676s
     0     0  373.14424    0 9082          -  373.14424      -     -  681s
     0     0  373.17747    0 8805          -  373.17747      -     -  684s
     0     0  373.24568    0 9428          -  373.24568      -     -  687s
     0     0  373.25864    0 9830          -  373.25864      -     -  688s
     0     0  373.25877    0 9713          -  373.25877      -     -  689s
     0     0  373.32040    0 8893          -  373.32040      -     -  700s
     0     0  373.34934    0 8695          -  373.34934      -     -  708s
     0     0  373.35315    0 7277          -  373.35315      -     -  712s
     0     0  373.35574    0 7294          -  373.35574      -     -  712s
     0     0  373.68141    0 7086          -  373.68141      -     -  719s
     0     0  373.68745    0 10104          -  373.68745      -     -  724s
     0     0  373.70427    0 9555          -  373.70427      -     -  727s
     0     0  373.70588    0 8544          -  373.70588      -     -  729s
     0     0  373.99842    0 7658          -  373.99842      -     -  748s
     0     0  373.99976    0 8154          -  373.99976      -     -  752s
     0     0  374.00107    0 5984          -  374.00107      -     -  760s
     0     0  374.00256    0 7218          -  374.00256      -     -  766s
     0     0  374.51384    0 8138          -  374.51384      -     -  775s
     0     0  374.67407    0 9375          -  374.67407      -     -  783s
     0     0  374.67407    0 9781          -  374.67407      -     -  787s
     0     0  374.74182    0 7889          -  374.74182      -     -  802s
     0     0  374.74966    0 8496          -  374.74966      -     -  809s
     0     0  374.75176    0 7485          -  374.75176      -     -  819s
     0     0  374.86267    0 9343          -  374.86267      -     -  828s
     0     0  374.86267    0 6713          -  374.86267      -     -  837s
     0     0  375.36449    0 7052          -  375.36449      -     -  842s
     0     0  375.44951    0 8234          -  375.44951      -     -  850s
     0     0  375.47348    0 7594          -  375.47348      -     -  852s
     0     0  375.47348    0 7321          -  375.47348      -     -  859s
     0     0  375.57580    0 8138          -  375.57580      -     -  871s
     0     0  375.62132    0 8103          -  375.62132      -     -  953s
     0     0  375.71556    0 6853          -  375.71556      -     -  961s
     0     0  375.71895    0 7195          -  375.71895      -     -  962s
     0     0  375.78042    0 7874          -  375.78042      -     -  969s
     0     0  375.78879    0 7200          -  375.78879      -     -  973s
     0     0  375.78879    0 7140          -  375.78879      -     -  973s
     0     0  375.86997    0 7830          -  375.86997      -     -  981s
     0     0  375.88168    0 6592          -  375.88168      -     -  988s
     0     0  375.88335    0 5613          -  375.88335      -     -  996s
     0     0  376.14557    0 6749          -  376.14557      -     - 1010s
     0     0  376.26984    0 5058          -  376.26984      -     - 1018s
     0     0  376.31358    0 4657          -  376.31358      -     - 1024s
     0     0  376.31373    0 5233          -  376.31373      -     - 1026s
     0     0  376.31373    0 4447          -  376.31373      -     - 1032s
     0     0  376.31373    0 3624          -  376.31373      -     - 1035s
     0     0  376.32190    0 3081          -  376.32190      -     - 1038s
     0     0  376.32925    0 4243          -  376.32925      -     - 1041s
     0     0  376.33823    0 4317          -  376.33823      -     - 1042s
     0     0  376.33823    0 3958          -  376.33823      -     - 1042s
     0     0  376.38215    0 7035          -  376.38215      -     - 1047s
     0     0  376.38767    0 5546          -  376.38767      -     - 1051s
     0     0  376.38767    0 6532          -  376.38767      -     - 1055s
     0     0  376.38767    0 5659          -  376.38767      -     - 1062s
     0     0  376.38767    0 7171          -  376.38767      -     - 1069s
     0     0  376.39281    0 6201          -  376.39281      -     - 1078s
     0     0  376.39281    0 6201          -  376.39281      -     - 1080s
     0     0  376.39281    0 2788          -  376.39281      -     - 1090s
     0     2  376.40426    0 2178          -  376.40426      -     - 1115s
     1     4  376.43161    1 3721          -  376.43161      -  1410 1120s
     3     8  376.43161    2 3743          -  376.43161      -  1749 1127s
     7    12  376.43654    3 4735          -  376.43161      -  1866 1130s
    11    19  376.43654    4 4666          -  376.43161      -  1416 1135s
    18    28  376.43654    6 6422          -  376.43161      -  1440 1140s
    27    33  376.43654    7 5406          -  376.43161      -  1251 1146s
    32    39  376.45374    8 5431          -  376.43161      -  1323 1151s
    38    44  376.45374    9 5148          -  376.43161      -  1270 1156s
    43    52  376.45374   10 5669          -  376.43161      -  1191 1160s
    59    76  376.81088   13 4348          -  376.43161      -  1037 1174s
    75    86  376.86585   15 5512          -  376.43161      -  1017 1180s
    87    94  376.98360   18 4871          -  376.43161      -  1007 1187s
    97   104  377.36628   22 5677          -  376.43161      -  1049 1196s
   108   119  377.36628   25 5490          -  376.43161      -  1057 1207s
   123   135  377.63010   31 5604          -  376.43161      -  1010 1214s
   139   150  377.90266   35 5934          -  376.43161      -   962 1220s
   154   164  378.26089   38 6090          -  376.43161      -   935 1226s
   168   174  378.31856   41 6251          -  376.43161      -   903 1236s
   178   196  378.36752   43 6116          -  376.43161      -   905 1243s
   200   208  378.77411   47 5955          -  376.43161      -   837 1247s
   212   231  378.83411   48 5955          -  376.43161      -   820 1253s
   235   235  378.99005   53 5705          -  376.43161      -   767 1398s
   239   239  379.86287   54 6224          -  376.43161      -   763 1529s
   243   243  380.68701   54 6787          -  376.43161      -   764 1649s
   247   247  380.22215   55 6251          -  376.43161      -   761 1761s
   251   251  380.53104   56 5837          -  376.43161      -   758 1912s
   255   255  380.67651   57 5830          -  376.43161      -   752 2070s
   259   259  380.68093   58 5866          -  376.43161      -   753 2207s
   263   263  380.87396   59 6024          -  376.43161      -   746 2351s
   267   267  381.01998   60 6027          -  376.43161      -   738 2464s
   271   271  381.47236   61 6027          -  376.43161      -   729 2563s
   275   275  381.56875   62 6024          -  376.43161      -   725 2583s
   279   297  381.63368   63 4998          -  376.43161      -   721 2595s
   301   301  383.01482   76 5247          -  376.43161      -   704 2604s
   305   305  383.59078   77 5628          -  376.43161      -   698 2615s
   309   309  383.70308   78 5630          -  376.43161      -   697 2628s
   313   313  384.27095   79 5270          -  376.43161      -   695 2640s
   317   317  384.64352   80 5397          -  376.43161      -   696 2660s
   321   321  384.84818   81 5389          -  376.43161      -   694 2678s
   325   325  385.70777   82 5385          -  376.43161      -   690 2709s
   329   329  393.03420   83 4647          -  376.43161      -   689 2719s
   333   333  393.03420   84 4588          -  376.43161      -   689 2780s
   337   337  393.03420   85 4568          -  376.43161      -   685 2829s
   341   344  393.03420   86 4568          -  376.43161      -   679 2843s
   348   365  393.03420   87 5227          -  376.43161      -   672 2858s
   369   394  393.03420   88 5081          -  376.43161      -   654 2908s
   398   426  393.03420   89 5071          -  376.43161      -   618 2925s
   430   476  393.03420   90 5071          -  376.43161      -   606 2944s
   480   545  394.08420   94 5375          -  376.43161      -   562 2959s
   549   591  394.81856  114 5715          -  376.43161      -   520 2973s
   595   657  395.15162  133 5708          -  376.43161      -   505 2989s
   661   708  395.44109  150 6342          -  376.43161      -   477 3007s
   712   801  395.69386  172 6576          -  376.43161      -   458 3021s
   805   891  395.94522  208 6118          -  376.43161      -   424 3038s
   895   989  396.14336  240 5536          -  376.43161      -   398 3060s
   993  1033  396.61646  283 6340          -  376.43161      -   381 3081s
  1037  1152  396.68547  301 6137          -  376.43161      -   374 3098s
  1156  1294  396.75405  325 4455          -  376.43161      -   358 3118s
  1298  1405  397.08705  374 5869          -  376.43161      -   342 3137s
  1409  1526  397.37558  402 5234          -  376.43161      -   337 3164s
  1530  1610  397.74862  458 6007          -  376.43161      -   333 3185s
  1614  1729  398.11832  499 5348          -  376.43161      -   338 3207s
  1733  1887  398.37387  576 5466          -  376.43161      -   333 3224s
  1897  2075  398.58992  632 5419          -  376.43161      -   324 3242s
  2087  2238  398.87328  718 6640          -  376.43161      -   311 3259s
  2257  2397  399.13071  783 5546          -  376.43654      -   302 3277s
  2416  2578  399.56248  896 6112          -  376.43654      -   298 3296s
  2597  2656  399.90916  992 6107          -  376.43654      -   294 3317s
  2687  2753  432.90643 1011 5740          -  376.43654      -   304 3334s
  2784  2920  433.41940 1041 5002          -  376.43654      -   309 3355s
  2955  3070  437.19967 1097 7940          -  376.43654      -   306 3381s
  3114  3188  439.59112 1138 5514          -  376.43654      -   303 3408s
  3241  3189  398.26299  522 2788          -  376.43654      -   307 3520s
  3243  3190  399.22761  462 4329          -  376.43654      -   307 3751s
  3244  3191  390.66669   48 3746          -  376.43654      -   307 3798s
  3245  3192  396.14537  243 3438          -  376.43654      -   307 3858s
  3246  3192  380.09007  245 3476          -  376.43654      -   307 3918s
  3247  3193  410.42242  217 3398          -  376.43654      -   307 3944s
  3248  3194  421.30534  326 3508          -  376.43654      -   307 3963s
  3249  3194  386.64306  218 3345          -  376.43654      -   307 3998s
  3250  3195  393.56537  359 3959          -  376.43654      -   306 4024s
  3251  3196  392.09493  155 3619          -  376.43654      -   306 4028s
  3252  3196  417.26462  119 3956          -  376.43654      -   306 4031s
  3253  3197  415.50389   76 3352          -  376.43654      -   306 4036s
  3254  3198  385.66343   40 3073          -  376.43654      -   306 4054s
  3255  3198  400.15258  888 3003          -  376.49553      -   306 4069s
  3256  3199  405.59281  687 2884          -  376.77237      -   306 4088s
  3257  3200  416.41239  100 2153          -  376.78489      -   306 4109s
  3258  3200  415.30041   20 3108          -  376.78489      -   306 4289s
  3259  3201  398.42730  460  995          -  377.00463      -   306 4338s
  3260  3202  410.44100  894 2497          -  377.17734      -   305 4358s
  3261  3202  402.03099  111 3685          -  377.41623      -   305 4371s
  3262  3203  451.21399  621 3722          -  377.68181      -   305 4389s
  3263  3204  393.83947  453 3629          -  377.73737      -   305 4395s
  3264  3204  394.57902   45 2676          -  377.78173      -   305 4400s
  3265  3205  394.32924  482 3223          -  377.83288      -   305 4406s
  3267  3206  383.60528  164 2872          -  377.90343      -   305 4412s
  3268  3207  410.56633  692 2780          -  377.90343      -   305 4442s
  3269  3208  418.62696  313 1904          -  378.66543      -   305 4494s
  3270  3208  409.94180  466 2150          -  378.90772      -   305 4512s
  3271  3209  405.80528  406 2893          -  378.93154      -   304 4518s
  3272  3210  460.38888  654 3110          -  379.12370      -   304 4536s
  3273  3210  391.56699   85 3251          -  379.13830      -   304 4541s
  3275  3212  380.59281  131 3170          -  379.16786      -   304 4572s
  3276  3212  457.12112  648 1857          -  380.28828      -   304 4611s
  3277  3213  415.00000  259 2274          -  381.14263      -   304 4622s
  3278  3214  407.62761  955 2670          -  381.27236      -   304 4627s
  3279  3214  400.14711  803 2486          -  381.53753      -   304 4636s
  3280  3215  410.09286  207 2791          -  381.61008      -   304 4640s
  3282  3216  433.47415 1046 2805          -  381.70184      -   303 4646s
  3284  3218  399.03801  693 2581          -  381.70266      -   303 4682s
  3285  3218  426.29293  461 2418          -  381.93109      -   303 4719s
  3286  3219  390.65869   49 3254          -  382.12396      -   303 4737s
  3287  3220  399.22761  501 4057          -  382.82833      -   303 4764s
  3288  3220  425.83373  144 4056          -  383.15873      -   303 4782s
  3289  3221  393.34654  310 4026          -  383.29004      -   303 4789s
  3290  3222  404.95843  481 4131          -  383.29098      -   303 4792s
  3291  3222  397.02933  368 3563          -  383.57678      -   303 4803s
  3292  3223  383.57715   11 4288          -  383.57715      -   303 4806s
  3293  3224  398.95755  666 4235          -  383.57715      -   302 4843s
  3294  3224  402.47370  125 1398          -  383.66638      -   302 4890s
  3295  3225  394.09359  433 1976          -  383.85826      -   302 4904s
  3296  3226  398.94520  724 3082          -  384.01174      -   302 4910s
  3297  3226  426.18196  467 3789          -  384.54154      -   302 4920s
  3301  3229  392.33557  200 2947          -  384.68751      -   302 4926s
  3303  3230  396.25669  191 3088          -  384.69009      -   301 4960s
  3304  3231  395.87957  160 3103          -  385.83567      -   301 5002s
  3305  3232  403.52761  790 3022          -  386.01459      -   301 5019s
  3306  3232  397.93589  472 3249          -  386.03761      -   301 5034s
  3307  3233  386.04363  194 3101          -  386.04363      -   301 5038s
  3308  3234  386.64306  190 3170          -  386.05715      -   301 5042s
  3309  3234  397.77064  464 3293          -  386.05770      -   301 5045s
  3311  3236  386.05966   50 3135          -  386.05966      -   301 5071s
  3312  3236  404.17014   10 3038          -  386.09539      -   301 5104s
  3313  3237  423.10000  356 3835          -  386.19235      -   301 5112s
  3314  3238  410.44100  894 3559          -  386.36121      -   300 5123s
  3315  3238  409.96099  597 3090          -  386.39493      -   300 5125s
  3316  3239  452.98293  636 3496          -  386.39493      -   300 5151s
  3317  3240  396.96059  350 1945          -  386.48087      -   300 5213s
  3318  3240  398.95755  666 4468          -  386.49620      -   300 5219s
  3319  3241  391.76625  117 4630          -  386.53365      -   300 5230s
  3320  3242  417.22911  499 4745          -  386.53490      -   300 5238s
  3321  3242  396.98861  506 4436          -  386.56405      -   300 5247s
  3322  3243  401.21261  462 4114          -  386.56418      -   300 5270s
  3323  3244  399.80979  936 2940          -  386.68140      -   300 5321s
  3324  3244  399.57389   89 4157          -  386.70426      -   300 5329s
  3325  3245  398.50451  592 3360          -  386.72384      -   299 5340s
  3326  3246  457.12112  648 4125          -  386.76649      -   299 5345s
  3328  3247  407.42761  886 3024          -  386.82638      -   299 5359s
  3329  3248  425.20000  382 2933          -  386.85618      -   299 5364s
  3330  3248  415.62418   86 2615          -  386.86133      -   299 5366s
  3332  3250  398.89158  722 3312          -  386.87631      -   299 5371s
  3335  3252  404.04608   11 3325          -  386.88601      -   299 5397s
  3336  3252  415.68604   84 3670          -  387.10171      -   299 5435s
  3337  3253  393.70537  407 4722          -  387.58576      -   298 5447s
  3338  3254  397.42517  192 4316          -  387.58576      -   298 5468s
  3339  3254  425.55284  394 2967          -  387.67940      -   298 5557s
  3340  3255  387.78338   72 4089          -  387.78338      -   298 5567s
  3341  3256  398.26299  522 4407          -  387.81186      -   298 5570s
  3342  3256  434.04700 1069 4534          -  387.82191      -   298 5575s
  3343  3257  399.22761  462 5172          -  387.82839      -   298 5582s
  3344  3258  390.66669   48 5351          -  387.82845      -   298 5605s
  3345  3258  396.14537  243 3464          -  387.94440      -   298 5657s
  3346  3259  387.98046  245 4452          -  387.98046      -   298 5662s
  3347  3260  410.42242  217 4350          -  388.03290      -   298 5665s
  3348  3260  421.30534  326 4391          -  388.03290      -   297 5689s
  3349  3261  388.03290  218 3359          -  388.03290      -   297 5747s
  3351  3262  392.09493  155 4185          -  388.04502      -   297 5750s
  3355  3265  400.15258  888 4996          -  388.09125      -   297 5756s
  3357  3266  416.41239  100 4588          -  388.10350      -   297 5782s
  3358  3267  415.30041   20 3554          -  388.15043      -   297 5809s
  3359  3268  398.42730  460 4301          -  388.26754      -   296 5813s
  3360  3268  410.44100  894 3684          -  388.27080      -   296 5817s
  3361  3269  402.03099  111 4976          -  388.27107      -   296 5821s
  3363  3270  393.83947  453 4217          -  388.27740      -   296 5858s
  3364  3271  394.57902   45 4147          -  388.34220      -   296 5906s
  3365  3272  394.32924  482 4443          -  388.37487      -   296 5916s
  3366  3272  398.70565  649 5438          -  388.44536      -   296 5920s
  3369  3274  418.62696  313 4610          -  388.49818      -   296 5925s
  3374  3278  393.18565  308 3998          -  388.51873      -   295 5951s
  3375  3278  388.79927  131 2977          -  388.79927      -   295 5976s
  3378  3280  407.62761  955 3055          -  388.82749      -   295 6013s
  3379  3281  400.14711  803 3060          -  389.15309      -   295 6045s
  3380  3282  410.09286  207 3981          -  389.25477      -   295 6068s
  3381  3282  389.26369   44 4413          -  389.26369      -   295 6077s
  3382  3283  433.47415 1046 4375          -  389.26369      -   294 6101s
  3383  3284  402.47370  125 3341          -  389.46597      -   294 6139s
  3384  3284  399.03801  693 4329          -  389.50953      -   294 6150s
  3385  3285  426.29293  461 4903          -  389.50953      -   294 6172s
  3386  3286  390.65869   49 2642          -  389.54743      -   294 6242s
  3387  3286  399.22761  501 4338          -  389.55369      -   294 6246s
  3389  3288  393.34654  310 3133          -  389.56765      -   294 6265s
  3390  3288  404.95843  481 2905          -  389.57476      -   294 6291s
  3391  3289  397.02933  368 4470          -  389.59936      -   294 6308s
  3392  3290  389.62056   11 5403          -  389.62056      -   294 6317s
  3394  3291  402.47370  125 5520          -  389.64344      -   293 6321s
  3397  3293  426.18196  467 4802          -  389.65991      -   293 6325s
H 3398  3126                     517.8000000  389.66283  24.7%   293 6340s
H 3398  2967                     513.9000000  389.66283  24.2%   293 6340s
  3399  2967  417.22911  497 4427  513.90000  389.66283  24.2%   293 6351s
  3400  2968  389.78332  182 2812  513.90000  389.78332  24.2%   293 6391s
  3401  2969  392.33557  200 3648  513.90000  389.82699  24.1%   293 6412s
  3402  2969  400.22761  573 4399  513.90000  389.83082  24.1%   293 6417s
  3403  2970  396.25669  191 4003  513.90000  389.87284  24.1%   293 6439s
  3404  2971  395.87957  160 3862  513.90000  389.88249  24.1%   293 6444s
  3405  2971  403.52761  790 4042  513.90000  389.90110  24.1%   292 6455s
  3406  2972  397.93589  472 3950  513.90000  389.90239  24.1%   292 6460s
  3407  2973  389.90245  194 3809  513.90000  389.90245  24.1%   292 6484s
  3408  2973  389.92929  190 1949  513.90000  389.92929  24.1%   292 6531s
  3409  2974  397.77064  464 3133  513.90000  390.31231  24.0%   292 6554s
  3410  2975  462.84907  660 2863  513.90000  390.42550  24.0%   292 6562s
  3411  2975  390.43562   50 4917  513.90000  390.43562  24.0%   292 6575s
  3412  2976  404.17014   10 4258  513.90000  390.44479  24.0%   292 6585s
  3413  2977  423.10000  356 4203  513.90000  390.44699  24.0%   292 6590s
  3415  2978  409.96099  597 3595  513.90000  390.44741  24.0%   292 6616s
  3416  2979  452.98293  636 2651  513.90000  390.93410  23.9%   292 6655s
  3417  2979  396.96059  350 3553  513.90000  390.95372  23.9%   291 6663s
  3418  2980  398.95755  666 3610  513.90000  390.96774  23.9%   291 6665s
  3420  2981  417.22911  499 3436  513.90000  391.03136  23.9%   291 6670s
  3422  2983  401.21261  462 3152  513.90000  391.03670  23.9%   291 6694s
  3423  2983  399.80979  936 2941  513.90000  391.09619  23.9%   291 6732s
  3424  2984  399.57389   89 4464  513.90000  391.11350  23.9%   291 6737s
  3425  2985  398.50451  592 4230  513.90000  391.11622  23.9%   291 6742s
  3427  2986  391.12358   31 4415  513.90000  391.12358  23.9%   291 6747s
  3428  2987  407.42761  886 4413  513.90000  391.12358  23.9%   290 6776s
  3429  2987  425.20000  382 3340  513.90000  391.31241  23.9%   290 6812s
  3430  2988  415.62418   86 4523  513.90000  391.34381  23.8%   290 6818s
  3431  2989  399.86878  929 4642  513.90000  391.35889  23.8%   290 6821s
  3433  2990  427.21158  567 3988  513.90000  391.37007  23.8%   290 6826s
  3435  2991  404.04608   11 3756  513.90000  391.37064  23.8%   290 6843s
  3436  2992  415.68604   84 3951  513.90000  391.59742  23.8%   290 6887s
  3437  2993  393.70537  407 4207  513.90000  391.73058  23.8%   290 6897s
  3438  2993  397.42517  192 4478  513.90000  391.76664  23.8%   290 6902s
  3440  2995  391.77290   72 5527  513.90000  391.77290  23.8%   289 6907s
  3442  2996  434.04700 1069 4603  513.90000  391.77827  23.8%   289 6910s
  3444  2997  391.77858   48 4419  513.90000  391.77858  23.8%   289 6933s
  3445  2998  396.14537  243 3551  513.90000  392.14557  23.7%   289 6987s
  3446  2999  392.29488  245 3076  513.90000  392.29488  23.7%   289 7006s
  3448  3000  421.30534  326 3314  513.90000  392.30617  23.7%   289 7011s
  3451  3002  392.30723  155 2850  513.90000  392.30723  23.7%   289 7036s
H 3451  2849                     507.9000000  392.55114  22.7%   289 7086s
  3453  2850  415.50389   76 3730  507.90000  392.57099  22.7%   288 7090s
  3454  2851  392.58532   40 4083  507.90000  392.58532  22.7%   288 7095s
  3456  2852  405.59281  687 4159  507.90000  392.61470  22.7%   288 7102s
  3457  2853  416.41239  100 4391  507.90000  392.61470  22.7%   288 7122s
  3458  2854  415.30041   20 3044  507.90000  392.72097  22.7%   288 7161s
  3459  2854  398.42730  460 4438  507.90000  392.76355  22.7%   288 7165s
  3461  2856  402.03099  111 4112  507.90000  392.77627  22.7%   288 7176s

Cutting planes:
  Cover: 183
  Implied bound: 21
  Projected implied bound: 88
  Clique: 34
  MIR: 26
  StrongCG: 1
  Flow cover: 170
  GUB cover: 183
  Zero half: 37
  RLT: 96
  Relax-and-lift: 23

Explored 3461 nodes (2633106 simplex iterations) in 7209.49 seconds (5528.43 work units)
Thread count was 4 (of 8 available processors)

Solution count 3: 507.9 513.9 517.8 

Time limit reached
Best objective 5.079000000000e+02, best bound 3.928000000000e+02, gap 22.6619%
