
Gurobi 13.0.2 (linux64) logging started Thu Jun 18 03:13:43 2026

Set parameter LogFile to value "src/Resultados/Sin Restricciones/logs/RC107-25.xml_log.log"
Set parameter Threads to value 4
Gurobi Optimizer version 13.0.2 build v13.0.2rc1 (linux64 - "Rocky Linux 9.7 (Blue Onyx)")

CPU model: QEMU Virtual CPU version 2.5+, instruction set [SSE2]
Thread count: 8 physical cores, 8 logical processors, using up to 4 threads

Non-default parameters:
TimeLimit  7200
Threads  4

Optimize a model with 97633 rows, 58050 columns and 385740 nonzeros (Min)
Model fingerprint: 0x9c2f1329
Model has 5205 linear objective coefficients
Variable types: 13080 continuous, 44970 integer (44955 binary)
Coefficient statistics:
  Matrix range     [1e+00, 4e+04]
  Objective range  [2e+00, 6e+01]
  Bounds range     [1e+00, 2e+03]
  RHS range        [1e+00, 4e+04]

Presolve removed 30675 rows and 240 columns
Presolve time: 2.07s
Presolved: 66958 rows, 57810 columns, 289275 nonzeros
Variable types: 375 continuous, 57435 integer (49275 binary)
Deterministic concurrent LP optimizer: primal and dual simplex
Showing primal log only...


Root simplex log...

Iteration    Objective       Primal Inf.    Dual Inf.      Time
   15942    1.6066696e+02   2.527486e+01   1.274655e+09      5s
   25652    1.4789249e+02   0.000000e+00   2.788754e+05     10s
   32573    9.3200020e+01   6.402068e+02   0.000000e+00     15s
   37282    9.3200060e+01   2.571009e+03   0.000000e+00     20s
   40880    9.3200155e+01   1.283736e+03   0.000000e+00     25s
   44022    9.3200254e+01   7.776187e+03   0.000000e+00     30s
   47448    9.3200478e+01   2.059484e+04   0.000000e+00     35s
   48822    1.1037549e+02   0.000000e+00   0.000000e+00     38s
Concurrent spin time: 0.00s

Solved with primal simplex

Root relaxation: objective 1.103755e+02, 48822 iterations, 35.42 seconds (28.43 work units)

    Nodes    |    Current Node    |     Objective Bounds      |     Work
 Expl Unexpl |  Obj  Depth IntInf | Incumbent    BestBd   Gap | It/Node Time

     0     0  110.37549    0 2602          -  110.37549      -     -   39s
     0     0  110.37549    0 14732          -  110.37549      -     -   50s
     0     0  110.37549    0 7708          -  110.37549      -     -   60s
     0     0  110.37549    0 7708          -  110.37549      -     -   60s
     0     0  110.37549    0 3234          -  110.37549      -     -   61s
     0     0  110.37549    0 2601          -  110.37549      -     -   63s
     0     0  110.45186    0 3874          -  110.45186      -     -   70s
     0     0  110.45186    0 3874          -  110.45186      -     -   70s
     0     0  110.45186    0 2599          -  110.45186      -     -   71s
     0     0  110.80470    0 4435          -  110.80470      -     -   74s
     0     0  112.29498    0 10417          -  112.29498      -     -   80s
     0     0  112.29498    0 8026          -  112.29498      -     -   83s
     0     0  112.29498    0 5150          -  112.29498      -     -   88s
     0     0  112.29498    0 5156          -  112.29498      -     -   89s
     0     0  112.29498    0 5077          -  112.29498      -     -   94s
     0     0  112.29498    0 3238          -  112.29498      -     -   96s
     0     0  112.38276    0 4445          -  112.38276      -     -   98s
     0     0  112.74069    0 1979          -  112.74069      -     -  100s
     0     0  142.91691    0 5197          -  142.91691      -     -  102s
     0     0  193.90431    0 4643          -  193.90431      -     -  104s
     0     0  194.20420    0 4899          -  194.20420      -     -  104s
     0     0  194.20420    0 5113          -  194.20420      -     -  105s
     0     0  253.08211    0 5275          -  253.08211      -     -  109s
     0     0  253.08211    0 1597          -  253.08211      -     -  117s
     0     0  253.08211    0 2320          -  253.08211      -     -  119s
     0     0  253.08211    0 1949          -  253.08211      -     -  119s
     0     0  254.21370    0 3380          -  254.21370      -     -  123s
     0     0  254.21370    0 3098          -  254.21370      -     -  149s
     0     0  254.21370    0 4321          -  254.21370      -     -  152s
     0     0  254.21370    0 4230          -  254.21370      -     -  153s
     0     0  254.93992    0 4978          -  254.93992      -     -  158s
     0     0  254.93992    0 4981          -  254.93992      -     -  158s
     0     0  254.93992    0 2560          -  254.93992      -     -  174s
     0     0  254.97000    0 2572          -  254.97000      -     -  175s
     0     0  254.97000    0 2571          -  254.97000      -     -  175s
     0     0  254.97000    0 5770          -  254.97000      -     -  180s
     0     0  254.97000    0 5775          -  254.97000      -     -  182s
     0     0  254.97000    0 6865          -  254.97000      -     -  185s
     0     0  254.97000    0 6864          -  254.97000      -     -  185s
     0     0  254.97000    0 6864          -  254.97000      -     -  186s
     0     0  254.97000    0 3961          -  254.97000      -     -  196s
     0     2  254.97000    0 3961          -  254.97000      -     -  214s
     1     2  254.97000    1 3966          -  254.97000      -   161  215s
     9     8  254.97767    5 4239          -  254.97000      -   475  220s
   162   220  255.00150   42 4825          -  254.97000      -  53.0  226s
   276   308  255.01950   70 4825          -  254.97000      -  32.9  230s
   349   390  255.04643   92 5778          -  254.97000      -  36.3  235s
   435   485  255.05027  114 5875          -  254.97000      -  49.3  243s
   490   566  255.30027  139 4213          -  254.97000      -  54.3  247s
   571   664  255.67100  163 4481          -  254.97000      -  55.7  252s
   669   783  255.67100  191 4602          -  254.97000      -  54.3  257s
   790   875  265.19907  217 3444          -  254.97000      -  51.3  262s
   882   892  265.36406  237 4034          -  254.97000      -  52.1  269s
   899   908  265.38629  238 4034          -  254.97000      -  52.1  274s
   916   935  265.38629  239 4411          -  254.97000      -  52.8  283s
   943   952  265.38629  240 3817          -  254.97000      -  53.2  290s
   960  1012  265.39453  241 3844          -  254.97000      -  54.4  295s
  1020  1079  276.46844  259 4734          -  254.97000      -  52.9  300s
  1099  1155  277.63486  294 3888          -  254.97000      -  53.0  307s
  1181  1156  255.97000  148 3961          -  254.97000      -  53.1  512s
  1183  1157  255.77000  160 7445          -  254.97000      -  53.0  603s
  1184  1158  284.41277  218 2779          -  254.97000      -  53.0  610s
  1185  1159  296.53423  240 8810          -  254.97000      -  52.9  644s
  1186  1159  267.91731  199 4490          -  257.84049      -  52.9  682s
  1187  1160  257.89005  198 4610          -  257.89005      -  52.8  717s
  1188  1161  258.77000   54 4397          -  257.99669      -  52.8  735s
  1189  1161  258.05290  152 5524          -  258.05290      -  52.7  759s
  1190  1162  258.87000   61 4843          -  258.06551      -  52.7  780s
  1191  1163  258.07050  132 5348          -  258.07050      -  52.6  786s
  1192  1163  279.21707  162 3763          -  258.09013      -  52.6  800s
  1193  1164  268.49815  258 6418          -  258.09095      -  52.6  811s
  1194  1165  279.38831  146 4270          -  258.11553      -  52.5  899s
  1195  1165  258.13866  178 5103          -  258.13866      -  52.5  907s
  1196  1166  277.95986  304 4124          -  258.51177      -  52.4  925s
  1197  1167  265.26406  237 5405          -  258.55593      -  52.4  932s
  1198  1167  267.68411  219 5086          -  258.60037      -  52.3  947s
  1199  1168  258.63181   36 5460          -  258.63181      -  52.3  961s
  1200  1169  268.49633  255 2813          -  258.65777      -  52.3  976s
  1201  1169  258.67301   34 6740          -  258.67301      -  52.2  995s
  1202  1170  258.97000  185 4088          -  258.74305      -  52.2 1016s
  1203  1171  258.78755  213 7443          -  258.78755      -  52.1 1027s
  1204  1171  277.49319  293 5990          -  258.81552      -  52.1 1044s
  1205  1172  258.82285  195 5915          -  258.82285      -  52.0 1052s
  1206  1173  284.64256  214 5447          -  258.86265      -  52.0 1066s
  1207  1173  258.88006   27 5584          -  258.88006      -  51.9 1072s
  1208  1174  258.90355   28 3698          -  258.90355      -  51.9 1090s
  1209  1175  279.79284  128 5897          -  258.90916      -  51.9 1101s
  1210  1175  286.32256  142 6320          -  258.91386      -  51.8 1126s
  1211  1176  258.91442  170 6335          -  258.91442      -  51.8 1136s
  1212  1177  277.37739  290 6184          -  258.91529      -  51.7 1159s
  1213  1177  258.91574  139 6310          -  258.91574      -  51.7 1167s
  1214  1178  258.93726  116 4424          -  258.93726      -  51.6 1187s
  1215  1179  258.94649  149 4356          -  258.94649      -  51.6 1195s
  1216  1179  258.98134  135 3748          -  258.98134      -  51.6 1212s
  1217  1180  258.98725  183 3200          -  258.98725      -  51.5 1217s
  1218  1181  265.19907  220 3521          -  258.99380      -  51.5 1229s
  1219  1181  298.44593  230 3642          -  258.99433      -  51.4 1233s
  1220  1182  259.03239  205 4227          -  259.03239      -  51.4 1249s
  1221  1183  280.90173  132 4579          -  259.04475      -  51.4 1255s
  1222  1183  259.05229  140 4259          -  259.05229      -  51.3 1269s
  1223  1184  280.89598  131 4208          -  259.05347      -  51.3 1275s
  1224  1185  267.41829  210 4563          -  259.06065      -  51.2 1292s
  1225  1185  259.06177  157 4581          -  259.06177      -  51.2 1297s
  1226  1186  268.35419  242 4547          -  259.06203      -  51.1 1315s
  1227  1187  270.93411  200 5010          -  259.06209      -  51.1 1320s
  1228  1187  259.06477  140 4746          -  259.06477      -  51.1 1341s
  1229  1188  263.17000   84 4227          -  259.06851      -  51.0 1346s
  1230  1189  259.07640  138 5237          -  259.07640      -  51.0 1362s
  1231  1189  259.07819  185 4299          -  259.07819      -  50.9 1368s
  1232  1190  259.08220   86 4590          -  259.08220      -  50.9 1383s
  1233  1191  268.35419  241 4081          -  259.08403      -  50.9 1387s
  1234  1191  268.49815  261 4320          -  259.09709      -  50.8 1399s
  1235  1192  259.09885  151 4616          -  259.09885      -  50.8 1403s
  1236  1193  259.09899  126 4257          -  259.09899      -  50.7 1412s
  1237  1193  259.09903   12 4601          -  259.09903      -  50.7 1415s
  1238  1194  259.09904  189 4796          -  259.09904      -  50.6 1426s
  1240  1195  259.09904   44 4591          -  259.09904      -  50.6 1440s
  1242  1197  259.09904  173 4412          -  259.09904      -  50.5 1454s
  1245  1200  312.31413  279 3961          -  259.09904      -   408 1459s
  1247  1201  259.09904  203 4924          -  259.09904      -   407 1501s
  1248  1202  259.09904   98 6083          -  259.09904      -   407 1554s
  1249  1203  259.10740  160 8272          -  259.10740      -   407 1728s
  1250  1203  259.10740  105 4769          -  259.10740      -   406 1752s
  1251  1204  259.17214  105 6407          -  259.17214      -   406 1786s
  1252  1205  267.91731  199 4447          -  259.55053      -   406 1802s
  1253  1205  278.19319  298 5009          -  259.62775      -   405 1829s
  1254  1206  259.66322   71 4253          -  259.66322      -   405 1844s
  1255  1207  259.98622   85 4560          -  259.68654      -   405 1875s
  1256  1207  259.70206   36 3548          -  259.70206      -   404 1891s
  1257  1208  259.70322   55 4076          -  259.70322      -   404 1912s
  1258  1209  259.70471  103 3184          -  259.70471      -   404 1987s
  1259  1209  269.30255  250 3563          -  259.70803      -   403 1992s
  1260  1210  259.71348   14 3108          -  259.71348      -   403 2004s
  1261  1211  259.71383   46 3352          -  259.71383      -   403 2008s
  1262  1211  260.77000  188 3494          -  259.71443      -   402 2016s
  1263  1212  259.71469   43 3464          -  259.71469      -   402 2020s
  1264  1213  259.71470  116 3546          -  259.71470      -   402 2031s
  1265  1213  259.71470  145 3629          -  259.71470      -   401 2035s
  1266  1214  259.71471   35 3513          -  259.71471      -   401 2046s
  1267  1215  284.10426  215 3512          -  259.71471      -   401 2050s
  1268  1215  267.68411  217 3370          -  259.71471      -   400 2060s
  1270  1217  259.71471  128 3253          -  259.71471      -   400 2072s
  1271  1217  259.71471  240 3278          -  259.71471      -   399 2076s
  1272  1218  262.57000  204 3271          -  259.71481      -   399 2086s
  1277  1222  259.71481   28 1936          -  259.71481      -   570 2113s
  1278  1223  314.25173  280 4549          -  259.71481      -   570 2146s
  1279  1224  259.71481  132 6375          -  259.71481      -   569 2181s
  1280  1224  259.71481  127 4863          -  259.71481      -   569 2201s
  1281  1225  259.71481  148 2780          -  259.71481      -   568 2213s
  1282  1226  259.71481   13 4725          -  259.71481      -   568 2231s
  1283  1226  259.71481  160 5878          -  259.71481      -   567 2247s
  1284  1227  284.41277  218 3084          -  259.72070      -   567 2257s
  1285  1228  296.53423  240 3344          -  259.78039      -   566 2270s
  1286  1228  267.91731  199 5320          -  259.87432      -   566 2285s
  1287  1229  259.89577  198 3319          -  259.89577      -   566 2300s
  1288  1230  259.96012   54 5489          -  259.96012      -   565 2337s
  1289  1230  259.96822  152 5171          -  259.96822      -   565 2356s
  1290  1231  259.98231   61 5005          -  259.98231      -   564 2371s
  1291  1232  259.98358  132 5033          -  259.98358      -   564 2389s
  1292  1232  279.21707  162 5064          -  259.98540      -   563 2404s
  1293  1233  268.49815  258 5045          -  259.98577      -   563 2420s
  1294  1234  279.38831  146 5056          -  259.99090      -   562 2434s
  1295  1234  259.99109  178 5094          -  259.99109      -   562 2445s
  1296  1235  277.95986  304 5066          -  259.99499      -   562 2458s
  1297  1236  265.26406  237 5088          -  259.99697      -   561 2470s
  1298  1236  267.68411  219 5073          -  259.99853      -   561 2486s
  1299  1237  260.00168   36 5098          -  260.00168      -   560 2502s
  1300  1238  268.49633  255 5079          -  260.00750      -   560 2518s
  1301  1238  260.00764   34 5094          -  260.00764      -   559 2533s
  1302  1239  260.00886  185 5077          -  260.00886      -   559 2547s
  1303  1240  260.00888  213 5099          -  260.00888      -   559 2558s
  1304  1240  277.49319  293 5346          -  260.00893      -   558 2574s
  1305  1241  260.00893  195 5343          -  260.00893      -   558 2590s
  1306  1242  284.64256  214 5193          -  260.00893      -   557 2605s
  1307  1242  260.00909   27 5487          -  260.00909      -   557 2617s
  1308  1243  260.01180   28 5567          -  260.01180      -   556 2632s
  1309  1244  279.79284  128 5592          -  260.01365      -   556 2647s
  1310  1244  286.32256  142 5306          -  260.02716      -   556 2662s
  1311  1245  260.02727  170 5651          -  260.02727      -   555 2677s
  1312  1246  277.37739  290 5495          -  260.03758      -   555 2726s
  1313  1246  260.04192  139 5463          -  260.04192      -   554 2771s
  1314  1247  260.06861  116 5416          -  260.06861      -   554 2781s
  1315  1248  260.07825  149 5817          -  260.07825      -   553 2793s
  1316  1248  260.08958  135 5394          -  260.08958      -   553 2806s
  1317  1249  260.09041  183 5332          -  260.09041      -   553 2812s
  1318  1250  265.19907  220 4976          -  260.09087      -   552 2830s
  1319  1250  298.44593  230 6116          -  260.09104      -   552 2841s
  1320  1251  260.09216  205 4893          -  260.09216      -   551 2856s
  1321  1252  280.90173  132 5011          -  260.09217      -   551 2865s
  1322  1252  260.09223  140 5201          -  260.09223      -   551 2874s
  1323  1253  280.89598  131 5215          -  260.09224      -   550 2880s
  1324  1254  267.41829  210 5079          -  260.09243      -   550 2889s
  1325  1254  260.09243  157 5083          -  260.09243      -   549 2896s
  1326  1255  268.35419  242 4483          -  260.09371      -   549 2907s
  1327  1256  270.93411  200 5307          -  260.09489      -   548 2917s
  1328  1256  260.09811  140 4823          -  260.09811      -   548 2933s
  1329  1257  263.17000   84 4961          -  260.09844      -   548 2940s
  1330  1258  260.10433  138 4595          -  260.10433      -   547 2953s
  1331  1258  260.10955  185 4689          -  260.10955      -   547 2967s
  1332  1259  260.11079   86 4540          -  260.11079      -   546 2980s
  1333  1260  268.35419  241 4484          -  260.11186      -   546 2996s
  1334  1260  268.49815  261 4872          -  260.11389      -   546 3009s
  1335  1261  260.11411  151 4856          -  260.11411      -   545 3016s
  1336  1262  260.11620  126 4590          -  260.11620      -   545 3027s
  1337  1262  260.11711   12 5172          -  260.11711      -   544 3035s
  1338  1263  260.11813  189 4744          -  260.11813      -   544 3045s
  1339  1264  260.11813  109 4727          -  260.11813      -   544 3052s
  1340  1264  260.11813   44 4914          -  260.11813      -   543 3060s
  1341  1265  260.11813  102 5000          -  260.11813      -   543 3067s
  1342  1266  260.11813  173 5032          -  260.11813      -   542 3078s
  1343  1266  260.11813  199 5072          -  260.11813      -   542 3086s
  1344  1267  268.25969  233 4849          -  260.13581      -   542 3101s
  1345  1268  312.31413  279 4719          -  260.15221      -   541 3106s
  1346  1268  260.15662   34 4765          -  260.15662      -   541 3123s
  1347  1269  260.15803  203 5796          -  260.15803      -   540 3132s
  1348  1270  260.15826   98 5038          -  260.15826      -   540 3144s
  1349  1270  260.15938  160 5095          -  260.15938      -   540 3151s
  1350  1271  260.16228  105 4572          -  260.16228      -   539 3164s
  1351  1272  260.16828  105 4559          -  260.16828      -   539 3170s
  1352  1272  267.91731  199 5408          -  260.17024      -   538 3183s
  1353  1273  278.19319  298 6174          -  260.17086      -   538 3191s
  1354  1274  260.17133   71 5761          -  260.17133      -   538 3203s
  1355  1274  260.17135   85 5939          -  260.17135      -   537 3209s
  1356  1275  260.17138   36 5916          -  260.17138      -   537 3223s
  1357  1276  260.17138   55 6156          -  260.17138      -   536 3230s
  1358  1276  260.17150  103 5361          -  260.17150      -   536 3248s
  1361  1280  260.17150   46 3961          -  260.17150      -   899 3251s
  1363  1281  260.17150   43 10985          -  260.17150      -   898 3322s
  1364  1282  260.17150  116 5282          -  260.17150      -   897 3359s
  1365  1283  260.17150  145 8730          -  260.17150      -   897 3422s
  1366  1283  260.17150   35 6561          -  260.17150      -   896 3484s
  1367  1284  284.10426  215 6782          -  260.17150      -   895 3540s
  1368  1285  267.68411  217 4462          -  260.17488      -   895 3557s
  1369  1285  260.87000  189 5659          -  260.23353      -   894 3585s
  1370  1286  260.68825  128 4496          -  260.68825      -   893 3604s
  1371  1287  260.76944  240 6684          -  260.76944      -   893 3615s
  1372  1287  262.57000  204 4927          -  261.27096      -   892 3638s
  1373  1288  261.33624  210 7173          -  261.33624      -   892 3653s
  1374  1289  261.54625   35 4697          -  261.54625      -   891 3738s
  1375  1289  277.43961  122 5972          -  261.56988      -   890 3751s
  1376  1290  277.21844  276 6053          -  261.60564      -   890 3774s
  1377  1291  261.63488   28 5703          -  261.63488      -   889 3784s
  1378  1291  314.25173  280 3309          -  261.72154      -   888 3804s
  1379  1292  261.77434  132 4248          -  261.77434      -   888 3817s
  1380  1293  261.78278  127 5496          -  261.78278      -   887 3842s
  1381  1293  261.78308  148 4600          -  261.78308      -   886 3850s
  1382  1294  261.78423   13 6230          -  261.78423      -   886 3878s
  1383  1295  261.78496  160 5544          -  261.78496      -   885 3886s
  1384  1295  284.41277  218 5321          -  261.78687      -   884 3908s
  1385  1296  296.53423  240 4584          -  261.78729      -   884 3918s
  1386  1297  267.91731  199 4875          -  261.78782      -   883 3936s
  1387  1297  261.78801  198 4905          -  261.78801      -   883 3943s
  1388  1298  261.78815   54 4382          -  261.78815      -   882 3962s
  1389  1299  261.78824  152 6252          -  261.78824      -   881 3972s
  1390  1299  261.78844   61 7066          -  261.78844      -   881 3994s
  1391  1300  261.78848  132 6374          -  261.78848      -   880 4003s
  1392  1301  279.21707  162 5536          -  261.78876      -   879 4023s
  1393  1301  268.49815  258 6690          -  261.78880      -   879 4032s
  1394  1302  279.38831  146 7187          -  261.79293      -   878 4061s
  1395  1303  261.79834  178 10466          -  261.79834      -   877 4077s
  1396  1303  277.95986  304 2849          -  261.81666      -   877 4101s
  1397  1304  265.26406  237 4217          -  261.82456      -   876 4112s
  1398  1305  267.68411  219 5124          -  261.82922      -   876 4137s
  1399  1305  261.83109   36 6397          -  261.83109      -   875 4147s
  1400  1306  268.49633  255 4373          -  261.83743      -   874 4170s
  1401  1307  261.83942   34 6873          -  261.83942      -   874 4181s
  1402  1307  261.84869  185 6154          -  261.84869      -   873 4203s
  1403  1308  261.85036  213 4974          -  261.85036      -   872 4210s
  1404  1309  277.49319  293 3758          -  261.85501      -   872 4218s
  1405  1309  261.85589  195 4055          -  261.85589      -   871 4225s
  1406  1310  284.64256  214 6160          -  261.85753      -   871 4244s
  1407  1311  261.85933   27 3984          -  261.85933      -   870 4251s
  1408  1311  261.86157   28 4663          -  261.86157      -   869 4266s
  1409  1312  279.79284  128 4729          -  261.86184      -   869 4272s
  1410  1313  286.32256  142 7441          -  261.86492      -   868 4295s
  1411  1313  261.86582  170 7688          -  261.86582      -   868 4302s
  1412  1314  277.37739  290 7169          -  261.87084      -   867 4327s
H 1412  1247                     492.2000000  261.87147  46.8%   867 4331s
  1413  1248  261.87147  139 8619  492.20000  261.87147  46.8%   866 4337s
  1414  1248  261.87387  116 6997  492.20000  261.87387  46.8%   866 4364s
  1415  1249  261.87633  149 7745  492.20000  261.87633  46.8%   865 4371s
  1416  1250  261.88783  135 5687  492.20000  261.88783  46.8%   864 4383s
  1417  1250  261.89004  183 7553  492.20000  261.89004  46.8%   864 4390s
  1418  1251  265.19907  220 7678  492.20000  261.89266  46.8%   863 4409s
  1419  1252  298.44593  230 7869  492.20000  261.89387  46.8%   863 4415s
  1420  1252  261.90044  205 5535  492.20000  261.90044  46.8%   862 4434s
  1421  1253  280.90173  132 8157  492.20000  261.90580  46.8%   861 4443s
  1422  1254  261.91245  140 5643  492.20000  261.91245  46.8%   861 4466s
  1423  1254  280.89598  131 6411  492.20000  261.91326  46.8%   860 4472s
  1424  1255  267.41829  210 5289  492.20000  261.91524  46.8%   860 4485s
H 1424  1191                     443.0000000  261.91581  40.9%   860 4486s
H 1424  1130                     441.7000000  261.91581  40.7%   860 4486s
H 1424  1073                     388.0000000  261.91581  32.5%   860 4486s
H 1424  1018                     381.3000000  261.91581  31.3%   860 4486s
  1425  1019  261.91581  157 5567  381.30000  261.91581  31.3%   859 4491s
  1426  1019  268.35419  242 5526  381.30000  261.92291  31.3%   858 4502s
  1427  1020  270.93411  200 5546  381.30000  261.92617  31.3%   858 4507s
  1428  1021  261.94603  140 4461  381.30000  261.94603  31.3%   857 4519s
  1429  1021  263.17000   84 5578  381.30000  261.94872  31.3%   857 4525s
  1430  1022  261.95683  138 4234  381.30000  261.95683  31.3%   856 4536s
  1431  1023  261.95987  185 5413  381.30000  261.95987  31.3%   855 4543s
H 1431   971                     369.3000000  261.96500  29.1%   855 4560s
  1433   972  268.35419  241 5331  369.30000  261.96573  29.1%   854 4566s
  1434   973  268.49815  261 5821  369.30000  261.97138  29.1%   854 4578s
  1435   973  261.97423  151 5981  369.30000  261.97423  29.1%   853 4583s
  1436   974  261.98035  126 6422  369.30000  261.98035  29.1%   852 4603s
  1437   975  261.98112   12 6460  369.30000  261.98112  29.1%   852 4609s
  1438   975  261.98290  189 6202  369.30000  261.98290  29.1%   851 4624s
  1439   976  261.98399  109 7296  369.30000  261.98399  29.1%   851 4630s
  1440   977  261.98699   44 5012  369.30000  261.98699  29.1%   850 4652s
  1441   977  261.98847  102 5223  369.30000  261.98847  29.1%   849 4658s
  1442   978  261.99356  173 5592  369.30000  261.99356  29.1%   849 4672s
  1443   979  262.00037  199 6243  369.30000  262.00037  29.1%   848 4678s
  1444   979  268.25969  233 5417  369.30000  262.00455  29.1%   848 4692s
  1445   980  312.31413  279 6471  369.30000  262.00680  29.1%   847 4698s
  1446   981  262.00919   34 6229  369.30000  262.00919  29.1%   847 4708s
  1447   981  262.01107  203 6256  369.30000  262.01107  29.1%   846 4714s
  1448   982  262.01232   98 4762  369.30000  262.01232  29.1%   845 4731s
  1449   983  262.01386  160 5920  369.30000  262.01386  29.1%   845 4737s
  1450   983  262.01776  105 6571  369.30000  262.01776  29.1%   844 4753s
  1451   984  262.01904  105 6023  369.30000  262.01904  29.0%   844 4760s
  1452   985  267.91731  199 5928  369.30000  262.02026  29.0%   843 4778s
  1453   985  278.19319  298 6260  369.30000  262.02205  29.0%   842 4784s
  1454   986  262.02770   71 6291  369.30000  262.02770  29.0%   842 4803s
  1455   987  262.02993   85 6606  369.30000  262.02993  29.0%   841 4809s
  1456   987  262.03382   36 6491  369.30000  262.03382  29.0%   841 4826s
  1457   988  262.03499   55 6551  369.30000  262.03499  29.0%   840 4832s
  1458   989  262.03604  103 6448  369.30000  262.03604  29.0%   840 4847s
  1459   989  269.30255  250 6519  369.30000  262.03692  29.0%   839 4853s
  1460   990  262.03858   14 6675  369.30000  262.03858  29.0%   838 4872s
H 1460   939                     368.0000000  262.03894  28.8%   838 4873s
  1461   940  262.03894   46 6561  368.00000  262.03894  28.8%   838 4878s
  1462   940  262.03980  188 5704  368.00000  262.03980  28.8%   837 4891s
  1463   941  262.04074   43 6743  368.00000  262.04074  28.8%   837 4897s
  1464   942  262.04094  116 6747  368.00000  262.04094  28.8%   836 4918s
  1465   942  262.04118  145 6521  368.00000  262.04118  28.8%   836 4923s
  1466   943  262.04156   35 5626  368.00000  262.04156  28.8%   835 4940s
  1467   944  284.10426  215 5665  368.00000  262.04168  28.8%   834 4945s
  1468   944  267.68411  217 4214  368.00000  262.05176  28.8%   834 4960s
  1469   945  262.06442  189 6387  368.00000  262.06442  28.8%   833 4966s
H 1469   896                     365.2000000  262.07592  28.2%   833 5002s
  1470   897  262.07592  128 6282  365.20000  262.07592  28.2%   833 5108s
  1471   897  262.07963  240 6252  365.20000  262.07963  28.2%   832 5115s
  1472   898  262.57000  204 7625  365.20000  262.08594  28.2%   832 5142s
  1473   899  262.09188  210 7690  365.20000  262.09188  28.2%   831 5148s
  1474   899  262.09310   35 6452  365.20000  262.09310  28.2%   830 5168s
  1475   900  277.43961  122 6394  365.20000  262.09357  28.2%   830 5173s
  1476   901  277.21844  276 4488  365.20000  262.09571  28.2%   829 5193s
  1477   901  262.09759   28 5647  365.20000  262.09759  28.2%   829 5200s
  1478   902  314.25173  280 4613  365.20000  262.09956  28.2%   828 5212s
  1479   903  262.10101  132 5291  365.20000  262.10101  28.2%   828 5218s
  1480   903  262.10184  127 5532  365.20000  262.10184  28.2%   827 5233s
  1481   904  262.10210  148 5538  365.20000  262.10210  28.2%   827 5238s
  1482   905  262.10391   13 5534  365.20000  262.10391  28.2%   826 5252s
  1483   905  262.10922  160 5694  365.20000  262.10922  28.2%   825 5258s
  1484   906  284.41277  218 5672  365.20000  262.11256  28.2%   825 5275s
  1485   907  296.53423  240 6086  365.20000  262.11347  28.2%   824 5281s
  1486   907  267.91731  199 5969  365.20000  262.12151  28.2%   824 5290s
  1487   908  262.12270  198 6004  365.20000  262.12270  28.2%   823 5296s
  1488   909  262.12577   54 5994  365.20000  262.12577  28.2%   823 5312s
  1489   909  262.12617  152 5993  365.20000  262.12617  28.2%   822 5318s
  1490   910  262.12926   61 5667  365.20000  262.12926  28.2%   822 5328s
  1491   911  262.13022  132 6399  365.20000  262.13022  28.2%   821 5335s
  1492   911  279.21707  162 6481  365.20000  262.13071  28.2%   820 5352s
  1493   912  268.49815  258 6394  365.20000  262.13089  28.2%   820 5357s
  1494   913  279.38831  146 6413  365.20000  262.13104  28.2%   819 5371s
  1495   913  262.13104  178 6410  365.20000  262.13104  28.2%   819 5376s
  1496   914  277.95986  304 6413  365.20000  262.13105  28.2%   818 5388s
  1499   917  262.13105   36 3961  365.20000  262.13105  28.2%  1327 5390s
  1501   918  262.13105   34 12192  365.20000  262.13105  28.2%  1326 5460s
  1502   919  262.13105  185 4238  365.20000  262.13105  28.2%  1325 5483s
  1503   920  262.15083  213 8349  365.20000  262.15083  28.2%  1324 5518s
  1504   920  277.49319  293 5745  365.20000  262.15083  28.2%  1323 5549s
  1505   921  262.15083  195 3116  365.20000  262.15083  28.2%  1322 5556s
  1506   922  284.64256  214 3622  365.20000  262.15083  28.2%  1321 5574s
  1507   922  262.15269   27 5984  365.20000  262.15269  28.2%  1320 5586s
  1508   923  262.15269   28 3768  365.20000  262.15269  28.2%  1320 5602s
  1509   924  279.79284  128 5508  365.20000  262.15269  28.2%  1319 5613s
  1510   924  286.32256  142 3214  365.20000  262.15269  28.2%  1318 5626s
  1511   925  262.15269  170 7033  365.20000  262.15269  28.2%  1317 5638s
  1512   926  277.37739  290 3818  365.20000  262.49310  28.1%  1316 5740s
  1513   926  262.67337  139 3529  365.20000  262.67337  28.1%  1315 5751s
  1514   927  262.99894  116 2372  365.20000  262.99894  28.0%  1314 5775s
  1515   928  263.43237  149 4315  365.20000  263.43237  27.9%  1313 5792s
  1516   928  263.50767  135  905  365.20000  263.50767  27.8%  1313 5833s
  1517   929  263.50767  183 3501  365.20000  263.50767  27.8%  1312 5852s
  1518   930  265.19907  220  905  365.20000  263.55747  27.8%  1311 5881s
  1519   930  298.44593  230 7740  365.20000  263.58138  27.8%  1310 5904s
  1520   931  263.64409  205 2757  365.20000  263.64409  27.8%  1309 5935s
  1521   932  280.90173  132 1463  365.20000  263.67155  27.8%  1308 5949s
  1522   932  263.73105  140 3060  365.20000  263.73105  27.8%  1307 5971s
  1523   933  280.89598  131 3572  365.20000  263.88017  27.7%  1307 5980s
  1524   934  267.41829  210 1177  365.20000  263.90017  27.7%  1306 6003s
  1525   934  263.90017  157 1879  365.20000  263.90017  27.7%  1305 6014s
  1526   935  268.35419  242 3370  365.20000  263.90942  27.7%  1304 6042s
  1527   936  270.93411  200 4304  365.20000  263.91270  27.7%  1303 6052s
  1528   936  263.94048  140 1650  365.20000  263.94048  27.7%  1302 6093s
  1529   937  263.95828   84 3813  365.20000  263.95828  27.7%  1301 6104s
  1530   938  263.99984  138 1999  365.20000  263.99984  27.7%  1301 6129s
  1531   938  263.99984  185 2637  365.20000  263.99984  27.7%  1300 6139s
  1532   939  264.00072   86 1842  365.20000  264.00072  27.7%  1299 6158s
  1533   940  268.35419  241 2732  365.20000  264.01047  27.7%  1298 6168s
  1534   940  268.49815  261 2732  365.20000  264.13939  27.7%  1297 6193s
  1535   941  264.20118  151 2659  365.20000  264.20118  27.7%  1296 6205s
  1536   942  264.23965  126 2162  365.20000  264.23965  27.6%  1295 6228s
  1537   942  264.25894   12 3112  365.20000  264.25894  27.6%  1295 6241s
  1538   943  264.29373  189 2799  365.20000  264.29373  27.6%  1294 6277s
  1539   944  264.29373  109 2792  365.20000  264.29373  27.6%  1293 6283s
  1540   944  264.29373   44 1941  365.20000  264.29373  27.6%  1292 6304s
  1541   945  264.29373  102 3780  365.20000  264.29373  27.6%  1291 6312s
  1542   946  264.29373  173 2459  365.20000  264.29373  27.6%  1290 6326s
  1543   946  264.29373  199 3554  365.20000  264.29373  27.6%  1290 6334s
  1544   947  268.25969  233 2001  365.20000  264.29373  27.6%  1289 6358s
  1545   948  312.31413  279 3212  365.20000  264.29373  27.6%  1288 6363s
  1546   948  264.29373   34 1066  365.20000  264.29373  27.6%  1287 6387s
  1547   949  264.29373  203 3785  365.20000  264.29373  27.6%  1286 6399s
  1548   950  264.29373   98 1859  365.20000  264.29373  27.6%  1285 6417s
  1549   950  264.29373  160 3893  365.20000  264.29373  27.6%  1285 6424s
  1550   951  264.29373  105 1817  365.20000  264.29373  27.6%  1284 6441s
  1555   955  264.29373   85 9833  365.20000  264.29373  27.6%  1623 6514s
  1556   956  264.29373   36 4334  365.20000  264.29373  27.6%  1622 6531s
  1557   957  264.29373   55 6198  365.20000  264.29373  27.6%  1621 6561s
  1558   957  264.29373  103 1132  365.20000  264.29373  27.6%  1620 6592s
  1559   958  269.30255  250 2801  365.20000  264.29373  27.6%  1619 6604s
  1560   959  264.29373   14  887  365.20000  264.29373  27.6%  1618 6641s
  1561   959  264.29373   46 3900  365.20000  264.29373  27.6%  1617 6661s
  1562   960  264.29373  188 2523  365.20000  264.29373  27.6%  1616 6698s
  1563   961  264.29373   43 3660  365.20000  264.29373  27.6%  1615 6715s
  1564   961  264.29373  116 1707  365.20000  264.29373  27.6%  1614 6756s
  1565   962  264.29373  145 4341  365.20000  264.29373  27.6%  1613 6771s
  1566   963  264.29373   35 1092  365.20000  264.29373  27.6%  1611 6848s
  1567   963  284.10426  215 2451  365.20000  264.29373  27.6%  1610 6857s
  1568   964  267.68411  217  905  365.20000  264.29373  27.6%  1609 6885s
  1570   965  264.29373  128 1441  365.20000  264.29373  27.6%  1607 6919s
  1571   966  264.29436  240 2682  365.20000  264.29436  27.6%  1606 6929s
  1572   967  264.41036  204 1151  365.20000  264.41036  27.6%  1605 6943s
  1573   967  264.41036  210 2023  365.20000  264.41036  27.6%  1604 6948s
  1574   968  264.42891   35 2751  365.20000  264.42891  27.6%  1603 6971s
  1575   969  277.43961  122 2825  365.20000  264.43734  27.6%  1602 6979s
  1576   969  277.21844  276 2067  365.20000  264.44762  27.6%  1601 7018s
  1577   970  264.44762   28 4407  365.20000  264.44762  27.6%  1600 7031s
  1578   971  314.25173  280 2233  365.20000  264.61167  27.5%  1599 7064s
  1579   971  264.61836  132 4701  365.20000  264.61836  27.5%  1598 7081s
  1580   972  264.66548  127 3029  365.20000  264.66548  27.5%  1597 7119s
  1581   973  264.70780  148 4489  365.20000  264.70780  27.5%  1596 7133s
  1582   973  264.87946   13 3157  365.20000  264.87946  27.5%  1595 7165s
  1583   974  264.92057  160 3243  365.20000  264.92057  27.5%  1594 7175s
  1584   975  284.41277  218  818  365.20000  264.92279  27.5%  1593 7197s

Cutting planes:
  Learned: 1
  Gomory: 3
  Cover: 165
  Implied bound: 86
  Projected implied bound: 11
  Clique: 26
  MIR: 380
  Knapsack: 1
  StrongCG: 45
  Flow cover: 687
  GUB cover: 61
  Zero half: 6
  Mod-K: 2
  RLT: 125
  Relax-and-lift: 69

Explored 1584 nodes (3020863 simplex iterations) in 7200.16 seconds (4684.46 work units)
Thread count was 4 (of 8 available processors)

Solution count 8: 365.2 368 369.3 ... 492.2

Time limit reached
Best objective 3.652000000000e+02, best bound 2.650000000000e+02, gap 27.4370%
