
Gurobi 13.0.2 (linux64) logging started Wed Jun 17 03:04:59 2026

Set parameter LogFile to value "src/Resultados/Sin Restricciones/logs/RC101-25.xml_log.log"
Set parameter Threads to value 4
Gurobi Optimizer version 13.0.2 build v13.0.2rc1 (linux64 - "Rocky Linux 9.7 (Blue Onyx)")

CPU model: QEMU Virtual CPU version 2.5+, instruction set [SSE2]
Thread count: 8 physical cores, 8 logical processors, using up to 4 threads

Non-default parameters:
TimeLimit  7200
Threads  4

Optimize a model with 91030 rows, 53655 columns and 351870 nonzeros (Min)
Model fingerprint: 0x026f7539
Model has 3690 linear objective coefficients
Variable types: 12360 continuous, 41295 integer (41280 binary)
Coefficient statistics:
  Matrix range     [1e+00, 4e+04]
  Objective range  [2e+00, 6e+01]
  Bounds range     [1e+00, 2e+03]
  RHS range        [1e+00, 4e+04]

Presolve removed 28590 rows and 240 columns
Presolve time: 1.34s
Presolved: 62440 rows, 53415 columns, 262485 nonzeros
Variable types: 360 continuous, 53055 integer (44880 binary)
Deterministic concurrent LP optimizer: primal and dual simplex
Showing primal log only...


Root simplex log...

Iteration    Objective       Primal Inf.    Dual Inf.      Time
   22464    3.1531038e+02   5.928525e+01   5.646417e+09      5s
   30057    3.9858548e+02   3.735368e+00   1.577189e+09     10s
   36777    3.3195115e+02   0.000000e+00   4.305104e+02     15s
   41541    3.3190000e+02   0.000000e+00   0.000000e+00     19s
Concurrent spin time: 0.91s

Solved with primal simplex

Root relaxation: objective 3.319000e+02, 41541 iterations, 17.74 seconds (15.84 work units)

    Nodes    |    Current Node    |     Objective Bounds      |     Work
 Expl Unexpl |  Obj  Depth IntInf | Incumbent    BestBd   Gap | It/Node Time

     0     0  331.90000    0 2696          -  331.90000      -     -   30s
     0     0  331.90000    0 2290          -  331.90000      -     -   30s
     0     0  331.90000    0 8986          -  331.90000      -     -   52s
     0     0  331.90000    0 8986          -  331.90000      -     -   53s
     0     0  331.90000    0 8987          -  331.90000      -     -   54s
     0     0  331.90000    0 9298          -  331.90000      -     -   71s
     0     0  331.90000    0 9344          -  331.90000      -     -   71s
     0     0  331.90000    0 2177          -  331.90000      -     -   85s
     0     0  331.90000    0 4324          -  331.90000      -     -   86s
     0     0  331.90000    0 4269          -  331.90000      -     -   87s
     0     0  331.90000    0 5515          -  331.90000      -     -   88s
     0     0  331.90000    0 3813          -  331.90000      -     -   89s
     0     0  331.90000    0 9179          -  331.90000      -     -  103s
     0     0  331.90000    0 9179          -  331.90000      -     -  103s
     0     0  331.90000    0 2401          -  331.90000      -     -  111s
     0     0  331.90000    0 3456          -  331.90000      -     -  115s
     0     0  331.90000    0 3605          -  331.90000      -     -  116s
     0     0  331.90000    0 9299          -  331.90000      -     -  123s
     0     0  331.90000    0 9299          -  331.90000      -     -  123s
     0     0  331.90000    0 2918          -  331.90000      -     -  132s
     0     0  331.90000    0 2903          -  331.90000      -     -  133s
     0     0  331.90000    0 2260          -  331.90000      -     -  139s
     0     2  336.50000    0 2260          -  336.50000      -     -  151s
     3     7  336.50000    2 3057          -  336.50000      -  1247  155s
    11    16  336.50000    4 4146          -  336.50000      -   924  163s
    16    21  336.50000    5 5905          -  336.50000      -   867  169s
    21    32  336.50000    6 4138          -  336.50000      -   799  171s
    32    43  336.50000    7 5968          -  336.50000      -   690  176s
    55    68  336.50000    9 4682          -  336.50000      -   585  182s
    68    82  336.50000   10 5325          -  336.50000      -   502  185s
    98   111  336.50000   12 5321          -  336.50000      -   388  191s
   139   168  336.50000   14 3247          -  336.50000      -   335  198s
   168   186  336.50000   15 3264          -  336.50000      -   287  201s
   224   250  336.50000   17 3260          -  336.50000      -   237  206s
   260   277  401.10000   19 3183          -  336.50000      -   231  212s
   309   302  336.50000   20 3933          -  336.50000      -   207  217s
   338   313  336.50000   21 3931          -  336.50000      -   195  220s
   389   340  336.50000   23 3927          -  336.50000      -   185  227s
   451   372  336.50000   25 3923          -  336.50000      -   171  231s
   486   403  336.50000   26 3921          -  336.50000      -   164  236s
   519   418  336.50000   27 3918          -  336.50000      -   163  240s
   575   499  336.50000   59 3812          -  336.50000      -   169  248s
   615   549  336.50000   88 3754          -  336.50000      -   170  251s
   667   574  336.50000  109 3588          -  336.50000      -   164  313s
   692   634  336.50000  122 3576          -  336.50000      -   165  366s
   754   691  336.50000  136 3688          -  336.50000      -   160  399s
   811   835  336.50000  151 3664          -  336.50000      -   156  403s
   955   974  336.50000  192 3828          -  336.50000      -   137  407s
  1094  1114  336.50000  240 3641          -  336.50000      -   123  410s
  1238  1253  336.50000  295 3828          -  336.50000      -   112  415s
  1489  1404  336.50000  384 5790          -  336.50000      -   102  423s
  1551  1546  336.50000  387 5600          -  336.50000      -   103  427s
  1695  1848  336.50000  447 5750          -  336.50000      -  97.8  434s
  1999  2033  336.50000  560 4783          -  336.50000      -  86.2  444s
  2197  2265  336.50000  586 5142          -  336.50000      -  85.9  454s
  2429  2626  336.50000  616 4822          -  336.50000      -  85.8  464s
  2792  2853  342.31781  764 4923          -  336.50000      -  80.3  473s
  3019  3118  345.08116  882 5700          -  336.50000      -  79.3  481s
  3286  3287  346.84694 1007 5696          -  336.50000      -  77.7  490s
  3457  3493  349.29048 1111 5692          -  336.50000      -  79.1  500s
  3669  3746  434.75354 1145 5686          -  336.50000      -  79.6  509s
  3932  3953  336.50000  143 4556          -  336.50000      -  78.2  517s
  4141  4235  336.50000  169 4380          -  336.50000      -  77.9  525s
  4427  4458  347.95286  283 3751          -  336.50000      -  76.2  532s
  4652  4643  352.56980  329 4272          -  336.50000      -  76.0  540s
  4843  4790  429.31927  424 4069          -  336.50000      -  76.0  547s
  4992  4964  496.82244  510 3318          -  336.50000      -  76.6  555s
  5167  4965  399.90000  278 2260          -  336.50000      -  77.3  799s
  5169  4966  349.60574  111 4311          -  349.60574      -  77.3  869s
  5170  4967  477.97221 1228 4344          -  349.79575      -  77.3  872s
  5171  4968  469.20239 1155 3744          -  349.79575      -  77.3  878s
  5172  4968  426.24228  375 3744          -  349.79575      -  77.3  888s
  5173  4972  349.79575   11 3944          -  349.79575      -  88.5  903s
  5175  4975  349.80493   12 4177          -  349.80493      -  89.3  909s
  5179  4978  349.80948   13 4187          -  349.80493      -  91.7  917s
  5183  4983  349.82187   14 4025          -  349.80493      -  94.9  925s
  5189  4990  349.82611   16 3990          -  349.80493      -  99.0  933s
  5202  4988  377.98126   18 6024          -  349.80493      -   104  949s
  5207  4996  349.83812   19 4219          -  349.80493      -   106  954s
  5216  5007  349.83813   20 4177          -  349.80493      -   108  960s
  5230  5010  383.57663   22 5211          -  349.80493      -   111  990s
  5240  5011  350.00004   23 5417          -  349.80493      -   113 1032s
  5244  5013  377.98128   23 4604          -  349.80493      -   115 1046s
  5248  5025  350.00005   24 5433          -  349.80493      -   116 1054s
  5263  5031  350.00161   26 5114          -  349.80493      -   120 1059s
  5274  5031  371.25861   27 5100          -  349.80493      -   124 1099s
  5278  5036  350.00364   27 5391          -  349.80493      -   126 1106s
  5284  5043  350.01180   29 5373          -  349.80493      -   129 1111s
  5293  5042  350.01183   30 5108          -  349.80493      -   132 1121s
  5299  5047  355.41097   30 4835          -  349.80493      -   133 1127s
  5306  5057  350.01187   31 5160          -  349.80493      -   136 1134s
  5318  5058  350.02860   34 5264          -  349.80493      -   139 1147s
  5323  5069  350.03593   35 5420          -  349.80493      -   141 1157s
  5336  5083  350.07845   37 5402          -  349.80493      -   146 1170s
  5354  5082  350.13971   39 5378          -  349.80493      -   151 1182s
  5359  5097  350.14025   40 5426          -  349.80493      -   152 1191s
  5376  5096  350.31137   43 5338          -  349.80493      -   157 1204s
  5381  5118  350.40206   44 5305          -  349.80493      -   158 1213s
  5404  5132  350.56382   45 5348          -  349.80493      -   161 1222s
  5426  5131  350.76905   47 5369          -  349.80493      -   165 1253s
  5432  5148  351.42300   48 5145          -  349.80493      -   167 1263s
  5452  5162  351.42374   50 5132          -  349.80493      -   171 1272s
  5473  5174  351.42784   52 5215          -  349.80493      -   175 1282s
  5498  5175  351.50524   54 5170          -  349.80493      -   180 1305s
  5507  5193  351.50543   56 5104          -  349.80493      -   183 1316s
  5530  5205  351.52090   60 5283          -  349.80493      -   188 1327s
  5552  5207  351.53428   62 5756          -  349.80493      -   194 1342s
  5561  5226  351.61564   64 5221          -  349.80493      -   196 1359s
  5585  5238  352.45586   68 6483          -  349.80493      -   201 1373s
  5605  5261  352.88342   71 5575          -  349.80493      -   205 1387s
  5639  5256  353.01659   78 5231          -  349.80493      -   209 1441s
  5645  5281  353.05848   79 5228          -  349.80493      -   211 1457s
  5672  5303  353.06921   86 4892          -  349.80493      -   214 1471s
  5703  5299  360.27740   93 4223          -  349.80493      -   218 1513s
  5710  5315  353.47487   95 4647          -  349.80493      -   220 1530s
  5729  5344  353.52499   99 4720          -  349.80493      -   225 1545s
  5764  5349  353.68597  108 4914          -  349.80493      -   230 1576s
  5781  5409  354.38645  113 4811          -  349.80493      -   231 1608s
  5847  5398  419.28734  128 5043          -  349.80493      -   236 1628s
  5858  5403  354.64577  132 5137          -  349.80493      -   237 1655s
  5866  5403  421.48775  133 4931          -  349.80493      -   238 1685s
  5871  5405  421.48731  133 4904          -  349.80493      -   239 1713s
  5875  5408  421.49068  134 4794          -  349.80493      -   239 1752s
  5879  5424  426.01797  134 6355          -  349.80493      -   240 1797s
  5896  5424  421.59574  137 4896          -  349.80493      -   242 1860s
  5902  5472  426.79985  137 6100          -  349.80493      -   244 1889s
  5952  5462  421.62686  143 4919          -  349.80493      -   248 1925s
  5961  5498  421.62878  144 4916          -  349.80493      -   250 1946s
  6001  5517  421.93481  149 4409          -  349.80493      -   259 1971s
  6033  5523  422.19498  155 4113          -  349.80493      -   265 2010s
  6050  5579  422.19696  157 4010          -  349.80493      -   270 2041s
  6114  5569  422.33431  166 4531          -  349.80493      -   280 2100s
  6126  5637  448.81583  167 4519          -  349.80493      -   282 2127s
  6200  5679  422.55742  176 5402          -  349.80493      -   289 2155s
  6266  5678  422.63353  184 4878          -  349.80493      -   298 2193s
  6287  5752  422.63872  187 4884          -  349.80493      -   300 2219s
  6373  5809  422.81371  197 5100          -  349.80493      -   308 2247s
  6459  5791  422.93187  209 4155          -  349.80493      -   316 2285s
  6470  5866  423.61283  212 4129          -  349.80493      -   319 2318s
  6548  5854  424.11426  222 4504          -  349.80493      -   329 2354s
  6564  5928  424.25389  224 4174          -  349.80493      -   330 2388s
  6653  5985  426.23591  237 4342          -  349.80493      -   340 2423s
  6751  5969  427.19795  247 4113          -  349.80493      -   347 2486s
  6770  6062  427.62161  251 2734          -  349.80493      -   349 2523s
  6872  6145  427.78964  267 2668          -  349.80493      -   358 2556s
  6996  6118  428.50236  284 2698          -  349.80493      -   367 2628s
  7011  6226  492.19797  287 3415          -  349.80493      -   369 2674s
  7128  6356  429.14888  303 3374          -  349.80493      -   378 2727s
  7303  6308  488.50584  320 2955          -  349.80493      -   383 2805s
  7313  6382  487.50990  321 3508          -  349.80493      -   384 2847s
  7398  6387  439.80599  329 2924          -  349.80493      -   390 2894s
  7432  6458  443.02114  337 3270          -  349.80493      -   394 2951s
  7515  6435  496.04161  346 3137          -  349.80493      -   397 3017s
  7520  6443  444.57863  347 3521          -  349.80493      -   397 3095s
  7529  6529  497.59386  347 2538          -  349.80493      -   397 3156s
  7628  6536  446.89252  360 2876          -  349.80493      -   400 3208s
  7674  6571  509.65667  367 2729          -  349.80493      -   403 3269s
  7725  6558  567.56622  384 1743          -  349.80493      -   403 3432s
  7729  6561  515.58315  385 1747          -  349.80493      -   403 3549s
  7733  6564  568.36622  385 1878          -  349.80493      -   404 3719s
  7737  6568  523.72360  386 1350          -  349.80493      -   404 3789s
  7744  6573  515.66641  388 1695          -  349.80493      -   405 3870s
  7751  6582  516.51830  390 1536          -  349.80493      -   405 3941s
  7762  6599  525.27832  394 1356          -  349.80493      -   406 4068s
  7785  6650  527.91552  397 1491          -  349.80493      -   406 4136s
  7869  6678  531.80534  417 1306          -  349.80493      -   404 4198s
  7963  6663 infeasible  417               -  349.80493      -   409 4283s
  7991  6789  576.63685  421 1609          -  349.80948      -   413 4350s
  8235  6728  366.63714   19 6254          -  349.80948      -   422 4538s
  8256  6891  373.71600   22 5564          -  349.80948      -   428 4609s
  8453  6907  392.95692   39 5325          -  349.80948      -   440 4675s
  8556  7160  394.26829   48 5614          -  351.37691      -   450 4740s
  8890  7090  401.54395   65 4660          -  351.37691      -   458 4957s
  8935  7202  404.26947   71 4043          -  351.37691      -   461 5055s
  9064  7163  404.50469   78 5076          -  351.37691      -   463 5154s
  9068  7166  437.57638   78 3843          -  351.37691      -   463 5277s
  9072  7183  404.53396   79 5077          -  351.37691      -   464 5376s
  9091  7207  437.25695   79 4049          -  351.37691      -   463 5479s
  9121  7337  404.53396   80 5077          -  351.37691      -   462 5591s
  9263  7411  432.25754   80 3885          -  351.37691      -   457 5678s
  9387  7428  404.53396   81 5089          -  351.37691      -   453 5949s
  9448  7476  432.33632   81 3648          -  351.37691      -   453 6066s
  9542  7500  409.09530   82 5119          -  351.37691      -   453 6216s
  9601  7859  406.34516   82 4532          -  351.37691      -   456 6332s
  9999  7738  406.36023   83 4378          -  351.37691      -   455 6508s
 10013  7974  451.20169   83 5298          -  351.37691      -   457 6607s
 10315  7890  425.62901   86 4506          -  351.37691      -   465 6877s
 10332  8345  411.80740   87 4888          -  351.37691      -   466 7200s

Cutting planes:
  Cover: 8
  Implied bound: 11
  Clique: 3
  MIR: 7
  GUB cover: 4
  RLT: 11
  Relax-and-lift: 2

Explored 10812 nodes (5249326 simplex iterations) in 7200.03 seconds (9011.89 work units)
Thread count was 4 (of 8 available processors)

Solution count 0

Time limit reached
Best objective -, best bound 3.514000000000e+02, gap -
