
Gurobi 13.0.2 (linux64) logging started Wed Jun 17 19:08:34 2026

Set parameter LogFile to value "src/Resultados/Sin Restricciones/logs/RC105-25.xml_log.log"
Set parameter Threads to value 4
Gurobi Optimizer version 13.0.2 build v13.0.2rc1 (linux64 - "Rocky Linux 9.7 (Blue Onyx)")

CPU model: QEMU Virtual CPU version 2.5+, instruction set [SSE2]
Thread count: 8 physical cores, 8 logical processors, using up to 4 threads

Non-default parameters:
TimeLimit  7200
Threads  4

Optimize a model with 96898 rows, 57315 columns and 378390 nonzeros (Min)
Model fingerprint: 0x35d8ffde
Model has 4470 linear objective coefficients
Variable types: 13080 continuous, 44235 integer (44220 binary)
Coefficient statistics:
  Matrix range     [1e+00, 4e+04]
  Objective range  [2e+00, 6e+01]
  Bounds range     [1e+00, 2e+03]
  RHS range        [1e+00, 4e+04]

Presolve removed 30765 rows and 240 columns
Presolve time: 2.39s
Presolved: 66133 rows, 57075 columns, 281700 nonzeros
Variable types: 345 continuous, 56730 integer (48555 binary)
Deterministic concurrent LP optimizer: primal and dual simplex
Showing primal log only...


Root simplex log...

Iteration    Objective       Primal Inf.    Dual Inf.      Time
   10811    2.2402637e+02   1.721725e+02   5.219810e+09      5s
   30008    2.1524484e+02   5.057795e+01   1.275650e+09     10s
   35995    3.5905899e+02   3.232978e+00   1.749737e+09     15s
   41028    3.1900471e+02   0.000000e+00   6.984972e+04     20s
   47252    1.9420000e+02   9.267048e+02   0.000000e+00     25s
   51840    1.9420002e+02   3.006695e+01   0.000000e+00     30s
   56404    1.9420002e+02   7.338587e+00   0.000000e+00     35s
   58994    1.9420002e+02   6.644402e+00   0.000000e+00     40s
   60093    1.9420000e+02   0.000000e+00   0.000000e+00     42s
Concurrent spin time: 0.00s

Solved with primal simplex

Root relaxation: objective 1.942000e+02, 60093 iterations, 38.64 seconds (29.50 work units)

    Nodes    |    Current Node    |     Objective Bounds      |     Work
 Expl Unexpl |  Obj  Depth IntInf | Incumbent    BestBd   Gap | It/Node Time

     0     0  194.20000    0 1821          -  194.20000      -     -   52s
     0     0  194.20000    0 1824          -  194.20000      -     -   52s
     0     0  194.20000    0 16378          -  194.20000      -     -   62s
     0     0  194.20000    0 17616          -  194.20000      -     -   65s
     0     0  194.20000    0 16109          -  194.20000      -     -   76s
     0     0  194.20000    0 16109          -  194.20000      -     -   76s
     0     0  194.20000    0 3110          -  194.20000      -     -   83s
     0     0  194.20000    0 4898          -  194.20000      -     -   87s
     0     0  194.20000    0 4645          -  194.20000      -     -   87s
     0     0  194.20000    0 15789          -  194.20000      -     -   91s
     0     0  194.20000    0 15789          -  194.20000      -     -   91s
     0     0  194.20000    0 4308          -  194.20000      -     -   96s
     0     0  194.20000    0 4311          -  194.20000      -     -   97s
     0     0  194.20000    0 4310          -  194.20000      -     -   97s
     0     0  194.20000    0 15603          -  194.20000      -     -  102s
     0     0  194.20000    0 4523          -  194.20000      -     -  107s
     0     0  194.20000    0 6628          -  194.20000      -     -  109s
     0     0  194.20000    0 9281          -  194.20000      -     -  113s
     0     0  194.20000    0 3157          -  194.20000      -     -  117s
     0     0  194.20000    0 3198          -  194.20000      -     -  118s
     0     0  194.20000    0 3094          -  194.20000      -     -  121s
     0     2  196.50000    0 3085          -  196.50000      -     -  135s
    11    16  196.50000    4 6308          -  196.50000      -   479  149s
    15    20  196.50000    5 5754          -  196.50000      -   417  151s
    32    39  196.50000    8 6343          -  196.50000      -   276  156s
    61    68  196.50000   12 5753          -  196.50000      -   190  160s
    91    97  196.50000   16 7771          -  196.50000      -   173  166s
   114   115  196.50000   19 6394          -  196.50000      -   166  171s
   137   144  196.50000   22 7077          -  196.50000      -   161  175s
   147   155  196.50000   23 7077          -  196.50000      -   166  183s
   158   166  196.50000   24 7077          -  196.50000      -   156  185s
   208   229  196.50000   32 6011          -  196.50000      -   132  191s
   296   323  201.49977   69 5333          -  196.50000      -   104  195s
   390   440  202.01051   96 5781          -  196.50000      -  89.5  200s
   543   580  254.20000  129 6428          -  196.50000      -  72.6  207s
   583   617  254.20000  130 6188          -  196.50000      -  68.9  218s
   620   657  254.20350  131 6748          -  196.50000      -  71.7  220s
   717   774  254.20419  173 6758          -  196.50000      -  65.9  225s
   832   892  254.25039  205 5819          -  196.50000      -  61.6  230s
   942  1004  254.27164  243 5506          -  196.50000      -  59.7  235s
  1009  1081  254.45597  268 6581          -  196.50000      -  57.4  241s
  1130  1178  254.45597  331 6446          -  196.50000      -  54.5  265s
  1183  1214  254.45597  361 6480          -  196.50000      -  53.2  272s
  1219  1277  254.45597  394 6412          -  196.50000      -  52.4  279s
  1282  1335  254.45597  443 6594          -  196.50000      -  51.1  315s
  1340  1405  254.45597  490 6466          -  196.50000      -  49.5  352s
  1411  1499  254.45597  547 6604          -  196.50000      -  48.2  391s
  1505  1563  254.45597  599 6304          -  196.50000      -  46.3  402s
  1573  1660  254.70143  648 6634          -  196.50000      -  46.1  407s
  1680  1797  254.76389  687 6011          -  196.50000      -  45.4  413s
  1822  1906  254.93712  744 6022          -  196.50000      -  43.7  421s
  1933  2016  255.18384  797 7026          -  196.50000      -  45.7  429s
  2043  2142  272.22851  845 3981          -  196.50000      -  46.7  435s
  2169  2285  274.80819  896 5438          -  196.50000      -  45.9  441s
  2312  2382  320.24766  962 5765          -  196.50000      -  45.3  448s
  2409  2463  330.01315  972 6676          -  196.50000      -  45.7  454s
  2492  2609  344.16588  991 5940          -  196.50000      -  46.7  461s
  2638  2805  344.42590 1035 4309          -  196.50000      -  46.6  466s
  2834  3048  346.11814 1069 5581          -  196.50000      -  45.7  474s
  3079  3232  436.91871 1114 6007          -  196.50000      -  44.7  481s
  3264  3497  437.12667 1133 4742          -  196.50000      -  44.5  489s
  3529  3746  437.84945 1235 5380          -  196.50000      -  43.1  497s
  3788  3921  445.98239 1312 4114          -  196.50000      -  42.2  505s
  3969  3979  510.76200 1343 3475          -  196.50000      -  43.3  512s
  4036  4265 infeasible 1350               -  196.50000      -  45.1  522s
  4338  4440  267.20532  107 5637          -  196.50000      -  45.2  530s
  4514  4441  282.94798  863 3094          -  196.50000      -  45.8  624s
  4515  4442  265.85923  607 3094          -  196.50000      -  45.8  626s
  4516  4442  565.56210  471 4064          -  196.50000      -  45.8  672s
  4517  4443  253.46033   36 4186          -  196.50000      -  45.8  678s
  4519  4444  382.85801  986 4246          -  196.50000      -  45.7  682s
  4520  4445  334.54100   53 2966          -  196.50000      -  45.7  705s
  4521  4446  254.45597  269 2966          -  198.00000      -  45.7  728s
  4522  4449  198.00000   11 3890          -  198.00000      -  57.3  741s
  4524  4453  198.00000   12 3907          -  198.00000      -  57.8  748s
  4528  4455  198.00000   13 3896          -  198.00000      -  58.0  753s
  4532  4466  198.00000   14 3255          -  198.00000      -  58.1  760s
  4544  4469  198.00000   15 2730          -  198.00000      -  59.4  765s
  4551  4477  217.22688   15 3525          -  198.00000      -  60.4  772s
  4561  4484  198.00000   16 2735          -  198.00000      -  60.9  780s
  4572  4489  202.40812   16 3061          -  198.00000      -  63.2  786s
  4580  4495  198.00000   17 2725          -  198.00000      -  63.8  791s
  4589  4504  257.37942   17 3725          -  198.00000      -  64.4  799s
  4601  4512  198.00000   18 4247          -  198.00000      -  65.1  805s
  4613  4520  202.86963   18 3004          -  198.00000      -  65.5  810s
  4625  4528  198.79003   19 4461          -  198.00000      -  65.9  817s
  4637  4531  219.74034   19 3749          -  198.00000      -  67.5  827s
  4644  4544  198.82887   20 4442          -  198.00000      -  68.3  834s
  4659  4555  222.90728   20 2557          -  198.00000      -  69.4  843s
  4677  4573  200.02505   21 4353          -  198.00000      -  70.0  850s
  4701  4580  201.92317   24 3529          -  198.00000      -  71.2  856s
  4716  4594  202.13784   25 3537          -  198.00000      -  72.9  860s
  4760  4619  203.69393   28 2518          -  198.00000      -  74.5  941s
  4783  4617  203.72363   29 2516          -  198.00000      -  75.3  958s
  4789  4622  203.77753   30 3194          -  198.00000      -  75.5  981s
  4796  4627  203.77753   31 3871          -  198.00000      -  76.0  987s
  4803  4633  203.77753   32 3194          -  198.00000      -  76.5 1031s
  4811  4640  203.81609   33 2858          -  198.00000      -  77.1 1048s
  4821  4677  203.81628   35 3708          -  198.00000      -  77.7 1055s
  4862  4686  205.85762   42 3361          -  198.00000      -  78.9 1062s
  4885  4690  206.28220   46 3330          -  198.00000      -  80.4 1071s
  4897  4697  206.30732   48 2969          -  198.00000      -  80.9 1081s
  4908  4700  206.61958   49 2982          -  198.00000      -  81.4 1109s
  4914  4720  206.68028   50 2641          -  198.00000      -  81.7 1121s
  4938  4728  206.79315   56 2714          -  198.00000      -  82.7 1133s
  4954  4727  206.83166   61 3318          -  198.00000      -  83.1 1165s
  4959  4745  206.92696   62 2984          -  198.00000      -  83.5 1178s
  4978  4743  207.15582   64 2649          -  198.00000      -  84.2 1196s
  4983  4751  209.48285   64 2332          -  198.00000      -  84.6 1218s
  4992  4773  207.42814   65 2304          -  198.00000      -  84.8 1229s
  5019  4769  211.22487   65 2284          -  198.00000      -  86.7 1251s
  5026  4819  207.43363   66 2304          -  198.00000      -  86.7 1264s
  5079  4815  247.93049   66 2727          -  198.00000      -  88.9 1275s
  5096  4868  207.43407   67 1996          -  198.00000      -  89.7 1287s
  5160  4862  207.48087   71 1671          -  198.00000      -  92.8 1299s
  5175  4934  207.52015   76 2324          -  198.00000      -  93.9 1312s
  5262  4992  207.57177   85 1945          -  198.00000      -  96.5 1323s
  5361  4964  218.27741   95 1924          -  198.00000      -  98.6 1340s
  5366  5035  218.85936   95 1878          -  198.00000      -  98.9 1352s
  5460  5072  219.77799  105 2212          -  198.00000      -   101 1366s
  5530  5091  220.30575  114 1878          -  198.00000      -   104 1381s
  5585  5156  221.75698  124 2610          -  198.00000      -   106 1397s
  5676  5140  222.80425  136 2304          -  198.00000      -   109 1420s
  5694  5221  245.58074  139 1477          -  198.00000      -   109 1438s
  5793  5252  224.81518  147 3128          -  198.00000      -   113 1456s
  5869  5239 infeasible  157               -  198.00000      -   115 1473s
  5890  5319  258.80061   14 5858          -  198.00000      -   116 1493s
  5984  5293  259.84646   16 6134          -  198.00000      -   120 1517s
  5989  5371  260.73225   17 6082          -  198.00000      -   120 1538s
  6069  5350  265.80901   21 5162          -  198.00000      -   124 1585s
  6076  5406  265.80922   22 5156          -  198.00000      -   124 1602s
  6151  5396  266.68407   31 2797          -  198.00000      -   128 1622s
  6174  5432  267.06495   32 3322          -  202.87035      -   129 1639s
  6231  5449  268.06701   40 2127          -  202.87035      -   132 1655s
  6269  5509  313.45047   44 1527          -  202.87035      -   133 1673s
  6342  5495  268.79954   58 1760          -  202.87035      -   136 1720s
  6352  5564  268.79954   59 1709          -  202.87035      -   136 1740s
  6427  5616  271.83402   74 1380          -  202.87035      -   139 1759s
  6506  5604  289.63197   91 1910          -  202.87035      -   141 1801s
  6520  5671  290.25942   92 1914          -  202.87035      -   141 1828s
  6600  5720  352.61709  107 2255          -  202.87035      -   145 1855s
  6677  5701  385.15890  123 1591          -  202.87035      -   148 1896s
  6684  5830  415.15965  123 1832          -  202.87035      -   148 1921s
  6825  5821  402.50450  151 1273          -  202.87035      -   151 1953s
  6869  5812  407.40926  155 1202          -  202.87035      -   151 2000s
  6875  5856  455.66271  155 1319          -  202.87273      -   151 2043s
  6930  5888  210.02176   20 2884          -  202.87273      -   153 2068s
  6980  5873  275.98464   20 3881          -  202.87273      -   154 2144s
  6984  5929  212.74091   21 3234          -  202.87273      -   154 2194s
  7041  5916  279.45085   21 3816          -  202.87273      -   155 2223s
  7047  5987  213.27508   23 3225          -  202.87273      -   155 2248s
  7120  5966  238.89977   41 3261          -  202.87273      -   157 2334s
  7124  5969  286.07982   41 3147          -  202.87273      -   157 2407s
  7128  6007  238.92148   42 2980          -  202.87273      -   157 2453s
  7175  5997  287.94160   42 2438          -  202.87273      -   158 2574s
  7181  6020  238.93026   43 2286          -  202.87273      -   159 2629s
  7210  6014  290.91426   43 1505          -  202.87273      -   160 2742s
  7214  6047  242.50590   44 2914          -  202.87273      -   160 2779s
  7252  6039  281.94462   44 2908          -  202.87273      -   162 2810s
  7259  6043  242.65193   45 1896          -  202.87273      -   162 2880s
  7265  6099  292.85969   45 3566          -  202.87273      -   162 2920s
  7327  6083  242.72080   46 2226          -  202.87273      -   164 3013s
  7334  6176  295.48436   46 2201          -  202.87273      -   165 3085s
  7436  6163  242.80332   47 2229          -  202.87273      -   168 3134s
  7459  6162  289.59679   47 3087          -  202.87273      -   170 3230s
  7466  6328  242.80332   48 2562          -  202.87273      -   172 3278s
  7652  6271  292.48604   48 2616          -  202.87273      -   175 3341s
  7657  6447  242.87891   49 2575          -  202.87273      -   175 3382s
  7902  6402  243.88735   69 2250          -  202.87273      -   179 3432s
  7948  6708  244.55395   88 1894          -  202.87273      -   180 3486s
  8357  6605  250.26251  134 2251          -  202.95651      -   181 3528s
  8424  6903  287.62449  137 1151          -  202.95651      -   183 3577s
  8799  6770 infeasible  175               -  202.95651      -   187 3642s
  8813  6771  204.33226   27 3845          -  202.95651      -   188 3706s
  8825  6817  206.22373   28 3155          -  202.95651      -   189 3758s
  8875  7594  207.95354   31 3384          -  202.95651      -   190 3815s
  9686  8056  425.93013  199 1659          -  202.95651      -   180 3868s
 10503  8047  284.32735   89 3550          -  202.95651      -   172 4243s
 10849  8785  331.69698   35 1816          -  204.03306      -   173 4325s
 11782  8741  314.46270  219 1620          -  204.03842      -   173 4364s
 12096  8650 infeasible  293               -  204.03842      -   173 4394s
 12132  9279  276.69156   43 2212          -  204.03842      -   174 4437s
 12830  9041  289.44924  167 1734          -  204.03842      -   171 4510s
 12851  9426  291.06782  168 3146          -  204.03842      -   172 4549s
 13261  9355 infeasible  293               -  204.77083      -   171 4589s
 13347  9826  276.67944   43 3006          -  204.77083      -   172 4635s
 13909  9690  475.38122  205 1737          -  204.77083      -   170 4682s
 13973 10090  416.19706  208 1574          -  204.77083      -   171 4728s
 14522  9933  344.69158   73 2121          -  204.98227      -   170 4768s
 14550 10368  344.69158   74 2082          -  205.02716      -   171 4812s
 15028 10291  268.78070   36 3275          -  205.02716      -   170 4845s
 15161 10555  293.81115   41 2461          -  205.11849      -   171 4890s
 15525 10436  266.71838   40 3857          -  205.11849      -   171 4957s
 15533 10751  267.45432   41 4196          -  205.11849      -   171 4995s
 15952 10656  358.72200  123 2380          -  205.11849      -   172 5045s
 16005 11051  359.91860  124 2342          -  205.22577      -   173 5087s
 16427 10914  438.57359  178 1884          -  205.22577      -   172 5142s
 16431 10909  439.78762  178 1514          -  205.22577      -   172 5221s
 16443 11011  423.95736  177 1484          -  205.22577      -   173 5271s
 16573 11020  445.55669  175 1292          -  205.22577      -   172 5310s
 16626 11418  433.48488  176 1095          -  205.22577      -   172 5353s
 17072 11266 infeasible  221               -  205.22577      -   170 5444s
 17095 11470  271.89444   28 2466          -  205.22577      -   171 5480s
 17349 11401  345.75711   67 2176          -  205.22577      -   172 5601s
 17364 11848  346.53940   68 2620          -  205.36831      -   173 5659s
 17875 11765  290.72029   45 2719          -  205.73374      -   171 5750s
 17959 12080  301.50519  120 2004          -  205.73374      -   170 5801s
 18341 12112 infeasible   82               -  205.73374      -   171 5841s
 18395 12635  299.28660   86 2776          -  205.73374      -   171 5887s
 18954 12694 infeasible  269               -  205.79862      -   170 5988s
 19025 13430  288.26767   79 1242          -  205.79862      -   170 6052s
 19867 13660 infeasible  234               -  205.79862      -   167 6098s
 20173 13669  289.24839   38 3553          -  205.79862      -   168 6159s
 20182 13762  335.92208   37 3417          -  205.79862      -   168 6200s
 20277 13789  290.93537   69 2884          -  205.79862      -   169 6251s
 20304 13894  337.76038   71 1130          -  205.79862      -   169 6293s
 20413 14115  325.57321  133 2171          -  205.79862      -   169 6369s
 20638 14131  339.70443  194 1199          -  205.79862      -   168 6423s
 20656 14151  348.51170  194 1195          -  205.79862      -   168 6551s
 20676 14189  339.98203  195 1197          -  205.79862      -   168 6612s

Cutting planes:
  Gomory: 1
  Cover: 43
  Implied bound: 65
  MIR: 27
  StrongCG: 1
  Flow cover: 1
  GUB cover: 29
  RLT: 102
  Relax-and-lift: 13

Explored 20716 nodes (3568198 simplex iterations) in 7200.20 seconds (8503.07 work units)
Thread count was 4 (of 8 available processors)

Solution count 0

Time limit reached
Best objective -, best bound 2.058000000000e+02, gap -
