
Gurobi 13.0.2 (linux64) logging started Sun Jul 12 07:05:24 2026

Set parameter LogFile to value "src/Resultados/Restriccion_solo_cliques/logs/RC107-25.xml_log.log"
Set parameter Threads to value 4
Gurobi Optimizer version 13.0.2 build v13.0.2rc1 (linux64 - "Rocky Linux 9.7 (Blue Onyx)")

CPU model: QEMU Virtual CPU version 2.5+, instruction set [SSE2]
Thread count: 8 physical cores, 8 logical processors, using up to 4 threads

Non-default parameters:
TimeLimit  7200
Threads  4

Optimize a model with 97663 rows, 58050 columns and 405750 nonzeros (Min)
Model fingerprint: 0x369c4e3c
Model has 5205 linear objective coefficients
Variable types: 13080 continuous, 44970 integer (44955 binary)
Coefficient statistics:
  Matrix range     [1e+00, 4e+04]
  Objective range  [2e+00, 6e+01]
  Bounds range     [1e+00, 2e+03]
  RHS range        [1e+00, 4e+04]

Presolve removed 30704 rows and 240 columns
Presolve time: 3.54s
Presolved: 66959 rows, 57810 columns, 289950 nonzeros
Variable types: 375 continuous, 57435 integer (49275 binary)
Deterministic concurrent LP optimizer: primal and dual simplex
Showing primal log only...


Root simplex log...

Iteration    Objective       Primal Inf.    Dual Inf.      Time
       0    2.1457000e+03   2.324369e+03   2.578264e+10      9s
   15317    3.6009875e+02   1.464597e+02   2.882010e+09     10s
   24970    3.4320296e+02   2.888021e+01   2.609819e+09     15s
   30479    3.7436807e+02   3.402019e+00   1.398084e+09     20s
   35601    3.4279914e+02   2.484189e-03   1.837379e+06     25s
   41793    2.7190000e+02   3.535693e+02   0.000000e+00     30s
   44445    2.7190000e+02   0.000000e+00   0.000000e+00     32s
Concurrent spin time: 0.51s

Solved with primal simplex

Root relaxation: objective 2.719000e+02, 44445 iterations, 26.84 seconds (15.40 work units)

    Nodes    |    Current Node    |     Objective Bounds      |     Work
 Expl Unexpl |  Obj  Depth IntInf | Incumbent    BestBd   Gap | It/Node Time

     0     0  271.90000    0 3578          -  271.90000      -     -   52s
     0     0  271.90000    0 3784          -  271.90000      -     -   53s
     0     0  271.90000    0 10155          -  271.90000      -     -   75s
     0     0  271.90000    0 11695          -  271.90000      -     -   77s
     0     0  271.90000    0 11810          -  271.90000      -     -   89s
     0     0  271.90000    0 11810          -  271.90000      -     -   89s
     0     0  271.90000    0 2305          -  271.90000      -     -  102s
     0     0  271.90000    0 3438          -  271.90000      -     -  105s
     0     0  271.90000    0 3439          -  271.90000      -     -  105s
     0     0  271.90000    0 4688          -  271.90000      -     -  109s
     0     0  271.90000    0 2977          -  271.90000      -     -  120s
     0     0  271.90000    0 3731          -  271.90000      -     -  123s
     0     0  271.90000    0 8804          -  271.90000      -     -  126s
     0     0  271.90000    0 8804          -  271.90000      -     -  126s
     0     0  271.90000    0 3558          -  271.90000      -     -  133s
     0     0  271.90000    0 8244          -  271.90000      -     -  159s
     0     0  271.90000    0 12093          -  271.90000      -     -  164s
     0     0  271.90000    0 12093          -  271.90000      -     -  164s
     0     0  271.90000    0 5979          -  271.90000      -     -  176s
     0     0  271.90000    0 5740          -  271.90000      -     -  178s
     0     0  271.90000    0 5740          -  271.90000      -     -  178s
     0     0  271.90000    0 5739          -  271.90000      -     -  178s
     0     0  271.90000    0 5739          -  271.90000      -     -  178s
     0     0  272.01211    0 9351          -  272.01211      -     -  184s
     0     0  272.01211    0 9351          -  272.01211      -     -  184s
     0     0  272.01211    0 6128          -  272.01211      -     -  197s
     0     0  272.01211    0 5594          -  272.01211      -     -  198s
     0     0  272.01211    0 5594          -  272.01211      -     -  198s
     0     0  273.14370    0 7249          -  273.14370      -     -  201s
     0     0  273.14370    0 7250          -  273.14370      -     -  201s
     0     0  273.14370    0 7831          -  273.14370      -     -  202s
     0     0  273.14370    0 10154          -  273.14370      -     -  207s
     0     0  273.14370    0 9728          -  273.14370      -     -  209s
     0     0  273.90000    0 11267          -  273.90000      -     -  216s
     0     0  273.90000    0 3948          -  273.90000      -     -  225s
     0     0  273.90000    0 5658          -  273.90000      -     -  227s
     0     0  273.90000    0 5994          -  273.90000      -     -  227s
     0     0  273.90000    0 10246          -  273.90000      -     -  232s
     0     0  273.90000    0 10245          -  273.90000      -     -  232s
     0     0  273.90000    0 9382          -  273.90000      -     -  232s
     0     0  273.94013    0 8659          -  273.94013      -     -  236s
     0     0  273.94013    0 4527          -  273.94013      -     -  248s
     0     0  273.98027    0 5610          -  273.98027      -     -  249s
     0     0  273.98027    0 5597          -  273.98027      -     -  249s
     0     0  273.98027    0 5597          -  273.98027      -     -  250s
     0     0  273.98027    0 5597          -  273.98027      -     -  250s
     0     0  273.98027    0 5598          -  273.98027      -     -  250s
     0     0  273.98027    0 5598          -  273.98027      -     -  250s
     0     0  273.98027    0 5599          -  273.98027      -     -  250s
     0     0  273.98220    0 5992          -  273.98220      -     -  251s
     0     0  273.98220    0 6429          -  273.98220      -     -  252s
     0     0  274.00365    0 7474          -  274.00365      -     -  259s
     0     0  274.00365    0 8111          -  274.00365      -     -  260s
     0     0  274.02301    0 9216          -  274.02301      -     -  265s
     0     0  274.20285    0 8701          -  274.20285      -     -  267s
     0     0  274.20806    0 7213          -  274.20806      -     -  267s
     0     0  274.21521    0 10353          -  274.21521      -     -  272s
     0     0  274.21521    0 9140          -  274.21521      -     -  273s
     0     0  274.21521    0 6575          -  274.21521      -     -  278s
     0     0  274.21521    0 5225          -  274.21521      -     -  280s
     0     0  274.22536    0 7416          -  274.22536      -     -  283s
     0     0  274.23445    0 6694          -  274.23445      -     -  285s
     0     0  274.23674    0 6494          -  274.23674      -     -  286s
     0     0  274.23674    0 7634          -  274.23674      -     -  286s
     0     0  274.27967    0 6245          -  274.27967      -     -  290s
     0     0  274.27967    0 6218          -  274.27967      -     -  290s
     0     0  274.27967    0 8660          -  274.27967      -     -  293s
     0     0  274.28195    0 8272          -  274.28195      -     -  299s
     0     0  274.28195    0 11859          -  274.28195      -     -  302s
     0     0  274.29659    0 8484          -  274.29659      -     -  310s
     0     0  275.00129    0 11973          -  275.00129      -     -  314s
     0     0  275.00129    0 7549          -  275.00129      -     -  319s
     0     0  276.09693    0 9555          -  276.09693      -     -  333s
     0     0  276.09693    0 8367          -  276.09693      -     -  335s
     0     0  276.10179    0 8934          -  276.10179      -     -  351s
     0     0  276.13297    0 8406          -  276.13297      -     -  353s
     0     0  276.13631    0 10590          -  276.13631      -     -  357s
     0     0  276.13631    0 9025          -  276.13631      -     -  358s
     0     0  276.48685    0 8916          -  276.48685      -     -  364s
     0     0  276.48685    0 7979          -  276.48685      -     -  365s
     0     0  276.48685    0 8825          -  276.48685      -     -  371s
     0     0  276.50022    0 4601          -  276.50022      -     -  374s
     0     0  277.32007    0 4743          -  277.32007      -     -  377s
     0     0  277.32007    0  130          -  277.32007      -     -  382s
     0     0  277.32007    0 1627          -  277.32007      -     -  384s
     0     0  277.32007    0 1623          -  277.32007      -     -  384s
     0     0  277.32007    0 1625          -  277.32007      -     -  384s
     0     0  277.43333    0 3442          -  277.43333      -     -  397s
     0     0  277.43333    0 4777          -  277.43333      -     -  403s
     0     0  277.43333    0 4777          -  277.43333      -     -  403s
     0     0  277.43333    0 7458          -  277.43333      -     -  411s
     0     0  277.43333    0 5213          -  277.43333      -     -  413s
     0     0  277.43333    0 6401          -  277.43333      -     -  416s
     0     0  277.43333    0 3023          -  277.43333      -     -  439s
     0     0  277.43333    0 3968          -  277.43333      -     -  440s
     0     0  277.43333    0 4139          -  277.43333      -     -  440s
     0     0  277.43333    0 4065          -  277.43333      -     -  441s
     0     0  277.43333    0 4064          -  277.43333      -     -  441s
     0     0  277.43333    0 4064          -  277.43333      -     -  441s
     0     0  277.43333    0 4064          -  277.43333      -     -  441s
     0     0  277.43333    0 4290          -  277.43333      -     -  441s
     0     0  277.43333    0 3996          -  277.43333      -     -  446s
     0     0  277.43333    0 3029          -  277.43333      -     -  459s
     0     0  277.43333    0 3058          -  277.43333      -     -  460s
     0     0  277.43333    0 3058          -  277.43333      -     -  465s
     0     2  277.43333    0 3058          -  277.43333      -     -  479s
     1     4  277.43333    1 3052          -  277.43333      -   7.0  481s
     7    12  277.43333    3 4474          -  277.43333      -  1073  485s
    21    26  277.43333    8 4471          -  277.43333      -   851  491s
    29    33  277.43333    9 4395          -  277.43333      -   777  500s
    33    37  277.43333   10 4179          -  277.43333      -   778  510s
    37    41  277.43333   11 4097          -  277.43333      -   734  519s
    41    47  277.43333   12 4305          -  277.43333      -   697  526s
    47   117  277.43333   13 4545          -  277.43333      -   637  538s
   117   263  278.33333   30 6486          -  277.43333      -   346  548s
   263   303  279.78286   64 6939          -  277.43333      -   220  554s
   306   329  288.35000   81 5667          -  277.43333      -   217  560s
   332   358  288.40000   88 5537          -  277.43333      -   218  565s
   361   393  288.40007  101 6257          -  277.43333      -   220  570s
   396   442  288.40131  108 7813          -  277.43333      -   212  576s
   445   486  288.83757  127 5826          -  277.43333      -   201  581s
   490   497  288.83770  129 6385          -  277.43333      -   190  589s
   501   527  288.83770  131 5213          -  277.43333      -   190  597s
   531   574  289.05535  139 5207          -  277.43333      -   186  606s
   588   603  296.29731  155 5395          -  277.43333      -   177  615s
   619   637  296.90000  163 6392          -  277.43333      -   177  623s
   653   652  296.90000  164 5664          -  277.43333      -   171  632s
   668   712  296.90000  165 5661          -  277.43333      -   169  640s
   728   765  296.95000  180 4621          -  277.43333      -   162  648s
   784   835  297.05000  197 5088          -  277.43333      -   159  658s
   854   938  297.20889  232 4543          -  277.43333      -   151  668s
   957  1005  297.53072  275 2789          -  277.43333      -   138  678s
  1024  1090  298.03281  318 2788          -  277.43333      -   135  688s
  1109  1227  298.31642  356 4499          -  277.43333      -   129  698s
  1246  1349  298.66742  412 3708          -  277.43333      -   117  707s
  1368  1465  298.78750  430 3936          -  277.43333      -   110  716s
  1484  1598  298.92123  446 2899          -  277.43333      -   104  724s
  1617  1704  298.97116  451 3829          -  277.43333      -  97.6  752s
  1723  1877  299.15769  487 2539          -  277.43333      -  94.2  761s
  1896  2063  299.24033  513 3452          -  277.43333      -  87.5  769s
  2082  2158  299.92995  569 3442          -  277.43333      -  81.3  779s
  2177  2306  300.23545  582 4058          -  277.43333      -  81.2  786s
  2339  2469  301.32752  637 4366          -  277.43333      -  77.6  794s
  2508  2642  302.97109  678 2997          -  277.43333      -  74.8  803s
  2689  2837  305.31481  717 4523          -  277.43333      -  72.1  815s
  2887  3004  330.46626  762 3875          -  277.43333      -  69.4  827s
  3056  3174  333.07487  838 3854          -  277.43333      -  67.7  838s
  3233  3421  334.82967  931 3135          -  277.43333      -  66.4  848s
  3483  3710  337.09052 1049 3691          -  277.43333      -  63.5  859s
  3776  3995  338.97638 1145 3373          -  277.43333      -  60.1  869s
  4070  4185  429.06546 1263 3818          -  277.43333      -  57.4  881s
  4268  4344  468.21575 1298 4661          -  277.43333      -  57.3  893s
  4457  4520  280.04079   23 5247          -  277.43333      -  58.1  902s
  4634  4521  277.43333   14 3058          -  277.43333      -  58.5 1159s
  4635  4522  297.65000   69 3058          -  277.43333      -  58.4 1160s
  4636  4522  296.93333  167 4013          -  277.43333      -  58.4 1211s
  4637  4523  280.89730  210 3876          -  277.43333      -  58.4 1231s
  4638  4524  282.13333  421 3774          -  278.88854      -  58.4 1238s
  4639  4524  315.64353  553 1508          -  279.60140      -  58.4 1260s
  4640  4525  303.18798  554 4099          -  279.60140      -  58.4 1276s
  4641  4526  355.17450  916 1685          -  279.63282      -  58.4 1296s
  4642  4526  279.84432   45 2808          -  279.84432      -  58.4 1303s
  4643  4527  286.43333  680 1043          -  279.84432      -  58.3 1325s
  4644  4528  280.65219  105 3015          -  280.64860      -  58.3 1332s
  4645  4528  317.56095  587 1613          -  280.65338      -  58.3 1351s
  4646  4529  288.77090  114 2669          -  280.65347      -  58.3 1360s
  4647  4530  297.05000  197 3617          -  280.65760      -  58.3 1437s
  4648  4530  299.48980  516 3222          -  280.65958      -  58.3 1465s
  4649  4531  282.90875  143 1778          -  281.16602      -  58.3 1485s
  4650  4532  286.00000  492 3375          -  281.29527      -  58.3 1499s
  4651  4532  372.46617 1034  994          -  281.40000      -  58.2 1519s
  4652  4533  342.20522 1014 2014          -  281.40293      -  58.2 1527s
  4653  4534  390.60630  612  849          -  281.42430      -  58.2 1552s
  4654  4534  334.92517  659 2464          -  281.42665      -  58.2 1566s
  4655  4535  396.42559 1126 1352          -  281.57983      -  58.2 1590s
  4656  4536  332.85181  827 3834          -  281.62140      -  58.2 1606s
  4657  4536  299.62424  542 2231          -  281.71345      -  58.2 1629s
  4658  4537  299.50142  512 3814          -  281.71764      -  58.2 1635s
  4659  4538  333.46984  858 2831          -  281.72508      -  58.1 1653s
  4660  4538  316.50478  389 2108          -  281.80374      -  58.1 1665s
  4661  4539  298.50391  351 1150          -  281.81809      -  58.1 1694s
  4662  4540  299.27992  454 2984          -  281.83134      -  58.1 1704s
  4663  4540  407.46667 1166 1162          -  281.88129      -  58.1 1739s
  4664  4541  334.90943  923 2704          -  281.89330      -  58.1 1748s
  4665  4542  338.16010 1101 2039          -  281.94362      -  58.1 1769s
  4666  4542  334.06685  871 3205          -  282.02649      -  58.1 1776s
  4667  4543  356.88548  711 1747          -  282.11497      -  58.0 1800s
  4668  4544  302.56389  534 3763          -  282.14379      -  58.0 1806s
  4669  4544  283.48954  650 1786          -  282.20771      -  58.0 1824s
  4670  4545  282.21142   72 3268          -  282.21142      -  58.0 1830s
  4671  4546  296.60000  140 1188          -  282.21214      -  58.0 1848s
  4672  4546  313.57050  477 1877          -  282.21221      -  58.0 1853s
  4673  4547  374.46053 1077 2491          -  282.21256      -  58.0 1880s
  4675  4548  282.21596  171 1771          -  282.21596      -  57.9 1898s
  4676  4549  299.55431  515 2504          -  282.21778      -  57.9 1907s
  4677  4550  328.34608  120 1731          -  282.22608      -  57.9 1920s
  4678  4550  297.24377  241 4045          -  282.23571      -  57.9 1930s
  4679  4551  284.40000  440 1737          -  282.23958      -  57.9 1944s
  4680  4552  313.89560  487 3308          -  282.23958      -  57.9 1951s
  4681  4552  297.84643  119 1615          -  282.26501      -  57.9 1963s
  4682  4553  288.83757  120 2101          -  282.26965      -  57.9 1966s
  4683  4554  299.00000  284 3193          -  282.32423      -  57.8 1990s
  4684  4554  299.22925  502 3310          -  282.33419      -  57.8 1995s
  4685  4555  292.35166  776 2228          -  282.33604      -  57.8 2017s
  4686  4556  296.60000  140 3839          -  282.33604      -  57.8 2026s
  4687  4556  282.40000  114  524          -  282.40000      -  57.8 2048s
  4688  4557  340.07081 1183 1163          -  282.40000      -  57.8 2051s
  4689  4558  311.80135  362 1037          -  282.40000      -  57.8 2063s
  4690  4558  394.98643 1088 1564          -  282.40000      -  57.8 2067s
  4691  4559  331.41359  755  688          -  282.40000      -  57.7 2087s
  4692  4560  282.40000   16 1847          -  282.40000      -  57.7 2097s
  4693  4560  339.77335 1191  304          -  282.40000      -  57.7 2125s
  4694  4561  282.91344   94 1486          -  282.40000      -  57.7 2139s
  4695  4562  289.27931   64  465          -  282.40000      -  57.7 2161s
  4697  4563  282.40000  182  517          -  282.40000      -  57.7 2180s
  4699  4564  282.40000  114  720          -  282.40000      -  57.6 2200s
  4702  4568  282.40000   34 3058          -  282.40000      -   210 2207s
  4704  4569  297.70000  101 5257          -  282.40000      -   210 2272s
  4705  4570  299.32737  476 4784          -  282.40000      -   210 2297s
  4706  4571  299.00000  334 5411          -  282.40000      -   210 2308s
  4707  4571  345.36151 1050 1209          -  282.40000      -   210 2340s
  4708  4572  282.43333   43 3516          -  282.40000      -   210 2353s
  4709  4573  312.80455  436  925          -  282.40000      -   210 2391s
  4710  4573  282.40000   93 2832          -  282.40000      -   210 2399s
  4711  4574  335.88912  671  869          -  282.40000      -   210 2419s
  4712  4575  299.00000  352 3390          -  282.40000      -   210 2435s
  4713  4575  306.61942  265 1339          -  282.40000      -   210 2472s
  4714  4576  299.00000  366 3500          -  282.40000      -   210 2493s
  4715  4577  479.58180  873 1468          -  282.40000      -   210 2543s
  4716  4577  407.46667 1171 5207          -  282.40000      -   210 2552s
  4717  4578  300.75739  616 1603          -  282.40000      -   210 2576s
  4718  4579  334.98882  935 2184          -  282.40000      -   210 2583s
  4719  4579  282.40000  288  854          -  282.40000      -   210 2603s
  4720  4580  334.96376  939 2899          -  282.40000      -   209 2612s
H 4720  4350                     395.3000000  282.40000  28.6%   209 2626s
H 4720  4132                     383.0000000  282.40000  26.3%   209 2626s
  4721  4133  312.66821  423 1312  383.00000  282.40000  26.3%   209 2649s
H 4721  3926                     376.4000000  282.40000  25.0%   209 2652s
H 4721  3730                     374.7000000  282.40000  24.6%   209 2652s
  4722  3730  282.40000   46 1861  374.70000  282.40000  24.6%   209 2656s
H 4722  3543                     369.9000000  282.40000  23.7%   209 2688s
  4724  3545  292.81828  131 1705  369.90000  282.40000  23.7%   209 2697s
  4725  3545  320.44918  610 1458  369.90000  282.40023  23.7%   209 2718s
  4726  3546  369.90000 1292  871  369.90000  282.40767  23.7%   209 2726s
H 4726  3368                     368.2000000  282.40767  23.3%   209 2767s
  4728  3369  282.40767   58 2997  368.20000  282.40767  23.3%   209 2796s
  4729  3370  282.40767  236  166  368.20000  282.40767  23.3%   209 2822s
  4730  3371  368.20000 1171 1281  368.20000  282.40767  23.3%   209 2832s
  4731  3371  284.40000  453  137  368.20000  282.40767  23.3%   209 2848s
  4732  3372  338.50471 1129  114  368.20000  282.40767  23.3%   209 2850s
  4733  3373  297.22999  210  582  368.20000  282.40767  23.3%   209 2886s
  4734  3373  282.40767   14  884  368.20000  282.40767  23.3%   209 2891s
  4735  3374  297.65000   69  647  368.20000  282.40767  23.3%   209 2908s
  4736  3375  296.93333  167 1607  368.20000  282.40767  23.3%   209 2911s
  4737  3375  282.40767  210  781  368.20000  282.40767  23.3%   209 2933s
  4738  3376  282.40767  421  781  368.20000  282.40767  23.3%   209 2941s
  4739  3377  315.64353  553  781  368.20000  282.40767  23.3%   209 2952s
  4740  3380  282.40767   28 4769  368.20000  282.40767  23.3%   305 2971s
  4742  3384  282.40767   29 4973  368.20000  282.40767  23.3%   305 2982s
  4746  3386  282.40767   30 4530  368.20000  282.40767  23.3%   306 2989s
H 4749  3216                     367.0000000  282.40767  23.0%   306 2989s
  4750  3225  282.40767   31 3507  367.00000  282.40767  23.0%   306 3000s
  4759  3227  282.40767   32 3988  367.00000  282.40767  23.0%   308 3010s
  4765  3230  282.41020   32 3793  367.00000  282.40767  23.0%   309 3028s
  4770  3233  282.41020   33 2607  367.00000  282.40767  23.0%   309 3047s
  4775  3238  282.41020   33 2191  367.00000  282.40767  23.0%   310 3059s
  4781  3242  282.41020   34 2023  367.00000  282.40767  23.0%   311 3069s
  4787  3245  282.89773   34 2191  367.00000  282.40767  23.0%   312 3081s
  4795  3247  282.57140   35 2383  367.00000  282.40767  23.0%   312 3099s
  4802  3248  282.78759   35 2719  367.00000  282.40767  23.0%   313 3110s
  4807  3251  282.63916   36 2760  367.00000  282.40767  23.0%   314 3125s
  4812  3255  284.94706   36 4042  367.00000  282.40767  23.0%   315 3189s
  4818  3259  282.78667   37 2339  367.00000  282.40767  23.0%   315 3201s
  4826  3263  284.88361   37 2797  367.00000  282.40767  23.0%   316 3212s
  4833  3266  282.81363   38 2317  367.00000  282.40767  23.0%   316 3223s
  4839  3272  286.60521   38 1471  367.00000  282.40767  23.0%   316 3233s
  4847  3277  282.82560   39 2517  367.00000  282.40767  23.0%   316 3243s
H 4853  3114                     366.3000000  282.40767  22.9%   317 3243s
  4854  3122  287.47021   39 3224  366.30000  282.40767  22.9%   318 3253s
  4863  3130  282.88867   40 1911  366.30000  282.40767  22.9%   320 3264s
  4875  3137  294.12950   41 2600  366.30000  282.40767  22.9%   321 3276s
  4886  3141  282.95825   43 1908  366.30000  282.40767  22.9%   323 3340s
  4895  3148  283.11651   45 1907  366.30000  282.40767  22.9%   324 3351s
  4912  3152  283.24164   47 2365  366.30000  282.40767  22.9%   325 3365s
  4924  3158  283.43345   50 2360  366.30000  282.40767  22.9%   327 3378s
  4938  3159  283.60803   51 2924  366.30000  282.40767  22.9%   331 3397s
  4946  3163  283.67450   53 1846  366.30000  282.40767  22.9%   332 3418s
  4962  3165  283.77867   54 2404  366.30000  282.40767  22.9%   333 3440s
  4970  3174  284.11965   55 2407  366.30000  282.40767  22.9%   335 3466s
  4983  3177  302.11273   57 1791  366.30000  282.40767  22.9%   336 3492s
  4991  3182  296.96019   59 2250  366.30000  282.40767  22.9%   336 3510s
  4998  3185  296.85873   61 3703  366.30000  282.40767  22.9%   336 3526s
  5004  3202  303.41367   61 2310  366.30000  282.40767  22.9%   337 3546s
  5023  3209  296.87266   64 3962  366.30000  282.40767  22.9%   338 3573s
  5037  3223  296.90133   65 3696  366.30000  282.40767  22.9%   339 3590s
  5058  3261  296.91162   67 3966  366.30000  282.40767  22.9%   340 3606s
  5106  3279  297.02662   75 4363  366.30000  282.40767  22.9%   343 3623s
  5150  3284  297.11593   83 4223  366.30000  282.40767  22.9%   346 3650s
  5173  3305  297.15105   84 4091  366.30000  282.40767  22.9%   348 3676s
  5233  3306  297.55275   94 3160  366.30000  282.40767  22.9%   350 3698s
  5263  3334  282.42095   34 4417  366.30000  282.40767  22.9%   353 3729s
  5303  3328  282.42628   38 4363  366.30000  282.40767  22.9%   357 3751s
  5310  3338 infeasible   38       366.30000  282.40767  22.9%   358 3786s
  5326  3350  292.12604   39 3955  366.30000  282.40767  22.9%   359 3812s
  5343  3360  282.43288   40 4644  366.30000  282.40767  22.9%   359 3837s
  5359  3395  290.03828   40 4940  366.30000  282.40767  22.9%   360 3857s
  5403  3429  282.44312   45 4362  366.30000  282.40767  22.9%   362 3881s
  5464  3443  282.47019   53 4300  366.30000  282.40767  22.9%   364 3906s
  5505  3475  298.68663   59 6797  366.30000  282.40767  22.9%   365 3949s
  5551  3517  298.69347   64 6400  366.30000  282.40767  22.9%   366 3978s
  5611  3528  314.03687   68 7033  366.30000  282.40767  22.9%   370 4002s
  5645  3575  298.77332   70 3783  366.30000  282.40767  22.9%   374 4028s
  5705  3596  300.30772   74 2538  366.30000  282.40767  22.9%   379 4057s
  5749  3661  298.70126   79 5648  366.30000  282.40767  22.9%   383 4091s
  5835  3653  298.72796   87 3638  366.30000  282.40767  22.9%   390 4120s
  5857  3650  300.49840   91 1427  366.30000  282.40767  22.9%   391 4153s
  5861  3652  362.88416   91 1178  366.30000  282.40767  22.9%   392 4190s
  5866  3653  300.67246   92 1361  366.30000  282.40767  22.9%   392 4232s
H 5868  3499                     365.7000000  282.40767  22.8%   392 4232s
  5870  3509  302.31946   92 1399  365.70000  282.40767  22.8%   392 4264s
H 5872  3362                     363.7000000  282.40767  22.4%   392 4264s
  5884  3401  300.68108   93 1410  363.70000  282.40767  22.4%   393 4293s
  5944  3398  301.04068  103 1055  363.70000  282.40767  22.4%   397 4331s
  5971  3395  361.30772  103  973  363.70000  282.40767  22.4%   398 4374s
  5979  3407 infeasible  105       363.70000  282.40767  22.4%   399 4493s
  6002  3487  301.70931  112  902  363.70000  282.40767  22.4%   401 4527s
  6115  3546  361.30772  129  606  363.70000  282.40767  22.4%   406 4609s
  6232  3587  361.30772  146  812  363.70000  282.40767  22.4%   411 4651s
  6365  3553  282.41083   32 3882  363.70000  282.40767  22.4%   412 4699s
  6375  3581  282.41083   32 3615  363.70000  282.40767  22.4%   413 4742s
  6419  3648  282.48435   37  892  363.70000  282.40767  22.4%   414 4782s
  6522  3678  283.83783   59 1031  363.70000  282.40767  22.4%   412 4833s
  6607  3799  284.10152  103 1225  363.70000  282.40767  22.4%   409 4880s
  6765  3918  294.39177  166  831  363.70000  282.40767  22.4%   404 4926s
  6960  4125  298.75268  258  840  363.70000  282.40767  22.4%   395 4979s
  7290  4019  283.02792   95 1316  363.70000  282.40767  22.4%   382 5023s
  7294  4017  283.04734   96 1314  363.70000  282.40767  22.4%   382 5067s
  7303  4018  283.05436   97 1314  363.70000  282.40767  22.4%   384 5122s
  7307  4059  283.07088   98 1308  363.70000  282.40767  22.4%   384 5166s
  7351  4194  283.09395   99 1314  363.70000  282.40767  22.4%   382 5226s
  7535  4259  282.40767   50  555  363.70000  282.40767  22.4%   377 5282s
  7727  4316  312.04705   61  945  363.70000  282.40767  22.4%   375 5346s
  7892  4458  300.96188   87  546  363.70000  282.40767  22.4%   371 5410s
  8175  4400  355.57334   92 1034  363.70000  282.40767  22.4%   364 5482s
  8220  4488  359.58412  113 1043  363.70000  282.40767  22.4%   363 5552s
  8352  4643  289.97674   68  901  363.70000  282.40767  22.4%   360 5613s
  8648  4934  309.17207   75  471  363.70000  282.40767  22.4%   353 5688s
  9194  4992  282.48435   48 1508  363.70000  282.40767  22.4%   341 5755s
  9687  4982  287.00802   70 1261  363.70000  282.40767  22.4%   334 5819s
  9877  5028  348.26207   87 1660  363.70000  282.40767  22.4%   332 5890s
 10058  5305  309.40433   72  577  363.70000  282.40767  22.4%   330 5952s
 10510  5723  284.72859   73  959  363.70000  282.40767  22.4%   324 6161s
 11159  5621  289.24136   92 1664  363.70000  282.40767  22.4%   312 6211s
 11303  6039  282.46382   54 1185  363.70000  282.40767  22.4%   310 6265s
 11923  6105  282.49035   56  900  363.70000  282.40767  22.4%   300 6309s
 12261  6273  357.87507  119 1325  363.70000  282.40767  22.4%   297 6350s
 12662  6538  288.01910   63  849  363.70000  282.40767  22.4%   295 6398s
 13185  6628  282.40767   53 3687  363.70000  282.40767  22.4%   290 6435s
 13413  6856  333.29519  103 1146  363.70000  282.40767  22.4%   288 6476s
 13775  7256  282.56076   54 1180  363.70000  282.40767  22.4%   288 6524s
 14358  7325  283.69072   75 1035  363.70000  282.40767  22.4%   285 6576s
 14427  7499  297.53334  101  955  363.70000  282.40767  22.4%   284 6631s
 14646  7764  282.68752   64  899  363.70000  282.40767  22.4%   282 6689s
 15035  7868  283.12830   63  519  363.70000  282.40767  22.4%   280 6742s
 15191  8491  315.03752   73 1569  363.70000  282.40767  22.4%   280 6796s
 16046  8855  282.41548   56 1273  363.70000  282.40767  22.4%   274 6837s
 16487  9182  290.50352   87 1358  363.70000  282.40767  22.4%   273 6882s
 16934  9512  347.50177   71 1536  363.70000  282.40767  22.4%   272 6922s
 17410 10129  282.43333   59  677  363.70000  282.40767  22.4%   269 6964s
 18205 10200  317.56470   88 1120  363.70000  282.40767  22.4%   264 7010s
 18327 10408  345.50606   94  827  363.70000  282.40767  22.4%   264 7057s
 18573 10413  282.40767   43 4151  363.70000  282.40767  22.4%   263 7105s
 18578 10418  282.40767   44 3789  363.70000  282.40767  22.4%   263 7158s
 18583 10477  282.40767   45 4039  363.70000  282.40767  22.4%   263 7200s

Cutting planes:
  Gomory: 17
  Cover: 131
  Implied bound: 42
  Projected implied bound: 37
  Clique: 22
  MIR: 158
  Mixing: 2
  StrongCG: 10
  Flow cover: 944
  GUB cover: 15
  Inf proof: 1
  Zero half: 20
  RLT: 80
  Relax-and-lift: 45

Explored 18651 nodes (5203652 simplex iterations) in 7200.05 seconds (7061.37 work units)
Thread count was 4 (of 8 available processors)

Solution count 10: 363.7 365.7 366.3 ... 395.3

Time limit reached
Best objective 3.637000000000e+02, best bound 2.825000000000e+02, gap 22.3261%
