
Gurobi 13.0.2 (linux64) logging started Sun Jul 12 03:02:57 2026

Set parameter LogFile to value "src/Resultados/Restriccion_solo_cliques/logs/RC106-25.xml_log.log"
Set parameter Threads to value 4
Gurobi Optimizer version 13.0.2 build v13.0.2rc1 (linux64 - "Rocky Linux 9.7 (Blue Onyx)")

CPU model: QEMU Virtual CPU version 2.5+, instruction set [SSE2]
Thread count: 8 physical cores, 8 logical processors, using up to 4 threads

Non-default parameters:
TimeLimit  7200
Threads  4

Optimize a model with 96640 rows, 57165 columns and 395310 nonzeros (Min)
Model fingerprint: 0x3b0bd044
Model has 4500 linear objective coefficients
Variable types: 13035 continuous, 44130 integer (44115 binary)
Coefficient statistics:
  Matrix range     [1e+00, 4e+04]
  Objective range  [2e+00, 6e+01]
  Bounds range     [1e+00, 2e+03]
  RHS range        [1e+00, 4e+04]

Presolve removed 30584 rows and 240 columns
Presolve time: 2.81s
Presolved: 66056 rows, 56925 columns, 282225 nonzeros
Variable types: 375 continuous, 56550 integer (48390 binary)
Deterministic concurrent LP optimizer: primal and dual simplex
Showing primal log only...


Root simplex log...

Iteration    Objective       Primal Inf.    Dual Inf.      Time
       0    2.1477000e+03   2.343638e+03   2.476583e+10      6s
   23085    3.6778343e+02   8.273197e+01   2.186060e+09     10s
   30799    3.7777681e+02   2.354288e+01   1.499857e+09     15s
   36545    3.7779436e+02   2.759484e+00   5.072712e+08     20s
   44655    3.0375395e+02   0.000000e+00   1.320174e+04     25s
   50641    2.9750001e+02   1.478904e+01   0.000000e+00     30s
   53477    2.9750001e+02   1.923482e-03   0.000000e+00     35s
   53501    2.9750000e+02   0.000000e+00   0.000000e+00     35s
Concurrent spin time: 2.93s

Solved with primal simplex

Root relaxation: objective 2.975000e+02, 53501 iterations, 33.24 seconds (23.47 work units)

    Nodes    |    Current Node    |     Objective Bounds      |     Work
 Expl Unexpl |  Obj  Depth IntInf | Incumbent    BestBd   Gap | It/Node Time

     0     0  297.50000    0 6487          -  297.50000      -     -   51s
     0     0  297.50000    0 5394          -  297.50000      -     -   51s
     0     0  297.50000    0 8077          -  297.50000      -     -   60s
     0     0  297.50000    0 7277          -  297.50000      -     -   63s
     0     0  297.50000    0 7218          -  297.50000      -     -   64s
     0     0  297.50000    0 9694          -  297.50000      -     -   72s
     0     0  297.50000    0 9695          -  297.50000      -     -   72s
     0     0  297.50000    0 4132          -  297.50000      -     -   92s
     0     0  297.50000    0 3972          -  297.50000      -     -   94s
     0     0  297.50000    0 4289          -  297.50000      -     -   94s
     0     0  297.50000    0 6137          -  297.50000      -     -  108s
     0     0  297.50000    0 5765          -  297.50000      -     -  108s
     0     0  297.50000    0 1399          -  297.50000      -     -  116s
     0     0  297.50000    0 2018          -  297.50000      -     -  117s
     0     0  297.50000    0 4624          -  297.50000      -     -  123s
     0     0  297.50000    0 4624          -  297.50000      -     -  123s
     0     0  297.50000    0 1971          -  297.50000      -     -  136s
     0     0  297.50000    0 9067          -  297.50000      -     -  148s
     0     0  297.50000    0 8110          -  297.50000      -     -  148s
     0     0  297.50000    0 7620          -  297.50000      -     -  155s
     0     0  297.50000    0 7620          -  297.50000      -     -  155s
     0     0  297.50000    0 2227          -  297.50000      -     -  162s
     0     0  297.50000    0 2227          -  297.50000      -     -  163s
     0     0  297.50000    0 2230          -  297.50000      -     -  163s
     0     0  297.50000    0 2232          -  297.50000      -     -  163s
     0     0  297.50000    0 6008          -  297.50000      -     -  168s
     0     0  297.50000    0 6008          -  297.50000      -     -  168s
     0     0  297.50000    0 3639          -  297.50000      -     -  177s
     0     0  297.50000    0 3687          -  297.50000      -     -  178s
     0     0  298.43934    0 6577          -  298.43934      -     -  182s
     0     0  298.43934    0 2749          -  298.43934      -     -  188s
     0     0  298.55878    0 3809          -  298.55878      -     -  189s
     0     0  299.28702    0 7096          -  299.28702      -     -  196s
     0     0  299.28702    0 7014          -  299.28702      -     -  196s
     0     0  299.28702    0 6959          -  299.28702      -     -  197s
     0     0  300.16569    0 5922          -  300.16569      -     -  202s
     0     0  300.16569    0 5943          -  300.16569      -     -  202s
     0     0  300.16569    0 6743          -  300.16569      -     -  204s
     0     0  301.23755    0 8579          -  301.23755      -     -  209s
     0     0  301.23755    0 8362          -  301.23755      -     -  210s
     0     0  301.91461    0 9519          -  301.91461      -     -  217s
     0     0  301.91461    0 7763          -  301.91461      -     -  221s
     0     0  302.10000    0 7656          -  302.10000      -     -  227s
     0     0  302.10000    0 6988          -  302.10000      -     -  230s
     0     0  302.10000    0 6990          -  302.10000      -     -  230s
     0     0  302.11920    0 8318          -  302.11920      -     -  234s
     0     0  302.27579    0 7672          -  302.27579      -     -  237s
     0     0  302.27579    0 7472          -  302.27579      -     -  238s
     0     0  302.83565    0 8629          -  302.83565      -     -  243s
     0     0  303.10616    0 10283          -  303.10616      -     -  244s
     0     0  303.10616    0 7514          -  303.10616      -     -  245s
     0     0  303.99868    0 7924          -  303.99868      -     -  251s
     0     0  304.20356    0 7449          -  304.20356      -     -  254s
     0     0  304.20356    0 8636          -  304.20356      -     -  256s
     0     0  304.20356    0 6403          -  304.20356      -     -  261s
     0     0  304.20356    0 9260          -  304.20356      -     -  263s
     0     0  304.30319    0 7078          -  304.30319      -     -  268s
     0     0  304.30319    0 6186          -  304.30319      -     -  269s
     0     0  305.08458    0 6274          -  305.08458      -     -  274s
     0     0  305.09170    0 6753          -  305.09170      -     -  304s
     0     0  305.09170    0 6524          -  305.09170      -     -  304s
     0     0  305.50458    0 7228          -  305.50458      -     -  309s
     0     0  305.50458    0 9760          -  305.50458      -     -  312s
     0     0  305.60807    0 8560          -  305.60807      -     -  319s
     0     0  305.64261    0 6659          -  305.64261      -     -  322s
     0     0  305.67037    0 6366          -  305.67037      -     -  323s
     0     0  305.67037    0 6109          -  305.67037      -     -  323s
     0     0  306.19291    0 5109          -  306.19291      -     -  327s
     0     0  306.20113    0 7582          -  306.20113      -     -  330s
     0     0  306.62261    0 6404          -  306.62261      -     -  340s
     0     0  306.62261    0 5839          -  306.62261      -     -  342s
     0     0  306.62261    0 5839          -  306.62261      -     -  342s
     0     0  306.62261    0 5839          -  306.62261      -     -  342s
     0     0  306.62261    0 7613          -  306.62261      -     -  347s
     0     0  306.62261    0 9058          -  306.62261      -     -  350s
     0     0  306.82051    0 11395          -  306.82051      -     -  357s
     0     0  306.82051    0 3017          -  306.82051      -     -  387s
     0     0  306.84832    0 3793          -  306.84832      -     -  392s
     0     0  306.84832    0 5074          -  306.84832      -     -  392s
     0     0  306.84832    0 5074          -  306.84832      -     -  392s
     0     0  306.85976    0 6660          -  306.85976      -     -  393s
     0     0  306.85976    0 6659          -  306.85976      -     -  393s
     0     0  306.85976    0 6737          -  306.85976      -     -  394s
     0     0  306.85976    0 6736          -  306.85976      -     -  394s
     0     0  306.92030    0 5706          -  306.92030      -     -  398s
     0     0  306.99920    0 5634          -  306.99920      -     -  400s
     0     0  306.99920    0 6440          -  306.99920      -     -  400s
     0     0  307.19762    0 7169          -  307.19762      -     -  404s
     0     0  307.40839    0 5992          -  307.40839      -     -  405s
     0     0  307.40839    0 5792          -  307.40839      -     -  406s
     0     0  307.41978    0 7331          -  307.41978      -     -  410s
     0     0  307.41978    0 6812          -  307.41978      -     -  412s
     0     0  307.44246    0 5258          -  307.44246      -     -  417s
     0     0  307.44246    0 6367          -  307.44246      -     -  418s
     0     0  307.51570    0 7401          -  307.51570      -     -  422s
     0     0  307.61638    0 6301          -  307.61638      -     -  423s
     0     0  307.66458    0 7007          -  307.66458      -     -  427s
     0     0  307.66458    0 7280          -  307.66458      -     -  430s
     0     0  307.69792    0 8992          -  307.69792      -     -  437s
     0     0  307.69792    0 5301          -  307.69792      -     -  446s
     0     0  307.82927    0 5732          -  307.82927      -     -  449s
     0     0  307.83089    0 3265          -  307.83089      -     -  451s
     0     0  307.83089    0 3267          -  307.83089      -     -  451s
     0     0  307.84615    0 2865          -  307.84615      -     -  454s
     0     0  307.84615    0 2781          -  307.84615      -     -  456s
     0     0  307.98965    0 4694          -  307.98965      -     -  458s
     0     0  307.98965    0 6830          -  307.98965      -     -  459s
     0     0  308.09873    0 6503          -  308.09873      -     -  464s
     0     0  308.30596    0 5143          -  308.30596      -     -  465s
     0     0  308.31190    0 5074          -  308.31190      -     -  466s
     0     0  308.31190    0 5120          -  308.31190      -     -  466s
     0     0  308.81980    0 5292          -  308.81980      -     -  470s
     0     0  309.31127    0 4860          -  309.31127      -     -  471s
     0     0  309.31669    0 5688          -  309.31669      -     -  472s
     0     0  309.31669    0 4605          -  309.31669      -     -  473s
     0     0  311.05000    0 5535          -  311.05000      -     -  477s
     0     0  311.05000    0 4800          -  311.05000      -     -  479s
     0     0  311.05000    0 5161          -  311.05000      -     -  484s
     0     0  311.05000    0 5089          -  311.05000      -     -  486s
     0     0  311.05000    0 6252          -  311.05000      -     -  490s
     0     0  311.05000    0 4166          -  311.05000      -     -  512s
     0     0  311.05000    0 4957          -  311.05000      -     -  515s
     0     0  311.05000    0 4965          -  311.05000      -     -  516s
     0     0  311.15000    0 8587          -  311.15000      -     -  523s
     0     0  311.15000    0 3434          -  311.15000      -     -  536s
     0     0  311.15000    0 4057          -  311.15000      -     -  538s
     0     0  311.15000    0 3516          -  311.15000      -     -  538s
     0     0  311.15000    0 3517          -  311.15000      -     -  538s
     0     0  311.15000    0 3519          -  311.15000      -     -  539s
     0     0  311.15000    0 3521          -  311.15000      -     -  539s
     0     0  311.15000    0 5388          -  311.15000      -     -  545s
     0     0  311.15000    0 5388          -  311.15000      -     -  546s
     0     0  311.15000    0 2321          -  311.15000      -     -  557s
     0     2  311.15000    0 1760          -  311.15000      -     -  569s
     1     4  311.15000    1 2287          -  311.15000      -   424  570s
    11    25  311.15000    4 2765          -  311.15000      -   445  575s
    40    45  311.15000   10 3396          -  311.15000      -   242  580s
    63    76  311.15000   14 4679          -  311.15000      -   266  587s
    79    87  311.30000   18 5240          -  311.15000      -   234  591s
    92   105  311.30000   21 5003          -  311.15000      -   244  595s
   125   139  311.63333   29 4141          -  311.15000      -   211  602s
   144   157  311.70000   32 4413          -  311.15000      -   212  609s
   162   180  311.73333   34 3683          -  311.15000      -   206  613s
   185   191  311.86000   40 4256          -  311.15000      -   198  618s
   196   215  311.86000   42 4610          -  311.15000      -   205  624s
   220   227  312.01565   45 4995          -  311.15000      -   198  632s
   232   249  311.90000   46 4730          -  311.15000      -   201  638s
   254   262  311.90000   48 4621          -  311.15000      -   199  644s
   267   281  311.90000   49 4621          -  311.15000      -   192  651s
   286   298  311.90000   54 4251          -  311.15000      -   190  656s
   303   316  312.08571   59 5213          -  311.15000      -   188  663s
   321   347  319.85000   60 6313          -  311.15000      -   188  667s
   353   366  312.40000   66 4518          -  311.15000      -   194  672s
   372   380  312.40638   73 6097          -  311.15000      -   207  677s
   386   413  312.40798   79 5062          -  311.15000      -   205  681s
   419   417  312.43252   99 4556          -  311.15000      -   194  687s
   423   447  312.43252  100 5032          -  311.15000      -   193  692s
   453   482  312.49091  122 6256          -  311.15000      -   185  696s
   488   518  312.50089  143 7123          -  311.15000      -   176  701s
   524   522  312.53804  168 6959          -  311.15000      -   169  707s
   528   563  312.54093  169 6969          -  311.15000      -   170  711s
   569   594  312.61607  196 7801          -  311.15000      -   163  715s
   600   598  312.66615  214 7128          -  311.15000      -   159  721s
   604   638  312.66615  215 6685          -  311.15000      -   158  726s
   644   676  312.75666  231 8870          -  311.15000      -   155  730s
   730   728  313.71821  256 6605          -  311.15000      -   147  743s
   734   756  313.71821  257 5986          -  311.15000      -   147  762s
   762   818  313.76497  258 5009          -  311.15000      -   145  767s
   824   885  314.38380  279 6364          -  311.15000      -   138  776s
   891   958  314.52946  302 5871          -  311.15000      -   130  784s
   964  1031  314.59687  328 5553          -  311.15000      -   123  810s
  1037  1122  314.67991  362 5978          -  311.15000      -   116  823s
  1132  1212  351.85000  400 5908          -  311.15000      -   111  828s
  1222  1252  353.17500  430 5586          -  311.15000      -   105  837s
  1262  1269  353.50000  438 5491          -  311.15000      -   108  887s
  1279  1286  353.92856  452 5394          -  311.15000      -   107  950s
  1296  1339  354.30000  465 5636          -  311.15000      -   109  976s
  1349  1410  356.54715  498 7666          -  311.15000      -   108 1006s
  1420  1506  357.27539  530 5835          -  311.15000      -   107 1045s
  1516  1612  357.98000  553 5582          -  311.15000      -   105 1076s
  1622  1773  359.28404  595 5727          -  311.15000      -   105 1101s
  1789  1883  373.15027  675 7040          -  311.15000      -   101 1127s
  1899  1961  376.33831  697 4942          -  311.15000      -   104 1155s
  1985  2058  377.69108  710 6211          -  311.15000      -   111 1181s
  2084  2227  378.98550  719 4836          -  311.15000      -   114 1202s
  2253  2454 infeasible  754               -  311.15000      -   113 1227s
  2486  2709  475.77648  815 3060          -  311.15000      -   109 1257s
  2743  2885  481.91002  917 3745          -  311.15000      -   104 1282s
  2923  3051  482.26273  935 4050          -  311.15000      -   105 1307s
  3090  3320  482.81953 1010 3703          -  311.15000      -   104 1333s
  3359  3369  483.33981 1160 4349          -  311.15000      -   100 1350s
  3421  3642  484.96647 1169 4455          -  311.15000      -   105 1369s
  3696  3868  493.77609 1188 5423          -  311.15000      -   103 1384s
  3951  4075  513.45947 1259 2474          -  311.15000      -   106 1400s
  4172  4316  312.48914   32 5578          -  311.15000      -   109 1418s
  4423  4317  314.04274   16 2321          -  311.15000      -   113 1601s
  4425  4318  426.88645  682 3969          -  311.15000      -   113 1675s
  4426  4319  538.58214  934 4340          -  311.15000      -   113 1714s
  4427  4320  312.50000   37 3720          -  311.15000      -   113 1754s
  4428  4320  356.85000  172 5226          -  311.15000      -   113 1797s
  4429  4321  314.95000   89 4306          -  311.36146      -   113 1846s
  4430  4322  313.45000   95 2162          -  311.98091      -   113 1884s
  4431  4322  361.10740  531 4849          -  312.33205      -   113 1921s
  4432  4323  331.00452  177 3827          -  312.80337      -   113 1952s
  4433  4324  475.16445  779 4820          -  312.95031      -   113 1985s
  4434  4324  318.31181  330 2129          -  312.95127      -   113 2014s
  4435  4325  318.41928  342 2644          -  313.02605      -   113 2045s
  4436  4326  315.55000   60 2273          -  313.03132      -   113 2090s
  4437  4326  314.05000   46 3739          -  313.17095      -   113 2110s
  4438  4327  425.11006  623 2894          -  313.37725      -   113 2136s
  4439  4328  313.72143   58 4326          -  313.43320      -   113 2161s
  4440  4328  314.05000   56 3589          -  313.80179      -   113 2227s
  4441  4329  340.48750   57 4437          -  313.95453      -   113 2274s
  4442  4330  500.24451 1224 2643          -  314.25106      -   113 2300s
  4443  4330  350.00353  457 3219          -  314.29897      -   113 2316s
  4444  4331  369.30866  619 3919          -  314.48671      -   113 2351s
  4445  4332  349.58268  593 4047          -  314.63072      -   113 2368s
  4446  4332  314.71679   26 2535          -  314.71679      -   113 2395s
  4447  4333  317.95556  278 3738          -  314.75058      -   113 2409s
  4448  4334  356.07233  602 3023          -  314.82930      -   113 2440s
  4449  4334  323.50000   41 4378          -  314.89061      -   113 2460s
  4450  4335  315.48333  144 5544          -  315.08292      -   113 2498s
  4451  4336  354.90060  564 6347          -  315.36379      -   113 2528s
  4452  4336  356.65542  253 5356          -  315.54223      -   112 2561s
  4453  4337  315.61163   23 5676          -  315.61163      -   112 2584s
  4454  4338  495.60378  887 4788          -  315.66510      -   112 2634s
  4455  4338  356.63723  233 5382          -  315.72716      -   112 2653s
  4456  4339  328.90000   57 4712          -  315.99359      -   112 2681s
  4457  4340  366.16475  397 4701          -  316.06140      -   112 2695s
  4458  4340  482.63650  998 4902          -  316.25232      -   112 2719s
  4459  4341  316.35628   79 4375          -  316.35628      -   112 2735s
  4460  4342  317.13000  224 3740          -  316.45302      -   112 2758s
  4461  4342  356.25000  164 3757          -  316.45302      -   112 2770s
  4462  4343  316.53058   42 4372          -  316.53058      -   112 2798s
  4463  4344  353.83106  535 4080          -  316.53896      -   112 2812s
  4464  4344  506.98924  788 3552          -  316.75658      -   112 2840s
  4465  4345  360.14098  642 4926          -  316.78769      -   112 2855s
  4466  4346  319.16159  480 4824          -  316.83735      -   112 2885s
  4467  4346  355.24577  569 4910          -  317.01380      -   112 2905s
  4468  4347  317.02437   87 3997          -  317.02437      -   112 2929s
  4469  4348  544.19641  695 3746          -  317.08900      -   112 2953s
  4470  4348  318.48865  277 3757          -  317.08900      -   112 2977s
  4471  4349  425.94560  674 3932          -  317.10604      -   112 2994s
  4472  4350  497.91450 1207 3370          -  317.10604      -   112 3028s
  4473  4350  317.10644   46 4626          -  317.10644      -   112 3050s
  4474  4351  359.55452  597 3588          -  317.10644      -   112 3079s
  4475  4352  317.10770   60 4358          -  317.10770      -   112 3095s
  4476  4352  356.65266  247 3646          -  317.10812      -   112 3200s
  4477  4353  368.96510  466 4148          -  317.17508      -   112 3213s
  4478  4354  354.45000  137 3997          -  317.17508      -   112 3234s
  4479  4354  320.30502  507 4701          -  317.18520      -   112 3253s
  4480  4355  323.33261   60 4471          -  317.26325      -   112 3280s
  4481  4356  359.94051  296 4461          -  317.29063      -   112 3292s
  4482  4356  317.29063  155 4185          -  317.29063      -   112 3327s
  4483  4357  318.45470  366 4066          -  317.31465      -   112 3338s
  4484  4358  318.96299  414 4195          -  317.32496      -   112 3359s
  4485  4358  317.36715  105 3432          -  317.36715      -   112 3367s
  4486  4359  330.73152  176 3279          -  317.40393      -   112 3386s
  4487  4360  317.40532   14 3974          -  317.40532      -   112 3392s
  4488  4360  318.93869  467 4106          -  317.40720      -   112 3412s
  4489  4361  317.40720   56 4982          -  317.40720      -   112 3421s
  4490  4362  317.40720   16 3519          -  317.40720      -   112 3446s
  4491  4362  330.72759  174 5313          -  317.40720      -   112 3454s
  4492  4363  318.22533  302 4115          -  317.40720      -   111 3472s
  4493  4364  368.30000  541 4886          -  317.40720      -   111 3479s
  4494  4364  330.93175  208 4301          -  317.40720      -   111 3505s
  4495  4365  484.08680 1132 5354          -  317.40720      -   111 3515s
  4496  4366  317.40720  228 4845          -  317.40720      -   111 3537s
  4499  4369  336.28214  301 2321          -  317.40720      -   254 3604s
  4500  4370  317.40720  131 2321          -  317.40720      -   254 3607s
  4501  4370  321.20000  355 3663          -  317.40720      -   254 3691s
  4502  4371  345.40000  108 3881          -  317.40720      -   254 3715s
  4503  4372  355.78892  607 4664          -  317.40720      -   254 3733s
  4504  4372  317.40720   82 2958          -  317.40720      -   254 3754s
  4505  4373  329.80000   98 4382          -  317.40720      -   253 3779s
  4506  4374  357.09913  287 3497          -  317.40720      -   253 3807s
  4507  4374  530.97027  663 3848          -  317.40720      -   253 3837s
  4508  4375  331.13335  212 3403          -  317.40720      -   253 3865s
  4509  4376  483.28090 1104 3999          -  317.40720      -   253 3894s
  4510  4376  317.40720   26 2916          -  317.40720      -   253 3922s
  4511  4377  485.16614 1121 3923          -  317.40720      -   253 3955s
  4512  4378  494.43350 1191 2503          -  317.55339      -   253 3980s
  4513  4378  317.60681   56 3044          -  317.60681      -   253 4023s
  4514  4379  379.17587  726 3806          -  317.63322      -   253 4052s
  4515  4380  414.54910  484 3693          -  317.63803      -   253 4088s
  4516  4380  499.71582 1220 2719          -  317.64803      -   253 4140s
  4517  4381  317.65436   25 2926          -  317.65436      -   253 4193s
  4518  4382  466.30100  756 2772          -  317.71288      -   253 4225s
  4519  4382  317.76994  253 3655          -  317.76994      -   253 4242s
  4520  4383  318.97565  424 3279          -  317.82710      -   253 4266s
  4521  4384  330.79113  156 4508          -  317.85176      -   253 4284s
  4522  4384  332.03345  219 4102          -  317.85835      -   253 4309s
  4523  4385  317.86194   16 5939          -  317.86194      -   252 4328s
  4524  4386  349.62952  602 4167          -  317.88642      -   252 4360s
  4525  4386  426.88645  682 4497          -  317.88642      -   252 4377s
  4526  4387  538.58214  934 3670          -  317.89986      -   252 4405s
  4527  4388  317.89986   37 5400          -  317.89986      -   252 4424s
  4528  4388  356.85000  172 3978          -  317.90436      -   252 4454s
  4529  4389  317.90436   89 4214          -  317.90436      -   252 4466s
  4530  4390  317.92193   95 4308          -  317.92193      -   252 4492s
  4531  4390  361.10740  531 4413          -  317.92193      -   252 4505s
  4532  4391  331.00452  177 4437          -  317.95247      -   252 4531s
  4533  4392  475.16445  779 4543          -  317.95861      -   252 4550s
  4534  4392  318.31181  330 3529          -  317.98459      -   252 4588s
  4535  4393  318.41928  342 5612          -  317.98542      -   252 4607s
  4536  4394  317.98566   60 4399          -  317.98566      -   252 4695s
  4537  4394  317.99341   46 6312          -  317.99341      -   252 4717s
  4538  4395  425.11006  623 4667          -  317.99599      -   252 4742s
  4539  4396  318.00037   58 5309          -  318.00037      -   252 4760s
  4540  4396  318.00050   56 5316          -  318.00050      -   252 4785s
  4541  4397  340.48750   57 6161          -  318.00070      -   251 4805s
  4542  4398  500.24451 1224 4509          -  318.00423      -   251 4831s
  4543  4398  350.00353  457 6031          -  318.00571      -   251 4849s
  4544  4399  369.30866  619 3855          -  318.01815      -   251 4869s
  4545  4400  349.58268  593 5167          -  318.02282      -   251 4885s
  4546  4400  318.04483   26 4359          -  318.04483      -   251 4911s
  4547  4401  318.04483  278 4273          -  318.04483      -   251 4925s
  4548  4402  356.07233  602 3645          -  318.04803      -   251 4942s
  4549  4402  323.50000   41 3818          -  318.04811      -   251 4947s
  4550  4403  318.05092  144 4027          -  318.05092      -   251 4962s
  4551  4404  354.90060  564 4208          -  318.05092      -   251 4967s
  4552  4404  356.65542  253 4071          -  318.05129      -   251 4984s
  4553  4405  318.05159   23 4464          -  318.05159      -   251 4993s
  4554  4406  495.60378  887 4302          -  318.05164      -   251 5014s
  4555  4406  356.63723  233 4691          -  318.05164      -   251 5021s
  4556  4407  328.90000   57 4395          -  318.05211      -   251 5046s
  4557  4408  366.16475  397 4488          -  318.05211      -   251 5054s
  4558  4408  482.63650  998 4496          -  318.05211      -   251 5072s
  4561  4412  356.25000  164 2321          -  318.05211      -   353 5130s
  4563  4413  353.83106  535 3484          -  318.05211      -   353 5216s
  4564  4414  506.98924  788 4345          -  318.05211      -   353 5252s
  4565  4415  360.14098  642 4748          -  318.05211      -   352 5283s
  4566  4415  319.16159  480 3084          -  318.05211      -   352 5316s
  4567  4416  355.24577  569 4793          -  318.05211      -   352 5346s
  4568  4417  318.05211   87 3088          -  318.05211      -   352 5382s
  4569  4417  544.19641  695 3383          -  318.05211      -   352 5408s
  4570  4418  318.48865  277 3270          -  318.05211      -   352 5444s
  4571  4419  425.94560  674 4483          -  318.05211      -   352 5470s
  4572  4419  497.91450 1207 3994          -  318.05211      -   352 5497s
  4573  4420  318.05211   46 4994          -  318.05211      -   352 5517s
  4574  4421  359.55452  597 3584          -  318.05211      -   352 5579s
  4575  4421  318.05211   60 3675          -  318.05211      -   352 5620s
  4576  4422  356.65266  247 3965          -  318.05211      -   352 5646s
  4577  4423  368.96510  466 4461          -  318.05211      -   352 5683s
  4578  4423  354.45000  137 4145          -  318.05229      -   351 5708s
  4579  4424  320.30502  507 4471          -  318.05576      -   351 5757s
  4580  4425  323.33261   60 3994          -  318.05581      -   351 5780s
  4581  4425  359.94051  296 3335          -  318.07929      -   351 5816s
  4582  4426  318.08262  155 3558          -  318.08262      -   351 5848s
  4583  4427  318.45470  366 4397          -  318.08417      -   351 5886s
  4584  4427  318.96299  414 3709          -  318.08420      -   351 5912s
  4585  4428  318.08437  105 3782          -  318.08437      -   351 5935s
  4586  4429  330.73152  176 2711          -  318.08746      -   351 5974s
  4587  4429  318.08862   14 3677          -  318.08862      -   351 6013s
  4588  4430  318.93869  467 3062          -  318.08862      -   351 6041s
  4589  4431  318.09344   56 3195          -  318.09344      -   351 6077s
  4590  4431  318.09344   16 3235          -  318.09344      -   351 6109s
  4591  4432  330.72759  174 3273          -  318.09346      -   350 6140s
  4592  4433  318.22533  302 4457          -  318.10951      -   350 6179s
  4593  4433  368.30000  541 3872          -  318.11171      -   350 6221s
  4594  4434  330.93175  208 3839          -  318.16608      -   350 6258s
  4595  4435  484.08680 1132 4196          -  318.17101      -   350 6277s
  4596  4435  318.17427  228 4328          -  318.17427      -   350 6305s
  4597  4436  475.69169  797 4732          -  318.17536      -   350 6322s
  4598  4437  349.62952  602 3990          -  318.18333      -   350 6355s
  4599  4437  336.28214  301 4554          -  318.18333      -   350 6367s
  4600  4438  318.18333  131 3528          -  318.18333      -   350 6389s
  4601  4439  321.20000  355 3918          -  318.18333      -   350 6396s
  4602  4439  345.40000  108 3709          -  318.18333      -   350 6421s
  4603  4440  355.78892  607 5338          -  318.18621      -   350 6438s
  4604  4441  318.18812   82 4549          -  318.18812      -   349 6467s
  4605  4441  329.80000   98 4201          -  318.18813      -   349 6477s
  4606  4442  357.09913  287 2875          -  318.18876      -   349 6500s
  4607  4443  530.97027  663 3146          -  318.18876      -   349 6506s
  4608  4443  331.13335  212 2760          -  318.18876      -   349 6529s
  4609  4444  483.28090 1104 3127          -  318.18876      -   349 6534s
  4610  4445  318.18876   26 3073          -  318.18876      -   349 6592s
  4611  4445  485.16614 1121 2929          -  318.18876      -   349 6597s
  4612  4446  494.43350 1191 3073          -  318.18876      -   349 6618s
  4613  4447  318.18876   56 3056          -  318.18876      -   349 6623s
  4614  4447  379.17587  726 3087          -  318.18876      -   349 6645s
  4617  4451  318.18876   25 2321          -  318.18876      -   453 6706s
  4619  4452  318.18876  253 4738          -  318.18876      -   453 6803s
  4620  4453  318.97565  424 3771          -  318.18876      -   453 6842s
  4621  4454  330.79113  156 4508          -  318.18876      -   453 6878s
  4622  4454  332.03345  219 3904          -  318.18876      -   453 6931s
  4623  4455  318.18876   16 5127          -  318.18876      -   453 6969s
  4624  4456  349.62952  602 3041          -  318.18876      -   452 7002s
  4625  4456  426.88645  682 3384          -  318.18876      -   452 7035s
  4626  4457  538.58214  934 3361          -  318.18876      -   452 7069s
  4627  4458  318.18876   37 3848          -  318.18876      -   452 7103s
  4628  4458  356.85000  172 2878          -  318.18876      -   452 7130s
  4629  4459  318.18876   89 4467          -  318.18876      -   452 7153s

Cutting planes:
  Gomory: 5
  Cover: 85
  Implied bound: 19
  Projected implied bound: 22
  Clique: 29
  MIR: 30
  Knapsack: 1
  StrongCG: 15
  Flow cover: 109
  GUB cover: 64
  Zero half: 22
  RLT: 102
  Relax-and-lift: 77

Explored 4629 nodes (2569780 simplex iterations) in 7207.65 seconds (4411.45 work units)
Thread count was 4 (of 8 available processors)

Solution count 0

Time limit reached
Best objective -, best bound 3.182000000000e+02, gap -
