
Gurobi 13.0.2 (linux64) logging started Sat Jul 11 18:58:26 2026

Set parameter LogFile to value "src/Resultados/Restriccion_solo_cliques/logs/RC104-25.xml_log.log"
Set parameter Threads to value 4
Gurobi Optimizer version 13.0.2 build v13.0.2rc1 (linux64 - "Rocky Linux 9.7 (Blue Onyx)")

CPU model: QEMU Virtual CPU version 2.5+, instruction set [SSE2]
Thread count: 8 physical cores, 8 logical processors, using up to 4 threads

Non-default parameters:
TimeLimit  7200
Threads  4

Optimize a model with 100645 rows, 59790 columns and 418290 nonzeros (Min)
Model fingerprint: 0x2157b744
Model has 5325 linear objective coefficients
Variable types: 13485 continuous, 46305 integer (46290 binary)
Coefficient statistics:
  Matrix range     [1e+00, 4e+04]
  Objective range  [2e+00, 6e+01]
  Bounds range     [1e+00, 2e+03]
  RHS range        [1e+00, 4e+04]

Presolve removed 31799 rows and 240 columns
Presolve time: 4.32s
Presolved: 68846 rows, 59550 columns, 297915 nonzeros
Variable types: 375 continuous, 59175 integer (51015 binary)
Deterministic concurrent LP optimizer: primal and dual simplex
Showing primal log only...


Root simplex log...

Iteration    Objective       Primal Inf.    Dual Inf.      Time
       0    2.0966000e+03   2.393819e+03   2.612789e+10      7s
   13857    3.5668319e+02   1.001908e+02   7.420689e+09     10s
   23809    3.6690996e+02   2.065468e+01   6.081281e+09     15s
   31075    3.5568287e+02   1.149512e+00   3.635947e+08     20s
   39087    2.7760000e+02   1.528419e+02   0.000000e+00     25s
   43589    2.7760001e+02   6.225118e-01   0.000000e+00     30s
   43900    2.7760000e+02   0.000000e+00   0.000000e+00     31s
Concurrent spin time: 5.59s (can be avoided by choosing Method=3)

Solved with primal simplex

Root relaxation: objective 2.776000e+02, 43900 iterations, 29.71 seconds (17.41 work units)

    Nodes    |    Current Node    |     Objective Bounds      |     Work
 Expl Unexpl |  Obj  Depth IntInf | Incumbent    BestBd   Gap | It/Node Time

     0     0  277.60000    0 4907          -  277.60000      -     -   48s
     0     0  277.60000    0 4934          -  277.60000      -     -   48s
     0     0  277.60000    0 8163          -  277.60000      -     -   63s
     0     0  277.60000    0 8169          -  277.60000      -     -   66s
     0     0  277.60000    0 8730          -  277.60000      -     -   76s
     0     0  277.60000    0 3298          -  277.60000      -     -   95s
     0     0  277.60000    0 4531          -  277.60000      -     -   99s
     0     0  277.60000    0 3546          -  277.60000      -     -  100s
     0     0  277.60000    0 12513          -  277.60000      -     -  105s
     0     0  277.60000    0 4739          -  277.60000      -     -  114s
     0     0  277.60000    0 5690          -  277.60000      -     -  116s
     0     0  277.60000    0 9866          -  277.60000      -     -  121s
     0     0  277.60000    0 9866          -  277.60000      -     -  121s
     0     0  277.60000    0 4269          -  277.60000      -     -  132s
     0     0  277.60000    0 4268          -  277.60000      -     -  145s
     0     0  277.60000    0 4267          -  277.60000      -     -  145s
     0     0  277.60000    0 13162          -  277.60000      -     -  153s
     0     0  277.60000    0 13162          -  277.60000      -     -  153s
     0     0  277.60000    0 5698          -  277.60000      -     -  159s
     0     0  277.60000    0 7732          -  277.60000      -     -  161s
     0     0  277.60000    0 7732          -  277.60000      -     -  161s
     0     0  277.60000    0 8764          -  277.60000      -     -  165s
     0     0  277.60000    0 8764          -  277.60000      -     -  166s
     0     0  277.60000    0 3198          -  277.60000      -     -  179s
     0     0  277.60000    0 3198          -  277.60000      -     -  180s
     0     0  277.60000    0 1787          -  277.60000      -     -  188s
     0     2  277.60000    0 1787          -  277.60000      -     -  199s
     1     4  277.60000    1 1786          -  277.60000      -   6.0  205s
     7    10  278.27509    3 2124          -  277.60000      -   989  211s
    31    34  278.59795    9 4567          -  277.60000      -   505  215s
    35    37  278.59795   10 3978          -  277.60000      -   484  227s
    38    41  278.59795   11 5487          -  277.60000      -   474  231s
    42    47  278.59795   12 4534          -  277.60000      -   475  239s
    48    54  278.59795   13 4356          -  277.60000      -   579  243s
    55    59  278.59795   14 4321          -  277.60000      -   524  247s
    60    63  278.59795   15 3461          -  277.60000      -   494  252s
    64    70  278.59795   16 3992          -  277.60000      -   555  256s
    79    83  278.59795   18 4114          -  277.60000      -   469  266s
    92    99  278.59795   20 3856          -  277.60000      -   422  274s
   100   107  278.59795   21 3461          -  277.60000      -   392  278s
   108   116  278.67503   22 4516          -  277.60000      -   366  282s
   117   125  278.77406   23 3842          -  277.60000      -   339  286s
   126   135  278.79462   24 3849          -  277.60000      -   316  290s
   136   145  278.82211   25 3848          -  277.60000      -   293  300s
   157   167  278.82211   27 4500          -  277.60000      -   263  307s
   168   179  278.82211   28 3848          -  277.60000      -   246  311s
   192   204  278.82211   30 4522          -  277.60000      -   221  327s
   205   214  278.82211   31 6109          -  277.60000      -   210  331s
   229   243  278.82211   33 4482          -  277.60000      -   202  338s
   244   259  278.82211   34 4482          -  277.60000      -   192  341s
   276   288  278.82211   36 5099          -  277.60000      -   170  349s
   289   306  278.82211   37 5045          -  277.60000      -   165  352s
   307   325  278.82211   38 4482          -  277.60000      -   156  357s
   326   345  278.89928   39 5136          -  277.60000      -   148  361s
   346   366  278.89928   40 4484          -  277.60000      -   141  370s
   367   388  278.95718   41 5142          -  277.60000      -   136  377s
   389   411  278.98279   42 4484          -  277.60000      -   131  383s
   412   435  278.98279   43 3864          -  277.60000      -   126  387s
   436   460  279.07397   44 5824          -  277.60000      -   120  400s
   461   487  279.00887   44 3876          -  277.60000      -   120  415s
   488   515  279.00887   45 4313          -  277.60000      -   115  423s
   516   540  279.00887   46 3686          -  277.60000      -   112  431s
   541   549  279.00887   47 3715          -  277.60000      -   111  448s
   550   567  279.00887   48 3717          -  277.60000      -   115  463s
   568   664  279.00887   49 4303          -  277.60000      -   114  469s
   665   792  279.00887   59 3537          -  277.60000      -   104  476s
   793   908  280.03618   93 2854          -  277.60000      -  94.5  485s
   909  1015  281.53311  119 2907          -  277.60000      -  87.2  493s
  1016  1105  293.68000  145 2591          -  277.60000      -  85.0  501s
  1111  1162  297.51468  173 3713          -  277.60000      -  85.9  507s
  1174  1256  306.26878  195 5071          -  277.60000      -  89.7  518s
  1268  1363  306.39776  214 3768          -  277.60000      -  88.0  528s
  1375  1495  306.52431  224 6491          -  277.60000      -  86.5  538s
  1507  1628  306.77583  262 5636          -  277.60000      -  82.7  546s
  1640  1691  307.01064  301 5012          -  277.60000      -  79.8  591s
  1703  1742  307.18679  328 4305          -  277.60000      -  79.3  657s
  1758  1895  307.35261  361 3529          -  277.60000      -  79.1  711s
  1911  2056  311.77406  424 3568          -  277.60000      -  74.7  755s
  2072  2299  322.48235  498 3717          -  277.60000      -  71.6  789s
  2319  2623  389.03531  547 3817          -  277.60000      -  70.6  803s
  2665  2925  445.62552  662 3262          -  277.60000      -  68.8  815s
  2980  3264  519.00000  763 3046          -  277.60000      -  66.4  829s
  3319  3619  519.00000  796 2233          -  277.60000      -  62.9  840s
  3676  3853  519.00000  804 1911          -  277.60000      -  61.3  852s
  3929  4045  520.07344  815 2453          -  277.60000      -  63.5  865s
  4146  4537  519.75721  881 3187          -  277.60000      -  65.0  883s
  4659  4538  289.90000  304 1787          -  277.60000      -  60.4 1436s
  4661  4539  289.30000  266 5684          -  277.79208      -  60.4 1499s
  4662  4540  520.48403  912 4195          -  280.65602      -  60.3 1518s
  4663  4541  362.29919  466 6416          -  281.04440      -  60.3 1527s
  4664  4541  289.30000  485 6841          -  281.04440      -  60.3 1556s
  4665  4542  318.96734 1060 7024          -  281.23231      -  60.3 1562s
  4666  4543  281.60000   22 5101          -  281.28299      -  60.3 1576s
  4667  4543  286.98618   44 6398          -  281.45248      -  60.3 1581s
  4668  4544  527.29568 1376 4123          -  281.62648      -  60.3 1596s
  4669  4545  283.30000   85 4560          -  281.70148      -  60.3 1602s
  4670  4545  285.00000  134 4912          -  281.71733      -  60.2 1617s
  4671  4546  289.30000  317 4830          -  281.71946      -  60.2 1624s
  4672  4547  296.24749  127 3898          -  281.72528      -  60.2 1670s
  4674  4548  281.72601   27 4277          -  281.72601      -  60.2 1682s
  4675  4549  287.90000  113 4459          -  281.72601      -  60.2 1686s
  4676  4549  284.50000  146 4496          -  281.72601      -  60.2 1694s
  4677  4550  281.72601   78 4498          -  281.72601      -  60.2 1697s
  4678  4551  389.23205  560 4635          -  281.72601      -  60.1 1708s
  4679  4551  317.70371  975 3835          -  281.72601      -  60.1 1721s
  4680  4552  306.99139  267 5412          -  281.72601      -  60.1 1727s
  4681  4553  305.19706  616 4715          -  281.72601      -  60.1 1740s
  4683  4554  323.99226 1157 4695          -  281.72601      -  60.1 1750s
  4685  4555  289.96736  382 4660          -  281.72601      -  60.0 1765s
  4690  4560  306.68517  244 6226          -  281.72601      -   106 1838s
  4691  4561  296.80277  258 5182          -  281.72601      -   106 1854s
  4692  4562  282.16503  150 5337          -  281.72603      -   106 1864s
  4693  4562  281.72603   38 5350          -  281.72603      -   106 1880s
  4694  4563  287.90000  241 5480          -  281.72646      -   106 1885s
  4695  4564  297.79471  447 4754          -  282.02709      -   106 1897s
  4696  4564  318.96627 1034 5106          -  282.02709      -   106 1903s
  4697  4565  303.23067  480 4464          -  282.03958      -   106 1917s
  4698  4566  297.34235  293 4640          -  282.03959      -   106 1922s
  4699  4566  519.00000  718 4571          -  282.04081      -   106 1932s
  4700  4567  443.81407  625 5436          -  282.04170      -   106 1939s
  4701  4568  289.30000  203 4614          -  282.04433      -   106 2000s
  4703  4569  297.28411  350 4069          -  282.93084      -   106 2016s
  4704  4570  282.93629   48 4724          -  282.93629      -   106 2020s
  4705  4570  447.26301  589 5105          -  282.93866      -   106 2029s
  4706  4571  287.90000  103 4898          -  282.93866      -   106 2033s
  4707  4572  282.94060    7 3375          -  282.94060      -   106 2046s
  4708  4572  289.30000  294 4148          -  282.94060      -   106 2050s
  4709  4573  447.07545  676 3195          -  282.94063      -   106 2058s
  4710  4574  443.70000  598 3520          -  282.94063      -   106 2061s
  4711  4574  283.03857  221 3401          -  282.94366      -   106 2071s
  4712  4575  294.20000  351 3519          -  282.94447      -   106 2075s
  4713  4576  282.94522  136 5183          -  282.94522      -   106 2091s
  4714  4576  520.78909  954 5526          -  282.94885      -   106 2095s
  4715  4577  282.95368  125 5430          -  282.95368      -   106 2111s
  4716  4578  520.76083  903 5430          -  282.95368      -   106 2115s
  4717  4578  282.95368  139 5178          -  282.95368      -   106 2128s
  4718  4579  307.42491  609 5519          -  282.95368      -   106 2132s
  4719  4580  287.40798  535 5465          -  282.95368      -   106 2145s
  4721  4581  287.57743  131 5297          -  282.97982      -   106 2160s
  4723  4582  318.96734 1067 4802          -  282.98461      -   106 2180s
  4725  4584  382.33906 1229 3845          -  282.98481      -   106 2192s
  4726  4584  443.81407  616 4641          -  282.98481      -   106 2195s
  4727  4585  307.27223  333 4679          -  282.98668      -   106 2206s
  4729  4586  304.64291  568 4187          -  282.98941      -   105 2217s
  4730  4587  282.99020  108 4711          -  282.99020      -   105 2221s
  4731  4588  282.99424  137 4208          -  282.99424      -   105 2230s
  4733  4589  324.01702 1194 5371          -  282.99424      -   105 2241s
  4735  4590  306.66424  527 5387          -  282.99559      -   105 2259s
  4736  4591  284.50000  374 5274          -  282.99559      -   105 2261s
  4737  4592  298.18303  405 5284          -  282.99559      -   105 2270s
  4742  4596  291.40000  285 8629          -  282.99559      -   178 2356s
  4743  4597  325.97729 1074 5044          -  282.99559      -   178 2387s
  4744  4598  519.75850  879 5818          -  282.99559      -   178 2394s
  4745  4598  287.40000  204 5520          -  282.99559      -   178 2405s
  4747  4600  282.99858   74 5111          -  282.99858      -   178 2420s
  4748  4600  282.99972   39 5219          -  282.99972      -   178 2425s
  4749  4601  283.00157   28 5146          -  283.00157      -   178 2440s
  4750  4602  448.49767  677 5165          -  283.00158      -   178 2445s
  4751  4602  367.86773  490 3850          -  283.00158      -   178 2458s
  4752  4603  297.00277  269 4817          -  283.00158      -   178 2463s
  4753  4604  318.99522 1013 5408          -  283.00175      -   178 2511s
  4754  4604  289.30000  265 6526          -  283.00175      -   178 2520s
  4755  4605  318.60371  978 6075          -  283.00175      -   178 2536s
  4756  4606  307.12491  602 6662          -  283.00175      -   178 2542s
  4757  4606  297.31227  367 5539          -  283.00175      -   178 2554s
  4758  4607  298.18303  414 5953          -  283.00175      -   178 2563s
  4759  4608  289.90000  304 5066          -  283.00202      -   178 2581s
  4760  4608  306.97619  294 5692          -  283.00202      -   178 2587s
  4761  4609  289.30000  266 4987          -  283.00202      -   178 2606s
  4762  4610  520.48403  912 4429          -  283.00202      -   178 2625s
  4763  4610  362.29919  466 4429          -  283.00202      -   178 2637s
  4764  4614  283.00889   42 5665          -  283.00889      -   223 2648s
  4766  4617  283.01200   43 5519          -  283.01045      -   223 2651s
  4774  4630  283.03008   45 5396          -  283.01356      -   224 2657s
  4785  4631  283.86485   46 5809          -  283.01356      -   226 2661s
  4800  4640  283.13373   48 6370          -  283.01356      -   227 2665s
  4825  4662  283.16987   50 6068          -  283.01356      -   229 2671s
  4844  4670  283.17208   52 5438          -  283.01356      -   230 2675s
  4862  4682  283.17477   54 5682          -  283.01356      -   231 2681s
  4872  4687  283.17648   55 5717          -  283.01356      -   232 2687s
  4880  4695  283.17901   56 6122          -  283.01356      -   233 2691s
  4891  4703  283.18312   57 6146          -  283.01356      -   234 2695s
  4920  4719  283.19723   60 5965          -  283.01356      -   236 2701s
  4939  4735  283.21593   62 5883          -  283.01356      -   236 2706s
  4959  4754  283.67412   65 5348          -  283.01356      -   237 2712s
  4976  4760  283.87861   66 5238          -  283.01356      -   237 2715s
  4993  4765  291.82434   68 5371          -  283.01356      -   239 2722s
  4998  4773  284.08479   69 4831          -  283.01356      -   240 2726s
  5008  4789  284.09550   70 5237          -  283.01356      -   240 2730s
  5042  4808 infeasible   73               -  283.01356      -   241 2740s
  5060  4806  297.01856   75 7237          -  283.01356      -   242 2747s
  5064  4809  297.31482   75 7549          -  283.01356      -   243 2754s
  5068  4812  297.01856   76 7239          -  283.01356      -   243 2759s
  5072  4814  297.13469   76 7558          -  283.01356      -   243 2765s
  5076  4817  297.01856   77 7075          -  283.01356      -   243 2771s
  5080  4820  297.10794   77 7282          -  283.01356      -   244 2776s
  5084  4822  298.98644   78 7438          -  283.01356      -   244 2788s
  5088  4825  297.43079   78 7135          -  283.01356      -   244 2794s
  5092  4828  297.80971   79 4389          -  283.01356      -   245 2800s
  5096  4830  300.50900   79 7271          -  283.01356      -   245 2805s
  5100  4833  297.80971   80 3629          -  283.01356      -   245 2810s
  5104  4836  298.36119   80 5452          -  283.01356      -   245 2817s
  5108  4838  297.80971   81 4258          -  283.01356      -   246 2839s
  5112  4840  299.09628   81 4687          -  283.01356      -   246 2854s
  5117  4842  298.04986   82 4252          -  283.01356      -   246 2859s
  5121  4843 infeasible   82               -  283.01356      -   246 2864s
  5127  4845  298.21179   84 4157          -  283.01356      -   246 2874s
  5131  4848  312.11489   84 5348          -  283.01356      -   246 2915s
  5135  4849  298.51522   85 4155          -  283.01356      -   246 2926s
  5139  4850 infeasible   85               -  283.01356      -   247 2933s
  5143  4852  323.48003   86 4665          -  283.01356      -   248 2958s
  5147  4853 infeasible   87               -  283.01866      -   249 2968s
  5152  4856  283.02775   46 4752          -  283.01866      -   249 2982s
  5156  4858  284.73719   46 4596          -  283.01866      -   249 2989s
  5160  4861  283.12811   47 5264          -  283.01866      -   249 3001s
  5164  4864  283.86221   47 4078          -  283.01866      -   250 3008s
  5168  4866  283.16681   48 5212          -  283.01866      -   250 3024s
  5172  4869  283.28126   48 6664          -  283.01866      -   250 3030s
  5176  4872  283.29003   49 6663          -  283.01866      -   250 3041s
  5180  4874  283.92090   49 5108          -  283.01866      -   251 3048s
  5184  4877  283.77070   50 7114          -  283.01866      -   251 3058s
  5188  4880  283.50621   50 6046          -  283.01866      -   252 3074s
  5192  4882  283.50621   51 6283          -  283.01866      -   252 3082s
  5196  4885  285.21481   51 5269          -  283.01866      -   252 3112s
  5200  4888  283.92494   52 6273          -  283.01866      -   252 3143s
  5204  4890  284.42147   52 6810          -  283.01866      -   252 3152s
  5208  4892  283.92494   53 5239          -  283.01866      -   253 3186s
  5213  4894  283.99377   53 6079          -  283.01866      -   253 3201s
  5221  4909  283.92494   54 5239          -  283.01866      -   254 3224s
  5238  4922  286.87594   56 4462          -  283.01866      -   257 3239s
  5257  4957  284.38114   60 4047          -  283.01866      -   258 3249s
  5299  4976  299.69507   66 5027          -  283.01866      -   260 3260s
  5336  5018 infeasible   69               -  283.01866      -   260 3283s
  5403  5008 infeasible   80               -  283.15172      -   261 3292s
  5425  5043  284.60816   45 5798          -  283.15172      -   262 3303s
  5471  5060  291.15195   55 1796          -  283.15172      -   263 3313s
  5516  5088  303.11757   68 1400          -  283.15172      -   264 3385s
  5567  5094  304.52721   87 1400          -  283.15172      -   263 3406s
  5590  5110  304.63977   91 1401          -  283.15172      -   264 3418s
  5615  5179  314.06574   95 1430          -  283.15172      -   264 3459s
  5705  5293  307.16830  114 1735          -  283.15172      -   265 3483s
  5867  5309  308.34330  135 1373          -  283.15172      -   264 3526s
  5975  5282 infeasible  156               -  283.15172      -   262 3541s
  5994  5293  283.46694   50 1988          -  283.15172      -   263 3562s
  6013  5302  283.46694   51 1939          -  283.15172      -   262 3588s
  6028  5313  283.46694   52 1937          -  283.15172      -   262 3612s
  6046  5329  283.49086   53 1829          -  283.15172      -   262 3627s
  6076  5328  283.90791   54 1746          -  283.15172      -   261 3650s
  6090  5330  284.00643   55 1789          -  283.15172      -   261 3670s
  6097  5343  284.34111   58 1746          -  283.15172      -   261 3689s
  6113  5407  300.50458   64 1684          -  283.15172      -   261 3714s
  6184  5437  333.70078  114 1690          -  283.16700      -   259 3768s
  6260  5454  335.55800   69  515          -  283.16725      -   257 3791s
  6311  5531  283.69706   66 1487          -  283.16725      -   256 3817s
  6406  5608  307.45371  120 1538          -  283.16725      -   254 3872s
  6548  5651  284.50671   64 1339          -  283.16725      -   252 3898s
  6662  5896  310.67494  136 1298          -  283.16725      -   249 3917s
  7042  6110  316.32949   83 1740          -  283.16725      -   243 3936s
  7472  6012  303.72937  121  771          -  283.16725      -   237 3974s
  7534  6149  310.45066  126  809          -  283.16725      -   237 3997s
  7815  6211 infeasible   62               -  283.16725      -   236 4016s
  7996  6586  285.32802   56 3879          -  283.16725      -   235 4038s
  8566  6639  301.60923   75 1039          -  283.17090      -   227 4059s
  8861  6838  344.01265  101 3484          -  283.17090      -   224 4083s
  9250  6851  372.42328   97 1532          -  283.17090      -   220 4105s
  9448  7019  314.45065   82 1565          -  283.17090      -   220 4130s
  9762  7176  313.01114   95 1118          -  283.17532      -   216 4154s
 10136  7230  302.63865   74 1199          -  283.17858      -   214 4177s
 10371  7999 infeasible  113               -  283.18774      -   213 4280s
 11493  7636  295.87793   85 1154          -  283.19280      -   205 4291s
 11528  7799 infeasible   88               -  283.19280      -   205 4304s
 11775  7775  355.94770  111 2344          -  283.19400      -   204 4315s
 11841  7984  323.45051  111 2329          -  283.19408      -   203 4330s
 12221  7990  304.08303   67 1042          -  283.19625      -   201 4343s
 12388  8033  321.76037   79 1025          -  283.19625      -   201 4357s
 12524  8268  327.63598   89 1012          -  283.19625      -   201 4375s
 12930  8192  299.33314   73 1043          -  283.20430      -   199 4392s
 13019  8443  286.76317   63 1006          -  283.20875      -   199 4408s
 13424  8550  306.61750   87 1982          -  283.21178      -   197 4424s
 13797  8627  284.11412   64 5394          -  283.21549      -   195 4446s
 14063  8646  299.41647  140 1248          -  283.21549      -   194 4466s
 14252  9014  283.27145   69 1924          -  283.21549      -   193 4490s
 14786  9251  294.92764   91 1438          -  283.21694      -   190 4526s
 15359  9123 infeasible  115               -  283.21694      -   187 4545s
 15466  9443  283.36214   73 4186          -  283.21694      -   187 4570s
 15910  9779  294.26370  117 1497          -  283.22396      -   185 4595s
 16548  9615 infeasible  153               -  283.24279      -   182 4611s
 16611  9908  283.26320   72 2856          -  283.24322      -   182 4636s
 17059 10132  287.38922   77 1483          -  283.24492      -   180 4655s
 17541 10138  286.40928   92  924          -  283.24492      -   179 4681s
 17772 10434  286.51618   93  919          -  283.24758      -   178 4704s
 18240 10445  287.57254  102  927          -  283.25156      -   176 4733s
 18506 10785  283.61089   79 1134          -  283.25156      -   175 4757s
 19118 10840 infeasible  125               -  283.25521      -   173 4785s
 19225 11039  306.76031  126 2125          -  283.25521      -   172 4803s
 19458 11366  300.55009  127 2117          -  283.25521      -   172 4826s
 19901 11381  300.75029  128 2118          -  283.25926      -   170 4849s
 19930 11798  301.17264  129 2124          -  283.25926      -   170 4878s
 20454 11919  310.29597  129 2127          -  283.25926      -   168 4900s
 20602 12577  301.24017  130 2122          -  283.25926      -   168 5522s
 21470 12647  301.32949  131 2113          -  283.25997      -   166 5549s
 21546 13105  301.33531  132 2113          -  283.25997      -   165 5589s
 22190 13551  301.86739  133 2124          -  283.25997      -   163 5644s
 22805 13796  302.00769  134 2106          -  283.26362      -   162 5669s
 23108 14497  302.10380  135 2106          -  283.26362      -   161 5696s
 24026 14821 infeasible  112               -  283.27100      -   158 5719s
 24420 15335  284.57699   88 1472          -  283.27100      -   156 5743s
 25082 15702  285.97263   87 1295          -  283.27100      -   155 5762s
 25606 15723  301.08753   69 1698          -  283.28819      -   154 5796s
 25627 16248  290.71920   69 1572          -  283.28819      -   154 5820s
 26309 16517 infeasible  139               -  283.29556      -   152 5836s
 26613 16904  315.68413  126  900          -  283.29556      -   152 5857s
 27164 17310  284.53866   77 1196          -  283.29921      -   151 5876s
 27729 17678  369.23478  133 1569          -  283.30012      -   150 5894s
 28196 17684  314.65040  146  900          -  283.33564      -   149 5923s
 28213 17711  331.78713  147  903          -  283.33705      -   149 5941s
 28249 18086  286.04684   74 1449          -  283.33705      -   149 5960s
 28730 18406  306.78812   72 1435          -  283.35020      -   149 5979s
 29215 18462  299.72053   64 1043          -  283.35020      -   149 5996s
 29304 18827  284.13490   74 1527          -  283.35859      -   149 6015s
 29806 19245  310.66800  104 2442          -  283.36214      -   148 6036s
 30342 19683  284.46511   84  863          -  283.36769      -   147 6057s
 30887 20008 infeasible  192               -  283.37109      -   146 6159s
 31340 20911  288.73880   84  999          -  283.37887      -   145 6210s
 32526 21029  283.84424   74 2544          -  283.39468      -   144 6226s
 32659 21430 infeasible  110               -  283.39468      -   144 6250s
 33258 21763  299.50059   80 1118          -  283.43193      -   143 6277s
 33676 22212  383.49134  101 2201          -  283.43193      -   143 6301s
 34213 22400  289.53455   91 1186          -  283.43873      -   142 6320s
 34445 22610  303.80425   93 1182          -  283.43873      -   142 6344s
 34701 22800  286.53174   85 1832          -  283.45852      -   141 6376s
 34939 22872  283.90826   71 3852          -  283.45852      -   142 6408s
 35029 23053  284.40990   80 1009          -  283.45974      -   142 6456s
 35278 23134 infeasible  150               -  283.46694      -   142 6480s
 35373 23264  319.08679  130 1080          -  283.46694      -   141 6506s
 35547 23353  294.00841   72 1198          -  283.46694      -   142 6563s
 35649 23368  293.21301   71  913          -  283.46694      -   141 6610s
 35666 23536  291.06848   77  978          -  283.46694      -   142 6653s
 35899 23556  313.51712   87 6241          -  283.46694      -   142 6683s
 35925 23611 infeasible   90               -  283.46694      -   142 6717s
 36014 23851  289.28049   87 1273          -  283.48000      -   142 6754s
 36349 23862  294.02197   54 5982          -  283.48000      -   141 6784s
 36370 24037  294.46876   57  711          -  283.48000      -   142 6825s
 36581 24123  284.95372   55  840          -  283.48000      -   141 6861s
 36686 24241  301.01094   96  659          -  283.48349      -   141 6891s
 36868 24375  283.54685   54 4661          -  283.48349      -   141 6923s
 37037 24759  297.89683   84  826          -  283.49030      -   141 6959s
 37535 24759  410.21371  198 1288          -  283.49030      -   140 6960s
 37536 24795  298.10192  116 1033          -  283.49030      -   140 7020s
 37606 25123  305.02997  126  639          -  283.49030      -   140 7050s
 38044 25366  290.43634   94  834          -  283.49030      -   140 7098s
 38363 25738  308.05005   93 1522          -  283.49455      -   140 7132s
 38844 26048  288.79409   73  860          -  283.49921      -   140 7164s
 39233 26561  399.13351  123 1313          -  283.50633      -   139 7200s

Cutting planes:
  Gomory: 14
  Cover: 26
  Implied bound: 16
  Projected implied bound: 31
  Clique: 2
  MIR: 39
  StrongCG: 8
  Flow cover: 475
  GUB cover: 2
  Inf proof: 1
  Zero half: 5
  RLT: 30
  Relax-and-lift: 24

Explored 39904 nodes (5665153 simplex iterations) in 7200.05 seconds (6620.18 work units)
Thread count was 4 (of 8 available processors)

Solution count 0

Time limit reached
Best objective -, best bound 2.836000000000e+02, gap -
