
Gurobi 13.0.2 (linux64) logging started Sun Jul  5 02:56:48 2026

Set parameter LogFile to value "src/Resultados/Restriccion todas cliques/logs/R204-25.xml_log.log"
Set parameter Threads to value 4
Gurobi Optimizer version 13.0.2 build v13.0.2rc1 (linux64 - "Rocky Linux 9.7 (Blue Onyx)")

CPU model: QEMU Virtual CPU version 2.5+, instruction set [SSE2]
Thread count: 8 physical cores, 8 logical processors, using up to 4 threads

Non-default parameters:
TimeLimit  7200
Threads  4

Optimize a model with 130436 rows, 79515 columns and 624180 nonzeros (Min)
Model fingerprint: 0xea269085
Model has 11940 linear objective coefficients
Variable types: 16755 continuous, 62760 integer (62745 binary)
Coefficient statistics:
  Matrix range     [1e+00, 2e+05]
  Objective range  [7e+00, 6e+01]
  Bounds range     [1e+00, 2e+03]
  RHS range        [1e+00, 2e+05]

Presolve removed 41197 rows and 120 columns (presolve time = 5s)...
Presolve removed 41197 rows and 120 columns
Presolve time: 5.87s
Presolved: 89239 rows, 79395 columns, 406980 nonzeros
Variable types: 375 continuous, 79020 integer (70590 binary)
Deterministic concurrent LP optimizer: primal and dual simplex
Showing primal log only...


Root simplex log...

Iteration    Objective       Primal Inf.    Dual Inf.      Time
       0    6.6110000e+02   1.695313e+03   1.515494e+10     14s
   13516    5.8295584e+02   2.777174e+02   8.454284e+09     15s
   21451    4.9873590e+02   1.682134e+02   6.070136e+09     20s
   27834    5.2689898e+02   1.087483e+02   3.379745e+09     25s
   34995    5.6990741e+02   3.278314e+01   6.524295e+09     30s
   42119    4.6738134e+02   0.000000e+00   5.114805e+04     35s
   49060    3.4360002e+02   9.126767e-01   0.000000e+00     40s
   50289    3.4360000e+02   0.000000e+00   0.000000e+00     42s
Concurrent spin time: 19.61s (can be avoided by choosing Method=3)

Solved with primal simplex

Root relaxation: objective 3.436000e+02, 50289 iterations, 50.00 seconds (26.56 work units)

    Nodes    |    Current Node    |     Objective Bounds      |     Work
 Expl Unexpl |  Obj  Depth IntInf | Incumbent    BestBd   Gap | It/Node Time

     0     0  343.60000    0 2314          -  343.60000      -     -   82s
     0     0  343.60000    0 2448          -  343.60000      -     -   83s
     0     0  343.60000    0 3662          -  343.60000      -     -  127s
     0     0  343.60000    0 3337          -  343.60000      -     -  130s
     0     0  343.60000    0 3321          -  343.60000      -     -  131s
     0     0  343.60000    0 5178          -  343.60000      -     -  160s
     0     0  343.60000    0 4547          -  343.60000      -     -  190s
     0     0  343.60000    0 4545          -  343.60000      -     -  192s
     0     0  343.60000    0 13091          -  343.60000      -     -  226s
     0     0  343.60000    0 13091          -  343.60000      -     -  226s
     0     0  343.60000    0 4373          -  343.60000      -     -  255s
     0     0  343.60000    0 4440          -  343.60000      -     -  259s
     0     0  343.60000    0 4437          -  343.60000      -     -  259s
     0     0  343.60000    0 12459          -  343.60000      -     -  275s
     0     0  343.60000    0 12459          -  343.60000      -     -  275s
     0     0  343.60000    0 4663          -  343.60000      -     -  298s
     0     0  343.60000    0 7206          -  343.60000      -     -  303s
     0     0  343.60000    0 7206          -  343.60000      -     -  303s
     0     0  343.60000    0 12309          -  343.60000      -     -  321s
     0     0  343.60000    0 12309          -  343.60000      -     -  321s
     0     0  343.60000    0 7733          -  343.60000      -     -  347s
     0     0  343.60000    0 12483          -  343.60000      -     -  355s
     0     0  343.60000    0 13847          -  343.60000      -     -  368s
     0     0  343.60000    0 13847          -  343.60000      -     -  368s
     0     0  343.60000    0 6798          -  343.60000      -     -  410s
     0     0  343.60000    0 6798          -  343.60000      -     -  412s
     0     0  343.60000    0 6697          -  343.60000      -     -  432s
     0     2  343.60000    0 4434          -  343.60000      -     -  476s
     1     4  343.60000    1 5799          -  343.60000      -  1303  483s
     3     6  343.60000    2 4440          -  343.60000      -  1185  493s
     7     8  343.60000    3 5855          -  343.60000      -   869  497s
    11    12  343.60000    4 6121          -  343.60000      -   775  509s
    17    21  343.60000    5 5543          -  343.60000      -  1338  529s
    30    42  343.60000    6 5362          -  343.60000      -  1159  559s
    59    80  343.60000    7 9119          -  343.60000      -   733  609s
    99   297  343.60000   10 5940          -  343.60000      -   716  679s
   318   817  343.68748   96 11407          -  343.60000      -   506  753s
   840  1543  343.73541  248 11867          -  343.60000      -   252  787s
  1566  1966  343.78638  434 12031          -  343.60000      -   150  807s
  1989  2365  343.80235  544 12872          -  343.60000      -   126  825s
  2388  2640  343.83767  636 11759          -  343.60000      -   109  841s
  2663  2915  343.86017  701 11778          -  343.60000      -   103  856s
  2938  3222  343.87355  759 11793          -  343.60000      -  97.6  869s
  3245  3532  343.88831  803 12640          -  343.60000      -  91.3  882s
  3555  3852  343.89936  849 13527          -  343.60000      -  86.0  897s
  3875  4165  343.90809  904 12604          -  343.60000      -  80.8  910s
  4188  4277  343.91747  965 11585          -  343.60000      -  76.4  987s
  4300  4363  343.91874 1006 11737          -  343.60000      -  75.3 1033s
  4386  4657  343.91874 1007 10694          -  343.60000      -  74.2 1048s
  4680  4941  343.93167 1070 10805          -  343.60000      -  71.4 1062s
  4966  4989  344.05782 1071 6783          -  343.60000      -  69.4 1077s
  5020  5192  344.05782 1091 6850          -  343.60000      -  71.3 1089s
  5226  5193  343.97322  803 6697          -  343.60000      -  71.0 1408s
  5228  5194  358.90000  781 5092          -  343.72211      -  70.9 1551s
  5229  5195  343.72211   44 5983          -  343.72211      -  70.9 1589s
  5230  5196  376.80000 1232 6190          -  344.52048      -  70.9 1634s
  5231  5196  365.90000  442 6144          -  344.52048      -  70.9 1666s
  5232  5197  364.20000  270 5671          -  348.22703      -  70.9 1686s
  5233  5198  348.27694  403 5568          -  348.27694      -  70.9 1747s
  5234  5198  349.42030   92 5267          -  349.42030      -  70.8 1770s
  5235  5199  364.40000  984 5276          -  350.27205      -  70.8 1833s
  5236  5200  366.39224 1494 5782          -  350.46882      -  70.8 1854s
  5237  5200  358.90000  830 5328          -  351.80312      -  70.8 1898s
  5238  5201  354.25802  216 5752          -  354.25802      -  70.8 1911s
  5239  5202  369.00000  469 5811          -  354.25802      -  70.8 1930s
  5240  5202  354.69371   12 6200          -  354.69371      -  70.8 1965s
  5241  5203  356.10000  352 5455          -  354.69371      -  70.8 2002s
H 5241  4942                     650.8000000  355.01451  45.4%  70.8 2032s
H 5242  4696                     613.1000000  355.16984  42.1%  70.7 2068s
H 5242  4461                     576.8000000  355.16984  38.4%  70.7 2071s
H 5242  4237                     574.9000000  355.16984  38.2%  70.7 2072s
H 5242  4025                     571.5000000  355.16984  37.9%  70.7 2074s
H 5242  3824                     558.9000000  355.16984  36.5%  70.7 2077s
  5244  3825  363.00000  730 4066  558.90000  355.24533  36.4%  70.7 2090s
  5245  3826  355.27816 1009 3821  558.90000  355.27816  36.4%  70.7 2125s
  5246  3826  357.90000  368 7265  558.90000  355.81854  36.3%  70.7 2152s
H 5246  3634                     552.2000000  355.82430  35.6%  70.7 2213s
  5248  3636  365.90000  965 2380  552.20000  355.92478  35.5%  70.7 2232s
H 5248  3454                     513.6000000  356.33497  30.6%  70.7 2256s
  5250  3455  356.33497 1077 4998  513.60000  356.33497  30.6%  70.6 2281s
H 5250  3282                     505.5000000  356.33497  29.5%  70.6 2338s
  5251  3283  356.60000  230  723  505.50000  356.33497  29.5%  70.6 2346s
  5252  3283  360.80000  772 4530  505.50000  356.33497  29.5%  70.6 2371s
  5253  3284  366.73221 1511 1083  505.50000  356.34468  29.5%  70.6 2427s
  5254  3285  385.38656 1624 3623  505.50000  356.37427  29.5%  70.6 2449s
H 5254  3120                     481.0000000  356.38600  25.9%  70.6 2512s
H 5254  2963                     479.6000000  356.38600  25.7%  70.6 2515s
H 5254  2815                     473.3000000  356.38600  24.7%  70.6 2517s
  5255  2815  356.38600  164 2073  473.30000  356.38600  24.7%  70.6 2521s
  5256  2816  356.40087   80 4297  473.30000  356.40087  24.7%  70.5 2534s
  5257  2817  363.30000 1024 2916  473.30000  356.44863  24.7%  70.5 2561s
  5258  2817  356.51268 1458 4500  473.30000  356.51268  24.7%  70.5 2582s
H 5258  2675                     457.2000000  356.56337  22.0%  70.5 2619s
H 5258  2541                     450.5000000  356.56337  20.9%  70.5 2620s
  5260  2543  356.56369  254 4831  450.50000  356.56369  20.9%  70.5 2637s
  5261  2543  356.74291  324 3863  450.50000  356.74291  20.8%  70.5 2672s
  5262  2544  356.74291  289 3953  450.50000  356.74291  20.8%  70.5 2680s
H 5262  2416                     448.6000000  356.84254  20.5%  70.5 2702s
H 5262  2295                     446.2000000  356.84254  20.0%  70.5 2707s
H 5262  2179                     445.8000000  356.84254  20.0%  70.5 2707s
H 5262  2070                     443.3000000  356.84254  19.5%  70.5 2708s
  5264  2071  366.00000  570 3583  443.30000  356.86396  19.5%  70.4 2717s
  5265  2072  374.10000 1369  498  443.30000  357.00000  19.5%  70.4 2753s
  5266  2073  387.23972 1675 1040  443.30000  357.00000  19.5%  70.4 2760s
  5267  2073  357.80000  537  972  443.30000  357.00000  19.5%  70.4 2819s
  5268  2074  357.00000    7 1488  443.30000  357.00000  19.5%  70.4 2828s
  5269  2075  357.00000   73  605  443.30000  357.00000  19.5%  70.4 2844s
  5270  2075  357.00000   98  964  443.30000  357.00000  19.5%  70.4 2853s
  5271  2076  357.00000  206  590  443.30000  357.00000  19.5%  70.3 2865s
  5274  2079  367.50000  914 6697  443.30000  357.00000  19.5%   187 2896s
  5276  2080  357.00000  163 5077  443.30000  357.00000  19.5%   187 3083s
  5277  2081  361.50000  692 5631  443.30000  357.00000  19.5%   187 3142s
H 5277  1976                     442.7000000  357.00000  19.4%   187 3169s
  5278  1977  357.00000  337 4917  442.70000  357.00000  19.4%   187 3184s
  5279  1977  357.00000 1383 5303  442.70000  357.00000  19.4%   187 3231s
  5280  1978  357.00000  350 5157  442.70000  357.00000  19.4%   187 3250s
  5281  1979  357.00000  623 4935  442.70000  357.00000  19.4%   187 3284s
  5282  1979  365.90000 1012 4700  442.70000  357.00000  19.4%   187 3310s
  5283  1980  357.00000  139 3869  442.70000  357.00000  19.4%   187 3394s
  5284  1981  363.00000  763 4366  442.70000  357.00000  19.4%   187 3408s
  5285  1981  386.91402 1665 3866  442.70000  357.00000  19.4%   187 3451s
  5286  1982  357.00000   24 3891  442.70000  357.00000  19.4%   187 3463s
  5287  1983  364.01617 1366 3484  442.70000  357.00000  19.4%   187 3502s
  5288  1983  357.69288   65 2314  442.70000  357.69288  19.2%   187 3520s
  5289  1984  371.90000  640 2542  442.70000  357.69288  19.2%   187 3545s
  5290  1985  357.69288  791 2497  442.70000  357.69288  19.2%   187 3569s
  5291  1985  357.69288  391 1987  442.70000  357.69288  19.2%   187 3652s
  5292  1986  378.90000  853 1971  442.70000  357.69288  19.2%   187 3675s
  5293  1987  357.69288  122 2371  442.70000  357.69288  19.2%   187 3757s
  5294  1987  369.20000  653 2577  442.70000  357.69288  19.2%   187 3795s
  5295  1988  361.80000  711 2439  442.70000  357.69288  19.2%   187 3827s
  5296  1989  357.69288  328 2439  442.70000  357.69288  19.2%   187 3851s
  5297  1989  357.69288  843 2439  442.70000  357.69288  19.2%   187 3871s
  5298  1993  357.69288   25 1838  442.70000  357.69288  19.2%   258 3908s
  5300  1996  357.69288   26 2394  442.70000  357.69288  19.2%   260 3924s
  5304  1999  357.69288   27 2402  442.70000  357.69288  19.2%   261 3934s
  5308  2006  357.69288   28 2175  442.70000  357.69288  19.2%   263 3951s
  5316  2011  357.69288   30 2275  442.70000  357.69288  19.2%   267 3964s
  5324  2014  357.69288   30 3002  442.70000  357.69288  19.2%   269 3978s
  5330  2019  357.69288   31 2443  442.70000  357.69288  19.2%   271 3997s
  5337  2026  357.69288   32 2702  442.70000  357.69288  19.2%   273 4009s
  5346  2031  357.69288   33 3261  442.70000  357.69288  19.2%   275 4022s
  5354  2033  357.69288   34 2700  442.70000  357.69288  19.2%   277 4039s
  5359  2039  358.22726   34 4319  442.70000  357.69288  19.2%   278 4046s
  5366  2043  357.69288   35 2490  442.70000  357.69288  19.2%   280 4096s
  5373  2047  358.12350   35 4280  442.70000  357.69288  19.2%   281 4110s
  5379  2054  357.69288   36 2416  442.70000  357.69288  19.2%   283 4120s
  5388  2059  357.69288   36 4651  442.70000  357.69288  19.2%   284 4129s
  5396  2061  357.69288   37 3652  442.70000  357.69288  19.2%   285 4139s
  5401  2068  361.25422   37 5685  442.70000  357.69288  19.2%   287 4154s
  5409  2069  357.69288   38 3590  442.70000  357.69288  19.2%   289 4165s
  5413  2073  361.86453   38 4874  442.70000  357.69288  19.2%   291 4182s
  5418  2078  357.69288   39 3826  442.70000  357.69288  19.2%   295 4203s
  5425  2082  361.39518   40 6424  442.70000  357.69288  19.2%   298 4224s
  5431  2088  357.69288   40 4196  442.70000  357.69288  19.2%   300 4252s
  5439  2104  357.69288   42 4844  442.70000  357.69288  19.2%   301 4269s
  5458  2115  358.43188   44 5739  442.70000  357.69288  19.2%   305 4281s
  5475  2113  357.80000   47 4862  442.70000  357.69288  19.2%   307 4296s
  5479  2116  358.55777   47 8123  442.70000  357.69288  19.2%   307 4327s
  5483  2118  357.80000   48 3799  442.70000  357.69288  19.2%   308 4342s
  5487  2121  358.30704   48 5387  442.70000  357.69288  19.2%   308 4364s
  5491  2124  357.80000   49 3793  442.70000  357.69288  19.2%   309 4385s
  5495  2126  358.55463   49 8096  442.70000  357.69288  19.2%   309 4416s
  5499  2131  357.80000   50 4412  442.70000  357.69288  19.2%   310 4435s
  5505  2141  357.80000   50 3603  442.70000  357.69288  19.2%   310 4453s
  5517  2144  357.80000   51 3619  442.70000  357.69288  19.2%   312 4551s
  5524  2153  358.10000   51 4890  442.70000  357.69288  19.2%   312 4569s
  5535  2164  357.80000   52 3548  442.70000  357.69288  19.2%   315 4590s
  5550  2168  357.80000   56 4544  442.70000  357.69288  19.2%   316 4606s
  5559  2197  358.55182   58 8511  442.70000  357.69288  19.2%   318 4625s
  5591  2199  359.33221   65 4381  442.70000  357.69288  19.2%   319 4656s
  5604  2215  360.42230   67 5454  442.70000  357.69288  19.2%   323 4682s
  5624  2221  361.86972   71 6805  442.70000  357.69288  19.2%   327 4728s
  5637  2251  369.01844   73 5296  442.70000  357.69288  19.2%   329 4752s
  5675  2283  363.22534   82 5540  442.70000  357.69288  19.2%   334 4779s
  5720  2301  369.69426   88 6909  442.70000  357.69288  19.2%   337 4816s
  5753  2327  371.86603   91 6393  442.70000  357.69288  19.2%   340 4848s
  5800  2337  384.00182   99 8547  442.70000  357.69288  19.2%   346 4879s
  5825  2371  373.39768  103 6135  442.70000  357.69288  19.2%   348 4909s
  5868  2382  373.44694  110 7879  442.70000  357.69288  19.2%   354 4942s
  5893  2412  374.06582  114 6655  442.70000  357.69288  19.2%   359 4973s
  5941  2419 infeasible  121       442.70000  357.69288  19.2%   364 5011s
  5966  2449  387.68799  124 6880  442.70000  357.69288  19.2%   368 5047s
  6009  2463  375.79168  132 4699  442.70000  357.69288  19.2%   375 5139s
  6041  2479  395.76089  136 8641  442.70000  357.69288  19.2%   382 5189s
  6070  2505  397.06442  138 7255  442.70000  357.69288  19.2%   385 5223s
  6105  2546  395.86748  143 7466  442.70000  357.69288  19.2%   390 5262s
  6160  2550  396.30759  153 9044  442.70000  357.69288  19.2%   397 5313s
  6184  2603  396.28568  157 8985  442.70000  357.69288  19.2%   400 5349s
  6245  2610  396.45817  160 9014  442.70000  357.69288  19.2%   407 5427s
  6275  2634  408.63459  165 5860  442.70000  357.69288  19.2%   414 5472s
  6315  2625  414.58784  170 3779  442.70000  357.69288  19.2%   420 5517s
  6319  2628  408.93247  171 5771  442.70000  357.69288  19.2%   420 5596s
  6323  2630  414.58386  171 4065  442.70000  357.69288  19.2%   421 5641s
  6327  2633  408.93285  172 5770  442.70000  357.69288  19.2%   421 5749s
  6331  2636  414.57989  172 3771  442.70000  357.69288  19.2%   423 5796s
  6335  2638  408.93324  173 5769  442.70000  357.69288  19.2%   424 5866s
  6339  2641  414.57593  173 4092  442.70000  357.69288  19.2%   425 5913s
  6343  2644  408.93363  174 5768  442.70000  357.69288  19.2%   426 5964s
  6347  2646  414.57199  174 4395  442.70000  357.69288  19.2%   428 6020s
  6351  2649  408.93402  175 5767  442.70000  357.69288  19.2%   428 6086s
  6355  2652  414.56805  175 3866  442.70000  357.69288  19.2%   429 6140s
  6359  2654  408.93442  176 5766  442.70000  357.69288  19.2%   429 6186s
H 6362  2554                     438.1000000  357.69288  18.4%   429 6186s
  6363  2587  414.56413  176 3725  438.10000  357.69288  18.4%   430 6243s
  6396  2610  408.93482  177 5765  438.10000  357.69288  18.4%   432 6286s
  6433  2622  414.56023  177 3852  438.10000  357.69288  18.4%   436 6337s
  6457  2618  408.93521  178 5764  438.10000  357.69288  18.4%   438 6401s
  6461  2620  414.55633  178 4030  438.10000  357.69288  18.4%   439 6457s
  6465  2632  408.93562  179 5763  438.10000  357.69288  18.4%   439 6517s
H 6466  2505                     413.4000000  357.69288  13.5%   439 6517s
  6478  2552     cutoff  179       413.40000  357.69288  13.5%   441 6580s
  6579  2555  362.28799   38 4981  413.40000  357.69288  13.5%   444 6634s
  6632  2560  362.29532   45 4569  413.40000  357.69288  13.5%   449 6724s
  6724  2571  362.29532   50 3101  413.40000  357.69288  13.5%   451 6784s
  6768  2591  362.30438   57 2684  413.40000  357.69288  13.5%   456 6843s
  6818  2626  362.34607   64 1349  413.40000  357.69288  13.5%   463 6908s
  6980  2624  363.67615   74 5015  413.40000  357.69288  13.5%   463 6966s
  7104  2629  363.80000   84  779  413.40000  357.69288  13.5%   465 7035s
  7246  2650  375.58659   94 1469  413.40000  357.69288  13.5%   465 7093s
  7376  2644  373.76078  103 5746  413.40000  357.69288  13.5%   470 7164s
  7468  2643  388.79000  113 1889  413.40000  357.69288  13.5%   474 7200s

Cutting planes:
  Gomory: 11
  Cover: 83
  Implied bound: 23
  Projected implied bound: 328
  Clique: 21
  MIR: 54
  StrongCG: 2
  Flow cover: 382
  GUB cover: 24
  Zero half: 37
  RLT: 94
  Relax-and-lift: 244

Explored 7511 nodes (3840081 simplex iterations) in 7201.07 seconds (7417.68 work units)
Thread count was 4 (of 8 available processors)

Solution count 10: 413.4 438.1 442.7 ... 473.3

Time limit reached
Best objective 4.134000000000e+02, best bound 3.577000000000e+02, gap 13.4736%
