
Gurobi 13.0.2 (linux64) logging started Sun Jul  5 11:05:04 2026

Set parameter LogFile to value "src/Resultados/Restriccion todas cliques/logs/R206-25.xml_log.log"
Set parameter Threads to value 4
Gurobi Optimizer version 13.0.2 build v13.0.2rc1 (linux64 - "Rocky Linux 9.7 (Blue Onyx)")

CPU model: QEMU Virtual CPU version 2.5+, instruction set [SSE2]
Thread count: 8 physical cores, 8 logical processors, using up to 4 threads

Non-default parameters:
TimeLimit  7200
Threads  4

Optimize a model with 128915 rows, 78270 columns and 607290 nonzeros (Min)
Model fingerprint: 0x9219c706
Model has 11055 linear objective coefficients
Variable types: 16665 continuous, 61605 integer (61590 binary)
Coefficient statistics:
  Matrix range     [1e+00, 2e+05]
  Objective range  [7e+00, 6e+01]
  Bounds range     [1e+00, 2e+03]
  RHS range        [1e+00, 2e+05]

Presolve removed 41032 rows and 120 columns
Presolve time: 4.20s
Presolved: 87883 rows, 78150 columns, 397365 nonzeros
Variable types: 375 continuous, 77775 integer (69345 binary)
Deterministic concurrent LP optimizer: primal and dual simplex
Showing primal log only...


Root simplex log...

Iteration    Objective       Primal Inf.    Dual Inf.      Time
       0    7.7530000e+02   1.770709e+03   1.893573e+10     11s
   18866    4.3919024e+02   2.156539e+02   9.019488e+09     15s
   24708    4.5025973e+02   1.253687e+02   7.442931e+09     20s
   30252    4.5584234e+02   6.287118e+01   2.115248e+09     25s
   36979    4.5222506e+02   2.495132e+01   1.285481e+09     30s
   40843    4.4816085e+02   1.239013e+00   4.294834e+08     35s
   44875    3.5514575e+02   0.000000e+00   1.773725e+03     40s
   48945    3.4360000e+02   1.947497e+01   0.000000e+00     45s
   52247    3.4360001e+02   3.050344e+00   0.000000e+00     50s
   54399    3.4360001e+02   2.479872e-01   0.000000e+00     55s
   55065    3.4360000e+02   0.000000e+00   0.000000e+00     57s
Concurrent spin time: 15.87s (can be avoided by choosing Method=3)

Solved with primal simplex

Root relaxation: objective 3.436000e+02, 55065 iterations, 65.25 seconds (31.48 work units)

    Nodes    |    Current Node    |     Objective Bounds      |     Work
 Expl Unexpl |  Obj  Depth IntInf | Incumbent    BestBd   Gap | It/Node Time

     0     0  343.60000    0 4324          -  343.60000      -     -   96s
     0     0  343.60000    0 3301          -  343.60000      -     -   98s
     0     0  343.60000    0 2917          -  343.60000      -     -   98s
     0     0  343.60000    0 2752          -  343.60000      -     -  130s
     0     0  343.60000    0 2753          -  343.60000      -     -  133s
     0     0  343.60000    0 4674          -  343.60000      -     -  156s
     0     0  343.60000    0 4674          -  343.60000      -     -  172s
     0     0  343.60000    0 5011          -  343.60000      -     -  178s
     0     0  343.60000    0 5176          -  343.60000      -     -  200s
     0     0  343.60000    0 5176          -  343.60000      -     -  200s
     0     0  343.60000    0 4224          -  343.60000      -     -  267s
     0     0  343.60000    0 5472          -  343.60000      -     -  280s
     0     0  343.60000    0 4385          -  343.60000      -     -  299s
     0     0  343.60000    0 4385          -  343.60000      -     -  299s
     0     0  343.60000    0 4353          -  343.60000      -     -  338s
     0     0  343.60000    0 7698          -  343.60000      -     -  363s
     0     0  343.60000    0 11471          -  343.60000      -     -  373s
     0     0  343.60000    0 8188          -  343.60000      -     -  393s
     0     0  343.60000    0 8045          -  343.60000      -     -  396s
     0     0  343.60000    0 8045          -  343.60000      -     -  418s
     0     2  343.60000    0 8045          -  343.60000      -     -  477s
     3     8  343.60000    2 10134          -  343.60000      -   856  483s
     7    12  343.60087    3 8734          -  343.60000      -   592  490s
    11    20  343.60112    4 8734          -  343.60000      -   941  499s
    19    38  343.60231    5 8734          -  343.60000      -   664  509s
    37    67  343.60259    6 8734          -  343.60000      -   380  531s
    66   147  343.60290    7 8735          -  343.60000      -   406  565s
   148   367  343.73185   72 8385          -  343.60000      -   567  598s
   368   430  343.91780  147 9653          -  343.60000      -   313  623s
   431   630  349.09173  158 9133          -  343.60000      -   315  644s
   631   904  350.03140  177 11400          -  343.60000      -   246  661s
   905  1091  351.38527  234 8224          -  343.60000      -   189  673s
  1092  1188  354.25758  265 7498          -  343.60000      -   168  685s
  1194  1301  343.60087   37 9234          -  343.60000      -   166  694s
  1307  1441  343.66424   61 9503          -  343.60000      -   160  704s
  1447  1542  343.77242  117 9773          -  343.60000      -   151  717s
  1551  1658  343.91780  171 8880          -  343.60000      -   147  729s
  1673  1696  348.70000  224 9268          -  343.60000      -   143  752s
  1711  1734  348.70000  247 10674          -  343.60000      -   146  767s
  1749  1770  349.44652  262 10856          -  343.60000      -   149  825s
  1787  1808  349.89873  296 9060          -  343.60000      -   149  865s
  1825  1849  350.37436  331 10227          -  343.60000      -   150  905s
  1866  1884  350.62190  369 10743          -  343.60000      -   147  937s
  1901  1918  351.25295  401 8923          -  343.60000      -   148  968s
  1935  1941  352.10016  432 8931          -  343.60000      -   147  988s
  1958  1944  355.36939  452 7210          -  343.60000      -   148 1021s
  1976  1998  343.80199   13 5856          -  343.60000      -   152 1053s
  2030  2010  344.91198   63 12763          -  343.60000      -   150 1081s
  2042  2046  344.91198   72 12138          -  343.60000      -   151 1105s
  2078  2062  344.95856  105 14075          -  343.60000      -   151 1139s
  2094  2072  344.95856  118 12329          -  343.60000      -   151 1160s
  2104  2119  344.95856  125 7762          -  343.60000      -   153 1171s
  2153  2223  344.97409  133 9519          -  343.60000      -   155 1194s
  2257  2347  345.04939  156 9570          -  343.60000      -   152 1241s
  2381  2372  345.14490  167 5286          -  343.60000      -   148 1253s
  2406  2406  345.16819  172 6824          -  343.60000      -   150 1265s
  2442  2436  345.30754  192 8223          -  343.60000      -   152 1280s
  2472  2503  345.33641  202 7789          -  343.60000      -   155 1296s
  2541  2628  345.39021  213 12238          -  343.60000      -   162 1311s
  2666  2752  345.40553  238 9657          -  343.60000      -   162 1338s
  2795  2968  345.52406  258 10458          -  343.60000      -   165 1354s
  3012  2969  349.60000  255 8045          -  343.60000      -   159 1764s
  3013  2970  366.50000  297 8045          -  343.60000      -   159 1765s
  3014  2970  343.78230   25 3866          -  343.78230      -   159 1897s
  3015  2971  369.41824  573 4078          -  344.32237      -   159 1952s
  3016  2972  345.80000   73 4284          -  345.53855      -   159 1978s
  3017  2972  369.75650  625 4770          -  347.82346      -   159 2022s
  3018  2973  357.90000  178 4812          -  352.56252      -   158 2041s
  3019  2974  365.50000  207 4681          -  352.83272      -   158 2095s
  3020  2974  353.88282  113 4754          -  353.88282      -   158 2136s
  3021  2975  369.83570  631 4323          -  353.88282      -   158 2179s
  3022  2976  356.80000  144 4071          -  354.73892      -   158 2200s
  3023  2976  357.50000  182 4362          -  355.28205      -   158 2239s
  3024  2977  358.24596  258 4647          -  358.24596      -   158 2268s
  3025  2978  358.45940   67 4447          -  358.45940      -   158 2435s
  3026  2978  368.50000  302 5084          -  359.96279      -   158 2485s
  3027  2979  385.19416  657 4620          -  359.96279      -   158 2513s
  3028  2980  360.27034  229 4425          -  360.27034      -   158 2526s
  3029  2980  360.30469   31 4624          -  360.30469      -   158 2558s
  3030  2981  368.70000  274 4270          -  360.35845      -   158 2576s
  3031  2982  360.56533  155 4300          -  360.56533      -   158 2607s
  3032  2982  361.14427  129 5665          -  361.14427      -   158 2643s
  3033  2983  361.50686  161 5036          -  361.50686      -   158 2680s
  3034  2984  361.95010  168 4675          -  361.95010      -   158 2695s
  3035  2984  377.78643   89 4684          -  362.28172      -   158 2734s
  3036  2985  362.31304   34 5360          -  362.31304      -   158 2754s
  3037  2986  386.05594  292 5207          -  362.65362      -   157 2793s
  3038  2986  365.50000  134 4873          -  362.72839      -   157 2804s
  3039  2987  367.50000  403 5145          -  362.79785      -   157 2834s
  3040  2988  372.90000  394 5675          -  362.79840      -   157 2847s
  3041  2988  363.06237   50 6145          -  363.06237      -   157 2881s
  3042  2989  374.50000  272 6874          -  363.06287      -   157 2893s
  3043  2990  363.16417  169 5661          -  363.16417      -   157 2921s
  3044  2990  363.22997   31 5757          -  363.22997      -   157 2937s
  3045  2991  363.62209  243 4089          -  363.62209      -   157 2958s
  3046  2992  379.74721  249 2995          -  363.62666      -   157 2972s
  3047  2992  367.50000  315 3886          -  363.71539      -   157 3013s
  3048  2993  363.78384   59 5602          -  363.78384      -   157 3023s
  3049  2994  363.91048   39 5991          -  363.91048      -   157 3063s
  3050  2994  363.91048   19 5533          -  363.91048      -   157 3077s
  3051  2995  363.92243   37 5113          -  363.92243      -   157 3107s
  3052  2996  363.94425   91 5702          -  363.94425      -   157 3117s
  3053  2996  363.99641  249 3877          -  363.99641      -   157 3150s
  3054  2997  379.77667  254 4930          -  363.99641      -   157 3161s
  3055  2998  369.56799  605 5264          -  364.08918      -   157 3185s
  3056  2998  394.24134  667 5378          -  364.11725      -   157 3193s
  3057  2999  364.30398  215 4393          -  364.30398      -   156 3223s
  3058  3000  379.88557  230 5435          -  364.33588      -   156 3233s
  3059  3000  364.33588  379 4818          -  364.33588      -   156 3263s
  3060  3001  365.50000  224 4169          -  364.36408      -   156 3273s
  3061  3002  364.39189   76 4434          -  364.39189      -   156 3296s
  3062  3002  364.41003  117 4307          -  364.41003      -   156 3306s
  3063  3003  364.60883   94 4648          -  364.60883      -   156 3336s
  3064  3004  367.50000  268 6408          -  364.75128      -   156 3352s
  3065  3004  364.77204   94 4350          -  364.77204      -   156 3383s
  3066  3005  364.91396   45 5521          -  364.91396      -   156 3396s
  3067  3006  365.18839   53 6241          -  365.18839      -   156 3431s
  3068  3006  365.18839   89 6289          -  365.18839      -   156 3441s
  3069  3007  369.83570  631 5578          -  365.26961      -   156 3464s
  3070  3008  365.32273   18 6059          -  365.32273      -   156 3474s
  3071  3008  365.32273  258 5293          -  365.32273      -   156 3508s
  3072  3009  365.32314  310 5622          -  365.32314      -   156 3519s
  3073  3010  388.30000  320 5345          -  365.41395      -   156 3539s
H 3073  2858                     568.8000000  365.41395  35.8%   156 3546s
H 3073  2714                     559.1000000  365.41395  34.6%   156 3546s
H 3073  2577                     558.8000000  365.41395  34.6%   156 3546s
H 3074  2447                     558.6000000  365.45560  34.6%   156 3551s
H 3074  2324                     557.8000000  365.45560  34.5%   156 3551s
H 3074  2207                     553.9000000  365.45560  34.0%   156 3551s
H 3074  2095                     541.3000000  365.45560  32.5%   156 3576s
H 3074  1989                     532.9000000  365.45560  31.4%   156 3576s
  3076  1991  365.45560  125 4507  532.90000  365.45560  31.4%   155 3584s
  3077  1991  369.89506  480 4852  532.90000  365.46180  31.4%   155 3617s
  3078  1992  393.99947  244 5124  532.90000  365.48630  31.4%   155 3631s
  3079  1993  398.84126  680 4341  532.90000  365.53879  31.4%   155 3662s
  3080  1993  365.61914  326 5418  532.90000  365.61914  31.4%   155 3675s
  3081  1994  373.39343  633 5711  532.90000  365.63459  31.4%   155 3727s
H 3081  1894                     516.1000000  365.63459  29.2%   155 3738s
  3083  1895  389.60000  449 4617  516.10000  365.66070  29.1%   155 3783s
  3084  1896  368.40000  298 5648  516.10000  365.67327  29.1%   155 3803s
  3085  1897  378.11378  101 4768  516.10000  365.68275  29.1%   155 3827s
  3086  1897  365.71348  147 6043  516.10000  365.71348  29.1%   155 3841s
  3087  1898  365.80385   69 4479  516.10000  365.80385  29.1%   155 3892s
  3088  1899  365.80654  158 7344  516.10000  365.80654  29.1%   155 3929s
  3089  1899  365.83370   57 7675  516.10000  365.83370  29.1%   155 3956s
  3090  1900  365.83857  186 7452  516.10000  365.83857  29.1%   155 3970s
  3091  1901  381.30000  376 6055  516.10000  365.83857  29.1%   155 4000s
  3092  1901  377.50000  337 5456  516.10000  365.83857  29.1%   155 4013s
  3093  1902  365.87924  260 5816  516.10000  365.87924  29.1%   155 4044s
  3094  1903  365.88436   45 5788  516.10000  365.88436  29.1%   155 4055s
  3095  1903  365.91169  123 5533  516.10000  365.91169  29.1%   155 4086s
  3096  1904  372.80000  328 5509  516.10000  365.91549  29.1%   154 4096s
  3097  1905  365.91549  145 5776  516.10000  365.91549  29.1%   154 4122s
  3098  1905  380.45023  194 5989  516.10000  365.92012  29.1%   154 4133s
  3099  1906  365.92502   31 6024  516.10000  365.92502  29.1%   154 4162s
  3100  1907  365.92502  180 6171  516.10000  365.92502  29.1%   154 4173s
  3101  1907  381.09417  227 6416  516.10000  365.94071  29.1%   154 4198s
  3102  1908  365.94639  413 6217  516.10000  365.94639  29.1%   154 4207s
  3103  1909  365.94859   49 6404  516.10000  365.94859  29.1%   154 4235s
  3104  1909  365.95219  194 5761  516.10000  365.95219  29.1%   154 4244s
  3105  1910  365.95739  282 5877  516.10000  365.95739  29.1%   154 4269s
  3106  1911  366.16704  100 5659  516.10000  366.16704  29.1%   154 4282s
  3107  1911  366.17814  263 4042  516.10000  366.17814  29.0%   154 4313s
  3108  1912  366.19345   53 4811  516.10000  366.19345  29.0%   154 4324s
  3109  1913  366.26631   15 5074  516.10000  366.26631  29.0%   154 4346s
  3110  1913  366.29963   22 6053  516.10000  366.29963  29.0%   154 4364s
  3111  1914  376.69417  217 4431  516.10000  366.63165  29.0%   154 4393s
  3112  1915  366.64702  255 4599  516.10000  366.64702  29.0%   154 4402s
  3113  1915  366.74691  297 5149  516.10000  366.74691  28.9%   154 4425s
  3114  1916  366.81790   25 5504  516.10000  366.81790  28.9%   154 4436s
  3115  1917  369.41824  573 4997  516.10000  366.83938  28.9%   154 4462s
  3116  1917  366.83978   73 5424  516.10000  366.83978  28.9%   153 4472s
  3117  1918  369.75650  625 3728  516.10000  367.00367  28.9%   153 4498s
  3118  1919  367.00889  178 4206  516.10000  367.00889  28.9%   153 4508s
  3119  1919  367.10834  207 5064  516.10000  367.10834  28.9%   153 4538s
  3120  1920  367.10834  113 5568  516.10000  367.10834  28.9%   153 4545s
  3121  1921  369.83570  631 4727  516.10000  367.12234  28.9%   153 4568s
  3122  1921  367.14823  144 5329  516.10000  367.14823  28.9%   153 4576s
  3123  1922  367.21729  182 4784  516.10000  367.21729  28.8%   153 4601s
  3124  1923  367.27469  258 4626  516.10000  367.27469  28.8%   153 4611s
  3125  1923  367.33685   67 4439  516.10000  367.33685  28.8%   153 4727s
  3126  1924  368.50000  302 4592  516.10000  367.38232  28.8%   153 4737s
  3127  1925  385.19416  657 4883  516.10000  367.51634  28.8%   153 4763s
  3128  1925  367.51634  229 5331  516.10000  367.51634  28.8%   153 4772s
  3129  1926  367.58320   31 4562  516.10000  367.58320  28.8%   153 4801s
  3130  1927  368.70000  274 5327  516.10000  367.60804  28.8%   153 4810s
  3131  1927  367.68488  155 5265  516.10000  367.68488  28.8%   153 4836s
  3132  1928  367.69271  129 5264  516.10000  367.69271  28.8%   153 4846s
  3133  1929  367.75973  161 3812  516.10000  367.75973  28.7%   153 4871s
  3134  1929  367.75973  168 4010  516.10000  367.75973  28.7%   153 4881s
  3135  1930  377.78643   89 4458  516.10000  367.78562  28.7%   153 4914s
  3136  1931  367.79956   34 4980  516.10000  367.79956  28.7%   153 4924s
  3137  1931  386.05594  292 5493  516.10000  367.81933  28.7%   152 4950s
  3138  1932  367.83650  134 5668  516.10000  367.83650  28.7%   152 4961s
  3139  1933  367.84755  403 5502  516.10000  367.84755  28.7%   152 4987s
  3140  1933  372.90000  394 5539  516.10000  367.84755  28.7%   152 4994s
  3141  1934  367.85061   50 5591  516.10000  367.85061  28.7%   152 5019s
  3142  1935  374.50000  272 5780  516.10000  367.85061  28.7%   152 5026s
  3143  1935  367.85620  169 5293  516.10000  367.85620  28.7%   152 5049s
  3144  1936  367.85620   31 5601  516.10000  367.85620  28.7%   152 5054s
  3145  1937  367.85620  243 5676  516.10000  367.85620  28.7%   152 5074s
  3148  1940  367.85620   59 8045  516.10000  367.85620  28.7%   724 5110s
H 3149  1843                     513.4000000  367.85620  28.3%   724 5236s
H 3149  1751                     513.3000000  367.85620  28.3%   724 5238s
  3150  1751  367.85620   19 4385  513.30000  367.85620  28.3%   724 5289s
  3151  1752  367.85620   37 4923  513.30000  367.85620  28.3%   724 5355s
  3152  1753  367.85620   91 5168  513.30000  367.85620  28.3%   724 5388s
  3153  1753  367.85620  249 5689  513.30000  367.85620  28.3%   723 5440s
H 3153  1665                     488.5000000  367.85620  24.7%   723 5448s
  3154  1666  379.77667  254 5261  488.50000  367.85620  24.7%   723 5474s
  3155  1667  369.56799  605 3831  488.50000  367.85620  24.7%   723 5522s
  3156  1667  394.24134  667 6530  488.50000  367.85620  24.7%   723 5552s
H 3156  1584                     485.5000000  367.85620  24.2%   723 5592s
H 3156  1505                     485.1000000  367.85620  24.2%   723 5603s
  3158  1507  379.88557  230 8080  485.10000  367.85620  24.2%   722 5640s
  3159  1507  367.85620  379 5971  485.10000  367.85620  24.2%   722 5694s
  3160  1508  367.85620  224 5890  485.10000  367.85620  24.2%   722 5722s
  3161  1509  367.85620   76 6524  485.10000  367.85620  24.2%   722 5791s
  3162  1509  367.85620  117 4822  485.10000  367.85620  24.2%   721 5834s
  3163  1510  367.85620   94 5029  485.10000  367.85620  24.2%   721 5871s
  3164  1511  367.85620  268 5739  485.10000  367.85620  24.2%   721 5898s
  3165  1511  367.85620   94 3077  485.10000  367.85620  24.2%   721 5934s
  3166  1512  367.85620   45 6919  485.10000  367.85620  24.2%   720 5973s
  3167  1513  367.85620   53 5678  485.10000  367.85620  24.2%   720 6003s
  3168  1513  368.03234   89 8422  485.10000  368.03234  24.1%   720 6024s
  3169  1514  369.83570  631 6409  485.10000  368.26800  24.1%   720 6050s
  3170  1515  368.61236   18 5757  485.10000  368.61236  24.0%   719 6072s
  3171  1515  368.76655  258 5539  485.10000  368.76655  24.0%   719 6110s
  3172  1516  368.77299  310 5397  485.10000  368.77299  24.0%   719 6122s
  3173  1517  388.30000  320 5336  485.10000  368.88000  24.0%   719 6166s
  3174  1517  368.88000  182 5402  485.10000  368.88000  24.0%   719 6182s
  3175  1518  368.90175  267 5305  485.10000  368.90175  24.0%   718 6219s
  3176  1519  368.93851  125 6783  485.10000  368.93851  23.9%   718 6235s
  3177  1519  369.89506  480 4390  485.10000  368.95321  23.9%   718 6266s
  3178  1520  393.99947  244 4680  485.10000  368.95400  23.9%   718 6278s
  3179  1521  398.84126  680 5753  485.10000  368.96735  23.9%   717 6326s
  3180  1521  368.96738  326 6075  485.10000  368.96738  23.9%   717 6338s
  3181  1522  373.39343  633 3163  485.10000  369.24167  23.9%   717 6386s
  3182  1523  388.30000  289 5466  485.10000  369.34306  23.9%   717 6408s
  3183  1523  389.60000  449 2294  485.10000  369.36147  23.9%   717 6448s
  3184  1524  369.40865  298 5529  485.10000  369.40865  23.8%   716 6463s
  3185  1525  378.11378  101 4094  485.10000  369.45355  23.8%   716 6494s
  3186  1525  369.45355  147 5396  485.10000  369.45355  23.8%   716 6508s
  3187  1526  369.62333   69 3402  485.10000  369.62333  23.8%   716 6541s
  3188  1527  369.64433  158 5499  485.10000  369.64433  23.8%   715 6560s
  3189  1527  369.65586   57 4473  485.10000  369.65586  23.8%   715 6627s
  3190  1528  369.65586  186 4433  485.10000  369.65586  23.8%   715 6645s
  3191  1529  381.30000  376 4509  485.10000  369.73082  23.8%   715 6676s
  3192  1529  377.50000  337 5582  485.10000  369.76875  23.8%   714 6690s
  3193  1530  369.83129  260 5823  485.10000  369.83129  23.8%   714 6735s
  3194  1531  369.83129   45 5906  485.10000  369.83129  23.8%   714 6746s
  3195  1531  369.87436  123 3326  485.10000  369.87436  23.8%   714 6779s
  3196  1532  372.80000  328 4960  485.10000  369.87632  23.8%   714 6796s
  3197  1533  369.95348  145 4102  485.10000  369.95348  23.7%   713 6838s
  3198  1533  380.45023  194 4954  485.10000  369.95875  23.7%   713 6848s
  3199  1534  369.96140   31 4474  485.10000  369.96140  23.7%   713 6882s
  3200  1535  369.96140  180 4617  485.10000  369.96140  23.7%   713 6890s
  3201  1535  381.09417  227 5179  485.10000  369.98729  23.7%   712 6914s
  3202  1536  369.99073  413 5101  485.10000  369.99073  23.7%   712 6929s
  3203  1537  370.10217   49 4859  485.10000  370.10217  23.7%   712 6964s
  3204  1537  370.14017  194 4188  485.10000  370.14017  23.7%   712 6974s
  3205  1538  370.17279  282 5511  485.10000  370.17279  23.7%   712 7001s
  3206  1539  370.23658  100 5457  485.10000  370.23658  23.7%   711 7011s
  3207  1539  370.29880  263 3714  485.10000  370.29880  23.7%   711 7054s
  3208  1540  370.32939   53 6213  485.10000  370.32939  23.7%   711 7070s
  3209  1541  370.44797   15 4347  485.10000  370.44797  23.6%   711 7111s
  3210  1541  370.44797   22 6799  485.10000  370.44797  23.6%   710 7122s
  3211  1542  376.69417  217 4232  485.10000  370.45474  23.6%   710 7157s
  3212  1543  370.45474  255 4553  485.10000  370.45474  23.6%   710 7165s

Cutting planes:
  Gomory: 4
  Lift-and-project: 1
  Cover: 101
  Implied bound: 22
  Projected implied bound: 302
  Clique: 1
  MIR: 52
  StrongCG: 8
  Flow cover: 2264
  GUB cover: 98
  Zero half: 28
  RLT: 108
  Relax-and-lift: 110

Explored 3212 nodes (3476185 simplex iterations) in 7200.90 seconds (5111.83 work units)
Thread count was 4 (of 8 available processors)

Solution count 10: 485.1 485.1 485.5 ... 553.9

Time limit reached
Best objective 4.851000000000e+02, best bound 3.706000000000e+02, gap 23.6034%
