
Gurobi 13.0.2 (linux64) logging started Sun Jul  5 19:12:53 2026

Set parameter LogFile to value "src/Resultados/Restriccion todas cliques/logs/R208-25.xml_log.log"
Set parameter Threads to value 4
Gurobi Optimizer version 13.0.2 build v13.0.2rc1 (linux64 - "Rocky Linux 9.7 (Blue Onyx)")

CPU model: QEMU Virtual CPU version 2.5+, instruction set [SSE2]
Thread count: 8 physical cores, 8 logical processors, using up to 4 threads

Non-default parameters:
TimeLimit  7200
Threads  4

Optimize a model with 130511 rows, 79590 columns and 625995 nonzeros (Min)
Model fingerprint: 0xa1eaed43
Model has 12015 linear objective coefficients
Variable types: 16755 continuous, 62835 integer (62820 binary)
Coefficient statistics:
  Matrix range     [1e+00, 2e+05]
  Objective range  [7e+00, 6e+01]
  Bounds range     [1e+00, 2e+03]
  RHS range        [1e+00, 2e+05]

Presolve removed 41182 rows and 120 columns (presolve time = 5s)...
Presolve removed 41197 rows and 120 columns
Presolve time: 9.50s
Presolved: 89314 rows, 79470 columns, 407655 nonzeros
Variable types: 375 continuous, 79095 integer (70665 binary)
Deterministic concurrent LP optimizer: primal and dual simplex
Showing primal log only...


Root simplex log...

Iteration    Objective       Primal Inf.    Dual Inf.      Time
       0    6.5860000e+02   1.823216e+03   1.438978e+10     16s
   19049    5.4396141e+02   2.344699e+02   1.902256e+09     20s
   28303    4.7183293e+02   8.721557e+00   4.179169e+10     25s
   32218    4.9439676e+02   7.827811e+00   5.395342e+09     30s
   36187    4.9060722e+02   0.000000e+00   1.098543e+05     35s
   40947    3.4425619e+02   0.000000e+00   9.408683e+02     40s
   41997    3.4360000e+02   0.000000e+00   0.000000e+00     42s
Concurrent spin time: 10.15s (can be avoided by choosing Method=3)

Solved with primal simplex

Root relaxation: objective 3.436000e+02, 41997 iterations, 38.03 seconds (19.31 work units)

    Nodes    |    Current Node    |     Objective Bounds      |     Work
 Expl Unexpl |  Obj  Depth IntInf | Incumbent    BestBd   Gap | It/Node Time

     0     0  343.60000    0 2504          -  343.60000      -     -   77s
     0     0  343.60000    0 1492          -  343.60000      -     -   77s
     0     0  343.60000    0 2534          -  343.60000      -     -  131s
     0     0  343.60000    0 2719          -  343.60000      -     -  136s
     0     0  343.60000    0 1808          -  343.60000      -     -  162s
     0     0  343.60000    0  981          -  343.60000      -     -  184s
     0     0  343.60000    0 1761          -  343.60000      -     -  203s
     0     0  343.60000    0 3040          -  343.60000      -     -  234s
     0     0  343.60000    0 1926          -  343.60000      -     -  290s
     0     0  343.60000    0 1926          -  343.60000      -     -  292s
     0     0  343.60000    0 11254          -  343.60000      -     -  319s
     0     0  343.60000    0 3029          -  343.60000      -     -  380s
     0     0  343.60000    0 5939          -  343.60000      -     -  402s
     0     0  343.60000    0 9473          -  343.60000      -     -  432s
     0     0  343.60000    0 3163          -  343.60000      -     -  456s
     0     0  343.60000    0 3302          -  343.60000      -     -  464s
     0     0  343.60000    0 6318          -  343.60000      -     -  477s
     0     0  343.60000    0 6318          -  343.60000      -     -  477s
     0     0  343.60000    0 2174          -  343.60000      -     -  499s
     0     0  343.60000    0 2174          -  343.60000      -     -  501s
     0     0  343.60000    0 2153          -  343.60000      -     -  504s
     0     2  343.60000    0 2153          -  343.60000      -     -  614s
     1     4  343.60000    1 2013          -  343.60000      -   176  619s
     3     8  343.60000    2 2920          -  343.60000      -  2223  624s
     7    12  343.60000    3 3780          -  343.60000      -  1753  629s
    11    33  343.60000    4 3696          -  343.60000      -  1551  650s
    40    70  343.60000    8 2883          -  343.60000      -  1282  680s
   105   165  343.60000   30 4471          -  343.60000      -   801  726s
   200   615  343.60000   52 3803          -  343.60000      -   766  783s
   650  1236  343.61017  197 5748          -  343.60000      -   331  822s
  1271  1719  343.61475  383 4878          -  343.60000      -   180  839s
  1754  2054  343.61847  502 4886          -  343.60000      -   135  852s
  2089  2438  343.62093  592 5135          -  343.60000      -   117  866s
  2473  2671  343.62358  680 6537          -  343.60000      -   101  878s
  2709  2820  343.62734  761 4410          -  343.60000      -  95.2  889s
  2860  2951  343.63011  820 4437          -  343.60000      -  93.3  911s
  2999  3037  343.63314  875 5610          -  343.60000      -  91.9  973s
  3085  3143  343.63514  916 4882          -  343.60000      -  91.3  985s
  3191  3267  343.64158  965 6636          -  343.60000      -  89.1  999s
  3315  3387  343.74933 1043 4373          -  343.60000      -  86.6 1015s
  3435  3501  344.34183 1102 4803          -  343.60000      -  84.7 1027s
  3550  3585 infeasible 1148               -  343.60000      -  83.6 1102s
  3636  3670  431.07941 1169 4677          -  343.60000      -  83.0 1216s
  3723  3778  455.40784 1188 4068          -  343.60000      -  83.7 1327s
  3837  3955  343.60188   16  300          -  343.60000      -  83.0 1427s
  4015  4107  349.30822  118  332          -  343.60000      -  80.6 1516s
  4170  4208  396.46201  150 4189          -  343.60000      -  79.0 1608s
  4292  4335  347.30545  473 4426          -  343.60000      -  80.3 1624s
  4423  4336  372.10000  493 2153          -  343.60000      -  81.7 1999s
  4424  4337  367.30000  869 2153          -  343.60000      -  81.7 2001s
  4425  4337  382.58270 1123 4709          -  343.69397      -  81.6 2111s
  4426  4338  374.50000  867 5034          -  343.69397      -  81.6 2151s
  4427  4339  402.02317  867 4878          -  343.98500      -  81.6 2191s
  4428  4339  361.20000  393 4479          -  350.55362      -  81.6 2256s
  4429  4340  393.40000  995 4892          -  350.55372      -  81.6 2311s
  4430  4341  350.55554  906 5178          -  350.55554      -  81.6 2402s
  4431  4341  363.60000  456 4997          -  350.62184      -  81.5 2452s
  4432  4342  381.70000  972 4820          -  350.62184      -  81.5 2506s
  4433  4343  356.50000  179 4832          -  350.88486      -  81.5 2542s
  4434  4343  357.30000  642 4758          -  350.91748      -  81.5 2576s
  4435  4344  363.60000  715 4596          -  351.01211      -  81.5 2597s
  4436  4345  354.25000  394 4185          -  354.25000      -  81.4 2657s
  4437  4345  366.60000  441 3341          -  354.38227      -  81.4 2690s
  4438  4346  355.43333   85 2993          -  355.43333      -  81.4 2719s
  4439  4347  363.40000  309 4137          -  356.20000      -  81.4 2737s
  4440  4347  379.60000  685 3749          -  356.20000      -  81.4 2769s
  4441  4348  363.40000  442 5116          -  356.20000      -  81.4 2796s
  4442  4349  356.20000  364 3040          -  356.20000      -  81.3 2830s
  4443  4349  357.50000  197 3177          -  356.20000      -  81.3 2860s
  4444  4350  383.50000  697  639          -  356.20000      -  81.3 2934s
  4445  4351  368.70000  728 2404          -  356.20000      -  81.3 2980s
  4446  4351  419.96097  944 1752          -  356.20000      -  81.3 3033s
  4447  4352  363.30000  477 3634          -  356.20000      -  81.2 3058s
  4448  4353  356.20000  165 1136          -  356.20000      -  81.2 3098s
  4449  4353  385.40000 1059 3080          -  356.20000      -  81.2 3113s
  4450  4354  359.80000  213  936          -  356.20000      -  81.2 3161s
  4451  4355  356.20000   59 3051          -  356.20000      -  81.2 3201s
  4452  4355  356.20000  207  658          -  356.20000      -  81.2 3237s
  4455  4359  361.00000  492 2153          -  356.20000      -   175 3287s
  4457  4360  356.20000  537 3986          -  356.20000      -   175 3444s
  4458  4361  369.40000  576 3739          -  356.20000      -   175 3565s
  4459  4362  356.20000   26 4211          -  356.20000      -   174 3695s
  4460  4362  356.20000   82 3002          -  356.20000      -   174 3763s
  4461  4363  373.40000  813 3667          -  356.20000      -   174 3802s
  4462  4364  395.09295  139 3571          -  356.20000      -   174 3867s
  4463  4364  363.60000  593 3452          -  356.20000      -   174 3924s
  4464  4365  387.30000  861 2625          -  356.20000      -   174 3976s
  4465  4366  369.90000  743 3125          -  356.20000      -   174 4001s
  4466  4366  372.30000  405 2588          -  356.20000      -   174 4042s
  4467  4367  368.50000  688 3138          -  356.20000      -   174 4054s
  4468  4368  356.20000  104 2140          -  356.20000      -   174 4103s
  4469  4368  371.80000  456 3420          -  356.20000      -   174 4119s
  4470  4369  360.40000  370 1883          -  356.20000      -   174 4148s
  4471  4370  359.60000  501 2890          -  356.20000      -   174 4177s
  4472  4370  373.60000  777 1873          -  356.20000      -   174 4239s
  4473  4371  370.80000  711 3173          -  356.20000      -   174 4258s
  4474  4372  356.20000   16 1593          -  356.20000      -   174 4290s
  4475  4372  356.20000  102 2105          -  356.20000      -   174 4307s
  4476  4373  362.00000 1125 1637          -  356.20000      -   174 4331s
  4477  4374  379.90000  955 1638          -  356.20000      -   174 4347s
  4478  4374  356.20000  403 1638          -  356.20000      -   174 4410s
  4479  4378  356.20000   29 2636          -  356.20000      -   259 4493s
  4481  4381  356.20000   30 2044          -  356.20000      -   259 4509s
  4485  4384  356.20000   31 2598          -  356.20000      -   260 4515s
  4489  4395  356.20000   32 3333          -  356.20000      -   261 4534s
  4501  4398  356.20000   34 3670          -  356.20000      -   264 4548s
  4508  4404  356.20000   35 3677          -  356.20000      -   266 4561s
  4517  4408  356.20000   36 3604          -  356.20000      -   269 4593s
  4524  4415  356.20000   37 3619          -  356.20000      -   272 4610s
  4533  4419  356.20000   39 3434          -  356.20000      -   273 4625s
  4540  4424  356.20000   40 3992          -  356.20000      -   275 4643s
  4547  4428  356.20000   41 3479          -  356.20000      -   278 4665s
  4554  4435  356.20000   42 3143          -  356.20000      -   280 4673s
  4563  4439  356.20000   43 3143          -  356.20000      -   280 4684s
  4570  4442  356.44294   44 4387          -  356.20000      -   282 4700s
  4575  4450  356.20000   44 4132          -  356.20000      -   283 4709s
  4585  4455  356.41092   45 3680          -  356.20000      -   284 4722s
  4593  4459  356.20000   46 4287          -  356.20000      -   285 4733s
  4600  4465  356.20000   48 4028          -  356.20000      -   285 4743s
  4608  4469  356.44284   49 5287          -  356.20000      -   286 4761s
  4615  4473  356.20000   50 4643          -  356.20000      -   287 4803s
  4621  4480  356.20000   51 5053          -  356.20000      -   289 4815s
  4630  4495  356.20000   52 5044          -  356.20000      -   290 4831s
  4650  4504  356.20000   53 5599          -  356.20000      -   293 4842s
  4666  4524  356.20000   56 7013          -  356.20000      -   294 4858s
  4693  4528  356.20000   61 7564          -  356.20000      -   296 4894s
  4708  4534  356.20000   63 6959          -  356.20000      -   297 4906s
  4727  4535  356.20000   66 6657          -  356.20000      -   298 4919s
  4735  4545  356.20000   67 7475          -  356.20000      -   301 4933s
  4747  4564  357.22916   69 8615          -  356.20000      -   302 4947s
  4770  4566  356.20000   74 7827          -  356.20000      -   304 4961s
  4780  4574  356.20000   76 8601          -  356.20000      -   306 4981s
  4791  4589  356.79477   77 7947          -  356.20000      -   310 5100s
  4810  4593  356.20000   77 6348          -  356.20000      -   311 5143s
  4822  4621  357.15652   78 7487          -  356.20000      -   312 5177s
  4864  4614  356.20000   79 6209          -  356.20000      -   314 5198s
  4873  4639  356.20000   81 6238          -  356.20000      -   315 5275s
  4907  4632  356.20000   82 6236          -  356.20000      -   315 5299s
  4914  4638  356.20000   83 6503          -  356.20000      -   318 5320s
  4930  4656  356.20925   84 7109          -  356.20000      -   319 5341s
  4953  4653  356.23766   85 5965          -  356.20000      -   324 5456s
  4958  4656  356.32080   86 5393          -  356.20000      -   328 5560s
  4963  4661  356.32101   87 4459          -  356.20000      -   328 5765s
  4971  4664  356.32162   89 4687          -  356.20000      -   329 5926s
  4977  4668  360.13750   90 5836          -  356.20000      -   332 6108s
  4983  4672  356.40000   92 4298          -  356.20000      -   332 6297s
  4989  4676  363.14972   93 6449          -  356.20000      -   334 6493s
  4995  4678  361.26429   95 5314          -  356.20000      -   337 6688s
  4999  4681  356.40000   95 4576          -  356.20000      -   338 6740s
  5004  4691  356.40000   96 4823          -  356.20000      -   338 6777s
  5019  4700  357.37642   96 4751          -  356.20000      -   341 6810s
  5033  4705  360.14717   97 5253          -  356.20000      -   343 6846s
  5043  4714  356.40000   97 5542          -  356.20000      -   345 6886s
  5057  4723  356.50000   98 4123          -  356.20000      -   346 6928s
  5071  4733  356.50000   99 5608          -  356.20000      -   348 6977s
  5087  4753  356.50000  101 4987          -  356.20000      -   354 7024s
  5117  4763  356.50000  106 4920          -  356.20000      -   356 7060s
  5139  4778  357.95917  109 4325          -  356.20000      -   357 7097s
  5163  4798  356.50000  112 5076          -  356.20000      -   359 7136s
  5193  4811  362.51983  115 6443          -  356.20000      -   362 7174s
  5220  4817  362.38999  118 5848          -  356.20000      -   364 7200s

Cutting planes:
  Gomory: 7
  Cover: 50
  Implied bound: 34
  Projected implied bound: 14
  Clique: 35
  MIR: 102
  StrongCG: 12
  Flow cover: 97
  GUB cover: 11
  Zero half: 31
  RLT: 95
  Relax-and-lift: 18

Explored 5237 nodes (2183600 simplex iterations) in 7200.29 seconds (6078.90 work units)
Thread count was 4 (of 8 available processors)

Solution count 0

Time limit reached
Best objective -, best bound 3.562000000002e+02, gap -
