
Gurobi 13.0.2 (linux64) logging started Mon Jun 22 07:19:24 2026

Set parameter LogFile to value "src/Resultados/Restriccion cota global/logs/C207-50.xml_log.log"
Set parameter Threads to value 4
Gurobi Optimizer version 13.0.2 build v13.0.2rc1 (linux64 - "Rocky Linux 9.7 (Blue Onyx)")

CPU model: QEMU Virtual CPU version 2.5+, instruction set [SSE2]
Thread count: 8 physical cores, 8 logical processors, using up to 4 threads

Non-default parameters:
TimeLimit  7200
Threads  4

Optimize a model with 398654 rows, 240765 columns and 1672125 nonzeros (Min)
Model fingerprint: 0xaf3f9624
Model has 34215 linear objective coefficients
Variable types: 51780 continuous, 188985 integer (188970 binary)
Coefficient statistics:
  Matrix range     [1e+00, 1e+05]
  Objective range  [2e+00, 6e+01]
  Bounds range     [1e+00, 4e+03]
  RHS range        [1e+00, 1e+05]

Presolve removed 127935 rows and 105 columns (presolve time = 5s)...
Presolve removed 127980 rows and 120 columns (presolve time = 10s)...
Presolve removed 127980 rows and 120 columns
Presolve time: 11.62s
Presolved: 270674 rows, 240645 columns, 1260360 nonzeros
Variable types: 750 continuous, 239895 integer (213540 binary)
Deterministic concurrent LP optimizer: primal simplex, dual simplex, and barrier
Showing barrier log only...

Root barrier log...

Elapsed ordering time = 5s
Elapsed ordering time = 6s
Ordering time: 7.81s

Barrier statistics:
 Dense cols : 15
 AA' NZ     : 4.645e+06
 Factor NZ  : 2.703e+07 (roughly 400 MB of memory)
 Factor Ops : 1.835e+10 (roughly 2 seconds per iteration)
 Threads    : 1

                  Objective                Residual
Iter       Primal          Dual         Primal    Dual     Compl     Time
   0   5.09315156e+06 -7.10512189e+06  9.89e+05 8.33e-17  3.03e+02    27s
   1   2.21662837e+06 -7.57328244e+06  4.36e+05 4.43e-01  1.34e+02    30s
   2   9.05491475e+05 -1.05705359e+07  1.77e+05 3.15e-04  6.11e+01    32s
   3   4.41459197e+05 -5.49961118e+06  8.61e+04 3.94e-04  2.71e+01    34s
   4   4.01420197e+05 -4.65489331e+06  7.84e+04 2.84e-04  2.35e+01    36s
   5   2.89216229e+04 -5.69837283e+05  5.39e+03 2.71e-06  1.92e+00    40s
   6   8.79062204e+03 -1.10456959e+05  1.44e+03 9.24e-08  3.94e-01    43s
   7   4.05572996e+03 -2.81627603e+04  5.53e+02 3.63e-09  1.20e-01    48s
   8   1.23149801e+03 -4.16959243e+03  4.84e+01 2.00e-10  1.49e-02    52s
   9   8.41210753e+02 -2.12181064e+03  1.43e+01 1.07e-10  6.37e-03    55s
  10   6.88942265e+02 -1.85089045e+03  7.19e+00 9.69e-11  4.80e-03    59s
  11   5.55395086e+02 -7.03303198e+02  3.35e+00 4.45e-11  2.32e-03    63s
  12   3.73036431e+02  2.20448845e+02  9.31e-02 1.60e-12  2.44e-04    67s
  13   3.58697099e+02  3.23472467e+02  4.53e-02 2.15e-13  5.55e-05    71s
  14   3.44622255e+02  3.42755436e+02  9.69e-04 3.48e-15  2.88e-06    75s
  15   3.44200559e+02  3.44196665e+02  2.28e-07 8.88e-16  6.00e-09    78s
  16   3.44200001e+02  3.44199997e+02  2.60e-11 8.88e-16  6.00e-12    81s
  17   3.44200000e+02  3.44200000e+02  4.97e-10 1.75e-15  6.15e-15    85s

Barrier solved model in 17 iterations and 84.66 seconds (49.47 work units)
Optimal objective 3.44200000e+02


Root crossover log...

   35376 DPushes remaining with DInf 0.0000000e+00                85s
   11611 DPushes remaining with DInf 0.0000000e+00                85s
       0 DPushes remaining with DInf 0.0000000e+00                85s

  116833 PPushes remaining with PInf 0.0000000e+00                85s
   77644 PPushes remaining with PInf 0.0000000e+00                98s
   61339 PPushes remaining with PInf 0.0000000e+00               105s
   48817 PPushes remaining with PInf 0.0000000e+00               115s
   45090 PPushes remaining with PInf 0.0000000e+00               117s
   41618 PPushes remaining with PInf 0.0000000e+00               120s
   37410 PPushes remaining with PInf 0.0000000e+00               125s
   33453 PPushes remaining with PInf 0.0000000e+00               130s
   29178 PPushes remaining with PInf 0.0000000e+00               135s
    5042 PPushes remaining with PInf 0.0000000e+00               162s
    1493 PPushes remaining with PInf 0.0000000e+00               165s
       0 PPushes remaining with PInf 0.0000000e+00               167s

  Push phase complete: Pinf 0.0000000e+00, Dinf 3.8302694e-15    167s


Root simplex log...

Iteration    Objective       Primal Inf.    Dual Inf.      Time
  140351    3.4420000e+02   0.000000e+00   0.000000e+00    167s
Crossover time: 82.66 seconds (33.50 work units)
Concurrent spin time: 0.01s

Solved with barrier

Root relaxation: objective 3.442000e+02, 140351 iterations, 151.69 seconds (72.48 work units)

    Nodes    |    Current Node    |     Objective Bounds      |     Work
 Expl Unexpl |  Obj  Depth IntInf | Incumbent    BestBd   Gap | It/Node Time

     0     0  344.20000    0 22785          -  344.20000      -     -  348s
     0     0  344.20000    0 24375          -  344.20000      -     -  407s
     0     0  344.20000    0 24377          -  344.20000      -     -  409s
     0     0  344.20000    0 29332          -  344.20000      -     -  441s
     0     0  344.20000    0 29332          -  344.20000      -     -  442s
     0     0  344.20000    0 14597          -  344.20000      -     -  623s
     0     0  344.20000    0 14609          -  344.20000      -     -  757s
     0     0  344.20000    0 8517          -  344.20000      -     -  765s
     0     0  344.20000    0 16471          -  344.20000      -     -  862s
     0     0  344.20000    0 16471          -  344.20000      -     -  862s
     0     0  344.20000    0 12557          -  344.20000      -     - 1136s
     0     0  344.20000    0 31752          -  344.20000      -     - 1209s
     0     0  344.20000    0 41017          -  344.20000      -     - 1327s
     0     0  344.20000    0 41017          -  344.20000      -     - 1327s
     0     0  344.20000    0 17384          -  344.20000      -     - 1750s
     0     0  344.20000    0 18387          -  344.20000      -     - 1763s
     0     0  344.20000    0 18386          -  344.20000      -     - 1768s
     0     0  344.20000    0 26799          -  344.20000      -     - 1831s
     0     0  344.20000    0 26799          -  344.20000      -     - 1831s
     0     0  344.20000    0 16636          -  344.20000      -     - 2113s
     0     0  344.20000    0 15308          -  344.20000      -     - 2125s
     0     0  344.20000    0 13996          -  344.20000      -     - 2201s
     0     0  344.20000    0 14427          -  344.20000      -     - 2202s
     0     0  344.20000    0 14427          -  344.20000      -     - 2399s
     0     0  344.20000    0 16812          -  344.20000      -     - 2412s
     0     0  344.20000    0 16805          -  344.20000      -     - 2413s
     0     0  344.29240    0 23817          -  344.29240      -     - 2456s
     0     0  344.29240    0 23817          -  344.29240      -     - 2456s
     0     0  344.29240    0 21898          -  344.29240      -     - 2669s
     0     0  344.29550    0 22462          -  344.29550      -     - 2688s
     0     0  344.29550    0 22288          -  344.29550      -     - 2689s
     0     0  345.12741    0 20660          -  345.12741      -     - 2732s
     0     0  345.12741    0 13270          -  345.12741      -     - 2750s
     0     0  345.12741    0 13269          -  345.12741      -     - 2750s
     0     0  345.25267    0 15219          -  345.25267      -     - 2778s
     0     0  345.25267    0 15172          -  345.25267      -     - 2779s
     0     0  345.25267    0 15005          -  345.25267      -     - 2793s
     0     0  345.25267    0 18417          -  345.25267      -     - 2849s
     0     0  345.25267    0 18113          -  345.25267      -     - 2863s
     0     0  347.33046    0 19691          -  347.33046      -     - 2902s
     0     0  347.33046    0 19691          -  347.33046      -     - 2902s
     0     0  347.33046    0 19691          -  347.33046      -     - 3285s
     0     0  347.33046    0 17905          -  347.33046      -     - 3331s
     0     0  347.33046    0 17905          -  347.33046      -     - 3331s
     0     0  347.41297    0 18895          -  347.41297      -     - 3407s
     0     0  347.41297    0 18893          -  347.41297      -     - 3408s
     0     0  347.83237    0 24185          -  347.83237      -     - 3549s
     0     0  347.83237    0 21615          -  347.83237      -     - 3582s
     0     0  348.02869    0 21036          -  348.02869      -     - 3634s
     0     0  348.02869    0 21028          -  348.02869      -     - 3634s
     0     0  348.02869    0 20709          -  348.02869      -     - 3651s
     0     0  348.02869    0 20710          -  348.02869      -     - 3652s
     0     0  349.93418    0 38733          -  349.93418      -     - 3794s
     0     0  350.23878    0 30333          -  350.23878      -     - 3855s
     0     0  350.23878    0 30551          -  350.23878      -     - 3859s
     0     0  350.23878    0 28057          -  350.23878      -     - 3894s
     0     0  352.77214    0 32342          -  352.77214      -     - 3933s
     0     0  352.77214    0 32342          -  352.77214      -     - 3934s
     0     0  352.79385    0 33393          -  352.79385      -     - 3946s
     0     0  352.79385    0 33065          -  352.79385      -     - 3947s
     0     0  352.79385    0 21519          -  352.79385      -     - 3960s
     0     0  352.79385    0 21438          -  352.79385      -     - 3961s
     0     0  352.79385    0 30834          -  352.79385      -     - 4008s
     0     0  352.79385    0 31271          -  352.79385      -     - 4016s
     0     0  352.79385    0 30012          -  352.79385      -     - 4044s
     0     0  352.79385    0 32281          -  352.79385      -     - 4119s
     0     0  352.79385    0 32281          -  352.79385      -     - 4130s
     0     0  352.79385    0 15798          -  352.79385      -     - 4417s
     0     2  352.79385    0 15798          -  352.79385      -     - 4760s
     1     3  355.75448    1 17620          -  352.79385      - 15659 4854s
     2     5  355.78178    2 17039          -  352.79385      -  8436 4883s
     4     8  355.78178    3 18210          -  352.79385      -  5526 4929s
     7    12  355.78178    3 19769          -  352.79385      -  5610 4985s
    11    16  355.78178    4 19758          -  352.79385      -  3765 5018s
    15    19  355.78178    5 19368          -  352.79385      -  2962 5068s
    18    23  355.78178    6 19368          -  352.79385      -  2646 5106s
    22    27  355.78178    7 24376          -  352.79385      -  2774 5162s
    26    31  355.78178    8 21200          -  352.79385      -  2610 5196s
    30    34  355.83526    9 22758          -  352.79385      -  2596 5252s
    33    38  355.83526   10 22900          -  352.79385      -  2375 5299s
    37    40  355.78066    9 14914          -  352.79385      -  2458 5350s
    39    44  357.94117   10 24351          -  352.79385      -  2384 5394s
    43    48  357.94117   11 30756          -  352.79385      -  2336 5457s
    47    53  358.03691   12 30721          -  352.79385      -  2195 5608s
    52    64  358.08052   13 30211          -  352.79385      -  2088 5647s
    64    76  358.14282   14 30062          -  352.79385      -  1755 5680s
    76    88  358.22683   15 29737          -  352.79385      -  1591 5713s
    88   100  358.26827   16 29751          -  352.79385      -  1428 5740s
   100   112  358.32108   17 29912          -  352.79385      -  1302 5772s
   112   125  359.30644   18 29700          -  352.79385      -  1183 5881s
   126   139  360.67650   18 30040          -  352.79385      -  1057 5951s
   141   155  360.72015   19 29936          -  352.79385      -  1013 5987s
   158   166  360.73005   20 29820          -  352.79385      -   949 6024s
   169   183  360.81131   21 29645          -  352.79385      -   959 6066s
   192   196  360.91354   22 30109          -  352.79385      -   931 6105s
   208   217  361.22944   23 29803          -  352.79385      -   898 6144s
   231   241  363.78625   24 28793          -  352.79385      -   862 6200s
   255   259  361.48292   24 29679          -  352.79385      -   841 6238s
   277   270  361.67588   25 29357          -  352.79385      -   822 6283s
   291   287  362.02832   25 28478          -  352.79385      -   833 6324s
   311   327  362.29723   26 23519          -  352.79385      -   853 6370s
   355   380  362.42396   27 23638          -  352.79385      -   773 6401s
   410   444  362.63372   28 24257          -  352.79385      -   680 6447s
   474   473  366.83126   28 27100          -  352.79385      -   594 6520s
   503   552  362.63372   29 21894          -  352.79385      -   577 6670s
   582   621  362.63372   30 21888          -  352.79385      -   499 6901s
   651   657  362.63372   31 21886          -  352.79385      -   456 7163s
   687   695  362.63372   32 21884          -  352.79385      -   432 7200s

Cutting planes:
  Gomory: 4
  Cover: 37
  Implied bound: 6459
  Clique: 376
  MIR: 214
  StrongCG: 4
  Flow cover: 4
  GUB cover: 13
  Zero half: 2
  RLT: 325
  Relax-and-lift: 4700

Explored 725 nodes (1567022 simplex iterations) in 7200.27 seconds (5814.36 work units)
Thread count was 4 (of 8 available processors)

Solution count 0

Time limit reached
Best objective -, best bound 3.528000000000e+02, gap -
