
Gurobi 13.0.2 (linux64) logging started Wed Jul  8 01:18:05 2026

Set parameter LogFile to value "src/Resultados/Restriccion demanda/logs/RC205-50.xml_log.log"
Set parameter Threads to value 4
Gurobi Optimizer version 13.0.2 build v13.0.2rc1 (linux64 - "Rocky Linux 9.7 (Blue Onyx)")

CPU model: QEMU Virtual CPU version 2.5+, instruction set [SSE2]
Thread count: 8 physical cores, 8 logical processors, using up to 4 threads

Non-default parameters:
TimeLimit  7200
Threads  4

Optimize a model with 233996 rows, 140775 columns and 2700180 nonzeros (Min)
Model fingerprint: 0xd3a022d0
Model has 18720 linear objective coefficients
Variable types: 30660 continuous, 110115 integer (110100 binary)
Coefficient statistics:
  Matrix range     [1e+00, 2e+05]
  Objective range  [1e+00, 8e+01]
  Bounds range     [1e+00, 2e+03]
  RHS range        [1e+00, 2e+05]

Presolve removed 59979 rows and 150 columns (presolve time = 5s)...
Presolve removed 75010 rows and 180 columns (presolve time = 10s)...
Presolve removed 75040 rows and 195 columns
Presolve time: 14.03s
Presolved: 158956 rows, 140580 columns, 708975 nonzeros
Variable types: 750 continuous, 139830 integer (123585 binary)
Deterministic concurrent LP optimizer: primal simplex, dual simplex, and barrier
Showing barrier log only...

Root barrier log...

Ordering time: 2.36s

Barrier statistics:
 Dense cols : 15
 AA' NZ     : 1.817e+06
 Factor NZ  : 7.172e+06 (roughly 180 MB of memory)
 Factor Ops : 1.397e+09 (less than 1 second per iteration)
 Threads    : 1

                  Objective                Residual
Iter       Primal          Dual         Primal    Dual     Compl     Time
   0   1.67409045e+06 -2.99775883e+06  1.94e+05 0.00e+00  1.40e+02    25s
   1   5.43199738e+05 -2.97643592e+06  6.34e+04 6.15e-01  5.56e+01    25s
   2   4.16966164e+05 -2.38082558e+06  5.06e+04 2.52e-01  3.39e+01    26s
   3   1.22960119e+05 -1.19517365e+06  1.47e+04 5.68e-03  9.57e+00    27s
   4   1.86199779e+04 -3.87650023e+05  2.03e+03 2.36e-04  1.84e+00    27s
   5   4.09065821e+03 -7.88186942e+04  2.98e+02 4.78e-12  3.09e-01    28s
   6   1.87052410e+03 -9.81115595e+03  8.93e+01 3.70e-13  5.76e-02    29s
   7   9.19528255e+02 -2.93146896e+03  1.89e+01 9.84e-14  1.52e-02    30s
   8   6.53703754e+02 -1.02017269e+03  2.36e+00 4.07e-14  5.01e-03    30s
   9   5.84419976e+02 -5.06627993e+01  8.69e-01 1.41e-14  1.87e-03    31s
  10   5.38854305e+02  3.01834552e+02  1.74e-01 5.00e-15  6.53e-04    31s
  11   5.26395939e+02  4.96686149e+02  6.55e-03 2.42e-15  7.85e-05    32s
  12   5.25725406e+02  5.25517790e+02  2.20e-04 8.88e-16  5.46e-07    32s
  13   5.25700065e+02  5.25699970e+02  5.60e-07 6.14e-15  2.48e-10    33s
  14   5.25700027e+02  5.25699997e+02  2.31e-07 8.88e-16  7.61e-11    34s
  15   5.25700004e+02  5.25700000e+02  1.80e-07 9.34e-16  9.73e-12    34s

Barrier solved model in 15 iterations and 34.14 seconds (13.29 work units)
Optimal objective 5.25700004e+02


Root crossover log...

   19036 DPushes remaining with DInf 0.0000000e+00                34s
       0 DPushes remaining with DInf 0.0000000e+00                35s

   62591 PPushes remaining with PInf 1.1616800e-05                35s
   35474 PPushes remaining with PInf 0.0000000e+00                38s
   24975 PPushes remaining with PInf 0.0000000e+00                40s
    5739 PPushes remaining with PInf 0.0000000e+00                61s
     817 PPushes remaining with PInf 0.0000000e+00                65s
       0 PPushes remaining with PInf 0.0000000e+00                66s

  Push phase complete: Pinf 0.0000000e+00, Dinf 6.1894934e-14     66s


Root simplex log...

Iteration    Objective       Primal Inf.    Dual Inf.      Time
   81570    5.2570000e+02   0.000000e+00   0.000000e+00     66s
Crossover time: 31.70 seconds (16.54 work units)
Concurrent spin time: 0.00s

Solved with barrier

Root relaxation: objective 5.257000e+02, 81570 iterations, 47.50 seconds (21.46 work units)

    Nodes    |    Current Node    |     Objective Bounds      |     Work
 Expl Unexpl |  Obj  Depth IntInf | Incumbent    BestBd   Gap | It/Node Time

     0     0  525.70000    0 14628          -  525.70000      -     -  177s
     0     0  525.70000    0 14355          -  525.70000      -     -  180s
     0     0  525.70000    0 14431          -  525.70000      -     -  181s
     0     0  525.70000    0 15945          -  525.70000      -     -  215s
     0     0  525.70000    0 15850          -  525.70000      -     -  226s
     0     0  525.70000    0 16112          -  525.70000      -     -  254s
     0     0  525.70000    0 16112          -  525.70000      -     -  254s
     0     0  525.70000    0 9363          -  525.70000      -     -  347s
     0     0  525.70000    0 9024          -  525.70000      -     -  433s
     0     0  525.70000    0 8023          -  525.70000      -     -  437s
     0     0  525.70000    0 7199          -  525.70000      -     -  439s
     0     0  525.70000    0 9442          -  525.70000      -     -  465s
     0     0  525.70000    0 9442          -  525.70000      -     -  465s
     0     0  525.70000    0 7365          -  525.70000      -     -  523s
     0     0  525.70000    0 7044          -  525.70000      -     -  546s
     0     0  525.70000    0 9545          -  525.70000      -     -  549s
     0     0  525.70000    0 9545          -  525.70000      -     -  549s
     0     0  525.70000    0 12688          -  525.70000      -     -  579s
     0     0  525.70000    0 12428          -  525.70000      -     -  580s
     0     0  525.70000    0 12428          -  525.70000      -     -  671s
     0     0  525.70000    0 14379          -  525.70000      -     -  691s
     0     0  525.70000    0 14349          -  525.70000      -     -  692s
     0     0  525.70000    0 14338          -  525.70000      -     -  693s
     0     0  525.70000    0 15939          -  525.70000      -     -  712s
     0     0  525.70000    0 15913          -  525.70000      -     -  712s
     0     0  525.70000    0 9830          -  525.70000      -     -  817s
     0     0  525.70000    0 10032          -  525.70000      -     -  830s
     0     0  525.70000    0 7376          -  525.70000      -     -  833s
     0     0  525.70000    0 12341          -  525.70000      -     -  871s
     0     0  525.70000    0 12303          -  525.70000      -     -  872s
     0     0  525.70000    0 9537          -  525.70000      -     -  968s
     0     0  525.70000    0 8278          -  525.70000      -     -  980s
     0     0  525.70000    0 7939          -  525.70000      -     -  982s
     0     0  525.70000    0 7937          -  525.70000      -     -  983s
     0     0  525.70000    0 7938          -  525.70000      -     -  984s
     0     0  526.16548    0 9965          -  526.16548      -     - 1020s
     0     0  526.16548    0 9964          -  526.16548      -     - 1021s
     0     0  526.16548    0 9964          -  526.16548      -     - 1097s
     0     0  526.21444    0 9003          -  526.21444      -     - 1103s
     0     0  530.91706    0 9401          -  530.91706      -     - 1126s
     0     0  530.91706    0 8495          -  530.91706      -     - 1127s
     0     0  531.11970    0 7020          -  531.11970      -     - 1134s
     0     0  531.11970    0 7141          -  531.11970      -     - 1135s
     0     0  531.15160    0 7761          -  531.15160      -     - 1139s
     0     0  531.15630    0 7364          -  531.15630      -     - 1142s
     0     0  531.15630    0 7023          -  531.15630      -     - 1142s
     0     0  533.25536    0 10179          -  533.25536      -     - 1157s
     0     0  533.25536    0 10141          -  533.25536      -     - 1160s
     0     0  533.25536    0 8538          -  533.25536      -     - 1168s
     0     0  533.25536    0 8523          -  533.25536      -     - 1169s
     0     0  535.17265    0 9134          -  535.17265      -     - 1181s
     0     0  535.17265    0 9028          -  535.17265      -     - 1182s
     0     0  535.19598    0 8343          -  535.19598      -     - 1189s
     0     0  535.19598    0 8342          -  535.19598      -     - 1190s
     0     0  535.20792    0 8938          -  535.20792      -     - 1196s
     0     0  535.20792    0 8834          -  535.20792      -     - 1198s
     0     0  535.23208    0 8918          -  535.23208      -     - 1202s
     0     0  535.23208    0 8942          -  535.23208      -     - 1203s
     0     0  535.32959    0 8780          -  535.32959      -     - 1204s
     0     0  535.32959    0 8767          -  535.32959      -     - 1204s
     0     0  535.59502    0 9663          -  535.59502      -     - 1219s
     0     0  535.59502    0 9642          -  535.59502      -     - 1219s
     0     0  535.59502    0 9123          -  535.59502      -     - 1226s
     0     0  535.89910    0 7222          -  535.89910      -     - 1240s
     0     0  536.16597    0 6642          -  536.16597      -     - 1251s
     0     0  536.16597    0 6640          -  536.16597      -     - 1252s
     0     0  536.30716    0 6555          -  536.30716      -     - 1252s
     0     0  536.30716    0 6463          -  536.30716      -     - 1253s
     0     0  537.98111    0 9580          -  537.98111      -     - 1266s
     0     0  538.25424    0 8653          -  538.25424      -     - 1276s
     0     0  538.25424    0 8636          -  538.25424      -     - 1277s
     0     0  538.25424    0 8930          -  538.25424      -     - 1281s
     0     0  538.69145    0 10000          -  538.69145      -     - 1305s
     0     0  538.69145    0 9968          -  538.69145      -     - 1306s
     0     0  538.69145    0 8064          -  538.69145      -     - 1314s
     0     0  538.94172    0 10081          -  538.94172      -     - 1325s
     0     0  538.94172    0 10048          -  538.94172      -     - 1326s
     0     0  539.36197    0 11243          -  539.36197      -     - 1336s
     0     0  539.49557    0 9636          -  539.49557      -     - 1343s
     0     0  539.49557    0 8176          -  539.49557      -     - 1346s
     0     0  539.91809    0 9358          -  539.91809      -     - 1357s
     0     0  539.93652    0 7552          -  539.93652      -     - 1366s
     0     0  539.97478    0 4826          -  539.97478      -     - 1368s
     0     0  539.98860    0 5151          -  539.98860      -     - 1371s
     0     0  539.98860    0 7064          -  539.98860      -     - 1374s
     0     0  541.45182    0 9448          -  541.45182      -     - 1381s
     0     0  542.17052    0 10480          -  542.17052      -     - 1396s
     0     0  542.17970    0 10646          -  542.17970      -     - 1400s
     0     0  542.17970    0 8140          -  542.17970      -     - 1402s
     0     0  545.21216    0 10805          -  545.21216      -     - 1421s
     0     0  545.21216    0 12448          -  545.21216      -     - 1432s
     0     0  545.21216    0 12448          -  545.21216      -     - 1433s
     0     0  545.59890    0 11030          -  545.59890      -     - 1450s
     0     0  545.62310    0 7766          -  545.62310      -     - 1463s
     0     0  545.62310    0 5802          -  545.62310      -     - 1476s
     0     0  546.52034    0 11211          -  546.52034      -     - 1492s
     0     0  546.52034    0 10070          -  546.52034      -     - 1505s
     0     0  546.52034    0 10018          -  546.52034      -     - 1506s
     0     0  546.52034    0 9513          -  546.52034      -     - 1526s
     0     0  546.52267    0 9833          -  546.52267      -     - 1542s
     0     0  546.61093    0 8502          -  546.61093      -     - 1558s
     0     0  546.61093    0 8502          -  546.61093      -     - 1558s
     0     0  546.61093    0 7117          -  546.61093      -     - 1640s
     0     0  546.61129    0 6920          -  546.61129      -     - 1654s
     0     0  546.61129    0 9347          -  546.61129      -     - 1665s
     0     0  546.65378    0 12892          -  546.65378      -     - 1718s
     0     0  546.65378    0 12825          -  546.65378      -     - 1719s
     0     0  546.65978    0 14155          -  546.65978      -     - 1743s
     0     0  546.65978    0 13837          -  546.65978      -     - 1751s
     0     0  546.78644    0 18046          -  546.78644      -     - 1793s
     0     0  546.78644    0 17897          -  546.78644      -     - 1795s
     0     0  546.78778    0 10682          -  546.78778      -     - 1805s
     0     0  547.13564    0 13262          -  547.13564      -     - 1820s
     0     0  547.13564    0 13263          -  547.13564      -     - 1821s
     0     0  547.67404    0 15060          -  547.67404      -     - 1838s
     0     0  547.67414    0 17847          -  547.67414      -     - 1846s
     0     0  547.95283    0 17396          -  547.95283      -     - 1861s
     0     0  547.95283    0 15898          -  547.95283      -     - 1873s
     0     0  548.07142    0 12307          -  548.07142      -     - 1881s
     0     0  548.07142    0 10067          -  548.07142      -     - 1890s
     0     0  548.07180    0 12219          -  548.07180      -     - 1906s
     0     0  548.07180    0 12098          -  548.07180      -     - 1915s
     0     0  548.07180    0 12808          -  548.07180      -     - 1941s
     0     0  548.07180    0 12782          -  548.07180      -     - 1941s
     0     0  548.07180    0 11351          -  548.07180      -     - 2005s
     0     0  548.07180    0 12303          -  548.07180      -     - 2023s
     0     0  548.07180    0 12303          -  548.07180      -     - 2023s
     0     0  548.07180    0 12303          -  548.07180      -     - 2121s
     0     0  548.07180    0 12303          -  548.07180      -     - 2123s
     0     0  548.07180    0 12202          -  548.07180      -     - 2233s
     0     2  548.07180    0 12202          -  548.07180      -     - 2369s
     1     4  548.07180    1 12532          -  548.07180      -  4140 2402s
     3     8  548.07180    2 11509          -  548.07180      -  3821 2425s
     7    12  548.07180    3 11543          -  548.07180      -  2305 2440s
    11    16  548.07180    4 12607          -  548.07180      -  1577 2459s
    15    20  548.07180    5 12878          -  548.07180      -  1395 2482s
    19    24  550.41401    6 13046          -  548.07180      -  1378 2499s
    23    28  548.07180    6 13481          -  548.07180      -  1239 2523s
    27    32  548.07180    7 12295          -  548.07180      -  1249 2542s
    31    36  548.07180    8 13324          -  548.07180      -  1194 2560s
    35    40  548.07180    9 12083          -  548.07180      -  1100 2575s
    39    44  548.07180   10 13931          -  548.07180      -   995 2620s
    43    48  548.07180   11 14167          -  548.07180      -   930 2642s
    47    52  548.07180   12 15089          -  548.07180      -   908 2668s
    51    56  548.07180   13 14705          -  548.07180      -   866 2688s
    55    60  548.07180   14 14689          -  548.07180      -   827 2739s
    59    64  548.07180   15 14343          -  548.07180      -   785 2791s
    63    69  548.07180   16 13985          -  548.07180      -   768 2942s
    68    83  548.07180   18 13696          -  548.07180      -   749 2998s
    82   120  548.19348   26 16577          -  548.07180      -   690 3229s
   124   180  548.69013   43 14083          -  548.07180      -   593 3266s
   184   223  549.85858   55 13478          -  548.07180      -   521 3290s
   227   257  550.72524   60 13490          -  548.07180      -   517 3316s
   261   284  550.83788   72 10846          -  548.07180      -   526 3341s
   288   316  550.95153   76 11792          -  548.07180      -   523 3361s
   320   348  551.12013   83 11206          -  548.07180      -   516 3386s
   352   379  551.21779   88 11966          -  548.07180      -   500 3417s
   383   401  551.23491   95 11096          -  548.07180      -   493 3451s
   405   447  551.44638  103 10602          -  548.07180      -   506 3489s
   451   488  551.68524  116 9783          -  548.07180      -   492 3535s
   492   518  551.82971  136 9558          -  548.07180      -   479 3567s
   522   558  551.82971  145 9787          -  548.07180      -   474 3597s
   562   594  552.02971  152 8871          -  548.07180      -   464 3631s
   598   598  552.19638  161 9268          -  548.07180      -   461 3938s
   602   602  552.19638  162 9832          -  548.07180      -   458 4406s
   606   606  552.19638  163 9833          -  548.07180      -   455 4973s
   610   610  552.30490  164 9992          -  548.07180      -   456 5438s
   614   614  552.35573  165 10431          -  548.07180      -   456 5858s
   618   618  552.41075  166 10214          -  548.07180      -   457 6294s
   622   668  552.42398  167 9338          -  548.07180      -   454 6449s
   672   734  552.47971  168 11051          -  548.07180      -   444 6491s
   738   796  552.86673  190 10950          -  548.07180      -   450 6531s
   800   888  552.96444  205 10095          -  548.07180      -   443 6573s
   892  1009  553.60355  242 9124          -  548.07180      -   435 6617s
  1013  1097  554.65005  272 8308          -  548.07180      -   407 6647s
  1109  1160  557.08027  292 10140          -  548.07180      -   409 6687s
  1178  1272  619.16717  295 8962          -  548.07180      -   427 6723s
  1294  1459  621.07448  313 6204          -  548.07180      -   418 6754s
  1481  1682  623.60448  377 5703          -  548.07180      -   384 6783s
  1709  1871  623.60562  452 5225          -  548.07180      -   342 6814s
  1900  2070  624.95562  497 5633          -  548.07180      -   319 6842s
  2111  2240  625.59836  515 5288          -  548.07180      -   300 6872s
  2282  2376  626.87142  537 5785          -  548.07180      -   289 6908s
  2424  2542  626.99450  558 4176          -  548.07180      -   290 6953s
  2591  2543  623.63297  482 12202          -  548.07180      -   285 7151s

Explored 2592 nodes (1564319 simplex iterations) in 7200.36 seconds (5541.63 work units)
Thread count was 4 (of 8 available processors)

Solution count 0

Time limit reached
Best objective -, best bound 5.481000000000e+02, gap -
