
Gurobi 13.0.2 (linux64) logging started Wed Jul  8 05:20:56 2026

Set parameter LogFile to value "src/Resultados/Restriccion demanda/logs/RC206-50.xml_log.log"
Set parameter Threads to value 4
Gurobi Optimizer version 13.0.2 build v13.0.2rc1 (linux64 - "Rocky Linux 9.7 (Blue Onyx)")

CPU model: QEMU Virtual CPU version 2.5+, instruction set [SSE2]
Thread count: 8 physical cores, 8 logical processors, using up to 4 threads

Non-default parameters:
TimeLimit  7200
Threads  4

Optimize a model with 231208 rows, 139275 columns and 2709060 nonzeros (Min)
Model fingerprint: 0xf3cdb207
Model has 18900 linear objective coefficients
Variable types: 30240 continuous, 109035 integer (109020 binary)
Coefficient statistics:
  Matrix range     [1e+00, 2e+05]
  Objective range  [1e+00, 8e+01]
  Bounds range     [1e+00, 2e+03]
  RHS range        [1e+00, 2e+05]

Presolve removed 73690 rows and 150 columns (presolve time = 5s)...
Presolve removed 73780 rows and 195 columns
Presolve time: 9.24s
Presolved: 157428 rows, 139080 columns, 703875 nonzeros
Variable types: 750 continuous, 138330 integer (122085 binary)
Deterministic concurrent LP optimizer: primal simplex, dual simplex, and barrier
Showing barrier log only...

Root barrier log...

Ordering time: 2.14s

Barrier statistics:
 Dense cols : 15
 AA' NZ     : 1.819e+06
 Factor NZ  : 7.399e+06 (roughly 180 MB of memory)
 Factor Ops : 1.576e+09 (less than 1 second per iteration)
 Threads    : 1

                  Objective                Residual
Iter       Primal          Dual         Primal    Dual     Compl     Time
   0   1.69483004e+06 -2.97356394e+06  1.90e+05 2.22e-16  1.40e+02    20s
   1   5.84454378e+05 -2.95337993e+06  6.62e+04 6.28e-01  5.76e+01    21s
   2   4.30502278e+05 -2.35803249e+06  5.01e+04 3.49e-01  3.83e+01    22s
   3   1.29633998e+05 -1.52007732e+06  1.53e+04 1.58e-10  1.15e+01    22s
   4   1.52107184e+04 -3.62610232e+05  1.58e+03 3.20e-14  1.67e+00    23s
   5   3.29526345e+03 -5.79348596e+04  1.95e+02 6.49e-14  2.25e-01    24s
   6   1.47740252e+03 -8.37520604e+03  4.05e+01 2.71e-14  3.98e-02    25s
   7   8.61794176e+02 -1.83180315e+03  2.98e+00 1.57e-14  8.08e-03    25s
   8   6.57936468e+02 -2.89335656e+02  8.43e-01 4.18e-15  2.75e-03    26s
   9   5.51050787e+02  2.33137048e+02  1.52e-01 3.58e-15  8.76e-04    27s
  10   5.19817030e+02  4.91078316e+02  1.13e-03 5.84e-15  7.65e-05    27s
  11   5.19037527e+02  5.18748649e+02  4.68e-05 5.46e-15  7.68e-07    28s
  12   5.19000001e+02  5.18999987e+02  5.84e-10 5.19e-15  3.65e-11    28s
  13   5.19000000e+02  5.19000000e+02  4.85e-10 8.88e-16  3.65e-14    29s

Barrier solved model in 13 iterations and 29.05 seconds (12.96 work units)
Optimal objective 5.19000000e+02


Root crossover log...

   17746 DPushes remaining with DInf 0.0000000e+00                29s
       0 DPushes remaining with DInf 0.0000000e+00                29s

   61892 PPushes remaining with PInf 0.0000000e+00                29s
   43807 PPushes remaining with PInf 0.0000000e+00                30s
   21396 PPushes remaining with PInf 0.0000000e+00                35s
   12115 PPushes remaining with PInf 0.0000000e+00                41s
    3068 PPushes remaining with PInf 0.0000000e+00                45s
       0 PPushes remaining with PInf 0.0000000e+00                47s

  Push phase complete: Pinf 0.0000000e+00, Dinf 1.1145168e-11     48s


Root simplex log...

Iteration    Objective       Primal Inf.    Dual Inf.      Time
   79611    5.1900000e+02   0.000000e+00   0.000000e+00     48s
Crossover time: 18.52 seconds (10.49 work units)
Concurrent spin time: 0.00s

Solved with barrier

Root relaxation: objective 5.190000e+02, 79611 iterations, 33.06 seconds (15.10 work units)

    Nodes    |    Current Node    |     Objective Bounds      |     Work
 Expl Unexpl |  Obj  Depth IntInf | Incumbent    BestBd   Gap | It/Node Time

     0     0  519.00000    0 13945          -  519.00000      -     -  145s
     0     0  519.00000    0 15329          -  519.00000      -     -  148s
     0     0  519.00000    0 15331          -  519.00000      -     -  149s
     0     0  519.00000    0 17205          -  519.00000      -     -  187s
     0     0  519.00000    0 17184          -  519.00000      -     -  195s
     0     0  519.00000    0 24630          -  519.00000      -     -  233s
     0     0  519.00000    0 24630          -  519.00000      -     -  233s
     0     0  519.00000    0 5919          -  519.00000      -     -  312s
     0     0  519.00000    0 8223          -  519.00000      -     -  317s
     0     0  519.00000    0 20031          -  519.00000      -     -  346s
     0     0  519.00000    0 20031          -  519.00000      -     -  347s
     0     0  519.00000    0 12528          -  519.00000      -     -  410s
     0     0  519.00000    0 12894          -  519.00000      -     -  415s
     0     0  519.00000    0 20638          -  519.00000      -     -  440s
     0     0  519.00000    0 20638          -  519.00000      -     -  440s
     0     0  519.00000    0 9487          -  519.00000      -     -  498s
     0     0  519.00000    0 15366          -  519.00000      -     -  513s
     0     0  519.00000    0 15479          -  519.00000      -     -  516s
     0     0  519.00000    0 14422          -  519.00000      -     -  519s
     0     0  519.00000    0 14480          -  519.00000      -     -  520s
     0     0  519.00000    0 21130          -  519.00000      -     -  561s
     0     0  519.00000    0 21156          -  519.00000      -     -  561s
     0     0  519.00000    0 13367          -  519.00000      -     -  643s
     0     0  519.00000    0 14178          -  519.00000      -     -  651s
     0     0  519.00000    0 13440          -  519.00000      -     -  654s
     0     0  519.00000    0 13300          -  519.00000      -     -  676s
     0     0  519.00000    0 13238          -  519.00000      -     -  677s
     0     0  519.00000    0 13238          -  519.00000      -     -  759s
     0     0  519.00000    0 13238          -  519.00000      -     -  762s
     0     0  519.00000    0 10545          -  519.00000      -     -  844s
     0     2  520.10000    0 10545          -  520.10000      -     -  982s
     1     4  520.10000    1 15302          -  520.10000      -  4986  996s
     3     8  520.10000    2 15740          -  520.10000      -  3849 1037s
     7    12  520.10000    3 16364          -  520.10000      -  3538 1044s
    11    22  520.10000    4 15210          -  520.10000      -  2406 1058s
    21    38  520.10000    6 15218          -  520.10000      -  1770 1069s
    37    54  520.10000   11 15082          -  520.10000      -  1160 1072s
    53    81  520.10000   16 15032          -  520.10000      -   849 1078s
    80    94  520.10000   24 15482          -  520.10000      -   619 1084s
    93   107  520.10000   25 15484          -  520.10000      -   536 1094s
   106   120  520.10000   26 15484          -  520.10000      -   501 1099s
   119   138  520.10000   27 15484          -  520.10000      -   451 1118s
   137   149  520.10000   28 15448          -  520.10000      -   420 1127s
   148   154  520.10000   29 15302          -  520.10000      -   399 1143s
   153   166  520.10000   30 15148          -  520.10000      -   420 1149s
   165   182  520.10000   31 15475          -  520.10000      -   395 1156s
   181   188  520.10000   32 15153          -  520.10000      -   363 1165s
   187   201  520.10000   33 15152          -  520.10000      -   355 1173s
   200   216  520.10000   34 15153          -  520.10000      -   348 1191s
   215   222  520.10000   35 15107          -  520.10000      -   327 1196s
   221   235  520.10000   36 15449          -  520.10000      -   328 1203s
   234   252  520.10000   37 15140          -  520.10000      -   315 1214s
   251   274  520.10000   38 15143          -  520.10000      -   308 1224s
   273   292  520.10000   39 15143          -  520.10000      -   292 1233s
   291   310  520.10000   40 15143          -  520.10000      -   288 1243s
   309   325  520.10000   41 15105          -  520.10000      -   282 1253s
   324   344  520.10000   42 15141          -  520.10000      -   286 1263s
   343   380  520.10000   43 15142          -  520.10000      -   283 1286s
   379   416  520.10000   44 15146          -  520.10000      -   264 1301s
   415   478  520.10000   45 15146          -  520.10000      -   259 1316s
   477   515  525.80000   46 15132          -  520.10000      -   239 1335s
   514   533  522.30668   47 14331          -  520.10000      -   229 1345s
   538   550  522.88473   51 13272          -  520.10000      -   234 1361s
   555   567  522.90927   53 13575          -  520.10000      -   243 1399s
   572   647  522.91979   54 13273          -  520.10000      -   239 1428s
   652   695  525.06274   83 13070          -  520.10000      -   217 1451s
   700   711  525.11667   84 13071          -  520.10000      -   209 1479s
   716   715  526.29675   88 13094          -  520.10000      -   213 1788s
   720   719  526.32155   89 13093          -  520.10000      -   211 2092s
   724   723  526.37610   90 13095          -  520.10000      -   210 2387s
   728   727  526.37610   91 13094          -  520.10000      -   210 2670s
   732   784  526.65220   92 13407          -  520.10000      -   210 2694s
   789   863  560.79389   99 13917          -  520.10000      -   212 2711s
   868   939  560.80000  112 13424          -  520.10000      -   205 2728s
   944  1036  560.80000  118 11235          -  520.10000      -   204 2746s
  1043  1183  560.80000  157 11159          -  520.10000      -   194 2759s
  1190  1309  560.80000  210 11053          -  520.10000      -   178 2772s
  1316  1415  560.80000  270 10933          -  520.10000      -   171 2786s
  1422  1513  560.80000  298 10902          -  520.10000      -   168 2804s
  1520  1615  560.80000  303 9784          -  520.10000      -   170 2820s
  1622  1722  560.80000  304 9784          -  520.10000      -   168 2837s
  1729  1841  560.80000  306 9798          -  520.10000      -   167 2856s
  1848  1994  579.95440  309 9186          -  520.10000      -   164 2874s
  2001  2189  560.80000  313 9784          -  520.10000      -   157 2895s
  2196  2392  560.80000  320 9772          -  520.10000      -   148 2914s
  2399  2607  560.80000  326 9434          -  520.10000      -   140 2932s
  2614  2840  565.87820  332 8471          -  520.10000      -   134 2950s
  2847  3061  560.80000  335 9370          -  520.10000      -   127 2972s
  3072  3276  560.80000  340 9305          -  520.10000      -   123 2991s
  3291  3539  560.80000  353 8092          -  520.10000      -   120 3013s
  3554  3847  560.95939  409 7178          -  520.10000      -   114 3040s
  3869  4102  561.05444  481 7761          -  520.10000      -   108 3064s
  4135  4222  561.35250  577 7501          -  520.10000      -   104 3106s
  4257  4455  561.35250  578 7278          -  520.10000      -   104 3133s
  4502  4688  561.48007  649 5255          -  520.10000      -   102 3160s
  4737  4982  562.12409  755 4577          -  520.10000      -   101 3185s
  5031  5230  562.74340  861 4794          -  520.10000      -  98.7 3207s
  5309  5231  564.25000  699 10545          -  520.10000      -  96.5 3472s
  5311  5232  644.29009  969 3466          -  520.10000      -  96.5 3690s
  5312  5233  589.10000  506 3853          -  520.10000      -  96.4 3706s
  5313  5234  523.30000   42 3458          -  520.10000      -  96.4 3713s
  5314  5234  648.12902 1167 3501          -  520.10000      -  96.4 3716s
  5315  5235  557.70000  535 3501          -  520.10000      -  96.4 3819s
  5316  5236  602.98398  637 3501          -  520.41199      -  96.4 3870s
  5317  5239  520.41199   16 4059          -  520.41199      -   120 3972s
  5319  5243  520.41199   17 4049          -  520.41199      -   120 4047s
  5323  5245  520.41199   18 4057          -  520.41199      -   122 4051s
  5327  5259  520.41199   19 4063          -  520.41199      -   122 4072s
  5342  5265  520.41199   21 3749          -  520.41199      -   126 4089s
  5353  5269  520.41199   22 4047          -  520.41199      -   128 4103s
  5361  5278  520.41199   23 3939          -  520.41199      -   129 4115s
  5372  5276  520.96484   24 5096          -  520.41199      -   132 4133s
  5375  5284  523.45773   25 5574          -  520.41199      -   133 4147s
  5384  5288  522.79003   25 5088          -  520.41199      -   135 4158s
  5391  5299  522.82708   26 4479          -  520.41199      -   137 4173s
  5404  5310  522.79003   27 4923          -  520.41199      -   139 4190s
  5420  5325  522.80208   29 4922          -  520.41199      -   140 4197s
  5440  5323  522.80835   30 4920          -  520.41199      -   141 4225s
  5445  5329  522.81641   31 4916          -  520.41199      -   141 4245s
  5452  5344  522.84275   33 4911          -  520.41199      -   142 4258s
  5470  5353  522.90957   36 4898          -  520.41199      -   143 4268s
  5485  5370  522.98629   37 4604          -  520.41199      -   145 4277s
  5507  5370  523.20278   40 4600          -  520.41199      -   145 4287s
  5514  5373  523.26549   41 4598          -  520.41199      -   147 4308s
  5519  5383  523.27476   42 4584          -  520.41199      -   147 4316s
  5531  5391  523.30456   45 5919          -  520.41199      -   149 4328s
  5543  5397  528.40485   45 4360          -  520.41199      -   150 4347s
  5553  5402  523.34734   47 5852          -  520.41199      -   152 4358s
  5561  5410  523.35189   49 5340          -  520.41199      -   153 4366s
  5572  5410  523.83342   50 5555          -  520.41199      -   155 4381s
  5576  5420  523.37685   51 4589          -  520.41199      -   155 4395s
  5587  5425  523.38236   53 4594          -  520.41199      -   158 4408s
  5596  5436  523.38727   55 4587          -  520.41199      -   160 4434s
  5610  5439  523.46548   57 4407          -  520.41199      -   163 4482s
  5617  5439  523.46598   58 4401          -  520.41199      -   164 4505s
  5620  5442  533.30510   58 5148          -  520.41199      -   164 4518s
  5624  5445  523.46924   59 4396          -  520.41199      -   165 4542s
  5628  5448  537.04675   59 5329          -  520.41199      -   166 4557s
  5632  5450  523.46924   60 4404          -  520.41199      -   167 4574s
  5636  5453  539.89492   60 4835          -  520.41199      -   168 4610s
  5640  5456  532.89075   61 4786          -  520.41199      -   168 4650s
  5644  5458  530.74340   61 4933          -  520.41199      -   171 4704s
  5648  5461  530.76459   62 4965          -  520.41199      -   171 4767s
  5652  5467  531.24889   62 4879          -  520.41199      -   173 4787s
  5659  5471  530.76459   63 4918          -  520.41199      -   174 4807s
  5666  5473  535.87285   63 4977          -  520.41199      -   175 4945s
  5670  5480  530.76459   64 4912          -  520.41199      -   178 5028s
  5678  5482  537.44298   64 5090          -  520.41199      -   179 5103s
  5683  5489  530.79076   65 4901          -  520.41199      -   181 5235s
  5692  5493  530.86635   67 4870          -  520.41199      -   183 5261s
  5699  5503  537.77645   68 5195          -  520.41199      -   185 5280s
  5711  5515  532.32627   70 6225          -  520.41199      -   187 5343s
  5727  5515  531.93946   74 7650          -  520.41199      -   189 5407s
  5732  5519  531.95650   75 7562          -  520.41199      -   190 5436s
  5738  5551  531.97570   76 7412          -  520.41199      -   193 5461s
  5772  5548  531.97934   80 7302          -  520.41199      -   195 5503s
  5780  5583  531.97934   81 7839          -  520.41199      -   197 5529s
  5818  5601  532.01081   85 6259          -  520.41199      -   201 5559s
  5849  5616  532.07273   88 6659          -  520.41199      -   207 5864s
  5874  5616  532.08916   92 6673          -  520.41199      -   211 5962s
  5884  5665  532.09159   93 6557          -  520.41199      -   212 5994s
  5937  5729  532.10649   96 6317          -  520.41199      -   215 6024s
  6033  5705  532.21721  107 5589          -  520.41199      -   220 6074s
  6041  5732  532.21721  108 5801          -  520.41199      -   224 6108s
  6071  5749  532.22551  110 4506          -  520.41199      -   229 6152s
  6098  5817  532.26220  113 3202          -  520.41199      -   237 6231s
  6175  5812  532.34702  120 3271          -  520.41199      -   244 6283s
  6196  5951  532.40937  122 2170          -  520.41199      -   247 6324s
  6344  5941  552.80523  144 1512          -  520.41199      -   251 6394s
  6387  6021  556.87656  160 1165          -  520.41199      -   253 6430s
  6488  6049  557.99236  171 1168          -  520.41199      -   259 6483s
  6572  6131  525.13762   22 4524          -  520.41199      -   262 6525s
  6700  6114  529.57922   30 5879          -  520.41199      -   269 6570s
  6728  6215  524.10943   31 4875          -  520.41199      -   272 6614s
  6860  6303  525.55983   36 1387          -  520.41199      -   278 6658s
  6997  6363  541.54476   63 1159          -  520.41199      -   280 6705s
  7121  6435  560.64072   94 2237          -  520.41199      -   282 6765s
  7270  6399  563.06725  129 1168          -  520.41199      -   285 6853s
  7286  6479  563.17482  134 1162          -  520.41199      -   287 6909s
  7385  6497  627.96086  156 1293          -  520.41199      -   289 6967s
  7436  6519  569.39521  161 1974          -  520.41199      -   289 7036s
  7477  6519  569.41721  173 1962          -  520.41199      -   292 7126s
  7505  6590  569.42849  179 1956          -  520.41199      -   293 7185s
  7607  6571  575.93485  198 1168          -  520.41199      -   300 7200s

Cutting planes:
  Gomory: 9
  Cover: 22
  Implied bound: 61
  Clique: 1
  MIR: 33
  Flow cover: 1
  GUB cover: 8
  RLT: 97
  Relax-and-lift: 4

Explored 7622 nodes (2692432 simplex iterations) in 7200.82 seconds (6736.57 work units)
Thread count was 4 (of 8 available processors)

Solution count 0

Time limit reached
Best objective -, best bound 5.205000000000e+02, gap -
