
Gurobi 13.0.2 (linux64) logging started Wed Jul  8 09:24:07 2026

Set parameter LogFile to value "src/Resultados/Restriccion demanda/logs/RC207-50.xml_log.log"
Set parameter Threads to value 4
Gurobi Optimizer version 13.0.2 build v13.0.2rc1 (linux64 - "Rocky Linux 9.7 (Blue Onyx)")

CPU model: QEMU Virtual CPU version 2.5+, instruction set [SSE2]
Thread count: 8 physical cores, 8 logical processors, using up to 4 threads

Non-default parameters:
TimeLimit  7200
Threads  4

Optimize a model with 238084 rows, 144495 columns and 3059700 nonzeros (Min)
Model fingerprint: 0xdff4346f
Model has 21960 linear objective coefficients
Variable types: 30780 continuous, 113715 integer (113700 binary)
Coefficient statistics:
  Matrix range     [1e+00, 2e+05]
  Objective range  [1e+00, 8e+01]
  Bounds range     [1e+00, 2e+03]
  RHS range        [1e+00, 2e+05]

Presolve removed 73914 rows and 150 columns (presolve time = 5s)...
Presolve removed 75340 rows and 180 columns (presolve time = 10s)...
Presolve removed 75355 rows and 195 columns
Presolve time: 11.47s
Presolved: 162729 rows, 144300 columns, 740025 nonzeros
Variable types: 750 continuous, 143550 integer (127305 binary)
Deterministic concurrent LP optimizer: primal simplex, dual simplex, and barrier
Showing barrier log only...

Root barrier log...

Ordering time: 3.18s

Barrier statistics:
 Dense cols : 15
 AA' NZ     : 2.209e+06
 Factor NZ  : 9.120e+06 (roughly 200 MB of memory)
 Factor Ops : 2.395e+09 (less than 1 second per iteration)
 Threads    : 1

                  Objective                Residual
Iter       Primal          Dual         Primal    Dual     Compl     Time
   0   1.92867436e+06 -3.00520630e+06  1.97e+05 5.55e-17  1.41e+02    23s
   1   6.59073864e+05 -3.04735425e+06  6.81e+04 6.41e-01  5.75e+01    24s
   2   4.76219730e+05 -2.14304353e+06  5.08e+04 6.61e-02  3.18e+01    25s
   3   9.26814377e+04 -8.43410383e+05  9.77e+03 3.05e-03  6.49e+00    26s
   4   1.28373756e+04 -4.03568925e+05  1.18e+03 9.96e-04  1.56e+00    27s
   5   3.15522018e+03 -4.34502478e+04  1.62e+02 3.05e-12  1.68e-01    28s
   6   1.73190622e+03 -4.75897799e+03  5.95e+01 1.56e-13  3.36e-02    29s
   7   1.09460518e+03 -1.47189110e+03  1.04e+01 4.88e-14  9.38e-03    30s
   8   6.49904843e+02 -2.64870957e+02  1.64e+00 1.57e-14  2.76e-03    31s
   9   5.09978491e+02  1.85010972e+02  1.89e-01 5.48e-15  8.72e-04    32s
  10   4.85545769e+02  4.54395646e+02  2.18e-03 6.08e-15  7.99e-05    33s
  11   4.83621588e+02  4.83155440e+02  1.22e-12 1.84e-15  1.19e-06    33s
  12   4.83600022e+02  4.83599555e+02  1.08e-11 3.58e-15  1.19e-09    34s
  13   4.83600000e+02  4.83600000e+02  7.56e-11 3.56e-15  8.99e-15    35s

Barrier solved model in 13 iterations and 34.95 seconds (15.40 work units)
Optimal objective 4.83600000e+02


Root crossover log...

   17832 DPushes remaining with DInf 0.0000000e+00                36s
       0 DPushes remaining with DInf 0.0000000e+00                36s

   80555 PPushes remaining with PInf 0.0000000e+00                36s
   13289 PPushes remaining with PInf 0.0000000e+00                40s
    4968 PPushes remaining with PInf 0.0000000e+00                45s
     528 PPushes remaining with PInf 0.0000000e+00                50s
       0 PPushes remaining with PInf 0.0000000e+00                51s

  Push phase complete: Pinf 0.0000000e+00, Dinf 5.7270855e-13     51s


Root simplex log...

Iteration    Objective       Primal Inf.    Dual Inf.      Time
   80737    4.8360000e+02   0.000000e+00   0.000000e+00     51s
Crossover time: 15.88 seconds (8.09 work units)
Concurrent spin time: 0.01s

Solved with barrier

Root relaxation: objective 4.836000e+02, 80737 iterations, 35.37 seconds (14.28 work units)

    Nodes    |    Current Node    |     Objective Bounds      |     Work
 Expl Unexpl |  Obj  Depth IntInf | Incumbent    BestBd   Gap | It/Node Time

     0     0  483.60000    0 15508          -  483.60000      -     -  148s
     0     0  483.60000    0 12146          -  483.60000      -     -  151s
     0     0  483.60000    0 15676          -  483.60000      -     -  174s
     0     0  483.60000    0 16811          -  483.60000      -     -  183s
     0     0  483.60000    0 15842          -  483.60000      -     -  205s
     0     0  483.60000    0 15842          -  483.60000      -     -  205s
     0     0  483.60000    0 13172          -  483.60000      -     -  323s
     0     0  483.60000    0 13204          -  483.60000      -     -  331s
     0     0  483.60000    0 13123          -  483.60000      -     -  335s
     0     0  483.60000    0 13324          -  483.60000      -     -  337s
     0     0  483.60000    0 18941          -  483.60000      -     -  368s
     0     0  483.60000    0 18941          -  483.60000      -     -  368s
     0     0  483.60000    0 3618          -  483.60000      -     -  427s
     0     0  483.60000    0 6614          -  483.60000      -     -  456s
     0     0  483.60000    0 6125          -  483.60000      -     -  457s
     0     0  483.60000    0 15063          -  483.60000      -     -  488s
     0     0  483.60000    0 15063          -  483.60000      -     -  488s
     0     0  483.60000    0 6567          -  483.60000      -     -  591s
     0     0  483.60000    0 10130          -  483.60000      -     -  605s
     0     0  483.60000    0 10071          -  483.60000      -     -  615s
     0     0  483.60000    0 10199          -  483.60000      -     -  617s
     0     0  483.60000    0 24758          -  483.60000      -     -  667s
     0     0  483.60000    0 24074          -  483.60000      -     -  671s
     0     0  483.60000    0 13477          -  483.60000      -     -  781s
     0     0  483.60000    0 10640          -  483.60000      -     -  793s
     0     0  483.60000    0 8926          -  483.60000      -     -  795s
     0     0  483.60000    0 15028          -  483.60000      -     -  838s
     0     0  483.60000    0 15026          -  483.60000      -     -  839s
     0     0  483.60000    0 7850          -  483.60000      -     -  910s
     0     0  483.60000    0 9662          -  483.60000      -     -  916s
     0     0  483.60000    0 9662          -  483.60000      -     -  952s
     0     2  483.80000    0 9406          -  483.80000      -     - 1114s
     1     4  483.80000    1 4440          -  483.80000      -  4271 1132s
     3     8  483.85946    2 7313          -  483.80000      -  4068 1161s
     7    12  485.04778    3 8733          -  483.80000      -  3775 1182s
    11    29  485.06099    4 9129          -  483.80000      -  3412 1195s
    29    37  485.10259    9 10262          -  483.80000      -  1526 1209s
    37    45  485.10259   12 12713          -  483.80000      -  1399 1215s
    45    53  485.13469   13 9722          -  483.80000      -  1258 1230s
    53    70  486.45032   14 9685          -  483.80000      -  1167 1236s
    70    80  487.20578   19 9686          -  483.80000      -   932 1249s
    80    98  487.28052   22 9698          -  483.80000      -   818 1253s
    98   118  487.72026   27 9910          -  483.80000      -   681 1257s
   118   138  487.82962   32 9919          -  483.80000      -   570 1265s
   153   183  488.26548   39 9694          -  483.80000      -   461 1272s
   183   196  488.61615   47 9910          -  483.80000      -   388 1275s
   217   236  489.53022   56 10160          -  483.80000      -   340 1282s
   236   261  489.53022   57 10161          -  483.80000      -   313 1288s
   261   280  489.53129   63 9688          -  483.80000      -   289 1291s
   313   326  489.62139   72 10263          -  483.80000      -   245 1299s
   326   360  489.64258   73 10262          -  483.80000      -   236 1305s
   360   396  489.64912   83 10048          -  483.80000      -   217 1310s
   446   466  489.72595  112 10604          -  483.80000      -   179 1319s
   466   511  489.72595  113 10602          -  483.80000      -   173 1323s
   511   536  489.74389  124 10604          -  483.80000      -   160 1329s
   536   580  489.74389  125 10603          -  483.80000      -   155 1332s
   580   595  489.81581  137 12112          -  483.80000      -   146 1336s
   595   650  489.81581  138 12107          -  483.80000      -   143 1340s
   650   668  491.16445  155 9400          -  483.80000      -   132 1364s
   668   719  491.17595  156 9397          -  483.80000      -   129 1372s
   719   752  491.38885  160 9748          -  483.80000      -   122 1378s
   752   824  491.40046  161 9746          -  483.80000      -   118 1383s
   824   828  491.96976  178 10420          -  483.80000      -   109 1403s
   828   832  492.00067  179 10405          -  483.80000      -   110 1775s
   832   836  492.00067  180 9779          -  483.80000      -   110 2195s
   836   840  492.00067  181 9779          -  483.80000      -   109 2583s
   840   844  492.00941  182 9783          -  483.80000      -   109 2849s
   844   850  492.08144  183 9779          -  483.80000      -   109 2937s
   850   869  492.09346  184 9776          -  483.80000      -   108 2948s
   869   896  492.33472  185 10788          -  483.80000      -   107 2962s
   896   900  492.47263  186 10781          -  483.80000      -   105 2980s
   900   904  492.47263  187 10786          -  483.80000      -   107 3006s
   904   907  499.31750  188 9798          -  483.80000      -   106 3028s
   908   911  499.34811  189 9733          -  483.80000      -   108 3049s
   912   915  499.34811  190 9735          -  483.80000      -   108 3067s
   916   919  499.38608  191 9732          -  483.80000      -   109 3091s
   920   923  499.38608  192 9740          -  483.80000      -   110 3109s
   924   927  499.42311  193 9742          -  483.80000      -   110 3131s
   928   931  500.01940  194 9729          -  483.80000      -   109 3157s
   932   935  500.13977  195 9733          -  483.80000      -   109 3180s
   936   939  502.08977  196 9733          -  483.80000      -   111 3204s
   940   943  502.78977  196 9372          -  483.80000      -   115 3235s
   944   947  502.25890  197 9723          -  483.80000      -   116 3257s
   948   951  503.06196  198 9776          -  483.80000      -   117 3279s
   952   955  503.06196  199 9776          -  483.80000      -   117 3309s
   956   959  503.07344  200 9757          -  483.80000      -   116 3331s
   960   963  503.22032  201 9756          -  483.80000      -   116 3354s
   964   967  503.24048  202 10846          -  483.80000      -   116 3383s
   968   971  503.27710  203 10845          -  483.80000      -   117 3414s
   972   975  503.28917  204 10836          -  483.80000      -   117 3444s
   976   979  503.48623  205 10842          -  483.80000      -   117 3468s
   980   983  503.52960  206 10837          -  483.80000      -   116 3513s
   984   987  503.68756  207 10815          -  483.80000      -   116 3538s
   988   991  503.75898  208 9432          -  483.80000      -   115 3581s
   992   995  503.92255  209 9440          -  483.80000      -   115 3604s
   996   999  504.00042  210 8763          -  483.80000      -   115 3657s
  1000  1003  504.00042  211 8763          -  483.80000      -   114 3731s
  1004  1007  504.00042  212 8763          -  483.80000      -   114 3754s
  1008  1011  504.03765  213 9450          -  483.80000      -   113 3777s
  1012  1015  504.27910  214 9449          -  483.80000      -   113 3806s
  1016  1019  506.27102  215 8749          -  483.80000      -   113 3836s
  1020  1020  506.30723  216 8748          -  483.80000      -   113 3861s
  1027  1058  506.37967  217 8753          -  483.80000      -   117 3902s
  1065  1101  506.51403  218 9439          -  483.80000      -   116 3931s
  1109  1151 infeasible  219               -  483.80000      -   112 3951s
  1165  1200  487.93672    4 12441          -  483.80000      -   112 3977s
  1214  1262  488.02090    5 12639          -  483.80000      -   109 3994s
  1283  1317  494.11524    5 13702          -  483.80000      -   107 4065s
  1348  1368  494.22583    6 13672          -  484.16232      -   107 4084s
  1415  1424  494.36543    7 13678          -  484.16693      -   107 4114s
  1472  1425  487.60000  102 9662          -  484.16693      -   109 4414s
  1473  1426  504.40000   14 9662          -  484.16693      -   109 4416s
  1474  1426  519.50000  272 6448          -  484.16693      -   109 4696s
  1475  1427  528.20000  184 4155          -  484.79512      -   108 4721s
  1476  1428  489.00000   98 4370          -  484.79836      -   108 4726s
  1478  1429  532.70000  626 4374          -  484.79836      -   108 4799s
  1479  1430  505.18801   81 4374          -  485.09734      -   108 4842s
  1480  1433  485.09975   11 4746          -  485.09734      -   210 4913s
  1482  1437  485.11957   12 4561          -  485.09734      -   211 4923s
  1486  1439  485.11957   13 4556          -  485.09734      -   213 4930s
  1490  1450  485.11957   14 4560          -  485.09734      -   213 4946s
  1502  1455  485.11957   16 4558          -  485.09734      -   223 4962s
  1511  1461  485.11957   17 4480          -  485.09734      -   226 4972s
  1520  1466  486.67781   18 5701          -  485.09734      -   232 4984s
  1528  1469  486.05184   19 5976          -  485.09734      -   236 4992s
  1534  1473  492.69646   19 5965          -  485.09734      -   242 5008s
  1540  1475  487.22494   20 5898          -  485.09734      -   245 5020s
  1544  1481  486.31089   20 5896          -  485.09734      -   248 5027s
  1551  1487  487.01435   21 5905          -  485.09734      -   249 5040s
  1559  1490  487.22554   21 5183          -  485.09734      -   254 5064s
  1565  1496  487.01435   22 5902          -  485.09734      -   261 5073s
  1573  1503  488.09286   22 5958          -  485.09734      -   263 5080s
  1583  1507  487.02624   23 5892          -  485.09734      -   265 5093s
  1590  1516  491.04827   23 5916          -  485.09734      -   267 5103s
  1601  1516  488.17719   24 5887          -  485.09734      -   269 5129s
  1605  1520  495.50141   24 6043          -  485.09734      -   275 5158s
  1610  1523  488.25215   25 5894          -  485.09734      -   277 5174s
  1615  1532  491.12863   25 5850          -  485.09734      -   279 5185s
  1626  1541  489.59310   26 6075          -  485.09734      -   280 5198s
  1640  1548  488.27685   26 6216          -  485.09734      -   283 5226s
  1652  1557  488.73568   27 6157          -  485.09734      -   285 5237s
  1667  1555  489.77678   27 6208          -  485.09734      -   287 5258s
  1672  1557  488.76912   28 6135          -  485.09734      -   288 5283s
  1678  1568  509.85021   28 5900          -  485.09734      -   289 5301s
  1691  1571  488.98290   29 6197          -  485.09734      -   293 5313s
  1698  1589  495.51657   29 5888          -  485.09734      -   294 5327s
  1718  1596  489.08234   30 6153          -  485.09734      -   295 5339s
  1732  1610  491.47678   30 6289          -  485.09734      -   298 5380s
  1751  1620  489.08234   31 6128          -  485.09734      -   298 5432s
  1767  1630  489.08234   32 5879          -  485.09734      -   300 5453s
  1782  1658  489.09057   36 6206          -  485.09734      -   303 5477s
  1815  1663  489.70187   42 6215          -  485.09734      -   310 5504s
  1831  1683  489.71464   43 6223          -  485.09734      -   318 5525s
  1859  1688  490.68868   46 6281          -  485.09734      -   324 5547s
  1873  1699  490.80137   48 6230          -  485.09734      -   326 5573s
  1893  1708  491.83754   52 6232          -  485.09734      -   331 5598s
  1910  1728  493.21506   55 5706          -  485.09734      -   335 5622s
  1938  1733  494.91671   59 5696          -  485.09734      -   340 5658s
  1952  1750  508.03222   60 6134          -  485.09734      -   343 5683s
  1974  1760  518.25743   62 5083          -  485.09734      -   348 5724s
  1991  1769  496.09167   63 5678          -  485.09734      -   356 5837s
  2006  1784  522.23223   64 6567          -  485.09734      -   359 6043s
  2026  1814  496.67728   65 5679          -  485.09734      -   362 6268s
  2079  1824  529.57274   68 7718          -  485.09734      -   368 6299s
  2106  1869  552.40603   69 6235          -  485.09734      -   368 6327s
  2160  1903  498.42569   71 5675          -  485.09734      -   375 6367s
  2212  1910  548.91003   73 5758          -  485.09734      -   386 6481s
  2239  1909  523.77858   76 6899          -  485.09734      -   395 6636s
  2249  1917  525.54866   77 6933          -  485.09734      -   399 6755s
  2262  1928  525.60814   78 6905          -  485.09734      -   399 6798s
  2277  1966  527.64338   80 7015          -  485.09734      -   402 6844s
  2320  2023  527.26774   89 8015          -  485.09734      -   411 6883s
  2392  2024  529.59159  103 7744          -  485.09734      -   421 6943s
  2417  2137  529.90618  104 7739          -  485.09734      -   421 6991s
  2540  2193  530.74505  127 7748          -  485.09734      -   421 7037s
  2641  2237  531.00166  139 6907          -  485.09734      -   425 7080s
  2719  2247  531.07328  144 6953          -  485.09734      -   432 7137s
  2755  2336  531.07328  148 7127          -  485.09734      -   434 7180s
  2856  2307  531.84925  155 6982          -  485.09734      -   436 7200s

Cutting planes:
  Cover: 18
  Implied bound: 60
  Clique: 51
  MIR: 36
  GUB cover: 18
  RLT: 113
  Relax-and-lift: 11

Explored 2860 nodes (1664672 simplex iterations) in 7200.55 seconds (6342.03 work units)
Thread count was 4 (of 8 available processors)

Solution count 0

Time limit reached
Best objective -, best bound 4.851000000000e+02, gap -
