
Gurobi 13.0.2 (linux64) logging started Tue Jul  7 17:11:57 2026

Set parameter LogFile to value "src/Resultados/Restriccion demanda/logs/RC203-50.xml_log.log"
Set parameter Threads to value 4
Gurobi Optimizer version 13.0.2 build v13.0.2rc1 (linux64 - "Rocky Linux 9.7 (Blue Onyx)")

CPU model: QEMU Virtual CPU version 2.5+, instruction set [SSE2]
Thread count: 8 physical cores, 8 logical processors, using up to 4 threads

Non-default parameters:
TimeLimit  7200
Threads  4

Optimize a model with 240866 rows, 146265 columns and 3117780 nonzeros (Min)
Model fingerprint: 0x318c1d88
Model has 22410 linear objective coefficients
Variable types: 31110 continuous, 115155 integer (115140 binary)
Coefficient statistics:
  Matrix range     [1e+00, 2e+05]
  Objective range  [1e+00, 8e+01]
  Bounds range     [1e+00, 2e+03]
  RHS range        [1e+00, 2e+05]

Presolve removed 75955 rows and 150 columns (presolve time = 5s)...
Presolve removed 76090 rows and 210 columns (presolve time = 10s)...
Presolve removed 76075 rows and 195 columns
Presolve time: 10.22s
Presolved: 164791 rows, 146070 columns, 749955 nonzeros
Variable types: 750 continuous, 145320 integer (129075 binary)
Deterministic concurrent LP optimizer: primal simplex, dual simplex, and barrier
Showing barrier log only...

Root barrier log...

Ordering time: 2.71s

Barrier statistics:
 Dense cols : 15
 AA' NZ     : 2.286e+06
 Factor NZ  : 9.265e+06 (roughly 200 MB of memory)
 Factor Ops : 2.401e+09 (less than 1 second per iteration)
 Threads    : 1

                  Objective                Residual
Iter       Primal          Dual         Primal    Dual     Compl     Time
   0   1.52008033e+06 -2.95912610e+06  1.91e+05 5.55e-17  1.33e+02    19s
   1   4.22679581e+05 -3.01308617e+06  5.38e+04 6.12e-01  4.83e+01    20s
   2   3.81002060e+05 -2.92687076e+06  4.87e+04 6.69e-01  3.62e+01    21s
   3   1.21397470e+05 -1.04329191e+06  1.53e+04 1.84e-02  9.45e+00    22s
   4   8.26232890e+03 -1.95306476e+05  7.92e+02 4.10e-13  8.11e-01    23s
   5   5.25600342e+03 -8.35507839e+04  4.23e+02 1.52e-13  3.48e-01    23s
   6   2.55292293e+03 -1.89141656e+04  1.31e+02 2.66e-14  8.67e-02    24s
   7   1.66278269e+03 -6.34603176e+03  5.93e+01 9.21e-15  3.39e-02    25s
   8   1.54655984e+03 -2.46735460e+03  2.76e+01 6.06e-15  1.62e-02    26s
   9   6.34565877e+02 -9.14320777e+02  1.89e+00 8.51e-15  4.31e-03    28s
  10   5.33101318e+02  1.27593624e+02  5.65e-01 3.55e-15  1.13e-03    29s
  11   4.79360508e+02  4.26252389e+02  2.33e-02 3.64e-15  1.36e-04    30s
  12   4.74720592e+02  4.74435735e+02  3.74e-05 3.40e-15  7.20e-07    31s
  13   4.74700021e+02  4.74699736e+02  6.99e-12 4.62e-15  7.20e-10    32s
  14   4.74700000e+02  4.74700000e+02  1.64e-10 8.88e-16  7.20e-13    33s

Barrier solved model in 14 iterations and 32.55 seconds (16.30 work units)
Optimal objective 4.74700000e+02


Root crossover log...

   17964 DPushes remaining with DInf 0.0000000e+00                33s
       0 DPushes remaining with DInf 0.0000000e+00                34s

   63603 PPushes remaining with PInf 0.0000000e+00                34s
   35502 PPushes remaining with PInf 0.0000000e+00                35s
    9646 PPushes remaining with PInf 0.0000000e+00                64s
    8567 PPushes remaining with PInf 0.0000000e+00                65s
    3886 PPushes remaining with PInf 0.0000000e+00                70s
    1305 PPushes remaining with PInf 0.0000000e+00                75s
       0 PPushes remaining with PInf 0.0000000e+00                78s

  Push phase complete: Pinf 0.0000000e+00, Dinf 9.4368957e-15     78s


Root simplex log...

Iteration    Objective       Primal Inf.    Dual Inf.      Time
   81540    4.7470000e+02   0.000000e+00   0.000000e+00     78s
Crossover time: 45.62 seconds (21.29 work units)
Concurrent spin time: 0.00s

Solved with barrier

Root relaxation: objective 4.747000e+02, 81540 iterations, 63.90 seconds (28.36 work units)

    Nodes    |    Current Node    |     Objective Bounds      |     Work
 Expl Unexpl |  Obj  Depth IntInf | Incumbent    BestBd   Gap | It/Node Time

     0     0  474.70000    0 14754          -  474.70000      -     -  311s
     0     0  474.70000    0 12501          -  474.70000      -     -  314s
     0     0  474.70000    0 12247          -  474.70000      -     -  350s
     0     0  474.70000    0 12247          -  474.70000      -     -  366s
     0     0  474.70000    0 12508          -  474.70000      -     -  376s
     0     0  474.70000    0 12491          -  474.70000      -     -  376s
     0     0  474.70000    0 12219          -  474.70000      -     -  399s
     0     0  474.70000    0 12219          -  474.70000      -     -  399s
     0     0  474.70000    0 12219          -  474.70000      -     -  459s
     0     0  474.70000    0 17815          -  474.70000      -     -  480s
     0     0  474.70000    0 17810          -  474.70000      -     -  482s
     0     0  474.70000    0 18869          -  474.70000      -     -  504s
     0     0  474.70000    0 18869          -  474.70000      -     -  504s
     0     0  474.70000    0 7140          -  474.70000      -     -  592s
     0     0  474.70000    0 7658          -  474.70000      -     -  611s
     0     0  474.70000    0 7522          -  474.70000      -     -  618s
     0     0  474.70000    0 13611          -  474.70000      -     -  636s
     0     0  474.70000    0 12526          -  474.70000      -     -  637s
     0     0  474.70000    0 5482          -  474.70000      -     -  749s
     0     0  474.70000    0 5684          -  474.70000      -     -  840s
     0     0  474.70000    0 5002          -  474.70000      -     -  842s
     0     0  474.70000    0 9021          -  474.70000      -     -  868s
     0     0  474.70000    0 9009          -  474.70000      -     -  869s
     0     0  474.70000    0 5574          -  474.70000      -     -  930s
     0     0  474.70000    0 6050          -  474.70000      -     -  947s
     0     0  474.70000    0 6052          -  474.70000      -     -  949s
     0     0  474.70000    0 9572          -  474.70000      -     -  969s
     0     0  474.70000    0 9576          -  474.70000      -     -  969s
     0     0  474.70000    0 9573          -  474.70000      -     -  970s
     0     0  474.70000    0 9574          -  474.70000      -     -  971s
     0     0  474.70000    0 9574          -  474.70000      -     - 1038s
     0     0  474.70000    0 10642          -  474.70000      -     - 1052s
     0     0  475.73820    0 12110          -  475.73820      -     - 1069s
     0     0  475.73820    0 12110          -  475.73820      -     - 1069s
     0     0  475.73820    0 9986          -  475.73820      -     - 1179s
     0     0  475.78227    0 10005          -  475.78227      -     - 1189s
     0     0  475.78227    0 11344          -  475.78227      -     - 1192s
     0     0  475.78227    0 11416          -  475.78227      -     - 1195s
     0     0  478.21451    0 10719          -  478.21451      -     - 1211s
     0     0  478.21451    0 10731          -  478.21451      -     - 1212s
     0     0  478.25913    0 11142          -  478.25913      -     - 1224s
     0     0  478.29560    0 11492          -  478.29560      -     - 1235s
     0     0  478.29560    0 11492          -  478.29560      -     - 1235s
     0     0  478.66156    0 10878          -  478.66156      -     - 1241s
     0     0  478.66156    0 10357          -  478.66156      -     - 1244s
     0     0  478.85659    0 13033          -  478.85659      -     - 1259s
     0     0  478.85659    0 13682          -  478.85659      -     - 1261s
     0     0  478.93012    0 13425          -  478.93012      -     - 1276s
     0     0  478.93012    0 13365          -  478.93012      -     - 1277s
     0     0  478.93012    0 12247          -  478.93012      -     - 1281s
     0     0  479.03932    0 12325          -  479.03932      -     - 1294s
     0     0  479.03932    0 12335          -  479.03932      -     - 1294s
     0     0  479.17323    0 12267          -  479.17323      -     - 1306s
     0     0  479.17323    0 12392          -  479.17323      -     - 1308s
     0     0  479.17323    0 12958          -  479.17323      -     - 1321s
     0     0  479.17323    0 12909          -  479.17323      -     - 1321s
     0     0  479.17323    0 11107          -  479.17323      -     - 1335s
     0     0  479.17323    0 13035          -  479.17323      -     - 1346s
     0     0  479.17323    0 13010          -  479.17323      -     - 1347s
     0     0  479.17323    0 10260          -  479.17323      -     - 1361s
     0     0  480.76263    0 9864          -  480.76263      -     - 1374s
     0     0  480.76263    0 9864          -  480.76263      -     - 1375s
     0     0  480.76263    0 8141          -  480.76263      -     - 1509s
     0     0  481.99448    0 8174          -  481.99448      -     - 1530s
     0     0  481.99448    0 7480          -  481.99448      -     - 1532s
     0     0  482.00946    0 8069          -  482.00946      -     - 1541s
     0     0  482.00946    0 7508          -  482.00946      -     - 1547s
     0     0  482.30597    0 12976          -  482.30597      -     - 1563s
     0     0  482.30597    0 12963          -  482.30597      -     - 1564s
     0     0  482.30672    0 11922          -  482.30672      -     - 1579s
     0     0  485.43153    0 11135          -  485.43153      -     - 1594s
     0     0  485.71998    0 13783          -  485.71998      -     - 1620s
     0     0  486.51694    0 11121          -  486.51694      -     - 1625s
     0     0  486.67473    0 12089          -  486.67473      -     - 1628s
     0     0  486.71148    0 10204          -  486.71148      -     - 1631s
     0     0  486.71148    0 10170          -  486.71148      -     - 1632s
     0     0  487.34642    0 14407          -  487.34642      -     - 1643s
     0     0  487.34642    0 14479          -  487.34642      -     - 1644s
     0     0  487.34642    0 14170          -  487.34642      -     - 1661s
     0     0  488.73357    0 14889          -  488.73357      -     - 1675s
     0     0  488.73357    0 14897          -  488.73357      -     - 1676s
     0     0  488.73357    0 14315          -  488.73357      -     - 1686s
     0     0  488.73357    0 13999          -  488.73357      -     - 1702s
     0     0  488.73357    0 14006          -  488.73357      -     - 1702s
     0     0  488.73390    0 11122          -  488.73390      -     - 1715s
     0     0  488.73390    0 11098          -  488.73390      -     - 1715s
     0     0  490.16788    0 15055          -  490.16788      -     - 1728s
     0     0  490.16788    0 15027          -  490.16788      -     - 1729s
     0     0  490.16788    0 8211          -  490.16788      -     - 1892s
     0     0  490.19076    0 10275          -  490.19076      -     - 1904s
     0     0  490.19076    0 10005          -  490.19076      -     - 1908s
     0     0  490.19076    0 11378          -  490.19076      -     - 1916s
     0     0  490.27595    0 13098          -  490.27595      -     - 1929s
     0     0  490.27595    0 14066          -  490.27595      -     - 1949s
     0     0  491.11105    0 18541          -  491.11105      -     - 1968s
     0     0  491.11105    0 18278          -  491.11105      -     - 1968s
     0     0  491.11105    0 21128          -  491.11105      -     - 1989s
     0     0  491.23957    0 22165          -  491.23957      -     - 2016s
     0     0  491.23957    0 21994          -  491.23957      -     - 2016s
     0     0  491.23976    0 18990          -  491.23976      -     - 2031s
     0     0  491.23976    0 18709          -  491.23976      -     - 2031s
     0     0  491.24946    0 14506          -  491.24946      -     - 2050s
     0     0  491.24946    0 14532          -  491.24946      -     - 2051s
     0     0  491.25341    0 20053          -  491.25341      -     - 2067s
     0     0  491.26799    0 23781          -  491.26799      -     - 2087s
     0     0  491.26800    0 20289          -  491.26800      -     - 2101s
     0     0  491.26999    0 20920          -  491.26999      -     - 2132s
     0     0  491.26999    0 20902          -  491.26999      -     - 2132s
     0     0  491.26999    0 20902          -  491.26999      -     - 2138s
     0     0  491.26999    0 13145          -  491.26999      -     - 2319s
     0     2  491.26999    0 13145          -  491.26999      -     - 2388s
     1     4  491.26999    1 13822          -  491.26999      -  1805 2397s
     3     8  491.26999    2 13312          -  491.26999      -  1948 2424s
     7    12  491.26999    3 13667          -  491.26999      -  1773 2444s
    11    16  491.26999    4 12920          -  491.26999      -  1358 2461s
    15    20  491.26999    5 13525          -  491.26999      -  1099 2476s
    19    24  491.26999    6 14412          -  491.26999      -   949 2495s
    23    28  491.26999    7 14413          -  491.26999      -   785 2513s
    27    32  491.60332    8 14279          -  491.26999      -   778 2530s
    31    36  491.60794    9 14368          -  491.26999      -   714 2545s
    35    40  491.60794   10 14775          -  491.26999      -   658 2575s
    39    44  491.60794   11 14658          -  491.26999      -   616 2589s
    43    48  491.60794   12 14762          -  491.26999      -   589 2608s
    47    52  491.60794   13 13912          -  491.26999      -   592 2625s
    51    56  491.60794   14 13908          -  491.26999      -   558 2644s
    55    60  491.60794   15 14444          -  491.26999      -   539 2667s
    59    64  491.60794   16 14235          -  491.26999      -   536 2703s
    63    68  491.60794   17 14238          -  491.26999      -   527 2718s
    67    72  491.60794   18 14385          -  491.26999      -   496 2755s
    71    76  491.60794   19 14076          -  491.26999      -   489 2774s
    75    80  491.60794   20 13291          -  491.26999      -   469 2796s
    79    84  491.60794   21 11697          -  491.26999      -   495 2815s
    83    88  491.60794   22 12012          -  491.26999      -   481 2836s
    87    92  491.90794   23 11661          -  491.26999      -   471 2875s
    91    96  491.90794   24 11359          -  491.26999      -   476 2904s
    95   101  491.90794   25 11356          -  491.26999      -   461 2936s
   100   108  491.90794   26 11608          -  491.26999      -   464 2958s
   108   117  491.90794   27 11608          -  491.26999      -   462 3015s
   117   126  491.90794   28 11608          -  491.26999      -   451 3040s
   126   136  491.90794   29 11608          -  491.26999      -   436 3144s
   136   152  491.90794   30 12032          -  491.26999      -   431 3167s
   152   169  492.17779   31 11066          -  491.26999      -   432 3191s
   169   189  492.22914   32 11061          -  491.26999      -   443 3222s
   189   206  492.44885   33 10988          -  491.26999      -   426 3278s
   207   239  493.63276   33 10442          -  491.26999      -   428 3361s
   241   278  492.74268   44 11537          -  491.26999      -   388 3381s
   281   310  492.93131   57 11604          -  491.26999      -   357 3407s
   315   363  492.93131   62 10950          -  491.26999      -   329 3435s
   368   411  493.35437   76 9755          -  491.26999      -   315 3488s
   418   486  493.55605   93 10193          -  491.26999      -   299 3518s
   495   558  493.63503  113 11122          -  491.26999      -   281 3550s
   568   644  494.08753  137 11795          -  491.26999      -   275 3582s
   663   687  494.27530  160 10167          -  491.26999      -   255 3610s
   710   765  495.13003  183 10545          -  491.26999      -   256 3635s
   789   871  496.56984  208 13738          -  491.26999      -   254 3666s
   895   969  496.58614  228 17482          -  491.26999      -   234 3687s
   993  1007  496.61587  253 17131          -  491.26999      -   222 4080s
  1031  1037  496.64019  270 17982          -  491.26999      -   217 4487s
  1062  1041  496.65641  283 17702          -  491.26999      -   213 4918s
  1066  1045  496.65641  284 17699          -  491.26999      -   212 5415s
  1070  1049  496.65641  285 17162          -  491.26999      -   212 5814s
  1074  1053  496.65641  286 17163          -  491.26999      -   211 6204s
  1078  1057  496.65641  287 18019          -  491.26999      -   211 6756s
  1082  1061  496.65641  288 17115          -  491.26999      -   211 6947s
  1086  1281  496.66181  289 17167          -  491.26999      -   210 6984s
  1306  1482  496.76603  344 16859          -  491.26999      -   184 7010s
  1507  1680  496.82818  410 17100          -  491.26999      -   171 7034s
  1705  1866  496.91619  457 16782          -  491.26999      -   159 7059s
  1891  2056  497.06295  489 15125          -  491.26999      -   153 7087s
  2081  2204  498.46788  529 13893          -  491.26999      -   148 7118s
  2236  2307 infeasible  548               -  491.26999      -   149 7152s
  2349  2410  493.99133   17 13091          -  491.26999      -   152 7177s
  2452  2616  494.48172   32 11552          -  491.26999      -   156 7200s

Cutting planes:
  Learned: 3
  Gomory: 4
  Cover: 81
  Implied bound: 1717
  Clique: 204
  MIR: 424
  StrongCG: 10
  Flow cover: 22
  GUB cover: 29
  Zero half: 2
  RLT: 467
  Relax-and-lift: 1903

Explored 2658 nodes (1163307 simplex iterations) in 7200.28 seconds (5247.90 work units)
Thread count was 4 (of 8 available processors)

Solution count 0

Time limit reached
Best objective -, best bound 4.913000000000e+02, gap -
