
Gurobi 13.0.2 (linux64) logging started Mon Jun 29 10:43:38 2026

Set parameter LogFile to value "src/Resultados/Restriccion demanda/logs/C101-50.xml_log.log"
Set parameter Threads to value 4
Gurobi Optimizer version 13.0.2 build v13.0.2rc1 (linux64 - "Rocky Linux 9.7 (Blue Onyx)")

CPU model: QEMU Virtual CPU version 2.5+, instruction set [SSE2]
Thread count: 8 physical cores, 8 logical processors, using up to 4 threads

Non-default parameters:
TimeLimit  7200
Threads  4

Optimize a model with 292435 rows, 177240 columns and 3784845 nonzeros (Min)
Model fingerprint: 0x039dce8f
Model has 26865 linear objective coefficients
Variable types: 37740 continuous, 139500 integer (139485 binary)
Coefficient statistics:
  Matrix range     [1e+00, 4e+04]
  Objective range  [1e+00, 6e+01]
  Bounds range     [1e+00, 2e+03]
  RHS range        [1e+00, 4e+04]

Presolve removed 90763 rows and 150 columns (presolve time = 5s)...
Presolve removed 92327 rows and 180 columns (presolve time = 10s)...
Presolve removed 92357 rows and 195 columns
Presolve time: 14.36s
Presolved: 200078 rows, 177045 columns, 934590 nonzeros
Variable types: 0 continuous, 177045 integer (155910 binary)
Deterministic concurrent LP optimizer: primal simplex, dual simplex, and barrier
Showing barrier log only...

Root barrier log...

Elapsed ordering time = 5s
Ordering time: 5.53s

Barrier statistics:
 Dense cols : 15
 AA' NZ     : 2.952e+06
 Factor NZ  : 1.801e+07 (roughly 300 MB of memory)
 Factor Ops : 1.004e+10 (roughly 2 seconds per iteration)
 Threads    : 1

                  Objective                Residual
Iter       Primal          Dual         Primal    Dual     Compl     Time
   0   2.32462211e+06 -2.21211117e+06  7.84e+05 1.11e-16  2.06e+02    27s
   1   1.57105238e+06 -2.45415997e+06  5.33e+05 3.31e-01  1.34e+02    29s
   2   6.45715848e+05 -3.25785489e+06  2.23e+05 3.06e-02  5.78e+01    31s
   3   4.05329740e+05 -2.67371057e+06  1.40e+05 1.48e-04  3.53e+01    32s
   4   2.28205940e+05 -2.06236198e+06  7.84e+04 6.76e-03  1.95e+01    34s
   5   4.05150033e+04 -5.91771289e+05  1.32e+04 2.18e-05  3.51e+00    36s
   6   1.69575994e+04 -7.91657128e+04  5.23e+03 1.35e-06  9.53e-01    39s
   7   3.46905759e+03 -3.86234027e+04  7.10e+02 1.69e-07  1.74e-01    41s
   8   1.60332774e+03 -7.26004504e+03  1.25e+02 2.96e-09  3.22e-02    43s
   9   7.30284659e+02 -8.08570184e+02  5.45e+00 3.94e-09  3.78e-03    46s
  10   4.50517492e+02 -2.08193977e+01  1.03e+00 8.36e-10  1.08e-03    48s
  11   3.63923968e+02  3.31904689e+02  2.37e-02 2.19e-09  6.78e-05    51s
  12   3.61205905e+02  3.61135331e+02  1.41e-05 1.70e-12  1.47e-07    53s
  13   3.61200006e+02  3.61199935e+02  1.17e-09 6.66e-16  1.47e-10    55s
  14   3.61200000e+02  3.61200000e+02  1.13e-09 5.55e-16  1.47e-13    58s

Barrier solved model in 14 iterations and 57.97 seconds (31.63 work units)
Optimal objective 3.61200000e+02


Root crossover log...

   23638 DPushes remaining with DInf 0.0000000e+00                58s
       0 DPushes remaining with DInf 0.0000000e+00                59s

   76525 PPushes remaining with PInf 0.0000000e+00                59s
   50987 PPushes remaining with PInf 0.0000000e+00                60s
   17276 PPushes remaining with PInf 0.0000000e+00                65s
    7219 PPushes remaining with PInf 0.0000000e+00                74s
    4919 PPushes remaining with PInf 0.0000000e+00                75s
       0 PPushes remaining with PInf 0.0000000e+00                79s

  Push phase complete: Pinf 0.0000000e+00, Dinf 2.4980018e-15     79s


Root simplex log...

Iteration    Objective       Primal Inf.    Dual Inf.      Time
  100136    3.6120000e+02   0.000000e+00   0.000000e+00     79s
Crossover time: 20.97 seconds (8.36 work units)
Concurrent spin time: 0.01s

Solved with barrier

Root relaxation: objective 3.612000e+02, 100136 iterations, 60.36 seconds (27.81 work units)

    Nodes    |    Current Node    |     Objective Bounds      |     Work
 Expl Unexpl |  Obj  Depth IntInf | Incumbent    BestBd   Gap | It/Node Time

     0     0  361.20000    0 14616          -  361.20000      -     -  283s
     0     0  361.20000    0 11820          -  361.20000      -     -  288s
     0     0  361.20000    0 11762          -  361.20000      -     -  324s
     0     0  361.20000    0 11762          -  361.20000      -     -  335s
     0     0  361.20000    0 11454          -  361.20000      -     -  355s
     0     0  361.20008    0 9680          -  361.20008      -     -  378s
     0     0  361.20008    0 7859          -  361.20008      -     -  388s
     0     0  361.20008    0 7004          -  361.20008      -     -  395s
     0     0  361.20008    0 6877          -  361.20008      -     -  396s
     0     0  361.20008    0 6877          -  361.20008      -     -  481s
     0     0  361.20008    0 7108          -  361.20008      -     -  487s
     0     0  361.20008    0 9819          -  361.20008      -     -  508s
     0     0  361.20008    0 7115          -  361.20008      -     -  510s
     0     0  361.20008    0 7328          -  361.20008      -     -  520s
     0     0  361.20009    0 7257          -  361.20009      -     -  532s
     0     0  361.20009    0 5686          -  361.20009      -     -  669s
     0     0  361.20009    0 5950          -  361.20009      -     -  917s
     0     0  361.20009    0 5951          -  361.20009      -     -  919s
     0     0  361.20010    0 4877          -  361.20010      -     -  950s
     0     0  361.20010    0 6224          -  361.20010      -     -  990s
     0     0  361.20010    0 10395          -  361.20010      -     - 1058s
     0     0  361.20010    0 10571          -  361.20010      -     - 1067s
     0     0  361.20010    0 9687          -  361.20010      -     - 1079s
     0     0  361.20010    0 9687          -  361.20010      -     - 1080s
     0     0  361.20010    0 4043          -  361.20010      -     - 1200s
     0     0  361.20010    0 4541          -  361.20010      -     - 1213s
     0     0  361.20010    0 5079          -  361.20010      -     - 1217s
     0     0  361.20010    0 5057          -  361.20010      -     - 1217s
     0     0  361.20010    0 5057          -  361.20010      -     - 1218s
     0     0  361.20010    0 6183          -  361.20010      -     - 1249s
     0     0  361.20010    0 6181          -  361.20010      -     - 1250s
     0     0  361.20010    0 5625          -  361.20010      -     - 1331s
     0     0  361.20010    0 4804          -  361.20010      -     - 1364s
     0     0  361.20010    0 4804          -  361.20010      -     - 1398s
     0     2  361.20010    0 4543          -  361.20010      -     - 1491s
     1     4  361.20010    1 2649          -  361.20010      -  3335 1524s
     3     8  361.20010    2 1991          -  361.20010      -  4417 1597s
     7    12  361.20011    3 1531          -  361.20011      -  6236 1613s
    11    24  361.20011    4 1678          -  361.20011      -  4740 1642s
    23    34  361.20011    6 4051          -  361.20011      -  3378 1669s
    33    39  361.20011    7 4460          -  361.20011      -  2611 1691s
    38    50  361.20011    8 5071          -  361.20011      -  2846 1711s
    49    63  361.20011   10 6231          -  361.20011      -  2389 1727s
    62    77  361.20011   11 4800          -  361.20011      -  1961 1740s
    76   102  361.21172   13 5210          -  361.20011      -  1677 1762s
   101   129  361.40000   17 5740          -  361.20011      -  1308 1780s
   128   145  362.40000   22 4856          -  361.20011      -  1153 1799s
   144   161  362.40000   24 4584          -  361.20011      -  1078 1818s
   160   184  362.40000   27 2011          -  361.20011      -  1020 1833s
   183   203  362.40000   37 1947          -  361.20011      -   911 1850s
   202   226  362.40000   47 1757          -  361.20011      -   826 1863s
   225   235  382.16364   57 1713          -  361.20011      -   760 1880s
   234   254  362.40000   61 1921          -  361.20011      -   761 1897s
   253   263 infeasible   63               -  361.20011      -   727 1916s
   264   290  362.40000   65 2134          -  361.20011      -   697 1938s
   291   300  362.40000   77 2116          -  361.20011      -   704 1967s
   301   312  362.40000   78 2045          -  361.20011      -   691 2005s
   313   334  362.40000   79 2042          -  361.20011      -   685 2024s
   335   338  362.40000   81 1978          -  361.20011      -   668 2064s
   339   343  382.16364   81 3543          -  361.20011      -   671 2084s
   344   347  362.40000   82 1976          -  361.20011      -   676 2127s
   348   367  362.40000   83 1974          -  361.20011      -   669 2165s
   368   384  362.40000   84 1972          -  361.20011      -   640 2188s
   385   402  362.40000   89 1764          -  361.20011      -   628 2221s
   403   417  382.14545   92 4407          -  361.20011      -   677 2236s
   418   439  362.40000   92 1671          -  361.20011      -   680 2269s
   440   470  362.40000   94 1670          -  361.20011      -   708 2291s
   471   499  362.40000   96 1581          -  361.20011      -   683 2317s
   500   535  382.14545   98 5206          -  361.20011      -   664 2339s
   536   545  362.40000   99 1589          -  361.20011      -   633 2366s
   546   568  362.40000  101 1804          -  361.20011      -   653 2386s
   569   587  362.40000  104 1980          -  361.20011      -   662 2417s
   588   598  362.40000  105 1907          -  361.20011      -   673 2455s
   599   625  362.40000  107 1899          -  361.20011      -   692 2487s
   626   650  362.40000  109 1784          -  361.20011      -   681 2522s
   651   668  362.40000  110 1786          -  361.20011      -   674 2563s
   669   711  362.40000  113 1950          -  361.20011      -   681 2597s
   712   762  362.40000  116 2030          -  361.20011      -   665 2682s
   763   766  389.60187  118 2592          -  361.20011      -   645 2854s
   767   770  362.40000  119 2219          -  361.20011      -   642 2981s
   771   777  362.40000  120 2218          -  361.20011      -   642 3070s
   778   789  362.40000  121 2217          -  361.20011      -   648 3118s
   790   825  362.40000  129 2209          -  361.20011      -   646 3180s
   826   849  389.60106  138 3323          -  361.20011      -   635 3242s
   850   897  362.40000  146 1895          -  361.20011      -   645 3303s
   898   915  362.40000  157 1964          -  361.20011      -   643 3355s
   916   931  362.40000  166 1843          -  361.20011      -   644 3406s
   932   959  362.40000  171 1807          -  361.20011      -   664 3443s
   960  1006  362.40000  193 2568          -  361.20011      -   670 3485s
  1007  1038  362.40000  234 1829          -  361.20011      -   656 3631s
  1039  1105  362.40000  252 2022          -  361.20011      -   679 3698s
  1108  1179  362.40000  263 2132          -  361.20011      -   683 3744s
  1182  1271  362.40000  271 2127          -  361.20011      -   675 3789s
  1276  1357  362.40000  275 2119          -  361.20011      -   656 3833s
  1362  1494  362.40000  279 2111          -  361.20011      -   644 3877s
  1499  1656  362.40000  283 2608          -  361.20011      -   611 3920s
  1661  1808  362.40000  299 2347          -  361.20011      -   571 3970s
  1815  1938  362.40000  315 2837          -  361.20011      -   539 4025s
  1945  2140  362.40000  328 3328          -  361.20011      -   519 4083s
  2147  2365  362.40000  411 3907          -  361.20011      -   473 4137s
  2372  2576  362.40000  494 3855          -  361.20011      -   439 4190s
  2583  2818  362.40000  571 3549          -  361.20011      -   415 4241s
  2825  3067  362.40000  640 2915          -  361.20011      -   394 4294s
  3074  3197  362.40000  656 2891          -  361.20011      -   372 4345s
  3204  3375  362.40000  668 2873          -  361.20011      -   381 4398s
  3388  3542  362.40000  743 2590          -  361.20011      -   376 4446s
  3555  3859  362.40000  826 1955          -  361.20011      -   372 4504s
  3874  4122  362.40000  909 1779          -  361.20011      -   348 4559s
  4137  4349  362.40000  989 2289          -  361.20011      -   334 4625s
  4364  4576  362.40000 1072 2082          -  361.20011      -   323 4676s
  4597  4785  362.40000 1154 2301          -  361.20011      -   318 4724s
  4808  5046  362.40000 1236 2454          -  361.20011      -   315 4775s
  5095  5302  367.10000 1314 2025          -  361.20011      -   309 4836s
  5366  5303  382.16364  668 4804          -  361.20011      -   303 5081s
H 5367  5038                     490.3000000  361.20355  26.3%   303 5347s
  5368  5038  363.25133  906 3647  490.30000  361.20355  26.3%   303 5354s
H 5368  4786                     482.1000000  361.20536  25.1%   303 5360s
  5370  4788  401.60009  860 3965  482.10000  361.20536  25.1%   303 5481s
  5371  4788  409.10000 1359 3965  482.10000  361.20546  25.1%   303 5496s
  5372  4792  361.20546   16 4341  482.10000  361.20546  25.1%   331 5644s
  5374  4795  361.20574   17 4001  482.10000  361.20574  25.1%   332 5847s
  5378  4798  361.20617   18 4109  482.10000  361.20574  25.1%   334 5888s
  5382  4810  361.20668   19 4085  482.10000  361.20574  25.1%   336 6059s
  5395  4822  361.20727   21 4410  482.10000  361.20574  25.1%   340 6094s
  5412  4829  361.20799   24 3164  482.10000  361.20574  25.1%   347 6127s
  5424  4832  362.40000   25 1581  482.10000  361.20574  25.1%   349 6143s
H 5425  4592                     466.6000000  361.20574  22.6%   349 6143s
  5431  4608  361.20993   26 3156  466.60000  361.20574  22.6%   350 6185s
  5457  4615  361.21566   29 2559  466.60000  361.20574  22.6%   354 6217s
  5472  4640  362.40000   30 2800  466.60000  361.20574  22.6%   357 6240s
  5502  4653  361.44838   34 2086  466.60000  361.20574  22.6%   358 6259s
  5525  4662  362.40000   37 1543  466.60000  361.20574  22.6%   359 6283s
  5542  4670  362.40000   38 1932  466.60000  361.20574  22.6%   361 6303s
  5556  4672  362.40000   41 1931  466.60000  361.20574  22.6%   363 6319s
  5562  4674  362.40000   42 1473  466.60000  361.20574  22.6%   364 6384s
H 5566  4454                     466.4000000  361.20574  22.6%   365 6403s
H 5567  4238                     440.6000000  361.20574  18.0%   366 6403s
  5576  4248  362.40000   43 1395  440.60000  361.20574  18.0%   368 6425s
  5599  4247  362.40000   45 1268  440.60000  361.20574  18.0%   370 6509s
H 5611  4041                     436.9000000  361.20574  17.3%   370 6529s
  5616  4062  362.40000   46 1385  436.90000  361.20574  17.3%   371 6547s
  5641  4042  362.40000   48 1230  436.90000  361.20574  17.3%   375 6855s
  5651  4040  375.94120   48 1641  436.90000  361.20574  17.3%   376 6875s
  5680  4033  362.40000   50 1226  436.90000  361.20574  17.3%   380 6894s
  5685  4034  372.73408   50 2966  436.90000  361.20574  17.3%   381 6922s
H 5689  3826                     432.2000000  361.20574  16.4%   381 6922s
  5690  3846  362.40000   51 1224  432.20000  361.20574  16.4%   381 6944s
  5730  3869  362.40000   55 1240  432.20000  361.20574  16.4%   384 6966s
  5784  3854  362.40000   60 1300  432.20000  361.20574  16.4%   385 6995s
  5793  3854  382.60000   60 3335  432.20000  361.20668  16.4%   387 7027s
  5816  3855  362.40000   61 1358  432.20000  361.20668  16.4%   387 7056s
  5829  3858  362.40000   63 1310  432.20000  361.20668  16.4%   389 7089s
  5836  3886  382.60000   63 1853  432.20000  361.20668  16.4%   391 7113s
  5885  3871 infeasible   77       432.20000  361.20668  16.4%   393 7200s

Cutting planes:
  Implied bound: 1
  Clique: 8

Explored 5890 nodes (2796892 simplex iterations) in 7200.21 seconds (6774.62 work units)
Thread count was 4 (of 8 available processors)

Solution count 7: 432.2 436.9 440.6 ... 490.3

Time limit reached
Best objective 4.322000000000e+02, best bound 3.613000000000e+02, gap 16.4044%
