
Gurobi 13.0.2 (linux64) logging started Mon Jun 29 14:44:34 2026

Set parameter LogFile to value "src/Resultados/Restriccion demanda/logs/C102-50.xml_log.log"
Set parameter Threads to value 4
Gurobi Optimizer version 13.0.2 build v13.0.2rc1 (linux64 - "Rocky Linux 9.7 (Blue Onyx)")

CPU model: QEMU Virtual CPU version 2.5+, instruction set [SSE2]
Thread count: 8 physical cores, 8 logical processors, using up to 4 threads

Non-default parameters:
TimeLimit  7200
Threads  4

Optimize a model with 306880 rows, 190305 columns and 5035695 nonzeros (Min)
Model fingerprint: 0xe5284424
Model has 38130 linear objective coefficients
Variable types: 38190 continuous, 152115 integer (152100 binary)
Coefficient statistics:
  Matrix range     [1e+00, 4e+04]
  Objective range  [1e+00, 6e+01]
  Bounds range     [1e+00, 2e+03]
  RHS range        [1e+00, 4e+04]

Presolve removed 75163 rows and 150 columns (presolve time = 5s)...
Presolve removed 93512 rows and 180 columns (presolve time = 10s)...
Presolve removed 93542 rows and 195 columns
Presolve time: 14.82s
Presolved: 213338 rows, 190110 columns, 1054710 nonzeros
Variable types: 690 continuous, 189420 integer (168975 binary)
Deterministic concurrent LP optimizer: primal simplex, dual simplex, and barrier
Showing barrier log only...

Root barrier log...

Elapsed ordering time = 5s
Elapsed ordering time = 5s
Ordering time: 7.23s

Barrier statistics:
 Dense cols : 30
 AA' NZ     : 4.945e+06
 Factor NZ  : 3.066e+07 (roughly 400 MB of memory)
 Factor Ops : 2.548e+10 (roughly 3 seconds per iteration)
 Threads    : 1

                  Objective                Residual
Iter       Primal          Dual         Primal    Dual     Compl     Time
   0   6.61559849e+06 -4.26062725e+06  6.70e+05 2.22e-16  3.47e+02    31s
   1   4.14098388e+06 -5.22914485e+06  4.23e+05 7.30e-01  2.16e+02    33s
   2   8.93119758e+05 -6.45788245e+06  9.28e+04 1.09e-01  5.52e+01    36s
   3   2.55761187e+05 -3.14609498e+06  2.63e+04 1.06e-03  1.60e+01    39s
   4   6.63584783e+04 -6.39198911e+05  6.69e+03 2.86e-05  3.49e+00    42s
   5   3.02343189e+04 -6.28009568e+05  2.96e+03 2.80e-05  2.21e+00    44s
   6   2.87304723e+04 -5.79180095e+05  2.80e+03 2.54e-05  2.04e+00    47s
   7   2.53464376e+03 -7.07359456e+04  1.06e+02 2.60e-07  1.67e-01    52s
   8   1.86584448e+03 -1.74345260e+04  4.67e+01 6.24e-08  5.62e-02    56s
   9   1.21579322e+03 -1.12585421e+04  1.76e+01 4.00e-08  3.10e-02    60s
  10   5.44556789e+02 -1.71856445e+03  2.04e+00 5.69e-09  5.11e-03    65s
  11   3.72246102e+02  6.41223252e+01  4.45e-01 3.32e-10  7.31e-04    70s
  12   3.06177418e+02  2.57910809e+02  3.60e-03 1.73e-11  9.36e-05    75s
  13   3.02708556e+02  3.01722976e+02  1.51e-04 8.49e-14  1.90e-06    79s
  14   3.02500209e+02  3.02499219e+02  4.23e-10 6.66e-16  1.91e-09    83s
  15   3.02500000e+02  3.02499999e+02  1.42e-10 6.66e-16  1.91e-12    87s

Barrier solved model in 15 iterations and 87.36 seconds (59.68 work units)
Optimal objective 3.02500000e+02


Root crossover log...

   20997 DPushes remaining with DInf 0.0000000e+00                88s
       0 DPushes remaining with DInf 0.0000000e+00                88s

   77538 PPushes remaining with PInf 0.0000000e+00                88s
   44598 PPushes remaining with PInf 0.0000000e+00                91s
   36195 PPushes remaining with PInf 0.0000000e+00                95s
   16637 PPushes remaining with PInf 0.0000000e+00               103s
   11174 PPushes remaining with PInf 0.0000000e+00               105s
    2163 PPushes remaining with PInf 0.0000000e+00               110s
       0 PPushes remaining with PInf 0.0000000e+00               112s

  Push phase complete: Pinf 0.0000000e+00, Dinf 6.8556272e-15    112s


Root simplex log...

Iteration    Objective       Primal Inf.    Dual Inf.      Time
   98508    3.0250000e+02   0.000000e+00   0.000000e+00    113s
Crossover time: 25.14 seconds (13.43 work units)
Concurrent spin time: 0.00s

Solved with barrier

Root relaxation: objective 3.025000e+02, 98508 iterations, 93.11 seconds (57.49 work units)

    Nodes    |    Current Node    |     Objective Bounds      |     Work
 Expl Unexpl |  Obj  Depth IntInf | Incumbent    BestBd   Gap | It/Node Time

     0     0  302.50000    0 14884          -  302.50000      -     -  351s
     0     0  302.50000    0 17463          -  302.50000      -     -  363s
     0     0  302.50000    0 15289          -  302.50000      -     -  366s
     0     0  302.50000    0 20709          -  302.50000      -     -  371s
     0     0  302.50000    0 16773          -  302.50000      -     -  377s
     0     0  302.50000    0 19819          -  302.50000      -     -  380s
     0     0  302.50000    0 22654          -  302.50000      -     -  390s
     0     0  302.78324    0 18319          -  302.78324      -     -  393s
     0     0  304.70000    0 15661          -  304.70000      -     -  411s
     0     0  304.70000    0 13694          -  304.70000      -     -  417s
     0     0  304.70000    0 12181          -  304.70000      -     -  418s
     0     0  304.70000    0 18325          -  304.70000      -     -  499s
     0     0  304.70000    0 19726          -  304.70000      -     -  512s
     0     0  304.70000    0 16902          -  304.70000      -     -  523s
     0     0  304.70000    0 12873          -  304.70000      -     -  528s
     0     0  306.40000    0 10523          -  306.40000      -     -  539s
     0     0  306.40000    0 15474          -  306.40000      -     -  571s
     0     0  306.40000    0 13227          -  306.40000      -     -  576s
     0     0  306.40000    0 14841          -  306.40000      -     -  583s
     0     0  306.40000    0 18350          -  306.40000      -     -  589s
     0     0  306.40000    0 16103          -  306.40000      -     -  593s
     0     0  306.40000    0 15748          -  306.40000      -     -  596s
     0     0  306.40000    0 12314          -  306.40000      -     -  619s
     0     0  307.24197    0 21204          -  307.24197      -     -  650s
     0     0  310.00000    0 15244          -  310.00000      -     -  656s
     0     0  310.00000    0 17285          -  310.00000      -     -  663s
     0     0  310.00000    0 13069          -  310.00000      -     -  665s
     0     0  310.00000    0 16017          -  310.00000      -     -  670s
     0     0  310.00000    0 16687          -  310.00000      -     -  681s
     0     0  310.00000    0 17616          -  310.00000      -     -  694s
     0     0  333.10000    0 18642          -  333.10000      -     -  703s
     0     0  333.10000    0 18642          -  333.10000      -     -  704s
     0     0  333.10000    0 16457          -  333.10000      -     -  734s
     0     0  333.10000    0 21086          -  333.10000      -     -  766s
     0     0  333.10000    0 24159          -  333.10000      -     -  809s
     0     0  333.10000    0 24850          -  333.10000      -     -  822s
     0     0  333.10000    0 27415          -  333.10000      -     -  878s
     0     0  333.10000    0 27354          -  333.10000      -     -  879s
     0     0  333.10000    0 7183          -  333.10000      -     - 1049s
     0     0  333.10000    0 6486          -  333.10000      -     - 1062s
     0     0  333.10000    0 5975          -  333.10000      -     - 1065s
     0     0  333.10000    0 6059          -  333.10000      -     - 1071s
     0     0  333.10000    0 10514          -  333.10000      -     - 1143s
     0     0  333.10000    0 10514          -  333.10000      -     - 1144s
     0     0  333.10000    0 5607          -  333.10000      -     - 1257s
     0     0  333.10000    0 5673          -  333.10000      -     - 1264s
     0     0  333.10000    0 9326          -  333.10000      -     - 1306s
     0     0  333.10000    0 12102          -  333.10000      -     - 1317s
     0     0  333.10000    0 12102          -  333.10000      -     - 1318s
     0     0  333.10000    0 6255          -  333.10000      -     - 1416s
     0     0  333.10000    0 13807          -  333.10000      -     - 1462s
     0     0  333.10000    0 13717          -  333.10000      -     - 1463s
     0     0  333.10000    0 29644          -  333.10000      -     - 1556s
     0     0  333.10000    0 29644          -  333.10000      -     - 1556s
     0     0  333.10000    0 9997          -  333.10000      -     - 1694s
     0     0  333.10000    0 10428          -  333.10000      -     - 1705s
     0     0  333.10000    0 8889          -  333.10000      -     - 1708s
     0     0  333.10000    0 12546          -  333.10000      -     - 1733s
     0     0  333.10000    0 12785          -  333.10000      -     - 1738s
     0     0  333.10000    0 12787          -  333.10000      -     - 1738s
     0     0  333.10000    0 12787          -  333.10000      -     - 1813s
     0     0  333.10000    0 12787          -  333.10000      -     - 1818s
     0     0  333.10000    0 7348          -  333.10000      -     - 1900s
     0     2  333.10000    0 7348          -  333.10000      -     - 2245s
     1     3  333.52476    1 4848          -  333.10000      -  9330 2274s
     2     6  356.23431    2 5001          -  333.10000      -  5568 2289s
     5     9  357.18770    3 5003          -  333.10000      -  2761 2296s
     9    17  357.69817    4 4370          -  333.10000      -  2508 2315s
    17    22  359.19574    5 4368          -  333.10000      -  1905 2326s
    22    30  378.61172    6 4099          -  333.10000      -  2520 2346s
    30    35  362.81684    7 4333          -  333.10000      -  2010 2365s
    35    43  363.20081    8 4340          -  333.10000      -  2206 2377s
    43    48  365.64326   10 4337          -  333.10000      -  2032 2392s
    48    52  369.92513   11 4307          -  333.10000      -  2057 2430s
    52    64  383.57484   12 4338          -  333.10000      -  1981 2454s
    64    75  385.28612   14 3855          -  333.10000      -  1813 2468s
    75    87  386.48378   16 3275          -  333.10000      -  1700 2477s
    87    96  388.42739   21 3279          -  333.10000      -  1544 2490s
    96   104  391.81216   24 3245          -  333.10000      -  1506 2496s
   104   116  393.36388   29 3548          -  333.10000      -  1450 2503s
   116   126  394.62827   33 3483          -  333.10000      -  1363 2519s
   127   138  400.11326   36 3902          -  333.10000      -  1274 2532s
   141   149  401.11978   40 6047          -  333.10000      -  1190 2543s
   152   162  403.89572   45 6816          -  333.10000      -  1161 2554s
   165   176  404.12702   47 6734          -  333.10000      -  1134 2564s
   179   197  404.27314   48 6737          -  333.10000      -  1069 2592s
   200   218  404.95952   50 6774          -  333.10000      -   993 2621s
   221   236  405.74498   51 8210          -  333.10000      -   940 2641s
   239   249  406.07309   52 8275          -  333.10000      -   886 2659s
   253   259  408.86504   55 7418          -  333.10000      -   868 2671s
   263   271  410.52247   60 7881          -  333.10000      -   865 2699s
   275   277  413.31079   61 8104          -  333.10000      -   870 2726s
   281   291  413.40521   62 7133          -  333.10000      -   873 3133s
   295   298  413.64040   63 7128          -  333.10000      -   858 3752s
   302   306 infeasible   64               -  333.10000      -   864 4244s
   312   315  416.59445   64 6938          -  333.10000      -   864 4673s
   321   319  421.68870   65 6903          -  333.10000      -   872 5098s
   325   323  419.31961   65 6960          -  333.10000      -   872 5573s
   329   327  420.77322   66 6919          -  333.10000      -   878 5639s
   333   340 infeasible   67               -  333.10000      -   882 5712s
   352   344  334.70360    9 5665          -  333.10000      -   868 5782s
   356   348  334.70360   10 4874          -  333.10000      -   872 5861s
   360   352  334.72089   11 4890          -  333.10000      -   872 5950s
   364   356  334.72095   12 4889          -  333.10000      -   867 6037s
   368   360  334.73219   13 4887          -  333.10000      -   869 6138s
   372   364  334.73274   14 4877          -  333.10000      -   870 6240s
   376   368  334.73597   15 4882          -  333.10000      -   870 6323s
   380   372  334.73597   16 6023          -  333.10000      -   877 6414s
   384   376  334.74624   17 5912          -  333.10000      -   873 6542s
   388   380  334.74855   18 5910          -  333.10000      -   866 6635s
   392   384  334.75132   19 5914          -  333.10000      -   863 6735s
   396   388  334.75815   20 5910          -  333.10000      -   857 6828s
   400   392  334.75815   21 5852          -  333.10000      -   853 6909s
   404   396  334.76020   22 5850          -  333.10000      -   852 6992s
   408   400  334.76020   23 5850          -  333.10000      -   851 7076s
   412   404  334.76020   24 7047          -  333.10000      -   848 7143s
   416   408  334.76055   25 5852          -  333.10000      -   849 7200s

Cutting planes:
  Gomory: 2
  Cover: 1250
  Implied bound: 906
  Clique: 692
  MIR: 100
  GUB cover: 2
  Zero half: 5
  RLT: 239
  Relax-and-lift: 543
  BQP: 203
  PSD: 7

Explored 420 nodes (967103 simplex iterations) in 7200.16 seconds (6400.66 work units)
Thread count was 4 (of 8 available processors)

Solution count 0

Time limit reached
Best objective -, best bound 3.331000000000e+02, gap -
