
Gurobi 13.0.2 (linux64) logging started Tue Jun 23 05:23:48 2026

Set parameter LogFile to value "src/Resultados/Restriccion cota global/logs/R105-25.xml_log.log"
Set parameter Threads to value 4
Gurobi Optimizer version 13.0.2 build v13.0.2rc1 (linux64 - "Rocky Linux 9.7 (Blue Onyx)")

CPU model: QEMU Virtual CPU version 2.5+, instruction set [SSE2]
Thread count: 8 physical cores, 8 logical processors, using up to 4 threads

Non-default parameters:
TimeLimit  7200
Threads  4

Optimize a model with 101018 rows, 60330 columns and 404310 nonzeros (Min)
Model fingerprint: 0xc14ea562
Model has 6045 linear objective coefficients
Variable types: 13440 continuous, 46890 integer (46875 binary)
Coefficient statistics:
  Matrix range     [1e+00, 4e+04]
  Objective range  [7e+00, 6e+01]
  Bounds range     [1e+00, 2e+03]
  RHS range        [1e+00, 4e+04]

Presolve removed 32460 rows and 210 columns
Presolve time: 2.46s
Presolved: 68558 rows, 60120 columns, 297345 nonzeros
Variable types: 210 continuous, 59910 integer (51855 binary)
Deterministic concurrent LP optimizer: primal and dual simplex
Showing primal log only...


Root simplex log...

Iteration    Objective       Primal Inf.    Dual Inf.      Time
   11770    6.6315692e+02   2.840189e+02   3.652929e+09      5s
   22674    5.6561038e+02   1.039723e+02   1.144684e+09     10s
   27659    5.8439964e+02   3.766764e+01   6.189646e+09     15s
   32189    5.7642388e+02   2.172087e+01   2.086130e+09     20s
   35813    5.8541681e+02   6.610915e+00   1.289129e+09     25s
   39739    5.9784255e+02   3.960248e+00   5.809687e+09     30s
   43189    6.0937312e+02   2.597155e-01   4.345138e+07     35s
   46291    5.0733494e+02   0.000000e+00   8.253537e+05     40s
   49497    4.6494021e+02   0.000000e+00   7.056980e+04     45s
   51664    4.5220000e+02   1.024933e+00   0.000000e+00     50s
   53282    4.5220000e+02   0.000000e+00   0.000000e+00     53s
Concurrent spin time: 0.01s

Solved with primal simplex

Root relaxation: objective 4.522000e+02, 53282 iterations, 49.63 seconds (37.88 work units)

    Nodes    |    Current Node    |     Objective Bounds      |     Work
 Expl Unexpl |  Obj  Depth IntInf | Incumbent    BestBd   Gap | It/Node Time

     0     0  452.20000    0 4731          -  452.20000      -     -   67s
     0     0  452.20000    0 4099          -  452.20000      -     -   68s
     0     0  452.20000    0 4098          -  452.20000      -     -   69s
     0     0  452.20000    0 5067          -  452.20000      -     -   85s
     0     0  452.20000    0 5075          -  452.20000      -     -   87s
     0     0  452.20000    0 5059          -  452.20000      -     -   87s
     0     0  452.20000    0 8526          -  452.20000      -     -  119s
     0     0  452.20000    0 8526          -  452.20000      -     -  119s
     0     0  452.20000    0 3105          -  452.20000      -     -  132s
     0     0  452.20000    0 4710          -  452.20000      -     -  147s
     0     0  452.20000    0 5023          -  452.20000      -     -  148s
     0     0  452.20000    0 6147          -  452.20000      -     -  161s
     0     0  452.20000    0 6146          -  452.20000      -     -  161s
     0     0  452.20000    0 3945          -  452.20000      -     -  181s
     0     0  452.20000    0 4650          -  452.20000      -     -  182s
     0     0  452.20000    0 4804          -  452.20000      -     -  183s
     0     0  452.20000    0 9169          -  452.20000      -     -  202s
     0     0  452.20000    0 9169          -  452.20000      -     -  202s
     0     0  452.20000    0 3655          -  452.20000      -     -  218s
     0     0  452.20000    0 3376          -  452.20000      -     -  220s
     0     0  452.20000    0 3375          -  452.20000      -     -  221s
     0     0  454.23256    0 5919          -  454.23256      -     -  226s
     0     0  454.23256    0 5919          -  454.23256      -     -  226s
     0     0  454.23256    0 3710          -  454.23256      -     -  235s
     0     0  454.48624    0 4290          -  454.48624      -     -  237s
     0     0  454.48624    0 4448          -  454.48624      -     -  238s
     0     0  456.91935    0 5867          -  456.91935      -     -  242s
     0     0  456.91935    0 6776          -  456.91935      -     -  243s
     0     0  466.50208    0 6342          -  466.50208      -     -  249s
     0     0  466.50208    0 6342          -  466.50208      -     -  249s
     0     0  467.77356    0 6868          -  467.77356      -     -  251s
     0     0  469.41678    0 5846          -  469.41678      -     -  252s
     0     0  469.41678    0 5687          -  469.41678      -     -  253s
     0     0  469.55818    0 6103          -  469.55818      -     -  258s
     0     0  469.57832    0 3943          -  469.57832      -     -  260s
     0     0  470.29272    0 5459          -  470.29272      -     -  267s
     0     0  470.29272    0 5501          -  470.29272      -     -  268s
     0     0  470.76001    0 6629          -  470.76001      -     -  276s
     0     0  470.76825    0 7148          -  470.76825      -     -  283s
     0     0  470.76825    0 5982          -  470.76825      -     -  286s
     0     0  482.75337    0 6798          -  482.75337      -     -  307s
     0     0  482.75548    0 5907          -  482.75548      -     -  309s
     0     0  482.75548    0 5909          -  482.75548      -     -  309s
     0     0  484.11646    0 5802          -  484.11646      -     -  321s
     0     0  484.19001    0 6138          -  484.19001      -     -  327s
     0     0  484.19001    0 3895          -  484.19001      -     -  327s
     0     0  487.22939    0 6373          -  487.22939      -     -  337s
     0     0  487.33948    0 4716          -  487.33948      -     -  341s
     0     0  487.33948    0 5817          -  487.33948      -     -  346s
     0     0  492.70000    0 5705          -  492.70000      -     -  362s
     0     0  492.70000    0 5659          -  492.70000      -     -  367s
     0     0  493.75580    0 7980          -  493.75580      -     -  378s
     0     0  493.77191    0 7611          -  493.77191      -     -  380s
     0     0  493.77191    0 7611          -  493.77191      -     -  380s
     0     0  493.77191    0 7623          -  493.77191      -     -  380s
     0     0  493.77191    0 7604          -  493.77191      -     -  380s
     0     0  494.25480    0 6527          -  494.25480      -     -  398s
     0     0  494.91820    0 5900          -  494.91820      -     -  457s
     0     0  494.91820    0 5301          -  494.91820      -     -  459s
     0     0  495.16815    0 5207          -  495.16815      -     -  464s
     0     0  495.32103    0 4604          -  495.32103      -     -  466s
     0     0  495.32103    0 5020          -  495.32103      -     -  466s
     0     0  496.37764    0 5653          -  496.37764      -     -  472s
     0     0  497.60000    0 5205          -  497.60000      -     -  475s
     0     0  497.60000    0 5203          -  497.60000      -     -  477s
     0     0  497.60000    0 7384          -  497.60000      -     -  495s
     0     0  497.60000    0 8022          -  497.60000      -     -  497s
     0     0  497.76109    0 8985          -  497.76109      -     -  522s
     0     0  497.80000    0 8402          -  497.80000      -     -  544s
     0     0  497.80000    0 8401          -  497.80000      -     -  544s
     0     0  498.19487    0 8919          -  498.19487      -     -  566s
     0     0  499.55967    0 9838          -  499.55967      -     -  572s
     0     0  499.55967    0 9773          -  499.55967      -     -  582s
     0     0  499.55967    0 8267          -  499.55967      -     -  588s
     0     0  499.55967    0 8114          -  499.55967      -     -  590s
     0     0  499.56309    0 7871          -  499.56309      -     -  598s
     0     0  499.68792    0 9391          -  499.68792      -     -  615s
     0     0  499.79982    0 10367          -  499.79982      -     -  623s
     0     0  499.79982    0 9160          -  499.79982      -     -  626s
     0     0  500.03869    0 7901          -  500.03869      -     -  635s
     0     0  500.04971    0 6948          -  500.04971      -     -  638s
     0     0  500.05007    0 7353          -  500.05007      -     -  642s
     0     0  500.34692    0 8223          -  500.34692      -     -  649s
     0     0  500.44894    0 7155          -  500.44894      -     -  654s
     0     0  500.44894    0 6999          -  500.44894      -     -  655s
     0     0  501.32782    0 7088          -  501.32782      -     -  671s
     0     0  501.42177    0 8564          -  501.42177      -     -  687s
     0     0  502.73000    0 8656          -  502.73000      -     -  704s
     0     0  502.76429    0 7620          -  502.76429      -     -  711s
     0     0  502.76699    0 8223          -  502.76699      -     -  716s
     0     0  502.92536    0 7250          -  502.92536      -     -  727s
     0     0  502.94130    0 5970          -  502.94130      -     -  735s
     0     0  503.23437    0 9150          -  503.23437      -     -  753s
     0     0  503.31782    0 8760          -  503.31782      -     -  757s
     0     0  503.31782    0 8209          -  503.31782      -     -  757s
     0     0  504.55155    0 8251          -  504.55155      -     -  763s
     0     0  504.61333    0 8092          -  504.61333      -     -  767s
     0     0  504.62875    0 8338          -  504.62875      -     -  771s
     0     0  504.62875    0 8174          -  504.62875      -     -  774s
     0     0  505.19851    0 7776          -  505.19851      -     -  786s
     0     0  505.91692    0 7777          -  505.91692      -     -  798s
     0     0  505.91692    0 9862          -  505.91692      -     -  809s
     0     0  505.91692    0 8808          -  505.91692      -     -  813s
     0     0  506.66429    0 8402          -  506.66429      -     -  821s
     0     0  506.66429    0 7515          -  506.66429      -     -  823s
     0     0  506.66429    0 7264          -  506.66429      -     -  831s
     0     0  506.66429    0 6887          -  506.66429      -     -  833s
     0     0  506.66429    0 7112          -  506.66429      -     -  843s
     0     0  506.66429    0 3233          -  506.66429      -     -  858s
     0     0  506.66429    0 3710          -  506.66429      -     -  859s
     0     0  506.66429    0 4989          -  506.66429      -     -  863s
     0     0  506.66429    0 2780          -  506.66429      -     -  877s
     0     0  506.66429    0 5360          -  506.66429      -     -  879s
     0     0  506.66429    0 6874          -  506.66429      -     -  884s
     0     0  506.66429    0 4303          -  506.66429      -     -  899s
     0     0  506.66429    0 7136          -  506.66429      -     -  901s
     0     0  506.66429    0 8808          -  506.66429      -     -  908s
     0     0  506.66429    0 3658          -  506.66429      -     -  924s
     0     0  506.66429    0 3767          -  506.66429      -     -  926s
     0     0  506.66429    0 1845          -  506.66429      -     -  941s
     0     2  506.66429    0 1845          -  506.66429      -     -  959s
     1     4  506.66429    1 3723          -  506.66429      -  2061  962s
     3     8  506.83750    2 4047          -  506.66429      -  2555  966s
     7    10  506.83750    3 3962          -  506.83750      -  2154  982s
    11    17  506.83750    4 4264          -  506.83750      -  1569  996s
    18    24  506.83750    5 4234          -  506.83750      -  1219 1007s
    27    30  507.15000    6 4344          -  506.83750      -  1080 1019s
    33    37  507.15000    7 4087          -  506.83750      -   997 1036s
    40    43  507.15000    8 3761          -  506.83750      -   945 1048s
    46    49  507.15000    9 3550          -  506.83750      -   972 1062s
    52    55  520.74497    9 3068          -  506.83750      -  1013 1075s
    58    63  507.15000   10 3862          -  506.83750      -   979 1089s
    66    71  507.15000   11 4504          -  506.83750      -   938 1102s
    74    79  507.15000   12 5597          -  506.83750      -   855 1116s
    82    86  507.15000   13 5639          -  506.83750      -   818 1128s
    91    94  507.15000   14 4721          -  506.83750      -   762 1143s
    99    98  507.15000   15 4030          -  506.83750      -   728 1156s
   103   106  507.15000   16 3951          -  506.83750      -   742 1170s
   111   115  507.15000   17 4714          -  506.83750      -   743 1185s
   120   124  507.15000   18 4230          -  506.83750      -   736 1200s
   129   133  507.35000   19 5004          -  506.83750      -   713 1213s
   138   143  507.35000   20 4598          -  506.83750      -   715 1227s
   148   154  507.35000   21 4901          -  506.83750      -   695 1241s
   159   172  529.41058   22 4755          -  506.83750      -   690 1255s
   177   191  507.35000   22 4231          -  506.83750      -   651 1268s
   196   210  507.35000   23 4044          -  506.83750      -   662 1283s
   215   231  507.35000   24 4603          -  506.83750      -   655 1299s
   236   254  507.35000   25 4617          -  506.83750      -   641 1315s
   261   280  507.35000   26 4218          -  506.83750      -   624 1328s
   287   298  507.35000   27 4277          -  506.83750      -   625 1343s
   305   322  507.35000   28 4941          -  506.83750      -   632 1358s
   329   358  507.35000   29 4277          -  506.83750      -   640 1373s
   365   397  507.35000   30 3293          -  506.83750      -   606 1390s
   404   441  507.35000   31 3297          -  506.83750      -   574 1405s
   448   489  507.35000   32 3888          -  506.83750      -   532 1421s
   496   541  507.35000   33 4550          -  506.83750      -   503 1439s
   548   583  507.35000   34 4982          -  506.83750      -   471 1454s
   590   632  507.35000   35 5083          -  506.83750      -   447 1469s
   639   682  507.35000   36 5086          -  506.83750      -   434 1485s
   689   754  507.35000   37 5774          -  506.83750      -   422 1674s
   761   773  507.35000   38 5287          -  506.83750      -   397 1726s
   780   816  507.35000   39 5182          -  506.83750      -   404 1742s
   823   861  507.50556   40 6295          -  506.83750      -   411 1839s
   868   908  507.58611   41 6456          -  506.83750      -   401 1952s
   915   957  507.63000   42 6345          -  506.83750      -   389 2031s
   964  1009  507.63000   43 5894          -  506.83750      -   374 2130s
  1016  1063  507.63000   44 5532          -  506.83750      -   364 2217s
  1070  1120  507.71667   45 4590          -  506.83750      -   359 2473s
  1127  1182  507.78333   46 3924          -  506.83750      -   361 2554s
  1193  1249  524.51212   67 4047          -  506.83750      -   378 2647s
  1260  1360  509.57500   91 5198          -  506.83750      -   383 2738s
  1371  1505  510.09299  152 4865          -  506.83750      -   379 2806s
  1516  1688  511.61485  203 3709          -  506.83750      -   376 2909s
  1701  1947  512.75890  233 5249          -  506.83750      -   370 2941s
  1976  2174  515.17247  318 4263          -  506.83750      -   358 2974s
  2231  2409  516.12308  365 4573          -  506.83750      -   349 3001s
  2466  2700  517.89249  416 4624          -  506.83750      -   353 3028s
  2758  2971  519.25000  469 3669          -  506.83750      -   349 3054s
  3031  3215  522.53237  529 4141          -  506.83750      -   352 3086s
  3277  3439  533.83121  567 3816          -  506.83750      -   355 3114s
  3510  3674  526.03667  618 4400          -  506.83750      -   356 3141s
  3747  3986  528.90402  710 5150          -  506.83750      -   361 3169s
  4070  4342  531.44034  789 3809          -  506.83750      -   359 3203s
  4447  4343  520.50797  103 1845          -  506.83750      -   350 3298s
  4449  4344  510.86428   88 4127          -  506.83750      -   350 3411s
  4450  4345  527.86428   79 4255          -  506.83750      -   350 3448s
  4451  4346  543.23347  686 5112          -  506.83750      -   350 3474s
  4452  4346  533.16428  597 6038          -  506.83750      -   350 3560s
  4453  4347  564.85534   50 6550          -  506.83750      -   350 3599s
  4454  4348  517.01844   46 8281          -  506.83750      -   349 3818s
  4455  4348  526.98753  333 7883          -  506.83750      -   349 3935s
  4456  4349  555.58320  753 7672          -  506.83750      -   349 3958s
  4457  4350  518.95967  249 6447          -  506.83750      -   349 3992s
  4458  4350  666.67331  563 6195          -  506.83750      -   349 4015s
  4459  4351  563.77624  562 5891          -  506.83750      -   349 4100s
  4460  4352  759.27717  601 5441          -  506.83750      -   349 4299s
  4461  4352  519.86110  340 1955          -  506.83750      -   349 4369s
  4462  4353  518.95967  256 3633          -  506.83750      -   349 4379s
  4463  4354  549.68753  690 3338          -  507.63051      -   349 4402s
  4464  4354  549.68753  690 2756          -  508.48095      -   349 4436s
  4465  4355  554.50000  182 3940          -  508.55504      -   349 4442s
  4466  4356  519.97222  493 4190          -  508.75873      -   348 4449s
  4467  4356  519.16428  101 4009          -  508.90446      -   348 4457s
  4468  4357  515.12883  317 3927          -  508.92708      -   348 4462s
  4469  4358  538.24662  243 2960          -  508.92960      -   348 4466s
  4470  4358  556.93987  335 3514          -  508.92960      -   348 4513s
  4471  4359  759.27717  601 2411          -  509.24214      -   348 4556s
  4472  4360  527.86428  462 3307          -  509.90435      -   348 4580s
  4473  4360  527.98994  308 4848          -  510.06639      -   348 4598s
  4474  4361  511.66449  148 4018          -  510.07313      -   348 4605s
  4475  4362  590.35319  662 4666          -  510.07637      -   348 4621s
  4476  4362  535.06428  545 4825          -  510.07637      -   348 4653s
  4477  4363  539.32544  601 2441          -  510.50000      -   348 4726s
  4478  4364  567.94332  376 2615          -  510.50000      -   348 4746s
  4479  4364  523.75284  121 3037          -  510.50000      -   347 4775s
  4480  4365  592.53460  647 2708          -  510.50001      -   347 4804s
  4481  4366  534.40000  390 2692          -  510.93129      -   347 4938s
  4482  4366  534.77857  192 3378          -  510.99524      -   347 4982s
  4483  4367  521.12143  189 3788          -  511.00015      -   347 4998s
  4484  4368  669.47470  779 3313          -  511.03373      -   347 5023s
  4485  4368  602.60682  516 3399          -  511.03558      -   347 5032s
  4486  4369  596.23281  652 3950          -  511.04337      -   347 5038s
  4487  4370  519.97222  502 4370          -  511.04864      -   347 5053s
  4488  4370  530.76428  745 4209          -  511.05524      -   347 5057s
  4489  4371  585.30543  467 4167          -  511.05566      -   347 5087s
  4490  4372  517.15433   60 4591          -  511.08453      -   347 5127s
  4491  4372  539.81059   97 3563          -  511.23743      -   347 5155s
  4492  4373  511.23743   66 3106          -  511.23743      -   346 5192s
  4493  4374  575.43520  421 3783          -  511.57749      -   346 5243s
  4494  4374  526.28017  279 2822          -  512.10941      -   346 5311s
  4495  4375  522.34169  128 3142          -  512.10941      -   346 5340s
  4496  4376  574.23785  683 2345          -  512.82325      -   346 5421s
  4497  4376  543.96507  712 2846          -  513.56666      -   346 5468s
  4498  4377  577.15319  532 2488          -  513.57615      -   346 5496s
  4499  4378  519.30000   51 3627          -  513.57769      -   346 5502s
  4500  4378  571.45319  411 3473          -  513.58118      -   346 5505s
  4502  4380  642.64950  656 3387          -  513.58765      -   346 5511s
  4503  4380  535.30644  378 3141          -  513.58765      -   346 5539s
  4504  4381  552.05000  130 3861          -  513.65125      -   346 5580s
  4505  4382  560.39069  336 2869          -  513.65125      -   345 5622s
  4506  4382  533.26428  294 3205          -  513.75707      -   345 5681s
  4507  4383  553.53902  147 3891          -  513.84037      -   345 5707s
  4508  4384  527.98994  311 5002          -  513.85215      -   345 5720s
  4509  4384  524.15521  564 4623          -  513.90440      -   345 5728s
  4510  4385  570.64588  589 4205          -  513.90866      -   345 5733s
  4511  4386  528.86428  445 4081          -  513.92574      -   345 5745s
  4512  4386  570.64588  588 4022          -  513.92574      -   345 5771s
  4513  4387  571.45319  420 2282          -  514.02684      -   345 5805s
  4514  4388  514.14302   18 4620          -  514.14302      -   345 5862s
  4515  4388  555.33333  196 4714          -  514.18195      -   345 5872s
  4516  4389  523.21428  473 3575          -  514.22294      -   345 5888s
  4518  4390  538.05474  221 4260          -  514.23276      -   344 5891s
  4519  4391  515.47946  339 3902          -  514.23323      -   344 5921s
  4520  4392  537.38753  658 2763          -  514.36797      -   344 5955s
  4521  4392  524.55000  504 5386          -  514.39334      -   344 5988s
  4522  4393  517.64516  117 4659          -  514.41610      -   344 5996s
  4524  4394  527.96428  165 4184          -  514.42690      -   344 6020s
  4525  4395  558.25511  283 3804          -  514.43335      -   344 6062s
  4526  4396  528.89750  699 3728          -  514.44481      -   344 6066s
  4528  4397  544.76428  117 4233          -  514.47328      -   344 6087s
  4529  4398  515.28067  201 3720          -  514.54462      -   344 6118s
  4530  4398  584.65261  471 3672          -  514.54462      -   344 6139s
  4531  4399  551.05000  107 3429          -  514.54462      -   343 6173s
  4532  4400  514.61365   85 3435          -  514.61365      -   343 6188s
  4533  4400  517.51016  203 3588          -  514.62107      -   343 6192s
  4534  4401  571.97215  395 3577          -  514.62446      -   343 6196s
  4536  4402  558.67208  296 3512          -  514.62802      -   343 6213s
  4537  4403  547.82143  804 2946          -  514.63386      -   343 6238s
  4538  4404  524.01820  288 2483          -  514.63386      -   343 6250s
  4539  4404  550.46711  504 2565          -  514.69058      -   343 6277s
  4541  4406  560.42857  829 3164          -  514.75814      -   343 6301s
  4542  4406  558.60857  288 3482          -  515.14886      -   343 6345s
  4543  4407  516.95293   42 3360          -  515.14908      -   343 6361s
  4544  4408  515.16618    9 3121          -  515.16618      -   343 6393s
  4545  4408  540.64826  425 3232          -  515.16618      -   342 6413s
  4546  4409  560.61579  836 3317          -  515.18990      -   342 6442s
  4548  4410  543.26110  703 3275          -  515.19961      -   342 6448s
  4549  4411  515.19983   88 3293          -  515.19983      -   342 6473s
  4550  4412  527.86428   79 3060          -  515.21435      -   342 6507s
  4552  4413  533.16428  597 3345          -  515.26666      -   342 6510s
  4554  4414  517.01844   46 3136          -  515.26820      -   342 6527s
  4555  4415  526.98753  333 2937          -  515.28452      -   342 6557s
  4557  4416  518.95967  249 3252          -  515.29515      -   342 6561s
  4559  4418  563.77624  562 3638          -  515.29810      -   341 6578s
  4560  4418  759.27717  601 3570          -  515.33425      -   341 6615s
  4561  4419  519.86110  340 3545          -  515.33425      -   341 6643s
  4562  4420  518.95967  256 3848          -  515.35295      -   341 6679s
  4563  4420  549.68753  690 3913          -  515.35295      -   341 6700s
  4564  4421  549.68753  690 3450          -  515.35821      -   341 6732s
  4565  4422  554.50000  182 4184          -  515.45327      -   341 6739s
  4566  4422  519.97222  493 4151          -  515.47614      -   341 6741s
  4568  4424  515.48443  317 4363          -  515.48443      -   341 6745s
  4569  4424  538.24662  243 4254          -  515.48463      -   341 6765s
  4570  4425  556.93987  335 3385          -  515.57494      -   341 6795s
  4571  4426  759.27717  601 3657          -  515.57494      -   340 6815s
  4572  4426  527.86428  462 3096          -  515.89499      -   340 6852s
  4573  4427  527.98994  308 3462          -  515.89499      -   340 6870s
  4574  4428  515.90059  148 2992          -  515.90059      -   340 6894s
  4575  4428  590.35319  662 3307          -  516.00492      -   340 6899s
  4576  4429  535.06428  545 3565          -  516.02749      -   340 6901s
  4577  4430  539.32544  601 4413          -  516.03773      -   340 6906s
  4580  4432  592.53460  647 3772          -  516.04103      -   340 6930s
  4581  4432  534.40000  390 3339          -  516.04326      -   340 7026s
  4583  4434  521.12143  189 4276          -  516.04326      -   340 7054s
  4584  4434  669.47470  779 4379          -  516.04616      -   340 7080s
  4586  4436  596.23281  652 4683          -  516.08148      -   339 7104s
  4587  4436  519.97222  502 4802          -  516.11991      -   339 7145s
  4589  4438  585.30543  467 4898          -  516.12193      -   339 7172s

Cutting planes:
  Gomory: 5
  Cover: 69
  Implied bound: 41
  Projected implied bound: 108
  Clique: 10
  MIR: 130
  StrongCG: 5
  Flow cover: 280
  GUB cover: 263
  Zero half: 41
  RLT: 50
  Relax-and-lift: 80
  BQP: 1

Explored 4589 nodes (3270513 simplex iterations) in 7200.45 seconds (5749.38 work units)
Thread count was 4 (of 8 available processors)

Solution count 0

Time limit reached
Best objective -, best bound 5.163000000000e+02, gap -
