
Gurobi 13.0.2 (linux64) logging started Tue Jun 23 13:24:59 2026

Set parameter LogFile to value "src/Resultados/Restriccion cota global/logs/R107-25.xml_log.log"
Set parameter Threads to value 4
Gurobi Optimizer version 13.0.2 build v13.0.2rc1 (linux64 - "Rocky Linux 9.7 (Blue Onyx)")

CPU model: QEMU Virtual CPU version 2.5+, instruction set [SSE2]
Thread count: 8 physical cores, 8 logical processors, using up to 4 threads

Non-default parameters:
TimeLimit  7200
Threads  4

Optimize a model with 113342 rows, 69480 columns and 481320 nonzeros (Min)
Model fingerprint: 0x36307497
Model has 11055 linear objective coefficients
Variable types: 14475 continuous, 55005 integer (54990 binary)
Coefficient statistics:
  Matrix range     [1e+00, 4e+04]
  Objective range  [7e+00, 6e+01]
  Bounds range     [1e+00, 2e+03]
  RHS range        [1e+00, 4e+04]

Presolve removed 34920 rows and 150 columns
Presolve time: 3.07s
Presolved: 78422 rows, 69330 columns, 357270 nonzeros
Variable types: 375 continuous, 68955 integer (61020 binary)
Deterministic concurrent LP optimizer: primal and dual simplex
Showing primal log only...


Root simplex log...

Iteration    Objective       Primal Inf.    Dual Inf.      Time
    7554    5.4358861e+02   5.420995e+02   2.004217e+10      5s
   16309    5.1148758e+02   2.359138e+02   4.642997e+09     10s
   21429    5.2633871e+02   1.289514e+02   1.091062e+10     15s
   27638    5.5593918e+02   4.347024e+01   4.708533e+09     20s
   32439    5.3499550e+02   3.513332e+00   5.623587e+09     25s
   37399    4.8554508e+02   0.000000e+00   2.685129e+05     30s
   44119    3.5870736e+02   0.000000e+00   6.319170e+03     35s
   47685    3.5450000e+02   6.761567e-03   0.000000e+00     40s
   47948    3.5450000e+02   0.000000e+00   0.000000e+00     41s
Concurrent spin time: 0.00s

Solved with primal simplex

Root relaxation: objective 3.545000e+02, 47948 iterations, 36.39 seconds (28.47 work units)

    Nodes    |    Current Node    |     Objective Bounds      |     Work
 Expl Unexpl |  Obj  Depth IntInf | Incumbent    BestBd   Gap | It/Node Time

     0     0  354.50000    0 3861          -  354.50000      -     -   57s
     0     0  354.50000    0 3696          -  354.50000      -     -   57s
     0     0  354.50000    0 4194          -  354.50000      -     -   58s
     0     0  354.50000    0 4195          -  354.50000      -     -   58s
     0     0  354.50000    0 4393          -  354.50000      -     -   71s
     0     0  354.50000    0 4173          -  354.50000      -     -   74s
     0     0  354.50000    0 6315          -  354.50000      -     -  114s
     0     0  354.50000    0 6315          -  354.50000      -     -  114s
     0     0  354.50000    0 4391          -  354.50000      -     -  130s
     0     0  354.50000    0 5355          -  354.50000      -     -  134s
     0     0  354.50000    0 4621          -  354.50000      -     -  135s
     0     0  354.50000    0 4079          -  354.50000      -     -  147s
     0     0  354.50000    0 4079          -  354.50000      -     -  147s
     0     0  354.50000    0 2236          -  354.50000      -     -  158s
     0     0  354.50000    0 2626          -  354.50000      -     -  160s
     0     0  354.50000    0 3634          -  354.50000      -     -  160s
     0     0  354.50000    0 3473          -  354.50000      -     -  160s
     0     0  354.50000    0 4117          -  354.50000      -     -  168s
     0     0  354.50000    0 4359          -  354.50000      -     -  169s
     0     0  354.50000    0 3538          -  354.50000      -     -  177s
     0     0  354.50000    0 3675          -  354.50000      -     -  185s
     0     0  354.50000    0 3898          -  354.50000      -     -  186s
     0     0  354.50000    0 3896          -  354.50000      -     -  186s
     0     0  354.50000    0 1063          -  354.50000      -     -  204s
     0     0  354.50000    0 1289          -  354.50000      -     -  205s
     0     0  359.60000    0 2978          -  359.60000      -     -  223s
     0     0  359.60000    0 2401          -  359.60000      -     -  232s
     0     0  359.60000    0 2407          -  359.60000      -     -  234s
     0     0  359.60000    0 2406          -  359.60000      -     -  234s
     0     0  360.97651    0 1872          -  360.97651      -     -  238s
     0     0  360.97651    0 1872          -  360.97651      -     -  239s
     0     0  364.60000    0 3120          -  364.60000      -     -  246s
     0     0  364.60000    0 2295          -  364.60000      -     -  321s
     0     0  364.60000    0 2955          -  364.60000      -     -  335s
     0     0  364.60000    0 3770          -  364.60000      -     -  337s
     0     0  364.63651    0 6304          -  364.63651      -     -  344s
     0     0  364.63651    0 6304          -  364.63651      -     -  344s
     0     0  364.63651    0 4994          -  364.63651      -     -  359s
     0     0  364.63651    0 5500          -  364.63651      -     -  362s
     0     0  365.29962    0 6643          -  365.29962      -     -  372s
     0     0  367.25769    0 5921          -  367.25769      -     -  375s
     0     0  367.25769    0 6581          -  367.25769      -     -  375s
     0     0  369.55483    0 5756          -  369.55483      -     -  386s
     0     0  369.55483    0 6878          -  369.55483      -     -  388s
     0     0  369.55483    0 5683          -  369.55483      -     -  397s
     0     0  369.55483    0 6138          -  369.55483      -     -  400s
     0     0  369.55483    0 5756          -  369.55483      -     -  409s
     0     0  369.55483    0 5756          -  369.55483      -     -  409s
     0     0  369.55483    0 2779          -  369.55483      -     -  417s
     0     0  369.55483    0 4881          -  369.55483      -     -  421s
     0     0  369.55483    0 4591          -  369.55483      -     -  421s
     0     0  369.55483    0 6323          -  369.55483      -     -  430s
     0     0  369.55483    0 2768          -  369.55483      -     -  440s
     0     0  369.55483    0 2768          -  369.55483      -     -  441s
     0     0  369.55483    0 2545          -  369.55483      -     -  449s
     0     2  369.55483    0 2193          -  369.55483      -     -  465s
     3     8  369.55483    2 2484          -  369.55483      -  1253  471s
    19    26  369.55483    5 3170          -  369.55483      -   502  475s
    32    43  369.55483    8 4713          -  369.55483      -   547  481s
    55    66  369.92550   12 3754          -  369.55483      -   472  486s
    65    80  370.27449   14 3602          -  369.55483      -   449  490s
    89    96  372.06530   21 3453          -  369.55483      -   421  497s
    97   103  372.08713   22 3742          -  369.55483      -   479  500s
   112   129  372.56532   25 4078          -  369.55483      -   478  505s
   158   172  375.16236   39 3547          -  369.55483      -   401  510s
   195   205  377.18492   48 3436          -  369.55483      -   381  517s
   235   232 infeasible   51               -  369.55483      -   344  522s
   257   243  369.91502   10 3213          -  369.55483      -   348  527s
   268   248  370.20601   12 3588          -  369.55483      -   361  531s
   280   259  371.42917   16 3596          -  369.55483      -   376  651s
   284   263  372.01239   17 3596          -  369.55483      -   376  747s
   288   267  385.92238   17 3751          -  369.55483      -   389  844s
   292   271  372.06920   18 3594          -  369.55483      -   387  960s
   296   275  372.23108   19 3580          -  369.55483      -   386 1069s
   300   279  372.62303   20 3577          -  369.55483      -   384 1163s
   304   305  372.63610   21 3530          -  369.55483      -   384 1169s
   339   308 infeasible   34               -  369.55483      -   378 1178s
   344   312  418.73960   35 3900          -  369.55483      -   377 1191s
   348   316  419.65902   36 4201          -  369.55483      -   375 1199s
   352   320  419.65902   37 3386          -  369.55483      -   384 1208s
   356   324  419.87928   38 3428          -  369.55483      -   383 1215s
   360   328  423.80000   39 4287          -  369.55483      -   384 1225s
   364   332  420.59093   39 4364          -  369.55483      -   389 1233s
   368   336  420.59093   40 4354          -  369.55483      -   389 1243s
   372   340  421.01333   41 4244          -  369.55483      -   389 1254s
   376   344  421.13544   42 4179          -  369.55483      -   388 1268s
   380   348  421.18420   43 3742          -  369.55483      -   395 1280s
   384   352  421.21931   44 3727          -  369.55483      -   402 1291s
   388   356  421.31082   45 4039          -  369.55483      -   401 1300s
   392   358 infeasible   45               -  369.55483      -   400 1312s
   397   360  421.33035   47 4523          -  369.55483      -   408 1325s
   403   364  421.34857   48 3995          -  369.55483      -   409 1334s
   407   368  421.40160   49 4298          -  369.55483      -   415 1343s
   411   372  421.55152   50 4152          -  369.55483      -   418 1350s
   415   376  421.55284   51 4131          -  369.55483      -   415 1359s
   419   380  421.56431   52 4062          -  369.55483      -   418 1367s
   423   384  421.63707   53 4419          -  369.55483      -   415 1383s
   427   388  421.71423   54 4275          -  369.55483      -   418 1393s
   431   392  421.73584   55 4275          -  369.55483      -   417 1403s
   435   396  426.91247   56 5287          -  369.55483      -   419 1411s
   439   399 infeasible   56               -  369.55483      -   418 1420s
   444   401 infeasible   58               -  369.55483      -   432 1430s
   448   405  427.40000   58 5039          -  369.55483      -   431 1467s
   452   407  427.40000   59 4704          -  369.55483      -   430 1483s
   456   411  427.40000   60 4704          -  369.55483      -   440 1492s
   460   415  427.40000   61 5136          -  369.55483      -   442 1501s
   464   418  427.40000   62 5044          -  369.55483      -   441 1512s
   469   422  427.40000   63 5038          -  369.55483      -   437 1523s
   473   426  427.40000   64 5088          -  369.55483      -   436 1565s
   477   430  427.76923   65 4742          -  369.55483      -   435 1595s
   481   434  430.42522   66 5119          -  369.55483      -   435 1604s
   485   437  427.86467   66 4830          -  369.55483      -   436 1614s
   490   445  427.86467   67 5214          -  369.55483      -   439 1626s
   500   470  427.86467   68 5240          -  369.55483      -   436 1644s
   533   500  427.86467   69 5238          -  369.55483      -   429 1742s
   565   548  427.86467   70 5237          -  369.55483      -   420 1781s
   613   594  427.86467   71 5670          -  369.55483      -   398 1810s
   659   644  427.86467   72 5562          -  369.55483      -   388 1825s
   711   728  434.22029   93 5580          -  369.55483      -   399 1840s
   808   937  439.16282  130 5455          -  369.55483      -   393 1865s
  1019  1057  440.46857  165 5745          -  369.55483      -   357 1884s
  1147  1058  371.97727    8 2545          -  369.55483      -   356 1976s
  1149  1059  385.08569   38 4672          -  369.55483      -   355 2155s
  1150  1060  459.58541  165 4300          -  369.55483      -   355 2201s
  1151  1061  388.37490   99 5163          -  372.30815      -   355 2279s
  1152  1061  373.66667   21 4199          -  373.66667      -   354 2366s
  1153  1062  440.24746  155 4942          -  374.23987      -   354 2430s
  1154  1063  385.31615  135 2950          -  374.53339      -   354 2474s
  1155  1063  381.28569   27 3298          -  374.92437      -   353 2517s
  1156  1064  374.95427   16 3507          -  374.95427      -   353 2552s
  1157  1065  374.95427   32 2788          -  374.95427      -   353 2580s
  1158  1065  435.73861  129 2551          -  374.95427      -   352 2608s
  1159  1066  374.95427   11 2689          -  374.95427      -   352 2635s
  1160  1067  403.96051   81 3021          -  374.95427      -   352 2747s
  1161  1067  440.25286  157 2966          -  376.18837      -   352 2853s
  1162  1068  384.56653   36 2752          -  376.32115      -   351 2882s
  1163  1069  387.70000  127 4568          -  376.83139      -   351 2913s
  1164  1069  376.89417   20 2174          -  376.89417      -   351 2945s
  1165  1070  440.46160  156 2956          -  377.02010      -   350 2983s
  1166  1071  392.45221  176 3859          -  377.04175      -   350 3026s
  1167  1071  377.13855   54 3262          -  377.13855      -   350 3082s
  1168  1072  384.61125   35 2829          -  377.20767      -   349 3126s
  1169  1073  382.61655   84 3468          -  377.49802      -   349 3163s
  1170  1073  414.00000   52 4299          -  377.58023      -   349 3207s
  1171  1074  384.61125   35 4676          -  377.86931      -   349 3250s
  1172  1075  378.02131   19 3036          -  378.02131      -   348 3297s
  1173  1075  443.51163   54 3319          -  378.14419      -   348 3338s
  1174  1076  399.41588   45 1778          -  378.16870      -   348 3367s
  1175  1077  409.35521  100 3583          -  378.38608      -   347 3401s
  1176  1077  378.39872  165 2590          -  378.39872      -   347 3430s
  1177  1078  413.36380  187 3416          -  378.47273      -   347 3464s
  1178  1079  378.80618   10 2426          -  378.80618      -   347 3500s
  1179  1079  378.80657   13 3803          -  378.80657      -   346 3539s
  1180  1080  422.21931   55 3034          -  378.80794      -   346 3572s
  1181  1081  399.94446   75 4161          -  378.80794      -   346 3596s
  1182  1081  431.50000   77 3753          -  378.84875      -   345 3627s
  1183  1082  448.67691  129 3531          -  378.95357      -   345 3655s
  1184  1083  397.31691   60 3207          -  378.95704      -   345 3693s
  1185  1083  402.82134   46 3098          -  378.96117      -   344 3725s
  1186  1084  422.89835   66 1746          -  378.97122      -   344 3748s
  1187  1085  425.09615   68 3251          -  378.99219      -   344 3766s
  1188  1085  405.36967  106 2171          -  379.01111      -   344 3786s
  1189  1086  380.21192   88 2965          -  379.07900      -   343 3815s
  1190  1087  416.12815   26 2490          -  379.08858      -   343 3843s
  1191  1087  379.11888   68 3464          -  379.11888      -   343 3881s
  1192  1088  380.83898   35 1910          -  379.22392      -   342 3910s
  1193  1089  412.74952  157 3403          -  379.31890      -   342 3951s
  1194  1089  379.50939   75 2695          -  379.50939      -   342 3986s
  1195  1090  398.36653   92 4089          -  379.68613      -   342 4024s
  1196  1091  382.66976  117 3003          -  379.74188      -   341 4052s
  1197  1091  450.78016   63 2738          -  379.83810      -   341 4092s
  1198  1092  390.99961  170 1998          -  379.88832      -   341 4123s
  1199  1093  449.70444  168 3702          -  380.01141      -   340 4173s
  1200  1093  447.95980  131 4027          -  380.16331      -   340 4275s
  1201  1094  412.00357  163 3162          -  380.20324      -   340 4369s
  1202  1095  380.21872   10 3392          -  380.21872      -   340 4403s
  1203  1095  434.25354  104 3641          -  380.21911      -   339 4425s
  1204  1096  380.22241   13 3031          -  380.22241      -   339 4445s
  1205  1097  472.42010   57 3411          -  380.22563      -   339 4467s
  1206  1097  417.08039  117 3017          -  380.22573      -   338 4489s
  1207  1098  385.03715   24 3728          -  380.23207      -   338 4513s
  1208  1099  449.37316   58 4285          -  380.35017      -   338 4534s
  1209  1099  380.42727   32 3733          -  380.42727      -   338 4559s
  1210  1100  380.50184   12 3382          -  380.50184      -   337 4588s
  1211  1101  390.99961  170 4189          -  380.52324      -   337 4613s
  1212  1101  380.63625  107 3164          -  380.63625      -   337 4644s
  1213  1102  380.65514   17 3714          -  380.65514      -   337 4695s
  1214  1103  380.69896   12 3308          -  380.69896      -   336 4725s
  1215  1103  388.05482   94 4048          -  380.69903      -   336 4767s
  1216  1104  384.12197    8 1595          -  380.72785      -   336 4790s
  1217  1105  380.72785   89 2766          -  380.72785      -   335 4825s
  1218  1105  380.73685   29 2903          -  380.73685      -   335 4866s
  1219  1106  439.32347  113 4511          -  380.80641      -   335 4914s
  1220  1107  391.61574  174 3298          -  380.93872      -   335 4950s
H 1220  1050                     587.2000000  380.94489  35.1%   335 4967s
  1221  1050  380.94489   42 3750  587.20000  380.94489  35.1%   334 4983s
H 1221   996                     578.5000000  381.01627  34.1%   334 4992s
  1222   997  381.45482   16 3466  578.50000  381.01627  34.1%   334 5016s
  1223   998  385.31615  135 2865  578.50000  381.04668  34.1%   334 5040s
  1224   998  425.09615   66 2043  578.50000  381.09680  34.1%   333 5082s
  1225   999  407.02524  116 3602  578.50000  381.10847  34.1%   333 5117s
  1226  1000  381.15814   27 3327  578.50000  381.15814  34.1%   333 5153s
  1227  1000  382.28511  113 3685  578.50000  381.24415  34.1%   333 5179s
  1228  1001  390.13210  161 2518  578.50000  381.31333  34.1%   332 5209s
  1229  1002  381.36122    5 3295  578.50000  381.36122  34.1%   332 5239s
  1230  1002  389.61168  151 3196  578.50000  381.37309  34.1%   332 5267s
  1231  1003  386.86486   94 3622  578.50000  381.38051  34.1%   332 5290s
  1232  1004  383.72256  130 1849  578.50000  381.40900  34.1%   331 5317s
  1233  1004  381.83442  102 2349  578.50000  381.40900  34.1%   331 5332s
  1234  1005  436.08021  126 3605  578.50000  381.54339  34.0%   331 5364s
  1235  1006  434.40000  102 3754  578.50000  381.60623  34.0%   331 5397s
  1236  1006  404.04913   77 3763  578.50000  381.63167  34.0%   330 5420s
  1237  1007  381.68711   86 3417  578.50000  381.68711  34.0%   330 5429s
  1238  1008  395.27754  192 3755  578.50000  381.72359  34.0%   330 5449s
  1239  1008  418.39454  104 3240  578.50000  381.72359  34.0%   329 5455s
  1240  1009  381.74043   31 3090  578.50000  381.74043  34.0%   329 5472s
  1241  1010  381.74043   96 2995  578.50000  381.74043  34.0%   329 5479s
H 1241   958                     574.4000000  381.76544  33.5%   329 5513s
  1243   959  416.00080   41 3999  574.40000  381.77066  33.5%   328 5528s
  1244   960  451.60366   65 3612  574.40000  381.77207  33.5%   328 5547s
  1245   960  388.81294  148 3263  574.40000  381.77207  33.5%   328 5552s
  1246   961  451.42013   71 3482  574.40000  381.77212  33.5%   328 5569s
  1247   962  381.77248    8 3194  574.40000  381.77248  33.5%   327 5576s
  1248   962  449.46349   58 3392  574.40000  381.77248  33.5%   327 5591s
  1251   966  388.37490   99 2545  574.40000  381.77248  33.5%  1348 5637s
  1253   967  440.24746  155 5257  574.40000  381.77248  33.5%  1345 5783s
  1254   968  385.31615  135 4164  574.40000  381.77248  33.5%  1344 5820s
H 1254   919                     556.1000000  381.77248  31.3%  1344 5833s
H 1254   873                     556.0000000  381.77248  31.3%  1344 5833s
H 1254   829                     551.2000000  381.77248  30.7%  1344 5833s
H 1254   788                     548.5000000  381.77248  30.4%  1344 5833s
H 1254   748                     545.5000000  381.77755  30.0%  1344 5850s
  1255   749  381.77755   27 3447  545.50000  381.77755  30.0%  1343 5861s
H 1255   712                     541.9000000  381.77755  29.5%  1343 5867s
  1256   712  381.77755   16 2864  541.90000  381.77755  29.5%  1342 5907s
  1257   713  381.77755   32 4984  541.90000  381.77755  29.5%  1341 5955s
  1258   714  435.73861  129 4869  541.90000  381.77755  29.5%  1340 6005s
  1259   714  381.77755   11 4639  541.90000  381.77755  29.5%  1339 6042s
  1260   715  403.96051   81 2426  541.90000  381.77755  29.5%  1338 6092s
  1261   716  440.25286  157 4421  541.90000  381.77755  29.5%  1337 6120s
  1262   716  384.56653   36 3620  541.90000  381.77755  29.5%  1336 6158s
  1263   717  387.70000  127 3916  541.90000  381.77755  29.5%  1335 6183s
H 1263   681                     535.4000000  381.77755  28.7%  1335 6233s
  1264   682  381.77755   20 2354  535.40000  381.77755  28.7%  1334 6254s
H 1264   647                     532.3000000  381.77755  28.3%  1334 6286s
  1265   647  440.46160  156 3363  532.30000  381.77755  28.3%  1333 6310s
  1266   648  392.45221  176 4689  532.30000  381.77755  28.3%  1332 6341s
  1267   649  381.77755   54 3552  532.30000  381.77755  28.3%  1331 6371s
  1268   649  384.61125   35 3403  532.30000  381.77755  28.3%  1330 6408s
  1269   650  382.61655   84 3747  532.30000  381.77755  28.3%  1328 6443s
  1270   651  414.00000   52 3264  532.30000  381.77755  28.3%  1327 6472s
  1271   651  384.61125   35 3127  532.30000  381.88397  28.3%  1326 6513s
  1272   652  381.96714   19 3823  532.30000  381.96714  28.2%  1325 6554s
  1273   653  443.51163   54 4079  532.30000  382.02706  28.2%  1324 6585s
  1274   653  399.41588   45 3635  532.30000  382.09816  28.2%  1323 6617s
H 1274   620                     501.7000000  382.12187  23.8%  1323 6649s
H 1274   589                     499.7000000  382.12187  23.5%  1323 6649s
  1275   590  409.35521  100 3413  499.70000  382.12187  23.5%  1322 6651s
H 1275   560                     490.1000000  382.20302  22.0%  1322 6688s
  1276   561  382.20302  165 2602  490.10000  382.20302  22.0%  1321 6735s
  1277   561  413.36380  187 3766  490.10000  382.20444  22.0%  1320 6769s
  1278   562  382.25244   10 3435  490.10000  382.25244  22.0%  1319 6797s
  1279   563  382.31302   13 3955  490.10000  382.31302  22.0%  1318 6828s
  1280   563  422.21931   55 3000  490.10000  382.35321  22.0%  1317 6854s
  1281   564  399.94446   75 4014  490.10000  382.39828  22.0%  1316 6891s
  1282   565  431.50000   77 3428  490.10000  382.39828  22.0%  1315 6920s
  1283   565  448.67691  129 3744  490.10000  382.40889  22.0%  1314 6950s
  1284   566  397.31691   60 3008  490.10000  382.43017  22.0%  1313 6974s
  1285   567  402.82134   46 3506  490.10000  382.43017  22.0%  1312 6990s
  1286   567  422.89835   66 2401  490.10000  382.46599  22.0%  1311 7018s
  1287   568  425.09615   68 4031  490.10000  382.49206  22.0%  1310 7049s
  1288   569  405.36967  106 3268  490.10000  382.49921  22.0%  1309 7076s
  1289   569  382.61272   88 3678  490.10000  382.61272  21.9%  1308 7098s
  1290   570  416.12815   26 2468  490.10000  382.73974  21.9%  1307 7147s
  1291   571  382.75379   68 3043  490.10000  382.75379  21.9%  1306 7176s

Cutting planes:
  Gomory: 1
  Cover: 172
  Implied bound: 30
  Projected implied bound: 40
  Clique: 35
  MIR: 311
  StrongCG: 2
  Flow cover: 345
  GUB cover: 170
  Zero half: 26
  RLT: 56
  Relax-and-lift: 18

Explored 1291 nodes (2464851 simplex iterations) in 7200.15 seconds (5770.19 work units)
Thread count was 4 (of 8 available processors)

Solution count 10: 490.1 499.7 501.7 ... 556

Time limit reached
Best objective 4.901000000000e+02, best bound 3.829000000000e+02, gap 21.8731%
