
Gurobi 13.0.2 (linux64) logging started Wed Jun 24 09:28:21 2026

Set parameter LogFile to value "src/Resultados/Restriccion cota global/logs/R112-25.xml_log.log"
Set parameter Threads to value 4
Gurobi Optimizer version 13.0.2 build v13.0.2rc1 (linux64 - "Rocky Linux 9.7 (Blue Onyx)")

CPU model: QEMU Virtual CPU version 2.5+, instruction set [SSE2]
Thread count: 8 physical cores, 8 logical processors, using up to 4 threads

Non-default parameters:
TimeLimit  7200
Threads  4

Optimize a model with 116390 rows, 71700 columns and 499740 nonzeros (Min)
Model fingerprint: 0x901a1bc6
Model has 12195 linear objective coefficients
Variable types: 14745 continuous, 56955 integer (56940 binary)
Coefficient statistics:
  Matrix range     [1e+00, 4e+04]
  Objective range  [7e+00, 6e+01]
  Bounds range     [1e+00, 2e+03]
  RHS range        [1e+00, 4e+04]

Presolve removed 35760 rows and 135 columns
Presolve time: 2.78s
Presolved: 80630 rows, 71565 columns, 370470 nonzeros
Variable types: 375 continuous, 71190 integer (63255 binary)
Deterministic concurrent LP optimizer: primal and dual simplex
Showing primal log only...


Root simplex log...

Iteration    Objective       Primal Inf.    Dual Inf.      Time
   14678    4.9242245e+02   3.075901e+02   7.398894e+09      5s
   26434    4.5155213e+02   1.624963e+02   2.569867e+09     10s
   38643    5.2313543e+02   6.254418e+01   2.365727e+09     15s
   43249    5.3678647e+02   2.167087e+01   2.156163e+10     20s
   47427    5.1621171e+02   4.324046e+00   3.055515e+09     25s
   52113    5.0685016e+02   6.298845e-01   1.585036e+09     30s
   57297    3.7824845e+02   0.000000e+00   5.079730e+04     35s
   61577    3.5226904e+02   0.000000e+00   2.234054e+05     40s
   64638    3.4360000e+02   4.830792e+01   0.000000e+00     45s
   67727    3.4360000e+02   8.290331e-02   0.000000e+00     50s
   68318    3.4360000e+02   0.000000e+00   0.000000e+00     51s
Concurrent spin time: 17.90s (can be avoided by choosing Method=3)

Solved with primal simplex

Root relaxation: objective 3.436000e+02, 68318 iterations, 65.36 seconds (45.85 work units)

    Nodes    |    Current Node    |     Objective Bounds      |     Work
 Expl Unexpl |  Obj  Depth IntInf | Incumbent    BestBd   Gap | It/Node Time

     0     0  343.60000    0 3256          -  343.60000      -     -   84s
     0     0  343.60000    0 4197          -  343.60000      -     -   85s
     0     0  343.60000    0 6959          -  343.60000      -     -  101s
     0     0  343.60000    0 6958          -  343.60000      -     -  101s
     0     0  343.60000    0 7393          -  343.60000      -     -  103s
     0     0  343.60000    0 7423          -  343.60000      -     -  103s
     0     0  343.60000    0 8527          -  343.60000      -     -  118s
     0     0  343.60000    0 8631          -  343.60000      -     -  118s
     0     0  343.60000    0 5880          -  343.60000      -     -  133s
     0     0  343.60000    0 5042          -  343.60000      -     -  144s
     0     0  343.60000    0 4369          -  343.60000      -     -  145s
     0     0  343.60000    0 4655          -  343.60000      -     -  152s
     0     0  343.60000    0 4645          -  343.60000      -     -  152s
     0     0  343.60000    0 4645          -  343.60000      -     -  163s
     0     0  343.60000    0 4572          -  343.60000      -     -  168s
     0     0  343.60000    0 5911          -  343.60000      -     -  175s
     0     0  343.60000    0 5911          -  343.60000      -     -  175s
     0     0  343.60000    0 4174          -  343.60000      -     -  197s
     0     0  343.60000    0 5474          -  343.60000      -     -  211s
     0     0  343.60000    0 7297          -  343.60000      -     -  213s
     0     0  343.60000    0 11888          -  343.60000      -     -  227s
     0     0  343.60000    0 12158          -  343.60000      -     -  227s
     0     0  343.60000    0 4503          -  343.60000      -     -  242s
     0     0  343.60000    0 4102          -  343.60000      -     -  245s
     0     0  343.60000    0 3469          -  343.60000      -     -  257s
     0     2  343.60000    0 3469          -  343.60000      -     -  284s
     1     4  343.60000    1 3798          -  343.60000      -  1866  287s
     3     8  343.60000    2 5925          -  343.60000      -  1849  292s
     7    12  343.60000    3 5861          -  343.60000      -  1732  296s
    11    20  343.60000    4 5879          -  343.60000      -  1383  303s
    19    24  343.70860    8 4164          -  343.60000      -  1171  309s
    23    33  343.60000    8 6174          -  343.60000      -  1169  319s
    32    54  343.60000    9 6602          -  343.60000      -   973  328s
    53   119  343.60000   12 6684          -  343.60000      -   735  342s
   118   255  345.81087   21 3373          -  343.60000      -   481  350s
   254   310  347.20980   56 5337          -  343.60000      -   269  355s
   367   417  348.13501   96 6688          -  343.60000      -   217  362s
   416   448  348.47605  112 4169          -  343.60000      -   199  365s
   475   498  348.68665  120 4118          -  343.60000      -   191  371s
   522   544  349.04542  128 4897          -  343.60000      -   186  377s
   543   564  349.76836  130 4750          -  343.60000      -   187  381s
   563   575  354.09645  135 5039          -  343.60000      -   189  385s
   574   590  354.80926  139 3866          -  343.60000      -   190  391s
   611   623  343.90334   12 6099          -  343.60000      -   195  398s
   627   627  343.76386   12 6290          -  343.60000      -   195  503s
   636   636  343.76386   13 6970          -  343.60000      -   196  620s
   645   650  343.79084   14 6964          -  343.60000      -   197  691s
   659   689  343.81303   15 6976          -  343.60000      -   196  765s
   698   697  343.83409   16 6918          -  343.60000      -   187  829s
   706   701  343.85727   17 6968          -  343.60000      -   186  845s
   710   719  343.86533   18 6968          -  343.60000      -   186  855s
   728   748  344.10933   32 8291          -  343.60000      -   184  864s
   757   780  344.32440   58 7254          -  343.60000      -   179  874s
   789   823  344.51658   87 7323          -  343.60000      -   173  885s
   832   845  344.91703  127 7336          -  343.60000      -   165  894s
   854   868  345.51879  146 7193          -  343.60000      -   162  904s
   878   881  349.51488  166 6623          -  343.60000      -   161  914s
   891   901  358.36776  175 6373          -  343.60000      -   162  923s
   913   909 infeasible  192               -  343.60000      -   161  934s
   933   932  345.62123   16 7455          -  343.60000      -   164  944s
   956   960  347.47578   36 9858          -  343.60000      -   163  956s
   984   973  349.78427   61 8677          -  343.60000      -   162  966s
  1004  1027  385.58790   71 8560          -  343.60000      -   163  977s
  1058  1083  385.88590  122 8487          -  343.60000      -   155  987s
  1114  1142  386.13127  175 9439          -  343.60000      -   149  996s
  1173  1204  386.37099  231 8793          -  343.60000      -   143 1004s
  1235  1269  386.51482  290 7417          -  343.60000      -   136 1015s
  1300  1337  386.72258  352 7254          -  343.60000      -   131 1031s
  1368  1409  386.91569  417 7888          -  343.60000      -   125 1048s
  1440  1474  387.26595  486 7075          -  343.60000      -   120 1066s
  1505  1553  387.53763  548 6753          -  343.60000      -   117 1086s
  1584  1695  387.92680  624 6201          -  343.60000      -   112 1101s
  1726  1837  388.18089  704 6159          -  343.60000      -   106 1135s
  1868  2083  388.64977  791 6170          -  343.60000      -   102 1148s
  2114  2322  389.29596  885 7960          -  343.60000      -  93.8 1181s
  2353  2632  390.74879  988 7291          -  343.60000      -  88.8 1195s
  2676  2922  343.66592   14 5223          -  343.60000      -  84.4 1209s
  2967  2923  386.89038  401 3469          -  343.60000      -  81.9 1547s
  2969  2924  354.90000  352 3027          -  343.78836      -  81.8 1643s
  2970  2925  345.55382  364 3243          -  343.83684      -  81.8 1682s
  2971  2926  349.90000  163 4032          -  346.74790      -  81.8 1752s
  2972  2926  387.81343  593 3952          -  349.41193      -  81.8 1773s
  2973  2927  386.88286  286 4160          -  350.24118      -  81.7 1837s
  2974  2928  386.49085  273 3577          -  351.71694      -  81.7 1861s
  2975  2928  387.30928  453 3808          -  351.87032      -  81.7 1904s
  2976  2929  386.43491  251 3438          -  352.31603      -  81.7 1920s
  2977  2930  352.31603   73 3775          -  352.31603      -  81.6 1941s
  2978  2930  352.32959  185 3694          -  352.32959      -  81.6 1961s
  2979  2931  352.33277  179 3823          -  352.33277      -  81.6 1988s
  2980  2932  388.11875  641 3604          -  353.13266      -  81.5 2010s
  2981  2932  379.00000  106 4127          -  356.20000      -  81.5 2045s
  2982  2933  387.70421  585 3192          -  356.20000      -  81.5 2067s
  2983  2934  356.20000  248 3133          -  356.20000      -  81.5 2109s
  2984  2934  356.20000   70 2874          -  356.20000      -  81.4 2141s
  2985  2935  356.20000   90 2685          -  356.20000      -  81.4 2163s
  2986  2936  366.60000  371 1647          -  356.20000      -  81.4 2194s
  2987  2936  356.20000   24 2240          -  356.20000      -  81.3 2210s
  2988  2937  358.26863  289 1350          -  356.20000      -  81.3 2271s
  2989  2938  361.30000  215 1449          -  356.20000      -  81.3 2285s
  2990  2938  385.71575  109 1643          -  356.20000      -  81.3 2319s
  2991  2939  390.51759  905 2410          -  356.20000      -  81.2 2333s
  2992  2940  386.14725  189 2662          -  356.20000      -  81.2 2346s
  2993  2940  356.20000   24 3032          -  356.20000      -  81.2 2366s
  2994  2941  356.20000  227 2405          -  356.20000      -  81.2 2387s
  2995  2942  388.11296  678 2388          -  356.20000      -  81.1 2399s
  2996  2942  356.20000   84 1201          -  356.20000      -  81.1 2437s
  2997  2943  368.40000  344 1866          -  356.20000      -  81.1 2450s
  2998  2944  387.70761  560 1251          -  356.20000      -  81.1 2473s
  3001  2947  389.84114  922 3469          -  356.20000      -   199 2511s
  3003  2948  356.20000  269 3300          -  356.20000      -   199 2627s
  3004  2949  356.20000  102 4126          -  356.20000      -   199 2667s
  3005  2950  388.02339  648 4291          -  356.20000      -   199 2716s
  3006  2950  356.20000  116 4184          -  356.20000      -   198 2743s
  3007  2951  356.20000  384 2923          -  356.20000      -   198 2773s
  3008  2952  356.20000  166 1396          -  356.20000      -   198 2794s
  3009  2952  386.42692  244 4018          -  356.20000      -   198 2819s
  3010  2953  387.07817  442 2030          -  356.20000      -   198 2845s
  3011  2954  357.80000  294 2464          -  356.20000      -   198 2866s
  3012  2954  367.40000  408 1504          -  356.20000      -   198 2894s
  3013  2955  385.65598   83 2551          -  356.20000      -   198 2914s
  3014  2956  356.20000  197 1797          -  356.20000      -   198 2948s
  3015  2956  367.50000   44 1684          -  356.20000      -   198 2959s
  3016  2957  356.20000  147 1233          -  356.20000      -   198 2989s
  3017  2958  386.65865  335 2472          -  356.20000      -   198 3001s
  3018  2958  356.20000  175  790          -  356.20000      -   198 3075s
  3019  2959  356.20000  248 1264          -  356.20000      -   198 3087s
  3020  2960  386.43491  246  911          -  356.20000      -   198 3116s
  3021  2960  356.20000  168 1881          -  356.20000      -   197 3127s
  3022  2961  356.20000   57   65          -  356.20000      -   197 3147s
  3023  2962  356.20000   14  360          -  356.20000      -   197 3156s
  3024  2962  387.15408  463 1353          -  356.20000      -   197 3175s
  3025  2963  356.20000   83 1920          -  356.20000      -   197 3185s
  3026  2964  361.00000   47   70          -  356.20000      -   197 3211s
  3027  2964  389.00552  813   62          -  356.20000      -   197 3216s
  3028  2965  356.20000  250   62          -  356.20000      -   197 3239s
  3029  2969  356.20000   21  273          -  356.20000      -   299 3253s
  3031  2972  356.20000   22 2115          -  356.20000      -   301 3260s
  3039  2980  356.20000   24 2115          -  356.20000      -   303 3269s
  3046  2982  364.40748   25 3462          -  356.20000      -   307 3281s
  3050  2985  356.20000   26 2284          -  356.20000      -   308 3289s
  3058  2987  356.20000   27 2280          -  356.20000      -   309 3300s
  3065  2990  356.20000   28 2280          -  356.20000      -   312 3307s
  3072  2992  356.20000   29 2278          -  356.20000      -   313 3576s
  3077  2996  356.20000   30 2262          -  356.20000      -   315 3584s
  3082  2998  356.20000   31 1897          -  356.20000      -   316 3591s
  3088  3000  356.20000   32 1894          -  356.20000      -   317 3599s
  3094  3003  356.20000   33 1930          -  356.20000      -   319 3709s
  3099  3007  356.20000   34 2482          -  356.20000      -   320 3725s
  3105  3008  357.01112   35 2594          -  356.20000      -   322 3735s
  3110  3010  356.20000   36 2182          -  356.20000      -   322 3752s
  3116  3014  356.20000   37 2506          -  356.20000      -   324 3772s
  3124  3015  356.20000   39 2756          -  356.20000      -   324 3781s
  3130  3020  357.07692   40 3188          -  356.20000      -   326 3790s
  3143  3021  356.20000   42 2721          -  356.20000      -   326 3821s
  3148  3029  356.20000   43 2747          -  356.20000      -   328 3834s
  3159  3029  356.92770   45 1738          -  356.20000      -   329 3858s
  3163  3037  356.20000   46 2722          -  356.20000      -   330 3867s
  3172  3041  356.20000   48 2731          -  356.20000      -   331 3892s
  3179  3058  357.00681   49 2940          -  356.20000      -   331 3902s
  3198  3061  356.92770   51 3328          -  356.20000      -   333 3912s
  3208  3075  356.20000   53 2125          -  356.20000      -   334 3931s
  3227  3078  357.80618   54 4011          -  356.20000      -   336 3945s
  3236  3099  356.20836   56 3492          -  356.20000      -   337 3955s
  3260  3102  359.30000   57 3112          -  356.20000      -   339 3966s
  3271  3119  356.21049   58 2599          -  356.20000      -   340 3977s
  3292  3121  356.21049   59 2760          -  356.20000      -   342 3999s
  3301  3141  356.21049   60 2936          -  356.20000      -   344 4013s
  3324  3144  356.21052   61 2923          -  356.20000      -   345 4026s
  3335  3161  357.57243   63 3215          -  356.20000      -   346 4039s
  3355  3161  361.88266   65 2501          -  356.20000      -   348 4054s
  3363  3183  356.21489   66 2968          -  356.20000      -   349 4066s
  3390  3183  356.21489   67 2969          -  356.20000      -   350 4092s
  3399  3186  356.21489   68 2609          -  356.20000      -   353 4155s
  3405  3188  356.21489   69 2656          -  356.20000      -   355 4249s
  3409  3191  357.51880   69 2707          -  356.20000      -   356 4365s
  3413  3194  356.21489   70 2381          -  356.20000      -   356 4474s
  3417  3196  361.48890   70 3366          -  356.20000      -   357 4570s
  3421  3199  356.39953   71 2818          -  356.20000      -   358 4674s
  3425  3202  356.21658   71 3628          -  356.20000      -   358 4750s
  3429  3204  356.21658   72 3638          -  356.20000      -   359 4824s
  3433  3207  356.21663   72 2642          -  356.20000      -   359 4887s
  3437  3210  356.21939   73 2685          -  356.20000      -   359 4962s
  3441  3213  358.78017   73 3503          -  356.20000      -   361 4985s
  3446  3217  357.46421   74 3626          -  356.20000      -   362 5044s
  3451  3219  356.23516   74 3322          -  356.20000      -   363 5128s
  3455  3224  356.23516   75 3335          -  356.20000      -   364 5154s
  3461  3226  358.79119   75 4283          -  356.20000      -   366 5180s
  3467  3230  356.23516   76 3661          -  356.20000      -   367 5211s
  3475  3232  359.86678   76 3545          -  356.20000      -   368 5243s
  3480  3237  356.23516   77 3660          -  356.20000      -   369 5270s
  3487  3241  357.24696   77 3704          -  356.20000      -   371 5318s
  3493  3244  356.23516   78 3651          -  356.20000      -   372 5359s
  3498  3253  363.02250   78 3541          -  356.20000      -   373 5509s
  3509  3263  356.23516   79 3650          -  356.20000      -   375 5552s
  3522  3269  357.17021   79 3976          -  356.20000      -   377 5582s
  3533  3274  356.23516   80 3909          -  356.20000      -   378 5677s
  3541  3286  356.23516   81 3659          -  356.20000      -   380 5711s
  3556  3301  356.23516   82 3694          -  356.20000      -   382 5805s
  3576  3319  356.24446   86 3235          -  356.20000      -   385 5843s
  3601  3346  356.32095   91 3607          -  356.20000      -   386 5890s
  3636  3360  356.32095   95 3408          -  356.20000      -   388 5939s
  3662  3384  356.40000   99 3044          -  356.20000      -   390 6199s
  3694  3405  356.50000  104 3045          -  356.20000      -   391 6390s
  3726  3528  356.50000  109 3354          -  356.20000      -   392 6428s
  3866  3593  356.50000  127 2808          -  356.20000      -   392 6473s
  3984  3597  362.19571  144 3099          -  356.20000      -   399 6512s
  4028  3699  357.98636  153 2822          -  356.20000      -   401 6554s
  4153  3677  368.30000  170 1954          -  356.20000      -   406 6606s
  4180  3779  358.15000  175 3148          -  356.20000      -   408 6649s
  4291  3829  358.20000  189 3125          -  356.20000      -   411 6696s
  4379  3921  358.60000  198 2549          -  356.20000      -   413 6744s
  4513  3897  358.96667  211 2334          -  356.20000      -   417 6873s
  4534  4012  359.07540  216 2927          -  356.20000      -   418 6921s
  4673  4095  369.40000  227 2398          -  356.20000      -   422 6973s
  4807  4080  362.99666  240 4151          -  356.20000      -   425 7057s
  4837  4196  359.46667  243 2189          -  356.20000      -   426 7107s
  4974  4221  359.65610  256 3381          -  356.20000      -   430 7160s
  5048  4303  359.67659  259 3055          -  356.20000      -   433 7200s

Cutting planes:
  Gomory: 10
  Cover: 71
  Implied bound: 49
  Projected implied bound: 54
  Clique: 124
  MIR: 125
  StrongCG: 19
  Flow cover: 152
  GUB cover: 23
  Zero half: 34
  RLT: 114
  Relax-and-lift: 134

Explored 5160 nodes (2470770 simplex iterations) in 7200.07 seconds (7468.68 work units)
Thread count was 4 (of 8 available processors)

Solution count 0

Time limit reached
Best objective -, best bound 3.562000000010e+02, gap -
