
Gurobi 13.0.2 (linux64) logging started Thu Jul  9 12:21:50 2026

Set parameter LogFile to value "src/Resultados/Restriccion_solo_cliques/logs/R201-50.xml_log.log"
Set parameter Threads to value 4
Gurobi Optimizer version 13.0.2 build v13.0.2rc1 (linux64 - "Rocky Linux 9.7 (Blue Onyx)")

CPU model: QEMU Virtual CPU version 2.5+, instruction set [SSE2]
Thread count: 8 physical cores, 8 logical processors, using up to 4 threads

Non-default parameters:
TimeLimit  7200
Threads  4

Optimize a model with 252299 rows, 154470 columns and 2022630 nonzeros (Min)
Model fingerprint: 0xd4c8aa70
Model has 26535 linear objective coefficients
Variable types: 32130 continuous, 122340 integer (122325 binary)
Coefficient statistics:
  Matrix range     [1e+00, 2e+05]
  Objective range  [4e+00, 6e+01]
  Bounds range     [1e+00, 2e+03]
  RHS range        [1e+00, 2e+05]

Presolve removed 78635 rows and 150 columns (presolve time = 5s)...
Presolve removed 78740 rows and 180 columns (presolve time = 10s)...
Presolve removed 78755 rows and 195 columns
Presolve time: 11.53s
Presolved: 173544 rows, 154275 columns, 806655 nonzeros
Variable types: 750 continuous, 153525 integer (136680 binary)
Deterministic concurrent LP optimizer: primal simplex, dual simplex, and barrier
Showing barrier log only...

Root barrier log...

Ordering time: 4.72s

Barrier statistics:
 Dense cols : 15
 AA' NZ     : 2.882e+06
 Factor NZ  : 1.726e+07 (roughly 270 MB of memory)
 Factor Ops : 9.668e+09 (roughly 1 second per iteration)
 Threads    : 1

                  Objective                Residual
Iter       Primal          Dual         Primal    Dual     Compl     Time
   0   2.36130658e+06 -2.33516736e+06  2.04e+05 8.33e-17  1.03e+02    25s
   1   7.41820504e+05 -2.34037795e+06  6.51e+04 6.06e-01  3.86e+01    27s
   2   3.98405317e+05 -1.79391659e+06  3.53e+04 6.25e-13  1.66e+01    30s
   3   5.21622200e+04 -4.92815638e+05  4.49e+03 4.36e-12  2.59e+00    32s
   4   8.20478943e+03 -9.75187100e+04  5.82e+02 2.91e-13  3.94e-01    34s
   5   6.29940933e+03 -3.21783982e+04  4.23e+02 7.48e-14  1.67e-01    36s
   6   1.70785779e+03 -4.43649607e+03  3.58e+01 8.82e-15  2.08e-02    39s
   7   9.16206503e+02 -9.11005632e+01  1.19e+00 3.11e-15  2.58e-03    41s
   8   7.41427990e+02  5.37486221e+02  1.06e-01 2.29e-15  5.00e-04    44s
   9   7.23908906e+02  6.87918284e+02  4.34e-03 2.89e-15  8.61e-05    47s
  10   7.20568193e+02  7.19295828e+02  4.89e-11 9.48e-16  3.04e-06    50s
  11   7.20400881e+02  7.20398850e+02  1.44e-10 8.88e-16  4.85e-09    53s
  12   7.20400001e+02  7.20399999e+02  1.05e-09 8.88e-16  4.85e-12    55s

Barrier solved model in 12 iterations and 55.10 seconds (24.85 work units)
Optimal objective 7.20400001e+02


Root crossover log...

   18778 DPushes remaining with DInf 0.0000000e+00                56s
       0 DPushes remaining with DInf 0.0000000e+00                56s

   65529 PPushes remaining with PInf 0.0000000e+00                56s
   37286 PPushes remaining with PInf 2.1114268e-05                61s
    5698 PPushes remaining with PInf 2.1114268e-05                83s
    4477 PPushes remaining with PInf 2.1114268e-05                85s
       0 PPushes remaining with PInf 0.0000000e+00                90s

  Push phase complete: Pinf 0.0000000e+00, Dinf 7.0554673e-14     90s


Root simplex log...

Iteration    Objective       Primal Inf.    Dual Inf.      Time
   84280    7.2040000e+02   0.000000e+00   0.000000e+00     90s
Crossover time: 34.94 seconds (13.51 work units)
Concurrent spin time: 0.01s

Solved with barrier

Root relaxation: objective 7.204000e+02, 84280 iterations, 74.33 seconds (29.94 work units)

    Nodes    |    Current Node    |     Objective Bounds      |     Work
 Expl Unexpl |  Obj  Depth IntInf | Incumbent    BestBd   Gap | It/Node Time

     0     0  720.40000    0 16548          -  720.40000      -     -  187s
     0     0  720.40000    0 10154          -  720.40000      -     -  191s
     0     0  720.40000    0 15967          -  720.40000      -     -  252s
     0     0  720.40000    0 14976          -  720.40000      -     -  262s
     0     0  720.40000    0 15946          -  720.40000      -     -  306s
     0     0  720.40000    0 15946          -  720.40000      -     -  306s
     0     0  720.40000    0 11267          -  720.40000      -     -  440s
     0     0  720.40000    0 11154          -  720.40000      -     -  446s
     0     0  720.40000    0 9549          -  720.40000      -     -  452s
     0     0  720.40000    0 9246          -  720.40000      -     -  454s
     0     0  720.40000    0 11918          -  720.40000      -     -  515s
     0     0  720.40000    0 11918          -  720.40000      -     -  515s
     0     0  720.40000    0 10051          -  720.40000      -     -  640s
     0     0  720.40000    0 12450          -  720.40000      -     -  739s
     0     0  720.40000    0 12450          -  720.40000      -     -  740s
     0     0  720.40000    0 12450          -  720.40000      -     -  864s
     0     0  720.40000    0 12488          -  720.40000      -     -  876s
     0     0  720.40000    0 12301          -  720.40000      -     -  927s
     0     0  720.40000    0 11335          -  720.40000      -     -  940s
     0     0  720.40000    0 11335          -  720.40000      -     - 1102s
     0     0  720.40000    0 11288          -  720.40000      -     - 1108s
     0     0  720.40000    0 10766          -  720.40000      -     - 1312s
     0     2  720.40000    0 10766          -  720.40000      -     - 1425s
     1     4  720.40000    1 12341          -  720.40000      -  3046 1444s
     3     8  720.40000    2 10706          -  720.40000      -  3225 1469s
     7    12  720.40000    3 11986          -  720.40000      -  2875 1482s
    11    17  720.40000    4 10703          -  720.40000      -  2474 1507s
    16    19  723.37337    5 13512          -  720.40000      -  2370 1530s
    18    22  735.30000    5 11408          -  720.40000      -  2428 1565s
    21    26  792.50000    7 11613          -  720.40000      -  2315 1585s
    25    30  792.50000    8 11868          -  720.40000      -  2368 1609s
    29    33  736.30000    8 9582          -  720.40000      -  2116 1641s
    32    36  736.30000    9 9944          -  720.40000      -  1996 1671s
    35    39  736.30000   10 10311          -  720.40000      -  1869 1700s
    38    43  751.30000   11 10985          -  720.40000      -  1895 1740s
    42    47  751.30000   12 10521          -  720.40000      -  1886 1765s
    46    51  751.30000   13 10149          -  720.40000      -  1795 1790s
    50    55  751.30000   14 10146          -  720.40000      -  1730 1827s
    54    59  751.30000   15 10546          -  720.40000      -  1781 1868s
    58    63  751.30000   16 10084          -  720.40000      -  1882 1916s
    62    66  736.30000   16 10229          -  720.40000      -  1909 1949s
    65    70  778.05654   17 10024          -  720.40000      -  1952 1993s
    69    74  778.05654   18 9930          -  720.40000      -  1924 2026s
    73    78  778.05654   19 9929          -  720.40000      -  1870 2088s
    77    82  778.26615   20 9925          -  720.40000      -  1878 2110s
    81    85  779.44629   21 10540          -  720.40000      -  1868 2154s
    84    89  779.21487   21 9340          -  720.40000      -  1884 2191s
    88    93  779.59609   22 9388          -  720.40000      -  1911 2243s
    92    94  745.61755   22 11111          -  720.40000      -  1946 2279s
    93    96 infeasible   22               -  720.40000      -  1926 2332s
    99   100  790.98434   23 11340          -  720.40000      -  2228 2360s
   103   104  785.73440   23 10646          -  720.40000      -  2188 2442s
   107   108  786.14774   24 10646          -  720.40000      -  2152 2477s
   111   112  786.41440   25 10644          -  720.40000      -  2078 2799s
   115   121  786.41457   26 11971          -  720.40000      -  2090 3000s
   124   131  786.42139   27 12729          -  720.40000      -  1993 3036s
   134   141  786.52064   28 12363          -  720.40000      -  1879 3074s
   144   148  786.52712   29 13190          -  720.40000      -  1769 3253s
   151   159  786.83824   30 13728          -  720.40000      -  1743 3294s
   162   179  786.95807   31 13736          -  720.40000      -  1670 3333s
   182   210  786.95807   32 13812          -  720.40000      -  1517 3386s
   213   244  787.45835   42 14369          -  720.40000      -  1378 3427s
   255   290  787.62926   53 14817          -  720.40000      -  1232 3472s
   305   349  788.21907   66 12198          -  720.40000      -  1094 3510s
   364   401  788.60844   82 13134          -  720.40000      -   967 3547s
   416   451  788.80217   91 12453          -  720.40000      -   881 3588s
   466   498  788.85615   96 13590          -  720.40000      -   835 3630s
   513   569  789.07439  104 14620          -  720.40000      -   788 3661s
   584   650  789.16443  113 12442          -  720.40000      -   731 3703s
   665   728  789.31898  121 15699          -  720.40000      -   681 3732s
   743   779  789.64856  142 12996          -  720.40000      -   639 3758s
   794   865  789.97676  149 11543          -  720.40000      -   622 3788s
   880   932  790.57094  178 13960          -  720.40000      -   586 3834s
   948   975  796.60545  203 9651          -  720.40000      -   578 3882s
   996   982  796.63267  214 8273          -  720.40000      -   574 4361s
  1003   984  796.63267  215 8276          -  720.40000      -   573 4862s
  1007   986  796.63667  216 7710          -  720.40000      -   572 5230s
  1011   998  796.63702  217 8122          -  720.40000      -   571 5658s
  1025  1039  796.66487  224 9559          -  720.40000      -   578 5739s
  1067  1040  789.10870  106 10766          -  720.40000      -   582 7193s
  1068  1041  843.87258  323 10766          -  720.40000      -   581 7196s

Explored 1068 nodes (1092221 simplex iterations) in 7200.93 seconds (5456.18 work units)
Thread count was 4 (of 8 available processors)

Solution count 0

Time limit reached
Best objective -, best bound 7.204000000000e+02, gap -
