
Gurobi 13.0.2 (linux64) logging started Fri Jul 10 08:33:41 2026

Set parameter LogFile to value "src/Resultados/Restriccion_solo_cliques/logs/R206-50.xml_log.log"
Set parameter Threads to value 4
Gurobi Optimizer version 13.0.2 build v13.0.2rc1 (linux64 - "Rocky Linux 9.7 (Blue Onyx)")

CPU model: QEMU Virtual CPU version 2.5+, instruction set [SSE2]
Thread count: 8 physical cores, 8 logical processors, using up to 4 threads

Non-default parameters:
TimeLimit  7200
Threads  4

Optimize a model with 273777 rows, 171900 columns and 2641725 nonzeros (Min)
Model fingerprint: 0x419f4892
Model has 38685 linear objective coefficients
Variable types: 33450 continuous, 138450 integer (138435 binary)
Coefficient statistics:
  Matrix range     [1e+00, 2e+05]
  Objective range  [4e+00, 6e+01]
  Bounds range     [1e+00, 2e+03]
  RHS range        [1e+00, 2e+05]

Presolve removed 81250 rows and 150 columns (presolve time = 5s)...
Presolve removed 82580 rows and 180 columns (presolve time = 10s)...
Presolve removed 82610 rows and 195 columns
Presolve time: 14.72s
Presolved: 191167 rows, 171705 columns, 937275 nonzeros
Variable types: 750 continuous, 170955 integer (154110 binary)
Deterministic concurrent LP optimizer: primal simplex, dual simplex, and barrier
Showing barrier log only...

Root barrier log...

Elapsed ordering time = 5s
Elapsed ordering time = 8s
Ordering time: 9.99s

Barrier statistics:
 Dense cols : 60
 AA' NZ     : 4.714e+06
 Factor NZ  : 2.438e+07 (roughly 340 MB of memory)
 Factor Ops : 1.650e+10 (roughly 2 seconds per iteration)
 Threads    : 1

                  Objective                Residual
Iter       Primal          Dual         Primal    Dual     Compl     Time
   0   2.88402421e+06 -2.45401435e+06  2.19e+05 1.11e-16  1.04e+02    38s
   1   8.64529710e+05 -2.49660349e+06  6.65e+04 5.82e-01  3.64e+01    40s
   2   2.27083245e+05 -3.65915541e+06  1.82e+04 3.38e-02  1.48e+01    42s
   3   6.03863474e+04 -7.88792716e+05  4.73e+03 1.11e-03  3.10e+00    45s
   4   4.69296146e+03 -7.85706195e+04  2.56e+02 2.30e-05  2.31e-01    49s
   5   2.03560624e+03 -8.76255661e+03  5.86e+01 1.83e-06  3.51e-02    52s
   6   1.03329524e+03 -8.81410633e+02  3.22e+00 1.64e-07  4.67e-03    56s
   7   6.36891540e+02  9.91456118e+01  2.66e-01 4.02e-08  1.19e-03    60s
   8   5.23947179e+02  4.40575818e+02  3.13e-02 3.48e-09  1.80e-04    63s
   9   5.02125750e+02  4.97878359e+02  1.02e-04 1.09e-10  9.07e-06    68s
  10   5.01702972e+02  5.01672239e+02  4.21e-12 9.73e-15  6.56e-08    71s
  11   5.01700003e+02  5.01699972e+02  6.94e-11 3.27e-15  6.56e-11    74s
  12   5.01700000e+02  5.01700000e+02  4.52e-11 9.40e-16  6.10e-14    77s

Barrier solved model in 12 iterations and 76.84 seconds (35.88 work units)
Optimal objective 5.01700000e+02


Root crossover log...

   16468 DPushes remaining with DInf 0.0000000e+00                77s
       0 DPushes remaining with DInf 0.0000000e+00                77s

   68141 PPushes remaining with PInf 0.0000000e+00                77s
   21586 PPushes remaining with PInf 0.0000000e+00                80s
    5307 PPushes remaining with PInf 0.0000000e+00                85s
       0 PPushes remaining with PInf 0.0000000e+00                88s

  Push phase complete: Pinf 0.0000000e+00, Dinf 9.7422070e-15     88s


Root simplex log...

Iteration    Objective       Primal Inf.    Dual Inf.      Time
   84582    5.0170000e+02   0.000000e+00   0.000000e+00     88s
Crossover time: 11.08 seconds (5.97 work units)
Concurrent spin time: 0.06s

Solved with barrier

Root relaxation: objective 5.017000e+02, 84582 iterations, 68.44 seconds (30.95 work units)

    Nodes    |    Current Node    |     Objective Bounds      |     Work
 Expl Unexpl |  Obj  Depth IntInf | Incumbent    BestBd   Gap | It/Node Time

     0     0  501.70000    0 15548          -  501.70000      -     -  174s
     0     0  501.70000    0 13715          -  501.70000      -     -  178s
     0     0  501.70000    0 13359          -  501.70000      -     -  182s
     0     0  501.70000    0 13582          -  501.70000      -     -  241s
     0     0  501.70000    0 15018          -  501.70000      -     -  264s
     0     0  501.70000    0 17412          -  501.70000      -     -  314s
     0     0  501.70000    0 17412          -  501.70000      -     -  315s
     0     0  501.70000    0 17412          -  501.70000      -     -  447s
     0     0  501.70000    0 17588          -  501.70000      -     -  471s
     0     0  501.70000    0 20814          -  501.70000      -     -  500s
     0     0  501.70000    0 20814          -  501.70000      -     -  500s
     0     0  501.70000    0 20814          -  501.70000      -     -  652s
     0     0  501.70000    0 20818          -  501.70000      -     -  675s
     0     0  501.70000    0 20146          -  501.70000      -     -  680s
     0     0  501.70000    0 20152          -  501.70000      -     -  680s
     0     0  501.70000    0 15265          -  501.70000      -     -  720s
     0     0  501.70000    0 15265          -  501.70000      -     -  720s
     0     0  501.70000    0 11290          -  501.70000      -     -  907s
     0     0  501.70000    0 19674          -  501.70000      -     -  947s
     0     0  501.70000    0 19108          -  501.70000      -     -  949s
     0     0  501.70000    0 18752          -  501.70000      -     -  953s
     0     0  501.70000    0 18700          -  501.70000      -     -  954s
     0     0  501.70000    0 22412          -  501.70000      -     -  991s
     0     0  501.70000    0 22412          -  501.70000      -     -  992s
     0     0  501.70000    0 9764          -  501.70000      -     - 1078s
     0     0  501.70000    0 11315          -  501.70000      -     - 1099s
     0     0  501.70000    0 10342          -  501.70000      -     - 1109s
     0     0  501.70000    0 11091          -  501.70000      -     - 1110s
     0     0  501.70000    0 15372          -  501.70000      -     - 1153s
     0     0  501.70000    0 15372          -  501.70000      -     - 1154s
     0     0  501.70000    0 11077          -  501.70000      -     - 1260s
     0     0  501.70000    0 9589          -  501.70000      -     - 1290s
     0     0  501.70000    0 10981          -  501.70000      -     - 1298s
     0     0  501.70000    0 10867          -  501.70000      -     - 1300s
     0     0  501.70000    0 14318          -  501.70000      -     - 1325s
     0     0  501.70000    0 14324          -  501.70000      -     - 1325s
     0     0  501.70000    0 11542          -  501.70000      -     - 1450s
     0     0  501.70000    0 11169          -  501.70000      -     - 1458s
     0     0  501.70000    0 11169          -  501.70000      -     - 1524s
     0     2  501.70000    0 11169          -  501.70000      -     - 1654s
     1     4  501.70000    1 11575          -  501.70000      -   402 1681s
     3     8  501.70000    2 10000          -  501.70000      -  2142 1741s
     6     8  504.63532    2 11834          -  501.70000      -  2238 1745s
     7    12  501.70812    3 7662          -  501.70000      -  2601 1768s
    11    20  501.70812    4 7660          -  501.70000      -  1873 1793s
    19    23  501.70961    9 7660          -  501.70000      -  1475 1824s
    22    27  501.70963   10 7658          -  501.70000      -  1373 1848s
    26    31  501.70963   11 7658          -  501.70000      -  1264 1884s
    30    35  501.71042   12 8064          -  501.70000      -  1309 1897s
    34    39  501.71042   13 8064          -  501.70000      -  1176 1921s
    38    43  501.71042   14 8780          -  501.70000      -  1231 1953s
    42    47  501.71042   15 8042          -  501.70000      -  1206 1993s
    46    51  501.71042   16 8042          -  501.70000      -  1130 2153s
    50    53  501.71042   17 8005          -  501.70000      -  1100 2211s
    52    57  501.71042   18 8005          -  501.70000      -  1058 2252s
    56    75  501.71042   19 8005          -  501.70000      -  1035 2334s
    74   112  501.71440   34 8193          -  501.70000      -   869 2398s
   111   161  501.71640   49 8859          -  501.70000      -   682 2439s
   160   208  501.71737   64 7046          -  501.70000      -   574 2461s
   207   267  501.71847   79 7045          -  501.70000      -   498 2486s
   266   373  501.72043   94 7406          -  501.70000      -   413 2505s
   372   458  501.72404  129 9913          -  501.70000      -   322 2533s
   457   548  501.72619  164 9537          -  501.70000      -   271 2552s
   547   601  501.72845  186 8871          -  501.70000      -   238 2609s
   608   625  501.74534  221 6831          -  501.70000      -   250 2650s
   632   656  501.74990  242 6649          -  501.70000      -   277 2699s
   663   718  501.75220  264 6954          -  501.70000      -   282 2758s
   725   835  501.75570  309 7444          -  501.70000      -   279 2788s
   842   971  501.76055  365 7049          -  501.70000      -   256 2826s
   978  1096  501.76734  445 7146          -  501.70000      -   234 2888s
  1103  1279  501.77236  496 7083          -  501.70000      -   219 2924s
  1286  1440  501.78240  562 8165          -  501.70000      -   194 2949s
  1447  1499  501.78595  621 7225          -  501.70000      -   180 3491s
  1506  1503  501.78933  655 7129          -  501.70000      -   178 4299s
  1508  1503  503.08989  251 5628          -  501.70000      -   178 4300s
  1510  1507  501.78933  656 6779          -  501.70000      -   178 4981s
  1514  1533  501.79008  657 6770          -  501.70000      -   178 5430s
  1540  1716  501.79008  658 7224          -  501.70000      -   177 5483s
  1723  1891  501.80112  729 7163          -  501.70000      -   167 5508s
  1898  2001  501.80721  781 7676          -  501.70000      -   157 5532s
  2008  2168  501.80895  808 6882          -  501.70000      -   157 5573s
  2175  2341  501.81224  865 7367          -  501.70000      -   151 5609s
  2348  2510  501.82143  928 7167          -  501.70000      -   145 5634s
  2517  2704  501.82789  977 7793          -  501.70000      -   141 5660s
  2711  2895  501.84266 1057 6839          -  501.70000      -   136 5686s
  2902  3099  501.85365 1120 6684          -  501.70000      -   132 5724s
  3106  3218  501.93420 1195 6969          -  501.70000      -   130 5750s
  3225  3338  501.98825 1214 6743          -  501.70000      -   132 5808s
  3261  3338  501.70000   60 8422          -  501.70000      -   134 5810s
  3350  3402  505.60000 1229 7167          -  501.70000      -   135 5852s
  3414  3556  505.95000 1234 6783          -  501.70000      -   140 5886s
  3568  3688  506.05000 1240 6948          -  501.70000      -   140 5926s
  3700  3833  511.03099 1269 7231          -  501.70000      -   142 5960s
  3845  3942  528.82022 1315 8619          -  501.70000      -   143 5996s
  3954  4039  530.33883 1319 8738          -  501.70000      -   147 6042s
  4051  4174  541.24953 1327 7597          -  501.70000      -   151 6077s
  4194  4339  502.54510  101 10056          -  501.70000      -   154 6125s
  4359  4474  503.54284  188 9817          -  501.70000      -   155 6180s
  4494  4622  504.10860  249 10955          -  501.70000      -   157 6230s
  4645  4844  504.55057  336 9927          -  501.70000      -   160 6295s
  4879  5032  505.17487  422 9222          -  501.70000      -   160 6354s
  5075  5177  524.16884  508 7746          -  501.70000      -   161 6408s

Cutting planes:
  Learned: 2
  Gomory: 4
  Cover: 842
  Implied bound: 1120
  Clique: 730
  MIR: 394
  StrongCG: 18
  Flow cover: 2
  GUB cover: 1
  RLT: 239
  Relax-and-lift: 88
  BQP: 551

Explored 5236 nodes (1383323 simplex iterations) in 7200.57 seconds (4670.52 work units)
Thread count was 4 (of 8 available processors)

Solution count 0

Time limit reached
Best objective -, best bound 5.017000000000e+02, gap -
