
Gurobi 13.0.2 (linux64) logging started Sat Jul 11 00:47:18 2026

Set parameter LogFile to value "src/Resultados/Restriccion_solo_cliques/logs/R210-50.xml_log.log"
Set parameter Threads to value 4
Gurobi Optimizer version 13.0.2 build v13.0.2rc1 (linux64 - "Rocky Linux 9.7 (Blue Onyx)")

CPU model: QEMU Virtual CPU version 2.5+, instruction set [SSE2]
Thread count: 8 physical cores, 8 logical processors, using up to 4 threads

Non-default parameters:
TimeLimit  7200
Threads  4

Optimize a model with 272291 rows, 171150 columns and 2637375 nonzeros (Min)
Model fingerprint: 0x384ea1bb
Model has 38895 linear objective coefficients
Variable types: 33210 continuous, 137940 integer (137925 binary)
Coefficient statistics:
  Matrix range     [1e+00, 2e+05]
  Objective range  [4e+00, 6e+01]
  Bounds range     [1e+00, 2e+03]
  RHS range        [1e+00, 2e+05]

Presolve removed 64915 rows and 60 columns (presolve time = 5s)...
Presolve removed 80530 rows and 150 columns (presolve time = 12s)...
Presolve removed 81920 rows and 180 columns (presolve time = 15s)...
Presolve removed 81950 rows and 180 columns (presolve time = 20s)...
Presolve removed 81965 rows and 180 columns (presolve time = 25s)...
Presolve removed 81980 rows and 195 columns
Presolve time: 26.76s
Presolved: 190311 rows, 170955 columns, 935160 nonzeros
Variable types: 750 continuous, 170205 integer (153360 binary)
Deterministic concurrent LP optimizer: primal simplex, dual simplex, and barrier
Showing barrier log only...

Root barrier log...

Elapsed ordering time = 5s
Elapsed ordering time = 6s
Ordering time: 8.39s

Barrier statistics:
 Dense cols : 45
 AA' NZ     : 4.920e+06
 Factor NZ  : 2.753e+07 (roughly 400 MB of memory)
 Factor Ops : 2.100e+10 (roughly 3 seconds per iteration)
 Threads    : 1

                  Objective                Residual
Iter       Primal          Dual         Primal    Dual     Compl     Time
   0   3.22046658e+06 -2.44668239e+06  2.16e+05 1.11e-16  1.04e+02    69s
   1   9.50752231e+05 -2.49247750e+06  6.51e+04 5.52e-01  3.60e+01    72s
   2   1.97217531e+05 -2.74792203e+06  1.37e+04 1.43e-02  1.10e+01    75s
   3   1.91507920e+04 -3.71019757e+05  1.22e+03 1.07e-05  1.17e+00    78s
   4   3.22627539e+03 -4.78723282e+04  1.26e+02 9.50e-07  1.33e-01    83s
   5   1.47833767e+03 -8.92680864e+03  1.49e+01 1.45e-07  2.50e-02    87s
   6   1.04758435e+03 -5.88368309e+03  4.57e+00 9.89e-08  1.56e-02    91s
   7   6.73632714e+02 -2.84350424e+03  6.84e-01 5.16e-08  7.65e-03    96s
   8   5.41599756e+02 -3.47431197e+02  7.23e-02 1.23e-08  1.92e-03   101s
   9   5.09433646e+02  4.67800603e+02  1.49e-04 3.05e-10  8.92e-05   105s
  10   5.06520950e+02  5.06366933e+02  1.52e-08 1.16e-15  3.30e-07   109s
  11   5.06500021e+02  5.06499867e+02  1.19e-10 3.11e-15  3.30e-10   113s
  12   5.06500000e+02  5.06500000e+02  5.95e-10 2.11e-15  3.65e-13   118s

Barrier solved model in 12 iterations and 118.02 seconds (41.25 work units)
Optimal objective 5.06500000e+02


Root crossover log...

   18081 DPushes remaining with DInf 0.0000000e+00               119s
       0 DPushes remaining with DInf 0.0000000e+00               119s

   67646 PPushes remaining with PInf 0.0000000e+00               119s
   51692 PPushes remaining with PInf 0.0000000e+00               120s
   40893 PPushes remaining with PInf 0.0000000e+00               127s
   33248 PPushes remaining with PInf 0.0000000e+00               134s
   31583 PPushes remaining with PInf 0.0000000e+00               135s
   17046 PPushes remaining with PInf 0.0000000e+00               151s
   11886 PPushes remaining with PInf 0.0000000e+00               155s
    6382 PPushes remaining with PInf 0.0000000e+00               160s
    1685 PPushes remaining with PInf 0.0000000e+00               165s
       0 PPushes remaining with PInf 0.0000000e+00               168s

  Push phase complete: Pinf 0.0000000e+00, Dinf 1.0123031e-12    168s


Root simplex log...

Iteration    Objective       Primal Inf.    Dual Inf.      Time
   85730    5.0650000e+02   0.000000e+00   0.000000e+00    168s
Crossover time: 50.27 seconds (26.61 work units)
Concurrent spin time: 3.89s

Solved with barrier

Root relaxation: objective 5.065000e+02, 85730 iterations, 122.61 seconds (56.96 work units)

    Nodes    |    Current Node    |     Objective Bounds      |     Work
 Expl Unexpl |  Obj  Depth IntInf | Incumbent    BestBd   Gap | It/Node Time

     0     0  506.50000    0 12208          -  506.50000      -     -  266s
     0     0  506.50000    0 16723          -  506.50000      -     -  272s
     0     0  506.50000    0 16723          -  506.50000      -     -  273s
     0     0  506.50000    0 25559          -  506.50000      -     -  352s
     0     0  506.50000    0 25645          -  506.50000      -     -  376s
     0     0  506.50000    0 26732          -  506.50000      -     -  413s
     0     0  506.50000    0 26732          -  506.50000      -     -  413s
     0     0  506.50000    0 5620          -  506.50000      -     -  525s
     0     0  506.50000    0 9403          -  506.50000      -     -  550s
     0     0  506.50000    0 13152          -  506.50000      -     -  594s
     0     0  506.50000    0 13152          -  506.50000      -     -  594s
     0     0  506.50000    0 10377          -  506.50000      -     -  759s
     0     0  506.50000    0 10889          -  506.50000      -     -  803s
     0     0  506.50000    0 19864          -  506.50000      -     -  847s
     0     0  506.50000    0 19864          -  506.50000      -     -  847s
     0     0  506.50000    0 12093          -  506.50000      -     -  932s
     0     0  506.50000    0 12994          -  506.50000      -     -  959s
     0     0  506.50000    0 22624          -  506.50000      -     - 1021s
     0     0  506.50000    0 22624          -  506.50000      -     - 1021s
     0     0  506.50000    0 14694          -  506.50000      -     - 1121s
     0     0  506.50000    0 14049          -  506.50000      -     - 1141s
     0     0  506.50000    0 14281          -  506.50000      -     - 1142s
     0     0  506.50000    0 13890          -  506.50000      -     - 1228s
     0     0  506.50000    0 13890          -  506.50000      -     - 1229s
     0     0  506.50000    0 8080          -  506.50000      -     - 1327s
     0     0  506.50000    0 8085          -  506.50000      -     - 1340s
     0     0  506.50000    0 8085          -  506.50000      -     - 1378s
     0     2  506.50000    0 8085          -  506.50000      -     - 1520s
     1     4  506.50000    1 11724          -  506.50000      -  4015 1566s
     3     8  506.63770    2 11838          -  506.50000      -  4215 1613s
     7    12  506.63770    3 10832          -  506.63770      -  3128 1631s
    11    23  506.63770    4 11278          -  506.63770      -  2171 1646s
    22    29  506.63770    5 11317          -  506.63770      -  1167 1701s
    30    29  506.63770    6 14718          -  506.63770      -   931 1733s
    38    37  506.63770    7 13042          -  506.63770      -  1148 1767s
    46    45  506.63770    8 12317          -  506.63770      -  1047 1800s
    54    57  506.63770    9 12016          -  506.63770      -   945 1827s
    66    69  506.93012   10 10741          -  506.63770      -   828 1859s
    78    78  507.08187   11 10316          -  506.63770      -   727 1889s
    87    90  507.10643   12 11043          -  506.63770      -   681 1914s
    99   102  507.12044   13 11380          -  506.63770      -   642 1936s
   111   112  507.12044   14 11776          -  506.63770      -   600 1961s
   121   128  507.12044   15 11631          -  506.63770      -   570 1988s
   137   143  507.12044   16 11660          -  506.63770      -   521 2013s
   152   160  507.12044   17 11661          -  506.63770      -   493 2039s
   169   179  507.12044   18 14407          -  506.63770      -   465 2067s
   188   198  507.12044   19 11666          -  506.63770      -   456 2097s
   207   219  507.12044   20 11663          -  506.63770      -   435 2124s
   228   245  507.15060   21 11651          -  506.63770      -   410 2153s
   254   269  507.15060   22 11835          -  506.63770      -   382 2179s
   278   296  507.15060   23 11821          -  506.63770      -   361 2209s
   305   330  507.15060   24 11677          -  506.63770      -   340 2240s
   339   366  507.15060   25 11651          -  506.63770      -   332 2266s
   375   393  507.15060   26 11874          -  506.63770      -   303 2301s
   402   434  507.15060   27 11878          -  506.63770      -   306 2324s
   443   462  507.15060   28 13482          -  506.63770      -   288 2357s
   471   502  507.15606   29 10707          -  506.63770      -   306 2385s
   511   524  507.15606   30 10396          -  506.63770      -   296 2417s
   533   541  507.15606   31 10364          -  506.63770      -   300 2446s
   550   566  507.15606   32 14123          -  506.63770      -   309 2492s
   586   594  507.15606   33 15180          -  506.63770      -   313 2610s
   614   607  507.15606   34 14863          -  506.63770      -   309 2637s
   636   633  507.15606   35 14858          -  506.63770      -   315 2672s
   662   664  507.16303   36 14909          -  506.63770      -   321 2718s
   706   678  507.18862   37 14907          -  506.63770      -   323 2762s
   721   697  507.18862   38 14910          -  506.63770      -   340 2957s
   752   702  507.18862   39 14910          -  506.63770      -   349 2992s
   757   706  507.18862   40 15163          -  506.63770      -   351 3470s
   761   763  507.19540   41 14911          -  506.63770      -   351 3611s
   818   824  507.50918   67 11040          -  506.63770      -   351 3693s
   879   890  507.87538   96 10497          -  506.63770      -   348 3790s
   945   965  508.06263  140 10482          -  506.63770      -   347 3879s
  1020  1077  508.33681  166 10659          -  506.63770      -   351 3949s
  1133  1078  508.62870  213 8085          -  506.63770      -   343 4319s
  1134  1079  547.60000   60 8085          -  506.63770      -   342 4321s
  1135  1079  543.70000    9 7567          -  507.10805      -   342 4790s
  1136  1080  517.60000   99 10705          -  508.58720      -   342 4865s
  1138  1081  516.33393   72 10782          -  508.58720      -   341 4873s
  1141  1085  529.10000  135 8085          -  508.58720      -   427 4972s
  1142  1086  525.30000   98 8085          -  508.58720      -   427 4978s
  1143  1086  515.40000   70 8748          -  508.58720      -   427 5344s
  1144  1087  516.95038  173 7917          -  508.58860      -   426 5375s
  1146  1088  523.42813  218 5306          -  508.65838      -   425 5445s
  1147  1089  516.96131  154 5306          -  508.65838      -   425 5513s
  1148  1092  509.02463   24 6774          -  508.65838      -   564 5591s
  1149  1093  509.40328   25 7988          -  509.23066      -   567 5653s
  1151  1095  509.58907   26 7951          -  509.58907      -   566 5778s
  1153  1097  509.67511   27 7975          -  509.67511      -   567 5847s
  1156  1101  509.69417   28 7962          -  509.67511      -   574 5974s
  1161  1105  510.18844   30 7897          -  510.18844      -   596 6039s
  1167  1110  510.21025   31 7885          -  510.21025      -   604 6107s
  1176  1114  518.82296   31 9578          -  510.21025      -   615 6157s
  1183  1116  510.24390   32 7879          -  510.24390      -   618 6307s
  1187  1122  518.81848   32 8551          -  510.24390      -   631 6356s
  1194  1122  510.29684   33 7897          -  510.29684      -   640 6423s
  1197  1129  518.81848   33 9426          -  510.30806      -   650 6692s
  1205  1135  510.34760   34 7998          -  510.31553      -   656 6735s
  1213  1140  519.40147   34 8930          -  510.48669      -   679 6791s
  1221  1142  511.27788   35 8973          -  510.48669      -   690 6836s
  1226  1148  511.88244   35 8630          -  511.41612      -   702 6889s
  1233  1149  519.34146   36 10130          -  511.41612      -   710 6996s
  1237  1157  520.72608   36 10297          -  511.41612      -   720 7041s
  1246  1168  527.83547   37 9223          -  511.41612      -   726 7085s
  1262  1175  520.14315   40 8820          -  511.41612      -   732 7123s
  1274  1174  520.28461   41 8414          -  511.41612      -   744 7200s

Cutting planes:
  Gomory: 1
  Cover: 13
  Implied bound: 33
  MIR: 30
  RLT: 102
  Relax-and-lift: 7

Explored 1277 nodes (1378409 simplex iterations) in 7200.06 seconds (5379.57 work units)
Thread count was 4 (of 8 available processors)

Solution count 0

Time limit reached
Best objective -, best bound 5.115000000000e+02, gap -
