
Gurobi 13.0.2 (linux64) logging started Sun Jun 21 05:11:14 2026

Set parameter LogFile to value "src/Resultados/Restriccion cota global/logs/C201-25.xml_log.log"
Set parameter Threads to value 4
Gurobi Optimizer version 13.0.2 build v13.0.2rc1 (linux64 - "Rocky Linux 9.7 (Blue Onyx)")

CPU model: QEMU Virtual CPU version 2.5+, instruction set [SSE2]
Thread count: 8 physical cores, 8 logical processors, using up to 4 threads

Non-default parameters:
TimeLimit  7200
Threads  4

Optimize a model with 355764 rows, 205320 columns and 1353285 nonzeros (Min)
Model fingerprint: 0x451b2364
Model has 7845 linear objective coefficients
Variable types: 49230 continuous, 156090 integer (156075 binary)
Coefficient statistics:
  Matrix range     [1e+00, 1e+05]
  Objective range  [2e+00, 6e+01]
  Bounds range     [1e+00, 4e+03]
  RHS range        [1e+00, 1e+05]

Presolve removed 120810 rows and 120 columns (presolve time = 5s)...
Presolve removed 121245 rows and 120 columns
Presolve time: 8.15s
Presolved: 234519 rows, 205200 columns, 959625 nonzeros
Variable types: 300 continuous, 204900 integer (178500 binary)
Deterministic concurrent LP optimizer: primal simplex, dual simplex, and barrier
Showing barrier log only...

Root barrier log...

Ordering time: 0.72s

Barrier statistics:
 Dense cols : 15
 AA' NZ     : 1.591e+06
 Factor NZ  : 5.794e+06 (roughly 230 MB of memory)
 Factor Ops : 4.153e+08 (less than 1 second per iteration)
 Threads    : 1

                  Objective                Residual
Iter       Primal          Dual         Primal    Dual     Compl     Time
   0   1.25539170e+06 -4.94387297e+05  1.69e+06 0.00e+00  4.17e+01    13s
   1   8.62849052e+05 -5.06920098e+05  1.17e+06 6.78e-02  2.89e+01    13s
   2   6.18143278e+05 -7.89383194e+05  8.43e+05 8.65e-03  1.96e+01    14s
   3   2.30813427e+05 -7.80186225e+05  3.16e+05 6.47e-03  8.14e+00    14s
   4   7.78757094e+04 -6.88168293e+05  1.07e+05 3.92e-03  3.46e+00    15s
   5   4.79744987e+04 -4.26314936e+05  6.60e+04 1.71e-03  1.96e+00    16s
   6   1.01933830e+04 -9.66499396e+04  1.36e+04 1.99e-04  4.08e-01    16s
   7   4.04837080e+03 -1.21720876e+04  5.04e+03 1.57e-13  9.54e-02    17s
   8   1.84944378e+03 -6.23340985e+03  1.90e+03 1.46e-13  3.61e-02    17s
   9   7.68772169e+02 -3.19611607e+03  6.19e+02 6.68e-14  1.30e-02    17s
  10   5.63460351e+02 -1.28217356e+03  3.81e+02 3.04e-14  6.64e-03    18s
  11   3.69376292e+02 -3.20859769e+02  1.54e+02 9.34e-15  2.59e-03    18s
  12   2.60453818e+02 -1.20164227e+01  3.12e+01 3.70e-15  7.60e-04    19s
  13   2.42088260e+02  7.96811317e+01  1.07e+01 2.25e-15  3.85e-04    19s
  14   2.36369492e+02  1.10245628e+02  4.44e+00 1.83e-15  2.67e-04    20s
  15   2.33283662e+02  1.94813404e+02  1.04e+00 5.18e-16  7.81e-05    20s
  16   2.32502804e+02  2.21753426e+02  2.05e-01 4.44e-16  2.09e-05    21s
  17   2.32302961e+02  2.31250783e+02  1.01e-03 4.44e-16  1.93e-06    21s
  18   2.32300003e+02  2.32298951e+02  8.03e-11 4.44e-16  1.92e-09    21s
  19   2.32300000e+02  2.32299999e+02  4.77e-11 4.44e-16  1.92e-12    22s

Barrier solved model in 19 iterations and 21.84 seconds (12.24 work units)
Optimal objective 2.32300000e+02


Root crossover log...

   32842 DPushes remaining with DInf 0.0000000e+00                22s
       0 DPushes remaining with DInf 0.0000000e+00                22s

   99807 PPushes remaining with PInf 0.0000000e+00                22s
   47584 PPushes remaining with PInf 0.0000000e+00                25s
   15466 PPushes remaining with PInf 0.0000000e+00                35s
   15110 PPushes remaining with PInf 0.0000000e+00                35s
    8074 PPushes remaining with PInf 0.0000000e+00                40s
    1406 PPushes remaining with PInf 0.0000000e+00                45s
       0 PPushes remaining with PInf 0.0000000e+00                47s

  Push phase complete: Pinf 0.0000000e+00, Dinf 1.5681900e-15     47s


Root simplex log...

Iteration    Objective       Primal Inf.    Dual Inf.      Time
  132652    2.3230000e+02   0.000000e+00   0.000000e+00     47s
Crossover time: 24.95 seconds (12.25 work units)
Concurrent spin time: 0.00s

Solved with barrier

Root relaxation: objective 2.323000e+02, 132652 iterations, 36.13 seconds (16.55 work units)

    Nodes    |    Current Node    |     Objective Bounds      |     Work
 Expl Unexpl |  Obj  Depth IntInf | Incumbent    BestBd   Gap | It/Node Time

     0     0  232.30000    0 75474          -  232.30000      -     -  182s
     0     0  232.30000    0 78373          -  232.30000      -     -  249s
     0     0  232.30000    0 77496          -  232.30000      -     -  251s
     0     0  232.30000    0 77496          -  232.30000      -     -  255s
     0     0  232.30000    0 78710          -  232.30000      -     -  285s
     0     0  232.30000    0 78710          -  232.30000      -     -  475s
H    0     0                     340.9000000  232.30000  31.9%     -  538s
     0     0  232.30000    0 78887  340.90000  232.30000  31.9%     -  578s
     0     0  232.30000    0 78513  340.90000  232.30000  31.9%     -  615s
     0     0  232.30000    0 78511  340.90000  232.30000  31.9%     -  620s
     0     0  232.30000    0 78231  340.90000  232.30000  31.9%     -  658s
     0     0  232.30000    0 78214  340.90000  232.30000  31.9%     -  663s
     0     0  232.30000    0 78162  340.90000  232.30000  31.9%     -  697s
     0     0  232.30000    0 78162  340.90000  232.30000  31.9%     -  721s
     0     2  232.30000    0 78162  340.90000  232.30000  31.9%     -  833s
     1     4  232.30000    1 78450  340.90000  232.30000  31.9%   509  884s
     3     8  232.30000    2 76879  340.90000  232.30000  31.9%  4312  926s
     7    11  232.30000    3 76617  340.90000  232.30000  31.9%  4674  967s
    10    15  232.30000    4 73982  340.90000  232.30000  31.9%  4667  999s
    14    14     cutoff    5       340.90000  232.30000  31.9%  3738 1042s
    15    17  232.30000    5 64347  340.90000  232.30000  31.9%  3673 1075s
    18    26  274.71497    7 60967  340.90000  232.30000  31.9%  3705 1110s
    29    34  279.28636    9 59997  340.90000  232.30000  31.9%  3299 1148s
    37    42  282.20000   13 55130  340.90000  232.30000  31.9%  3103 1180s
    45    53  282.20000   18 54891  340.90000  232.30000  31.9%  2914 1230s
H   56    67                     335.2000000  232.30000  30.7%  2860 1287s
H   70    79                     301.7000000  232.30000  23.0%  2862 1352s
    82   101  286.50000   38 46766  301.70000  232.30000  23.0%  2636 1408s
   106   122  287.15000   48 37407  301.70000  232.30000  23.0%  2531 1471s
   128   140     cutoff   53       301.70000  232.30000  23.0%  2437 1539s
   148   166  289.64380   57 53519  301.70000  232.30000  23.0%  2533 1617s
   174   182  289.68760   64 39338  301.70000  232.30000  23.0%  2460 1689s
   190   206  290.04531   73 32302  301.70000  232.30000  23.0%  2375 1811s
   214   251  290.04531   75 34831  301.70000  232.30000  23.0%  2244 1927s
   259   289  290.11831   87 26488  301.70000  232.30000  23.0%  2016 2008s
   301   343  290.22781   93 12993  301.70000  232.30000  23.0%  1865 2075s
   369   374  232.30000    9 59927  301.70000  232.30000  23.0%  1618 2141s
   404   385  232.30000   13 48569  301.70000  232.30000  23.0%  1568 2255s
   435   414  232.87079   20 45686  301.70000  232.30000  23.0%  1530 2361s
   468   431  232.87079   21 46919  301.70000  232.30000  23.0%  1499 2520s
   485   451  232.87079   32 16709  301.70000  232.30000  23.0%  1486 2628s
   505   472  258.79911   32 14638  301.70000  232.30000  23.0%  1517 2697s
   526   479  240.91888   35 14190  301.70000  232.30000  23.0%  1495 3021s
   533   529  247.69353   36 16413  301.70000  232.30000  23.0%  1492 3297s
   585   591  254.84349   35 12820  301.70000  232.30000  23.0%  1384 3479s
   649   658  248.19940   37 18523  301.70000  232.30000  23.0%  1260 3641s
   716   751  248.76767   38 18527  301.70000  232.30000  23.0%  1160 3715s
   809   852  249.90401   39 19105  301.70000  232.30000  23.0%  1048 3761s
   910   919  251.68391   46 17117  301.70000  232.30000  23.0%   969 3805s
   977   966  288.83607   49 22066  301.70000  232.30000  23.0%   941 3876s
  1038  1044  289.35867   55 17837  301.70000  232.30000  23.0%   922 3945s
  1137  1045  298.42198  174 78162  301.70000  232.30000  23.0%   885 4209s
  1139  1046  297.90000  216 36546  301.70000  232.30000  23.0%   883 4506s
  1140  1047  246.11779   72 38574  301.70000  232.30000  23.0%   882 4641s
  1141  1048  297.64608  143 38677  301.70000  232.30000  23.0%   881 4711s
  1142  1048  297.90000  215 37567  301.70000  232.30000  23.0%   881 4746s
  1143  1049  280.61401   21 37270  301.70000  232.30000  23.0%   880 4789s
  1144  1050  279.70693   90 37033  301.70000  232.30000  23.0%   879 4817s
  1145  1050  297.90000  183 36980  301.70000  232.30000  23.0%   878 4859s
  1146  1051  289.74776   57 38937  301.70000  232.30000  23.0%   878 4924s
  1147  1052  295.59228  104 38808  301.70000  232.30000  23.0%   877 4964s
  1148  1052  254.97118   36 39638  301.70000  232.30000  23.0%   876 5000s
  1149  1053  290.11101   81 39216  301.70000  232.30000  23.0%   875 5039s
  1150  1054  282.20000   95 39100  301.70000  232.30000  23.0%   875 5074s
  1151  1054  286.97692   58 38494  301.70000  232.30000  23.0%   874 5131s
  1152  1055  253.90000   92 38566  301.70000  232.30000  23.0%   873 5162s
  1153  1056  276.31092   83 35713  301.70000  232.84615  22.8%   872 5230s
  1154  1056  292.86987   91 35457  301.70000  232.84615  22.8%   872 5315s
  1155  1057  297.90000  209 30305  301.70000  232.84615  22.8%   871 5367s
  1156  1058  252.40000   99 24908  301.70000  232.84615  22.8%   870 5386s
  1157  1058  261.79096  128 24073  301.70000  232.84615  22.8%   869 5418s
  1158  1059  262.99971   82 21525  301.70000  232.84615  22.8%   869 5441s
  1159  1060  287.65000   51 21625  301.70000  232.84615  22.8%   868 5468s
  1160  1060  255.92986   48 20328  301.70000  232.84615  22.8%   867 5489s
  1161  1061  298.42198  169 20328  301.70000  232.84615  22.8%   866 5504s
  1162  1062  285.10000  144 20328  301.70000  232.84615  22.8%   866 5555s
  1163  1065  232.84615   15 20825  301.70000  232.84615  22.8%  1052 5614s
  1165  1068  232.84615   16 21350  301.70000  232.84615  22.8%  1064 5660s
  1169  1070  232.84615   17 24173  301.70000  232.84615  22.8%  1072 5678s
  1173  1076  232.84615   18 26758  301.70000  232.84615  22.8%  1072 5702s
H 1175  1021                     298.7000000  232.84615  22.0%  1070 5702s
  1180  1029  232.84615   20 30264  298.70000  232.84615  22.0%  1073 5732s
  1189  1036  232.84615   21 30277  298.70000  232.84615  22.0%  1081 5749s
  1201  1036  282.57350   23 23126  298.70000  232.84615  22.0%  1087 5771s
  1205  1043  232.84615   23 21961  298.70000  232.84615  22.0%  1092 5793s
  1216  1041     cutoff   25       298.70000  232.84615  22.0%  1098 5820s
  1225  1042  232.84615   25 25702  298.70000  232.84615  22.0%  1095 5852s
  1239  1042  232.84615   26 23071  298.70000  232.84615  22.0%  1096 5888s
  1252  1043  232.84615   27 21325  298.70000  232.84615  22.0%  1100 5922s
  1264  1042  265.65763   28 20468  298.70000  232.84615  22.0%  1103 5950s
  1278  1043  265.26548   29 21831  298.70000  232.84615  22.0%  1111 5976s
  1284  1044  234.30000   30 13919  298.70000  232.84615  22.0%  1126 6003s
  1294  1043  276.30000   33 10303  298.70000  232.84615  22.0%  1124 6034s
  1296  1047  265.65763   31 17033  298.70000  232.84615  22.0%  1128 6061s
  1301  1055  266.88056   32 13262  298.70000  232.84615  22.0%  1130 6099s
  1311  1059     cutoff   34       298.70000  232.84615  22.0%  1134 6128s
  1320  1062  269.66014   37 13374  298.70000  232.84615  22.0%  1134 6157s
  1328  1064  272.92319   40 13370  298.70000  232.84615  22.0%  1134 6193s
  1340  1068  286.22121   44 7352  298.70000  232.84615  22.0%  1136 6218s
  1353  1071  286.56609   46 13369  298.70000  232.84615  22.0%  1137 6248s
  1366  1081  289.41713   47 7633  298.70000  232.84615  22.0%  1135 6300s
  1390  1081  287.21001   52 10524  298.70000  232.84615  22.0%  1120 6339s
  1402  1083 infeasible   54       298.70000  232.84615  22.0%  1128 6369s
  1424  1080  287.40022   55 9383  298.70000  232.84615  22.0%  1116 6433s
  1431  1102  287.40022   56 10825  298.70000  232.84615  22.0%  1117 6467s
  1463  1101  287.50641   57 10830  298.70000  232.84615  22.0%  1104 6514s
  1475  1111  289.20000   58 10467  298.70000  232.84615  22.0%  1104 6552s
  1491  1115  289.20000   60 10397  298.70000  232.84615  22.0%  1110 6609s
  1502  1123  290.63662   77 18132  298.70000  232.84615  22.0%  1107 6652s
  1518  1119  289.20493   61 9172  298.70000  232.84615  22.0%  1109 6697s
  1540  1111     cutoff   32       298.70000  232.84615  22.0%  1097 6745s
  1552  1112  289.30000   62 9739  298.70000  232.84615  22.0%  1097 6785s
  1559  1117  276.30000   29 12614  298.70000  232.84615  22.0%  1099 6832s
  1569  1130  289.30000   63 9677  298.70000  232.84615  22.0%  1103 6880s
  1585  1138     cutoff   63       298.70000  232.84615  22.0%  1104 6936s
  1600  1143     cutoff   64       298.70000  232.84615  22.0%  1098 6979s
  1613  1167     cutoff   65       298.70000  232.84615  22.0%  1096 7024s
  1649  1168     cutoff   56       298.70000  232.84615  22.0%  1087 7128s
  1682  1208  289.33746   67 9684  298.70000  232.84615  22.0%  1077 7189s
  1735  1209     cutoff   67       298.70000  232.84615  22.0%  1058 7200s

Cutting planes:
  Gomory: 7
  Implied bound: 7
  Projected implied bound: 12
  MIR: 7
  Flow cover: 141
  RLT: 6
  Relax-and-lift: 120

Explored 1764 nodes (2087511 simplex iterations) in 7200.08 seconds (7026.96 work units)
Thread count was 4 (of 8 available processors)

Solution count 4: 298.7 301.7 335.2 340.9 

Time limit reached
Best objective 2.987000000000e+02, best bound 2.329000000000e+02, gap 22.0288%
