
Gurobi 13.0.2 (linux64) logging started Sun Jun 21 13:13:41 2026

Set parameter LogFile to value "src/Resultados/Restriccion cota global/logs/C203-25.xml_log.log"
Set parameter Threads to value 4
Gurobi Optimizer version 13.0.2 build v13.0.2rc1 (linux64 - "Rocky Linux 9.7 (Blue Onyx)")

CPU model: QEMU Virtual CPU version 2.5+, instruction set [SSE2]
Thread count: 8 physical cores, 8 logical processors, using up to 4 threads

Non-default parameters:
TimeLimit  7200
Threads  4

Optimize a model with 376553 rows, 219255 columns and 1461345 nonzeros (Min)
Model fingerprint: 0x0efda6a0
Model has 12840 linear objective coefficients
Variable types: 51465 continuous, 167790 integer (167775 binary)
Coefficient statistics:
  Matrix range     [1e+00, 1e+05]
  Objective range  [2e+00, 6e+01]
  Bounds range     [1e+00, 4e+03]
  RHS range        [1e+00, 1e+05]

Presolve removed 127395 rows and 120 columns (presolve time = 5s)...
Presolve removed 127395 rows and 120 columns
Presolve time: 8.80s
Presolved: 249158 rows, 219135 columns, 1042095 nonzeros
Variable types: 375 continuous, 218760 integer (192405 binary)
Deterministic concurrent LP optimizer: primal simplex, dual simplex, and barrier
Showing barrier log only...

Root barrier log...

Ordering time: 2.42s

Barrier statistics:
 Dense cols : 15
 AA' NZ     : 2.256e+06
 Factor NZ  : 8.619e+06 (roughly 260 MB of memory)
 Factor Ops : 1.580e+09 (less than 1 second per iteration)
 Threads    : 1

                  Objective                Residual
Iter       Primal          Dual         Primal    Dual     Compl     Time
   0   1.32968502e+06 -5.00502188e+05  8.48e+05 0.00e+00  2.19e+01    17s
   1   5.19298153e+05 -4.95249419e+05  3.33e+05 4.43e-02  9.33e+00    18s
   2   2.09616770e+05 -6.66821423e+05  1.36e+05 8.10e-13  3.90e+00    18s
   3   9.92976992e+04 -2.52518145e+05  6.46e+04 2.52e-13  1.52e+00    19s
   4   7.26324324e+03 -3.45888512e+04  4.39e+03 8.93e-14  1.30e-01    20s
   5   4.98970612e+03 -4.99149186e+03  2.98e+03 8.44e-15  4.57e-02    21s
   6   2.29516582e+03 -1.97379256e+03  1.27e+03 6.66e-15  1.74e-02    22s
   7   7.73221988e+02 -4.50906936e+02  3.19e+02 1.61e-15  4.51e-03    23s
   8   4.24676691e+02 -7.45501998e+01  1.21e+02 4.64e-16  1.74e-03    23s
   9   3.17153257e+02  3.73370641e+01  6.03e+01 4.16e-16  9.06e-04    24s
  10   2.25408973e+02  9.16912431e+01  1.05e+01 2.22e-16  3.01e-04    25s
  11   2.09203642e+02  1.79754685e+02  1.62e+00 4.44e-16  6.06e-05    25s
  12   2.06435827e+02  2.02397089e+02  1.71e-01 4.44e-16  7.75e-06    26s
  13   2.06101243e+02  2.05884965e+02  7.29e-11 4.44e-16  3.70e-07    27s
  14   2.06100001e+02  2.06099785e+02  2.44e-09 4.44e-16  3.70e-10    27s
  15   2.06100000e+02  2.06100000e+02  5.29e-10 4.44e-16  3.70e-13    28s

Barrier solved model in 15 iterations and 28.19 seconds (14.74 work units)
Optimal objective 2.06100000e+02


Root crossover log...

   34741 DPushes remaining with DInf 0.0000000e+00                28s
       0 DPushes remaining with DInf 0.0000000e+00                29s

  104434 PPushes remaining with PInf 0.0000000e+00                29s
   41678 PPushes remaining with PInf 0.0000000e+00                33s
   36224 PPushes remaining with PInf 0.0000000e+00                35s
   24305 PPushes remaining with PInf 0.0000000e+00                41s
   18018 PPushes remaining with PInf 0.0000000e+00                45s
   12244 PPushes remaining with PInf 0.0000000e+00                50s
    7731 PPushes remaining with PInf 0.0000000e+00                55s
    3839 PPushes remaining with PInf 0.0000000e+00                60s
    1149 PPushes remaining with PInf 0.0000000e+00                65s
       0 PPushes remaining with PInf 0.0000000e+00                68s

  Push phase complete: Pinf 0.0000000e+00, Dinf 2.4424907e-15     68s


Root simplex log...

Iteration    Objective       Primal Inf.    Dual Inf.      Time
  139178    2.0610000e+02   0.000000e+00   0.000000e+00     68s
Crossover time: 39.47 seconds (22.68 work units)
Concurrent spin time: 0.01s

Solved with barrier

Root relaxation: objective 2.061000e+02, 139178 iterations, 55.31 seconds (28.80 work units)

    Nodes    |    Current Node    |     Objective Bounds      |     Work
 Expl Unexpl |  Obj  Depth IntInf | Incumbent    BestBd   Gap | It/Node Time

     0     0  206.10000    0 39716          -  206.10000      -     -  311s
     0     0  206.10000    0 42648          -  206.10000      -     -  363s
     0     0  206.10000    0 41167          -  206.10000      -     -  415s
     0     0  206.10000    0 6629          -  206.10000      -     -  553s
     0     0  206.10000    0 17742          -  206.10000      -     -  580s
     0     0  206.10000    0 12373          -  206.10000      -     -  755s
     0     0  206.10000    0 12373          -  206.10000      -     -  766s
     0     0  206.10000    0 16170          -  206.10000      -     -  791s
     0     0  206.10000    0 14761          -  206.10000      -     - 1056s
     0     0  206.10000    0 17700          -  206.10000      -     - 1076s
     0     0  206.10000    0 23540          -  206.10000      -     - 1098s
     0     0  206.10000    0 21760          -  206.10000      -     - 1340s
     0     0  206.10000    0 15189          -  206.10000      -     - 1359s
     0     0  206.10000    0 15189          -  206.10000      -     - 1359s
     0     0  206.10000    0 32968          -  206.10000      -     - 1412s
     0     0  206.10000    0 32968          -  206.10000      -     - 1570s
     0     0  206.10000    0 25537          -  206.10000      -     - 1587s
     0     0  206.10094    0 30488          -  206.10094      -     - 1613s
     0     0  206.10094    0 29286          -  206.10094      -     - 1825s
     0     0  206.10094    0 32121          -  206.10094      -     - 1846s
     0     0  206.10094    0 31838          -  206.10094      -     - 1848s
     0     0  206.11436    0 16956          -  206.11436      -     - 1906s
     0     0  206.11436    0 19125          -  206.11436      -     - 1909s
     0     0  206.12873    0 19465          -  206.12873      -     - 2152s
     0     0  206.12873    0 27197          -  206.12873      -     - 2187s
     0     0  206.12873    0 28547          -  206.12873      -     - 2199s
     0     0  206.12873    0 34016          -  206.12873      -     - 2231s
     0     0  206.12873    0 33101          -  206.12873      -     - 2243s
     0     0  206.13441    0 33123          -  206.13441      -     - 2277s
     0     0  206.13441    0 33121          -  206.13441      -     - 2277s
     0     0  206.13441    0 28296          -  206.13441      -     - 2547s
     0     0  206.13441    0 30536          -  206.13441      -     - 2563s
     0     0  206.32000    0 23285          -  206.32000      -     - 2587s
     0     0  206.89480    0 21161          -  206.89480      -     - 2606s
     0     0  208.45465    0 21401          -  208.45465      -     - 2645s
     0     0  208.45465    0 21166          -  208.45465      -     - 2658s
     0     0  208.45465    0 22586          -  208.45465      -     - 2695s
     0     0  208.45465    0 22006          -  208.45465      -     - 2708s
     0     0  208.45465    0 23974          -  208.45465      -     - 2736s
     0     0  208.45465    0 11614          -  208.45465      -     - 3059s
     0     0  208.45465    0 11676          -  208.45465      -     - 3072s
     0     0  208.45465    0 11675          -  208.45465      -     - 3072s
     0     0  208.45465    0 20427          -  208.45465      -     - 3104s
     0     0  208.45465    0 11689          -  208.45465      -     - 3240s
     0     0  208.45465    0 19045          -  208.45465      -     - 3268s
     0     0  208.45465    0 19047          -  208.45465      -     - 3269s
     0     0  208.45465    0 23390          -  208.45465      -     - 3308s
     0     0  208.45465    0 23390          -  208.45465      -     - 3622s
     0     0  208.45465    0 23390          -  208.45465      -     - 3630s
     0     2  208.45465    0 23390          -  208.45465      -     - 3736s
     1     4  208.45465    1 24219          -  208.45465      -  4906 3756s
     3     8  208.45465    2 24508          -  208.45465      -  4026 3812s
     7    12  208.45465    3 25477          -  208.45465      -  4817 3838s
    11    16  208.45465    4 27603          -  208.45465      -  3127 3870s
    15    19  208.50355    5 25418          -  208.45465      -  2726 3916s
    18    23  208.50355    5 25484          -  208.45465      -  2407 3945s
    22    27  208.50355    6 25795          -  208.45465      -  2213 3972s
    26    31  208.50355    7 28096          -  208.45465      -  1991 4014s
    30    35  208.51424    8 28113          -  208.45465      -  1818 4061s
    34    39  208.53807    9 28295          -  208.45465      -  1630 4090s
    38    43  208.53807   10 28691          -  208.45465      -  1470 4144s
    42    47  208.53807   11 28484          -  208.45465      -  1403 4260s
    46    51  208.53807   12 27706          -  208.45465      -  1348 4312s
    50    56  208.53808   13 27913          -  208.45465      -  1248 4384s
    55    62  208.53807   14 30570          -  208.45465      -  1279 4496s
    61    74  208.53808   15 29788          -  208.45465      -  1155 4569s
    73    84  208.53808   16 30570          -  208.45465      -  1083 4612s
    83    91  208.53808   17 28597          -  208.45465      -   967 4648s
    90   102  208.58998   17 28214          -  208.45465      -  1039 4677s
   101   112  208.53807   18 27886          -  208.45465      -   984 4786s
   111   121  208.58998   19 27808          -  208.45465      -   989 4822s
   120   130  208.53807   19 27898          -  208.45465      -   974 4846s
   129   150  208.53808   20 27898          -  208.45465      -   957 4875s
   149   174  208.55821   25 32139          -  208.45465      -   901 4962s
   173   194  208.57547   32 29582          -  208.45465      -   838 5081s
   193   218  208.58123   38 33401          -  208.45465      -   827 5120s
   217   240  208.51424   27 22969          -  208.45465      -   767 5161s
   239   271  208.58467   48 33185          -  208.45465      -   717 5199s
   270   302  208.58905   54 27159          -  208.45465      -   678 5255s
   301   348  208.66129   65 29145          -  208.45465      -   648 5285s
   347   391  208.75383   81 30590          -  208.45465      -   588 5329s
   390   444  209.15670   99 27017          -  208.45465      -   557 5372s
   443   512  209.32190  119 26967          -  208.45465      -   526 5420s
   511   575  209.32449  142 25512          -  208.45465      -   473 5471s
   576   618  210.65659  154 26183          -  208.45465      -   443 5560s
   619   666  210.71395  155 26240          -  208.45465      -   427 5620s
   667   718  210.74167  156 26194          -  208.45465      -   412 5843s
   719   787  210.76554  159 26173          -  208.45465      -   395 5996s
   797   861  211.50645  163 27075          -  208.45465      -   370 6310s
   871   905  211.60000  164 30375          -  208.45465      -   355 6449s
   915   916  211.60000  165 30377          -  208.45465      -   355 7017s
   926   972  211.60000  168 30377          -  208.45465      -   368 7078s
   985  1042  211.60444  186 30373          -  208.45465      -   365 7147s
  1057  1142  211.67504  202 39755          -  208.45465      -   362 7200s

Cutting planes:
  Gomory: 2
  Cover: 25
  Implied bound: 1111
  Clique: 14
  MIR: 277
  StrongCG: 2
  Flow cover: 37
  GUB cover: 10
  Zero half: 2
  RLT: 183
  Relax-and-lift: 506

Explored 1157 nodes (1449903 simplex iterations) in 7200.03 seconds (6253.86 work units)
Thread count was 4 (of 8 available processors)

Solution count 0

Time limit reached
Best objective -, best bound 2.085000000000e+02, gap -
