
Gurobi 13.0.2 (linux64) logging started Thu Jul  9 08:58:00 2026

Set parameter LogFile to value "src/Resultados/Restriccion_solo_cliques/logs/C105-25.xml_log.log"
Set parameter Threads to value 4
Gurobi Optimizer version 13.0.2 build v13.0.2rc1 (linux64 - "Rocky Linux 9.7 (Blue Onyx)")

CPU model: QEMU Virtual CPU version 2.5+, instruction set [SSE2]
Thread count: 8 physical cores, 8 logical processors, using up to 4 threads

Non-default parameters:
TimeLimit  7200
Threads  4

Optimize a model with 128583 rows, 77085 columns and 522555 nonzeros (Min)
Model fingerprint: 0x0a3d58f0
Model has 8670 linear objective coefficients
Variable types: 16965 continuous, 60120 integer (60105 binary)
Coefficient statistics:
  Matrix range     [1e+00, 4e+04]
  Objective range  [1e+00, 6e+01]
  Bounds range     [1e+00, 2e+03]
  RHS range        [1e+00, 4e+04]

Presolve removed 40620 rows and 120 columns
Presolve time: 2.53s
Presolved: 87963 rows, 76965 columns, 394005 nonzeros
Variable types: 345 continuous, 76620 integer (66420 binary)
Deterministic concurrent LP optimizer: primal and dual simplex
Showing primal log only...


Root simplex log...

Iteration    Objective       Primal Inf.    Dual Inf.      Time
   17009    6.5617996e+02   3.627181e+02   2.691385e+09      5s
   24226    3.6170626e+02   1.624384e+02   3.506772e+09     10s
   31090    3.4550294e+02   5.136687e+01   5.642303e+09     15s
   36680    3.5322846e+02   2.116401e+01   2.487374e+09     20s
   42021    3.1043484e+02   0.000000e+00   2.379880e+05     25s
   47397    1.9325700e+02   0.000000e+00   1.773618e+05     30s
   52172    1.9120001e+02   1.774596e-01   0.000000e+00     35s
   52634    1.9120000e+02   0.000000e+00   0.000000e+00     36s
Concurrent spin time: 18.97s (can be avoided by choosing Method=3)

Solved with primal simplex

Root relaxation: objective 1.912000e+02, 52634 iterations, 51.45 seconds (34.89 work units)

    Nodes    |    Current Node    |     Objective Bounds      |     Work
 Expl Unexpl |  Obj  Depth IntInf | Incumbent    BestBd   Gap | It/Node Time

     0     0  191.20000    0 7125          -  191.20000      -     -   79s
     0     0  191.20000    0 4955          -  191.20000      -     -   80s
H    0     0                     223.3000000  191.20000  14.4%     -   81s
     0     0  191.20000    0 6260  223.30000  191.20000  14.4%     -   92s
     0     0  191.20000    0 5816  223.30000  191.20000  14.4%     -   94s
     0     0  191.20000    0 2861  223.30000  191.20000  14.4%     -   98s
     0     0  191.20000    0 1437  223.30000  191.20000  14.4%     -  124s
H    0     0                     221.4000000  191.20000  13.6%     -  129s
H    0     0                     220.3000000  191.20000  13.2%     -  142s
     0     0  191.20000    0  825  220.30000  191.20000  13.2%     -  162s
     0     0  191.20000    0 2949  220.30000  191.20000  13.2%     -  166s
     0     0  191.20000    0 4590  220.30000  191.20000  13.2%     -  166s
     0     0  191.20000    0 4590  220.30000  191.20000  13.2%     -  245s
     0     0  191.20000    0 4820  220.30000  191.20000  13.2%     -  247s
     0     0  191.20000    0 5500  220.30000  191.20000  13.2%     -  250s
     0     0  191.20000    0 4170  220.30000  191.20000  13.2%     -  331s
     0     0  191.20000    0 4504  220.30000  191.20000  13.2%     -  364s
     0     0  191.20000    0 9319  220.30000  191.20000  13.2%     -  370s
     0     0  191.20000    0 6618  220.30000  191.20000  13.2%     -  414s
     0     0  191.20000    0 6792  220.30000  191.20000  13.2%     -  439s
     0     0  191.20000    0 10818  220.30000  191.20000  13.2%     -  444s
     0     0  191.20000    0 10818  220.30000  191.20000  13.2%     -  444s
     0     0  191.20000    0 4266  220.30000  191.20000  13.2%     -  470s
     0     0  191.20000    0 4266  220.30000  191.20000  13.2%     -  472s
     0     0  191.20000    0 4266  220.30000  191.20000  13.2%     -  472s
     0     0  191.20000    0 3534  220.30000  191.20000  13.2%     -  487s
H    0     2                     204.2000000  191.20000  6.37%     -  552s
     0     2  191.20000    0 3534  204.20000  191.20000  6.37%     -  552s
     1     4  191.20000    1 3362  204.20000  191.20000  6.37%  2168  556s
     3     8  191.20000    2 6306  204.20000  191.20000  6.37%  1585  562s
     7    12  191.20000    3 5677  204.20000  191.20000  6.37%  1555  567s
    11    19  191.20000    4 8011  204.20000  191.20000  6.37%  1532  575s
    30    42  191.20000    6 5786  204.20000  191.20000  6.37%  1204  583s
    41    64  192.50000    8 2989  204.20000  191.20000  6.37%  1005  589s
    63    91  191.20507   12 2223  204.20000  191.20000  6.37%   768  593s
    97   114  191.21197   14 2009  204.20000  191.20000  6.37%   562  599s
   120   145  191.30000   15 1161  204.20000  191.20000  6.37%   480  603s
   153   190  191.30000   27 1101  204.20000  191.20000  6.37%   379  607s
   239   229  191.30000   57 1060  204.20000  191.20000  6.37%   248  612s
   280   266  191.30000   71 1004  204.20000  191.20000  6.37%   217  620s
   291   321  191.30000   73  998  204.20000  191.20000  6.37%   209  626s
   339   325  191.30000   87 1009  204.20000  191.20000  6.37%   180  631s
   347   333  191.30000   89 1004  204.20000  191.20000  6.37%   176  636s
   358   352  191.30000   91 1000  204.20000  191.20000  6.37%   171  640s
   384   371  191.30000   93  996  204.20000  191.20000  6.37%   160  645s
   400   379  191.30000   95 1031  204.20000  191.20000  6.37%   154  653s
   409   386  191.30000   96 1026  204.20000  191.20000  6.37%   152  656s
   420   389  191.30000   97 1025  204.20000  191.20000  6.37%   148  660s
   456   461  191.30000   99  970  204.20000  191.20000  6.37%   137  667s
   499   504  191.30000  100  968  204.20000  191.20000  6.37%   126  670s
   544   532  191.30000  101  966  204.20000  191.20000  6.37%   115  679s
   572   578  191.30000  102  964  204.20000  191.20000  6.37%   110  683s
   618   603  191.30000  103  993  204.20000  191.20000  6.37%   102  693s
   643   651  191.30000  104  992  204.20000  191.20000  6.37%  98.0  700s
   691   665  191.30000  105 1031  204.20000  191.20000  6.37%  91.3  707s
   705   705  191.30000  106 1020  204.20000  191.20000  6.37%  89.6  710s
   747   732  191.30000  107  992  204.20000  191.20000  6.37%  84.7  715s
   776   790  191.30000  108  978  204.20000  191.20000  6.37%  81.7  720s
   834   847 infeasible  108       204.20000  191.20000  6.37%  77.7  729s
   893   904  191.30000  110  976  204.20000  191.20000  6.37%  73.6  732s
   950   907  191.30000  111  978  204.20000  191.20000  6.37%  70.2  741s
   955   973  191.30000  112  976  204.20000  191.20000  6.37%  69.9  745s
  1140  1193  191.30000  114  917  204.20000  191.20000  6.37%  59.9  752s
  1255  1272  191.30000  115  914  204.20000  191.20000  6.37%  55.7  756s
  1358  1317  191.30000  116  911  204.20000  191.20000  6.37%  54.6  761s
  1412  1346  191.30000  117  892  204.20000  191.20000  6.37%  56.3  765s
  1458  1350  191.30000  119  922  204.20000  191.20000  6.37%  60.1  776s
  1464  1393  191.30000  120  903  204.20000  191.20000  6.37%  62.5  780s
  1604  1428  191.21197   15 1721  204.20000  191.20000  6.37%  69.6  785s
  1677  1482  191.30000   90 3534  204.20000  191.20000  6.37%  73.2  876s
  1679  1483  191.30000  258 4856  204.20000  191.20636  6.36%  73.1  938s
  1680  1484  191.30000   18 2382  204.20000  191.30000  6.32%  73.1  982s
  1681  1485  191.30000   35 1746  204.20000  191.30000  6.32%  73.0  991s
  1682  1485  191.30000   40  389  204.20000  191.30000  6.32%  73.0 1018s
  1683  1486  191.30000   25  885  204.20000  191.30000  6.32%  72.9 1022s
  1684  1487  191.30000   61  359  204.20000  191.30000  6.32%  72.9 1031s
  1685  1487  191.30000  139  561  204.20000  191.30000  6.32%  72.8 1056s
  1686  1488  191.30000  179  858  204.20000  191.30000  6.32%  72.8 1066s
  1687  1489  191.30000  150  351  204.20000  191.30000  6.32%  72.8 1085s
  1689  1490  191.30000   30  859  204.20000  191.30000  6.32%  72.7 1104s
  1690  1491  191.30000  416  355  204.20000  191.30000  6.32%  72.6 1107s
  1691  1491  191.30000  402  228  204.20000  191.30000  6.32%  72.6 1112s
  1692  1492  191.30000  111  290  204.20000  191.30000  6.32%  72.5 1116s
  1695  1495  191.30000  193 3534  204.20000  191.30000  6.32%   196 1123s
  1697  1496  191.30000  131 3235  204.20000  191.30000  6.32%   196 1178s
  1698  1497  191.30000  164 1101  204.20000  191.30000  6.32%   196 1204s
  1699  1498  191.30000   80 1157  204.20000  191.30000  6.32%   196 1217s
  1700  1498  191.30000   98  541  204.20000  191.30000  6.32%   196 1248s
  1701  1499  191.30000  157  982  204.20000  191.30000  6.32%   195 1254s
  1702  1500  191.30000   81 1312  204.20000  191.30000  6.32%   195 1269s
  1703  1500  191.30000  447 1308  204.20000  191.30000  6.32%   195 1286s
  1704  1501  191.30000   40 1306  204.20000  191.30000  6.32%   195 1292s
  1705  1502  191.30000   12 1409  204.20000  191.30000  6.32%   195 1306s
  1706  1502  191.30000  103 1407  204.20000  191.30000  6.32%   195 1312s
  1707  1503  191.30000  293 1107  204.20000  191.30000  6.32%   195 1356s
  1708  1504  191.30000  123 1050  204.20000  191.30000  6.32%   195 1365s
  1710  1505  191.30000  606 1066  204.20000  191.30000  6.32%   194 1395s
  1712  1506  198.60000   31 1108  204.20000  191.30000  6.32%   194 1407s
  1713  1507  191.30000  347 1108  204.20000  191.30000  6.32%   194 1410s
  1714  1508  191.30000  352 1025  204.20000  191.30000  6.32%   194 1435s
  1715  1508  191.30000  608 1025  204.20000  191.30000  6.32%   194 1481s
  1716  1509  191.30000    6 1025  204.20000  191.30000  6.32%   194 1486s
  1717  1513  191.30000   27  735  204.20000  191.30000  6.32%   362 1529s
  1719  1514  191.30000   28  716  204.20000  191.30000  6.32%   362 1540s
  1723  1516  191.30000   29  771  204.20000  191.30000  6.32%   362 1552s
  1727  1520  191.30000   30  765  204.20000  191.30000  6.32%   362 1560s
  1770  1510  191.30000   35  552  204.20000  191.30000  6.32%   359 1567s
  1790  1507  191.30000   36  552  204.20000  191.30000  6.32%   356 1573s
  1824  1497     cutoff   42       204.20000  191.30000  6.32%   350 1577s
  1839  1493     cutoff   44       204.20000  191.30000  6.32%   349 1581s
  1846  1492     cutoff   45       204.20000  191.30000  6.32%   348 1589s
  1857  1495     cutoff   46       204.20000  191.30000  6.32%   347 1597s
  1874  1499     cutoff   47       204.20000  191.30000  6.32%   345 1647s
  1904  1508     cutoff   48       204.20000  191.30000  6.32%   344 1670s
  1941  1504     cutoff   49       204.20000  191.30000  6.32%   341 1675s
  1966  1504     cutoff   50       204.20000  191.30000  6.32%   340 1701s
  1988  1515     cutoff   55       204.20000  191.30000  6.32%   338 1713s
  2049  1502     cutoff   64       204.20000  191.30000  6.32%   334 1769s
  2127  1550  191.30000   87  550  204.20000  191.30000  6.32%   330 1779s
  2287  1511     cutoff  109       204.20000  191.30000  6.32%   317 1785s
  2427  1469  195.42419  132 1500  204.20000  191.30000  6.32%   307 1804s
  2433  1475  191.30000  132  506  204.20000  191.30000  6.32%   307 1816s
  2444  1479  191.30000  135  512  204.20000  191.30000  6.32%   309 1826s
  2460  1485  191.30000  135 1113  204.20000  191.30000  6.32%   311 1832s
  2477  1482  191.30000  137  693  204.20000  191.30000  6.32%   313 1840s
  2492  1480  191.30000  138  488  204.20000  191.30000  6.32%   316 1848s
  2503  1498  191.30000  140  520  204.20000  191.30000  6.32%   319 1864s
  2534  1511  191.30000  141  801  204.20000  191.30000  6.32%   321 1874s
  2558  1519 infeasible  143       204.20000  191.30000  6.32%   321 1890s
  2578  1594  191.30000  144  378  204.20000  191.30000  6.32%   323 1901s
  2690  1560  192.64373  160  350  204.20000  191.30000  6.32%   320 1921s
  2700  1580  192.64235  162  357  204.20000  191.30000  6.32%   321 1937s
  3038  1518 infeasible  227       204.20000  191.30000  6.32%   293 1952s
  3448  1379 infeasible  283       204.20000  191.30000  6.32%   262 1970s
  3469  1374  191.30000  284  427  204.20000  191.30000  6.32%   263 1983s
  3479  1445 infeasible  284       204.20000  191.30000  6.32%   264 2002s
  3781  1347  191.30000  351  713  204.20000  191.30000  6.32%   248 2019s
  3799  1339 infeasible  355       204.20000  191.30000  6.32%   248 2056s
  3809  1370     cutoff  356       204.20000  191.30000  6.32%   249 2079s
  3896  1487  191.30000  358  745  204.20000  191.30000  6.32%   245 2101s
  4098  1524 infeasible  358       204.20000  191.30000  6.32%   233 2126s
  4204  1908     cutoff  359       204.20000  191.30000  6.32%   228 2151s
  4722  1747  192.63407  360  534  204.20000  191.30000  6.32%   206 2185s
  4736  1950  191.30000  361  793  204.20000  191.30000  6.32%   206 2201s
  4946  1919 infeasible  361       204.20000  191.30000  6.32%   198 2215s
  5156  2529  191.30000  363  628  204.20000  191.30000  6.32%   196 2236s
  6166  2232 infeasible  501       204.20000  191.30000  6.32%   168 2247s
  6357  2421  191.30000  502  213  204.20000  191.30000  6.32%   165 2264s
  6973  2575  191.30000  269  987  204.20000  191.30000  6.32%   154 2279s
  7455  2733  191.30000  453  873  204.20000  191.30000  6.32%   146 2293s
  7799  2994  191.30000  635  170  204.20000  191.30000  6.32%   143 2309s
  8336  3252  191.30000  818  331  204.20000  191.30000  6.32%   136 2326s
  9469  3254  192.10193  957  308  204.20000  191.30000  6.32%   123 2339s
  9475  3246 infeasible  958       204.20000  191.30000  6.32%   123 2352s
  9491  3190 infeasible  957       204.20000  191.30000  6.32%   123 2366s
  9557  3145  194.18426  888   61  204.20000  191.30000  6.32%   123 2379s
  9611  3200  194.56803  889   59  204.20000  191.30000  6.32%   124 2390s
  9668  3240 infeasible  890       204.20000  191.30000  6.32%   123 2401s
  9816  3245  194.09208  886  101  204.20000  191.30000  6.32%   122 2415s
  9979  3794 infeasible  227       204.20000  191.30000  6.32%   122 2434s
 10883  3775  191.30000  324  409  204.20000  191.30000  6.32%   115 2644s
 11448  3685  191.30000  586  892  204.20000  191.30000  6.32%   113 2657s
 11662  3459  191.30000  608  578  204.20000  191.30000  6.32%   113 2672s
 11960  3239  191.30000  298  271  204.20000  191.30000  6.32%   114 2689s
 12297  3022 infeasible  248       204.20000  191.30000  6.32%   116 2707s
 12569  3445  191.30000   93   81  204.20000  191.30000  6.32%   117 2753s
 13104  3354  191.30000  312  174  204.20000  191.30000  6.32%   115 2791s
 13205  3362  191.30000  313  177  204.20000  191.30000  6.32%   115 2822s
 13219  3420  191.30000  314  183  204.20000  191.30000  6.32%   115 2854s
 13287  3446 infeasible  316       204.20000  191.30000  6.32%   115 2889s
 13338  3446 infeasible  461       204.20000  191.30000  6.32%   116 2930s
 13458  3518  191.30000   93  135  204.20000  191.30000  6.32%   117 2973s
 13534  3677  191.30000  108  164  204.20000  191.30000  6.32%   117 3019s
 13741  3766  191.30000  149  132  204.20000  191.30000  6.32%   116 3055s
 13969  3993  192.50000  160   85  204.20000  191.30000  6.32%   116 3101s
 14746  3975 infeasible  154       204.20000  191.30000  6.32%   116 3135s
 14793  3976 infeasible  321       204.20000  191.30000  6.32%   117 3180s
 14930  4554  191.61740  258  209  204.20000  191.30000  6.32%   118 3202s
 16178  5033 infeasible  435       204.20000  191.30000  6.32%   111 3229s
 17419  5368 infeasible  427       204.20000  191.30000  6.32%   108 3254s
 18381  5303 infeasible  360       204.20000  191.30000  6.32%   105 3281s
 18490  5488  191.30000  213  121  204.20000  191.30000  6.32%   105 3304s
 19623  5632 infeasible  219       204.20000  191.30000  6.32%   102 3327s
 20614  5420 infeasible  345       204.20000  191.30000  6.32%   100 3342s
 20854  5335 infeasible  146       204.20000  191.30000  6.32%   100 3366s
 21077  5615 infeasible  213       204.20000  191.30000  6.32%   101 3386s
 22090  5616  191.30000  244 3534  204.20000  191.30000  6.32%  98.9 3661s
 22092  5617  191.30000  384  936  204.20000  191.30000  6.32%  98.9 3669s
 22093  5618  199.40000  347  528  204.20000  191.30000  6.32%  98.9 3674s
 22094  5619  191.30000  139  869  204.20000  191.30000  6.32%  98.9 3676s
 22095  5619  203.30000  707  571  204.20000  191.30000  6.32%  98.9 3682s
 22096  5620  191.30000  272  635  204.20000  191.30000  6.32%  98.9 3686s
 22097  5621  192.50000  338  465  204.20000  191.30000  6.32%  98.9 3694s
 22098  5621  203.30000  150  802  204.20000  191.30000  6.32%  98.9 3701s
 22100  5623  191.30000  206 1042  204.20000  191.30000  6.32%  98.8 3708s
 22101  5623  191.30000  337  583  204.20000  191.30000  6.32%  98.8 3712s
 22102  5624  192.50000  354  774  204.20000  191.30000  6.32%  98.8 3716s
 22103  5625  191.30000  475  384  204.20000  191.30000  6.32%  98.8 3724s
 22104  5625  192.50000  289  744  204.20000  191.30000  6.32%  98.8 3727s
 22105  5626  199.40000  357  743  204.20000  191.30000  6.32%  98.8 3734s
 22106  5627  191.30000  254  854  204.20000  191.30000  6.32%  98.8 3737s
 22107  5627  203.30000  222  703  204.20000  191.30000  6.32%  98.8 3742s
 22108  5628  191.34821  371  682  204.20000  191.34821  6.29%  98.8 3753s
 22109  5629  193.90857  499  974  204.20000  191.90083  6.02%  98.8 3759s
 22110  5629  192.00086   89  949  204.20000  192.00086  5.97%  98.8 3760s
 22111  5630  192.06923  774  895  204.20000  192.06923  5.94%  98.8 3767s
 22113  5631  203.30000  864  832  204.20000  192.39351  5.78%  98.8 3775s
 22115  5633  192.68821  379 1020  204.20000  192.68821  5.64%  98.8 3784s
 22116  5633  192.70306  341 1131  204.20000  192.70306  5.63%  98.8 3787s
 22117  5634  195.76127  991  948  204.20000  192.84515  5.56%  98.8 3793s
 22118  5635  193.00034  269  928  204.20000  193.00034  5.48%  98.8 3796s
 22119  5635  193.08676   97  840  204.20000  193.08676  5.44%  98.8 3802s
 22120  5636  193.09601  775 1253  204.20000  193.09601  5.44%  98.8 3806s
 22121  5637  203.30000  863  796  204.20000  193.17485  5.40%  98.8 3813s
 22122  5637  203.30000  928  965  204.20000  193.21347  5.38%  98.7 3815s
 22123  5638  203.30000  266  748  204.20000  193.65155  5.17%  98.7 3826s
 22124  5639  193.75666  244  822  204.20000  193.75666  5.11%  98.7 3830s
 22125  5639  193.94956  465  835  204.20000  193.94956  5.02%  98.7 3837s
 22127  5641  193.94956  233 1050  204.20000  193.94956  5.02%  98.7 3852s
 22129  5642  197.21490   90 1363  204.20000  197.21490  3.42%  98.7 3859s
 22130  5643  198.63597  800 1079  204.20000  198.63597  2.72%  98.7 3860s
 22132  5644  198.63597  355 1232  204.20000  198.63597  2.72%  98.7 3865s
 22133  5645  198.63597  742 1143  204.20000  198.63597  2.72%  98.7 3870s
 22135  5646  199.01821  283  866  204.20000  199.01821  2.54%  98.7 3877s
 22137  5647  199.79653  146  967  204.20000  199.79653  2.16%  98.7 3882s
 22139  5649  202.24569   86 1098  204.20000  202.24569  0.96%  98.7 3888s
 22140  5649  203.30000  184  953  204.20000  203.30000  0.44%  98.7 3890s
 22141  5650  203.30000  644 1128  204.20000  203.30000  0.44%  98.7 3896s
 22143  5651  203.30000  310  718  204.20000  203.30000  0.44%  98.7 3901s
 22145  5653  203.30000  310 1133  204.20000  203.30000  0.44%  98.6 3910s
 22147  5654  203.30000  305  935  204.20000  203.30000  0.44%  98.6 3916s
 22149  5655  203.30000  305  883  204.20000  203.30000  0.44%  98.6 3922s
 22151  5657  203.30000  341 1149  204.20000  203.30000  0.44%  98.6 3928s
 22153  5658  203.30000  360  962  204.20000  203.30000  0.44%  98.6 3934s
 22154  5659  203.30000  755 1038  204.20000  203.30000  0.44%  98.6 3935s
 22155  5659  203.30000  561  975  204.20000  203.30000  0.44%  98.6 3940s
 22157  5661  203.30000  450  912  204.20000  203.30000  0.44%  98.6 3947s
 22159  5662  203.30000   99 1012  204.20000  203.30000  0.44%  98.6 3954s
 22160  5663  203.30000  334  985  204.20000  203.30000  0.44%  98.6 3955s
 22161  5663  203.30000  123  862  204.20000  203.30000  0.44%  98.6 3961s
 22163  5665  203.30000  393  839  204.20000  203.30000  0.44%  98.6 3967s
 22164  5665  203.30000  350 1079  204.20000  203.30000  0.44%  98.6 3970s
 22165  5666  203.30000   92  910  204.20000  203.30000  0.44%  98.6 3975s
 22167  5667  203.30000  445 1346  204.20000  203.30000  0.44%  98.5 3982s
 22169  5669  203.30000  191 1415  204.20000  203.30000  0.44%  98.5 3990s
 22171  5670  203.30000  343 1468  204.20000  203.30000  0.44%  98.5 3998s
 22174  5673  203.30000  473 3534  204.20000  203.30000  0.44%   115 4005s
 22176  5674  203.30000  294  587  204.20000  203.30000  0.44%   115 4015s
 22177  5675  203.30000  128  564  204.20000  203.30000  0.44%   115 4022s
 22178  5676  203.30000  315  988  204.20000  203.30000  0.44%   115 4026s
 22179  5676  203.30000  137  663  204.20000  203.30000  0.44%   115 4032s
 22180  5677  203.30000  244  873  204.20000  203.30000  0.44%   115 4035s
 22181  5678  203.30000  428  394  204.20000  203.30000  0.44%   115 4042s
 22183  5679  203.30000  619  478  204.20000  203.30000  0.44%   115 4050s
 22184  5680  203.30000  228 1129  204.20000  203.30000  0.44%   115 4067s
 22185  5680  203.30000   45  710  204.20000  203.30000  0.44%   115 4078s
 22187  5682  203.30000  206  511  204.20000  203.30000  0.44%   115 4088s
 22188  5682  203.30000  286 1034  204.20000  203.30000  0.44%   115 4092s
 22189  5683  203.30000  371  835  204.20000  203.30000  0.44%   115 4098s
 22190  5684  203.30000  244  827  204.20000  203.30000  0.44%   115 4100s
 22191  5684  203.30000  461  837  204.20000  203.30000  0.44%   115 4105s
 22192  5685  203.30000  384 1045  204.20000  203.30000  0.44%   115 4110s
 22193  5686  203.30000  347  947  204.20000  203.30000  0.44%   115 4115s
 22195  5687  203.30000  707  822  204.20000  203.30000  0.44%   115 4123s
 22197  5688  203.30000  338  898  204.20000  203.30000  0.44%   115 4128s
 22198  5689  203.30000  150 1129  204.20000  203.30000  0.44%   115 4130s
 22199  5690  203.30000  237 1124  204.20000  203.30000  0.44%   115 4139s
 22200  5690  203.30000  206 1129  204.20000  203.30000  0.44%   115 4140s
 22201  5691  203.30000  337  694  204.20000  203.30000  0.44%   115 4146s
 22203  5692  203.30000  475  839  204.20000  203.30000  0.44%   115 4153s
 22204  5693  203.30000  289 1045  204.20000  203.30000  0.44%   115 4155s
 22205  5694  203.30000  357 1146  204.20000  203.30000  0.44%   115 4162s
 22206  5694  203.30000  254 1391  204.20000  203.30000  0.44%   115 4165s
 22207  5695  203.30000  222  881  204.20000  203.30000  0.44%   115 4172s
 22208  5696  203.30000  371 1027  204.20000  203.30000  0.44%   115 4176s
 22210  5697  203.30000   89 1098  204.20000  203.30000  0.44%   115 4182s
 22212  5698  203.30000  801  860  204.20000  203.30000  0.44%   115 4188s
 22213  5699  203.30000  864 1036  204.20000  203.30000  0.44%   115 4190s
 22216  5701  203.30000  341  816  204.20000  203.30000  0.44%   115 4198s
 22218  5702  203.30000  269  635  204.20000  203.30000  0.44%   115 4203s
 22220  5704  203.30000  775  656  204.20000  203.30000  0.44%   115 4207s
 22222  5705  203.30000  928  918  204.20000  203.30000  0.44%   115 4211s
 22225  5707  203.30000  465  701  204.20000  203.30000  0.44%   115 4220s
 22227  5709  203.30000   49 1090  204.20000  203.30000  0.44%   126 4230s
 22231  5710  203.30000   51  932  204.20000  203.30000  0.44%   126 4237s
 22235  5710  203.30000   52 1091  204.20000  203.30000  0.44%   127 4240s
 22250  5708  203.30000   55  876  204.20000  203.30000  0.44%   128 4245s
 22262  5709  203.30000   57  614  204.20000  203.30000  0.44%   128 4251s
 22282  5703  203.30000   60  999  204.20000  203.30000  0.44%   129 4255s
 22297  5706  203.30000   62  982  204.20000  203.30000  0.44%   129 4261s
 22316  5708  203.30000   65 1123  204.20000  203.30000  0.44%   130 4265s
 22329  5717  203.30000   67  888  204.20000  203.30000  0.44%   130 4270s
 22351  5727  203.30000   69  695  204.20000  203.30000  0.44%   131 4277s
 22372  5730  203.30000   70  608  204.20000  203.30000  0.44%   131 4282s
 22387  5727     cutoff   72       204.20000  203.30000  0.44%   131 4286s
 22416  5724 infeasible   79       204.20000  203.30000  0.44%   132 4298s
 22424  5729  203.30000   63  750  204.20000  203.30000  0.44%   133 4300s
 22443  5732 infeasible   66       204.20000  203.30000  0.44%   133 4305s
 22470  5731  203.30000   81  508  204.20000  203.30000  0.44%   134 4311s
 22479  5728  203.90274   83  321  204.20000  203.30000  0.44%   134 4316s
 22486  5733 infeasible   84       204.20000  203.30000  0.44%   135 4321s
 22497  5735 infeasible   83       204.20000  203.30000  0.44%   135 4326s
 22509  5739  203.30000   63  701  204.20000  203.30000  0.44%   135 4333s
 22527  5750  203.30000   68  915  204.20000  203.30000  0.44%   136 4337s
 22552  5743  203.30000   75 1021  204.20000  203.30000  0.44%   136 4342s
 22563  5738  203.30000   77  440  204.20000  203.30000  0.44%   137 4353s
 22576  5744  203.30000   79  233  204.20000  203.30000  0.44%   138 4357s
 22601  5741  203.30000   85   38  204.20000  203.30000  0.44%   138 4361s
 22637  5745  203.30000   69  997  204.20000  203.30000  0.44%   138 4365s
 22701  5741 infeasible   82       204.20000  203.30000  0.44%   139 4374s
 22724  5731 infeasible   69       204.20000  203.30000  0.44%   140 4379s
 22747  5724     cutoff   75       204.20000  203.30000  0.44%   140 4386s
 22766  5722  203.30000   75  476  204.20000  203.30000  0.44%   142 4394s
 22784  5724     cutoff   74       204.20000  203.30000  0.44%   143 4399s
 22816  5717  203.30000   84  601  204.20000  203.30000  0.44%   143 4405s
 22852  5711 infeasible   74       204.20000  203.30000  0.44%   144 4412s
 22879  5693  203.52560   79  707  204.20000  203.30000  0.44%   145 4419s
 22909  5688  203.30000   76  916  204.20000  203.30000  0.44%   146 4430s
 22940  5679  203.30000   81  405  204.20000  203.30000  0.44%   147 4438s
 22947  5679  203.30000   82  392  204.20000  203.30000  0.44%   147 4446s
 22956  5686  203.30000   84  533  204.20000  203.30000  0.44%   147 4457s
 22977  5683  203.30000   89  502  204.20000  203.30000  0.44%   147 4474s
 23017  5674  203.30000   96  432  204.20000  203.30000  0.44%   148 4482s
 23061  5674  203.30000   98  495  204.20000  203.30000  0.44%   149 4499s
 23106  5663  203.30000  100  354  204.20000  203.30000  0.44%   149 4510s
 23138  5665 infeasible   85       204.20000  203.30000  0.44%   150 4523s
 23193  5639  203.30000   81  183  204.20000  203.30000  0.44%   151 4534s
 23249  5614 infeasible   78       204.20000  203.30000  0.44%   152 4553s
 23298  5594 infeasible   73       204.20000  203.30000  0.44%   153 4564s
 23323  5578  203.30000   91  600  204.20000  203.30000  0.44%   155 4575s
 23363  5575 infeasible   95       204.20000  203.30000  0.44%   156 4586s
 23397  5599 infeasible   79       204.20000  203.30000  0.44%   157 4644s
 23549  5551 infeasible  102       204.20000  203.30000  0.44%   163 4708s
 23783  5461  203.30000  108  203  204.20000  203.30000  0.44%   172 4774s
 24010  5336  203.30000  102  408  204.20000  203.30000  0.44%   177 4841s
 24573  5121     cutoff   77       204.20000  203.30000  0.44%   183 4884s
 24750  5063  203.30000   84  308  204.20000  203.30000  0.44%   187 4922s
 24943  5018 infeasible   94       204.20000  203.30000  0.44%   191 4958s
 25367  4867  203.30000  100  207  204.20000  203.30000  0.44%   195 4999s
 25507  4816  203.30000   80  566  204.20000  203.30000  0.44%   199 5032s
 25780  4703  203.30000   90  202  204.20000  203.30000  0.44%   202 5071s
 25927  4638  203.30000   94  610  204.20000  203.30000  0.44%   205 5098s
 26153  4584  203.30000   92  242  204.20000  203.30000  0.44%   208 5125s
 26310  4511     cutoff  103       204.20000  203.30000  0.44%   210 5154s
 26476  4455  203.30000   93  311  204.20000  203.30000  0.44%   213 5189s
 26779  4333 infeasible   88       204.20000  203.30000  0.44%   215 5222s
 26921  4293 infeasible   76       204.20000  203.30000  0.44%   217 5254s
 27071  4239  203.30000  110  165  204.20000  203.30000  0.44%   219 5289s
 27748  3983     cutoff   84       204.20000  203.30000  0.44%   218 5329s
 27875  3929 infeasible  100       204.20000  203.30000  0.44%   220 5368s
 27939  3867 infeasible   85       204.20000  203.30000  0.44%   221 5401s
 28062  3785  203.30000   90  303  204.20000  203.30000  0.44%   223 5434s
 28208  3714 infeasible   99       204.20000  203.30000  0.44%   224 5445s

Cutting planes:
  Learned: 1
  Gomory: 9
  Cover: 19
  Implied bound: 22
  Projected implied bound: 3
  Clique: 211
  MIR: 23
  StrongCG: 5
  Flow cover: 45
  GUB cover: 26
  Zero half: 3
  Network: 1
  RLT: 31
  Relax-and-lift: 11
  BQP: 3

Explored 28263 nodes (6675707 simplex iterations) in 5445.45 seconds (5559.65 work units)
Thread count was 4 (of 8 available processors)

Solution count 4: 204.2 220.3 221.4 223.3 

Optimal solution found (tolerance 1.00e-04)
Best objective 2.042000000000e+02, best bound 2.042000000000e+02, gap 0.0000%
