
Gurobi 13.0.2 (linux64) logging started Thu Jul  9 12:30:09 2026

Set parameter LogFile to value "src/Resultados/Restriccion_solo_cliques/logs/C106-25.xml_log.log"
Set parameter Threads to value 4
Gurobi Optimizer version 13.0.2 build v13.0.2rc1 (linux64 - "Rocky Linux 9.7 (Blue Onyx)")

CPU model: QEMU Virtual CPU version 2.5+, instruction set [SSE2]
Thread count: 8 physical cores, 8 logical processors, using up to 4 threads

Non-default parameters:
TimeLimit  7200
Threads  4

Optimize a model with 127072 rows, 76005 columns and 551625 nonzeros (Min)
Model fingerprint: 0x66eabcb7
Model has 8190 linear objective coefficients
Variable types: 16815 continuous, 59190 integer (59175 binary)
Coefficient statistics:
  Matrix range     [1e+00, 4e+04]
  Objective range  [1e+00, 6e+01]
  Bounds range     [1e+00, 2e+03]
  RHS range        [1e+00, 4e+04]

Presolve removed 40199 rows and 120 columns
Presolve time: 4.47s
Presolved: 86873 rows, 75885 columns, 384450 nonzeros
Variable types: 30 continuous, 75855 integer (65340 binary)
Deterministic concurrent LP optimizer: primal and dual simplex
Showing primal log only...


Root simplex log...

Iteration    Objective       Primal Inf.    Dual Inf.      Time
       0    1.1143000e+03   2.689125e+03   2.036895e+10      8s
   20409    4.1321223e+02   1.413263e+02   2.044856e+09     10s
   27925    3.5730832e+02   4.560489e+01   7.350366e+09     15s
   34774    3.3762331e+02   1.007750e+01   4.647641e+09     20s
   38915    3.1872503e+02   1.321657e+00   4.919557e+08     25s
   43758    2.8156378e+02   0.000000e+00   6.197667e+04     30s
   49374    1.9130000e+02   9.506898e+00   0.000000e+00     35s
   49710    1.9130000e+02   0.000000e+00   0.000000e+00     36s
Concurrent spin time: 8.32s (can be avoided by choosing Method=3)

Solved with primal simplex

Root relaxation: objective 1.913000e+02, 49710 iterations, 37.63 seconds (24.06 work units)

    Nodes    |    Current Node    |     Objective Bounds      |     Work
 Expl Unexpl |  Obj  Depth IntInf | Incumbent    BestBd   Gap | It/Node Time

     0     0  191.30000    0 3019          -  191.30000      -     -   62s
     0     0  191.30000    0 3756          -  191.30000      -     -  112s
     0     0  191.30000    0 3662          -  191.30000      -     -  113s
     0     0  191.30000    0 4533          -  191.30000      -     -  130s
     0     0  191.30000    0 4533          -  191.30000      -     -  130s
     0     0  191.30000    0 1572          -  191.30000      -     -  137s
     0     0  191.30000    0 1600          -  191.30000      -     -  181s
     0     0  191.30000    0 1595          -  191.30000      -     -  181s
     0     0  191.30000    0 4742          -  191.30000      -     -  202s
     0     0  191.30000    0 1190          -  191.30000      -     -  223s
     0     0  191.30000    0 1194          -  191.30000      -     -  226s
     0     0  191.30000    0 3355          -  191.30000      -     -  233s
     0     0  191.30000    0  945          -  191.30000      -     -  241s
     0     0  191.30000    0 1324          -  191.30000      -     -  242s
     0     0  191.30000    0  883          -  191.30000      -     -  244s
     0     0  191.30000    0  523          -  191.30000      -     -  247s
     0     0  191.30000    0 1318          -  191.30000      -     -  262s
     0     0  191.30000    0 3216          -  191.30000      -     -  274s
     0     0  191.30000    0  888          -  191.30000      -     -  285s
     0     0  191.30000    0 5067          -  191.30000      -     -  325s
     0     0  191.30000    0 5505          -  191.30000      -     -  334s
     0     0  191.30000    0 1259          -  191.30000      -     -  351s
     0     0  191.30000    0 6864          -  191.30000      -     -  373s
     0     0  191.30000    0 7033          -  191.30000      -     -  379s
     0     0  191.30000    0 1054          -  191.30000      -     -  395s
     0     0  191.30000    0 1054          -  191.30000      -     -  396s
     0     0  191.30000    0  956          -  191.30000      -     -  400s
     0     2  191.30000    0  956          -  191.30000      -     -  451s
     1     4  191.30000    1  955          -  191.30000      -   2.0  467s
     3     8  191.30000    2  955          -  191.30000      -  3584  484s
     7     8  191.30000    3 1100          -  191.30000      -  3744  487s
    11    16  191.30000    4 1097          -  191.30000      -  2691  506s
    19    30  191.30000    9 1066          -  191.30000      -  2410  513s
    35    58  191.30000   14 1077          -  191.30000      -  1513  534s
    63    95  191.30000   24 1048          -  191.30000      -  1068  547s
   100   180  191.30000   44 1049          -  191.30000      -  1016  567s
   185   238  191.30000   89 1051          -  191.30000      -   718  585s
   243   272  191.30000  113 1263          -  191.30000      -   616  625s
H  260   272                     284.8000000  191.30000  32.8%   631  625s
H  263   272                     261.0000000  191.30000  26.7%   652  625s
H  279   473                     259.1000000  191.30000  26.2%   690  662s
   480   870  191.73420  185  914  259.10000  191.30000  26.2%   647  710s
   880  1384  191.30000  226 1494  259.10000  191.30000  26.2%   429  750s
H 1418  1613                     258.5000000  191.30000  26.0%   315  779s
  1670  1776  211.30000  369 1686  258.50000  191.30000  26.0%   293  804s
  1859  1878  211.30000  487 1349  258.50000  191.30000  26.0%   299  828s
  1975  1879  228.50000   10  956  258.50000  191.30000  26.0%   318  986s
  1977  1880  209.80000  347 1879  258.50000  191.30000  26.0%   318 1038s
  1978  1881  228.50000  292 1952  258.50000  191.30000  26.0%   317 1069s
  1979  1882  211.30000  390 1895  258.50000  191.30000  26.0%   317 1109s
  1980  1882  191.30000   61 1955  258.50000  191.30000  26.0%   317 1157s
  1981  1883  228.50000  225 1999  258.50000  191.30000  26.0%   317 1172s
  1982  1884  228.50000  221 1149  258.50000  191.30000  26.0%   317 1190s
  1983  1884  211.30000  414  442  258.50000  191.30000  26.0%   317 1198s
  1984  1885  228.50000  544  417  258.50000  191.30000  26.0%   316 1223s
  1985  1886  211.30000  319  474  258.50000  191.30000  26.0%   316 1228s
  1986  1886  191.30000  300  434  258.50000  191.30000  26.0%   316 1239s
  1987  1887  191.30000  266 1992  258.50000  191.30000  26.0%   316 1248s
  1988  1888  228.50000   57  906  258.50000  191.30000  26.0%   316 1278s
  1989  1888  238.25483  236 1116  258.50000  191.30000  26.0%   316 1288s
  1990  1889  212.77231  163  495  258.50000  191.30000  26.0%   315 1311s
H 1990  1794                     248.4000000  191.30000  23.0%   315 1313s
H 1990  1704                     243.3000000  191.30000  21.4%   315 1313s
  1991  1705  228.50000  151  476  243.30000  191.30000  21.4%   315 1316s
  1992  1705  228.50000  480  472  243.30000  191.30000  21.4%   315 1342s
  1993  1706  191.30000  266  472  243.30000  191.30000  21.4%   315 1349s
  1994  1707  228.50000  524  472  243.30000  191.30000  21.4%   315 1376s
H 1994  1623                     238.0000000  191.30000  19.6%   440 1383s
  1995  1624  191.30000   11  472  238.00000  191.30000  19.6%   440 1386s
  1997  1628  191.30000   12  472  238.00000  191.30000  19.6%   440 1390s
  2005  1633  191.30000   14  472  238.00000  191.30000  19.6%   439 1399s
  2012  1635  211.50000   15 1185  238.00000  191.30000  19.6%   442 1403s
  2017  1641  191.30000   16  472  238.00000  191.30000  19.6%   443 1410s
  2025  1644  191.30000   17  470  238.00000  191.30000  19.6%   446 1417s
  2031  1650  211.30000   18 2171  238.00000  191.30000  19.6%   455 1422s
  2039  1656  191.30000   18  556  238.00000  191.30000  19.6%   457 1428s
  2047  1657  191.30000   19 1624  238.00000  191.30000  19.6%   462 1431s
  2051  1660  191.30000   20 1063  238.00000  191.30000  19.6%   470 1441s
  2055  1663  191.30000   20  576  238.00000  191.30000  19.6%   474 1451s
  2060  1667  191.30000   21  568  238.00000  191.30000  19.6%   473 1455s
  2065  1670  191.32003   22  466  238.00000  191.30000  19.6%   478 1460s
  2075  1680  191.30000   23 1176  238.00000  191.30000  19.6%   483 1468s
  2084  1684  191.30000   24 1171  238.00000  191.30000  19.6%   486 1473s
  2093  1688  191.30000   25  867  238.00000  191.30000  19.6%   488 1477s
  2100  1691  191.30000   26  485  238.00000  191.30000  19.6%   493 1480s
  2108  1693  191.30000   27 1196  238.00000  191.30000  19.6%   501 1490s
  2112  1692     cutoff   27       238.00000  191.30000  19.6%   502 1499s
  2116  1694  191.30000   28  817  238.00000  191.30000  19.6%   505 1504s
  2120  1697  191.30786   28 1723  238.00000  191.30000  19.6%   508 1515s
  2124  1699  191.30172   29 1640  238.00000  191.30000  19.6%   512 1527s
H 2125  1618                     236.0000000  191.30000  18.9%   512 1527s
  2128  1623  191.30000   29  815  236.00000  191.30000  18.9%   511 1533s
  2134  1628  191.30000   31  686  236.00000  191.30000  18.9%   514 1541s
  2143  1632  191.30000   32  802  236.00000  191.30000  18.9%   516 1548s
  2150  1638  191.30000   33  472  236.00000  191.30000  18.9%   517 1558s
  2160  1641  191.30000   35  408  236.00000  191.30000  18.9%   519 1565s
  2177  1643  191.30000   36  375  236.00000  191.30000  18.9%   517 1575s
  2184  1648  191.30000   37  373  236.00000  191.30000  18.9%   520 1583s
  2192  1654  191.30000   38  370  236.00000  191.30000  18.9%   522 1590s
  2200  1657  191.30000   39  369  236.00000  191.30000  18.9%   524 1600s
  2208  1662  191.30000   40  367  236.00000  191.30000  18.9%   526 1609s
  2216  1668  191.30000   41  343  236.00000  191.30000  18.9%   528 1619s
  2224  1682  191.30000   42  359  236.00000  191.30000  18.9%   530 1629s
  2241  1684  191.30000   44  476  236.00000  191.30000  18.9%   536 1638s
  2249  1687  221.54389   44 1759  236.00000  191.30000  18.9%   539 1648s
  2254  1689  191.30000   45  441  236.00000  191.30000  18.9%   540 1666s
  2260  1692  222.12378   45  571  236.00000  191.30000  18.9%   545 1679s
  2267  1695  191.30000   46  429  236.00000  191.30000  18.9%   547 1693s
  2273  1703  222.23720   46  709  236.00000  191.30000  18.9%   552 1703s
  2285  1703  191.30000   47  398  236.00000  191.30000  18.9%   554 1714s
  2289  1712  191.33703   47 1729  236.00000  191.30000  18.9%   559 1728s
  2300  1720  191.30000   48  390  236.00000  191.30000  18.9%   560 1740s
  2311  1731  222.91768   48  884  236.00000  191.30000  18.9%   567 1752s
  2327  1733  191.30000   49  389  236.00000  191.30000  18.9%   570 1771s
  2335  1753  191.30000   50  429  236.00000  191.30000  18.9%   571 1788s
  2360  1764  191.30000   52  430  236.00000  191.30000  18.9%   579 1815s
  2387  1772  191.30000   55  426  236.00000  191.30000  18.9%   583 1829s
  2420  1780 infeasible   56       236.00000  191.30000  18.9%   586 1853s
  2449  1783  192.32445   60 1157  236.00000  191.30000  18.9%   589 1908s
  2467  1798  192.90497   65 1341  236.00000  191.30000  18.9%   598 1931s
  2510  1813  196.43617   77 1922  236.00000  191.30000  18.9%   595 1948s
  2557  1825  228.35539   87 1360  236.00000  191.30000  18.9%   592 1964s
  2613  1842     cutoff  101       236.00000  191.30000  18.9%   591 1981s
  2675  1853  232.40488  118 1285  236.00000  191.30000  18.9%   589 2006s
  2722  1856  217.38485   46  928  236.00000  191.30000  18.9%   589 2022s
  2756  1856  191.30000   38  253  236.00000  191.30000  18.9%   589 2045s
  2777  1883  191.65142   47  414  236.00000  191.30000  18.9%   590 2071s
  2820  1898  191.81178   65  728  236.00000  191.30000  18.9%   587 2092s
  2878  1910  193.16711   87 1059  236.00000  191.30000  18.9%   584 2115s
  2935  1926  191.30000   37  308  236.00000  191.30000  18.9%   579 2136s
H 2984  1488                     221.5000000  191.30000  13.6%   578 2164s
H 3026  1390                     221.4000000  191.30000  13.6%   574 2164s
  3033  1391     cutoff   63       221.40000  191.30000  13.6%   573 2256s
  3105  1374  191.30000   68  292  221.40000  191.30000  13.6%   573 2447s
  3163  1360  192.21199   80 1225  221.40000  191.30000  13.6%   573 2480s
  3309  1323 infeasible  100       221.40000  191.30000  13.6%   556 2518s
  3332  1329  211.30000   49  460  221.40000  191.30000  13.6%   556 2551s
  3373  1334     cutoff   60       221.40000  191.30000  13.6%   552 2612s
  3430  1327  214.67857   61  926  221.40000  191.30000  13.6%   551 2647s
  3449  1319  200.90870   61  624  221.40000  191.30000  13.6%   551 2674s
  3505  1323 infeasible   66       221.40000  191.30000  13.6%   550 2703s
  3612  1319  191.30000   67  258  221.40000  191.30000  13.6%   539 2737s
  3709  1298  192.85827   77  413  221.40000  191.30000  13.6%   536 2770s
  3856  1253  191.30000   64  268  221.40000  191.30000  13.6%   527 2809s
  3952  1252  211.50000   49  357  221.40000  191.30000  13.6%   526 2879s
  4058  1202  212.54616   51  546  221.40000  191.30000  13.6%   529 2933s
  4130  1166  212.90309   52  346  221.40000  191.30000  13.6%   526 2979s
  4206  1156  213.50549   53  347  221.40000  191.30000  13.6%   525 3038s
  4239  1147  217.48393   54  354  221.40000  191.30000  13.6%   524 3100s
  4283  1132 infeasible   55       221.40000  191.30000  13.6%   524 3157s
  4331  1148  195.25588   42  975  221.40000  191.30000  13.6%   528 3291s
  4374  1158  204.75000   43  679  221.40000  191.30000  13.6%   530 3354s
  4420  1157  204.75000   44  734  221.40000  191.30000  13.6%   533 3409s
  4520  1166  205.25000   45  734  221.40000  191.30000  13.6%   528 3604s
  4589  1165  205.45000   46  391  221.40000  191.30000  13.6%   538 3766s
  4632  1160  205.45000   47  368  221.40000  191.30000  13.6%   540 4028s
  4656  1164 infeasible   53       221.40000  191.30000  13.6%   557 4172s
  4706  1159  213.10000   37 1458  221.40000  191.30000  13.6%   568 4284s
  4738  1149     cutoff   39       221.40000  191.30000  13.6%   579 4380s
  4743  1148  217.96745   40  854  221.40000  191.30000  13.6%   578 4469s
  4747  1148     cutoff   41       221.40000  191.30000  13.6%   578 4547s
  4753  1148  191.56991   56 1084  221.40000  191.30000  13.6%   578 4633s
  4757  1158  191.59488   57 2290  221.40000  191.30000  13.6%   579 4745s
  4787  1152  213.97124   82  502  221.40000  191.30000  13.6%   582 4882s
  4802  1159  213.40000   25  639  221.40000  191.30000  13.6%   586 4960s
  4825  1175  213.40000   35  616  221.40000  191.30000  13.6%   589 5112s
  4885  1188  214.10000   50  706  221.40000  191.30000  13.6%   595 5305s
  4939  1203  215.30000   55  394  221.40000  191.30000  13.6%   604 5375s
  5009  1181 infeasible   43       221.40000  191.30000  13.6%   608 5564s
  5037  1198 infeasible   44       221.40000  191.30000  13.6%   620 5642s
  5096  1386  220.27500   39  921  221.40000  191.30000  13.6%   622 5726s
  5608  1227 infeasible  120       221.40000  191.30000  13.6%   578 5842s
  5627  1400  194.59036   63  968  221.40000  191.30000  13.6%   588 5921s
  6180  1234  219.40000   54  766  221.40000  191.30000  13.6%   543 6045s
  6216  1282  213.10000   25 1028  221.40000  191.30000  13.6%   546 6190s
  6303  1433  213.10000   77  534  221.40000  191.30000  13.6%   548 6273s
  6810  1459 infeasible   50       221.40000  191.30000  13.6%   515 6418s
  6868  1555  196.55770   52  615  221.40000  191.30000  13.6%   522 6504s
  7247  1553  200.85430   93 2018  221.40000  191.30000  13.6%   509 6628s
  7267  1651  213.10000   73  620  221.40000  191.30000  13.6%   515 6724s
  7763  1698  216.00000  158  928  221.40000  191.30000  13.6%   491 6813s
  7950  1975  213.10000   37 1193  221.40000  191.30000  13.6%   486 6931s
  8806  2018  213.10000  294  562  221.40000  191.30000  13.6%   448 7069s
  8870  2393  213.10000  301  786  221.40000  191.30000  13.6%   452 7170s
  9661  2405     cutoff  177       221.40000  191.30000  13.6%   424 7200s

Cutting planes:
  Learned: 2
  Gomory: 5
  Cover: 1553
  Implied bound: 8
  Clique: 644
  MIR: 97
  StrongCG: 13
  Flow cover: 266
  GUB cover: 38
  Zero half: 27
  RLT: 2
  Relax-and-lift: 226

Explored 9683 nodes (4424181 simplex iterations) in 7200.72 seconds (8268.95 work units)
Thread count was 4 (of 8 available processors)

Solution count 10: 221.4 221.5 236 ... 284.8

Time limit reached
Best objective 2.214000000000e+02, best bound 1.913000000000e+02, gap 13.5953%
