
Gurobi 13.0.2 (linux64) logging started Thu Jul  9 16:32:07 2026

Set parameter LogFile to value "src/Resultados/Restriccion_solo_cliques/logs/C107-25.xml_log.log"
Set parameter Threads to value 4
Gurobi Optimizer version 13.0.2 build v13.0.2rc1 (linux64 - "Rocky Linux 9.7 (Blue Onyx)")

CPU model: QEMU Virtual CPU version 2.5+, instruction set [SSE2]
Thread count: 8 physical cores, 8 logical processors, using up to 4 threads

Non-default parameters:
TimeLimit  7200
Threads  4

Optimize a model with 133152 rows, 79860 columns and 542115 nonzeros (Min)
Model fingerprint: 0x3a0f49e7
Model has 9105 linear objective coefficients
Variable types: 17550 continuous, 62310 integer (62295 binary)
Coefficient statistics:
  Matrix range     [1e+00, 4e+04]
  Objective range  [1e+00, 6e+01]
  Bounds range     [1e+00, 2e+03]
  RHS range        [1e+00, 4e+04]

Presolve removed 41925 rows and 120 columns
Presolve time: 3.57s
Presolved: 91227 rows, 79740 columns, 409320 nonzeros
Variable types: 375 continuous, 79365 integer (69165 binary)
Deterministic concurrent LP optimizer: primal and dual simplex
Showing primal log only...


Root simplex log...

Iteration    Objective       Primal Inf.    Dual Inf.      Time
       0    1.3372000e+03   2.925425e+03   4.847237e+10      8s
   17388    4.5068639e+02   3.981013e+02   8.387355e+09     10s
   22860    3.0340861e+02   1.495451e+02   4.231026e+09     15s
   29161    3.4049758e+02   8.787250e+01   5.506603e+09     20s
   34821    2.6822999e+02   2.708779e+01   2.770333e+09     25s
   38754    2.6921494e+02   4.287881e+00   1.321705e+09     30s
   41996    2.5189358e+02   0.000000e+00   2.498524e+05     35s
   45758    2.3688881e+02   0.000000e+00   3.155118e+04     40s
   49361    2.1047101e+02   0.000000e+00   4.195234e+05     45s
   52191    1.9120000e+02   1.152058e+02   0.000000e+00     50s
   53529    1.9120000e+02   0.000000e+00   0.000000e+00     53s
Concurrent spin time: 11.22s (can be avoided by choosing Method=3)

Solved with primal simplex

Root relaxation: objective 1.912000e+02, 53529 iterations, 57.19 seconds (33.91 work units)

    Nodes    |    Current Node    |     Objective Bounds      |     Work
 Expl Unexpl |  Obj  Depth IntInf | Incumbent    BestBd   Gap | It/Node Time

     0     0  191.20000    0 5001          -  191.20000      -     -   88s
     0     0  191.20000    0 5036          -  191.20000      -     -   89s
     0     0  191.20000    0 6482          -  191.20000      -     -  111s
     0     0  191.20000    0 6815          -  191.20000      -     -  123s
     0     0  191.20000    0 6357          -  191.20000      -     -  123s
     0     0  191.20000    0 2992          -  191.20000      -     -  142s
H    0     0                     295.8000000  191.20000  35.4%     -  177s
H    0     0                     223.3000000  191.20000  14.4%     -  203s
H    0     0                     222.6000000  191.20000  14.1%     -  203s
H    0     0                     221.4000000  191.20000  13.6%     -  203s
     0     0  191.20000    0 3807  221.40000  191.20000  13.6%     -  203s
     0     0  191.20000    0 3734  221.40000  191.20000  13.6%     -  204s
     0     0  191.20000    0 6489  221.40000  191.20000  13.6%     -  213s
     0     0  191.20000    0 6489  221.40000  191.20000  13.6%     -  263s
H    0     0                     211.5000000  191.20000  9.60%     -  264s
     0     0  191.20000    0 4891  211.50000  191.20000  9.60%     -  265s
     0     0  191.20000    0 3542  211.50000  191.20000  9.60%     -  268s
     0     0  191.20000    0 3542  211.50000  191.20000  9.60%     -  269s
     0     0  191.20000    0 3542  211.50000  191.20000  9.60%     -  300s
H    0     0                     191.3000000  191.20000  0.05%     -  300s
     0     0  191.20000    0 3443  191.30000  191.20000  0.05%     -  301s
     0     0  191.20000    0 3682  191.30000  191.20000  0.05%     -  305s
     0     0 infeasible    0       191.30000  191.30000  0.00%     -  305s

Cutting planes:
  Gomory: 2
  Lift-and-project: 1
  Cover: 243
  Implied bound: 513
  Clique: 134
  MIR: 226
  StrongCG: 8
  Flow cover: 12
  GUB cover: 4
  Zero half: 2
  RLT: 57
  Relax-and-lift: 246
  BQP: 1

Explored 1 nodes (190061 simplex iterations) in 305.37 seconds (169.22 work units)
Thread count was 4 (of 8 available processors)

Solution count 6: 191.3 211.5 221.4 ... 295.8

Optimal solution found (tolerance 1.00e-04)
Best objective 1.913000000000e+02, best bound 1.913000000000e+02, gap 0.0000%
