
Gurobi 13.0.2 (linux64) logging started Sat Jul  4 18:18:50 2026

Set parameter LogFile to value "src/Resultados/Restriccion demanda/logs/R205-25.xml_log.log"
Set parameter Threads to value 4
Gurobi Optimizer version 13.0.2 build v13.0.2rc1 (linux64 - "Rocky Linux 9.7 (Blue Onyx)")

CPU model: QEMU Virtual CPU version 2.5+, instruction set [SSE2]
Thread count: 8 physical cores, 8 logical processors, using up to 4 threads

Non-default parameters:
TimeLimit  7200
Threads  4

Optimize a model with 123250 rows, 74370 columns and 947880 nonzeros (Min)
Model fingerprint: 0xf013143a
Model has 9435 linear objective coefficients
Variable types: 16095 continuous, 58275 integer (58260 binary)
Coefficient statistics:
  Matrix range     [1e+00, 2e+05]
  Objective range  [7e+00, 6e+01]
  Bounds range     [1e+00, 2e+03]
  RHS range        [1e+00, 2e+05]

Presolve removed 38704 rows and 105 columns (presolve time = 5s)...
Presolve removed 39365 rows and 120 columns
Presolve time: 9.27s
Presolved: 83885 rows, 74250 columns, 373530 nonzeros
Variable types: 375 continuous, 73875 integer (65445 binary)
Deterministic concurrent LP optimizer: primal and dual simplex
Showing primal log only...


Root simplex log...

Iteration    Objective       Primal Inf.    Dual Inf.      Time
       0    7.7610000e+02   2.039488e+03   2.259183e+10     20s
   19086    5.1255502e+02   1.464051e+02   8.160911e+09     25s
   25079    5.1932270e+02   1.006604e+02   5.695503e+09     30s
   29336    5.2099701e+02   3.683023e+01   3.075475e+10     35s
   33462    5.0780445e+02   4.869627e+00   9.114921e+09     40s
   37906    4.0722710e+02   0.000000e+00   1.240923e+04     45s
   42739    3.8003515e+02   0.000000e+00   3.609475e+05     50s
   45270    3.7470000e+02   2.391167e+02   0.000000e+00     55s
   45851    3.7470000e+02   0.000000e+00   0.000000e+00     56s
Concurrent spin time: 4.34s (can be avoided by choosing Method=3)

Solved with primal simplex

Root relaxation: objective 3.747000e+02, 45851 iterations, 43.98 seconds (28.18 work units)

    Nodes    |    Current Node    |     Objective Bounds      |     Work
 Expl Unexpl |  Obj  Depth IntInf | Incumbent    BestBd   Gap | It/Node Time

     0     0  374.70000    0 4917          -  374.70000      -     -   91s
     0     0  374.70000    0 6773          -  374.70000      -     -  133s
     0     0  374.70000    0 5222          -  374.70000      -     -  140s
     0     0  374.70000    0 8433          -  374.70000      -     -  171s
     0     0  374.70000    0 2646          -  374.70000      -     -  212s
     0     0  374.70000    0 2654          -  374.70000      -     -  220s
     0     0  374.70000    0 8640          -  374.70000      -     -  235s
     0     0  374.70000    0 8640          -  374.70000      -     -  235s
     0     0  374.70000    0 3252          -  374.70000      -     -  274s
     0     0  374.70000    0 5988          -  374.70000      -     -  289s
     0     0  374.70000    0 9937          -  374.70000      -     -  308s
     0     0  374.70000    0 5095          -  374.70000      -     -  342s
     0     0  374.70000    0 6619          -  374.70000      -     -  347s
     0     0  374.70000    0 10337          -  374.70000      -     -  365s
     0     0  374.70000    0 4749          -  374.70000      -     -  389s
     0     0  374.70000    0 5012          -  374.70000      -     -  391s
     0     0  374.70000    0 6468          -  374.70000      -     -  401s
     0     0  374.70000    0 3585          -  374.70000      -     -  433s
     0     0  374.70000    0 3585          -  374.70000      -     -  435s
     0     0  374.70000    0 2250          -  374.70000      -     -  452s
     0     2  374.70000    0 2250          -  374.70000      -     -  475s
     1     4  374.70000    1 2207          -  374.70000      -  2106  484s
     3     8  374.70000    2 2717          -  374.70000      -  3140  492s
     7    12  374.70000    3 2417          -  374.70000      -  1849  500s
    11    16  374.70000    4 3357          -  374.70000      -  1343  506s
    15    18  374.70000    5 3470          -  374.70000      -  1250  521s
    17    22  374.70000    5 3341          -  374.70000      -  1105  528s
    21    26  374.70000    6 3359          -  374.70000      -  1052  537s
    25    30  374.70000    7 3385          -  374.70000      -   974  551s
    29    34  374.70000    8 3383          -  374.70000      -  1075  570s
    33    42  374.70000    9 3380          -  374.70000      -  1016  585s
    41    55  374.70000   10 3377          -  374.70000      -   909  619s
    54    73  374.70000   11 3374          -  374.70000      -   764  667s
    72   106  374.70000   12 3372          -  374.70000      -   610  703s
   105   174  374.70000   19 3327          -  374.70000      -   543  746s
   173   376  374.70000   28 6294          -  374.70000      -   716  787s
   375   697  374.70339   44 7749          -  374.70000      -   433  811s
   696   861  374.74899   95 6872          -  374.70000      -   259  824s
   860  1077  374.76262  120 8757          -  374.70000      -   225  837s
  1076  1330  374.77525  186 7747          -  374.70000      -   187  847s
  1329  1456  374.79368  279 7738          -  374.70000      -   154  855s
  1461  1510  374.85264  316 7897          -  374.70000      -   147  861s
  1515  1592  374.86173  335 7937          -  374.70000      -   146  867s
  1597  1693  374.86566  361 8259          -  374.70000      -   142  874s
  1698  1790  374.86714  383 8054          -  374.70000      -   138  882s
  1795  1889  374.87334  408 9131          -  374.70000      -   134  889s
  1894  2005  374.87812  424 11443          -  374.70000      -   130  897s
  2010  2086  374.88262  446 11085          -  374.70000      -   126  907s
  2091  2146  374.88585  464 10537          -  374.70000      -   123 1009s
  2151  2189  374.89465  488 10700          -  374.70000      -   122 1075s
  2194  2332  374.89508  503 8772          -  374.70000      -   121 1142s
  2337  2469  374.90070  526 8654          -  374.70000      -   117 1243s
  2474  2665  374.90487  551 8574          -  374.70000      -   114 1289s
  2670  2883  374.92812  625 10412          -  374.70000      -   108 1370s
  2888  3202  374.96670  659 7654          -  374.70000      -   102 1384s
  3207  3482  375.03715  709 8365          -  374.70000      -  94.9 1399s
  3487  3563  375.14033  771 10263          -  374.70000      -  91.3 1415s
  3568  3651  387.33974  773 8901          -  374.70000      -  94.5 1431s
  3656  3754  388.14946  794 12001          -  374.70000      -  98.3 1446s
  3759  3844  388.37442  811 12684          -  374.70000      -   102 1461s
  3849  3889  388.64546  828 13266          -  374.70000      -   106 1478s
  3902  3958  388.81720  839 11724          -  374.70000      -   111 1494s
  3971  4043  389.92081  859 15527          -  374.70000      -   115 1515s
  4056  4176  390.22440  886 15092          -  374.70000      -   119 1535s
  4189  4337  391.22593  909 14479          -  374.70000      -   122 1556s
  4350  4447  391.63571  928 13711          -  374.70000      -   124 1575s
  4460  4582  392.35510  948 13495          -  374.70000      -   127 1607s
  4601  4684  392.79029  966 13749          -  374.70000      -   132 1627s
  4703  4793  393.40806  987 14226          -  374.70000      -   136 1650s
  4814  4952  394.73731 1014 14874          -  374.70000      -   140 1671s
  4973  5062  395.29117 1032 13838          -  374.70000      -   141 1694s
  5083  5238  395.84487 1042 12843          -  374.70000      -   143 1717s
  5260  5239  390.70000  262 2250          -  374.70000      -   145 2140s
  5262  5240  385.80000  159 3593          -  374.79543      -   145 2258s
  5263  5241  390.70000  252 4536          -  374.81256      -   145 2297s
  5264  5242  384.86807   27 4982          -  384.86807      -   145 2409s
  5265  5242  392.10000  667 3681          -  384.92213      -   145 2488s
  5266  5243  386.51184   95 5429          -  386.51184      -   144 2581s
  5267  5244  404.70000  835 2968          -  386.83704      -   144 2631s
  5268  5244  399.59332  739 3763          -  386.89933      -   144 2676s
  5269  5245  386.89933   14 4332          -  386.89933      -   144 2726s
  5270  5246  414.50000  698 3017          -  386.89933      -   144 2752s
  5271  5246  390.10000  169 2850          -  386.89933      -   144 2801s
  5272  5247  392.50000  930 3128          -  386.89933      -   144 2816s
  5273  5248  386.89933  824 3217          -  386.89933      -   144 2867s
  5274  5248  404.50000  356 3806          -  386.89933      -   144 2888s
  5275  5249  395.73595  364 3186          -  387.03587      -   144 2939s
  5276  5250  396.90000  120 3388          -  387.03587      -   144 2949s
  5277  5250  387.03587  104 2698          -  387.03587      -   144 2992s
  5278  5251  388.00000  328 3585          -  387.04218      -   144 3016s
  5279  5252  418.84810 1259 4920          -  387.06853      -   144 3054s
  5280  5252  430.50000 1113 5294          -  387.07769      -   144 3069s
  5281  5253  399.80000  208 4204          -  387.13928      -   144 3115s
  5282  5254  407.50000  460 3704          -  387.15421      -   144 3127s
  5283  5254  394.20000  257 3716          -  387.15456      -   144 3156s
  5284  5255  388.60000  248 4065          -  387.15456      -   144 3164s
  5285  5256  399.80000  790 3384          -  387.18975      -   144 3273s
  5286  5256  399.59332  175 3460          -  387.21421      -   144 3288s
  5287  5257  408.80000  251 3332          -  387.21421      -   144 3312s
  5288  5258  387.29872   82 3539          -  387.29872      -   144 3326s
  5289  5258  391.90000 1040 3863          -  387.39815      -   144 3350s
  5290  5259  395.73595  808 3600          -  387.46387      -   144 3358s
  5291  5260  388.50000  293 4477          -  387.46387      -   144 3389s
  5292  5260  395.12004  446 4152          -  387.51014      -   144 3404s
  5293  5261  405.60000  815 4719          -  388.51947      -   144 3448s
  5294  5262  398.60000  227 4622          -  388.52669      -   144 3458s
  5295  5262  395.73595  368 2112          -  389.00000      -   144 3503s
  5296  5263  405.60000  717 3085          -  389.00000      -   144 3511s
  5297  5264  389.00000  318 2773          -  389.00000      -   144 3570s
  5298  5264  394.90000  385 4282          -  389.00000      -   144 3579s
  5299  5265  389.00000   67 2455          -  389.00000      -   144 3635s
  5300  5266  408.70000  537 2374          -  389.00000      -   144 3640s
  5301  5266  400.50000  409 1943          -  389.00000      -   144 3655s
  5304  5270  394.70000  174 2250          -  389.00000      -   274 3693s
  5306  5271  399.80000  909 4380          -  389.00000      -   274 3801s
  5307  5272  389.00000  136 5689          -  389.00000      -   274 3882s
  5308  5273  391.60000  193 5379          -  389.00000      -   274 3910s
  5309  5273  389.00000  266 4932          -  389.00000      -   274 3991s
  5310  5274  394.70000  208 5110          -  389.00000      -   274 4011s
  5311  5275  407.80000  822 5465          -  389.00000      -   274 4053s
  5312  5275  389.00000  645 5549          -  389.00000      -   274 4076s
  5313  5276  394.20000  256 5836          -  389.00000      -   274 4129s
  5314  5277  389.00000  133 5071          -  389.00000      -   274 4178s
  5315  5277  411.40000  587 3233          -  389.00000      -   274 4230s
  5316  5278  389.00000   23 4360          -  389.00000      -   274 4256s
  5317  5279  401.70000  516 2770          -  389.00000      -   274 4329s
  5318  5279  428.60000 1020 3406          -  389.00000      -   273 4339s
  5319  5280  389.00000   53 2522          -  389.00000      -   273 4383s
  5320  5281  419.70000  946 3207          -  389.00000      -   273 4407s
  5321  5281  394.50000  200 2468          -  389.00000      -   273 4454s
  5322  5282  389.20000  388 2748          -  389.00000      -   273 4476s
  5323  5283  443.82902  845 2821          -  389.00000      -   273 4518s
  5324  5283  389.00000   37 2720          -  389.00000      -   273 4540s
  5325  5284  389.00000  723 2864          -  389.00000      -   273 4658s
H 5325  5019                     618.9000000  389.00000  37.1%   273 4684s
H 5325  4768                     587.2000000  389.00000  33.8%   273 4684s
H 5325  4529                     582.4000000  389.00000  33.2%   273 4684s
H 5325  4302                     576.9000000  389.00000  32.6%   273 4684s
H 5325  4087                     562.9000000  389.00000  30.9%   273 4691s
  5326  4088  394.20000  615 2239  562.90000  389.00000  30.9%   273 4704s
  5327  4088  404.50000  861 2039  562.90000  389.00000  30.9%   273 4751s
  5328  4089  395.00000  228 2250  562.90000  389.00000  30.9%   273 4761s
  5329  4090  412.10000  695 2176  562.90000  389.00000  30.9%   273 4797s
H 5329  3885                     535.4000000  389.00000  27.3%   273 4799s
H 5329  3690                     531.0000000  389.00000  26.7%   273 4799s
H 5329  3505                     521.5000000  389.00000  25.4%   273 4799s
  5330  3505  443.70005  927 2265  521.50000  389.00000  25.4%   273 4807s
  5331  3506  401.22004  533  880  521.50000  389.00000  25.4%   273 4841s
  5332  3507  389.00000  126 1297  521.50000  389.00000  25.4%   273 4846s
  5333  3507  408.70000  515 1045  521.50000  389.00000  25.4%   273 4876s
  5334  3508  391.76247  851 1347  521.50000  389.00000  25.4%   273 4881s
  5335  3509  393.10000  267 1579  521.50000  389.00000  25.4%   273 4904s
  5336  3509  443.82902  844 1567  521.50000  389.00000  25.4%   273 4908s
  5337  3510  389.00000   51 1502  521.50000  389.00000  25.4%   273 4931s
  5338  3511  406.59332 1333 1502  521.50000  389.00000  25.4%   272 4977s
  5339  3511  390.70000  255 1502  521.50000  389.00000  25.4%   272 4982s
  5340  3515  389.00000   21 2345  521.50000  389.00000  25.4%   376 5007s
  5342  3518  389.00000   22 2557  521.50000  389.00000  25.4%   376 5019s
  5346  3521  389.00000   23 2573  521.50000  389.00000  25.4%   378 5024s
  5350  3528  389.00000   24 3185  521.50000  389.00000  25.4%   378 5041s
  5358  3533  389.00000   25 3998  521.50000  389.00000  25.4%   381 5056s
  5368  3535  389.00000   27 3394  521.50000  389.00000  25.4%   383 5108s
  5377  3540  389.78946   28 4433  521.50000  389.00000  25.4%   386 5120s
  5385  3542  389.00000   30 3748  521.50000  389.00000  25.4%   388 5127s
  5390  3550  389.00000   31 2355  521.50000  389.00000  25.4%   389 5147s
  5400  3553  389.87848   32 4496  521.50000  389.00000  25.4%   393 5157s
  5406  3559  389.00000   33 2503  521.50000  389.00000  25.4%   394 5170s
  5414  3564  389.00000   34 2387  521.50000  389.00000  25.4%   397 5182s
  5422  3569  390.37580   35 2793  521.50000  389.00000  25.4%   400 5261s
  5429  3574  389.00000   35 2128  521.50000  389.00000  25.4%   403 5365s
H 5437  3400                     517.6000000  389.00000  24.8%   405 5384s
H 5439  3232                     503.2000000  389.00000  22.7%   405 5384s
  5441  3236  391.47420   37 6958  503.20000  389.00000  22.7%   406 5455s
  5446  3242  389.00000   38 2512  503.20000  389.00000  22.7%   408 5512s
  5455  3250  391.31269   39 3957  503.20000  389.00000  22.7%   410 5521s
  5466  3255  389.00000   41 2694  503.20000  389.00000  22.7%   411 5539s
  5477  3259  389.00000   42 2286  503.20000  389.00000  22.7%   413 5551s
  5485  3267  389.00000   43 2663  503.20000  389.00000  22.7%   416 5570s
  5495  3267  390.61847   44 5830  503.20000  389.00000  22.7%   420 5590s
H 5496  3108                     500.1000000  389.00000  22.2%   420 5590s
  5499  3114  389.00000   45 3401  500.10000  389.00000  22.2%   420 5612s
  5506  3121  389.02515   46 3794  500.10000  389.00000  22.2%   423 5626s
  5519  3128  389.02515   47 3340  500.10000  389.00000  22.2%   423 5655s
  5531  3156  389.17376   48 3126  500.10000  389.00000  22.2%   425 5670s
  5563  3160  389.33893   52 4316  500.10000  389.00000  22.2%   427 5684s
  5577  3180  389.33893   53 4261  500.10000  389.00000  22.2%   428 5701s
  5602  3187  389.33893   55 4260  500.10000  389.00000  22.2%   432 5721s
  5617  3207  389.33893   57 4260  500.10000  389.00000  22.2%   434 5738s
H 5642  3050                     486.8000000  389.00000  20.1%   438 5756s
H 5643  2907                     468.1000000  389.00000  16.9%   437 5756s
  5646  2933  398.70463   60 4302  468.10000  389.00000  16.9%   438 5771s
  5673  2954  389.34151   62 3296  468.10000  389.00000  16.9%   440 5787s
  5703  2961  389.34151   65 3951  468.10000  389.00000  16.9%   445 5806s
  5720  2972  389.34492   67 4263  468.10000  389.00000  16.9%   448 5826s
  5739  3008  391.36667   68 4399  468.10000  389.00000  16.9%   452 5843s
  5787  3011  391.55000   72 4708  468.10000  389.00000  16.9%   454 5863s
H 5801  2870                     463.9000000  389.00000  16.1%   455 5863s
  5806  2912  392.99590   74 4867  463.90000  389.00000  16.1%   456 5882s
  5849  2931  391.55000   77 4975  463.90000  389.00000  16.1%   459 5909s
  5883  2959  391.55000   83 4951  463.90000  389.00000  16.1%   463 5944s
  5922  2950  392.00000   88 4272  463.90000  389.00000  16.1%   467 5971s
  5926  2953  394.77291   88 5007  463.90000  389.00000  16.1%   468 6001s
  5930  2955  395.08217   89 5883  463.90000  389.00000  16.1%   468 6025s
  5934  2958  392.35255   89 4043  463.90000  389.00000  16.1%   469 6048s
H 5935  2828                     461.0000000  389.00000  15.6%   469 6048s
H 5936  2704                     459.5000000  389.00000  15.3%   469 6048s
  5938  2738  392.40161   90 3973  459.50000  389.00000  15.3%   469 6075s
  5974  2752  392.47552   93 4409  459.50000  389.00000  15.3%   471 6107s
  6002  2773  392.51669   95 4404  459.50000  389.00000  15.3%   475 6133s
  6041  2793  392.56847   98 4358  459.50000  389.00000  15.3%   478 6162s
  6076  2821  392.59826  100 4754  459.50000  389.00000  15.3%   480 6188s
  6125  2859  393.03548  104 4459  459.50000  389.00000  15.3%   482 6224s
  6190  2876  393.21483  110 4949  459.50000  389.00000  15.3%   485 6255s
  6228  2914  393.25740  113 4925  459.50000  389.00000  15.3%   489 6288s
  6279  2946  393.28254  119 5014  459.50000  389.00000  15.3%   494 6320s
  6328  2981  393.29408  125 6427  459.50000  389.00000  15.3%   498 6363s
  6382  3005  393.29408  128 5984  459.50000  389.00000  15.3%   503 6400s
  6428  3034  393.29448  131 5983  459.50000  389.00000  15.3%   507 6445s
  6473  3057  393.35034  134 6144  459.50000  389.00000  15.3%   511 6492s
  6511  3105  393.35723  136 5484  459.50000  389.00000  15.3%   519 6542s
  6573  3177  393.38129  147 5636  459.50000  389.00000  15.3%   522 6584s
  6674  3183  393.50378  158 5443  459.50000  389.00000  15.3%   527 6638s
  6716  3236  393.53971  163 6386  459.50000  389.00000  15.3%   528 6686s
  6789  3255  393.57547  170 5949  459.50000  389.00000  15.3%   534 6749s
  6834  3322  393.60761  174 5904  459.50000  389.00000  15.3%   538 6856s
  6932  3308  393.63689  185 6106  459.50000  389.00000  15.3%   540 6933s
H 6953  3175                     454.8000000  389.00000  14.5%   542 7022s
  6957  3244  398.75000  188 4202  454.80000  389.00000  14.5%   542 7072s
  7032  3258  393.74601  197 5348  454.80000  389.00000  14.5%   548 7128s
  7075  3299  404.76309  203 3409  454.80000  389.00000  14.5%   551 7181s
  7168  3273  393.86447  211 6087  454.80000  389.00000  14.5%   556 7200s

Cutting planes:
  Gomory: 2
  Cover: 118
  Implied bound: 155
  Projected implied bound: 8
  Clique: 96
  MIR: 54
  StrongCG: 30
  Flow cover: 534
  GUB cover: 23
  Zero half: 20
  RLT: 86
  Relax-and-lift: 72

Explored 7173 nodes (4314783 simplex iterations) in 7200.84 seconds (6834.78 work units)
Thread count was 4 (of 8 available processors)

Solution count 10: 454.8 459.5 461 ... 521.5

Time limit reached
Best objective 4.548000000000e+02, best bound 3.890000000596e+02, gap 14.4679%
