
Gurobi 13.0.2 (linux64) logging started Sun Jul  5 02:26:10 2026

Set parameter LogFile to value "src/Resultados/Restriccion demanda/logs/R207-25.xml_log.log"
Set parameter Threads to value 4
Gurobi Optimizer version 13.0.2 build v13.0.2rc1 (linux64 - "Rocky Linux 9.7 (Blue Onyx)")

CPU model: QEMU Virtual CPU version 2.5+, instruction set [SSE2]
Thread count: 8 physical cores, 8 logical processors, using up to 4 threads

Non-default parameters:
TimeLimit  7200
Threads  4

Optimize a model with 129513 rows, 78885 columns and 1096800 nonzeros (Min)
Model fingerprint: 0x75e80e32
Model has 11670 linear objective coefficients
Variable types: 16665 continuous, 62220 integer (62205 binary)
Coefficient statistics:
  Matrix range     [1e+00, 2e+05]
  Objective range  [7e+00, 6e+01]
  Bounds range     [1e+00, 2e+03]
  RHS range        [1e+00, 2e+05]

Presolve removed 40414 rows and 105 columns (presolve time = 5s)...
Presolve removed 40970 rows and 120 columns
Presolve time: 8.44s
Presolved: 88543 rows, 78765 columns, 402990 nonzeros
Variable types: 375 continuous, 78390 integer (69960 binary)
Deterministic concurrent LP optimizer: primal and dual simplex
Showing primal log only...


Root simplex log...

Iteration    Objective       Primal Inf.    Dual Inf.      Time
       0    6.7120000e+02   1.809897e+03   1.542528e+10     21s
   19809    6.4652538e+02   1.944620e+02   3.729236e+09     25s
   27386    5.6941033e+02   1.042858e+02   4.284221e+09     30s
   34567    5.5812787e+02   1.407782e+01   2.622821e+10     35s
   38154    5.5923590e+02   1.239150e+00   5.657568e+09     40s
   40520    5.5231168e+02   4.984883e-02   2.262723e+10     45s
   44576    3.5616295e+02   0.000000e+00   8.868365e+02     50s
   48400    3.4360000e+02   5.337452e+02   0.000000e+00     55s
   48777    3.4360000e+02   0.000000e+00   0.000000e+00     56s
Concurrent spin time: 30.73s (can be avoided by choosing Method=3)

Solved with primal simplex

Root relaxation: objective 3.436000e+02, 48777 iterations, 69.78 seconds (27.31 work units)

    Nodes    |    Current Node    |     Objective Bounds      |     Work
 Expl Unexpl |  Obj  Depth IntInf | Incumbent    BestBd   Gap | It/Node Time

     0     0  343.60000    0 6491          -  343.60000      -     -  110s
     0     0  343.60000    0 6497          -  343.60000      -     -  111s
     0     0  343.60000    0 5829          -  343.60000      -     -  166s
     0     0  343.60000    0 5739          -  343.60000      -     -  171s
     0     0  343.60000    0 6874          -  343.60000      -     -  184s
     0     0  343.60000    0 1205          -  343.60000      -     -  205s
     0     0  343.60000    0 2532          -  343.60000      -     -  210s
     0     0  343.60000    0 3128          -  343.60000      -     -  227s
     0     0  343.60000    0 3128          -  343.60000      -     -  262s
     0     0  343.60000    0 3446          -  343.60000      -     -  270s
     0     0  343.60000    0 4167          -  343.60000      -     -  279s
     0     0  343.60000    0 4167          -  343.60000      -     -  300s
     0     0  343.60000    0 4473          -  343.60000      -     -  305s
     0     0  343.60000    0 5247          -  343.60000      -     -  316s
     0     0  343.60000    0 4354          -  343.60000      -     -  345s
     0     0  343.60000    0 4424          -  343.60000      -     -  353s
     0     0  343.60000    0 4979          -  343.60000      -     -  364s
     0     0  343.60000    0 4979          -  343.60000      -     -  392s
     0     0  343.60000    0 4979          -  343.60000      -     -  393s
     0     0  343.60000    0 4979          -  343.60000      -     -  420s
     0     2  343.60000    0 4979          -  343.60000      -     -  525s
     3     8  343.60000    2 6850          -  343.60000      -  1390  537s
     7    12  343.60000    3 6912          -  343.60000      -  2079  544s
    11    67  343.60000    4 6848          -  343.60000      -  1870  565s
    66   273  343.60000   10 5819          -  343.60000      -   498  600s
   318   490  343.60000   63 6598          -  343.60000      -   170  631s
   535   598  343.60000   99 5500          -  343.60000      -   184  662s
   644  1034  344.05772  102 6750          -  343.60000      -   255  724s
  1086  1661  345.54104  176 6735          -  343.60000      -   173  769s
  1713  1969  345.82998  341 5612          -  343.60000      -   116  783s
  2022  2167  347.92236  438 6764          -  343.60000      -   104  798s
  2226  2267  346.74663   32 3912          -  343.60000      -   100  815s
  2326  2286  346.93443   33 3915          -  343.60000      -   100  835s
  2345  2290  346.99991   34 3913          -  343.60000      -   103  855s
  2349  2347  347.28685   35 3855          -  343.60000      -   103  880s
  2406  2351  347.52673   36 3839          -  343.60000      -   101  898s
  2410  2355  347.53506   37 3839          -  343.60000      -   102  919s
  2414  2359  347.56955   38 3837          -  343.60000      -   102  938s
  2418  2373  347.79531   39 3858          -  343.60000      -   102  951s
  2432  2407  347.79731   40 3825          -  343.60000      -   103  965s
  2466  2584  348.01791   41 3838          -  343.60000      -   107  981s
  2643  2736  348.04596   42 3837          -  343.60000      -   105  996s
  2798  2907  348.34952   43 3836          -  343.60000      -   104 1012s
  2971  3084  349.24084   44 3844          -  343.60000      -   103 1029s
  3149  3269  397.19882   44 3438          -  343.60000      -   102 1044s
  3334  3397  413.19905   45 3703          -  343.60000      -   102 1058s
  3467  3594  413.19905   46 3688          -  343.60000      -   104 1081s
  3679  3698  413.95796   47 3624          -  343.60000      -   103 1101s
  3784  3699  381.57809  624 4979          -  343.60000      -   106 1433s
  3786  3700  397.85148 1467 3476          -  343.82316      -   106 1555s
  3787  3701  379.29359  620 3648          -  347.59754      -   106 1635s
  3788  3702  383.75898 1067 2962          -  352.10725      -   106 1683s
  3789  3702  386.10000 1159 3922          -  352.10725      -   106 1751s
  3790  3703  377.33258  532 3966          -  352.10725      -   106 1772s
  3791  3704  382.07490  739 3891          -  352.10783      -   106 1819s
  3792  3704  380.18552  646 4455          -  353.00770      -   106 1846s
  3793  3705  386.57817 1216 3981          -  353.00770      -   106 1886s
  3794  3706  368.40000  443 4378          -  353.09350      -   106 1912s
  3795  3706  353.09590  329 4177          -  353.09590      -   106 1949s
  3796  3707  380.94593  663 3645          -  353.09590      -   106 1966s
  3797  3708  381.72241  947 4426          -  353.09590      -   106 2009s
  3798  3708  403.24173 1582 3664          -  353.09590      -   106 2034s
  3799  3709  360.90000  299 4150          -  353.09590      -   106 2076s
  3800  3710  353.24314  198 4844          -  353.24314      -   106 2090s
  3801  3710  388.53798 1335 4830          -  353.27277      -   106 2126s
  3802  3711  353.70189  204 4883          -  353.70189      -   106 2151s
  3803  3712  365.50000  400 4618          -  354.09564      -   106 2190s
  3804  3712  388.30000  406 5933          -  354.34710      -   106 2208s
  3805  3713  388.53119 1146 5180          -  354.36182      -   106 2242s
  3806  3714  383.81243 1093 5131          -  354.37242      -   106 2254s
  3807  3714  354.45343  142 4704          -  354.45343      -   106 2285s
  3808  3715  368.00000  450 4553          -  354.82872      -   106 2302s
  3809  3716  379.90051  481 4779          -  354.96315      -   106 2338s
  3810  3716  395.03370 1440 5095          -  355.06098      -   106 2350s
  3811  3717  355.06098  226 5291          -  355.06098      -   105 2376s
  3812  3718  377.65941  557 4823          -  355.09736      -   105 2387s
  3813  3718  365.50000   40 5654          -  355.31643      -   105 2433s
  3814  3719  373.00000  285 4881          -  355.39180      -   105 2442s
  3815  3720  355.68874  314 5068          -  355.68874      -   105 2479s
  3816  3720  373.40000  507 5064          -  355.80303      -   105 2489s
  3817  3721  385.51997   52 4890          -  356.23812      -   105 2546s
  3818  3722  356.30003  153 5148          -  356.30003      -   105 2564s
  3819  3722  360.50000  366 4817          -  356.37684      -   105 2602s
  3820  3723  367.50000  423 4584          -  356.38753      -   105 2617s
  3821  3724  356.41062  294 4038          -  356.41062      -   105 2751s
H 3821  3537                     572.4000000  356.41288  37.7%   105 2754s
  3822  3537  367.50000  431 4046  572.40000  356.41288  37.7%   105 2761s
  3823  3538  356.50892  160 3950  572.40000  356.50892  37.7%   105 2809s
  3824  3539  356.51438  182 4195  572.40000  356.51438  37.7%   105 2828s
  3825  3539  356.58647  238 4947  572.40000  356.58647  37.7%   105 2861s
  3826  3540  380.38203  627 4741  572.40000  356.60829  37.7%   105 2881s
  3827  3541  360.50000  359 4804  572.40000  356.60831  37.7%   105 2917s
  3828  3541  356.63264   86 4342  572.40000  356.63264  37.7%   105 2932s
  3829  3542  394.82155 1403 4386  572.40000  356.63264  37.7%   105 2964s
H 3829  3364                     560.4000000  356.65227  36.4%   105 2966s
  3830  3365  356.65227  164 4224  560.40000  356.65227  36.4%   105 2976s
  3831  3365  368.40000  356 4155  560.40000  356.65556  36.4%   105 3009s
  3832  3366  378.99117  475 3599  560.40000  356.65556  36.4%   105 3023s
  3833  3367  356.65556  134 3074  560.40000  356.65556  36.4%   105 3053s
  3834  3367  381.13033  784 3611  560.40000  356.65556  36.4%   105 3067s
  3835  3368  378.85781  583 3686  560.40000  356.65556  36.4%   105 3104s
  3836  3369  374.50000  471 4236  560.40000  356.65786  36.4%   105 3120s
  3837  3369  358.34850   36 4263  560.40000  356.72284  36.3%   105 3146s
  3838  3370  380.51244   85 4224  560.40000  356.72284  36.3%   105 3157s
  3839  3371  381.69517  884 4502  560.40000  356.87778  36.3%   105 3187s
  3840  3371  356.93333   35 4273  560.40000  356.93333  36.3%   105 3199s
  3841  3372  381.49199  656 4598  560.40000  356.98194  36.3%   105 3243s
  3842  3373  365.60000  437 4741  560.40000  357.00130  36.3%   105 3258s
  3843  3373  367.50000  425 3199  560.40000  357.09167  36.3%   105 3299s
  3844  3374  381.78018  968 2718  560.40000  357.11000  36.3%   105 3312s
  3845  3375  376.13418  514 2392  560.40000  357.20000  36.3%   105 3348s
  3846  3375  365.50000  306 2709  560.40000  357.22308  36.3%   105 3361s
  3847  3376  364.10000  390 3535  560.40000  357.41094  36.2%   104 3414s
  3848  3377  365.50000  499 3801  560.40000  357.41094  36.2%   104 3427s
  3849  3377  381.67176  945 2967  560.40000  357.41500  36.2%   104 3455s
  3850  3378  378.85781  588 2764  560.40000  357.41500  36.2%   104 3474s
  3851  3379  368.40000  436 2838  560.40000  357.41707  36.2%   104 3511s
  3852  3379  357.41707   92 3822  560.40000  357.41707  36.2%   104 3524s
  3853  3380  368.00000  267 3417  560.40000  357.41707  36.2%   104 3565s
  3854  3381  393.63229 1422 3041  560.40000  357.41707  36.2%   104 3577s
  3855  3381  365.50000  408 3548  560.40000  357.41707  36.2%   104 3605s
  3856  3382  357.41707  104 4418  560.40000  357.41707  36.2%   104 3615s
H 3856  3212                     503.9000000  357.41707  29.1%   104 3644s
H 3856  3050                     492.8000000  357.41707  27.5%   104 3644s
H 3856  2896                     489.2000000  357.41707  26.9%   104 3644s
  3860  2900  357.41707  246 4979  489.20000  357.41707  26.9%   374 3699s
H 3861  2755                     487.8000000  357.41707  26.7%   373 4025s
H 3862  2618                     479.2000000  357.41707  25.4%   373 4060s
  3863  2619  385.42055 1137 7645  479.20000  357.43886  25.4%   373 4088s
H 3863  2488                     478.0000000  357.43886  25.2%   373 4112s
  3864  2489  378.95354  515 7682  478.00000  357.43886  25.2%   373 4128s
  3865  2489  367.50000  321 3407  478.00000  357.43886  25.2%   373 4211s
  3866  2490  396.33004 1482 6855  478.00000  357.43886  25.2%   373 4276s
  3867  2491  360.90000  294 5921  478.00000  357.43886  25.2%   373 4322s
  3868  2491  398.84688 1534 6453  478.00000  357.43886  25.2%   373 4372s
  3869  2492  382.30370 1031 4586  478.00000  357.43886  25.2%   373 4438s
  3870  2493  381.96275  732 7621  478.00000  357.43886  25.2%   373 4488s
  3871  2493  357.43886  425 3767  478.00000  357.43886  25.2%   373 4540s
  3872  2494  357.43886   20 4250  478.00000  357.43886  25.2%   372 4566s
  3873  2495  359.10000  272 3684  478.00000  357.43886  25.2%   372 4623s
  3874  2495  381.73576  732 4796  478.00000  357.43886  25.2%   372 4650s
  3875  2496  367.50000  423 3124  478.00000  357.43886  25.2%   372 4701s
  3876  2497  374.50000  463 4596  478.00000  357.43886  25.2%   372 4716s
  3877  2497  382.09613  727 1535  478.00000  357.43886  25.2%   372 4797s
  3878  2498  385.70803 1127 3377  478.00000  357.43886  25.2%   372 4821s
  3879  2499  376.13418  515 2730  478.00000  357.43886  25.2%   372 4868s
  3880  2499  380.26201  703 4890  478.00000  357.43886  25.2%   372 4900s
  3881  2500  380.17036   81 2553  478.00000  357.44211  25.2%   372 4954s
  3882  2501  374.50000  280 3402  478.00000  358.19130  25.1%   371 4974s
  3883  2501  365.50000  321 2957  478.00000  358.29765  25.0%   371 5012s
  3884  2502  381.57809  624 3998  478.00000  358.41700  25.0%   371 5027s
  3885  2503  381.69613  678 2511  478.00000  358.74714  24.9%   371 5072s
  3886  2503  397.85148 1467 4484  478.00000  358.78757  24.9%   371 5100s
  3887  2504  379.29359  620 2729  478.00000  358.88333  24.9%   371 5151s
  3888  2505  383.75898 1067 4081  478.00000  358.88333  24.9%   371 5171s
  3889  2505  386.10000 1159 1567  478.00000  358.88333  24.9%   371 5204s
  3890  2506  377.33258  532 3708  478.00000  359.04667  24.9%   371 5220s
  3891  2507  382.07490  739 1312  478.00000  359.12500  24.9%   371 5264s
H 3891  2381                     464.7000000  359.13464  22.7%   371 5275s
  3892  2381  380.18552  646 4110  464.70000  359.13464  22.7%   371 5284s
H 3892  2261                     464.4000000  359.17882  22.7%   371 5342s
  3893  2262  386.57817 1216 4024  464.40000  359.17882  22.7%   370 5412s
H 3893  2148                     453.5000000  359.17882  20.8%   370 5416s
H 3893  2040                     448.6000000  359.17882  19.9%   370 5416s
H 3893  1938                     443.1000000  359.17882  18.9%   370 5416s
  3894  1939  368.40000  443 4717  443.10000  359.17882  18.9%   370 5426s
  3895  1939  359.18217  329 4469  443.10000  359.18217  18.9%   370 5479s
  3896  1940  380.94593  663 5841  443.10000  359.18448  18.9%   370 5492s
  3897  1941  381.72241  947 2491  443.10000  359.20395  18.9%   370 5529s
  3898  1941  403.24173 1582 2853  443.10000  359.20395  18.9%   370 5544s
  3899  1942  360.90000  299 3387  443.10000  359.20395  18.9%   370 5604s
  3900  1943  359.20395  198 2658  443.10000  359.20395  18.9%   370 5612s
  3901  1943  388.53798 1335 2902  443.10000  359.20441  18.9%   370 5645s
  3902  1944  359.20441  204 3652  443.10000  359.20441  18.9%   370 5661s
  3903  1945  365.50000  400 3636  443.10000  359.27033  18.9%   369 5711s
  3904  1945  388.30000  406 4739  443.10000  359.27033  18.9%   369 5732s
  3905  1946  388.53119 1146 4547  443.10000  359.27661  18.9%   369 5768s
  3906  1947  383.81243 1093 5768  443.10000  359.28050  18.9%   369 5783s
  3907  1947  359.28992  142 4761  443.10000  359.28992  18.9%   369 5812s
  3908  1948  368.00000  450 5234  443.10000  359.28992  18.9%   369 5825s
  3909  1949  379.90051  481 5538  443.10000  359.31462  18.9%   369 5863s
  3910  1949  395.03370 1440 4928  443.10000  359.32609  18.9%   369 5874s
  3911  1950  359.32637  226 4271  443.10000  359.32637  18.9%   369 5901s
  3912  1951  377.65941  557 5890  443.10000  359.32731  18.9%   369 5910s
  3913  1951  365.50000   40 5021  443.10000  359.33155  18.9%   369 5935s
  3914  1952  373.00000  285 5696  443.10000  359.33155  18.9%   368 5947s
  3915  1953  359.33155  314 4309  443.10000  359.33155  18.9%   368 5979s
  3916  1953  373.40000  507 4839  443.10000  359.33155  18.9%   368 5994s
  3917  1954  385.51997   52 4058  443.10000  359.33155  18.9%   368 6028s
  3918  1955  359.33155  153 3984  443.10000  359.33155  18.9%   368 6039s
  3919  1955  360.50000  366 4338  443.10000  359.44512  18.9%   368 6072s
  3920  1956  367.50000  423 4110  443.10000  359.44512  18.9%   368 6082s
  3921  1957  359.45116  294 3512  443.10000  359.45116  18.9%   368 6122s
  3922  1957  367.50000  431 3656  443.10000  359.45116  18.9%   368 6139s
  3923  1958  359.45116  160 3310  443.10000  359.45116  18.9%   368 6175s
  3924  1959  359.45116  182 3561  443.10000  359.45116  18.9%   367 6185s
  3925  1959  359.46492  238 4008  443.10000  359.46492  18.9%   367 6219s
  3926  1960  380.38203  627 4169  443.10000  359.46768  18.9%   367 6231s
  3927  1961  360.50000  359 4071  443.10000  359.47953  18.9%   367 6271s
  3928  1961  359.48706   86 4395  443.10000  359.48706  18.9%   367 6281s
  3929  1962  394.82155 1403 3457  443.10000  359.49822  18.9%   367 6313s
  3930  1963  359.50306  164 4000  443.10000  359.50306  18.9%   367 6322s
  3931  1963  368.40000  356 2930  443.10000  359.50473  18.9%   367 6359s
  3932  1964  378.99117  475 4898  443.10000  359.50870  18.9%   367 6372s
  3933  1965  359.51419  134 4499  443.10000  359.51419  18.9%   367 6394s
  3934  1965  381.13033  784 4367  443.10000  359.51431  18.9%   367 6405s
  3935  1966  378.85781  583 4933  443.10000  359.56471  18.9%   366 6442s
  3936  1967  374.50000  471 4822  443.10000  359.56471  18.9%   366 6452s
  3937  1967  359.57374   36 3814  443.10000  359.57374  18.9%   366 6478s
  3938  1968  380.51244   85 4472  443.10000  359.58444  18.8%   366 6490s
  3939  1969  381.69517  884 4890  443.10000  359.58709  18.8%   366 6520s
  3940  1969  359.59022   35 4131  443.10000  359.59022  18.8%   366 6528s
  3941  1970  381.49199  656 4835  443.10000  359.59537  18.8%   366 6552s
  3942  1971  365.60000  437 5041  443.10000  359.59829  18.8%   366 6561s
  3943  1971  367.50000  425 4442  443.10000  359.60020  18.8%   366 6593s
  3944  1972  381.78018  968 4278  443.10000  359.60472  18.8%   366 6605s
  3945  1973  376.13418  514 4446  443.10000  359.61388  18.8%   366 6644s
  3946  1973  365.50000  306 4859  443.10000  359.64236  18.8%   365 6654s
  3947  1974  364.10000  390 2556  443.10000  359.64716  18.8%   365 6685s
  3948  1975  365.50000  499 2911  443.10000  359.64716  18.8%   365 6695s
  3949  1975  381.67176  945 2608  443.10000  359.64774  18.8%   365 6719s
  3950  1976  378.85781  588 4248  443.10000  359.65237  18.8%   365 6734s
  3951  1977  368.40000  436 4109  443.10000  359.65435  18.8%   365 6773s
  3952  1977  359.65700   92 4612  443.10000  359.65700  18.8%   365 6783s
  3953  1978  368.00000  267 4489  443.10000  359.66183  18.8%   365 6817s
  3954  1979  393.63229 1422 4274  443.10000  359.66183  18.8%   365 6834s
  3955  1979  365.50000  408 3404  443.10000  359.67062  18.8%   365 6866s
  3956  1980  359.67062  104 4414  443.10000  359.67062  18.8%   365 6887s
H 3956  1879                     440.9000000  359.68041  18.4%   365 6949s
H 3956  1784                     437.1000000  359.68041  17.7%   365 6964s
  3957  1785  365.50000  244 3597  437.10000  359.68041  17.7%   364 7040s
  3958  1785  359.68041    6 4516  437.10000  359.68041  17.7%   364 7050s
  3959  1786  380.37641  631 4193  437.10000  359.68610  17.7%   364 7084s
  3960  1787  359.68729  246 5109  437.10000  359.68729  17.7%   364 7098s
  3961  1787  359.68902   99 3522  437.10000  359.68902  17.7%   364 7133s
  3962  1788  393.00416 1387 3329  437.10000  359.68902  17.7%   364 7142s
  3963  1789  385.42055 1137 4373  437.10000  359.68957  17.7%   364 7176s
  3964  1789  378.95354  515 4108  437.10000  359.69138  17.7%   364 7185s

Cutting planes:
  Gomory: 8
  Cover: 157
  Implied bound: 51
  Projected implied bound: 26
  Clique: 21
  MIR: 68
  StrongCG: 8
  Flow cover: 689
  GUB cover: 69
  Zero half: 51
  RLT: 205
  Relax-and-lift: 34

Explored 3964 nodes (3063846 simplex iterations) in 7205.74 seconds (4719.69 work units)
Thread count was 4 (of 8 available processors)

Solution count 10: 437.1 437.1 440.9 ... 479.2

Time limit reached
Best objective 4.371000000000e+02, best bound 3.597000000000e+02, gap 17.7076%
