
Gurobi 13.0.2 (linux64) logging started Sun Jul  5 06:30:13 2026

Set parameter LogFile to value "src/Resultados/Restriccion demanda/logs/R208-25.xml_log.log"
Set parameter Threads to value 4
Gurobi Optimizer version 13.0.2 build v13.0.2rc1 (linux64 - "Rocky Linux 9.7 (Blue Onyx)")

CPU model: QEMU Virtual CPU version 2.5+, instruction set [SSE2]
Thread count: 8 physical cores, 8 logical processors, using up to 4 threads

Non-default parameters:
TimeLimit  7200
Threads  4

Optimize a model with 130494 rows, 79590 columns and 1119840 nonzeros (Min)
Model fingerprint: 0x739e481a
Model has 12015 linear objective coefficients
Variable types: 16755 continuous, 62835 integer (62820 binary)
Coefficient statistics:
  Matrix range     [1e+00, 2e+05]
  Objective range  [7e+00, 6e+01]
  Bounds range     [1e+00, 2e+03]
  RHS range        [1e+00, 2e+05]

Presolve removed 41180 rows and 120 columns (presolve time = 5s)...
Presolve removed 41180 rows and 120 columns
Presolve time: 6.80s
Presolved: 89314 rows, 79470 columns, 407655 nonzeros
Variable types: 375 continuous, 79095 integer (70665 binary)
Deterministic concurrent LP optimizer: primal and dual simplex
Showing primal log only...


Root simplex log...

Iteration    Objective       Primal Inf.    Dual Inf.      Time
       0    6.5860000e+02   1.823216e+03   1.438978e+10     22s
   16266    5.7966792e+02   2.762420e+02   7.632345e+09     25s
   24042    4.9410204e+02   1.156172e+02   2.974013e+10     30s
   31695    4.0587052e+02   0.000000e+00   9.894900e+04     35s
   38431    3.4360000e+02   3.905660e-03   0.000000e+00     40s
   38531    3.4360000e+02   0.000000e+00   0.000000e+00     40s
Concurrent spin time: 8.40s (can be avoided by choosing Method=3)

Solved with primal simplex

Root relaxation: objective 3.436000e+02, 38531 iterations, 34.60 seconds (14.32 work units)

    Nodes    |    Current Node    |     Objective Bounds      |     Work
 Expl Unexpl |  Obj  Depth IntInf | Incumbent    BestBd   Gap | It/Node Time

     0     0  343.60000    0 3289          -  343.60000      -     -  124s
     0     0  343.60000    0 7950          -  343.60000      -     -  232s
     0     0  343.60000    0 13872          -  343.60000      -     -  243s
     0     0  343.60000    0 19948          -  343.60000      -     -  266s
     0     0  343.60000    0 19948          -  343.60000      -     -  267s
     0     0  343.60000    0 1519          -  343.60000      -     -  306s
     0     0  343.60000    0 7495          -  343.60000      -     -  341s
     0     0  343.60000    0 11398          -  343.60000      -     -  366s
     0     0  343.60000    0 3620          -  343.60000      -     -  414s
     0     0  343.60000    0 5685          -  343.60000      -     -  428s
     0     0  343.60000    0 12355          -  343.60000      -     -  439s
     0     0  343.60000    0 12355          -  343.60000      -     -  439s
     0     0  343.60000    0 2984          -  343.60000      -     -  499s
     0     0  343.60000    0 5986          -  343.60000      -     -  525s
     0     0  343.60000    0 14196          -  343.60000      -     -  542s
     0     0  343.60000    0 14196          -  343.60000      -     -  542s
     0     0  343.60000    0 1798          -  343.60000      -     -  584s
     0     0  343.60000    0 4420          -  343.60000      -     -  591s
     0     0  343.60000    0 11639          -  343.60000      -     -  607s
     0     0  343.60000    0 3302          -  343.60000      -     -  639s
     0     0  343.60000    0 3302          -  343.60000      -     -  641s
     0     0  343.60000    0 3005          -  343.60000      -     -  655s
     0     2  343.60000    0 2946          -  343.60000      -     -  738s
     1     4  343.60000    1 5388          -  343.60000      -   620  740s
     3     8  343.60000    2 5386          -  343.60000      -   257  749s
     7    10  343.60000    3 12181          -  343.60000      -  1056  754s
    11    22  343.60000    4 11020          -  343.60000      -   875  763s
    23    53  343.60000    7 9056          -  343.60000      -   820  785s
    54   192  343.60000   12 8530          -  343.60000      -   915  825s
   203   562  343.60685   71 6378          -  343.60000      -   519  912s
   735  1144  343.62004  256 6448          -  343.60000      -   206  947s
  1332  1641  343.62616  383 6547          -  343.60000      -   130  964s
  1829  1679  343.63001  477 6668          -  343.60000      -   100  976s
  1867  1756  343.63001  478 7195          -  343.60000      -  97.8  989s
  1944  1812  343.63001  479 6665          -  343.60000      -  95.1 1000s
  2000  1862  343.63001  480 6664          -  343.60000      -  93.4 1012s
  2050  1950  343.63001  481 6665          -  343.60000      -  92.2 1025s
  2138  2023  343.63001  482 6662          -  343.60000      -  89.4 1039s
  2212  2092  343.63001  483 6668          -  343.60000      -  87.8 1051s
  2281  2199  343.63001  484 6664          -  343.60000      -  86.8 1063s
  2388  2293  343.63001  485 6670          -  343.60000      -  84.3 1084s
  2484  2306  343.63001  486 6669          -  343.60000      -  83.1 1098s
  2498  2362  343.63001  487 6667          -  343.60000      -  86.4 1119s
  2554  2647  343.63233  524 5859          -  343.60000      -  88.1 1141s
  2845  2958  343.63842  638 6665          -  343.60000      -  83.1 1161s
  3156  3249  343.64272  728 5854          -  343.60000      -  82.0 1183s
  3447  3491  343.64701  820 6186          -  343.60000      -  80.4 1206s
  3689  3761  343.65266  933 6175          -  343.60000      -  80.0 1223s
  3959  3921  343.66027 1051 6174          -  343.60000      -  79.7 1242s
  4134  4208  343.66389 1126 6848          -  343.60000      -  79.7 1261s
  4422  4209  355.60000  478 3005          -  343.60000      -  76.5 1710s
  4424  4210  345.00000   69 4332          -  343.69520      -  76.4 1925s
  4425  4211  370.80000  547 5323          -  343.69520      -  76.4 1982s
  4426  4212  380.70000 1159 5259          -  348.40560      -  76.4 2034s
  4427  4212  359.80000  389 5657          -  351.94302      -  76.4 2106s
  4428  4213  374.70000 1066 5612          -  352.81599      -  76.4 2221s
  4429  4214  364.10000  492 4409          -  352.85714      -  76.4 2396s
  4430  4214  364.30000  707 4134          -  352.85714      -  76.3 2430s
  4431  4215  352.85714  106 5162          -  352.85714      -  76.3 2478s
  4432  4216  356.80000  283 4595          -  352.89042      -  76.3 2502s
  4433  4216  367.40000  677 3504          -  353.09915      -  76.3 2537s
  4434  4217  369.90000  472 3784          -  353.58312      -  76.3 2578s
  4435  4218  360.20000 1058 3222          -  353.58312      -  76.3 2609s
  4436  4218  360.80000  526 5514          -  353.59258      -  76.2 2640s
  4437  4219  353.66144  824 3866          -  353.66144      -  76.2 2684s
  4438  4220  366.00000 1076 5785          -  353.80001      -  76.2 2721s
  4439  4220  360.70000  490 3263          -  353.80286      -  76.2 2763s
  4440  4221  373.60000  955 5136          -  353.92702      -  76.2 2804s
  4441  4222  369.40000  576 4398          -  354.06986      -  76.1 2841s
  4442  4222  354.15665  145 3677          -  354.15665      -  76.1 2875s
  4443  4223  365.00000  585 1713          -  354.19397      -  76.1 2918s
  4444  4224  371.70000  765 6568          -  354.51917      -  76.1 2961s
  4445  4224  354.77058  108 3535          -  354.77058      -  76.1 3011s
  4446  4225  389.10000  625 4813          -  354.78547      -  76.1 3028s
  4447  4226  365.00000  586 4216          -  355.08719      -  76.0 3078s
  4448  4226  357.50000  357 6008          -  355.38718      -  76.0 3108s
  4449  4227  386.80000 1226 3305          -  355.39708      -  76.0 3141s
  4450  4228  377.80000  807 6764          -  355.45109      -  76.0 3161s
  4451  4228  373.00000  739 4662          -  355.63272      -  76.0 3308s
  4452  4229  355.65740   91 5776          -  355.65740      -  76.0 3325s
  4453  4230  359.10000  426 4316          -  355.66129      -  75.9 3352s
  4454  4230  375.40000  600 5539          -  355.66129      -  75.9 3367s
  4455  4231  355.88258   23 4402          -  355.88258      -  75.9 3421s
  4456  4232  355.88901   50 6616          -  355.88901      -  75.9 3442s
  4457  4232  355.93261   88 3121          -  355.93261      -  75.9 3481s
  4458  4233  358.20000  301 7321          -  355.94257      -  75.9 3501s
  4459  4234  363.40000  544 4143          -  355.94342      -  75.8 3541s
  4460  4234  364.10000  480 6321          -  355.95090      -  75.8 3558s
  4461  4235  355.99385  222 6230          -  355.99385      -  75.8 3615s
  4462  4236  359.90000  398 7299          -  355.99385      -  75.8 3645s
  4463  4236  362.60000 1169 5796          -  356.01851      -  75.8 3679s
  4464  4237  360.20000  435 5055          -  356.01851      -  75.8 3694s
  4465  4238  356.03534  165 2934          -  356.03534      -  75.7 3736s
  4466  4238  369.00000  786 4205          -  356.03536      -  75.7 3755s
  4467  4239  358.70000  363 3876          -  356.07927      -  75.7 3789s
  4468  4240  356.08222   87 5680          -  356.08222      -  75.7 3810s
  4469  4240  377.80000  658 4495          -  356.08322      -  75.7 3851s
  4470  4241  359.80000 1081 5350          -  356.08531      -  75.7 3868s
  4471  4242  378.10000  991 5799          -  356.11043      -  75.6 3892s
  4472  4242  363.60000  345 6331          -  356.11122      -  75.6 3908s
  4473  4243  356.11344  119 5890          -  356.11344      -  75.6 3941s
  4474  4244  397.30000  982 6199          -  356.11765      -  75.6 3964s
  4475  4244  370.80000  717 6289          -  356.11868      -  75.6 3989s
  4476  4245  359.50000  339 6397          -  356.12043      -  75.6 4003s
  4477  4246  356.12172  153 6143          -  356.12172      -  75.5 4024s
  4478  4246  362.80000  570 6353          -  356.12237      -  75.5 4036s
  4479  4247  356.12642   24 7329          -  356.12642      -  75.5 4074s
  4480  4248  359.90000  482 6320          -  356.12892      -  75.5 4090s
  4481  4248  366.20000 1016 6462          -  356.12924      -  75.5 4118s
  4482  4249  356.13552   24 6319          -  356.13552      -  75.5 4129s
  4483  4250  369.40000  928 6655          -  356.13709      -  75.4 4152s
  4484  4250  367.70000  583 6168          -  356.14236      -  75.4 4167s
  4485  4251  379.05374 1158 6777          -  356.14271      -  75.4 4197s
  4486  4252  379.60000 1047 6748          -  356.14526      -  75.4 4210s
  4487  4252  376.30000  430 5883          -  356.14529      -  75.4 4235s
  4488  4253  356.14529    6 5953          -  356.14529      -  75.4 4244s
  4489  4254  374.80000  916 6319          -  356.14853      -  75.3 4281s
  4490  4254  389.10000  625 6068          -  356.16682      -  75.3 4291s
  4491  4255  396.90000  886 6085          -  356.16928      -  75.3 4310s
  4492  4256  382.30000  862 6012          -  356.16928      -  75.3 4321s
  4493  4256  356.16928  263 6588          -  356.16928      -  75.3 4349s
  4494  4257  393.60000  843 7427          -  356.16958      -  75.3 4365s
  4495  4258  356.17063  324 6564          -  356.17063      -  75.2 4391s
  4496  4258  356.17063  635 6525          -  356.17063      -  75.2 4402s
  4497  4259  387.00000 1068 6168          -  356.17116      -  75.2 4426s
  4498  4260  371.40000 1034 6491          -  356.17120      -  75.2 4439s
  4499  4260  356.17224  135 7156          -  356.17224      -  75.2 4453s
  4500  4261  364.70000  470 6948          -  356.17263      -  75.2 4466s
  4501  4262  356.20000  552 6967          -  356.17376      -  75.1 4500s
  4502  4262  367.60000  383 7559          -  356.17475      -  75.1 4515s
  4503  4263  356.17577  141 7829          -  356.17577      -  75.1 4547s
  4504  4264  361.20000  911 7664          -  356.17584      -  75.1 4558s
  4505  4264  379.00000  919 7210          -  356.17585      -  75.1 4592s
  4506  4265  356.17585   42 7520          -  356.17585      -  75.1 4602s
  4507  4266  369.00000  681 7349          -  356.17797      -  75.0 4633s
  4508  4266  361.00000  265 7478          -  356.17862      -  75.0 4645s
  4509  4267  384.80000 1185 7142          -  356.17959      -  75.0 4675s
  4510  4268  356.17966  144 7314          -  356.17966      -  75.0 4686s
  4511  4268  369.00000  582 6913          -  356.17985      -  75.0 4871s
  4512  4269  372.80000  937 7002          -  356.17985      -  75.0 4880s
  4513  4270  357.30000  605 7136          -  356.17988      -  74.9 4908s
  4516  4273  363.40000  461 3005          -  356.17988      -   307 4974s
  4517  4274  372.70000 1035 3005          -  356.17988      -   307 4976s
  4518  4274  377.20000  577 3606          -  356.17988      -   307 5182s
  4519  4275  358.40000  920 4573          -  356.18001      -   307 5321s
  4520  4276  370.40000 1018 4762          -  356.18024      -   307 5405s
  4521  4276  359.60000  978 3679          -  356.18024      -   307 5462s
  4522  4277  356.18024  478 4416          -  356.18024      -   307 5502s
  4523  4278  368.70000  734 4369          -  356.18024      -   306 5571s
  4524  4278  356.18024   69 3784          -  356.18024      -   306 5612s
  4525  4279  370.80000  547 3714          -  356.18024      -   306 5687s
  4526  4280  380.70000 1159 7214          -  356.18024      -   306 5726s
  4527  4280  359.80000  389 6740          -  356.18024      -   306 5780s
  4528  4281  374.70000 1066 6533          -  356.18024      -   306 5829s
  4529  4282  364.10000  492 6691          -  356.18024      -   306 5887s
  4530  4282  364.30000  707 6231          -  356.18024      -   306 5930s
  4531  4283  356.18024  106 4517          -  356.18024      -   306 6024s
  4532  4284  356.80000  283 7005          -  356.18024      -   306 6056s
  4533  4284  367.40000  677 3394          -  356.18024      -   306 6126s
  4534  4285  369.90000  472 4775          -  356.18024      -   306 6145s
  4535  4286  360.20000 1058 5072          -  356.18024      -   306 6201s
  4536  4286  360.80000  526 6140          -  356.18024      -   306 6219s
  4537  4287  356.19534  824 5208          -  356.19534      -   306 6283s
  4538  4288  366.00000 1076 5602          -  356.20000      -   305 6338s
  4539  4288  360.70000  490 5544          -  356.20000      -   305 6401s
  4540  4289  373.60000  955 5232          -  356.20000      -   305 6431s
  4541  4290  369.40000  576 4511          -  356.20000      -   305 6530s
  4542  4290  356.20000  145 3720          -  356.20000      -   305 6549s
  4543  4291  365.00000  585 2441          -  356.20000      -   305 6643s
  4544  4292  371.70000  765 3176          -  356.20000      -   305 6661s
  4545  4292  356.20000  108 1988          -  356.20000      -   305 6703s
  4546  4293  389.10000  625 3445          -  356.20000      -   305 6735s
  4547  4294  365.00000  586  679          -  356.20000      -   305 6771s
  4548  4294  357.50000  357 1070          -  356.20000      -   305 6791s
  4549  4295  386.80000 1226  549          -  356.20000      -   305 7025s
  4550  4296  377.80000  807 2311          -  356.20000      -   305 7043s
  4551  4296  373.00000  739 1107          -  356.20000      -   305 7069s
  4552  4297  356.20000   91 1783          -  356.20000      -   305 7084s
  4553  4298  359.10000  426  713          -  356.20000      -   304 7110s
  4554  4298  375.40000  600 1393          -  356.20000      -   304 7122s
  4555  4299  356.20000   23  724          -  356.20000      -   304 7160s
  4556  4300  356.20000   50 1338          -  356.20000      -   304 7174s

Cutting planes:
  Gomory: 6
  Cover: 131
  Implied bound: 44
  Projected implied bound: 16
  Clique: 24
  MIR: 91
  StrongCG: 16
  Flow cover: 220
  GUB cover: 35
  Zero half: 63
  RLT: 91
  Relax-and-lift: 21

Explored 4556 nodes (2337660 simplex iterations) in 7200.78 seconds (4844.11 work units)
Thread count was 4 (of 8 available processors)

Solution count 0

Time limit reached
Best objective -, best bound 3.562000000019e+02, gap -
