
Gurobi 13.0.2 (linux64) logging started Sun Jul  5 10:33:35 2026

Set parameter LogFile to value "src/Resultados/Restriccion demanda/logs/R209-25.xml_log.log"
Set parameter Threads to value 4
Gurobi Optimizer version 13.0.2 build v13.0.2rc1 (linux64 - "Rocky Linux 9.7 (Blue Onyx)")

CPU model: QEMU Virtual CPU version 2.5+, instruction set [SSE2]
Thread count: 8 physical cores, 8 logical processors, using up to 4 threads

Non-default parameters:
TimeLimit  7200
Threads  4

Optimize a model with 128784 rows, 77880 columns and 1017240 nonzeros (Min)
Model fingerprint: 0x476e14a6
Model has 10305 linear objective coefficients
Variable types: 16755 continuous, 61125 integer (61110 binary)
Coefficient statistics:
  Matrix range     [1e+00, 2e+05]
  Objective range  [7e+00, 6e+01]
  Bounds range     [1e+00, 2e+03]
  RHS range        [1e+00, 2e+05]

Presolve removed 41315 rows and 120 columns (presolve time = 5s)...
Presolve removed 41315 rows and 120 columns
Presolve time: 5.86s
Presolved: 87469 rows, 77760 columns, 391980 nonzeros
Variable types: 375 continuous, 77385 integer (68955 binary)
Deterministic concurrent LP optimizer: primal and dual simplex
Showing primal log only...


Root simplex log...

Iteration    Objective       Primal Inf.    Dual Inf.      Time
       0    7.7410000e+02   1.984144e+03   2.288878e+10     20s
    9124    4.3820363e+02   1.440908e+03   1.156096e+10     20s
   20727    4.8671393e+02   1.761178e+02   1.937377e+09     25s
   27923    4.3408668e+02   8.590637e+01   2.950862e+09     30s
   34478    4.4658265e+02   4.263478e+01   5.447033e+09     35s
   39854    4.5420021e+02   3.556999e+01   3.140005e+09     40s
   45743    4.4669428e+02   8.362749e+00   4.793433e+09     45s
   48935    4.4631167e+02   8.875585e-01   3.048940e+09     50s
   52910    3.7397078e+02   0.000000e+00   1.795872e+05     55s
   55766    3.5625636e+02   0.000000e+00   5.146924e+05     60s
   58070    3.5570001e+02   2.079532e+02   0.000000e+00     65s
   59414    3.5570001e+02   2.140274e+00   0.000000e+00     70s
   61460    3.5570001e+02   9.884597e-04   0.000000e+00     75s
   61477    3.5570000e+02   0.000000e+00   0.000000e+00     76s
Concurrent spin time: 25.53s (can be avoided by choosing Method=3)

Solved with primal simplex

Root relaxation: objective 3.557000e+02, 61477 iterations, 86.39 seconds (39.70 work units)

    Nodes    |    Current Node    |     Objective Bounds      |     Work
 Expl Unexpl |  Obj  Depth IntInf | Incumbent    BestBd   Gap | It/Node Time

     0     0  355.70000    0 7155          -  355.70000      -     -  136s
     0     0  355.70000    0 6112          -  355.70000      -     -  138s
     0     0  355.70000    0 4962          -  355.70000      -     -  181s
     0     0  355.70000    0 5498          -  355.70000      -     -  184s
     0     0  355.70000    0 7799          -  355.70000      -     -  253s
     0     0  355.70000    0 6508          -  355.70000      -     -  301s
     0     0  355.70000    0 6701          -  355.70000      -     -  308s
     0     0  355.70000    0 6509          -  355.70000      -     -  308s
     0     0  355.70000    0 8278          -  355.70000      -     -  322s
     0     0  355.70000    0 8226          -  355.70000      -     -  323s
     0     0  355.70000    0 4337          -  355.70000      -     -  370s
     0     0  355.70000    0 5362          -  355.70000      -     -  375s
     0     0  355.70000    0 15987          -  355.70000      -     -  403s
     0     0  355.70000    0 15987          -  355.70000      -     -  403s
     0     0  355.70000    0 5612          -  355.70000      -     -  437s
     0     0  355.70000    0 8090          -  355.70000      -     -  449s
     0     0  355.70000    0 6692          -  355.70000      -     -  465s
     0     0  355.81220    0 11704          -  355.81220      -     -  496s
     0     0  355.81220    0 11631          -  355.81220      -     -  500s
     0     0  355.81220    0 6085          -  355.81220      -     -  550s
     0     0  355.81220    0 9609          -  355.81220      -     -  553s
     0     0  355.81571    0 8315          -  355.81571      -     -  577s
     0     0  355.83321    0 8058          -  355.83321      -     -  579s
     0     0  355.83321    0 8057          -  355.83321      -     -  579s
     0     0  356.81790    0 10039          -  356.81790      -     -  593s
     0     0  356.81790    0 10047          -  356.81790      -     -  593s
     0     0  356.83183    0 11469          -  356.83183      -     -  631s
     0     0  356.83406    0 11522          -  356.83406      -     -  632s
     0     0  356.83433    0 11402          -  356.83433      -     -  632s
     0     0  356.83433    0 11458          -  356.83433      -     -  633s
     0     0  356.84777    0 8515          -  356.84777      -     -  647s
     0     0  356.84911    0 9975          -  356.84911      -     -  653s
     0     0  356.84914    0 9926          -  356.84914      -     -  654s
     0     0  356.85288    0 9354          -  356.85288      -     -  666s
     0     0  356.85619    0 9793          -  356.85619      -     -  681s
     0     0  356.85706    0 11271          -  356.85706      -     -  701s
     0     0  356.85707    0 11561          -  356.85707      -     -  702s
     0     0  356.85836    0 10908          -  356.85836      -     -  720s
     0     0  356.85836    0 10904          -  356.85836      -     -  722s
     0     0  356.85836    0 9251          -  356.85836      -     -  730s
     0     0  356.85836    0 9545          -  356.85836      -     -  732s
     0     0  356.91581    0 10466          -  356.91581      -     -  739s
     0     0  356.91581    0 6186          -  356.91581      -     -  775s
     0     0  356.92175    0 5919          -  356.92175      -     -  778s
     0     0  356.92175    0 6201          -  356.92175      -     -  778s
     0     0  356.92175    0 6204          -  356.92175      -     -  778s
     0     0  357.95958    0 9093          -  357.95958      -     -  804s
     0     0  357.95958    0 9171          -  357.95958      -     -  807s
     0     0  358.52937    0 9806          -  358.52937      -     -  829s
     0     0  358.54606    0 9138          -  358.54606      -     -  844s
     0     0  358.54968    0 9600          -  358.54968      -     -  850s
     0     0  358.54978    0 9412          -  358.54978      -     -  852s
     0     0  358.57487    0 9366          -  358.57487      -     -  866s
     0     0  359.34667    0 11166          -  359.34667      -     -  880s
     0     0  359.34667    0 10149          -  359.34667      -     -  897s
     0     0  359.34709    0 12381          -  359.34709      -     -  937s
     0     0  359.34785    0 8790          -  359.34785      -     -  962s
     0     0  359.34785    0 8589          -  359.34785      -     -  963s
     0     0  359.34790    0 8878          -  359.34790      -     -  978s
     0     0  359.34873    0 10224          -  359.34873      -     - 1001s
     0     0  359.34873    0 12313          -  359.34873      -     - 1016s
     0     0  359.35055    0 12643          -  359.35055      -     - 1081s
     0     0  359.35055    0 12582          -  359.35055      -     - 1081s
     0     0  359.35055    0 11047          -  359.35055      -     - 1084s
     0     0  359.35189    0 11454          -  359.35189      -     - 1106s
     0     0  359.35189    0 11454          -  359.35189      -     - 1108s
     0     0  359.35189    0 3084          -  359.35189      -     - 1141s
     0     2  359.35189    0 3018          -  359.35189      -     - 1304s
     1     4  359.35189    1 4020          -  359.35189      -  2934 1329s
     3     8  359.35189    2 4994          -  359.35189      -  3572 1355s
     7    12  359.35197    3 8887          -  359.35189      -  3787 1370s
    11    20  359.35362    4 6729          -  359.35189      -  3222 1391s
    19    30  359.36574    5 7345          -  359.35189      -  3217 1414s
    29    33  359.37192    7 9444          -  359.35189      -  2864 1439s
    32    38  359.37192    9 10293          -  359.35189      -  2764 1463s
    37    53  366.51993   11 11046          -  359.35189      -  2961 1501s
    56    80  360.33839   12 11558          -  359.35189      -  2650 1536s
    88    99  360.34338   16 12584          -  359.35189      -  2014 1566s
   115   112  363.41042   20 10639          -  359.35189      -  1789 1585s
   128   122  360.34338   22 9800          -  359.35189      -  1748 1601s
   138   137  360.34403   25 13590          -  359.35189      -  1723 1615s
   153   160  360.35291   27 11941          -  359.35189      -  1665 1628s
   176   185  360.62180   37 9430          -  359.35189      -  1537 1653s
   201   195  360.84748   39 10967          -  359.35189      -  1400 1667s
   211   209  366.17536   40 11753          -  359.35189      -  1406 1687s
   228   229  361.32319   41 8462          -  359.35189      -  1398 1703s
   248   248  361.52940   45 10530          -  359.35189      -  1350 1723s
   267   271  361.59908   52 10148          -  359.35189      -  1320 1743s
   290   303  362.90344   61 10955          -  359.35189      -  1281 1767s
   322   307  363.82683   63 8166          -  359.35189      -  1210 2028s
   326   311  365.96912   63 5379          -  359.35189      -  1214 2281s
   330   315  363.98428   64 8209          -  359.35189      -  1211 2449s
   334   319  364.02195   65 9634          -  359.35189      -  1205 2645s
   338   323  364.02195   66 9634          -  359.35189      -  1196 2850s
   342   327  364.19354   67 7360          -  359.35189      -  1193 3012s
   346   350  364.26140   68 7225          -  359.35189      -  1192 3104s
   369   357  364.50000   69 7417          -  359.35189      -  1144 3119s
   376   361  364.55558   70 7798          -  359.35189      -  1137 3135s
   380   365  364.60000   71 7367          -  359.35189      -  1130 3152s
   384   369  364.60553   72 7221          -  359.35189      -  1119 3186s
   388   373  364.61638   73 8054          -  359.35189      -  1110 3207s
   392   390  364.61638   74 8056          -  359.35189      -  1100 3243s
   409   414  364.73208   75 8417          -  359.35189      -  1074 3258s
   433   451  364.74611   76 7803          -  359.35189      -  1020 3288s
   470   501  364.74611   77 8468          -  359.35189      -   947 3307s
   520   555  364.74611   78 8276          -  359.35189      -   866 3335s
   574   602  364.74611   79 8401          -  359.35189      -   800 3354s
   621   671  364.79067   80 8402          -  359.35189      -   769 3371s
   701   759  364.84997   90 8532          -  359.35189      -   713 3399s
   791   833  365.10303  107 10167          -  359.35189      -   678 3418s
   865   916  365.89413  118 9412          -  359.35189      -   652 3438s
   958   995  366.42520  144 8980          -  359.35189      -   622 3462s
  1056  1072  367.10000  179 11629          -  359.35189      -   600 3488s
  1148  1073  413.18462   91 3084          -  359.35189      -   581 3583s
  1149  1074  366.64309   64 3084          -  359.35189      -   580 3585s
  1150  1074  367.85490  229 4200          -  359.35189      -   580 3725s
  1151  1075  366.67336  158 4196          -  359.35189      -   579 3790s
  1152  1076  367.06170   61 6188          -  361.42932      -   579 3871s
  1153  1076  367.71205  217 7041          -  361.74323      -   578 3934s
  1154  1077  367.94405  168 6759          -  362.21105      -   578 3975s
  1155  1078  413.89183  140 4919          -  362.21105      -   577 4038s
  1156  1078  409.73717   65 5648          -  362.47870      -   577 4085s
  1157  1079  366.64244  119 4244          -  362.47870      -   576 4176s
  1158  1080  370.01501   29 4618          -  362.83157      -   576 4206s
  1159  1080  367.10000  177 4762          -  363.23559      -   575 4245s
  1160  1081  365.08249   97 5954          -  363.33925      -   575 4282s
  1161  1082  365.40425  110 5914          -  363.37459      -   574 4332s
  1162  1082  413.66705  129 6261          -  364.45000      -   574 4376s
  1163  1083  367.10000  174 4136          -  364.45242      -   573 4430s
  1164  1084  364.94247   22 6315          -  364.94247      -   573 4453s
  1165  1084  364.94671   86 2823          -  364.94671      -   572 4624s
  1166  1085  366.78944   50 4850          -  365.10445      -   572 4669s
  1167  1086  368.85000   14 3789          -  365.10445      -   571 4708s
  1168  1086  367.62674  115 5864          -  365.12169      -   571 4752s
  1169  1087  365.12636  103 2580          -  365.12636      -   570 4802s
  1170  1088  393.60000  309 4142          -  365.26677      -   570 4839s
  1171  1088  410.06507   80 2558          -  365.26677      -   569 4877s
  1172  1089  383.55189  254 3468          -  365.42987      -   569 4912s
  1173  1090  366.55984  148 2301          -  365.52667      -   568 4947s
  1174  1090  365.52667   48 3674          -  365.52667      -   568 4964s
  1175  1091  375.78315   36 1878          -  365.52667      -   568 5003s
  1176  1092  366.18739   42 4048          -  366.18739      -   567 5027s
  1177  1092  366.23158    6 2537          -  366.23158      -   567 5057s
  1178  1093  366.32189   52 3700          -  366.32189      -   566 5080s
  1179  1094  366.44000   21 1370          -  366.44000      -   566 5142s
  1180  1094  366.48000   16 2992          -  366.48000      -   565 5159s
  1181  1095  366.50915  140 3753          -  366.50915      -   565 5209s
  1182  1096  370.64667  185 4158          -  366.51041      -   564 5231s
  1183  1096  367.60000   86 3252          -  366.51756      -   564 5270s
  1184  1097  366.60236   37 3560          -  366.60236      -   563 5290s
  1185  1098  366.72111  105 4670          -  366.72111      -   563 5319s
  1186  1098  367.18571  202 6445          -  366.91355      -   562 5342s
  1187  1099  367.67760  167 6476          -  366.91355      -   562 5364s
  1188  1100  367.32802  145 7345          -  366.92893      -   561 5380s
  1189  1100  366.92893  100 7094          -  366.92893      -   561 5411s
  1190  1101  366.98030   32 6554          -  366.98030      -   560 5424s
  1191  1102  367.10212  129 6702          -  367.10212      -   560 5493s
  1192  1102  367.60000  228 6687          -  367.13232      -   559 5525s
  1193  1103  367.19612   74 5740          -  367.19612      -   559 5562s
  1194  1104  367.19612  100 5496          -  367.19612      -   558 5578s
  1195  1104  424.36293  315 5158          -  367.20282      -   558 5627s
  1196  1105  367.20282   21 5677          -  367.20282      -   558 5647s
  1197  1106  423.62961  315 5434          -  367.20679      -   557 5686s
  1198  1106  386.14667  271 6030          -  367.20679      -   557 5702s
  1199  1107  372.67842  307 5781          -  367.28071      -   556 5740s
  1200  1108  367.28071  220 5798          -  367.28071      -   556 5756s
  1201  1108  395.42605   26 5561          -  367.28071      -   555 5794s
  1202  1109  367.29774   33 5014          -  367.29774      -   555 5809s
  1203  1110  367.29774   75 4708          -  367.29774      -   554 5841s
  1204  1110  367.29774  182 5026          -  367.29774      -   554 5852s
  1205  1111  367.29783   25 5195          -  367.29783      -   553 5881s
  1206  1112  409.25008   52 5599          -  367.29845      -   553 5904s
  1207  1112  367.29845    7 5505          -  367.29845      -   552 5937s
H 1207  1055                     566.1000000  367.29845  35.1%   552 5938s
H 1207  1001                     552.1000000  367.29845  33.5%   552 5938s
  1208  1002  414.38679  150 5910  552.10000  367.29845  33.5%   552 5953s
H 1208   951                     503.5000000  367.32317  27.0%   552 6013s
H 1208   902                     494.8000000  367.32317  25.8%   552 6026s
H 1208   856                     489.8000000  367.32317  25.0%   552 6030s
  1209   857  413.85962   92 5768  489.80000  367.32317  25.0%   552 6077s
  1210   857  370.36586  197 6747  489.80000  367.32317  25.0%   551 6095s
  1211   858  371.06985  179 5824  489.80000  367.32463  25.0%   551 6132s
  1212   859  367.37035  138 6280  489.80000  367.32758  25.0%   550 6148s
  1213   859  367.32758   10 6052  489.80000  367.32758  25.0%   550 6186s
  1214   860  377.14667  282 6335  489.80000  367.32758  25.0%   549 6201s
  1215   861  367.55123  205 5989  489.80000  367.32758  25.0%   549 6236s
  1216   861  367.32758  172 5652  489.80000  367.32758  25.0%   548 6251s
  1217   862  368.28824  207 5731  489.80000  367.32758  25.0%   548 6286s
  1218   863  367.35341   75 5345  489.80000  367.35341  25.0%   547 6303s
  1219   863  367.36464    9 5191  489.80000  367.36464  25.0%   547 6338s
  1220   864  369.65595   10 5038  489.80000  367.39032  25.0%   547 6354s
  1221   865  370.61121  265 5028  489.80000  367.39322  25.0%   546 6386s
  1222   865  367.39559   47 5053  489.80000  367.39559  25.0%   546 6403s
  1223   866  367.42689  135 5237  489.80000  367.42689  25.0%   545 6440s
  1224   867  367.66335   67 4344  489.80000  367.43885  25.0%   545 6451s
  1225   867  371.06985  179 4257  489.80000  367.45925  25.0%   544 6479s
  1226   868  416.06853  179 4953  489.80000  367.46158  25.0%   544 6490s
  1227   869  367.46257   71 4629  489.80000  367.46257  25.0%   543 6540s
  1228   869  414.48041  156 4266  489.80000  367.46640  25.0%   543 6555s
  1229   870  369.43281   22 4477  489.80000  367.46729  25.0%   543 6597s
  1230   871  367.46729  174 4008  489.80000  367.46729  25.0%   542 6619s
  1231   871  367.85092  190 4127  489.80000  367.47164  25.0%   542 6655s
  1232   872  367.55367  191 4081  489.80000  367.47503  25.0%   541 6666s
  1233   873  367.50444  179 3886  489.80000  367.50444  25.0%   541 6698s
  1234   873  367.51061  122 4242  489.80000  367.51061  25.0%   540 6710s
  1235   874  413.67235  138 4043  489.80000  367.52719  25.0%   540 6751s
  1236   875  367.54667  147 4310  489.80000  367.52781  25.0%   540 6766s
  1237   875  367.59864   51 4665  489.80000  367.59864  24.9%   539 6801s
  1238   876  367.60226   33 5289  489.80000  367.60226  24.9%   539 6814s
  1239   877  367.60675  223 5626  489.80000  367.60675  24.9%   538 6844s
  1240   877  380.67732   46 5220  489.80000  367.62031  24.9%   538 6856s
  1241   878  410.49638   79 4963  489.80000  367.62639  24.9%   537 6887s
  1242   879  367.64155   43 5050  489.80000  367.64155  24.9%   537 6906s
  1243   879  413.66705  129 5250  489.80000  367.64968  24.9%   536 6942s
  1244   880  367.65188   79 5602  489.80000  367.65188  24.9%   536 6955s
  1245   881  367.65429  105 5656  489.80000  367.65429  24.9%   536 6991s
  1246   881  367.85092  183 6145  489.80000  367.67183  24.9%   535 7011s
  1247   882  367.68177   66 6270  489.80000  367.68177  24.9%   535 7057s
  1248   883  413.18462   91 5065  489.80000  367.68725  24.9%   534 7073s
  1249   883  367.68885   64 4944  489.80000  367.68885  24.9%   534 7115s
  1250   884  367.85490  229 5608  489.80000  367.68885  24.9%   533 7134s
  1251   885  367.69079  158 4896  489.80000  367.69079  24.9%   533 7179s

Cutting planes:
  Gomory: 8
  Cover: 155
  Implied bound: 25
  Projected implied bound: 60
  Clique: 21
  MIR: 76
  StrongCG: 6
  Flow cover: 346
  GUB cover: 103
  Inf proof: 1
  Zero half: 23
  RLT: 37
  Relax-and-lift: 89

Explored 1251 nodes (2701770 simplex iterations) in 7203.75 seconds (5829.14 work units)
Thread count was 4 (of 8 available processors)

Solution count 6: 489.8 489.8 494.8 ... 566.1

Time limit reached
Best objective 4.898000000000e+02, best bound 3.677000000000e+02, gap 24.9285%
