
Gurobi 13.0.2 (linux64) logging started Wed Jul  1 05:38:11 2026

Set parameter LogFile to value "src/Resultados/Restriccion todas cliques/logs/C201-25.xml_log.log"
Set parameter Threads to value 4
Gurobi Optimizer version 13.0.2 build v13.0.2rc1 (linux64 - "Rocky Linux 9.7 (Blue Onyx)")

CPU model: QEMU Virtual CPU version 2.5+, instruction set [SSE2]
Thread count: 8 physical cores, 8 logical processors, using up to 4 threads

Non-default parameters:
TimeLimit  7200
Threads  4

Optimize a model with 355790 rows, 205320 columns and 1369695 nonzeros (Min)
Model fingerprint: 0xd8219e0e
Model has 7845 linear objective coefficients
Variable types: 49230 continuous, 156090 integer (156075 binary)
Coefficient statistics:
  Matrix range     [1e+00, 1e+05]
  Objective range  [2e+00, 6e+01]
  Bounds range     [1e+00, 4e+03]
  RHS range        [1e+00, 1e+05]

Presolve removed 0 rows and 0 columns (presolve time = 7s)...
Presolve removed 97695 rows and 105 columns (presolve time = 10s)...
Presolve removed 120836 rows and 120 columns (presolve time = 15s)...
Presolve removed 121271 rows and 120 columns (presolve time = 20s)...
Presolve removed 121271 rows and 120 columns
Presolve time: 20.70s
Presolved: 234519 rows, 205200 columns, 959625 nonzeros
Variable types: 300 continuous, 204900 integer (178500 binary)
Deterministic concurrent LP optimizer: primal simplex, dual simplex, and barrier
Showing barrier log only...

Root barrier log...

Ordering time: 4.03s

Barrier statistics:
 Dense cols : 15
 AA' NZ     : 1.591e+06
 Factor NZ  : 5.789e+06 (roughly 230 MB of memory)
 Factor Ops : 4.134e+08 (less than 1 second per iteration)
 Threads    : 1

                  Objective                Residual
Iter       Primal          Dual         Primal    Dual     Compl     Time
   0   1.25539170e+06 -4.94387297e+05  1.69e+06 0.00e+00  4.17e+01    46s
   1   8.62849052e+05 -5.06920098e+05  1.17e+06 6.78e-02  2.89e+01    46s
   2   6.18143278e+05 -7.89383194e+05  8.43e+05 8.65e-03  1.96e+01    47s
   3   2.30813427e+05 -7.80186225e+05  3.16e+05 6.47e-03  8.14e+00    48s
   4   7.78757094e+04 -6.88168293e+05  1.07e+05 3.92e-03  3.46e+00    48s
   5   4.79744986e+04 -4.26314936e+05  6.60e+04 1.71e-03  1.96e+00    49s
   6   1.01933830e+04 -9.66499401e+04  1.36e+04 1.99e-04  4.08e-01    50s
   7   4.04837079e+03 -1.21720871e+04  5.04e+03 1.85e-13  9.54e-02    50s
   8   1.84944378e+03 -6.23340979e+03  1.90e+03 2.18e-13  3.61e-02    51s
   9   7.68772146e+02 -3.19611604e+03  6.19e+02 6.22e-14  1.30e-02    51s
  10   5.63460331e+02 -1.28217354e+03  3.81e+02 2.64e-14  6.64e-03    52s
  11   3.69376266e+02 -3.20859683e+02  1.54e+02 1.05e-14  2.59e-03    52s
  12   2.60453805e+02 -1.20164079e+01  3.12e+01 4.20e-15  7.60e-04    53s
  13   2.42088257e+02  7.96811228e+01  1.07e+01 2.55e-15  3.85e-04    53s
  14   2.36369495e+02  1.10245597e+02  4.44e+00 2.07e-15  2.67e-04    54s
  15   2.33283662e+02  1.94813408e+02  1.04e+00 5.89e-16  7.81e-05    54s
  16   2.32502804e+02  2.21753428e+02  2.05e-01 4.44e-16  2.09e-05    55s
  17   2.32302961e+02  2.31250782e+02  1.01e-03 4.44e-16  1.93e-06    55s
  18   2.32300003e+02  2.32298951e+02  4.36e-10 4.44e-16  1.92e-09    56s
  19   2.32300000e+02  2.32299999e+02  4.43e-11 4.44e-16  1.92e-12    57s

Barrier solved model in 19 iterations and 56.52 seconds (12.27 work units)
Optimal objective 2.32300000e+02


Root crossover log...

   32843 DPushes remaining with DInf 0.0000000e+00                63s
       0 DPushes remaining with DInf 0.0000000e+00                63s

   99807 PPushes remaining with PInf 0.0000000e+00                63s
   55800 PPushes remaining with PInf 0.0000000e+00                66s
   15403 PPushes remaining with PInf 0.0000000e+00                78s
   13501 PPushes remaining with PInf 0.0000000e+00                80s
    8335 PPushes remaining with PInf 0.0000000e+00                85s
    3637 PPushes remaining with PInf 0.0000000e+00                90s
     465 PPushes remaining with PInf 0.0000000e+00                95s
       0 PPushes remaining with PInf 0.0000000e+00                96s

  Push phase complete: Pinf 0.0000000e+00, Dinf 2.5396352e-15     96s


Root simplex log...

Iteration    Objective       Primal Inf.    Dual Inf.      Time
  132653    2.3230000e+02   0.000000e+00   0.000000e+00     98s
Crossover time: 41.20 seconds (12.44 work units)
Concurrent spin time: 0.00s

Solved with barrier

Root relaxation: objective 2.323000e+02, 132653 iterations, 68.63 seconds (16.74 work units)

    Nodes    |    Current Node    |     Objective Bounds      |     Work
 Expl Unexpl |  Obj  Depth IntInf | Incumbent    BestBd   Gap | It/Node Time

     0     0  232.30000    0 70688          -  232.30000      -     -  278s
     0     0  232.30000    0 78682          -  232.30000      -     -  377s
     0     0  232.30000    0 78464          -  232.30000      -     -  379s
     0     0  232.30000    0 78464          -  232.30000      -     -  385s
     0     0  232.30000    0 78005          -  232.30000      -     -  440s
     0     0  232.30000    0 78005          -  232.30000      -     -  676s
     0     0  232.30000    0 78072          -  232.30000      -     -  741s
     0     0  232.30000    0 77429          -  232.30000      -     -  763s
     0     0  232.30000    0 77425          -  232.30000      -     -  769s
     0     0  232.30000    0 77123          -  232.30000      -     -  796s
     0     0  232.30000    0 76310          -  232.30000      -     -  826s
     0     0  232.30000    0 76310          -  232.30000      -     -  849s
     0     2  232.30000    0 76310          -  232.30000      -     - 1150s
     1     4  232.30000    1 77348          -  232.30000      -  1426 1170s
     3     8  232.30000    2 79084          -  232.30000      -  2357 1261s
     7    10  232.30000    3 70437          -  232.30000      -  4416 1303s
     9    13  232.30000    4 70174          -  232.30000      -  3868 1340s
    12    15  232.30000    5 65760          -  232.30000      -  3064 1385s
    14    27  239.99114    6 67611          -  232.30000      -  2812 1444s
    26    39  246.21638   16 67607          -  232.30000      -  1562 1503s
H   37    39                     318.7000000  232.30000  27.1%  1293 1503s
    38    52  248.76122   26 67499  318.70000  232.30000  27.1%  1259 1572s
    51    59  249.35698   27 67497  318.70000  232.30000  27.1%  1599 1643s
    58    73  270.85207   30 67300  318.70000  232.30000  27.1%  1798 1718s
    74    85  283.47667   32 72721  318.70000  232.30000  27.1%  1712 1772s
    86    97  283.64158   36 67668  318.70000  232.30000  27.1%  1659 1831s
   103   108  285.50397   39 67790  318.70000  232.30000  27.1%  1675 1884s
   116   119  287.63439   40 68879  318.70000  232.30000  27.1%  1662 1963s
   133   137  290.40670   43 73519  318.70000  232.30000  27.1%  1615 2027s
   153   153  295.25456   48 66208  318.70000  232.30000  27.1%  1595 2071s
   169   163  301.10041   58 65052  318.70000  232.30000  27.1%  1555 2118s
   179   166 infeasible   62       318.70000  232.30000  27.1%  1542 2171s
   190   178  280.43519   10 58072  318.70000  232.30000  27.1%  1530 2208s
   202   186  257.93000    5 60949  318.70000  232.30000  27.1%  1538 2263s
   210   203  282.68972   18 57795  318.70000  232.30000  27.1%  1523 2321s
   227   222  283.54184   21 57861  318.70000  232.30000  27.1%  1451 2379s
   246   240  264.73582    6 57900  318.70000  232.30000  27.1%  1397 2440s
   264   247  266.55833    7 57355  318.70000  232.30000  27.1%  1345 2585s
   281   251  265.53545    7 57692  318.70000  232.30000  27.1%  1290 2735s
   285   256  269.05000    8 62404  318.70000  232.30000  27.1%  1310 2832s
   292   257 infeasible    8       318.70000  232.30000  27.1%  1354 2925s
H  298   251                     312.0000000  232.30000  25.5%  1333 2925s
   299   280  272.80000   10 59931  312.00000  232.30000  25.5%  1335 2976s
   330   311  272.80000   25 57692  312.00000  232.30000  25.5%  1270 3020s
   362   338  272.80000   42 55629  312.00000  232.30000  25.5%  1216 3069s
   397   384  272.80000   61 55285  312.00000  232.30000  25.5%  1157 3124s
H  443   355                     301.6000000  232.30000  23.0%  1073 3124s
   444   369  274.05000   80 57224  301.60000  232.30000  23.0%  1071 3184s
   489   372  278.30000   94 62081  301.60000  232.30000  23.0%  1053 3418s
   495   401  278.30000   96 60692  301.60000  232.30000  23.0%  1069 3468s
   530   441  232.30000   10 56484  301.60000  232.30000  23.0%  1044 3517s
   570   474  236.57062   11 54083  301.60000  232.30000  23.0%   997 3582s
   615   487  278.30000   97 26554  301.60000  232.30000  23.0%   959 3663s
   635   503  278.30000  101 12308  301.60000  232.30000  23.0%   952 3735s
   651   520  281.67396  103 9921  301.60000  232.30000  23.0%   998 3811s
   673   543  286.47844  108 16155  301.60000  232.30000  23.0%  1054 3874s
   696   559  279.52614  119 19166  301.60000  232.30000  23.0%  1100 3956s
   712   563  279.52614  122 10680  301.60000  232.30000  23.0%  1135 4502s
   716   577  279.52831  123 10780  301.60000  232.30000  23.0%  1154 4569s
   730   586  300.82014  124 16562  301.60000  232.30000  23.0%  1160 4665s
   740   590  279.61930  124 10218  301.60000  232.30000  23.0%  1168 4738s
   744   603  279.61930  125 11171  301.60000  232.30000  23.0%  1186 4840s
H  759   606                     299.0000000  232.30000  22.3%  1172 4920s
   776   650  279.61930  127 9917  299.00000  232.30000  22.3%  1176 5014s
   841   679  280.10243  131 17758  299.00000  232.30000  22.3%  1146 5131s
   873   722  282.13640  136 13721  299.00000  232.30000  22.3%  1139 5232s
   932   764  251.37729    8 66421  299.00000  232.30000  22.3%  1131 5350s
   978   841  254.13454   10 62624  299.00000  232.30000  22.3%  1134 5495s
  1069   891  258.36067   21 61308  299.00000  232.30000  22.3%  1115 5631s
  1137   942  260.06917   29 42016  299.00000  232.30000  22.3%  1122 5913s
  1189   943  272.80000   18 76310  299.00000  232.30000  22.3%  1107 6273s
H 1190   896                     298.7000000  232.30000  22.2%  1106 6488s
  1191   896  282.86486   26 1715  298.70000  232.30000  22.2%  1105 6615s
  1192   897  274.20000   66 2143  298.70000  232.30000  22.2%  1104 6668s
  1193   898  272.45000   42 2272  298.70000  232.30000  22.2%  1103 6696s
H 1193   853                     290.6000000  232.30000  20.1%  1103 6704s
  1194   853  279.61930  129 1530  290.60000  232.30000  20.1%  1102 6948s
  1195   854  272.80000   33 2243  290.60000  232.30000  20.1%  1101 6983s
  1196   855  290.60000   93 2914  290.60000  232.30000  20.1%  1100 7059s
  1197   855  250.58955   64 2914  290.60000  232.30000  20.1%  1099 7095s

Cutting planes:
  Gomory: 13
  Cover: 159
  Implied bound: 2
  Projected implied bound: 311
  Clique: 3
  MIR: 12
  Flow cover: 202
  GUB cover: 7
  RLT: 8
  Relax-and-lift: 57

Explored 1197 nodes (1871408 simplex iterations) in 7201.03 seconds (4813.57 work units)
Thread count was 4 (of 8 available processors)

Solution count 7: 290.6 290.6 298.7 ... 318.7

Time limit reached
Best objective 2.906000000000e+02, best bound 2.323000000000e+02, gap 20.0619%
