
Gurobi 13.0.2 (linux64) logging started Thu Jul  2 01:58:33 2026

Set parameter LogFile to value "src/Resultados/Restriccion todas cliques/logs/C206-25.xml_log.log"
Set parameter Threads to value 4
Gurobi Optimizer version 13.0.2 build v13.0.2rc1 (linux64 - "Rocky Linux 9.7 (Blue Onyx)")

CPU model: QEMU Virtual CPU version 2.5+, instruction set [SSE2]
Thread count: 8 physical cores, 8 logical processors, using up to 4 threads

Non-default parameters:
TimeLimit  7200
Threads  4

Optimize a model with 372555 rows, 215415 columns and 1443360 nonzeros (Min)
Model fingerprint: 0x47c81c12
Model has 9240 linear objective coefficients
Variable types: 51405 continuous, 164010 integer (163995 binary)
Coefficient statistics:
  Matrix range     [1e+00, 1e+05]
  Objective range  [2e+00, 6e+01]
  Bounds range     [1e+00, 4e+03]
  RHS range        [1e+00, 1e+05]

Presolve removed 101985 rows and 45 columns (presolve time = 6s)...
Presolve removed 127316 rows and 120 columns (presolve time = 10s)...
Presolve removed 127331 rows and 120 columns (presolve time = 15s)...
Presolve removed 127331 rows and 120 columns
Presolve time: 17.82s
Presolved: 245224 rows, 215295 columns, 1008600 nonzeros
Variable types: 375 continuous, 214920 integer (188565 binary)
Deterministic concurrent LP optimizer: primal simplex, dual simplex, and barrier
Showing barrier log only...

Root barrier log...

Ordering time: 3.46s

Barrier statistics:
 Dense cols : 15
 AA' NZ     : 1.823e+06
 Factor NZ  : 6.510e+06 (roughly 240 MB of memory)
 Factor Ops : 5.875e+08 (less than 1 second per iteration)
 Threads    : 1

                  Objective                Residual
Iter       Primal          Dual         Primal    Dual     Compl     Time
   0   1.13193675e+06 -4.98085922e+05  8.24e+05 0.00e+00  2.12e+01    35s
   1   5.48822642e+05 -4.81803785e+05  3.99e+05 4.32e-02  1.06e+01    37s
   2   4.25379893e+05 -4.40771183e+05  3.10e+05 2.10e-02  7.50e+00    37s
   3   2.15599255e+05 -4.11892395e+05  1.57e+05 8.68e-03  3.85e+00    38s
   4   1.72695313e+05 -3.96518140e+05  1.26e+05 8.06e-03  3.20e+00    39s
   5   6.04495172e+04 -2.51807908e+05  4.38e+04 3.70e-03  1.27e+00    39s
   6   1.07067465e+04 -3.20166609e+04  7.54e+03 8.13e-05  1.80e-01    40s
   7   4.14996144e+03 -6.31181985e+03  2.76e+03 2.31e-14  4.74e-02    41s
   8   1.48423533e+03 -4.23790414e+03  8.44e+02 1.33e-14  1.79e-02    41s
   9   7.89276748e+02 -1.04618609e+03  3.65e+02 3.55e-15  6.13e-03    42s
  10   5.49789977e+02 -3.85955257e+02  2.15e+02 1.50e-15  3.35e-03    42s
  11   3.16919365e+02 -1.36340959e+02  6.60e+01 7.77e-16  1.31e-03    43s
  12   2.77517000e+02 -5.27718689e+01  4.18e+01 5.83e-16  8.99e-04    43s
  13   2.30077637e+02 -2.51460295e+01  1.32e+01 5.00e-16  5.47e-04    44s
  14   2.12858940e+02  1.66195092e+02  3.06e+00 4.44e-16  1.03e-04    45s
  15   2.08315527e+02  2.03293248e+02  4.11e-01 6.66e-16  1.12e-05    46s
  16   2.07601188e+02  2.07123197e+02  2.83e-04 4.44e-16  8.34e-07    46s
  17   2.07600000e+02  2.07599999e+02  5.79e-10 4.44e-16  2.14e-12    47s

Barrier solved model in 17 iterations and 46.77 seconds (12.88 work units)
Optimal objective 2.07600000e+02


Root crossover log...

   35079 DPushes remaining with DInf 0.0000000e+00                47s
       0 DPushes remaining with DInf 0.0000000e+00                48s

  104384 PPushes remaining with PInf 0.0000000e+00                48s
   86755 PPushes remaining with PInf 0.0000000e+00                50s
   28340 PPushes remaining with PInf 0.0000000e+00                65s
   28073 PPushes remaining with PInf 0.0000000e+00                65s
    7932 PPushes remaining with PInf 0.0000000e+00                86s
    3365 PPushes remaining with PInf 0.0000000e+00                90s
      78 PPushes remaining with PInf 0.0000000e+00                96s
       0 PPushes remaining with PInf 0.0000000e+00                96s

  Push phase complete: Pinf 0.0000000e+00, Dinf 1.1379786e-15     96s


Root simplex log...

Iteration    Objective       Primal Inf.    Dual Inf.      Time
  139466    2.0760000e+02   0.000000e+00   0.000000e+00     96s
Crossover time: 49.09 seconds (26.73 work units)
Concurrent spin time: 18.42s (can be avoided by choosing Method=3)

Solved with barrier

Root relaxation: objective 2.076000e+02, 139466 iterations, 88.31 seconds (31.25 work units)

    Nodes    |    Current Node    |     Objective Bounds      |     Work
 Expl Unexpl |  Obj  Depth IntInf | Incumbent    BestBd   Gap | It/Node Time

     0     0  207.60000    0 7815          -  207.60000      -     -  406s
     0     0  207.60000    0 5583          -  207.60000      -     -  410s
     0     0  207.60000    0 10908          -  207.60000      -     -  510s
     0     0  207.60000    0 10908          -  207.60000      -     -  521s
     0     0  207.60000    0 14750          -  207.60000      -     -  588s
     0     0  207.60000    0 14750          -  207.60000      -     -  588s
     0     0  207.60000    0 14750          -  207.60000      -     -  783s
     0     0  207.60000    0 15970          -  207.60000      -     -  792s
     0     0  207.60000    0 13780          -  207.60000      -     -  814s
     0     0  207.60000    0 11529          -  207.60000      -     - 1210s
     0     0  207.60000    0 11536          -  207.60000      -     - 1217s
     0     0  207.60000    0 25216          -  207.60000      -     - 1276s
     0     0  207.60000    0 25215          -  207.60000      -     - 1279s
     0     0  207.60000    0 21891          -  207.60000      -     - 1589s
     0     0  207.60000    0 30965          -  207.60000      -     - 1710s
     0     0  207.60000    0 30666          -  207.60000      -     - 1740s
     0     0  207.60000    0 27022          -  207.60000      -     - 1742s
     0     0  207.60000    0 11367          -  207.60000      -     - 2110s
     0     0  207.60000    0 11379          -  207.60000      -     - 2114s
     0     0  207.60000    0 13324          -  207.60000      -     - 2176s
     0     0  207.60000    0 11436          -  207.60000      -     - 2392s
     0     0  207.60000    0 11436          -  207.60000      -     - 2401s
     0     0  207.60000    0 11436          -  207.60000      -     - 2448s
     0     2  207.60000    0 11436          -  207.60000      -     - 2540s
     1     3  207.60000    1 11432          -  207.60000      -  2074 2562s
     2     6  207.60000    2 17522          -  207.60000      -  1439 2585s
     5     9  207.60246    3 22072          -  207.60000      -  1147 2692s
     8    13  207.60246    4 22073          -  207.60000      -   881 2748s
    12    25  207.60246    5 22076          -  207.60000      -   669 2793s
    24    37  207.60246    6 26057          -  207.60000      -   428 2821s
    36    44  209.77626   15 13892          -  207.60000      -   342 2843s
    43    84  207.76272    6 23498          -  207.60000      -   303 2858s
    83    85  220.31885   30 11667          -  207.60000      -   244 2876s
    84    98  210.78112   16 24506          -  207.60000      -   242 2897s
    98   115  212.88181   26 16606          -  207.60000      -   242 2919s
   115   133  242.35633   36 12368          -  207.60000      -   227 2940s
   133   141  228.88526   29 15953          -  207.60000      -   216 2960s
   147   144  259.61080   46 20816          -  207.60000      -   248 2980s
   152   148  207.67204    4 26532          -  207.60000      -   275 2991s
   161   157  269.10910   49 20389          -  207.60000      -   305 3033s
   172   163  269.95708   51 16108          -  207.60000      -   356 3059s
   178   164  208.82202   10 34882          -  207.60000      -   391 3077s
   183   175  278.54330   53 14187          -  207.60246      -   412 3101s
   194   178  280.02901   56 17440          -  207.60246      -   413 3112s
   198   191  331.39328   54 22886          -  207.60246      -   442 3139s
   212   194 infeasible   55               -  207.60246      -   441 3171s
   227   205  289.72901   57 16142          -  207.60246      -   439 3196s
   240   235 infeasible   59               -  207.60246      -   445 3220s
   272   255 infeasible   58               -  207.60246      -   428 3271s
   296   279  317.96407   61 22646          -  207.60246      -   420 3301s
   322   310  317.96407   62 22485          -  207.60246      -   416 3330s
   353   335  317.96407   66 23088          -  207.60246      -   397 3415s
   378   367  317.96407   69 24416          -  207.60246      -   384 3436s
   410   383  317.96407   71 30771          -  207.60246      -   360 3498s
   426   387  318.26853   74 36249          -  207.60246      -   358 3575s
   430   391  318.26853   75 36162          -  207.60246      -   359 3702s
   434   395  318.26853   76 36020          -  207.60246      -   363 3784s
   438   414 infeasible   77               -  207.60246      -   359 3824s
   467   420  311.80714  108 20959          -  207.60246      -   338 3887s
   473   441  212.62151   18 18472          -  207.60246      -   334 3923s
   494   449 infeasible   19               -  207.60246      -   325 3950s
   504   455  214.29327   20 13074          -  207.60246      -   328 4011s
   510   480  215.08877   23 12645          -  207.60246      -   333 4069s
   539   484 infeasible   46               -  207.60246      -   318 4119s
   547   502  211.89991   94 28963          -  207.60246      -   318 4199s
   565   530  212.66603  109 25329          -  207.60246      -   311 4262s
   593   549  213.38201  131 28130          -  207.60246      -   309 4324s
   612   562  213.60848  136 23570          -  207.60246      -   323 4372s
   625   590  213.74225  140 22732          -  207.60246      -   330 4413s
   653   610  214.16179  153 24912          -  207.60246      -   343 4462s
   674   619  258.99689  161 25085          -  207.60246      -   351 4584s
   683   656  258.20589  162 26764          -  207.60246      -   355 4638s
   720   720  258.84786  186 26230          -  207.60246      -   350 4684s
   784   757  259.30311  219 26224          -  207.60246      -   345 4802s
   821   793  259.49460  227 26238          -  207.60246      -   353 4855s
   857   861  259.55316  236 26225          -  207.60246      -   365 4902s
   925   894  259.69420  247 26234          -  207.60246      -   358 4956s
   962   943  259.79406  252 32066          -  207.60246      -   369 5016s
  1019   992  259.97706  262 35630          -  207.60246      -   364 5075s
  1073   993  312.56167  186 11436          -  207.60246      -   352 5307s
  1074   994  313.50712  294 11436          -  207.60246      -   352 5310s
  1075   994  243.54138   47 29912          -  207.60246      -   351 5538s
  1076   995  270.92923  162 35069          -  207.60246      -   351 5565s
  1078   996  260.23648  252 10420          -  207.60246      -   351 5772s
  1079   997  321.77254  218 13943          -  207.60246      -   350 5780s
  1080   998  259.24911  196 12155          -  207.60246      -   350 5825s
  1082   999  216.60000  131 8238          -  207.60246      -   349 5952s
  1084  1000  210.60000   13 15550          -  207.60246      -   349 5967s
  1086  1002  313.50712  278 12011          -  207.60246      -   348 6063s
  1087  1002  313.50712  295 12011          -  208.70000      -   348 6127s
  1088  1005  208.70000   14 11106          -  208.70000      -   642 6191s
  1089  1008  210.20246   15 11253          -  208.70000      -   641 6226s
  1092  1011  210.20246   16 11307          -  208.70000      -   644 6264s
  1096  1014  210.20246   17 11308          -  208.70000      -   646 6292s
  1101  1019  210.20246   18 12270          -  208.70000      -   648 6324s
  1107  1022  210.20246   19 12268          -  208.70000      -   648 6371s
  1112  1028  223.55841   19 11333          -  208.70000      -   656 6405s
  1120  1032  210.20246   20 12269          -  208.70000      -   657 6433s
  1127  1038  214.41841   20 15656          -  208.70000      -   661 6457s
  1135  1040  213.32867   21 13120          -  208.70000      -   659 6507s
  1140  1044  210.25444   21 12264          -  208.70000      -   662 6545s
  1145  1050  210.54485   22 17395          -  208.70000      -   664 6569s
  1153  1055  210.25444   22 12264          -  208.70000      -   661 6606s
  1161  1061  210.25447   23 15399          -  208.70000      -   659 6630s
  1169  1066  211.61733   23 14681          -  208.70000      -   661 6658s
  1177  1068  210.25573   24 15395          -  208.70000      -   659 6690s
  1182  1070  210.27437   24 15469          -  208.70000      -   661 6716s
  1186  1075  210.25576   25 15391          -  208.70000      -   659 6737s
  1194  1079  210.37327   25 14705          -  208.70000      -   656 6775s
  1200  1081  210.32522   26 15391          -  208.70000      -   660 6825s
  1204  1082  211.88019   26 15534          -  208.70000      -   660 6869s
  1207  1090  210.32522   27 17815          -  208.70000      -   658 6906s
  1216  1097  212.97756   27 20430          -  208.70000      -   657 6933s
  1226  1098  210.32622   28 18028          -  208.70000      -   653 6981s
  1230  1103  213.18056   28 14422          -  208.70000      -   657 7023s
  1236  1108  210.37907   29 21411          -  208.70000      -   655 7056s
  1245  1112  212.97756   29 18800          -  208.70000      -   660 7086s
  1252  1114  210.58672   30 17839          -  208.70000      -   666 7115s
  1257  1120  210.37907   30 22344          -  208.70000      -   669 7150s
  1264  1120  210.37907   31 22357          -  208.70000      -   676 7201s

Cutting planes:
  Gomory: 1
  Cover: 6
  Implied bound: 33
  Clique: 24
  MIR: 26
  StrongCG: 1
  RLT: 40
  Relax-and-lift: 1

Explored 1267 nodes (1556663 simplex iterations) in 7201.34 seconds (4921.73 work units)
Thread count was 4 (of 8 available processors)

Solution count 0

Time limit reached
Best objective -, best bound 2.087000000000e+02, gap -
