
Gurobi 13.0.2 (linux64) logging started Wed Jul  8 22:54:14 2026

Set parameter LogFile to value "src/Resultados/Restriccion_solo_cliques/logs/C102-50.xml_log.log"
Set parameter Threads to value 4
Gurobi Optimizer version 13.0.2 build v13.0.2rc1 (linux64 - "Rocky Linux 9.7 (Blue Onyx)")

CPU model: QEMU Virtual CPU version 2.5+, instruction set [SSE2]
Thread count: 8 physical cores, 8 logical processors, using up to 4 threads

Non-default parameters:
TimeLimit  7200
Threads  4

Optimize a model with 306704 rows, 190305 columns and 2647260 nonzeros (Min)
Model fingerprint: 0xf963cb10
Model has 38130 linear objective coefficients
Variable types: 38190 continuous, 152115 integer (152100 binary)
Coefficient statistics:
  Matrix range     [1e+00, 4e+04]
  Objective range  [1e+00, 6e+01]
  Bounds range     [1e+00, 2e+03]
  RHS range        [1e+00, 4e+04]

Presolve removed 74946 rows and 150 columns (presolve time = 5s)...
Presolve removed 93306 rows and 180 columns (presolve time = 10s)...
Presolve removed 93351 rows and 180 columns (presolve time = 15s)...
Presolve removed 93366 rows and 195 columns
Presolve time: 17.39s
Presolved: 213338 rows, 190110 columns, 1054710 nonzeros
Variable types: 690 continuous, 189420 integer (168975 binary)
Deterministic concurrent LP optimizer: primal simplex, dual simplex, and barrier
Showing barrier log only...

Root barrier log...

Elapsed ordering time = 5s
Elapsed ordering time = 7s
Ordering time: 9.03s

Barrier statistics:
 Dense cols : 30
 AA' NZ     : 4.945e+06
 Factor NZ  : 3.043e+07 (roughly 400 MB of memory)
 Factor Ops : 2.500e+10 (roughly 3 seconds per iteration)
 Threads    : 1

                  Objective                Residual
Iter       Primal          Dual         Primal    Dual     Compl     Time
   0   6.61595936e+06 -4.26062756e+06  6.70e+05 2.22e-16  3.47e+02    41s
   1   4.14127256e+06 -5.22917611e+06  4.23e+05 7.30e-01  2.16e+02    44s
   2   8.93157835e+05 -6.46268221e+06  9.28e+04 1.07e-01  5.52e+01    47s
   3   2.58460780e+05 -3.14366399e+06  2.66e+04 1.02e-03  1.61e+01    50s
   4   6.63077536e+04 -6.37493634e+05  6.69e+03 3.91e-14  3.48e+00    53s
   5   3.10758278e+04 -6.26318978e+05  3.05e+03 4.26e-14  2.23e+00    56s
   6   2.66630803e+03 -7.67947136e+04  1.20e+02 6.40e-07  1.83e-01    59s
   7   1.79663011e+03 -1.57762115e+04  4.13e+01 1.15e-07  4.89e-02    64s
   8   1.21968835e+03 -9.62290589e+03  1.46e+01 7.01e-08  2.60e-02    69s
   9   7.69040309e+02 -5.79050844e+03  5.07e+00 4.28e-08  1.44e-02    73s
  10   4.57836165e+02 -2.34317711e+03  1.19e+00 1.79e-08  5.79e-03    78s
  11   3.43594404e+02  2.10552537e+02  4.24e-11 6.53e-11  2.57e-04    83s
  12   3.16325242e+02  2.91147806e+02  2.22e-10 1.76e-12  4.86e-05    89s
  13   3.02585575e+02  3.02229055e+02  5.02e-09 6.00e-15  6.88e-07    93s
  14   3.02500085e+02  3.02499729e+02  5.25e-10 6.66e-16  6.89e-10    97s
  15   3.02500000e+02  3.02500000e+02  4.28e-10 7.77e-16  6.06e-13   102s

Barrier solved model in 15 iterations and 101.61 seconds (55.53 work units)
Optimal objective 3.02500000e+02


Root crossover log...

   18540 DPushes remaining with DInf 0.0000000e+00               102s
       0 DPushes remaining with DInf 0.0000000e+00               103s

   77538 PPushes remaining with PInf 0.0000000e+00               103s
   55380 PPushes remaining with PInf 0.0000000e+00               105s
   30508 PPushes remaining with PInf 0.0000000e+00               110s
    4360 PPushes remaining with PInf 0.0000000e+00               115s
       0 PPushes remaining with PInf 0.0000000e+00               117s

  Push phase complete: Pinf 0.0000000e+00, Dinf 9.0136232e-15    117s


Root simplex log...

Iteration    Objective       Primal Inf.    Dual Inf.      Time
   96051    3.0250000e+02   0.000000e+00   0.000000e+00    118s
Crossover time: 15.89 seconds (7.72 work units)
Concurrent spin time: 0.00s

Solved with barrier

Root relaxation: objective 3.025000e+02, 96051 iterations, 92.02 seconds (51.29 work units)

    Nodes    |    Current Node    |     Objective Bounds      |     Work
 Expl Unexpl |  Obj  Depth IntInf | Incumbent    BestBd   Gap | It/Node Time

     0     0  302.50000    0 11013          -  302.50000      -     -  390s
     0     0  302.50000    0 16952          -  302.50000      -     -  404s
     0     0  302.50000    0 18148          -  302.50000      -     -  415s
     0     0  302.50000    0 11165          -  302.50000      -     -  422s
     0     0  302.50000    0 16411          -  302.50000      -     -  429s
     0     0  302.50000    0 20576          -  302.50000      -     -  442s
     0     0  302.50000    0 20724          -  302.50000      -     -  444s
     0     0  302.78324    0 22693          -  302.78324      -     -  460s
     0     0  304.70000    0 21053          -  304.70000      -     -  469s
     0     0  304.70000    0 25709          -  304.70000      -     -  488s
     0     0  304.70000    0 24869          -  304.70000      -     -  507s
     0     0  304.70000    0 35114          -  304.70000      -     -  583s
     0     0  304.70000    0 30518          -  304.70000      -     -  622s
     0     0  304.70000    0 28285          -  304.70000      -     -  643s
     0     0  305.15246    0 27404          -  305.15246      -     -  661s
     0     0  306.40000    0 27459          -  306.40000      -     -  682s
     0     0  306.40000    0 31395          -  306.40000      -     -  690s
     0     0  306.40000    0 24868          -  306.40000      -     -  699s
     0     0  306.40000    0 34688          -  306.40000      -     -  723s
     0     0  306.40000    0 34464          -  306.40000      -     -  747s
     0     0  306.40000    0 29805          -  306.40000      -     -  779s
     0     0  306.76018    0 31575          -  306.76018      -     -  783s
     0     0  306.76018    0 31478          -  306.76018      -     -  808s
     0     0  310.00000    0 23076          -  310.00000      -     -  824s
     0     0  310.00000    0 20133          -  310.00000      -     -  835s
     0     0  310.00000    0 21104          -  310.00000      -     -  848s
     0     0  310.00000    0 24383          -  310.00000      -     -  862s
     0     0  310.00000    0 25878          -  310.00000      -     -  876s
     0     0  310.00000    0 20165          -  310.00000      -     -  881s
     0     0  310.00000    0 27006          -  310.00000      -     -  914s
     0     0  311.60943    0 26698          -  311.60943      -     -  943s
     0     0  333.10000    0 21267          -  333.10000      -     -  951s
     0     0  333.10000    0 21263          -  333.10000      -     -  953s
     0     0  333.10000    0 31956          -  333.10000      -     - 1039s
     0     0  333.10000    0 29483          -  333.10000      -     - 1083s
     0     0  333.10000    0 33781          -  333.10000      -     - 1139s
     0     0  333.10000    0 33496          -  333.10000      -     - 1151s
     0     0  333.10000    0 31001          -  333.10000      -     - 1204s
     0     0  333.10000    0 30992          -  333.10000      -     - 1204s
     0     0  333.10000    0 7291          -  333.10000      -     - 1338s
     0     0  333.10000    0 7800          -  333.10000      -     - 1346s
     0     0  333.10000    0 6742          -  333.10000      -     - 1347s
     0     0  333.10000    0 18162          -  333.10000      -     - 1397s
     0     0  333.10000    0 18162          -  333.10000      -     - 1397s
     0     0  333.10000    0 7251          -  333.10000      -     - 1574s
     0     0  333.10000    0 12093          -  333.10000      -     - 1601s
     0     0  333.10000    0 13082          -  333.10000      -     - 1615s
     0     0  333.10000    0 13074          -  333.10000      -     - 1616s
     0     0  333.10000    0 20470          -  333.10000      -     - 1692s
     0     0  333.10000    0 20279          -  333.10000      -     - 1693s
     0     0  333.10000    0 6405          -  333.10000      -     - 1866s
     0     0  333.10000    0 6406          -  333.10000      -     - 1873s
     0     0  333.10000    0 6448          -  333.10000      -     - 1873s
     0     0  333.10000    0 17549          -  333.10000      -     - 1955s
     0     0  333.10000    0 17549          -  333.10000      -     - 1955s
     0     0  333.10000    0 8726          -  333.10000      -     - 2076s
     0     0  333.10000    0 6606          -  333.10000      -     - 2084s
     0     0  333.10000    0 6606          -  333.10000      -     - 2112s
     0     2  333.10000    0 6606          -  333.10000      -     - 2175s
     1     4  333.10000    1 6324          -  333.10000      -   677 2185s
     3     8  333.10000    2 4715          -  333.10000      -  1442 2215s
     7    12  333.10000    3 5275          -  333.10000      -  1983 2245s
    11    19  333.10000    4 6484          -  333.10000      -  1738 2276s
    18    28  333.10000    5 6484          -  333.10000      -  1286 2298s
    29    37  333.15000    8 9523          -  333.10000      -  1164 2347s
    40    49  333.15000    9 12038          -  333.10000      -   927 2386s
    52    51  335.40000   11 13995          -  333.10000      -   945 2408s
    58    54  335.40000   12 11925          -  333.10000      -   969 2438s
    67    60  335.80000   13 10816          -  333.10000      -   961 2460s
    73    71  335.80000   14 10816          -  333.10000      -   977 2484s
    84    80  335.80000   18 15158          -  333.10000      -   960 2505s
    93    84  335.80000   23 15608          -  333.10000      -   976 2534s
    97    91  335.80000   24 15940          -  333.10000      -  1044 2558s
   104    99  336.42159   28 16259          -  333.10000      -  1050 2582s
   115   105  369.38807   32 11601          -  333.10000      -  1057 2611s
   121   117  344.59892   32 11574          -  333.10000      -  1080 2638s
   133   131  348.48835   38 12924          -  333.10000      -  1039 2661s
   147   144  351.28076   45 11233          -  333.10000      -   986 2681s
   163   153  375.25000   51 9315          -  333.10000      -   944 2709s
   172   163  376.81834   54 11342          -  333.10000      -   938 2729s
   182   172  379.83292   58 13386          -  333.10000      -   936 2748s
   191   179  381.06101   61 10815          -  333.10000      -   935 2770s
   198   188  381.08447   62 10360          -  333.10000      -   926 2789s
   207   208  381.54556   64 15236          -  333.10000      -   938 2810s
   227   235  381.73871   66 14943          -  333.10000      -   885 2837s
   256   252  386.48417   77 11651          -  333.10000      -   830 2862s
   273   272  393.90000   78 9320          -  333.10000      -   817 2890s
   294   286  388.30000   85 11229          -  333.10000      -   819 2915s
   308   302  389.54831   89 10665          -  333.10000      -   815 2942s
   325   320  392.50000   96 12546          -  333.10000      -   820 2968s
   343   332  393.24597   99 9139          -  333.10000      -   801 3518s
   355   349  396.33243  108 7858          -  333.10000      -   782 4404s
   378   357  404.03826  122 8566          -  333.10000      -   775 4503s
   387   389  398.65411  123 7772          -  333.10000      -   796 4542s
   419   443  398.68566  130 9174          -  333.10000      -   785 4583s
   483   511  401.24144  149 8986          -  333.10000      -   721 4610s
   551   561  405.90573  173 7074          -  333.10000      -   659 4677s
   603   603  409.99035  189 8495          -  333.10000      -   626 4746s
   673   653  428.64466  217 6758          -  333.10000      -   596 4790s
   725   712  432.33595  239 6691          -  333.10000      -   585 5032s
   786   770  433.01281  265 8358          -  333.10000      -   572 5125s
   846   794  437.19521  295 7137          -  333.10000      -   560 5177s
   871   866  478.74201  303 8985          -  333.10000      -   558 5231s
   947   978  468.71676  314 6833          -  333.10000      -   553 5296s
  1060  1069  481.39969  331 10637          -  333.10000      -   532 5343s
  1160  1151  333.74000    8 6709          -  333.10000      -   522 5397s
  1245  1152  334.70000   37 6606          -  333.10000      -   516 5712s
  1246  1153  335.50520   25 6606          -  333.10000      -   516 5716s
  1247  1153  471.62817  314 3830          -  333.68608      -   515 6264s
  1248  1154  339.06625   15 2933          -  339.06625      -   515 6572s
  1249  1155  341.03736   28 3030          -  341.03736      -   515 6633s
  1250  1155  402.01189  115 3325          -  341.03736      -   514 6790s
  1251  1156  428.64466  222 3793          -  344.35185      -   514 6876s
  1252  1157  344.35185    4 2716          -  344.35185      -   513 7065s
  1253  1157  354.01644   76 4506          -  345.82916      -   513 7175s

Cutting planes:
  Gomory: 3
  Cover: 637
  Implied bound: 42
  Projected implied bound: 292
  Clique: 199
  MIR: 101
  StrongCG: 3
  Flow cover: 1035
  GUB cover: 143
  Zero half: 8
  RLT: 51
  Relax-and-lift: 132
  BQP: 1

Explored 1253 nodes (1574271 simplex iterations) in 7201.13 seconds (4529.33 work units)
Thread count was 4 (of 8 available processors)

Solution count 0

Time limit reached
Best objective -, best bound 3.459000000000e+02, gap -
