
Gurobi 13.0.2 (linux64) logging started Tue Jun 30 16:49:48 2026

Set parameter LogFile to value "src/Resultados/Restriccion demanda/logs/C201-25.xml_log.log"
Set parameter Threads to value 4
Gurobi Optimizer version 13.0.2 build v13.0.2rc1 (linux64 - "Rocky Linux 9.7 (Blue Onyx)")

CPU model: QEMU Virtual CPU version 2.5+, instruction set [SSE2]
Thread count: 8 physical cores, 8 logical processors, using up to 4 threads

Non-default parameters:
TimeLimit  7200
Threads  4

Optimize a model with 355814 rows, 205320 columns and 1714785 nonzeros (Min)
Model fingerprint: 0x4b6e53c2
Model has 7845 linear objective coefficients
Variable types: 49230 continuous, 156090 integer (156075 binary)
Coefficient statistics:
  Matrix range     [1e+00, 1e+05]
  Objective range  [2e+00, 6e+01]
  Bounds range     [1e+00, 4e+03]
  RHS range        [1e+00, 1e+05]

Presolve removed 97744 rows and 105 columns (presolve time = 5s)...
Presolve removed 120860 rows and 120 columns (presolve time = 10s)...
Presolve removed 121295 rows and 120 columns (presolve time = 15s)...
Presolve removed 121295 rows and 120 columns
Presolve time: 16.29s
Presolved: 234519 rows, 205200 columns, 959610 nonzeros
Variable types: 300 continuous, 204900 integer (178500 binary)
Deterministic concurrent LP optimizer: primal simplex, dual simplex, and barrier
Showing barrier log only...

Root barrier log...

Ordering time: 2.22s

Barrier statistics:
 Dense cols : 15
 AA' NZ     : 1.590e+06
 Factor NZ  : 5.762e+06 (roughly 220 MB of memory)
 Factor Ops : 4.039e+08 (less than 1 second per iteration)
 Threads    : 1

                  Objective                Residual
Iter       Primal          Dual         Primal    Dual     Compl     Time
   0   2.16179068e+06 -4.93234172e+05  2.92e+06 0.00e+00  7.08e+01    32s
   1   1.68931997e+06 -5.14551901e+05  2.28e+06 7.08e-02  5.50e+01    32s
   2   1.06940040e+06 -8.94935323e+05  1.46e+06 5.28e-03  3.40e+01    33s
   3   3.33845792e+05 -9.58590550e+05  4.57e+05 3.49e-03  1.17e+01    33s
   4   9.67813039e+04 -6.97090407e+05  1.32e+05 1.04e-03  3.95e+00    34s
   5   8.84247963e+04 -6.65431162e+05  1.21e+05 1.01e-03  3.62e+00    34s
   6   4.28672089e+04 -3.11809365e+05  5.86e+04 1.28e-04  1.55e+00    35s
   7   5.41678716e+03 -5.71400330e+04  6.69e+03 1.11e-14  2.11e-01    36s
   8   1.81500386e+03 -9.06877066e+03  1.90e+03 1.69e-14  4.22e-02    37s
   9   1.52602193e+03 -3.92120610e+03  1.56e+03 1.18e-14  2.42e-02    37s
  10   5.39828882e+02 -1.54506253e+03  3.35e+02 9.66e-15  6.56e-03    38s
  11   4.04690802e+02 -3.59813293e+02  1.86e+02 2.93e-15  2.88e-03    38s
  12   2.67148527e+02 -1.00191942e+02  3.44e+01 1.53e-15  9.39e-04    38s
  13   2.43198319e+02  1.19954690e+02  1.06e+01 4.86e-16  3.03e-04    39s
  14   2.35277961e+02  2.03490636e+02  2.86e+00 4.44e-16  7.78e-05    39s
  15   2.32966688e+02  2.25556404e+02  6.36e-01 4.44e-16  1.73e-05    40s
  16   2.32334411e+02  2.29574045e+02  3.04e-02 4.44e-16  5.17e-06    40s
  17   2.32300074e+02  2.32274765e+02  3.25e-05 4.44e-16  4.63e-08    40s
  18   2.32300000e+02  2.32300000e+02  1.34e-09 4.44e-16  5.27e-14    41s

Barrier solved model in 18 iterations and 40.89 seconds (13.02 work units)
Optimal objective 2.32300000e+02


Root crossover log...

   34071 DPushes remaining with DInf 0.0000000e+00                46s
       0 DPushes remaining with DInf 0.0000000e+00                46s

   99537 PPushes remaining with PInf 0.0000000e+00                46s
   52003 PPushes remaining with PInf 0.0000000e+00                58s
   47918 PPushes remaining with PInf 0.0000000e+00                60s
   38306 PPushes remaining with PInf 0.0000000e+00                69s
   37863 PPushes remaining with PInf 0.0000000e+00                71s
   36175 PPushes remaining with PInf 0.0000000e+00                76s
   34660 PPushes remaining with PInf 0.0000000e+00                81s
   33026 PPushes remaining with PInf 0.0000000e+00                85s
   30047 PPushes remaining with PInf 0.0000000e+00                90s
    5423 PPushes remaining with PInf 0.0000000e+00               122s
    3073 PPushes remaining with PInf 0.0000000e+00               125s
     202 PPushes remaining with PInf 0.0000000e+00               130s
       0 PPushes remaining with PInf 0.0000000e+00               130s

  Push phase complete: Pinf 0.0000000e+00, Dinf 2.1996294e-15    131s


Root simplex log...

Iteration    Objective       Primal Inf.    Dual Inf.      Time
  133611    2.3230000e+02   0.000000e+00   0.000000e+00    131s
Crossover time: 89.55 seconds (32.99 work units)
Concurrent spin time: 0.01s

Solved with barrier

Root relaxation: objective 2.323000e+02, 133611 iterations, 109.20 seconds (37.14 work units)

    Nodes    |    Current Node    |     Objective Bounds      |     Work
 Expl Unexpl |  Obj  Depth IntInf | Incumbent    BestBd   Gap | It/Node Time

     0     0  232.30000    0 2373          -  232.30000      -     -  322s
     0     0  232.30000    0 2974          -  232.30000      -     -  351s
     0     0  232.30000    0 2974          -  232.30000      -     -  354s
     0     0  232.30000    0 5559          -  232.30000      -     -  374s
     0     0  232.30000    0 5559          -  232.30000      -     -  538s
H    0     0                     330.9000000  232.30000  29.8%     -  564s
H    0     0                     329.9000000  232.30000  29.6%     -  565s
H    0     0                     325.7000000  232.30000  28.7%     -  570s
H    0     0                     325.0000000  232.30000  28.5%     -  577s
     0     0  232.30000    0 5461  325.00000  232.30000  28.5%     -  588s
     0     0  232.30000    0 5469  325.00000  232.30000  28.5%     -  592s
     0     0  232.30000    0 5469  325.00000  232.30000  28.5%     -  808s
     0     0  232.30000    0 5470  325.00000  232.30000  28.5%     -  811s
     0     0  232.30000    0 5419  325.00000  232.30000  28.5%     -  817s
     0     0  232.30000    0 5419  325.00000  232.30000  28.5%     -  945s
     0     0  232.30000    0 5407  325.00000  232.30000  28.5%     -  947s
     0     0  232.30000    0 5325  325.00000  232.30000  28.5%     -  951s
     0     0  232.30000    0 5325  325.00000  232.30000  28.5%     - 1185s
     0     0  232.30000    0 5381  325.00000  232.30000  28.5%     - 1188s
     0     0  232.30000    0 5259  325.00000  232.30000  28.5%     - 1192s
     0     0  232.30000    0 5259  325.00000  232.30000  28.5%     - 1323s
     0     0  232.30000    0 5258  325.00000  232.30000  28.5%     - 1327s
     0     0  232.30000    0 5258  325.00000  232.30000  28.5%     - 1522s
H    0     2                     315.3000000  232.30000  26.3%     - 1900s
     0     2  232.30000    0 5258  315.30000  232.30000  26.3%     - 1900s
     1     4  232.30000    1 5163  315.30000  232.30000  26.3%   380 1921s
H    3     7                     314.9000000  232.30000  26.2%  1728 1953s
     6    11  232.30000    3 10671  314.90000  232.30000  26.2%  2842 1989s
    10    15  232.30000    4 8863  314.90000  232.30000  26.2%  2000 2016s
    14    17  260.64865    5 10117  314.90000  232.30000  26.2%  2509 2057s
    16    20  232.30000    5 14067  314.90000  232.30000  26.2%  2654 2081s
    21    24  232.30000    6 17071  314.90000  232.30000  26.2%  2453 2104s
H   23    24                     310.3000000  232.30000  25.1%  2334 2104s
H   24    24                     301.7000000  232.30000  23.0%  2263 2104s
    25    37  251.81445    7 14673  301.70000  232.30000  23.0%  2322 2143s
    42    47  232.30000    8 7116  301.70000  232.30000  23.0%  2022 2168s
    57    53  232.30000   10 5352  301.70000  232.30000  23.0%  1710 2193s
    63    59  251.81445   12 11001  301.70000  232.30000  23.0%  1843 2215s
    69    61  232.30000   12 4137  301.70000  232.30000  23.0%  1942 2243s
    71    68  232.30000   13 4853  301.70000  232.30000  23.0%  1925 2284s
    86    73  232.30000   15 3799  301.70000  232.30000  23.0%  1657 2306s
    94    80  232.30000   17 3112  301.70000  232.30000  23.0%  1600 2329s
   101    96  232.30000   19 5295  301.70000  232.30000  23.0%  1551 2359s
   117    98  233.30000   22 8111  301.70000  232.30000  23.0%  1472 2412s
   127   104  233.49481   25 13221  301.70000  232.30000  23.0%  1416 2464s
   140   107  233.57830   27 10932  301.70000  232.30000  23.0%  1495 2508s
   146   118  241.10542   28 14064  301.70000  232.30000  23.0%  1500 2553s
   159   126  260.04739   29 14438  301.70000  232.30000  23.0%  1477 2590s
   167   133  234.30000   29 10351  301.70000  232.30000  23.0%  1472 2645s
   174   142  256.07194   31 13056  301.70000  232.30000  23.0%  1466 2703s
   184   146  234.30000   31 17363  301.70000  232.30000  23.0%  1438 2755s
   188   151  256.07194   32 19705  301.70000  232.30000  23.0%  1483 2857s
   193   155  234.30000   32 15981  301.70000  232.30000  23.0%  1491 2922s
   198   174  234.47761   33 15638  301.70000  232.30000  23.0%  1489 2952s
   228   194  234.55373   35 20448  301.70000  232.30000  23.0%  1407 2987s
   248   222  234.73134   37 21967  301.70000  232.30000  23.0%  1474 3024s
   276   243  234.90896   38 15342  301.70000  232.30000  23.0%  1403 3064s
   297   247  234.93433   39 16192  301.70000  232.30000  23.0%  1424 3141s
   301   267  235.38183   40 30998  301.70000  232.30000  23.0%  1455 3173s
   321   303  235.41271   41 28548  301.70000  232.30000  23.0%  1417 3201s
   359   307  235.92388   53 18593  301.70000  232.30000  23.0%  1354 3229s
   363   311  235.99769   54 28376  301.70000  232.30000  23.0%  1363 3252s
H  365   311                     301.6000000  232.30000  23.0%  1356 3252s
   367   321  235.99769   55 30922  301.60000  232.30000  23.0%  1363 3404s
   377   342  236.09744   60 25471  301.60000  232.30000  23.0%  1381 3434s
   402   369  236.27755   66 29665  301.60000  232.30000  23.0%  1372 3481s
   431   398  236.47740   72 22400  301.60000  232.30000  23.0%  1377 3520s
   460   434  236.70501   76 29385  301.60000  232.30000  23.0%  1356 3560s
   500   453  236.83540   86 22515  301.60000  232.30000  23.0%  1305 3694s
   523   479  237.28559   96 26416  301.60000  232.30000  23.0%  1263 3742s
   553   515  237.35597  106 19037  301.60000  232.30000  23.0%  1252 3794s
   597   562  237.48248  120 23258  301.60000  232.30000  23.0%  1219 3851s
   648   588  238.15710  150 18507  301.60000  232.30000  23.0%  1169 3892s
   680   622  263.21210  166 12888  301.60000  232.30000  23.0%  1159 4166s
   720   693  267.01195  167 13030  301.60000  232.30000  23.0%  1120 4223s
   797   781  263.83560  167 16696  301.60000  232.30000  23.0%  1040 4295s
   885   819  263.88821  168 13898  301.60000  232.30000  23.0%   947 4392s
   935   846  289.99195  169 11645  301.60000  232.30000  23.0%   934 4468s
   965   863  269.67836  169 17439  301.60000  232.30000  23.0%   945 4569s
  1002   867  269.87836  170 17439  301.60000  232.30000  23.0%   945 4626s
  1006   871  270.13336  171 16885  301.60000  232.30000  23.0%   953 4717s
  1010   875  270.18135  172 19715  301.60000  232.30000  23.0%   962 4774s
  1014   879  270.18135  173 19110  301.60000  232.30000  23.0%   962 4824s
  1018   893  270.46477  174 21401  301.60000  232.30000  23.0%   959 4880s
  1032   924  270.58822  175 23331  301.60000  232.30000  23.0%   957 4961s
  1063   998  271.14210  176 18679  301.60000  232.30000  23.0%   954 5044s
  1150   999  299.88843   89 5258  301.60000  232.30000  23.0%   903 5434s
  1152  1000  250.35680   37 3953  301.60000  232.30000  23.0%   901 5662s
H 1152   949                     299.0000000  232.30000  22.3%   901 5964s
H 1152   902                     298.7000000  232.30000  22.2%   901 5964s
H 1152   857                     291.3000000  232.30000  20.3%   901 5964s
H 1152   814                     289.0000000  232.30000  19.6%   901 5964s
  1153   815  280.25773  123 2335  289.00000  232.30000  19.6%   901 6008s
H 1153   774                     288.0000000  232.30000  19.3%   901 6342s
H 1153   735                     287.3000000  232.30000  19.1%   901 6345s
  1154   736  266.81178   34  753  287.30000  232.30000  19.1%   900 6354s
  1155   736  287.30000  153  769  287.30000  232.30000  19.1%   899 6369s
  1156   737  276.35455   79 1128  287.30000  232.30000  19.1%   898 6442s
  1157   738  260.41996   32 1137  287.30000  243.21313  15.3%   897 6454s
  1158   738  287.30000   96 1061  287.30000  243.21313  15.3%   897 6555s
  1159   739  271.19252   58 1061  287.30000  243.21313  15.3%   896 6583s
  1160   740  280.25773  182  864  287.30000  243.21313  15.3%   895 6643s
  1161   740  243.21313   73  864  287.30000  243.21313  15.3%   894 6663s
  1162   741  252.84839    8 1998  287.30000  243.21313  15.3%   894 6815s
  1163   742  287.30000   77 4595  287.30000  243.21313  15.3%   893 7162s

Cutting planes:
  Gomory: 1
  Cover: 4
  Projected implied bound: 5
  MIR: 629
  StrongCG: 963
  Flow cover: 1173
  GUB cover: 1
  Inf proof: 1
  Zero half: 2
  RLT: 5

Explored 1163 nodes (2111273 simplex iterations) in 7204.99 seconds (4571.46 work units)
Thread count was 4 (of 8 available processors)

Solution count 10: 287.3 287.3 288 ... 310.3

Time limit reached
Best objective 2.873000000000e+02, best bound 2.433000000000e+02, gap 15.3150%
