
Gurobi 13.0.2 (linux64) logging started Tue Jun 30 20:53:49 2026

Set parameter LogFile to value "src/Resultados/Restriccion demanda/logs/C202-25.xml_log.log"
Set parameter Threads to value 4
Gurobi Optimizer version 13.0.2 build v13.0.2rc1 (linux64 - "Rocky Linux 9.7 (Blue Onyx)")

CPU model: QEMU Virtual CPU version 2.5+, instruction set [SSE2]
Thread count: 8 physical cores, 8 logical processors, using up to 4 threads

Non-default parameters:
TimeLimit  7200
Threads  4

Optimize a model with 374139 rows, 216975 columns and 1948635 nonzeros (Min)
Model fingerprint: 0x91a59b8b
Model has 10800 linear objective coefficients
Variable types: 51405 continuous, 165570 integer (165555 binary)
Coefficient statistics:
  Matrix range     [1e+00, 1e+05]
  Objective range  [2e+00, 6e+01]
  Bounds range     [1e+00, 4e+03]
  RHS range        [1e+00, 1e+05]

Presolve removed 51030 rows and 45 columns (presolve time = 5s)...
Presolve removed 126709 rows and 105 columns (presolve time = 10s)...
Presolve removed 127295 rows and 120 columns (presolve time = 15s)...
Presolve removed 127295 rows and 120 columns
Presolve time: 18.76s
Presolved: 246844 rows, 216855 columns, 1022760 nonzeros
Variable types: 375 continuous, 216480 integer (190125 binary)
Deterministic concurrent LP optimizer: primal simplex, dual simplex, and barrier
Showing barrier log only...

Root barrier log...

Ordering time: 4.87s

Barrier statistics:
 Dense cols : 15
 AA' NZ     : 2.008e+06
 Factor NZ  : 7.430e+06 (roughly 250 MB of memory)
 Factor Ops : 9.913e+08 (less than 1 second per iteration)
 Threads    : 1

                  Objective                Residual
Iter       Primal          Dual         Primal    Dual     Compl     Time
   0   1.25025198e+06 -4.99716000e+05  8.29e+05 0.00e+00  2.15e+01    43s
   1   4.78603326e+05 -4.88579149e+05  3.19e+05 4.36e-02  9.04e+00    44s
   2   2.36555870e+05 -6.53501742e+05  1.60e+05 2.36e-04  4.36e+00    44s
   3   1.02168061e+05 -3.02723499e+05  6.89e+04 3.91e-13  1.73e+00    45s
   4   8.75170939e+03 -5.75415062e+04  5.60e+03 9.33e-14  1.94e-01    46s
   5   6.16998306e+03 -7.94143035e+03  3.87e+03 1.11e-14  6.51e-02    47s
   6   4.26926754e+03 -3.82926909e+03  2.49e+03 2.89e-15  3.67e-02    49s
   7   1.80466686e+03 -1.46727176e+03  9.43e+02 2.05e-15  1.35e-02    50s
   8   9.89862789e+02 -3.43076665e+02  4.53e+02 5.27e-16  5.99e-03    51s
   9   3.41842510e+02 -3.52780773e+01  7.36e+01 4.44e-16  1.23e-03    52s
  10   3.04963528e+02  9.32315262e+01  5.30e+01 4.44e-16  7.43e-04    52s
  11   2.24640507e+02  1.51712516e+02  7.50e+00 4.44e-16  1.77e-04    53s
  12   2.15035783e+02  1.80403150e+02  2.05e+00 4.44e-16  7.33e-05    54s
  13   2.12526865e+02  2.00642449e+02  6.27e-01 4.44e-16  2.41e-05    54s
  14   2.11581785e+02  2.06602142e+02  9.69e-02 4.44e-16  9.04e-06    55s
  15   2.11403870e+02  2.11075175e+02  1.60e-03 4.44e-16  5.69e-07    56s
  16   2.11400000e+02  2.11399986e+02  3.56e-08 4.44e-16  2.45e-11    56s
  17   2.11400000e+02  2.11400000e+02  4.39e-10 6.66e-16  4.07e-17    57s

Barrier solved model in 17 iterations and 57.17 seconds (15.18 work units)
Optimal objective 2.11400000e+02


Root crossover log...

   34589 DPushes remaining with DInf 0.0000000e+00                58s
       0 DPushes remaining with DInf 0.0000000e+00                58s

  138753 PPushes remaining with PInf 0.0000000e+00                58s
   65134 PPushes remaining with PInf 0.0000000e+00                60s
   45233 PPushes remaining with PInf 0.0000000e+00                65s
   30742 PPushes remaining with PInf 0.0000000e+00                70s
   22646 PPushes remaining with PInf 0.0000000e+00                75s
   18287 PPushes remaining with PInf 0.0000000e+00                80s
   14097 PPushes remaining with PInf 0.0000000e+00                85s
    9717 PPushes remaining with PInf 0.0000000e+00                90s
    5159 PPushes remaining with PInf 0.0000000e+00                95s
    1134 PPushes remaining with PInf 0.0000000e+00               100s
       0 PPushes remaining with PInf 0.0000000e+00               103s

  Push phase complete: Pinf 0.0000000e+00, Dinf 3.0808689e-15    103s


Root simplex log...

Iteration    Objective       Primal Inf.    Dual Inf.      Time
  138835    2.1140000e+02   0.000000e+00   0.000000e+00    103s
Crossover time: 45.60 seconds (21.08 work units)
Concurrent spin time: 0.01s

Solved with barrier

Root relaxation: objective 2.114000e+02, 138835 iterations, 75.37 seconds (26.64 work units)

    Nodes    |    Current Node    |     Objective Bounds      |     Work
 Expl Unexpl |  Obj  Depth IntInf | Incumbent    BestBd   Gap | It/Node Time

     0     0  211.40000    0 2473          -  211.40000      -     -  265s
     0     0  211.40000    0 4884          -  211.40000      -     -  354s
     0     0  211.40000    0 4883          -  211.40000      -     -  371s
     0     0  211.40000    0 3191          -  211.40000      -     -  412s
     0     0  211.40000    0 3191          -  211.40000      -     -  575s
     0     0  211.40000    0 3375          -  211.40000      -     -  621s
     0     0  211.40000    0 12371          -  211.40000      -     -  646s
     0     0  211.40000    0 5328          -  211.40000      -     -  917s
     0     0  211.40000    0 7685          -  211.40000      -     -  932s
     0     0  211.40000    0 10294          -  211.40000      -     -  971s
     0     0  211.40000    0 10294          -  211.40000      -     - 1333s
H    0     0                     349.1000000  211.40000  39.4%     - 1536s
H    0     0                     348.4000000  211.40000  39.3%     - 1546s
     0     0  211.40000    0 10300  348.40000  211.40000  39.3%     - 1546s
     0     0  211.40000    0 15284  348.40000  211.40000  39.3%     - 1583s
     0     0  211.40000    0 15284  348.40000  211.40000  39.3%     - 1967s
     0     0  211.40000    0 15283  348.40000  211.40000  39.3%     - 1971s
     0     0  211.40000    0 16117  348.40000  211.40000  39.3%     - 2015s
     0     0  211.40000    0 16117  348.40000  211.40000  39.3%     - 2021s
     0     2  211.40000    0 16117  348.40000  211.40000  39.3%     - 2100s
     1     4  211.40000    1 13762  348.40000  211.40000  39.3%  1594 2131s
     3     8  211.40000    2 16988  348.40000  211.40000  39.3%  4360 2180s
     7    12  211.40094    3 20618  348.40000  211.40000  39.3%  3769 2202s
    11    22  211.40094    4 20208  348.40000  211.40000  39.3%  3284 2224s
    21    29  211.40094    6 21596  348.40000  211.40000  39.3%  2656 2250s
    28    31  211.40094    7 22195  348.40000  211.40000  39.3%  2402 2276s
    30    36  211.40094    8 21522  348.40000  211.40000  39.3%  2364 2322s
    35    45  211.40094   10 20350  348.40000  211.40000  39.3%  2301 2369s
    44    57  211.40094   11 19073  348.40000  211.40000  39.3%  2180 2427s
    56    73  211.40094   15 28440  348.40000  211.40000  39.3%  2420 2489s
    72    92  211.61354   18 21455  348.40000  211.40000  39.3%  2191 2579s
    91   113  213.30075   21 28396  348.40000  211.40000  39.3%  2123 2653s
   113   134  216.80094   25 27288  348.40000  211.40000  39.3%  2072 2723s
   135   149  216.80094   26 27191  348.40000  211.40000  39.3%  1875 2791s
   152   171  216.82585   29 23612  348.40000  211.40000  39.3%  1881 2881s
   176   180  216.95289   35 18564  348.40000  211.40000  39.3%  1787 2965s
   189   195  217.04158   38 19795  348.40000  211.40000  39.3%  1776 3041s
   204   212  217.36086   44 15210  348.40000  211.40000  39.3%  1720 3135s
   221   225  217.62253   48 14858  348.40000  211.40000  39.3%  1781 3216s
   234   234  219.11414   51 13858  348.40000  211.40000  39.3%  1742 3404s
H  243   238                     343.2000000  211.40000  38.4%  1717 3465s
H  245   238                     336.4000000  211.40000  37.2%  1703 3465s
H  246   238                     332.7000000  211.40000  36.5%  1699 3465s
   247   244  219.76631   54 16541  332.70000  211.40000  36.5%  1699 3587s
   259   256  221.32344   59 14301  332.70000  211.40000  36.5%  1689 3720s
   275   269  221.94523   60 16716  332.70000  211.40000  36.5%  1750 3810s
   297   275  235.02753   62 30992  332.70000  211.40000  36.5%  1834 3896s
   315   299  222.70675   63 13048  332.70000  211.40000  36.5%  1881 3993s
   339   312  225.06952   70 20579  332.70000  211.40000  36.5%  1878 4147s
   352   340  225.74927   73 15226  332.70000  211.40000  36.5%  1866 4226s
   380   353  229.79686   86 22752  332.70000  211.40000  36.5%  1819 4306s
   393   369  232.11542   92 27359  332.70000  211.40000  36.5%  1835 4424s
   410   381  233.93778  100 18571  332.70000  211.40000  36.5%  1837 4512s
   427   409  234.24231  101 17956  332.70000  211.40094  36.5%  1860 4607s
   455   428  237.06163  111 17277  332.70000  211.40094  36.5%  1842 4750s
H  468   428                     331.3000000  211.40094  36.2%  1801 4751s
H  474   434                     329.5000000  211.40094  35.8%  1808 4809s
H  479   433                     327.1000000  211.40094  35.4%  1819 4809s
   480   455  239.58910  123 17932  327.10000  211.40094  35.4%  1816 5008s
   502   501  239.92064  125 18356  327.10000  211.40094  35.4%  1780 5089s
   549   554  243.92409  134 17771  327.10000  211.40094  35.4%  1743 5161s
   602   616  248.07382  142 21716  327.10000  211.40094  35.4%  1700 5241s
   668   688  248.52873  154 22044  327.10000  211.40094  35.4%  1608 5318s
   710   688  219.46840    4 19586  327.10000  211.40094  35.4%  1537 5320s
   749   707  249.51581  181 32008  327.10000  211.40094  35.4%  1519 5415s
   768   776  249.83375  184 26295  327.10000  211.40094  35.4%  1551 5493s
   837   788  250.18359  196 27133  327.10000  211.40094  35.4%  1497 6591s
   849   793  250.18889  201 24316  327.10000  211.40094  35.4%  1517 6687s
   854   848  250.27164  203 27598  327.10000  211.40094  35.4%  1511 6806s
   909   915  250.50375  229 24767  327.10000  211.40094  35.4%  1470 6961s
   976   996  250.87483  264 15042  327.10000  211.40094  35.4%  1424 7185s

Cutting planes:
  Gomory: 2
  Lift-and-project: 1
  Cover: 27
  Implied bound: 2220
  Clique: 37
  MIR: 313
  StrongCG: 2
  Flow cover: 4
  GUB cover: 1
  RLT: 79
  Relax-and-lift: 541

Explored 1057 nodes (1979714 simplex iterations) in 7204.38 seconds (4827.34 work units)
Thread count was 4 (of 8 available processors)

Solution count 8: 327.1 329.5 331.3 ... 349.1

Time limit reached
Best objective 3.271000000000e+02, best bound 2.115000000000e+02, gap 35.3409%
