
Gurobi 13.0.2 (linux64) logging started Wed Jul  1 17:18:24 2026

Set parameter LogFile to value "src/Resultados/Restriccion demanda/logs/C207-25.xml_log.log"
Set parameter Threads to value 4
Gurobi Optimizer version 13.0.2 build v13.0.2rc1 (linux64 - "Rocky Linux 9.7 (Blue Onyx)")

CPU model: QEMU Virtual CPU version 2.5+, instruction set [SSE2]
Thread count: 8 physical cores, 8 logical processors, using up to 4 threads

Non-default parameters:
TimeLimit  7200
Threads  4

Optimize a model with 373749 rows, 216585 columns and 1925235 nonzeros (Min)
Model fingerprint: 0xac440540
Model has 10410 linear objective coefficients
Variable types: 51405 continuous, 165180 integer (165165 binary)
Coefficient statistics:
  Matrix range     [1e+00, 1e+05]
  Objective range  [2e+00, 6e+01]
  Bounds range     [1e+00, 4e+03]
  RHS range        [1e+00, 1e+05]

Presolve removed 0 rows and 0 columns (presolve time = 17s)...
Presolve removed 102034 rows and 45 columns (presolve time = 20s)...
Presolve removed 126709 rows and 105 columns (presolve time = 26s)...
Presolve removed 127295 rows and 120 columns (presolve time = 30s)...
Presolve removed 127310 rows and 120 columns (presolve time = 35s)...
Presolve removed 127310 rows and 120 columns (presolve time = 40s)...
Presolve removed 127310 rows and 120 columns
Presolve time: 40.25s
Presolved: 246439 rows, 216465 columns, 1019190 nonzeros
Variable types: 375 continuous, 216090 integer (189735 binary)
Deterministic concurrent LP optimizer: primal simplex, dual simplex, and barrier
Showing barrier log only...

Root barrier log...

Ordering time: 4.25s

Barrier statistics:
 Dense cols : 15
 AA' NZ     : 1.959e+06
 Factor NZ  : 7.098e+06 (roughly 240 MB of memory)
 Factor Ops : 7.922e+08 (less than 1 second per iteration)
 Threads    : 1

                  Objective                Residual
Iter       Primal          Dual         Primal    Dual     Compl     Time
   0   1.21702516e+06 -4.99408594e+05  8.66e+05 0.00e+00  2.22e+01    76s
   1   4.85971316e+05 -4.88745951e+05  3.47e+05 4.42e-02  9.59e+00    77s
   2   2.40911231e+05 -7.65522046e+05  1.74e+05 7.96e-13  4.93e+00    78s
   3   1.25887281e+05 -4.82672389e+05  9.08e+04 1.78e-13  2.47e+00    78s
   4   4.12271880e+04 -1.29167080e+05  2.96e+04 1.90e-13  6.84e-01    79s
   5   3.64648253e+03 -1.11644706e+04  2.33e+03 9.06e-14  5.36e-02    80s
   6   4.71061039e+02 -3.33103972e+03  9.75e+01 3.20e-14  7.45e-03    81s
   7   3.02246103e+02 -1.04446868e+03  3.32e+01 1.14e-14  2.86e-03    82s
   8   2.43692434e+02 -1.60472197e+02  1.36e+01 3.00e-15  9.20e-04    83s
   9   2.16550915e+02  1.02425312e+02  4.96e+00 7.66e-16  2.76e-04    83s
  10   2.05907156e+02  1.71869056e+02  1.66e+00 4.44e-16  8.31e-05    84s
  11   2.02000318e+02  1.91734474e+02  4.58e-01 4.44e-16  2.31e-05    85s
  12   2.00644271e+02  1.98229475e+02  4.35e-02 4.44e-16  4.44e-06    85s
  13   2.00500420e+02  2.00425797e+02  1.03e-04 4.44e-16  1.29e-07    86s
  14   2.00500000e+02  2.00499926e+02  4.10e-08 4.44e-16  1.29e-10    86s
  15   2.00500000e+02  2.00500000e+02  3.10e-10 4.44e-16  1.29e-13    87s

Barrier solved model in 15 iterations and 87.00 seconds (14.15 work units)
Optimal objective 2.00500000e+02


Root crossover log...

   32033 DPushes remaining with DInf 0.0000000e+00                87s
       0 DPushes remaining with DInf 0.0000000e+00                88s

  103982 PPushes remaining with PInf 0.0000000e+00                88s
   67626 PPushes remaining with PInf 0.0000000e+00                95s
   35929 PPushes remaining with PInf 0.0000000e+00               113s
   33526 PPushes remaining with PInf 0.0000000e+00               115s
   12617 PPushes remaining with PInf 0.0000000e+00               134s
   11783 PPushes remaining with PInf 0.0000000e+00               135s
    6901 PPushes remaining with PInf 0.0000000e+00               140s
    2350 PPushes remaining with PInf 0.0000000e+00               145s
       0 PPushes remaining with PInf 0.0000000e+00               150s

  Push phase complete: Pinf 0.0000000e+00, Dinf 2.2204460e-15    150s


Root simplex log...

Iteration    Objective       Primal Inf.    Dual Inf.      Time
  136018    2.0050000e+02   0.000000e+00   0.000000e+00    151s
Crossover time: 64.28 seconds (25.04 work units)
Concurrent spin time: 18.28s (can be avoided by choosing Method=3)

Solved with barrier

Root relaxation: objective 2.005000e+02, 136018 iterations, 116.12 seconds (29.65 work units)

    Nodes    |    Current Node    |     Objective Bounds      |     Work
 Expl Unexpl |  Obj  Depth IntInf | Incumbent    BestBd   Gap | It/Node Time

     0     0  200.50000    0 33896          -  200.50000      -     -  489s
     0     0  200.50000    0 28543          -  200.50000      -     -  491s
     0     0  200.50000    0 35233          -  200.50000      -     -  829s
     0     0  200.50000    0 34954          -  200.50000      -     -  921s
     0     0  200.50000    0 7893          -  200.50000      -     - 1133s
     0     0  200.50000    0 21964          -  200.50000      -     - 1235s
     0     0  200.50000    0 12617          -  200.50000      -     - 1396s
     0     0  200.50000    0 20842          -  200.50000      -     - 1440s
     0     0  200.50000    0 20841          -  200.50000      -     - 1446s
     0     0  200.50000    0 20841          -  200.50000      -     - 1734s
     0     0  200.50000    0 21018          -  200.50000      -     - 1738s
     0     0  200.50000    0 35130          -  200.50000      -     - 1836s
     0     0  200.50000    0 21229          -  200.50000      -     - 2292s
     0     0  200.50000    0 31801          -  200.50000      -     - 2308s
     0     0  200.50000    0 29143          -  200.50000      -     - 2318s
     0     0  200.50000    0 48991          -  200.50000      -     - 2401s
     0     0  200.50000    0 21735          -  200.50000      -     - 2564s
     0     0  200.50000    0 28506          -  200.50000      -     - 2868s
     0     0  200.52084    0 34331          -  200.52084      -     - 2924s
     0     0  200.52084    0 19231          -  200.52084      -     - 3256s
     0     0  200.52084    0 19223          -  200.52084      -     - 3261s
     0     0  200.52084    0 19233          -  200.52084      -     - 3262s
     0     0  200.86076    0 23572          -  200.86076      -     - 3337s
     0     0  201.41680    0 23568          -  201.41680      -     - 3341s
     0     0  201.53783    0 22816          -  201.53783      -     - 3399s
     0     0  201.53892    0 24364          -  201.53892      -     - 3407s
     0     0  201.53892    0 24686          -  201.53892      -     - 3408s
     0     0  203.19742    0 20626          -  203.19742      -     - 3461s
     0     0  203.19743    0 18803          -  203.19743      -     - 3467s
     0     0  207.98036    0 24226          -  207.98036      -     - 3491s
     0     0  207.98036    0 23867          -  207.98036      -     - 3497s
     0     0  211.08383    0 19750          -  211.08383      -     - 3534s
     0     0  211.08383    0 22094          -  211.08383      -     - 3539s
     0     0  211.08383    0 31428          -  211.08383      -     - 3565s
     0     0  211.08383    0 30738          -  211.08383      -     - 3576s
     0     0  211.08383    0 30408          -  211.08383      -     - 3578s
H    0     0                     459.3000000  211.08383  54.0%     - 3601s
     0     0  211.66256    0 21018  459.30000  211.66256  53.9%     - 3631s
     0     0  211.66256    0 13818  459.30000  211.66256  53.9%     - 4156s
H    0     0                     420.2000000  211.66256  49.6%     - 4156s
     0     0  211.85887    0 18060  420.20000  211.85887  49.6%     - 4164s
     0     0  211.85887    0 17698  420.20000  211.85887  49.6%     - 4166s
     0     0  211.86889    0 23742  420.20000  211.86889  49.6%     - 4190s
     0     0  211.86889    0 26068  420.20000  211.86889  49.6%     - 4227s
     0     0  212.54227    0 24524  420.20000  212.54227  49.4%     - 4260s
     0     0  212.58256    0 25820  420.20000  212.58256  49.4%     - 4277s
     0     0  212.58256    0 26935  420.20000  212.58256  49.4%     - 4280s
     0     0  212.58256    0 23205  420.20000  212.58256  49.4%     - 4304s
     0     0  212.58256    0 24290  420.20000  212.58256  49.4%     - 4312s
     0     0  212.58256    0 26794  420.20000  212.58256  49.4%     - 4352s
     0     0  212.58256    0 32654  420.20000  212.58256  49.4%     - 4391s
     0     0  212.58256    0 26548  420.20000  212.58256  49.4%     - 4430s
     0     0  212.58256    0 26548  420.20000  212.58256  49.4%     - 4924s
     0     0  212.58256    0 26548  420.20000  212.58256  49.4%     - 4933s
     0     0  212.58256    0 26548  420.20000  212.58256  49.4%     - 5358s
     0     2  212.58256    0 26548  420.20000  212.58256  49.4%     - 5417s
     1     4  212.58256    1 27804  420.20000  212.58256  49.4%  3807 5496s
     3     8  212.58256    2 24315  420.20000  212.58256  49.4%  6469 5648s
     7    12  212.58256    3 24202  420.20000  212.58256  49.4%  4027 5688s
    11    18  212.58256    4 24273  420.20000  212.58256  49.4%  3632 5738s
    17    27  212.58256    7 20437  420.20000  212.58256  49.4%  2869 5764s
    26    33  212.71058    8 34012  420.20000  212.58256  49.4%  2722 5794s
    32    46  212.58256    8 27192  420.20000  212.58256  49.4%  2396 5832s
    45    52  212.58256   11 22259  420.20000  212.58256  49.4%  1919 5868s
    51    56  212.58256   12 20018  420.20000  212.58256  49.4%  1823 5889s
    55    61  212.58256   13 26835  420.20000  212.58256  49.4%  1796 5952s
    60    66  213.42533   13 23568  420.20000  212.58256  49.4%  1774 5977s
    65    69  212.58256   14 22817  420.20000  212.58256  49.4%  1767 6072s
H   69    69                     415.2000000  212.58256  48.8%  1710 6072s
    70    76  212.58256   15 22785  415.20000  212.58256  48.8%  1716 6257s
    77    81  212.58256   16 23096  415.20000  212.58256  48.8%  1764 6352s
H   82    84                     413.3000000  212.58256  48.6%  1746 6433s
    85    88  212.58256   18 24798  413.30000  212.58256  48.6%  1762 6467s
H   86    88                     411.4000000  212.58256  48.3%  1741 6467s
    89    93  213.42533   18 24134  411.40000  212.58256  48.3%  1755 6556s
    94    97  212.58256   19 22584  411.40000  212.58256  48.3%  1736 6624s
    99   111  212.58256   20 29506  411.40000  212.58256  48.3%  1780 6695s
   113   120  213.42533   20 23266  411.40000  212.58256  48.3%  1696 6765s
   122   132  212.58256   22 25837  411.40000  212.58256  48.3%  1783 6830s
   134   154  212.58256   25 31247  411.40000  212.58256  48.3%  1843 6877s
   157   159  212.65271   27 32471  411.40000  212.58256  48.3%  1759 6974s
   162   178  212.65271   29 28972  411.40000  212.58256  48.3%  1744 7019s
   181   196  212.71058   36 28821  411.40000  212.58256  48.3%  1700 7091s
   199   200  213.16397   42 33221  411.40000  212.58256  48.3%  1577 7130s
H  201   200                     402.1000000  212.58256  47.1%  1561 7130s
   203   229  213.18679   43 34965  402.10000  212.58256  47.1%  1556 7164s
   232   259  213.45877   54 38365  402.10000  212.58256  47.1%  1421 7200s

Cutting planes:
  Learned: 1
  Gomory: 3
  Cover: 655
  Implied bound: 7676
  Clique: 47
  MIR: 762
  StrongCG: 8
  Flow cover: 20
  GUB cover: 13
  Zero half: 3
  RLT: 214
  Relax-and-lift: 4548
  BQP: 2

Explored 262 nodes (1423974 simplex iterations) in 7204.05 seconds (3338.02 work units)
Thread count was 4 (of 8 available processors)

Solution count 6: 402.1 411.4 413.3 ... 459.3

Time limit reached
Best objective 4.021000000000e+02, best bound 2.126000000000e+02, gap 47.1276%
