
Gurobi 13.0.2 (linux64) logging started Tue Jun 16 21:03:55 2026

Set parameter LogFile to value "src/Resultados/Sin Restricciones/logs/R210-50.xml_log.log"
Set parameter Threads to value 4
Gurobi Optimizer version 13.0.2 build v13.0.2rc1 (linux64 - "Rocky Linux 9.7 (Blue Onyx)")

CPU model: QEMU Virtual CPU version 2.5+, instruction set [SSE2]
Thread count: 8 physical cores, 8 logical processors, using up to 4 threads

Non-default parameters:
TimeLimit  7200
Threads  4

Optimize a model with 272090 rows, 171150 columns and 1235175 nonzeros (Min)
Model fingerprint: 0x8ad6863c
Model has 38895 linear objective coefficients
Variable types: 33210 continuous, 137940 integer (137925 binary)
Coefficient statistics:
  Matrix range     [1e+00, 2e+05]
  Objective range  [4e+00, 6e+01]
  Bounds range     [1e+00, 2e+03]
  RHS range        [1e+00, 2e+05]

Presolve removed 81750 rows and 180 columns (presolve time = 5s)...
Presolve removed 81780 rows and 195 columns
Presolve time: 7.96s
Presolved: 190310 rows, 170955 columns, 935145 nonzeros
Variable types: 750 continuous, 170205 integer (153360 binary)
Deterministic concurrent LP optimizer: primal simplex, dual simplex, and barrier
Showing barrier log only...

Root barrier log...

Elapsed ordering time = 5s
Ordering time: 6.29s

Barrier statistics:
 Dense cols : 45
 AA' NZ     : 4.920e+06
 Factor NZ  : 2.773e+07 (roughly 400 MB of memory)
 Factor Ops : 2.125e+10 (roughly 3 seconds per iteration)
 Threads    : 1

                  Objective                Residual
Iter       Primal          Dual         Primal    Dual     Compl     Time
   0   3.31299609e+06 -2.44713405e+06  2.23e+05 1.11e-16  1.07e+02    21s
   1   1.00102296e+06 -2.51113946e+06  6.84e+04 5.56e-01  3.75e+01    23s
   2   2.08914930e+05 -2.63894449e+06  1.45e+04 1.09e-02  1.10e+01    25s
   3   2.04632236e+04 -3.81515357e+05  1.31e+03 7.41e-05  1.22e+00    28s
   4   3.42921041e+03 -7.39908550e+04  1.33e+02 1.13e-05  1.90e-01    31s
   5   1.34826267e+03 -7.78504194e+03  1.02e+01 9.10e-07  2.13e-02    35s
   6   8.62199498e+02 -4.07921108e+03  2.15e+00 5.01e-07  1.09e-02    39s
   7   6.06374710e+02 -1.17877762e+03  5.56e-01 1.76e-07  3.92e-03    43s
   8   5.01299209e+02  1.43138154e+02  1.09e-01 3.17e-08  7.89e-04    47s
   9   4.62736172e+02  4.40535706e+02  2.68e-03 3.75e-10  4.79e-05    52s
  10   4.57259221e+02  4.47092349e+02  1.80e-04 2.36e-10  2.18e-05    56s
  11   4.54978386e+02  4.50813636e+02  9.71e-05 9.57e-12  8.93e-06    59s
  12   4.54326356e+02  4.52232776e+02  5.88e-05 8.99e-13  4.49e-06    64s
  13   4.53342232e+02  4.53212735e+02  1.61e-09 2.54e-14  2.77e-07    68s
  14   4.53309654e+02  4.53306064e+02  2.95e-09 1.93e-15  7.69e-09    72s
  15   4.53309372e+02  4.53309211e+02  3.96e-07 4.66e-13  3.47e-10    75s
  16   4.53309327e+02  4.53309327e+02  3.99e-09 3.85e-14  1.45e-12    79s

Barrier solved model in 16 iterations and 78.87 seconds (48.92 work units)
Optimal objective 4.53309327e+02


Root crossover log...

   44969 DPushes remaining with DInf 0.0000000e+00                79s
   22201 DPushes remaining with DInf 0.0000000e+00                80s
   11015 DPushes remaining with DInf 0.0000000e+00                85s
       0 DPushes remaining with DInf 0.0000000e+00                89s

    1664 PPushes remaining with PInf 3.4274698e-04                89s
       0 PPushes remaining with PInf 0.0000000e+00                89s

  Push phase complete: Pinf 0.0000000e+00, Dinf 1.9940633e-12     89s


Root simplex log...

Iteration    Objective       Primal Inf.    Dual Inf.      Time
   46351    4.5330933e+02   0.000000e+00   0.000000e+00     89s
Crossover time: 10.58 seconds (6.24 work units)
Concurrent spin time: 0.04s

Solved with barrier

Root relaxation: objective 4.533093e+02, 46351 iterations, 78.79 seconds (47.30 work units)

    Nodes    |    Current Node    |     Objective Bounds      |     Work
 Expl Unexpl |  Obj  Depth IntInf | Incumbent    BestBd   Gap | It/Node Time

     0     0  453.30933    0 19941          -  453.30933      -     -   92s
     0     0  453.30933    0 20071          -  453.30933      -     -  128s
     0     0  453.30933    0 26783          -  453.30933      -     -  143s
     0     0  453.30933    0 24538          -  453.30933      -     -  189s
     0     0  453.30933    0 15387          -  453.30933      -     -  196s
     0     0  453.30933    0 28707          -  453.30933      -     -  212s
     0     0  453.30933    0 13218          -  453.30933      -     -  238s
     0     0  453.30933    0 13159          -  453.30933      -     -  241s
     0     0  453.30933    0 19614          -  453.30933      -     -  257s
     0     0  453.30933    0 19618          -  453.30933      -     -  295s
     0     0  453.30933    0 19618          -  453.30933      -     -  295s
     0     0  453.30933    0 15381          -  453.30933      -     -  298s
     0     0  453.30933    0 15452          -  453.30933      -     -  312s
     0     0  453.67790    0 13297          -  453.67790      -     -  347s
     0     0  453.67790    0 13297          -  453.67790      -     -  347s
     0     0  453.67790    0 13147          -  453.67790      -     -  349s
     0     0  453.67820    0 13222          -  453.67820      -     -  366s
     0     0  456.90249    0 15392          -  456.90249      -     -  419s
     0     0  457.06517    0 15379          -  457.06517      -     -  432s
     0     0  457.07233    0 15371          -  457.07233      -     -  432s
     0     0  457.24471    0 13215          -  457.24471      -     -  434s
     0     0  457.24471    0 13214          -  457.24471      -     -  434s
     0     0  459.26712    0 16395          -  459.26712      -     -  450s
     0     0  459.52962    0 20067          -  459.52962      -     -  468s
     0     0  459.52962    0 20067          -  459.52962      -     -  470s
     0     0  459.56214    0 21084          -  459.56214      -     -  472s
     0     0  459.56850    0 18329          -  459.56850      -     -  478s
     0     0  459.57424    0 18596          -  459.57424      -     -  483s
     0     0  459.69203    0 15446          -  459.69203      -     -  485s
     0     0  459.69415    0 16170          -  459.69415      -     -  486s
     0     0  459.69416    0 18318          -  459.69416      -     -  487s
     0     0  513.25123    0 13655          -  513.25123      -     -  539s
     0     0  513.25123    0 12721          -  513.25123      -     -  555s
     0     0  513.25123    0 13953          -  513.25123      -     -  576s
     0     0  513.25123    0 13961          -  513.25123      -     -  576s
     0     0  513.50121    0 12941          -  513.50121      -     -  591s
     0     0  513.50121    0 12938          -  513.50121      -     -  592s
     0     0  514.73395    0 12376          -  514.73395      -     -  607s
     0     0  514.73395    0 6824          -  514.73395      -     -  712s
     0     0  514.73395    0 11162          -  514.73395      -     -  733s
     0     0  514.73395    0 9673          -  514.73395      -     -  737s
     0     0  514.93162    0 13090          -  514.93162      -     -  769s
     0     0  514.93162    0 13086          -  514.93162      -     -  769s
     0     0  515.12325    0 13178          -  515.12325      -     -  790s
     0     0  515.16418    0 13011          -  515.16418      -     -  813s
     0     0  515.16418    0 10522          -  515.16418      -     -  829s
     0     0  515.21251    0 13398          -  515.21251      -     -  852s
     0     0  515.21747    0 13177          -  515.21747      -     -  870s
     0     0  515.59798    0 12819          -  515.59798      -     -  899s
     0     0  516.28134    0 12725          -  516.28134      -     - 1100s
     0     0  516.28134    0 12693          -  516.28134      -     - 1100s
     0     0  516.65911    0 12675          -  516.65911      -     - 1106s
     0     0  516.67560    0 12571          -  516.67560      -     - 1108s
     0     0  516.68642    0 12578          -  516.68642      -     - 1109s
     0     0  521.56909    0 12314          -  521.56909      -     - 1129s
     0     0  521.62576    0 12630          -  521.62576      -     - 1155s
     0     0  521.62576    0 13126          -  521.62576      -     - 1176s
     0     0  521.78199    0 14678          -  521.78199      -     - 1217s
     0     0  521.78199    0 13156          -  521.78199      -     - 1234s
     0     0  521.92276    0 11317          -  521.92276      -     - 1283s
     0     0  522.02690    0 11897          -  522.02690      -     - 1314s
     0     0  522.09698    0 11965          -  522.09698      -     - 1319s
     0     0  522.11650    0 12871          -  522.11650      -     - 1326s
     0     0  522.11652    0 10944          -  522.11652      -     - 1329s
     0     0  525.17455    0 14204          -  525.17455      -     - 1369s
     0     0  525.21752    0 11537          -  525.21752      -     - 1384s
     0     0  525.21752    0 13331          -  525.21752      -     - 1396s
     0     0  527.44991    0 15555          -  527.44991      -     - 1437s
     0     0  527.55587    0 15811          -  527.55587      -     - 1454s
     0     0  527.61314    0 13783          -  527.61314      -     - 1458s
     0     0  527.61314    0 13568          -  527.61314      -     - 1460s
     0     0  528.05636    0 17292          -  528.05636      -     - 1498s
     0     0  528.21286    0 17113          -  528.21286      -     - 1525s
     0     0  528.21286    0 14934          -  528.21286      -     - 1537s
     0     0  529.63849    0 15137          -  529.63849      -     - 1580s
     0     0  529.63849    0 14187          -  529.63849      -     - 1604s
     0     0  530.36856    0 16053          -  530.36856      -     - 1642s
     0     0  530.36856    0 15542          -  530.36856      -     - 1660s
     0     0  534.56144    0 17839          -  534.56144      -     - 1695s
     0     0  534.56144    0 14983          -  534.56144      -     - 1717s
     0     0  534.90490    0 18420          -  534.90490      -     - 1751s
     0     0  534.90490    0 20373          -  534.90490      -     - 1776s
     0     0  535.37725    0 18266          -  535.37725      -     - 1829s
     0     0  535.46215    0 18319          -  535.46215      -     - 1887s
     0     0  535.46215    0 16564          -  535.46215      -     - 1915s
     0     0  535.46215    0 16564          -  535.46215      -     - 1920s
     0     0  535.46215    0 6691          -  535.46215      -     - 2070s
     0     2  535.46215    0 6491          -  535.46215      -     - 2180s
     1     3  545.20197    1 4795          -  535.46215      -  5772 2206s
     2     6  548.45635    2 4814          -  535.46215      -  3100 2213s
     5    10  548.45635    3 4808          -  535.75522      -  1673 2221s
     9    22  548.45635    4 5766          -  535.75522      -  1927 2243s
    21    37  548.45635    5 5959          -  535.75522      -  1159 2254s
    36    45  548.45635    7 9028          -  535.75522      -   845 2266s
    44    76  548.47934    8 9019          -  535.75522      -   834 2285s
    76    90  549.46134   18 8198          -  535.75522      -   580 2302s
    91   101  584.19671   23 9316          -  535.75522      -   604 2313s
   104   108  584.30109   24 10792          -  535.75522      -   566 2320s
   112   114 infeasible   24               -  535.75522      -   548 2328s
   120   127  591.09303   27 8904          -  535.75522      -   556 2338s
   133   135  593.76964   29 12373          -  535.75522      -   531 2343s
   141   142  592.81456   29 12616          -  535.75522      -   518 2358s
   148   161  593.01777   30 12622          -  535.75522      -   496 2372s
   167   178  594.39429   39 14053          -  535.75522      -   478 2379s
   184   190  596.69694   46 13799          -  535.75522      -   454 2385s
   198   199  597.21658   49 13479          -  535.75522      -   431 2395s
   207   213  597.46873   51 12144          -  535.75522      -   425 2402s
   221   230  597.74588   56 13561          -  535.75522      -   408 2408s
   238   243  599.89226   61 13285          -  535.75522      -   385 2418s
   251   251  601.82073   65 13996          -  535.75522      -   386 2433s
   259   259  602.55319   66 14182          -  535.75522      -   390 2444s
   273   268  540.29198    7 10584          -  535.75522      -   391 2828s
   282   272  540.93441   11 8316          -  535.75522      -   394 3309s
   286   276  540.96625   12 8373          -  535.75522      -   394 4036s
   290   280  540.96625   13 8800          -  535.75522      -   390 4501s
   294   285  540.97511   14 8793          -  535.75522      -   390 4854s
   299   289  540.97511   15 8790          -  535.75522      -   389 4883s
   303   293  540.97511   16 8059          -  535.75522      -   386 4911s
   307   297  541.20507   17 7934          -  535.75522      -   381 4934s
   311   301  541.20507   18 7926          -  535.75522      -   377 4960s
   315   305  541.21238   19 7932          -  535.75522      -   372 4987s
   319   309  541.37090   20 7927          -  535.75522      -   371 5023s
   323   313  541.37090   21 9741          -  535.75522      -   376 5059s
   327   317  541.37090   22 9866          -  535.75522      -   375 5083s
   331   320  541.37090   23 11792          -  535.75522      -   375 5112s
   336   323  541.38933   24 11801          -  535.75522      -   375 5145s
   341   327  541.39402   25 11806          -  535.75522      -   371 5174s
   345   331  541.43610   26 11804          -  535.75522      -   370 5199s
   349   335  541.57196   27 11801          -  535.75522      -   369 5223s
   353   339  541.59662   28 11928          -  535.75522      -   365 5248s
   357   343  541.63664   29 11649          -  535.75522      -   363 5273s
   361   347  541.72205   30 11636          -  535.75522      -   360 5296s
   365   351  541.72443   31 11715          -  535.75522      -   357 5322s
   369   354  541.89973   32 11647          -  535.75522      -   353 5352s
   374   358  541.93938   33 11651          -  535.75522      -   356 5383s
   378   362  541.98484   34 11650          -  535.75522      -   353 5412s
   382   363  542.00663   35 11648          -  535.75522      -   350 5442s
   389   367  542.04992   36 11650          -  535.75522      -   347 5472s
   393   371  542.13866   37 12025          -  535.75522      -   346 5501s
   397   375  542.13866   38 10118          -  535.75522      -   351 5527s
   401   379  542.13866   39 9992          -  535.75522      -   356 5559s
   405   383  542.15308   40 9993          -  535.75522      -   362 5589s
   409   387  542.20042   41 9996          -  535.75522      -   361 5768s
   413   391  542.20042   42 10787          -  535.75522      -   360 5794s
   417   395  542.21081   43 10784          -  535.75522      -   357 5838s
   421   399  542.25795   44 10787          -  535.75522      -   354 5866s
   425   403  542.28543   45 10789          -  535.75522      -   351 5899s
   429   407  542.29700   46 10785          -  535.75522      -   350 5927s
   433   411  542.31969   47 10786          -  535.75522      -   347 5963s
   437   415  542.33796   48 10790          -  535.75522      -   344 5990s
   441   419  542.39998   49 10913          -  535.75522      -   341 6019s
   445   423  542.41341   50 10124          -  535.75522      -   338 6060s
   449   427  542.42057   51 10756          -  535.75522      -   336 6210s
   453   431  542.44640   52 10911          -  535.75522      -   334 6326s
   457   448  542.47980   53 10929          -  535.75522      -   333 6377s
   474   475  542.90562   67 12975          -  535.75522      -   322 6715s
   501   504  543.46803   91 11014          -  535.75522      -   305 6757s
   530   534  544.67705  117 11016          -  535.75522      -   293 6828s
   560   566  545.63242  143 11075          -  535.75522      -   279 6878s
   592   597  546.35166  172 9314          -  535.75522      -   270 6960s
   625   725  546.88689  201 9804          -  535.75522      -   258 7011s
   753   877  548.35990  233 11836          -  535.75522      -   229 7064s
   905   994  555.60526  271 8900          -  535.75522      -   200 7133s
  1034  1126  540.18706    6 9790          -  535.75522      -   192 7175s

Cutting planes:
  Learned: 1
  Cover: 95
  Implied bound: 2648
  Clique: 1202
  MIR: 203
  StrongCG: 30
  Flow cover: 24
  GUB cover: 15
  Zero half: 7
  RLT: 298
  Relax-and-lift: 3958

Explored 1166 nodes (561601 simplex iterations) in 7203.49 seconds (5421.48 work units)
Thread count was 4 (of 8 available processors)

Solution count 0

Time limit reached
Best objective -, best bound 5.358000000000e+02, gap -
