
Gurobi 13.0.2 (linux64) logging started Tue Jun 30 18:51:51 2026

Set parameter LogFile to value "src/Resultados/Restriccion demanda/logs/C201-50.xml_log.log"
Set parameter Threads to value 4
Gurobi Optimizer version 13.0.2 build v13.0.2rc1 (linux64 - "Rocky Linux 9.7 (Blue Onyx)")

CPU model: QEMU Virtual CPU version 2.5+, instruction set [SSE2]
Thread count: 8 physical cores, 8 logical processors, using up to 4 threads

Non-default parameters:
TimeLimit  7200
Threads  4

Optimize a model with 375214 rows, 223845 columns and 3999375 nonzeros (Min)
Model fingerprint: 0xac9cf3f6
Model has 25995 linear objective coefficients
Variable types: 49605 continuous, 174240 integer (174225 binary)
Coefficient statistics:
  Matrix range     [1e+00, 1e+05]
  Objective range  [2e+00, 6e+01]
  Bounds range     [1e+00, 4e+03]
  RHS range        [1e+00, 1e+05]

Presolve removed 0 rows and 0 columns (presolve time = 5s)...
Presolve removed 97684 rows and 45 columns (presolve time = 11s)...
Presolve removed 120169 rows and 105 columns (presolve time = 15s)...
Presolve removed 121650 rows and 120 columns (presolve time = 20s)...
Presolve removed 122190 rows and 120 columns (presolve time = 25s)...
Presolve removed 122205 rows and 120 columns (presolve time = 30s)...
Presolve removed 122205 rows and 120 columns
Presolve time: 32.03s
Presolved: 253009 rows, 223725 columns, 1141500 nonzeros
Variable types: 735 continuous, 222990 integer (196635 binary)
Deterministic concurrent LP optimizer: primal simplex, dual simplex, and barrier
Showing barrier log only...

Root barrier log...

Elapsed ordering time = 5s
Elapsed ordering time = 10s
Ordering time: 10.72s

Barrier statistics:
 Dense cols : 15
 AA' NZ     : 3.093e+06
 Factor NZ  : 1.782e+07 (roughly 340 MB of memory)
 Factor Ops : 8.859e+09 (roughly 2 seconds per iteration)
 Threads    : 1

                  Objective                Residual
Iter       Primal          Dual         Primal    Dual     Compl     Time
   0   9.30059223e+06 -6.94278843e+06  1.86e+06 2.22e-16  5.85e+02    70s
   1   6.56142490e+06 -7.39860532e+06  1.32e+06 6.17e-01  4.02e+02    72s
   2   1.64867259e+06 -1.25932674e+07  3.33e+05 1.85e-12  1.16e+02    74s
   3   8.09434422e+05 -9.01030720e+06  1.63e+05 1.42e-13  5.70e+01    76s
   4   7.00805592e+05 -8.97189310e+06  1.41e+05 1.11e-13  5.12e+01    78s
   5   3.80767480e+05 -8.73654819e+06  7.61e+04 1.06e-13  3.40e+01    80s
   6   1.91588128e+05 -2.30986333e+06  3.80e+04 6.86e-13  1.23e+01    83s
   7   3.26570089e+04 -2.92629802e+05  6.25e+03 7.47e-12  1.77e+00    86s
   8   3.70810331e+03 -8.02132292e+04  4.55e+02 2.61e-12  2.07e-01    88s
   9   2.01137446e+03 -1.03334516e+04  1.47e+02 3.32e-13  5.43e-02    91s
  10   1.15752812e+03 -3.72249401e+03  3.77e+01 1.07e-13  1.63e-02    94s
  11   6.88922218e+02 -2.15487800e+03  1.20e+01 6.17e-14  7.26e-03    96s
  12   4.81320597e+02 -7.55206103e+02  3.50e+00 2.58e-14  2.76e-03    99s
  13   4.45441622e+02 -2.50352256e+02  2.41e+00 1.39e-14  1.62e-03   101s
  14   3.97228406e+02  2.12565755e+02  3.14e-01 5.18e-15  3.58e-04   104s
  15   3.88137434e+02  2.58024425e+02  2.10e-01 4.01e-15  2.45e-04   106s
  16   3.85995554e+02  3.65765830e+02  1.65e-01 4.52e-15  3.90e-05   108s
  17   3.77885833e+02  3.76661022e+02  1.51e-03 6.66e-16  2.04e-06   110s
  18   3.77800085e+02  3.77798864e+02  9.82e-11 1.01e-15  2.03e-09   112s
  19   3.77800000e+02  3.77799999e+02  4.78e-10 6.66e-16  1.92e-12   115s

Barrier solved model in 19 iterations and 114.52 seconds (38.61 work units)
Optimal objective 3.77800000e+02


Root crossover log...

   29761 DPushes remaining with DInf 0.0000000e+00               117s
       0 DPushes remaining with DInf 0.0000000e+00               118s

  100211 PPushes remaining with PInf 0.0000000e+00               118s
   78001 PPushes remaining with PInf 0.0000000e+00               124s
   76798 PPushes remaining with PInf 0.0000000e+00               125s
   48187 PPushes remaining with PInf 0.0000000e+00               137s
   28141 PPushes remaining with PInf 0.0000000e+00               164s
   27573 PPushes remaining with PInf 0.0000000e+00               165s
    1448 PPushes remaining with PInf 0.0000000e+00               221s
       0 PPushes remaining with PInf 0.0000000e+00               223s

  Push phase complete: Pinf 0.0000000e+00, Dinf 9.6998798e-14    223s


Root simplex log...

Iteration    Objective       Primal Inf.    Dual Inf.      Time
  129975    3.7780000e+02   0.000000e+00   0.000000e+00    224s
Crossover time: 109.71 seconds (35.88 work units)
Concurrent spin time: 0.10s

Solved with barrier

Root relaxation: objective 3.778000e+02, 129975 iterations, 180.37 seconds (59.35 work units)

    Nodes    |    Current Node    |     Objective Bounds      |     Work
 Expl Unexpl |  Obj  Depth IntInf | Incumbent    BestBd   Gap | It/Node Time

     0     0  377.80000    0 22989          -  377.80000      -     -  796s
     0     0  377.80000    0 14711          -  377.80000      -     -  930s
     0     0  377.80000    0 14723          -  377.80000      -     -  935s
     0     0  377.80000    0 14713          -  377.80000      -     -  946s
     0     0  377.80000    0 19891          -  377.80000      -     -  953s
     0     0  377.80000    0 21081          -  377.80000      -     -  968s
     0     0  377.80000    0 21079          -  377.80000      -     -  974s
     0     0  377.80000    0 17909          -  377.80000      -     - 1012s
     0     0  377.80000    0 17908          -  377.80000      -     - 1012s
     0     0  377.80000    0 17456          -  377.80000      -     - 1261s
     0     0  377.80000    0 9005          -  377.80000      -     - 1271s
     0     0  377.80000    0 13721          -  377.80000      -     - 1308s
     0     0  377.80000    0 13720          -  377.80000      -     - 1309s
     0     0  377.80000    0 13720          -  377.80000      -     - 1410s
     0     0  377.80000    0 13768          -  377.80000      -     - 1420s
     0     0  377.80000    0 11691          -  377.80000      -     - 1445s
     0     0  377.80000    0 11691          -  377.80000      -     - 1445s
     0     0  377.80000    0 11473          -  377.80000      -     - 1682s
     0     0  377.80000    0 14961          -  377.80000      -     - 1706s
     0     0  377.80000    0 13976          -  377.80000      -     - 1710s
     0     0  377.80000    0 6393          -  377.80000      -     - 1754s
     0     0  377.80000    0 6393          -  377.80000      -     - 1754s
     0     0  377.80000    0 4411          -  377.80000      -     - 1940s
     0     0  377.80000    0 6345          -  377.80000      -     - 1950s
     0     0  377.80000    0 6344          -  377.80000      -     - 1950s
     0     0  377.80000    0 6545          -  377.80000      -     - 1962s
     0     0  377.80000    0 6545          -  377.80000      -     - 1963s
     0     0  377.80000    0 4407          -  377.80000      -     - 2143s
     0     0  377.80000    0 3565          -  377.80000      -     - 2171s
     0     0  377.80000    0 4332          -  377.80000      -     - 2194s
     0     0  377.80000    0 4332          -  377.80000      -     - 2195s
     0     0  377.80000    0 4332          -  377.80000      -     - 2448s
     0     0  377.80000    0 5162          -  377.80000      -     - 2480s
     0     0  377.80000    0 5987          -  377.80000      -     - 2494s
     0     0  377.80000    0 5987          -  377.80000      -     - 2494s
     0     0  377.80000    0 5987          -  377.80000      -     - 2829s
     0     0  377.80000    0 4868          -  377.80000      -     - 3131s
     0     0  377.80000    0 5397          -  377.80000      -     - 3150s
     0     0  377.80000    0 5397          -  377.80000      -     - 3151s
     0     0  377.80000    0 5397          -  377.80000      -     - 3329s
     0     0  377.80000    0 5564          -  377.80000      -     - 3335s
     0     0  377.80000    0 5589          -  377.80000      -     - 3347s
     0     0  377.80000    0 5589          -  377.80000      -     - 3347s
     0     0  377.80000    0 5589          -  377.80000      -     - 3442s
     0     0  377.80000    0 5589          -  377.80000      -     - 3449s
     0     0  377.80000    0 5589          -  377.80000      -     - 3617s
     0     2  377.80000    0 5589          -  377.80000      -     - 3903s
     1     4  377.80000    1 6580          -  377.80000      -  2381 3913s
     3     7  377.80000    2 7076          -  377.80000      -  1956 3992s
     6    10  377.80000    3 8273          -  377.80000      -  3373 4038s
     9    12  377.80000    4 8251          -  377.80000      -  3177 4090s
    11    17  377.80000    5 5844          -  377.80000      -  3673 4174s
    16    29  377.80000    7 3767          -  377.80000      -  5412 4351s
    28    40  377.80000   10 3096          -  377.80000      -  5012 4446s
    39    42  382.02304   10 4484          -  377.80000      -  4500 4552s
    41    85  382.02304   12 6394          -  377.80000      -  4541 4721s
    84   119  389.74364   30 12557          -  377.80000      -  3145 4846s
   118   129  392.04667   36 14688          -  377.80000      -  2863 4952s
   128   148  412.65070   37 14599          -  377.80000      -  2815 5083s
H  147   168                     640.3000000  377.80000  41.0%  2607 5194s
   167   207  401.00181   38 12115  640.30000  377.80000  41.0%  2488 5348s
   206   237  405.25714   44 13945  640.30000  377.80000  41.0%  2434 5492s
   236   267  409.93528   49 12953  640.30000  377.80000  41.0%  2480 5631s
   266   311  414.55714   55 10500  640.30000  377.80000  41.0%  2520 5767s
   310   332  417.37718   65 10898  640.30000  377.80000  41.0%  2354 5879s
   331   364  419.21246   69 17513  640.30000  377.80000  41.0%  2353 5997s
   363   408  421.15520   79 19217  640.30000  377.80000  41.0%  2307 6207s
   407   475  422.61516   91 13367  640.30000  377.80000  41.0%  2190 6293s
   474   555  424.93309  106 15871  640.30000  377.80000  41.0%  2004 6369s
   554   618  426.01711  123 18725  640.30000  377.80000  41.0%  1777 6455s
   617   643  428.72057  143 15856  640.30000  377.80000  41.0%  1655 6563s
H  622   643                     551.1000000  377.80000  31.4%  1659 6563s
   642   665  434.18894  146 21335  551.10000  377.80000  31.4%  1631 6723s
H  652   665                     549.7000000  377.80000  31.3%  1634 6724s
   664   684  434.53284  151 14082  549.70000  377.80000  31.3%  1617 7081s
   683   692  434.64478  152 11983  549.70000  377.80000  31.3%  1594 7200s

Cutting planes:
  Cover: 1606
  Implied bound: 3349
  Clique: 369
  MIR: 414
  StrongCG: 1
  Flow cover: 12
  Zero half: 1
  RLT: 76
  Relax-and-lift: 1887

Explored 691 nodes (2068953 simplex iterations) in 7203.63 seconds (4659.63 work units)
Thread count was 4 (of 8 available processors)

Solution count 3: 549.7 551.1 640.3 

Time limit reached
Best objective 5.497000000000e+02, best bound 3.778000000000e+02, gap 31.2716%
