
Gurobi 13.0.2 (linux64) logging started Sun Jun 14 02:50:04 2026

Set parameter LogFile to value "src/Resultados/Sin Restricciones/logs/R106-25.xml_log.log"
Set parameter Threads to value 4
Gurobi Optimizer version 13.0.2 build v13.0.2rc1 (linux64 - "Rocky Linux 9.7 (Blue Onyx)")

CPU model: QEMU Virtual CPU version 2.5+, instruction set [SSE2]
Thread count: 8 physical cores, 8 logical processors, using up to 4 threads

Non-default parameters:
TimeLimit  7200
Threads  4

Optimize a model with 111961 rows, 68100 columns and 466890 nonzeros (Min)
Model fingerprint: 0xbd1bb30f
Model has 9675 linear objective coefficients
Variable types: 14475 continuous, 53625 integer (53610 binary)
Coefficient statistics:
  Matrix range     [1e+00, 4e+04]
  Objective range  [7e+00, 6e+01]
  Bounds range     [1e+00, 2e+03]
  RHS range        [1e+00, 4e+04]

Presolve removed 34965 rows and 150 columns
Presolve time: 3.12s
Presolved: 76996 rows, 67950 columns, 342750 nonzeros
Variable types: 375 continuous, 67575 integer (59640 binary)
Deterministic concurrent LP optimizer: primal and dual simplex
Showing primal log only...


Root simplex log...

Iteration    Objective       Primal Inf.    Dual Inf.      Time
    5492    4.9566210e+02   3.148404e+02   1.709314e+10      5s
   16206    4.3449597e+02   1.187961e+02   5.067142e+09     10s
   22089    5.5690224e+02   3.182273e+01   4.772726e+09     15s
   26037    5.4787282e+02   1.098041e+01   1.789093e+10     20s
   30321    5.3581156e+02   1.640505e+00   2.024416e+08     25s
   35409    4.3065082e+02   0.000000e+00   6.080206e+05     30s
   40974    3.5440787e+02   0.000000e+00   2.562679e+06     35s
   49242    3.2459623e+02   0.000000e+00   1.972691e+04     40s
   54810    3.1881806e+02   0.000000e+00   7.546228e+03     45s
   58728    3.1780008e+02   3.550723e+03   0.000000e+00     50s
   61091    3.1780018e+02   2.267093e+03   0.000000e+00     55s
   63195    3.1780027e+02   4.326182e+03   0.000000e+00     60s
Concurrent spin time: 6.10s (can be avoided by choosing Method=3)

Solved with dual simplex

Root simplex log...

Iteration    Objective       Primal Inf.    Dual Inf.      Time
   48312    3.2705385e+02   0.000000e+00   0.000000e+00     62s

Root relaxation: objective 3.270539e+02, 48312 iterations, 58.25 seconds (44.97 work units)

    Nodes    |    Current Node    |     Objective Bounds      |     Work
 Expl Unexpl |  Obj  Depth IntInf | Incumbent    BestBd   Gap | It/Node Time

     0     0  327.05385    0 4063          -  327.05385      -     -   63s
     0     0  327.05385    0 7392          -  327.05385      -     -   75s
     0     0  327.05385    0 5768          -  327.05385      -     -   84s
     0     0  327.05385    0 5768          -  327.05385      -     -   85s
     0     0  327.05385    0 2661          -  327.05385      -     -   86s
     0     0  327.08553    0 5129          -  327.08553      -     -   97s
     0     0  327.08553    0 5129          -  327.08553      -     -   97s
     0     0  327.08553    0 2650          -  327.08553      -     -   98s
     0     0  330.68853    0 11168          -  330.68853      -     -  102s
     0     0  330.68853    0 9600          -  330.68853      -     -  114s
     0     0  330.68853    0 10215          -  330.68853      -     -  117s
     0     0  330.68853    0 7600          -  330.68853      -     -  123s
     0     0  330.70374    0 9364          -  330.70374      -     -  125s
     0     0  330.70374    0 10604          -  330.70374      -     -  126s
     0     0  330.74039    0 9743          -  330.74039      -     -  133s
     0     0  330.74039    0 9743          -  330.74039      -     -  133s
     0     0  330.74039    0 3955          -  330.74039      -     -  134s
     0     0  330.74111    0 4958          -  330.74111      -     -  136s
     0     0  330.74111    0 4496          -  330.74111      -     -  136s
     0     0  330.81993    0 7204          -  330.81993      -     -  141s
     0     0  330.81993    0 6753          -  330.81993      -     -  143s
     0     0  333.64469    0 9632          -  333.64469      -     -  151s
     0     0  333.65379    0 13523          -  333.65379      -     -  172s
     0     0  333.65379    0 12204          -  333.65379      -     -  172s
     0     0  333.68632    0 9156          -  333.68632      -     -  176s
     0     0  333.70245    0 8796          -  333.70245      -     -  178s
     0     0  333.70245    0 6781          -  333.70245      -     -  179s
     0     0  333.98620    0 10280          -  333.98620      -     -  183s
     0     0  333.98854    0 9565          -  333.98854      -     -  184s
     0     0  336.12679    0 5163          -  336.12679      -     -  190s
     0     0  336.20997    0 6709          -  336.20997      -     -  191s
     0     0  336.20997    0 6706          -  336.20997      -     -  192s
     0     0  336.56284    0 7177          -  336.56284      -     -  195s
     0     0  336.71637    0 7097          -  336.71637      -     -  196s
     0     0  336.72608    0 7334          -  336.72608      -     -  197s
     0     0  336.72680    0 6611          -  336.72680      -     -  197s
     0     0  337.29092    0 7303          -  337.29092      -     -  203s
     0     0  337.32347    0 7232          -  337.32347      -     -  205s
     0     0  337.34018    0 8697          -  337.34018      -     -  205s
     0     0  337.34063    0 7289          -  337.34063      -     -  205s
     0     0  339.02994    0 7306          -  339.02994      -     -  210s
     0     0  339.07223    0 6947          -  339.07223      -     -  211s
     0     0  339.12821    0 8110          -  339.12821      -     -  211s
     0     0  339.12832    0 8113          -  339.12832      -     -  212s
     0     0  339.92035    0 7656          -  339.92035      -     -  218s
     0     0  340.11325    0 8666          -  340.11325      -     -  219s
     0     0  340.18359    0 7515          -  340.18359      -     -  220s
     0     0  340.20068    0 7595          -  340.20068      -     -  220s
     0     0  340.20746    0 7597          -  340.20746      -     -  221s
     0     0  340.20746    0 7599          -  340.20746      -     -  221s
     0     0  340.35199    0 9034          -  340.35199      -     -  226s
     0     0  340.35408    0 8332          -  340.35408      -     -  227s
     0     0  340.50440    0 7513          -  340.50440      -     -  231s
     0     0  340.56208    0 7057          -  340.56208      -     -  233s
     0     0  340.59717    0 7059          -  340.59717      -     -  233s
     0     0  340.59744    0 7220          -  340.59744      -     -  233s
     0     0  343.72991    0 6445          -  343.72991      -     -  238s
     0     0  344.07305    0 8373          -  344.07305      -     -  240s
     0     0  344.16156    0 7829          -  344.16156      -     -  241s
     0     0  344.16230    0 8005          -  344.16230      -     -  241s
     0     0  345.77614    0 6310          -  345.77614      -     -  246s
     0     0  345.86493    0 6685          -  345.86493      -     -  247s
     0     0  345.86934    0 6154          -  345.86934      -     -  248s
     0     0  348.29019    0 5733          -  348.29019      -     -  254s
     0     0  348.41979    0 6654          -  348.41979      -     -  256s
     0     0  348.45017    0 6509          -  348.45017      -     -  256s
     0     0  348.45797    0 6654          -  348.45797      -     -  257s
     0     0  348.45821    0 6661          -  348.45821      -     -  257s
     0     0  348.82116    0 6554          -  348.82116      -     -  261s
     0     0  348.92000    0 7987          -  348.92000      -     -  263s
     0     0  348.95092    0 8743          -  348.95092      -     -  264s
     0     0  348.96977    0 9073          -  348.96977      -     -  264s
     0     0  348.98823    0 7421          -  348.98823      -     -  265s
     0     0  348.99310    0 7425          -  348.99310      -     -  265s
     0     0  350.17241    0 6895          -  350.17241      -     -  270s
     0     0  350.28734    0 5588          -  350.28734      -     -  272s
     0     0  350.30616    0 5894          -  350.30616      -     -  272s
     0     0  350.30628    0 5894          -  350.30628      -     -  272s
     0     0  351.58846    0 7893          -  351.58846      -     -  277s
     0     0  351.76958    0 8355          -  351.76958      -     -  279s
     0     0  351.85750    0 7490          -  351.85750      -     -  279s
     0     0  351.87472    0 5493          -  351.87472      -     -  280s
     0     0  351.87997    0 6196          -  351.87997      -     -  280s
     0     0  352.23132    0 5251          -  352.23132      -     -  284s
     0     0  352.38573    0 5659          -  352.38573      -     -  286s
     0     0  352.40905    0 6386          -  352.40905      -     -  286s
     0     0  352.41153    0 5930          -  352.41153      -     -  286s
     0     0  352.78878    0 7811          -  352.78878      -     -  291s
     0     0  352.85684    0 7833          -  352.85684      -     -  292s
     0     0  352.85684    0 7360          -  352.85684      -     -  292s
     0     0  353.07438    0 6198          -  353.07438      -     -  297s
     0     0  353.09850    0 9137          -  353.09850      -     -  298s
     0     0  353.10214    0 7255          -  353.10214      -     -  299s
     0     0  353.28680    0 10047          -  353.28680      -     -  302s
     0     0  353.37582    0 7230          -  353.37582      -     -  305s
     0     0  353.40723    0 5770          -  353.40723      -     -  306s
     0     0  353.43722    0 6950          -  353.43722      -     -  306s
     0     0  353.44431    0 6691          -  353.44431      -     -  307s
     0     0  353.44782    0 7092          -  353.44782      -     -  307s
     0     0  353.59827    0 8273          -  353.59827      -     -  312s
     0     0  353.69549    0 7671          -  353.69549      -     -  313s
     0     0  353.71352    0 8402          -  353.71352      -     -  314s
     0     0  353.71352    0 8402          -  353.71352      -     -  314s
     0     0  354.11221    0 6857          -  354.11221      -     -  319s
     0     0  354.17848    0 7172          -  354.17848      -     -  321s
     0     0  354.20223    0 5896          -  354.20223      -     -  321s
     0     0  354.22055    0 6476          -  354.22055      -     -  322s
     0     0  354.22323    0 6458          -  354.22323      -     -  322s
     0     0  354.28597    0 6810          -  354.28597      -     -  326s
     0     0  354.30057    0 7141          -  354.30057      -     -  327s
     0     0  354.30119    0 6984          -  354.30119      -     -  327s
     0     0  354.33556    0 6206          -  354.33556      -     -  330s
     0     0  354.33855    0 6206          -  354.33855      -     -  332s
     0     0  354.33855    0 5275          -  354.33855      -     -  333s
     0     2  354.38715    0 4658          -  354.38715      -     -  350s
     3     8  355.08405    2 6264          -  354.46551      -   344  357s
     7    12  355.09930    3 5528          -  355.09930      -   423  362s
    11    22  355.15536    4 4824          -  355.10249      -   310  369s
    21    30  355.20849    5 4098          -  355.10249      -   280  375s
    29    39  355.32974    6 4643          -  355.10249      -   309  380s
    38    45  355.80957    7 7066          -  355.10249      -   287  387s
    44    51  355.93521    8 6267          -  355.10249      -   311  392s
    50    58  356.63137    9 7233          -  355.10249      -   315  397s
    59    65  356.83342   10 8667          -  355.10249      -   300  404s
    66    72  356.83793   11 6757          -  355.10249      -   297  408s
    73    79  356.84579   12 7337          -  355.10249      -   293  413s
    82    89  356.87376   13 6287          -  355.10249      -   284  417s
    94    98  356.89497   14 5572          -  355.10249      -   264  422s
   105   112  357.05622   15 7006          -  355.10249      -   247  426s
   119   127  357.12058   16 6264          -  355.10249      -   228  430s
   145   153  357.18779   18 6282          -  355.10249      -   202  438s
   160   165  357.20088   19 5560          -  355.10249      -   192  442s
   172   175  357.34122   20 4370          -  355.10249      -   187  446s
   182   188  357.34456   21 4852          -  355.10249      -   181  451s
   195   194  357.40939   22 6759          -  355.10249      -   178  462s
   201   208  357.41574   23 5651          -  355.10249      -   176  467s
   217   215  357.46721   24 5490          -  355.10249      -   171  481s
   228   226  357.59462   25 5961          -  355.12188      -   170  487s
   245   230  357.60535   26 5465          -  355.12188      -   171  538s
   249   246  357.60652   27 5476          -  355.12188      -   172  585s
   265   267  357.64794   28 4743          -  355.12188      -   169  590s
   288   273  357.68876   29 5405          -  355.12188      -   163  595s
   294   303  357.71420   30 5469          -  355.12188      -   162  600s
   324   334  357.83822   31 8449          -  355.12188      -   155  605s
   355   370  357.86321   32 8460          -  355.12188      -   149  612s
   391   406  357.87788   33 8453          -  355.12188      -   142  617s
   429   439  357.89521   34 7649          -  355.12188      -   135  623s
   464   455  357.95857   35 7893          -  355.12188      -   132  630s
   486   495  358.00038   36 7712          -  355.18593      -   132  636s
   526   530  358.00570   37 8449          -  355.18593      -   128  642s
   561   548  358.08247   38 8283          -  355.18593      -   127  648s
   579   598  358.12587   39 7582          -  355.18593      -   126  657s
   629   646  358.15423   40 7013          -  355.18593      -   122  663s
   677   713  358.20659   41 7735          -  355.18593      -   120  670s
   744   770  358.29382   42 7906          -  355.18593      -   115  678s
   803   824  358.30220   43 7741          -  355.18593      -   114  705s
   869   874  358.31500   44 7737          -  355.18593      -   111  713s
   921   927  358.34461   45 6293          -  355.18593      -   110  720s
   974   990  358.37395   46 6303          -  355.18593      -   108  728s
  1037  1081  358.45029   47 7558          -  355.18593      -   107  746s
  1129  1082  388.94126  125 5275          -  355.18593      -   104  807s
  1131  1083  416.66904   32 5775          -  355.18593      -   104  888s
  1132  1084  429.70789  288 4988          -  355.18593      -   104  940s
  1133  1085  430.61202  304 4309          -  360.12939      -   104  950s
  1134  1085  399.47504  283 4410          -  366.14273      -   104  962s
  1135  1086  429.88288  291 3703          -  366.83467      -   103  972s
  1136  1087  398.36656   31 3907          -  369.26756      -   103  982s
  1137  1087  383.58870   16 4580          -  369.26756      -   103  985s
  1139  1089  435.31976  383 4257          -  381.16065      -   103 1005s
  1140  1089  404.08723  302 3406          -  393.67325      -   103 1034s
  1141  1090  422.33536  112 3808          -  407.48286      -   103 1089s
  1142  1091  407.87168   32 5924          -  407.87168      -   103 1108s
  1143  1091  409.34501   69 5499          -  409.34501      -   103 1122s
  1144  1092  420.38706   86 6936          -  409.83436      -   103 1138s
  1145  1093  410.13011   48 7180          -  410.13011      -   103 1153s
  1146  1093  410.35861   78 5380          -  410.35861      -   103 1167s
  1147  1094  410.48999   65 5408          -  410.48999      -   102 1181s
  1148  1095  410.50394  102 5713          -  410.50394      -   102 1186s
  1149  1095  423.25045  121 5536          -  410.50722      -   102 1227s
  1150  1096  411.30275  199 3133          -  411.30275      -   102 1279s
H 1150  1040                     614.8000000  412.86695  32.8%   102 1289s
  1151  1041  435.53197  366 6623  614.80000  412.86695  32.8%   102 1295s
  1152  1041  414.77478  285 5453  614.80000  414.77478  32.5%   102 1300s
  1153  1042  422.56353  115 3344  614.80000  415.94107  32.3%   102 1311s
  1155  1043  416.56321   18 4116  614.80000  416.56321  32.2%   102 1318s
  1156  1044  416.63314  178 2992  614.80000  416.63314  32.2%   102 1320s
  1160  1047  430.96910  311 3031  614.80000  416.90314  32.2%   101 1325s
  1166  1051  419.69887  298 3005  614.80000  417.09220  32.2%   101 1342s
H 1166   998                     609.0000000  418.99909  31.2%   101 1347s
  1167   998  428.91889  263 2986  609.00000  419.01315  31.2%   101 1377s
  1168   999  426.17025  185 2427  609.00000  419.49624  31.1%   101 1387s
  1169  1000  420.04932   91 1949  609.00000  420.04932  31.0%   100 1391s
  1170  1000  420.30156  242 2484  609.00000  420.30156  31.0%   100 1395s
  1171  1001  421.58980   16 3507  609.00000  421.58980  30.8%   100 1403s
  1172  1002  421.58980   28 3377  609.00000  421.58980  30.8%   100 1419s
  1173  1002  422.19279  108 3579  609.00000  421.72680  30.8%   100 1448s
  1174  1003  422.02639  123 6366  609.00000  422.02639  30.7%   100 1461s
  1175  1004  422.02639   92 6002  609.00000  422.02639  30.7%   100 1480s
  1176  1004  425.79021  180 2935  609.00000  422.24434  30.7%   100 1550s
  1177  1005  428.28873  227 3519  609.00000  423.35905  30.5%   100 1589s
  1178  1006  423.55821  245 4510  609.00000  423.55821  30.5%   100 1612s
  1179  1006  423.67188  125 6168  609.00000  423.67188  30.4%   100 1643s
  1180  1007  429.71249  289 4573  609.00000  423.89348  30.4%   100 1658s
  1181  1008  423.89348   20 4134  609.00000  423.89348  30.4%  99.5 1679s
  1182  1008  424.42512  166 3268  609.00000  424.42512  30.3%  99.4 1692s
  1183  1009  424.62346   43 3581  609.00000  424.62346  30.3%  99.3 1702s
  1184  1010  424.62346  208 3286  609.00000  424.62346  30.3%  99.2 1706s
  1186  1011  424.62346   47 2918  609.00000  424.62346  30.3%  99.0 1710s
  1187  1012  424.74363   54 2585  609.00000  424.74363  30.3%  99.0 1728s
  1188  1012  424.79636   17 2471  609.00000  424.79636  30.2%  98.9 1767s
  1189  1013  425.15524   32 4181  609.00000  425.15524  30.2%  98.8 1790s
  1190  1014  435.07217  374 3317  609.00000  425.39400  30.1%  98.7 1802s
  1191  1014  425.84503  298 3685  609.00000  425.84503  30.1%  98.6 1816s
  1192  1015  425.95679  320 2811  609.00000  425.95679  30.1%  98.5 1824s
  1193  1016  429.80272  290 4445  609.00000  426.33465  30.0%  98.5 1838s
  1194  1016  426.64339   63 3501  609.00000  426.64339  29.9%  98.4 1850s
  1196  1018  426.69797  133 2801  609.00000  426.69797  29.9%  98.2 1863s
  1197  1018  426.76930  203 4788  609.00000  426.71101  29.9%  98.1 1881s
  1198  1019  429.38847  273 4773  609.00000  426.71115  29.9%  98.1 1921s
  1199  1020  427.41081   69 3151  609.00000  427.41081  29.8%  98.0 1976s
  1200  1020  427.55165   19 3814  609.00000  427.55165  29.8%  97.9 1985s
  1201  1021  432.66042  334 4357  609.00000  427.75555  29.8%  97.8 2004s
  1202  1022  427.76174   34 5372  609.00000  427.76174  29.8%  97.7 2013s
  1203  1022  427.76375   56 5486  609.00000  427.76375  29.8%  97.6 2039s
  1204  1023  428.70458  150 1658  609.00000  428.70458  29.6%  97.6 2119s
H 1204   971                     557.4000000  428.82730  23.1%  97.6 2129s
  1206   972  428.82730   53 4342  557.40000  428.82730  23.1%  97.4 2150s
  1207   973  429.40386   25 2034  557.40000  429.40386  23.0%  97.3 2203s
  1208   974  429.69973   23 5839  557.40000  429.69973  22.9%  97.2 2220s
  1209   974  430.87483  305 5558  557.40000  430.27230  22.8%  97.2 2234s
  1210   975  430.27230   35 5859  557.40000  430.27230  22.8%  97.1 2255s
  1211   976  430.58407   32 1158  557.40000  430.58407  22.8%  97.0 2303s
  1212   976  430.63292   10 2525  557.40000  430.63292  22.7%  96.9 2319s
  1213   977  430.67278   10 2782  557.40000  430.67278  22.7%  96.8 2332s
  1214   978  430.70079   23 3552  557.40000  430.70079  22.7%  96.8 2344s
  1215   978  430.70130   81 3940  557.40000  430.70130  22.7%  96.7 2366s
  1216   979  430.77424  177 1042  557.40000  430.77424  22.7%  96.6 2404s
  1217   980  430.97588   32 3879  557.40000  430.97588  22.7%  96.5 2416s
  1219   981  431.00595  231 4058  557.40000  431.00595  22.7%  96.4 2421s
  1221   982  431.02838  280 3397  557.40000  431.02838  22.7%  96.2 2451s
  1222   983  431.04949   37 2195  557.40000  431.04949  22.7%  96.1 2492s
H 1222   932                     551.3000000  431.05232  21.8%  96.1 2574s
  1223   933  431.05232    5 4169  551.30000  431.05232  21.8%  96.0 2588s
  1224   933  431.05232    6 1474  551.30000  431.05232  21.8%  96.0 2632s
H 1224   885                     546.9000000  431.05419  21.2%  96.0 2671s
  1225   886  435.30562  387 3960  546.90000  431.05419  21.2%  95.9 2690s
  1226   887  435.68731  404 2852  546.90000  431.05451  21.2%  95.8 2719s
  1227   887  431.21605    6 3900  546.90000  431.21605  21.2%  95.7 2735s
  1228   888  431.28354   17 4276  546.90000  431.28354  21.1%  95.7 2748s
  1229   889  431.28354  125 4136  546.90000  431.28354  21.1%  95.6 2765s
H 1229   843                     537.8000000  431.37958  19.8%  95.6 2889s
  1230   843  431.37958   96 3128  537.80000  431.37958  19.8%  95.5 2911s
  1231   844  431.39580   32 4193  537.80000  431.39580  19.8%  95.4 2977s
  1232   845  431.44837  288 3488  537.80000  431.44837  19.8%  95.3 2985s
  1233   845  431.44837  304 3667  537.80000  431.44837  19.8%  95.3 3010s
  1234   846  431.76659  283 1721  537.80000  431.76659  19.7%  95.2 3053s
  1235   847  431.77813  291 3185  537.80000  431.77813  19.7%  95.1 3060s
  1236   847  431.92653   31 4309  537.80000  431.92653  19.7%  95.0 3087s
  1237   848  431.93214   16 5302  537.80000  431.93214  19.7%  95.0 3100s
  1238   849  431.93761  204 4751  537.80000  431.93761  19.7%  94.9 3109s
  1239   849  435.31976  383 4291  537.80000  431.93761  19.7%  94.8 3128s
  1240   850  432.09203  302 3614  537.80000  432.09203  19.7%  94.7 3194s
  1241   851  432.15437  112 3618  537.80000  432.15437  19.6%  94.7 3201s
  1242   851  432.15958   32 3569  537.80000  432.15958  19.6%  94.6 3207s
  1243   852  432.16257   69 4125  537.80000  432.16257  19.6%  94.5 3230s
  1244   853  432.16861   86 3605  537.80000  432.16861  19.6%  94.4 3272s
  1246   854  432.17333   78 2950  537.80000  432.17333  19.6%  94.3 3287s
  1247   855  432.29641   65 1878  537.80000  432.29641  19.6%  94.2 3315s
  1248   855  432.39696  102 1667  537.80000  432.39696  19.6%  94.1 3339s
  1249   856  432.43324  121 3091  537.80000  432.43324  19.6%  94.0 3350s
  1250   857  432.48716  199 2799  537.80000  432.48716  19.6%  94.0 3364s
  1251   857  435.53197  366 2738  537.80000  432.48872  19.6%  93.9 3378s
  1252   858  432.50834  285 2280  537.80000  432.50834  19.6%  93.8 3410s
  1254   859  432.51257  322 3315  537.80000  432.51257  19.6%  93.7 3422s
  1255   860  432.52341   18 2473  537.80000  432.52341  19.6%  93.6 3458s
  1256   861  432.52341  178 3622  537.80000  432.52341  19.6%  93.5 3469s
  1257   861  432.52473   16 3885  537.80000  432.52473  19.6%  93.4 3511s
  1258   862  432.52473   32 3478  537.80000  432.52473  19.6%  93.4 3524s
  1259   863  432.52751  256 2405  537.80000  432.52751  19.6%  93.3 3541s
  1260   863  432.52751  311 4366  537.80000  432.52751  19.6%  93.2 3549s
  1261   864  432.52944   46 4105  537.80000  432.52944  19.6%  93.2 3586s
  1264   867  432.52944  100 5275  537.80000  432.52944  19.6%   799 3612s
  1266   868  432.52944  298 3836  537.80000  432.52944  19.6%   798 3688s
  1267   869  432.52944  263 6704  537.80000  432.52944  19.6%   797 3713s
  1268   870  432.52944  185 6778  537.80000  432.52944  19.6%   797 3729s
  1269   870  432.53470   91 6499  537.80000  432.53470  19.6%   796 3735s
  1270   871  432.53470  242 6433  537.80000  432.53470  19.6%   796 3741s
  1271   872  432.53470   16 6706  537.80000  432.53470  19.6%   795 3750s
  1272   872  432.53470   28 6576  537.80000  432.53470  19.6%   794 3761s
  1273   873  432.53470  108 3952  537.80000  432.53470  19.6%   794 3775s
  1274   874  432.54323  123 6267  537.80000  432.54323  19.6%   793 3786s
H 1274   830                     536.3000000  432.54323  19.3%   793 3792s
  1276   831  432.54323  180 4934  536.30000  432.54323  19.3%   792 3801s
  1277   832  432.54323  227 6340  536.30000  432.54323  19.3%   791 3808s
  1278   832  432.54323  245 3927  536.30000  432.54323  19.3%   791 3814s
  1279   833  432.54323  125 2617  536.30000  432.54323  19.3%   790 3816s
  1280   834  432.54323  289 4618  536.30000  432.54323  19.3%   789 3849s
  1281   834  432.54323   20 2290  536.30000  432.54323  19.3%   789 3897s
  1282   835  432.59309  166 4798  536.30000  432.59309  19.3%   788 3908s
  1283   836  432.59309   43 3592  536.30000  432.59309  19.3%   788 3913s
  1284   836  432.59309  208 3945  536.30000  432.59309  19.3%   787 3920s
  1285   837  432.59309  122 3829  536.30000  432.59309  19.3%   786 3925s
  1286   838  432.59309   47 4149  536.30000  432.59309  19.3%   786 3932s
  1287   838  432.59309   54 3616  536.30000  432.59309  19.3%   785 3939s
  1288   839  432.59309   17 3966  536.30000  432.59309  19.3%   784 3942s
  1290   840  435.07217  374 4401  536.30000  432.59309  19.3%   783 3947s
  1292   842  432.59309  320 4495  536.30000  432.59309  19.3%   782 3980s
  1293   842  432.69536  290 2366  536.30000  432.69536  19.3%   781 4019s
  1294   843  432.72092   63 3544  536.30000  432.72092  19.3%   781 4025s
  1296   844  432.73981  133 4086  536.30000  432.73981  19.3%   780 4030s
  1298   846  432.75589  273 3908  536.30000  432.75589  19.3%   778 4038s
  1299   846  432.75880   69 3958  536.30000  432.75880  19.3%   778 4066s
  1300   847  432.85247   19 2333  536.30000  432.85247  19.3%   777 4102s
  1301   848  432.90184  334 4841  536.30000  432.90184  19.3%   777 4108s
  1302   848  432.94478   34 4868  536.30000  432.94478  19.3%   776 4112s
  1303   849  432.94856   56 4417  536.30000  432.94856  19.3%   775 4133s
  1304   850  433.00043  150 3180  536.30000  433.00043  19.3%   775 4158s
  1305   850  433.04486   15 3393  536.30000  433.04486  19.3%   774 4161s
  1307   852  433.06715   25 4234  536.30000  433.06715  19.2%   773 4174s
H 1307   808                     532.5000000  433.09918  18.7%   773 4217s
  1308   808  433.09918   23 2350  532.50000  433.09918  18.7%   772 4337s
H 1308   767                     529.6000000  433.11499  18.2%   772 4342s
  1310   769  433.11863   35 4373  529.60000  433.11863  18.2%   771 4353s
  1311   769  433.35507   32 4630  529.60000  433.35507  18.2%   771 4392s
  1313   771  433.41826   10 4048  529.60000  433.41826  18.2%   770 4395s
  1314   771  433.41893   23 3625  529.60000  433.41893  18.2%   769 4410s
  1315   772  434.11662   81 3358  529.60000  434.11662  18.0%   768 4428s
  1316   773  434.19985  177 3242  529.60000  434.19985  18.0%   768 4433s
  1317   773  434.56252   32 3362  529.60000  434.56252  17.9%   767 4438s
  1318   774  434.67955  315 4754  529.60000  434.67955  17.9%   767 4445s
  1320   775  434.68912  211 3995  529.60000  434.68912  17.9%   765 4460s
  1321   776  434.72007  280 2603  529.60000  434.72007  17.9%   765 4489s
  1322   777  434.75324   37 3137  529.60000  434.75324  17.9%   764 4491s
  1324   778  434.79502    6 2410  529.60000  434.79502  17.9%   763 4495s
  1325   779  435.30562  387 2427  529.60000  434.79506  17.9%   763 4508s
  1326   779  435.68731  404 3530  529.60000  434.85476  17.9%   762 4548s
  1327   780  434.89031    6 3040  529.60000  434.89031  17.9%   761 4551s
  1329   781  434.91442  125 3268  529.60000  434.91442  17.9%   760 4565s
  1330   782  434.91442   96 1433  529.60000  434.91442  17.9%   760 4586s
  1331   783  434.91442   32 1621  529.60000  434.91442  17.9%   759 4594s
  1332   783  434.94775  288 2433  529.60000  434.94775  17.9%   759 4626s
  1333   784  434.94775  304 3213  529.60000  434.94775  17.9%   758 4645s
  1334   785  435.00801  283 3360  529.60000  435.00801  17.9%   757 4686s
  1335   785  435.02021  291 4361  529.60000  435.02021  17.9%   757 4690s
  1337   787  435.03803   16 4891  529.60000  435.03803  17.9%   756 4697s
  1338   787  435.04001  204 4002  529.60000  435.04001  17.9%   755 4709s
  1339   788  435.31976  383 3359  529.60000  435.20985  17.8%   755 4743s
  1340   789  435.22695  302 4414  529.60000  435.22695  17.8%   754 4745s
  1343   791  435.25511   69 4042  529.60000  435.25511  17.8%   752 4762s
  1344   791  435.25511   86 3590  529.60000  435.25511  17.8%   752 4793s
  1345   792  435.25715   48 3109  529.60000  435.25715  17.8%   751 4807s
  1346   793  435.53950   78 2889  529.60000  435.53950  17.8%   751 4828s
  1347   793  435.54398   65 3320  529.60000  435.54398  17.8%   750 4830s
  1348   794  435.54658  102 3685  529.60000  435.54658  17.8%   750 4842s
  1349   795  435.58729  121 1278  529.60000  435.58729  17.8%   749 4869s
  1350   795  435.63588  199 3402  529.60000  435.63588  17.7%   748 4875s
  1352   797  435.65054  285 3576  529.60000  435.65054  17.7%   747 4892s
  1353   797  435.90535  115 1763  529.60000  435.90535  17.7%   747 4941s
  1354   798  435.93127  322 2621  529.60000  435.93127  17.7%   746 4945s
  1356   799  435.95131  178 3720  529.60000  435.95131  17.7%   745 4965s
  1357   800  436.04670   16 2078  529.60000  436.04670  17.7%   745 4999s
  1358   801  436.08057   32 3582  529.60000  436.08057  17.7%   744 5008s
  1359   801  436.13851  256 3403  529.60000  436.13851  17.6%   743 5018s
  1360   802  436.15912  311 4190  529.60000  436.15912  17.6%   743 5027s
  1361   803  436.15912   46 4274  529.60000  436.15912  17.6%   742 5043s
  1362   803  436.22133   18 3212  529.60000  436.22133  17.6%   742 5078s
  1363   804  436.35632   56 4582  529.60000  436.35632  17.6%   741 5088s
  1364   805  436.37252  100 3643  529.60000  436.37252  17.6%   741 5093s
  1365   805  436.38549   86 3600  529.60000  436.38549  17.6%   740 5097s
  1366   806  436.39509  298 5442  529.60000  436.39509  17.6%   740 5103s
  1367   807  436.39509  263 5312  529.60000  436.39509  17.6%   739 5118s
  1368   807  436.43059  185 2271  529.60000  436.43059  17.6%   739 5150s
  1369   808  436.43379   91 5021  529.60000  436.43379  17.6%   738 5175s
  1370   809  436.58975  242 1446  529.60000  436.58975  17.6%   737 5205s
  1371   809  436.64345   16 2477  529.60000  436.64345  17.6%   737 5216s
  1372   810  436.64997   28 2606  529.60000  436.64997  17.6%   736 5222s
  1374   811  436.66324  123 3014  529.60000  436.66324  17.5%   735 5225s
  1375   812  436.66331   92 2695  529.60000  436.66331  17.5%   735 5238s
  1376   813  436.76662  180 3026  529.60000  436.76662  17.5%   734 5267s
  1377   813  436.76662  227 3125  529.60000  436.76662  17.5%   734 5281s
  1378   814  436.78157  245 1471  529.60000  436.78157  17.5%   733 5315s
  1380   815  436.80456  289 1956  529.60000  436.80456  17.5%   732 5320s
  1382   817  436.81088  166 3475  529.60000  436.81088  17.5%   731 5332s
  1383   817  436.84569   43 2906  529.60000  436.84569  17.5%   731 5369s
  1384   818  436.85047  208 4224  529.60000  436.85047  17.5%   730 5378s
  1385   819  436.85241  122 5537  529.60000  436.85241  17.5%   730 5406s
  1386   819  436.97968   47 2272  529.60000  436.97968  17.5%   729 5440s
  1387   820  436.98396   54 4587  529.60000  436.98396  17.5%   728 5450s
  1388   821  436.98958   17 4459  529.60000  436.98958  17.5%   728 5459s
  1389   821  436.99276   32 5332  529.60000  436.99276  17.5%   727 5477s
  1390   822  437.01021  374 2021  529.60000  437.01021  17.5%   727 5527s
  1391   823  437.03269  298 3190  529.60000  437.03269  17.5%   726 5530s
  1393   824  437.03771  290 3527  529.60000  437.03771  17.5%   725 5543s
  1394   825  437.04322   63 2462  529.60000  437.04322  17.5%   725 5563s
  1395   825  437.04955  255 3567  529.60000  437.04955  17.5%   724 5567s
  1396   826  437.04978  133 3291  529.60000  437.04978  17.5%   724 5576s
  1397   827  437.06059  203 3058  529.60000  437.06059  17.5%   723 5601s
  1398   827  437.06089  273 3393  529.60000  437.06089  17.5%   723 5615s
  1399   828  437.06139   69 3472  529.60000  437.06139  17.5%   722 5637s
  1402   831  437.06139   34 5275  529.60000  437.06139  17.5%  1306 5665s
  1404   832  437.06139  150 3833  529.60000  437.06139  17.5%  1305 5735s
  1405   833  437.06139   15 3887  529.60000  437.06139  17.5%  1304 5763s
  1406   834  437.06215   53 7705  529.60000  437.06215  17.5%  1303 5773s
  1407   834  437.06850   25 2984  529.60000  437.06850  17.5%  1302 5783s
  1408   835  437.06850   23 5296  529.60000  437.06850  17.5%  1301 5795s
  1409   836  437.07142  305 4699  529.60000  437.07142  17.5%  1300 5805s
  1410   836  437.07142   35 6062  529.60000  437.07142  17.5%  1299 5824s
  1411   837  437.07142   32 5193  529.60000  437.07142  17.5%  1298 5837s
  1412   838  437.07142   10 7617  529.60000  437.07142  17.5%  1297 5847s
  1413   838  437.07142   10 7805  529.60000  437.07142  17.5%  1296 5865s
  1414   839  437.07142   23 5306  529.60000  437.07142  17.5%  1295 5878s
  1415   840  437.07142   81 5549  529.60000  437.07142  17.5%  1294 5885s
  1416   840  437.07142  177 6224  529.60000  437.07142  17.5%  1294 5891s
  1417   841  437.07142   32 5003  529.60000  437.07142  17.5%  1293 5897s
  1418   842  437.07142  315 3587  529.60000  437.07142  17.5%  1292 5902s
  1419   842  437.07142  231 4210  529.60000  437.07142  17.5%  1291 5907s
  1420   843  437.07142  211 4504  529.60000  437.07142  17.5%  1290 5914s
  1421   844  437.07142  280 6193  529.60000  437.07142  17.5%  1289 5919s
  1422   844  437.07142   37 4851  529.60000  437.07142  17.5%  1288 5922s
  1423   845  437.07142    5 3509  529.60000  437.07142  17.5%  1287 5948s
  1424   846  437.07142    6 3229  529.60000  437.07142  17.5%  1286 5990s
  1425   846  437.07142  387 5029  529.60000  437.07142  17.5%  1285 5998s
  1426   847  437.07142  404 4171  529.60000  437.07142  17.5%  1284 6002s
  1427   848  437.07142    6 4476  529.60000  437.07142  17.5%  1284 6011s
  1428   848  437.07142   17 4803  529.60000  437.07142  17.5%  1283 6016s
  1429   849  437.07142  125 5449  529.60000  437.07142  17.5%  1282 6020s
  1430   850  437.11992   96 5250  529.60000  437.11992  17.5%  1281 6025s
  1431   850  437.12203   32 4546  529.60000  437.12203  17.5%  1280 6050s
  1432   851  437.16337  288 1662  529.60000  437.16337  17.5%  1279 6089s
  1433   852  437.17441  304 1716  529.60000  437.17441  17.5%  1278 6094s
  1434   852  437.17468  283 2734  529.60000  437.17468  17.5%  1277 6114s
  1435   853  437.20296  291 2974  529.60000  437.20296  17.4%  1276 6186s
  1436   854  437.20433   31 2978  529.60000  437.20433  17.4%  1276 6205s
  1437   854  437.23864   16 1664  529.60000  437.23864  17.4%  1275 6231s
  1438   855  437.24493  204 3229  529.60000  437.24493  17.4%  1274 6240s
  1439   856  437.24638  383 2955  529.60000  437.24638  17.4%  1273 6254s
  1440   856  437.26185  302 1538  529.60000  437.26185  17.4%  1272 6333s
  1441   857  437.26185  112 2692  529.60000  437.26185  17.4%  1271 6358s
  1442   858  437.26185   32 1896  529.60000  437.26185  17.4%  1270 6381s
  1443   858  437.26185   69 2966  529.60000  437.26185  17.4%  1269 6402s
  1444   859  437.26414   86 3219  529.60000  437.26414  17.4%  1268 6432s
  1445   860  437.26414   48 4018  529.60000  437.26414  17.4%  1268 6471s
  1446   860  437.26414   78 3845  529.60000  437.26414  17.4%  1267 6507s
  1447   861  437.26414   65 4640  529.60000  437.26414  17.4%  1266 6532s
  1448   862  437.26416  102 4112  529.60000  437.26416  17.4%  1265 6562s
  1449   862  437.26528  121 3674  529.60000  437.26528  17.4%  1264 6589s
  1450   863  437.26528  199 3674  529.60000  437.26528  17.4%  1263 6603s
  1451   867  437.26528   38 3264  529.60000  437.26528  17.4%  1512 6637s
  1453   870  437.26977   39 3777  529.60000  437.26528  17.4%  1515 6656s
  1457   873  437.29368   40 2213  529.60000  437.29368  17.4%  1522 6669s
  1461   878  437.29368   41 2570  529.60000  437.29368  17.4%  1521 6687s
  1468   883  437.29427   42 2526  529.60000  437.29368  17.4%  1530 6705s
  1477   886  437.32117   43 3597  529.60000  437.29368  17.4%  1534 6721s
  1483   889  438.25310   43 2465  529.60000  437.29368  17.4%  1534 6732s
  1488   890  437.32224   44 2926  529.60000  437.29368  17.4%  1535 6749s
  1495   893  437.40699   45 2773  529.60000  437.29368  17.4%  1537 6767s
  1502   895  437.42828   46 2566  529.60000  437.29368  17.4%  1541 6784s
H 1504   850                     529.3000000  437.29368  17.4%  1539 6784s
  1506   853  438.55081   46 2549  529.30000  437.29368  17.4%  1542 6794s
  1512   856  437.57824   47 3124  529.30000  437.29368  17.4%  1543 6809s
  1517   860  442.98745   47 2738  529.30000  437.29368  17.4%  1551 6825s
  1522   863  437.57824   48 2897  529.30000  437.29368  17.4%  1552 6840s
  1527   865  440.46651   50 2775  529.30000  437.29368  17.4%  1553 6860s
  1531   869  437.59879   49 3542  529.30000  437.29368  17.4%  1557 6875s
  1536   872  443.82190   49 2030  529.30000  437.29368  17.4%  1560 6890s
  1541   875  437.59879   50 3615  529.30000  437.29368  17.4%  1557 6904s
  1545   876  441.29289   50 2311  529.30000  437.29368  17.4%  1558 6924s
  1548   879  437.60645   51 2961  529.30000  437.29368  17.4%  1556 6935s
  1552   882  446.51218   51 2704  529.30000  437.29368  17.4%  1563 6955s
  1556   885  437.60645   52 3267  529.30000  437.29368  17.4%  1562 6969s
  1560   887  439.14897   52 2280  529.30000  437.29368  17.4%  1569 6984s
  1564   890  437.60647   53 3243  529.30000  437.29368  17.4%  1572 7009s
  1568   893  439.03556   53 3761  529.30000  437.29368  17.4%  1572 7022s
  1574   896  437.61633   54 3448  529.30000  437.29368  17.4%  1573 7040s
  1579   898  440.44735   54 2756  529.30000  437.29368  17.4%  1580 7064s
  1585   899  437.61845   55 3148  529.30000  437.29368  17.4%  1584 7092s
  1590   902  444.20505   55 1640  529.30000  437.29368  17.4%  1587 7120s
  1595   903  437.61845   56 3272  529.30000  437.29368  17.4%  1585 7150s
  1601   905  439.15862   56 2997  529.30000  437.29368  17.4%  1587 7188s
  1605   908  437.84336   57 2847  529.30000  437.29368  17.4%  1589 7200s

Cutting planes:
  Learned: 7
  Gomory: 17
  Cover: 307
  Implied bound: 13
  Projected implied bound: 54
  Clique: 83
  MIR: 26
  StrongCG: 2
  Flow cover: 105
  GUB cover: 151
  Zero half: 18
  RLT: 37
  Relax-and-lift: 33

Explored 1610 nodes (2627310 simplex iterations) in 7200.09 seconds (5841.81 work units)
Thread count was 4 (of 8 available processors)

Solution count 10: 529.3 529.6 532.5 ... 614.8

Time limit reached
Best objective 5.293000000000e+02, best bound 4.373000000000e+02, gap 17.3814%
