
Gurobi 13.0.2 (linux64) logging started Sun Jun 14 10:51:17 2026

Set parameter LogFile to value "src/Resultados/Sin Restricciones/logs/R108-25.xml_log.log"
Set parameter Threads to value 4
Gurobi Optimizer version 13.0.2 build v13.0.2rc1 (linux64 - "Rocky Linux 9.7 (Blue Onyx)")

CPU model: QEMU Virtual CPU version 2.5+, instruction set [SSE2]
Thread count: 8 physical cores, 8 logical processors, using up to 4 threads

Non-default parameters:
TimeLimit  7200
Threads  4

Optimize a model with 115894 rows, 71205 columns and 494160 nonzeros (Min)
Model fingerprint: 0x8cf25c00
Model has 11700 linear objective coefficients
Variable types: 14745 continuous, 56460 integer (56445 binary)
Coefficient statistics:
  Matrix range     [1e+00, 4e+04]
  Objective range  [7e+00, 6e+01]
  Bounds range     [1e+00, 2e+03]
  RHS range        [1e+00, 4e+04]

Presolve removed 35685 rows and 165 columns
Presolve time: 2.32s
Presolved: 80209 rows, 71040 columns, 367380 nonzeros
Variable types: 375 continuous, 70665 integer (62730 binary)
Deterministic concurrent LP optimizer: primal and dual simplex
Showing primal log only...


Root simplex log...

Iteration    Objective       Primal Inf.    Dual Inf.      Time
   13491    3.6732557e+02   3.090880e+02   7.016084e+09      5s
   21771    5.1241611e+02   1.856618e+02   2.754323e+09     10s
   27279    6.0866488e+02   2.426157e+01   3.128682e+09     15s
   32139    6.1546710e+02   1.750370e+00   1.293194e+09     20s
   35699    6.3197526e+02   4.628206e-02   3.090277e+08     25s
   41045    4.1282749e+02   0.000000e+00   7.879980e+05     30s
   47525    3.0734855e+02   0.000000e+00   2.319497e+03     35s
   53843    2.8613944e+02   0.000000e+00   1.269731e+04     40s
   60812    2.7640007e+02   1.736020e+03   0.000000e+00     45s
   64468    2.7640018e+02   1.343911e+04   0.000000e+00     50s
   66674    2.7640042e+02   8.480168e+03   0.000000e+00     55s
   69330    2.8878757e+02   0.000000e+00   0.000000e+00     60s
Concurrent spin time: 16.22s (can be avoided by choosing Method=3)

Solved with dual simplex

Root simplex log...

Iteration    Objective       Primal Inf.    Dual Inf.      Time
   53906    2.8878757e+02   0.000000e+00   0.000000e+00     76s

Root relaxation: objective 2.887876e+02, 53906 iterations, 72.57 seconds (49.79 work units)

    Nodes    |    Current Node    |     Objective Bounds      |     Work
 Expl Unexpl |  Obj  Depth IntInf | Incumbent    BestBd   Gap | It/Node Time

     0     0  288.78757    0 6311          -  288.78757      -     -   76s
     0     0  288.78757    0 15636          -  288.78757      -     -   89s
     0     0  288.78757    0 14925          -  288.78757      -     -   92s
     0     0  288.78757    0 11760          -  288.78757      -     -  101s
     0     0  288.78757    0 11760          -  288.78757      -     -  101s
     0     0  288.78757    0 3464          -  288.78757      -     -  102s
     0     0  288.78757    0 4177          -  288.78757      -     -  104s
     0     0  288.78757    0 5041          -  288.78757      -     -  110s
     0     0  288.78757    0 5041          -  288.78757      -     -  110s
     0     0  288.78757    0 5041          -  288.78757      -     -  111s
     0     0  288.78757    0 12314          -  288.78757      -     -  114s
     0     0  288.78757    0 11603          -  288.78757      -     -  122s
     0     0  288.78757    0 4024          -  288.78757      -     -  123s
     0     0  288.78757    0 4892          -  288.78757      -     -  127s
     0     0  288.78757    0 6476          -  288.78757      -     -  130s
     0     0  288.78757    0 6476          -  288.78757      -     -  131s
     0     0  288.78757    0 4901          -  288.78757      -     -  132s
     0     0  288.78757    0 6395          -  288.78757      -     -  134s
     0     0  288.78757    0 10973          -  288.78757      -     -  139s
     0     0  288.78757    0 10973          -  288.78757      -     -  139s
     0     0  288.78757    0 4176          -  288.78757      -     -  140s
     0     0  288.78757    0 4176          -  288.78757      -     -  142s
     0     0  288.78757    0 3393          -  288.78757      -     -  143s
     0     2  294.00049    0 3393          -  294.00049      -     -  223s
     3     6  294.00049    2 3466          -  294.00049      -  36.7  225s
    62    66  294.00049   19 6441          -  294.00049      -  58.5  230s
   208   216  294.00049   58 5654          -  294.00049      -  23.5  235s
   363   376  294.00049  107 5557          -  294.00049      -  17.8  240s
   545   567  294.00049  167 5468          -  294.00049      -  14.9  245s
   693   713  294.00049  214 5436          -  294.00049      -  13.2  250s
   809   839  294.00049  252 5412          -  294.00049      -  13.2  255s
   955   966  294.00049  297 6834          -  294.00049      -  12.9  262s
  1016  1019  294.00049  314 6121          -  294.00049      -  12.9  268s
  1059  1058  294.00049  325 6121          -  294.00049      -  13.0  272s
  1063  1062  294.00049  326 7547          -  294.00049      -  13.1  308s
  1067  1066  294.00049  327 7544          -  294.00049      -  13.1  328s
  1071  1079  294.00049  328 8258          -  294.00049      -  13.1  348s
  1084  1092  294.00049  329 8254          -  294.00049      -  13.0  377s
  1097  1110  294.00049  330 7540          -  294.00049      -  13.0  400s
  1115  1123  294.00049  331 7540          -  294.00049      -  12.9  423s
  1128  1159  294.00049  332 7540          -  294.00049      -  12.9  441s
  1220  1293  294.00049  351 6828          -  294.00049      -  12.8  446s
  1368  1448  294.00049  397 8267          -  294.00049      -  12.7  451s
  1514  1587  294.00049  444 6836          -  294.00049      -  12.5  456s
  1674  1740  294.00049  495 6848          -  294.00049      -  12.6  460s
  1809  1900  294.00049  549 6829          -  294.00049      -  13.8  466s
  1909  1994  294.00049  573 8125          -  294.00049      -  13.8  470s
  2090  2154 infeasible  624               -  294.00049      -  14.5  476s
  2265  2248  303.05175  356 3393          -  294.00049      -  15.8  544s
  2266  2249  299.23869  482 3393          -  294.00049      -  15.8  545s
  2267  2249  306.37545  391 6167          -  294.00049      -  15.8  601s
  2268  2250  302.85377  376 5699          -  294.00049      -  15.8  606s
  2271  2252  304.43414  446 2723          -  299.20428      -  15.7  614s
  2273  2253  302.49503  549 2748          -  299.57768      -  15.7  615s
  2279  2257  301.44094   16 1557          -  300.00539      -  15.7  620s
  2280  2258  307.17905  410 1557          -  300.00651      -  15.7  636s
  2281  2262  303.51498   13 2636          -  303.51498      -  21.8  641s
  2291  2276  305.50528   16 3168          -  305.40819      -  23.4  647s
  2309  2284  306.27308   20 3972          -  305.40819      -  26.1  651s
  2329  2294  306.27312   23 3965          -  305.40819      -  27.7  655s
  2337  2296  306.27337   24 3963          -  305.40819      -  28.1  660s
  2348  2295  306.27337   25 3961          -  305.40819      -  29.7  670s
  2358  2299  306.27337   26 3512          -  305.48014      -  31.1  693s
  2362  2302  318.22814   26 3559          -  305.48014      -  32.2  698s
  2366  2302  306.27337   27 3578          -  305.48014      -  32.5  706s
  2370  2305  309.57092   27 3703          -  305.48014      -  33.8  715s
  2378  2316  309.57113   28 3513          -  305.48014      -  35.0  723s
  2388  2319  306.27337   29 3587          -  305.48014      -  35.6  725s
  2394  2323  308.92263   29 4513          -  305.48014      -  36.5  733s
  2400  2332  306.30602   30 3839          -  305.48014      -  37.8  735s
  2419  2338  306.37124   31 4120          -  305.48014      -  39.1  743s
  2423  2347  314.10450   31 3504          -  305.48014      -  39.9  746s
  2440  2354  309.91325   32 3791          -  305.48014      -  41.9  753s
  2446  2361  306.37175   33 3784          -  305.48014      -  43.4  756s
  2455  2364  332.05874   33 2882          -  305.48014      -  44.5  762s
  2461  2373  306.37175   34 3775          -  305.48014      -  45.0  768s
  2474  2377  309.12298   34 3244          -  305.48014      -  46.3  773s
  2483  2378  306.37209   35 3775          -  305.48014      -  47.7  777s
  2487  2389  311.24068   35 4600          -  305.48014      -  48.7  783s
  2499  2398  306.37209   36 3765          -  305.48014      -  50.2  788s
  2522  2395  306.47189   36 2766          -  305.48014      -  50.9  795s
  2542  2414  309.49226   37 3456          -  305.48014      -  53.0  802s
  2572  2405  306.37209   38 4097          -  305.48014      -  54.2  806s
  2610  2425  306.37209   39 4103          -  306.30602      -  56.6  816s
  2618  2445  306.37334   40 3773          -  306.30602      -  57.6  820s
  2663  2478  317.09443   45 3715          -  306.30602      -  62.7  829s
  2693  2485  309.80633   48 3488          -  306.30602      -  63.9  834s
  2710  2503  329.77207   51 4164          -  306.30602      -  64.9  838s
  2733  2520  318.65344   54 3805          -  306.30602      -  66.9  845s
  2760  2521  314.21310   57 3758          -  306.30602      -  68.6  851s
  2770  2543  314.28055   58 3690          -  306.30602      -  69.2  856s
  2795  2547  314.51437   61 3189          -  306.30602      -  70.4  866s
  2808  2547  314.53694   63 3175          -  306.30602      -  71.0  885s
  2812  2550  340.10841   63 2834          -  306.30602      -  71.3  903s
  2816  2552  314.54720   64 3174          -  306.30602      -  71.4  922s
  2820  2557  334.03113   64 4283          -  306.30602      -  71.9  937s
  2826  2561  314.55797   65 3989          -  306.30602      -  72.2  967s
  2832  2567  322.77332   65 4298          -  306.30602      -  72.9  980s
  2842  2579  315.17090   66 2773          -  306.30602      -  73.9  990s
  2857  2621  315.85037   68 3453          -  306.30602      -  74.9  998s
  2904  2626  317.39825   75 3445          -  306.30602      -  77.9 1027s
  2925  2663  338.27985   77 3914          -  306.30602      -  79.6 1034s
  2969  2704  319.26313   82 3823          -  306.30602      -  82.8 1042s
  3025  2704  320.45792   87 3839          -  306.30602      -  86.2 1049s
  3043  2764  320.58284   89 3765          -  306.30602      -  88.3 1057s
  3113  2807  338.67208   96 3209          -  306.30602      -  91.3 1066s
  3186  2859  324.70839  104 3799          -  306.30602      -  93.6 1074s
  3280  2836 infeasible  112               -  306.30602      -  95.5 1098s
  3290  2840  382.09876  113 4206          -  306.30602      -  96.4 1112s
  3302  2840  382.13397  115 4205          -  306.30602      -  97.0 1123s
  3306  2843  418.58129  115 1863          -  306.30602      -  97.1 1143s
  3312  2849  382.93280  116 4035          -  306.30602      -  97.7 1154s
  3322  2853  406.19130  116 3242          -  306.30602      -  98.3 1176s
  3331  2882  382.93280  117 4104          -  306.30602      -  99.1 1187s
  3387  2894  418.29264  117 2447          -  306.30602      -   100 1197s
  3426  2890  384.60522  118 3143          -  306.30602      -   101 1208s
  3441  2957  383.18791  118 4473          -  306.37334      -   102 1220s
  3519  3024  383.18791  120 4472          -  306.37334      -   104 1232s
  3636  3018  388.67851  136 3268          -  306.37334      -   107 1252s
  3671  3163  391.47569  136 3666          -  306.37334      -   107 1267s
  3868  3251  389.24339  151 2532          -  306.37334      -   107 1281s
  4099  3241  389.56822  164 3299          -  306.37334      -   106 1292s
  4176  3323  389.58804  168 3607          -  306.49016      -   107 1303s
  4315  3311  390.24894  180 3191          -  306.49016      -   109 1344s
  4349  3490  410.10261  180 3008          -  306.49016      -   110 1357s
  4546  3439  391.92190  196 2384          -  306.49016      -   110 1374s
  4572  3513  413.38428  196 1958          -  306.49016      -   111 1398s
  4661  3586  394.78798  211 2112          -  306.49016      -   112 1417s
  4764  3559  397.39567  232 2379          -  306.49016      -   114 1443s
  4771  3748  419.35815  232 2596          -  306.49016      -   115 1462s
  4976  3838  399.08784  255 2265          -  306.49016      -   115 1484s
  5144  3785  447.82848  271 2852          -  306.49016      -   115 1512s
  5149  3877  399.87727  272 2331          -  306.49016      -   115 1544s
  5290  3832  401.30287  290 2965          -  306.49016      -   117 1574s
  5296  4007  420.69652  290 1594          -  306.49016      -   117 1592s
  5524  3966  405.35749  312 1827          -  306.83291      -   117 1611s
  5559  4093  405.87260  321 2638          -  306.83291      -   117 1629s
  5723  4041  407.83716  351 1941          -  306.83291      -   118 1670s
  5734  4204  436.93295  352 2206          -  306.83291      -   119 1692s
  5958  4176  456.17388  388 1933          -  306.83291      -   119 1709s
  6021  4568  412.66808  395 2707          -  306.83291      -   120 1728s
  6492  4709 infeasible  452               -  306.83291      -   115 1745s
  6929  4632  350.98766   29 1995          -  306.83291      -   113 1778s
  7012  4886  354.76792   32 4859          -  306.83291      -   115 1800s
  7333  4783  369.78402   82 3411          -  307.08287      -   115 1838s
  7337  4777  373.16162   83 3868          -  307.08287      -   115 1864s
  7349  4774 infeasible   82               -  307.08287      -   115 1907s
  7356  4776 infeasible   83               -  307.08287      -   115 1936s
  7362  4778  373.19980   84 3563          -  307.08287      -   116 1968s
  7366  4788  373.24968   85 3544          -  307.08287      -   116 1995s
  7377  4794  373.67456   93 2963          -  307.08287      -   116 2175s
  7391  4807  374.26150   97 3140          -  307.08287      -   117 2207s
  7411  4820  386.65478   97 2791          -  307.08287      -   118 2279s
  7430  4829  377.38576  102 3238          -  307.08287      -   119 2308s
  7448  4867  377.39170  103 3142          -  307.08287      -   120 2349s
  7494  5290  381.59040  123 2758          -  307.08287      -   120 2374s
  7953  5216  442.52170  250 3335          -  307.08287      -   118 2400s
  8050  5549  457.82286  266 2500          -  307.09553      -   119 2428s
  8482  5437  359.20466   84 2113          -  307.09553      -   118 2515s
  8528  5486  338.17624   86 3849          -  307.09553      -   119 2582s
  8615  5471  329.48795   48 3217          -  307.09553      -   119 2620s
  8629  5507  345.33193   50 3023          -  307.09553      -   119 2651s
  8671  5571  339.56065   80 2471          -  307.09553      -   119 2695s
  8769  5551  330.84703   40 2376          -  307.09553      -   119 2729s
  8782  5562  339.98170   47 4844          -  307.09553      -   119 2761s
  8797  5569  341.98363   51 3209          -  307.09553      -   119 2790s
  8819  5573 infeasible   62               -  307.17452      -   120 2821s
  8841  5582  321.18519   24 3226          -  307.17452      -   120 2862s
  8863  5595  324.03281   29 3232          -  307.17452      -   121 2967s
  8903  5630 infeasible   31               -  307.22433      -   121 3002s
  8954  5659  351.67768   34 3464          -  307.22433      -   121 3173s
  9010  5654  372.77267   38 2919          -  307.22433      -   122 3305s
  9023  5722 infeasible   40               -  307.22433      -   123 3341s
  9098  6211  362.13591   55 2102          -  307.22433      -   123 3379s
  9630  6557  440.11378  274 2163          -  307.25994      -   120 3412s
 10111  6599  335.93223   64 3062          -  307.25994      -   119 3455s
 10157  6962  346.95348   72 2864          -  307.25994      -   120 3496s
 10614  7113  329.25945   43 3098          -  307.38267      -   119 3750s
 10787  7830  412.74012  130 2339          -  307.38267      -   120 3931s
 11696  8847 infeasible   90               -  307.59165      -   123 4009s
 12869  8895  416.28273  223 2322          -  307.59165      -   120 4104s
 12937  9727  428.82500  229 3254          -  307.59165      -   120 4159s
 13947  9842  342.02164   53 3226          -  307.74644      -   119 4260s
 14082 10549  340.27424   55 2269          -  307.74644      -   119 4307s
 14935 10824  330.00897   93 2652          -  307.83472      -   117 4341s
 15245 11603  367.26609  119 2583          -  307.83472      -   116 4380s
 16082 11601  415.13108  305 2563          -  307.83472      -   114 4464s
 16106 11709  416.08969  306 2570          -  307.89338      -   114 4507s
 16240 11766  343.57171   45 2869          -  307.89338      -   114 4561s
 16303 11898  366.71575   80 2811          -  307.89338      -   114 4639s
 16469 11974  313.76057   64 2434          -  307.89338      -   114 4698s
 16545 12317  337.75902   84 2898          -  307.89338      -   114 4734s
 17009 12432  344.34128   91 2862          -  308.14052      -   115 4778s
 17128 12969  354.91008   97 5178          -  308.14052      -   115 4819s
 17759 13435  339.76538   48 4483          -  308.32231      -   115 4855s
 18290 13557  318.86497   65 3408          -  308.46240      -   115 4946s
 18416 14122  352.21875  103 2671          -  308.46240      -   116 4985s
 19090 14233  330.85375   82 2638          -  308.57251      -   115 5033s
 19213 14934  336.74818  133 2635          -  308.57251      -   115 5072s
 19992 15508  380.72283  385 4690          -  308.79868      -   114 5109s
 20666 15635 infeasible   96               -  308.82780      -   113 5139s
 20848 15636  352.68092   72 3393          -  308.85482      -   113 6478s
 20850 15637  350.28874   92 4175          -  308.85482      -   113 6571s
 20851 15638  366.72533   99 9099          -  308.85482      -   113 6582s
 20854 15640  340.24858   73 7611          -  314.03301      -   113 6587s
 20856 15641  492.16461  420 7761          -  315.96396      -   113 6591s
 20859 15643  338.27258   69 10034          -  326.62348      -   113 6601s
 20863 15646  436.90236  263 5992          -  338.52897      -   113 6703s
 20864 15647  353.67081  102 8599          -  353.67081      -   113 6710s
 20866 15648  355.02171   39 5191          -  355.02171      -   113 6858s
 20867 15649  420.73531  107 5496          -  355.64726      -   113 6861s
 20868 15649  385.44093  190 3737          -  355.64726      -   113 6969s
 20869 15650  439.34240  107 3056          -  355.64726      -   113 6972s
 20870 15651  355.64726   60 3731          -  355.64726      -   113 7077s

Cutting planes:
  Gomory: 8
  Cover: 104
  Implied bound: 13
  Projected implied bound: 127
  Clique: 139
  MIR: 11
  StrongCG: 2
  Flow cover: 203
  GUB cover: 45
  Zero half: 38
  RLT: 62
  Relax-and-lift: 19

Explored 20870 nodes (2498158 simplex iterations) in 7200.08 seconds (8634.33 work units)
Thread count was 4 (of 8 available processors)

Solution count 0

Time limit reached
Best objective -, best bound 3.557000000000e+02, gap -
