
Gurobi 13.0.2 (linux64) logging started Mon Jun 15 02:54:43 2026

Set parameter LogFile to value "src/Resultados/Sin Restricciones/logs/R112-25.xml_log.log"
Set parameter Threads to value 4
Gurobi Optimizer version 13.0.2 build v13.0.2rc1 (linux64 - "Rocky Linux 9.7 (Blue Onyx)")

CPU model: QEMU Virtual CPU version 2.5+, instruction set [SSE2]
Thread count: 8 physical cores, 8 logical processors, using up to 4 threads

Non-default parameters:
TimeLimit  7200
Threads  4

Optimize a model with 116389 rows, 71700 columns and 499110 nonzeros (Min)
Model fingerprint: 0x4e355919
Model has 12195 linear objective coefficients
Variable types: 14745 continuous, 56955 integer (56940 binary)
Coefficient statistics:
  Matrix range     [1e+00, 4e+04]
  Objective range  [7e+00, 6e+01]
  Bounds range     [1e+00, 2e+03]
  RHS range        [1e+00, 4e+04]

Presolve removed 35760 rows and 135 columns
Presolve time: 3.33s
Presolved: 80629 rows, 71565 columns, 369840 nonzeros
Variable types: 375 continuous, 71190 integer (63255 binary)
Deterministic concurrent LP optimizer: primal and dual simplex
Showing primal log only...


Root simplex log...

Iteration    Objective       Primal Inf.    Dual Inf.      Time
       0    8.6850000e+02   1.572925e+03   2.071871e+10      5s
   20029    4.5357242e+02   1.459894e+02   3.113930e+09     10s
   28167    5.2593638e+02   2.153803e+01   7.448733e+09     15s
   32863    5.2287619e+02   1.026230e+00   1.323984e+09     20s
   37600    4.4866154e+02   0.000000e+00   1.342241e+06     25s
   45214    3.2479062e+02   0.000000e+00   1.139388e+05     30s
   52180    2.8015317e+02   0.000000e+00   9.048598e+02     35s
   57878    2.7640003e+02   3.349033e+03   0.000000e+00     40s
   60652    2.7640013e+02   5.790004e+03   0.000000e+00     45s
   63485    2.7640024e+02   3.826648e+04   0.000000e+00     50s
Concurrent spin time: 0.00s

Solved with dual simplex

Root simplex log...

Iteration    Objective       Primal Inf.    Dual Inf.      Time
   50098    2.8878757e+02   0.000000e+00   0.000000e+00     54s

Root relaxation: objective 2.887876e+02, 50098 iterations, 49.39 seconds (42.07 work units)

    Nodes    |    Current Node    |     Objective Bounds      |     Work
 Expl Unexpl |  Obj  Depth IntInf | Incumbent    BestBd   Gap | It/Node Time

     0     0  288.78757    0 4891          -  288.78757      -     -   54s
     0     0  288.78757    0 10974          -  288.78757      -     -   63s
     0     0  288.78757    0 10992          -  288.78757      -     -   66s
     0     0  288.78757    0 8222          -  288.78757      -     -   72s
     0     0  288.78757    0 8222          -  288.78757      -     -   72s
     0     0  288.78757    0 3397          -  288.78757      -     -   73s
     0     0  288.78757    0 4109          -  288.78757      -     -   76s
     0     0  288.78757    0 4894          -  288.78757      -     -   82s
     0     0  288.78757    0 4894          -  288.78757      -     -   82s
     0     0  288.78757    0 4894          -  288.78757      -     -   83s
     0     0  288.78757    0 8292          -  288.78757      -     -   86s
     0     0  288.78757    0 10196          -  288.78757      -     -   93s
     0     0  288.78757    0 4821          -  288.78757      -     -   95s
     0     0  288.78757    0 10437          -  288.78757      -     -  100s
     0     0  288.78757    0 11625          -  288.78757      -     -  106s
     0     0  288.78757    0 11625          -  288.78757      -     -  106s
     0     0  288.78757    0 5608          -  288.78757      -     -  108s
     0     0  288.78757    0 6401          -  288.78757      -     -  111s
     0     0  288.78757    0 7198          -  288.78757      -     -  116s
     0     0  288.78757    0 4111          -  288.78757      -     -  117s
     0     0  288.78757    0 4111          -  288.78757      -     -  119s
     0     0  288.78757    0 4111          -  288.78757      -     -  119s
     0     2  288.78769    0 4111          -  288.78769      -     -  189s
     1     4  288.78769    1 6324          -  288.78769      -   108  192s
     7     8  288.78769    3 6399          -  288.78769      -   248  195s
    61    74  288.84695   17 4108          -  288.78769      -   118  200s
   169   183  289.05675   36 4180          -  288.78769      -  54.6  205s
   296   303  289.27085   59 4806          -  288.78769      -  34.6  210s
   446   477  289.35128   91 5831          -  288.78769      -  23.7  215s
   616   655  289.50591  129 6451          -  288.78769      -  17.9  220s
   746   747  289.53303  157 5840          -  288.78769      -  15.2  225s
   834   885  289.54738  175 5825          -  288.78769      -  14.0  230s
   892   910  289.56176  188 6375          -  288.78769      -  13.2  251s
   913   931  289.56176  189 6375          -  288.78769      -  13.0  267s
   934   953  289.56176  190 6375          -  288.78769      -  12.8  280s
   956  1005  289.56630  191 6373          -  288.78769      -  12.5  290s
  1008  1054  289.56630  192 6373          -  288.78769      -  12.0  302s
  1057  1075  289.56630  193 6373          -  288.78769      -  12.0  315s
  1078  1116  289.57882  194 6191          -  288.78769      -  12.7  326s
  1119  1168  289.58416  195 6186          -  288.78769      -  12.8  341s
  1171  1237  289.58416  196 6186          -  288.78769      -  12.7  354s
  1240  1307  289.58416  197 6186          -  288.78769      -  12.2  363s
  1310  1428  289.58645  198 6182          -  288.78769      -  11.8  366s
  1511  1601  290.22695  239 4893          -  288.78769      -  11.8  371s
  1700  1827  290.42841  279 7873          -  288.78769      -  12.4  378s
  1830  1938  291.08099  311 7913          -  288.78769      -  12.0  382s
  1941  2071  291.11201  345 7891          -  288.78769      -  11.9  386s
  2074  2204  291.15247  386 7865          -  288.78769      -  11.5  390s
  2207  2334  291.20517  431 7838          -  288.78769      -  11.3  395s
  2491  2640  291.32593  518 7160          -  288.78769      -  10.7  403s
  2643  2805  291.41249  565 6495          -  288.78769      -  10.5  407s
  2808  2944  291.53901  620 6456          -  288.78769      -  10.3  412s
  2947  3123  291.93325  665 6333          -  288.78769      -  10.2  417s
  3126  3311  293.49881  710 6214          -  288.78769      -   9.8  422s
  3314  3481  298.08841  767 6133          -  288.78769      -   9.6  427s
  3487  3652  311.98180  787 5549          -  288.78769      -   9.7  432s
  3658  3794  312.18714  837 3522          -  288.78769      -   9.7  437s
  3804  3939  314.56775  862 4610          -  288.78769      -  10.0  442s
  3949  4063  315.20814  879 4402          -  288.78769      -  10.4  447s
  4075  4208  315.55037  912 4253          -  288.78769      -  10.8  452s
  4220  4212  315.75520  945 3089          -  288.78769      -  11.2  459s
  4224  4216  315.77862  946 3626          -  288.78769      -  11.2  465s
  4228  4220  315.77862  947 3160          -  288.78769      -  11.2  471s
  4232  4224  315.78292  948 3162          -  288.78769      -  11.2  476s
  4236  4228  315.78366  949 2566          -  288.78769      -  11.3  483s
  4240  4232  315.78802  950 2564          -  288.78769      -  11.3  488s
  4244  4236  315.81068  951 3610          -  288.78769      -  11.4  496s
  4248  4240  315.81771  952 3535          -  288.78769      -  11.5  502s
  4252  4244  315.81771  953 3070          -  288.78769      -  11.5  508s
  4256  4248  315.83801  954 3608          -  288.78769      -  11.6  514s
  4260  4252  315.84502  955 3604          -  288.78769      -  11.6  519s
  4264  4256  315.84502  956 3142          -  288.78769      -  11.7  524s
  4268  4260  315.86429  957 3140          -  288.78769      -  11.7  533s
  4272  4264  315.86997  958 3138          -  288.78769      -  11.7  539s
  4276  4268  315.87508  959 3134          -  288.78769      -  11.7  567s
  4280  4272  315.87924  960 3132          -  288.78769      -  11.7  573s
  4284  4276  315.88337  961 3130          -  288.78769      -  11.7  579s
  4288  4280  315.88799  962 3128          -  288.78769      -  11.7  584s
  4292  4292  316.01244  963 3002          -  288.78769      -  11.8  589s
  4304  4334  316.03630  964 3076          -  288.78769      -  11.8  595s
  4346  4387  316.03630  965 2548          -  288.78769      -  12.2  600s
  4399  4477  316.56798  979 2493          -  288.78769      -  12.3  605s
  4489  4602  317.18710 1018 2836          -  288.78769      -  12.9  610s
  4614  4728  318.26530 1060 2684          -  288.78769      -  13.3  616s
  4740  4732  319.10791 1098 2159          -  288.78769      -  14.0  647s
  4744  4736  319.10791 1099 2156          -  288.78769      -  14.0  664s
  4748  4740  319.14400 1100 2227          -  288.78769      -  14.0  681s
  4752  4744  319.14485 1101 2687          -  288.78769      -  14.0  705s
  4756  4748  319.15223 1102 2602          -  288.78769      -  14.0  732s
  4760  4752  319.18689 1103 3129          -  288.78769      -  14.0  760s
  4764  4756  319.19197 1104 3138          -  288.78769      -  14.0  792s
  4768  4760  319.19197 1105 2605          -  288.78769      -  14.0  818s
  4772  4780  319.19282 1106 2683          -  288.78769      -  14.0  829s
  4792  4936  319.20356 1107 3055          -  288.78769      -  14.2  835s
  4948  5074  319.60466 1143 2987          -  288.78769      -  14.9  842s
  5086  5208  320.48231 1181 2543          -  288.78769      -  15.5  849s
  5221  5209  293.53732  249 4111          -  288.78769      -  16.3  921s
  5223  5210  320.51080  957 6127          -  289.04153      -  16.3  975s
  5225  5212  301.19720  338 5590          -  289.29222      -  16.3  980s
  5229  5216  301.86204  486 4111          -  289.50000      -  18.2 1005s
  5231  5217  291.21117  114 4401          -  289.50000      -  18.2 1079s
  5232  5218  305.85438  291 4513          -  289.50000      -  18.2 1081s
  5235  5220  302.95675  956 2775          -  289.50000      -  18.2 1085s
  5236  5221  297.06084  798 2775          -  289.50117      -  18.2 1101s
  5237  5224  289.52906   22 3157          -  289.52906      -  26.0 1108s
  5239  5228  289.56887   23 3223          -  289.56887      -  26.1 1112s
  5247  5241  289.65555   25 3217          -  289.65555      -  26.4 1116s
  5259  5238  296.23785   28 3134          -  289.72231      -  27.3 1120s
  5276  5249  289.97706   31 3138          -  289.72231      -  28.0 1125s
  5289  5257  289.97706   33 3075          -  289.72231      -  29.1 1131s
  5293  5263  301.49618   33 3151          -  289.72231      -  29.4 1136s
  5302  5268  289.97706   34 3075          -  289.72231      -  29.7 1141s
  5314  5272  301.49333   34 2830          -  289.72231      -  30.2 1147s
  5326  5269  289.98806   35 3502          -  289.72231      -  30.6 1215s
  5331  5274  301.49618   35 3153          -  289.72231      -  30.9 1221s
  5338  5275  289.98806   36 3440          -  289.72231      -  31.2 1229s
  5343  5280  289.99551   36 3430          -  289.72231      -  31.5 1234s
  5356  5285  290.00971   37 3438          -  289.72231      -  31.8 1240s
  5371  5284  293.91854   37 3503          -  289.72231      -  32.1 1248s
  5375  5294  290.05654   38 3439          -  289.72231      -  32.4 1252s
  5391  5303  290.41137   38 3357          -  289.72231      -  32.8 1257s
  5409  5300  290.21972   39 3435          -  289.72231      -  33.3 1268s
  5414  5316  290.05654   39 3437          -  289.72231      -  33.4 1272s
  5438  5334  290.05664   40 3436          -  289.72231      -  33.8 1275s
  5482  5344  293.47575   46 2274          -  289.72231      -  34.3 1280s
  5511  5356  291.31104   49 3411          -  289.85438      -  35.0 1287s
  5528  5354  290.19686   51 3490          -  289.85438      -  35.7 1294s
  5532  5374  290.96641   51 3469          -  289.85438      -  36.0 1298s
  5553  5393  290.24150   55 3433          -  289.85438      -  36.8 1301s
  5579  5388  290.27121   58 3412          -  289.85438      -  37.4 1307s
  5583  5407  290.52034   58 2955          -  289.85438      -  37.6 1311s
  5603  5423  290.30733   60 3403          -  289.85438      -  38.5 1316s
  5626  5420  290.36141   63 3777          -  289.85438      -  39.2 1329s
  5630  5439  302.75091   63 3608          -  289.85438      -  39.5 1333s
  5651  5452  290.43280   66 3775          -  289.85438      -  40.5 1336s
  5671  5459  290.73385   68 3638          -  289.85438      -  41.4 1342s
  5684  5476  290.82797   69 3019          -  289.85438      -  41.8 1346s
  5708  5473  290.82971   71 3080          -  289.85438      -  42.7 1352s
  5713  5497  290.83637   72 3075          -  289.85438      -  42.8 1356s
  5746  5507  291.36372   75 3241          -  289.85438      -  43.8 1362s
  5768  5502  291.43483   79 1800          -  289.85438      -  44.9 1369s
  5773  5533  291.59349   80 2393          -  289.85438      -  45.2 1374s
  5805  5551  291.60180   84 2327          -  289.85438      -  46.3 1379s
  5834  5546  291.91790   87 2246          -  289.85438      -  47.7 1392s
  5839  5572  304.36758   87 2067          -  289.85438      -  48.0 1397s
  5868  5583  292.04860   91 2222          -  289.85438      -  49.2 1402s
  5904  5576  296.70949   95 3691          -  289.89573      -  50.6 1408s
  5909  5604  309.52601   95 2479          -  289.94506      -  51.1 1414s
  5941  5602  303.00391  100 2539          -  289.94506      -  52.4 1427s
  5949  5648  303.05079  101 2902          -  289.94506      -  53.3 1434s
  5998  5659  306.79286  108 3215          -  289.94506      -  54.4 1441s
  6025  5695  309.11615  113 2634          -  289.94506      -  55.0 1453s
  6070  5698  311.68800  119 2330          -  289.94506      -  56.1 1462s
  6088  5737  312.83569  124 2371          -  289.94506      -  56.5 1469s
  6137  5748  313.22189  132 2751          -  289.94506      -  58.1 1480s
  6165  5790  314.16540  135 3190          -  289.94506      -  59.0 1490s
  6218  5789  314.23296  139 2930          -  289.94506      -  60.1 1498s
  6235  5854  314.89163  143 3215          -  289.94506      -  60.5 1505s
  6307  5838  315.10335  150 3022          -  289.94506      -  61.9 1521s
  6315  5882  328.37428  152 1916          -  289.94506      -  62.0 1530s
  6366  5872  316.55808  162 2582          -  289.94506      -  62.9 1560s
  6377  5957  362.07306  164 2692          -  289.94506      -  63.3 1569s
  6466  6013  316.70435  169 2929          -  289.94506      -  64.5 1579s
  6553  5993  318.24129  176 3072          -  289.94506      -  66.1 1607s
  6562  6026  318.24129  177 3070          -  289.94506      -  66.3 1618s
  6598  6063  318.66607  183 3064          -  289.94506      -  67.2 1632s
  6647  6052  320.58056  192 2793          -  289.94506      -  68.1 1651s
  6653  6104  320.60552  193 2785          -  289.94506      -  68.2 1661s
  6709  6092  322.10796  203 2400          -  289.94506      -  69.1 1675s
  6715  6146  322.12145  204 2396          -  289.94506      -  69.2 1686s
  6773  6136  322.32813  216 2387          -  289.94506      -  70.2 1710s
  6783  6217  322.42152  218 2386          -  289.94506      -  70.4 1725s
  6867  6197  322.61761  231 2140          -  289.94506      -  71.8 1741s
  6875  6276  322.67512  233 1865          -  289.94506      -  72.1 1766s
  6959  6252  322.94583  243 1263          -  289.94506      -  74.1 1782s
  6963  6256  339.05571  243 1641          -  289.94506      -  74.2 1817s
  6968  6260  323.05269  244 1395          -  289.94506      -  74.4 1842s
  6974  6263  338.93609  244 1852          -  289.94506      -  74.5 1862s
  6981  6296  323.05269  245 1262          -  289.94506      -  74.8 1878s
  7022  6286  339.05571  245 1652          -  289.94506      -  75.8 1897s
  7026  6296  326.42004  246 1622          -  289.94506      -  75.8 1927s
  7037  6297  338.93609  246 1895          -  289.94506      -  76.2 1953s
  7048  6301  326.43250  247 1442          -  289.94506      -  76.5 1979s
  7055  6303  344.50699  247 1238          -  289.94506      -  77.0 2001s
  7060  6306  326.60943  248 1554          -  289.94506      -  77.0 2048s
  7064  6310  339.14904  248 1702          -  289.94506      -  77.2 2077s
  7070  6312  326.60943  249 1438          -  289.94506      -  77.2 2103s
  7074  6316  339.15709  249 1623          -  289.94506      -  77.3 2133s
  7079  6318  326.79144  250 1437          -  289.94506      -  77.4 2163s
  7083  6321  339.15921  250 1703          -  289.94506      -  77.6 2186s
  7087  6324  326.79144  251 1747          -  289.94506      -  77.6 2216s
  7091  6345  339.17278  251 1688          -  289.94506      -  77.8 2249s
  7114  6440  339.21807  256 1637          -  289.94506      -  78.1 2267s
  7216  6522  336.48693  269 1727          -  289.94506      -  81.2 2300s
  7334  6501  344.91810  285 1890          -  289.94506      -  84.9 2325s
  7371  6578  306.50655   28 3067          -  289.94506      -  86.0 2341s
  7460  6631  338.54290   42 2341          -  289.94506      -  89.7 2362s
  7545  6649  343.75010   58 1800          -  289.94506      -  93.2 2386s
  7614  6715  290.01716   39 3415          -  289.94506      -  94.7 2404s
  7745  6674  303.40043   57 1693          -  289.94506      -  99.2 2439s
  7750  6676  315.34519   57 1482          -  289.94506      -  99.2 2465s
  7755  6695  303.40043   58 1693          -  289.94506      -   100 2497s
  7776  6711  315.68400   58 1471          -  289.94506      -   100 2522s
  7799  6742  304.39690   59 1907          -  289.94506      -   101 2566s
  7838  6867  304.74490   62 1925          -  289.94506      -   102 2591s
  7976  6868  308.44729   86 1268          -  289.94506      -   104 2620s
  8023  7094  310.64419   96 1658          -  289.94506      -   106 2646s
  8272  7132  312.89851  122 1274          -  289.94506      -   109 2671s
  8405  7341  315.03885  145 1391          -  289.94506      -   111 2700s
  8717  7286  323.73455  176  931          -  289.95858      -   113 2729s
  8780  7516  326.76433  193  958          -  289.95858      -   114 2763s
  9078  7766  328.29134  220 1280          -  289.97249      -   115 2791s
  9486  7687  345.63304  263  847          -  290.01716      -   116 2826s
  9545  8054  380.95328  267 1099          -  290.01716      -   117 2852s
  9960  8106  389.39270  311  832          -  290.01716      -   118 2889s
 10178  8511  415.40302  333  853          -  290.01716      -   118 2924s
 10690  8688  340.31398   71 1121          -  290.01716      -   117 3120s
 11071  9027  318.09980   64 1276          -  290.01716      -   117 3160s
 11597  9192  340.20878  172  914          -  290.01716      -   118 3184s
 11948  9228 infeasible  253               -  290.01716      -   118 3209s
 12135  9346 infeasible   32               -  290.04113      -   118 3233s
 12331  9285  336.43408   65 2516          -  290.04113      -   119 3279s
 12335  9287  337.18641   64 1877          -  290.04113      -   119 3320s
 12339  9290  337.18641   65 1607          -  290.04113      -   119 3354s
 12343  9293  337.18641   66 1312          -  290.04113      -   119 3444s
 12347  9295  337.66578   67 1486          -  290.04113      -   119 3479s
 12351  9317  351.87446   65 1234          -  290.04113      -   119 3507s
 12374  9337  348.37499   80 1169          -  290.04113      -   119 3541s
 12402  9381  346.04692  102 1678          -  290.04113      -   119 3578s
 12455  9403  354.71394  115 1617          -  290.04113      -   119 3659s
 12499  9444  381.59819  124 1768          -  290.04113      -   119 3784s
 12554  9517  385.10796  135 1193          -  290.04113      -   120 3828s
 12648  9676  412.26983  183 1178          -  290.04113      -   120 3874s
 12860  9788  313.03436   51 2875          -  290.04113      -   120 3934s
 13049  9985 infeasible  141               -  290.04113      -   120 3984s
 13353 10771  355.39768  209 1261          -  290.04113      -   121 4035s
 14283 10613  345.42667  153  354          -  290.04113      -   119 4109s
 14477 11074  344.36070  177  774          -  290.04113      -   119 4153s
 15059 11455  302.43404   41 2118          -  290.10055      -   120 4196s
 15695 11294  332.05314   36 3921          -  290.18099      -   121 4283s
 15774 11810  333.42743   43 2624          -  290.18099      -   122 4331s
 16342 11856 infeasible  129               -  290.24457      -   122 4386s
 16599 12249  305.63170   83 1957          -  290.24457      -   122 4438s
 17100 12266  328.70666  180 1381          -  290.24457      -   122 4497s
 17286 13100  329.43651  193 1468          -  290.24457      -   122 4544s
 18230 13232  412.04052  388 1355          -  290.24457      -   120 4582s
 18731 13143  355.11346  130  736          -  290.24457      -   121 4693s
 18865 13560  293.36142   33 3311          -  290.38494      -   122 4733s
 19406 13496  320.21160   99 1294          -  290.38494      -   122 4779s
 19525 13843  326.79400  143 1817          -  290.38494      -   122 4816s
 19920 14100  387.90002  229  361          -  290.38494      -   123 4859s
 20397 14155  295.60512   76 2184          -  290.38919      -   125 4904s
 20627 14187  321.86405  117 1213          -  290.39113      -   125 4955s
 20736 14281  318.83921  137 1010          -  290.39113      -   126 5006s
 20866 14344  340.98535  157 1356          -  290.39113      -   126 5070s
 20975 14334  346.27830   55 4111          -  290.39113      -   126 5977s
 20977 14335  322.29648  148 3415          -  290.39113      -   126 6039s
 20978 14336  330.94158   89 6174          -  330.94158      -   126 6107s
 20979 14337  342.45682  237 5139          -  338.66437      -   126 6144s
 20980 14337  350.05144  201 5708          -  338.66437      -   126 6152s
 20981 14338  465.46147  430 5671          -  338.66437      -   126 6162s
 20984 14340  386.57094  239 4089          -  339.04988      -   126 6275s
 20986 14341  339.04988  197 4439          -  339.04988      -   126 6389s
 20987 14342  404.51299  176 4182          -  339.04988      -   126 6390s
 20988 14343  358.68071  301 4099          -  339.04988      -   126 6505s
 20989 14343  363.97449  293 2156          -  339.04988      -   126 6590s
 20990 14344  392.79984  131 2165          -  339.04988      -   126 6724s
 20991 14345  379.94818   93 2449          -  339.04988      -   126 6861s
 20992 14345  339.04988  195 2460          -  339.04988      -   126 7006s
 20993 14346  339.04988   54 2358          -  339.04988      -   126 7116s

Cutting planes:
  Gomory: 16
  Cover: 10
  Implied bound: 7
  Projected implied bound: 437
  Clique: 78
  MIR: 14
  StrongCG: 2
  Flow cover: 46
  GUB cover: 6
  Zero half: 15
  RLT: 57
  Relax-and-lift: 7

Explored 20993 nodes (2843229 simplex iterations) in 7216.71 seconds (8167.73 work units)
Thread count was 4 (of 8 available processors)

Solution count 0

Time limit reached
Best objective -, best bound 3.391000000000e+02, gap -
