
Gurobi 13.0.2 (linux64) logging started Wed Jun 17 21:08:58 2026

Set parameter LogFile to value "src/Resultados/Sin Restricciones/logs/RC105-50.xml_log.log"
Set parameter Threads to value 4
Gurobi Optimizer version 13.0.2 build v13.0.2rc1 (linux64 - "Rocky Linux 9.7 (Blue Onyx)")

CPU model: QEMU Virtual CPU version 2.5+, instruction set [SSE2]
Thread count: 8 physical cores, 8 logical processors, using up to 4 threads

Non-default parameters:
TimeLimit  7200
Threads  4

Optimize a model with 139459 rows, 86175 columns and 602055 nonzeros (Min)
Model fingerprint: 0x99ab11bc
Model has 16110 linear objective coefficients
Variable types: 17670 continuous, 68505 integer (68490 binary)
Coefficient statistics:
  Matrix range     [1e+00, 4e+04]
  Objective range  [1e+00, 8e+01]
  Bounds range     [1e+00, 2e+03]
  RHS range        [1e+00, 4e+04]

Presolve removed 41505 rows and 345 columns
Presolve time: 3.80s
Presolved: 97954 rows, 85830 columns, 470115 nonzeros
Variable types: 720 continuous, 85110 integer (74220 binary)
Deterministic concurrent LP optimizer: primal and dual simplex
Showing primal log only...


Root simplex log...

Iteration    Objective       Primal Inf.    Dual Inf.      Time
       0    4.8467000e+03   3.387475e+03   4.896216e+10      5s
   42833    3.8809697e+02   2.285778e+02   1.838567e+09     10s
   50699    4.8514457e+02   8.205452e+01   3.612872e+09     15s
   54770    5.6718479e+02   3.868016e+01   7.041396e+09     20s
   57956    5.5628077e+02   1.151560e+01   1.429295e+10     25s
   60788    5.4807777e+02   4.616900e+00   2.154861e+09     30s
   64682    5.4449665e+02   2.248671e+00   5.143466e+08     35s
   69638    4.8535078e+02   0.000000e+00   7.509254e+05     40s
   76895    3.7959070e+02   0.000000e+00   3.012971e+04     45s
   79992    3.7150000e+02   1.047237e+02   0.000000e+00     50s
   82608    3.7150001e+02   4.969033e+02   0.000000e+00     56s
   84500    3.7150002e+02   2.265787e+03   0.000000e+00     60s
   87241    3.7150004e+02   2.706435e+02   0.000000e+00     65s
   90305    3.7150000e+02   0.000000e+00   0.000000e+00     70s
Concurrent spin time: 11.71s (can be avoided by choosing Method=3)

Solved with primal simplex

Root relaxation: objective 3.715000e+02, 90305 iterations, 76.53 seconds (56.20 work units)

    Nodes    |    Current Node    |     Objective Bounds      |     Work
 Expl Unexpl |  Obj  Depth IntInf | Incumbent    BestBd   Gap | It/Node Time

     0     0  371.50000    0 4846          -  371.50000      -     -  104s
     0     0  371.50000    0 4854          -  371.50000      -     -  105s
     0     0  371.50000    0 15213          -  371.50000      -     -  123s
     0     0  371.50000    0 17575          -  371.50000      -     -  146s
     0     0  371.50000    0 17575          -  371.50000      -     -  146s
     0     0  371.50000    0 3214          -  371.50000      -     -  157s
     0     0  372.68983    0 3430          -  372.68983      -     -  166s
     0     0  372.68983    0 4044          -  372.68983      -     -  166s
     0     0  372.68983    0 10216          -  372.68983      -     -  193s
     0     0  372.68983    0 10216          -  372.68983      -     -  193s
     0     0  372.68983    0 3775          -  372.68983      -     -  214s
     0     0  372.68983    0 6971          -  372.68983      -     -  221s
     0     0  372.68983    0 6974          -  372.68983      -     -  221s
     0     0  458.63820    0 11731          -  458.63820      -     -  240s
     0     0  458.63820    0 11731          -  458.63820      -     -  241s
     0     0  458.63820    0 11187          -  458.63820      -     -  244s
     0     0  458.63820    0 13221          -  458.63820      -     -  252s
     0     0  458.63820    0 12590          -  458.63820      -     -  254s
     0     0  458.84899    0 14942          -  458.84899      -     -  261s
     0     0  458.84899    0 14942          -  458.84899      -     -  261s
     0     0  458.84899    0 7993          -  458.84899      -     -  281s
     0     0  458.85112    0 7729          -  458.85112      -     -  294s
     0     0  458.85112    0 7770          -  458.85112      -     -  294s
     0     0  463.30032    0 12235          -  463.30032      -     -  310s
     0     0  463.30032    0 12738          -  463.30032      -     -  310s
     0     0  463.30032    0 12738          -  463.30032      -     -  310s
     0     0  463.66234    0 10519          -  463.66234      -     -  314s
     0     0  463.68217    0 8632          -  463.68217      -     -  315s
     0     0  463.68217    0 8635          -  463.68217      -     -  315s
     0     0  463.68217    0 8041          -  463.68217      -     -  316s
     0     0  472.25923    0 8758          -  472.25923      -     -  322s
     0     0  472.27259    0 11595          -  472.27259      -     -  371s
     0     0  476.57673    0 7625          -  476.57673      -     -  377s
     0     0  476.91865    0 10576          -  476.91865      -     -  387s
     0     0  477.05552    0 7588          -  477.05552      -     -  390s
     0     0  477.05755    0 7609          -  477.05755      -     -  390s
     0     0  479.05872    0 9572          -  479.05872      -     -  402s
     0     0  479.37023    0 9936          -  479.37023      -     -  413s
     0     0  479.47113    0 10407          -  479.47113      -     -  416s
     0     0  479.85265    0 12336          -  479.85265      -     -  421s
     0     0  479.85265    0 12332          -  479.85265      -     -  422s
     0     0  479.85292    0 13369          -  479.85292      -     -  422s
     0     0  489.47439    0 14688          -  489.47439      -     -  432s
     0     0  489.52039    0 13176          -  489.52039      -     -  438s
     0     0  489.52253    0 13140          -  489.52253      -     -  440s
     0     0  489.52253    0 13146          -  489.52253      -     -  440s
     0     0  490.74349    0 14171          -  490.74349      -     -  454s
     0     0  490.86878    0 15253          -  490.86878      -     -  458s
     0     0  490.86902    0 13135          -  490.86902      -     -  460s
     0     0  491.92962    0 12307          -  491.92962      -     -  475s
     0     0  491.94386    0 13692          -  491.94386      -     -  490s
     0     0  495.87804    0 12022          -  495.87804      -     -  517s
     0     0  495.87804    0 12006          -  495.87804      -     -  517s
     0     0  496.12184    0 9505          -  496.12184      -     -  522s
     0     0  496.12184    0 9495          -  496.12184      -     -  522s
     0     0  496.49618    0 9828          -  496.49618      -     -  529s
     0     0  496.51069    0 8629          -  496.51069      -     -  535s
     0     0  496.86427    0 12786          -  496.86427      -     -  545s
     0     0  496.86427    0 10633          -  496.86427      -     -  549s
     0     0  496.86427    0 10626          -  496.86427      -     -  549s
     0     0  498.22379    0 12185          -  498.22379      -     -  559s
     0     0  498.22379    0 12185          -  498.22379      -     -  559s
     0     0  498.22379    0 9677          -  498.22379      -     -  564s
     0     0  498.66444    0 12772          -  498.66444      -     -  575s
     0     0  498.72727    0 12654          -  498.72727      -     -  586s
     0     0  498.72727    0 11096          -  498.72727      -     -  593s
     0     0  499.31565    0 12838          -  499.31565      -     -  605s
     0     0  499.31565    0 12838          -  499.31565      -     -  605s
     0     0  499.31565    0 11086          -  499.31565      -     -  611s
     0     0  499.31565    0 16904          -  499.31565      -     -  628s
     0     0  499.31565    0 16876          -  499.31565      -     -  628s
     0     0  499.31565    0 14722          -  499.31565      -     -  632s
     0     0  499.31565    0 14718          -  499.31565      -     -  632s
     0     0  499.31565    0 15885          -  499.31565      -     -  646s
     0     0  499.31565    0 15885          -  499.31565      -     -  646s
     0     0  499.31565    0 4836          -  499.31565      -     -  667s
     0     0  499.33564    0 5576          -  499.33564      -     -  690s
     0     0  499.33564    0 5584          -  499.33564      -     -  690s
     0     0  499.58635    0 7977          -  499.58635      -     -  717s
     0     0  499.58635    0 8952          -  499.58635      -     -  717s
     0     0  499.58635    0 8925          -  499.58635      -     -  718s
     0     0  499.58635    0 8925          -  499.58635      -     -  718s
     0     0  499.58635    0 4957          -  499.58635      -     -  726s
     0     0  499.78858    0 4483          -  499.78858      -     -  732s
     0     0  499.78858    0 4425          -  499.78858      -     -  732s
     0     0  499.78858    0 4427          -  499.78858      -     -  732s
     0     0  499.78858    0 4430          -  499.78858      -     -  732s
     0     0  499.78858    0 4430          -  499.78858      -     -  732s
     0     0  499.78858    0 4430          -  499.78858      -     -  732s
     0     0  499.78858    0 4430          -  499.78858      -     -  733s
     0     0  499.78858    0 4430          -  499.78858      -     -  733s
     0     0  499.78858    0 4430          -  499.78858      -     -  733s
     0     0  499.78858    0 4430          -  499.78858      -     -  733s
     0     0  499.78858    0 4430          -  499.78858      -     -  733s
     0     0  499.78858    0 7309          -  499.78858      -     -  739s
     0     0  499.78858    0 7309          -  499.78858      -     -  739s
     0     0  499.78858    0 7309          -  499.78858      -     -  739s
     0     0  499.78858    0 7309          -  499.78858      -     -  739s
     0     0  499.78858    0 7309          -  499.78858      -     -  740s
     0     0  499.78858    0 7309          -  499.78858      -     -  740s
     0     0  499.78858    0 7309          -  499.78858      -     -  740s
     0     0  499.78858    0 7309          -  499.78858      -     -  740s
     0     0  499.78858    0 7309          -  499.78858      -     -  740s
     0     0  499.78858    0 7309          -  499.78858      -     -  740s
     0     0  499.78858    0 7309          -  499.78858      -     -  740s
     0     0  499.92787    0 6441          -  499.92787      -     -  750s
     0     0  499.92787    0 6441          -  499.92787      -     -  751s
     0     0  499.92787    0 6441          -  499.92787      -     -  751s
     0     0  499.94385    0 7575          -  499.94385      -     -  763s
     0     0  500.26801    0 6710          -  500.26801      -     -  778s
     0     0  500.26801    0 6691          -  500.26801      -     -  778s
     0     0  500.27987    0 7393          -  500.27987      -     -  784s
     0     0  500.30393    0 8099          -  500.30393      -     -  791s
     0     0  500.31365    0 9216          -  500.31365      -     -  800s
     0     0  500.50954    0 7282          -  500.50954      -     -  807s
     0     0  500.50954    0 7282          -  500.50954      -     -  809s
     0     0  500.50954    0 5243          -  500.50954      -     -  834s
     0     2  500.50954    0 4921          -  500.50954      -     -  881s
     1     4  500.51448    1 7603          -  500.50954      -  1624  885s
     7    12  500.53663    3 7333          -  500.51130      -  1453  903s
    11    21  500.90886    4 9902          -  500.51130      -  1812  911s
    20    37  500.91640    9 8237          -  500.51130      -  1208  919s
    36    43  500.91640   14 8245          -  500.51130      -   776  930s
    42    55  500.93857   16 10136          -  500.51130      -   741  938s
    54    60  501.57085   21 9216          -  500.51130      -   651  946s
    59    67  501.27729   21 9515          -  500.51130      -   643  953s
    66    78  501.37121   23 10600          -  500.51130      -   628  961s
    77    85  501.85435   27 10225          -  500.51130      -   606  969s
    84    94  501.68742   28 8548          -  500.51130      -   596  980s
    93    99  502.00674   33 9855          -  500.51130      -   599  985s
    98   105  502.01493   34 8447          -  500.51130      -   607  991s
   104   114  505.46769   35 8294          -  500.51130      -   599 1000s
   113   130  503.05935   38 7979          -  500.51130      -   591 1006s
   129   138  504.24374   44 6951          -  500.51130      -   538 1013s
   137   148  504.69691   45 6959          -  500.51130      -   531 1021s
   147   163  505.51436   48 7280          -  500.51130      -   582 1028s
   162   179  505.79722   53 7230          -  500.51130      -   560 1035s
   178   193  506.56814   59 7225          -  500.51130      -   542 1042s
   192   214  508.05409   68 6737          -  500.51130      -   541 1050s
   213   242  508.27307   77 5806          -  500.51130      -   498 1057s
   241   260  509.43647   86 6224          -  500.51130      -   452 1066s
   259   271  522.93029   91 6217          -  500.51130      -   444 1073s
   270   278  510.23372   91 6338          -  500.51130      -   433 1085s
   277   282  511.39037   94 6371          -  500.51130      -   434 1156s
   281   286  511.61561   95 5844          -  500.51130      -   433 1274s
   285   290  524.50542   96 4839          -  500.51130      -   430 1368s
   289   294  512.02987   96 5859          -  500.51130      -   426 1442s
   293   312  512.35194   97 5883          -  500.51130      -   422 1548s
   311   331  512.93205   97 5854          -  500.51130      -   404 1651s
   330   346  512.47178   98 5873          -  500.51130      -   388 1756s
   350   367  512.57778   99 5880          -  500.51130      -   371 1848s
   371   389  513.02542  100 5865          -  500.51130      -   358 1960s
   393   431  513.24185  101 5875          -  500.51130      -   340 2030s
   435   477  514.69858  120 5720          -  500.51130      -   322 2059s
   481   539  526.12206  140 5716          -  500.51448      -   307 2076s
   549   608  507.28061    5 4348          -  500.51448      -   296 2094s
   620   678  510.95120   18 7839          -  500.51448      -   284 2109s
   691   764  526.90546   24 7645          -  500.51448      -   266 2126s
   777   855  528.61594   35 7261          -  500.51448      -   246 2138s
   873   936  532.58241   73 6583          -  500.51448      -   229 2230s
   966  1017  537.65597  113 5196          -  500.51448      -   219 2244s
  1056  1104  540.26247  145 5002          -  500.51448      -   212 2258s
  1152  1105  520.66723   64 5243          -  500.51448      -   208 2351s
  1154  1106  530.71203   75 5363          -  500.51448      -   207 2629s
  1155  1107  545.78062  141 5124          -  500.51448      -   207 2793s
  1156  1108  530.46155   60 5479          -  500.51448      -   207 2907s
  1157  1108  552.36769  121 3225          -  500.51448      -   207 3027s
  1158  1109  511.10748   41 5415          -  501.21264      -   206 3098s
  1159  1110  534.73154   75 4853          -  502.86937      -   206 3159s
  1160  1110  549.71137  222 5808          -  506.71870      -   206 3196s
  1161  1111  548.68260  209 4919          -  508.86504      -   206 3256s
  1162  1112  574.36602  252 6237          -  512.26199      -   206 3303s
  1163  1112  549.71137  222 5391          -  512.84680      -   206 3338s
  1164  1113  584.31872  246 5919          -  515.53699      -   205 3400s
  1165  1114  530.97479   62 5105          -  515.77431      -   205 3620s
  1166  1114  557.17567  208 4872          -  516.14067      -   205 3695s
  1167  1115  516.85617    6 4634          -  516.85617      -   205 3753s
  1168  1116  552.89777  163 5144          -  517.57906      -   205 3813s
  1169  1116  528.64352   36 5187          -  517.81945      -   205 3853s
  1170  1117  530.15059   48 4574          -  518.50639      -   204 3908s
  1171  1118  519.03662   41 4563          -  519.03662      -   204 3952s
  1172  1118  529.82454   42 6319          -  520.95898      -   204 4023s
  1173  1119  569.11301  240 5571          -  521.40339      -   204 4081s
  1174  1120  521.58456   36 5638          -  521.58456      -   204 4123s
  1175  1120  533.07731   78 4720          -  522.01114      -   204 4184s
  1176  1121  545.36816  134 4937          -  522.16927      -   203 4262s
  1177  1122  522.69949   21 5457          -  522.69949      -   203 4324s
  1178  1122  523.53865   18 6522          -  523.53865      -   203 4378s
  1179  1123  537.66139  110 6126          -  524.07547      -   203 4426s
  1180  1124  535.37866   97 7800          -  524.59136      -   203 4492s
  1181  1124  524.85147   60 5105          -  524.85147      -   202 4532s
  1182  1125  529.36346   41 6740          -  525.34695      -   202 4597s
  1183  1126  529.19226   39 5555          -  525.48487      -   202 4639s
  1184  1126  535.10492   88 6747          -  525.80299      -   202 4690s
  1185  1127  526.23894   68 5487          -  526.23894      -   202 4729s
  1186  1128  526.80091   10 5284          -  526.80091      -   202 4772s
  1187  1128  527.51988   36 4509          -  527.51988      -   201 4813s
  1188  1129  529.69032   35 6423          -  527.74160      -   201 4850s
  1189  1130  538.86594  124 4938          -  528.08574      -   201 4894s
  1190  1130  541.27978   93 6456          -  528.60147      -   201 4954s
  1191  1131  528.82700  106 5223          -  528.82700      -   201 4986s
  1192  1132  529.08500   21 5453          -  529.08500      -   201 5035s
  1193  1132  538.93837   80 5755          -  529.51954      -   200 5084s
  1194  1133  529.62888   41 5582          -  529.62888      -   200 5117s
  1195  1134  539.33220  122 5422          -  529.69854      -   200 5153s
  1196  1134  529.94594   23 6335          -  529.94594      -   200 5187s
  1197  1135  535.88981  135 5540          -  530.02252      -   200 5226s
  1198  1136  530.13947    7 5928          -  530.13947      -   200 5273s
  1199  1136  530.29694   14 5096          -  530.29694      -   199 5314s
  1200  1137  530.39798   41 5538          -  530.39798      -   199 5347s
  1201  1138  530.73087   83 5830          -  530.73087      -   199 5400s
  1202  1138  530.77885   81 5420          -  530.77885      -   199 5437s
  1203  1139  530.86386   42 5491          -  530.86386      -   199 5467s
  1204  1140  532.20854  128 5482          -  530.98762      -   199 5511s
  1205  1140  607.79789  233 5985          -  531.12398      -   198 5548s
  1206  1141  531.21040   12 6080          -  531.21040      -   198 5590s
  1207  1142  531.33952  118 5303          -  531.33952      -   198 5627s
  1208  1142  531.44116   25 5443          -  531.44116      -   198 5659s
  1209  1143  553.40230  197 5428          -  531.50559      -   198 5685s
  1210  1144  549.71137  222 5524          -  531.57598      -   198 5709s
  1211  1144  531.62848   15 5406          -  531.62848      -   197 5728s
  1212  1145  531.66220   28 5460          -  531.66220      -   197 5736s
  1213  1146  531.74884   47 5073          -  531.74884      -   197 5758s
  1214  1146  547.51862  189 4641          -  531.85099      -   197 5764s
  1215  1147  531.97893  124 5312          -  531.97893      -   197 5783s
  1216  1148  537.49562  109 5003          -  532.06232      -   197 5789s
  1217  1148  532.17772  107 5929          -  532.17772      -   196 5820s
  1218  1149  532.20600   25 6007          -  532.20600      -   196 5826s
  1219  1150  544.15602  125 5754          -  532.22452      -   196 5851s
  1220  1150  532.24111   31 6435          -  532.24111      -   196 5858s
  1221  1151  545.48603  159 5640          -  532.28776      -   196 5872s
  1222  1152  532.29359   11 5618          -  532.29359      -   196 5877s
  1223  1152  532.37956   48 5393          -  532.37956      -   196 5898s
  1224  1153  532.38770   23 5455          -  532.38770      -   195 5902s
  1225  1154  532.45797   38 5513          -  532.45797      -   195 5922s
  1226  1154  536.23310   96 5580          -  532.48592      -   195 5928s
  1227  1155  532.49797   68 5524          -  532.49797      -   195 5946s
  1228  1156  532.50313   11 5672          -  532.50313      -   195 5952s
  1229  1156  558.59558  213 5750          -  532.54370      -   195 5969s
  1230  1157  545.61285  138 5728          -  532.56636      -   194 5976s
  1231  1158  562.57513  230 5758          -  532.57113      -   194 5996s
  1232  1158  532.57181  129 5792          -  532.57181      -   194 6008s
  1233  1159  532.57796   83 5685          -  532.57796      -   194 6023s
  1234  1160  532.57881   29 5684          -  532.57881      -   194 6033s
  1235  1160  532.59715  116 5450          -  532.59715      -   194 6051s
  1236  1161  532.60142   29 5486          -  532.60142      -   193 6066s
  1237  1162  535.29258  137 5475          -  532.60225      -   193 6085s
  1238  1162  555.70915  204 5478          -  532.60263      -   193 6097s
  1239  1163  549.00245  216 5583          -  532.64183      -   193 6116s
  1240  1164  532.65058  101 5531          -  532.65058      -   193 6124s
  1241  1164  538.93837   80 5618          -  532.66174      -   193 6188s
  1242  1165  539.60320  119 5738          -  532.66469      -   193 6225s
  1243  1166  532.66801   76 5687          -  532.66801      -   192 6242s
  1244  1166  532.66872   65 5673          -  532.66872      -   192 6248s
  1245  1167  532.66897   25 5688          -  532.66897      -   192 6261s
  1246  1168  532.66900   48 5684          -  532.66900      -   192 6265s
  1247  1168  539.45115  130 5701          -  532.66996      -   192 6282s
  1250  1172  535.15214  140 5243          -  532.66996      -  1318 6331s
  1252  1173  532.66996   64 7067          -  532.66996      -  1316 6711s
  1253  1174  539.45115  130 5792          -  532.66996      -  1315 6754s
  1254  1175  532.67615   75 8621          -  532.67615      -  1314 6801s
  1255  1175  545.78062  141 5658          -  532.67615      -  1313 6848s
  1256  1176  532.67767   60 6087          -  532.67767      -  1312 6882s
  1257  1177  552.36769  121 6520          -  532.67767      -  1311 6922s
  1258  1177  532.67767   41 8844          -  532.67767      -  1310 6965s
  1259  1178  534.73154   75 6512          -  532.67767      -  1309 7004s
  1260  1179  549.71137  222 8636          -  532.67767      -  1308 7063s
  1261  1179  548.68260  209 5724          -  532.67767      -  1307 7094s
  1262  1180  574.36602  252 6241          -  532.67767      -  1305 7135s

Cutting planes:
  Gomory: 3
  Cover: 137
  Implied bound: 19
  Projected implied bound: 19
  Clique: 85
  MIR: 23
  StrongCG: 7
  Flow cover: 156
  GUB cover: 249
  Zero half: 65
  RLT: 137
  Relax-and-lift: 25

Explored 1262 nodes (2264529 simplex iterations) in 7202.18 seconds (5778.59 work units)
Thread count was 4 (of 8 available processors)

Solution count 0

Time limit reached
Best objective -, best bound 5.327000000000e+02, gap -
