
Gurobi 13.0.2 (linux64) logging started Thu Jul  2 22:13:25 2026

Set parameter LogFile to value "src/Resultados/Restriccion todas cliques/logs/R103-25.xml_log.log"
Set parameter Threads to value 4
Gurobi Optimizer version 13.0.2 build v13.0.2rc1 (linux64 - "Rocky Linux 9.7 (Blue Onyx)")

CPU model: QEMU Virtual CPU version 2.5+, instruction set [SSE2]
Thread count: 8 physical cores, 8 logical processors, using up to 4 threads

Non-default parameters:
TimeLimit  7200
Threads  4

Optimize a model with 112940 rows, 69000 columns and 553380 nonzeros (Min)
Model fingerprint: 0x8c651656
Model has 10575 linear objective coefficients
Variable types: 14475 continuous, 54525 integer (54510 binary)
Coefficient statistics:
  Matrix range     [1e+00, 4e+04]
  Objective range  [7e+00, 6e+01]
  Bounds range     [1e+00, 2e+03]
  RHS range        [1e+00, 4e+04]

Presolve removed 35088 rows and 240 columns (presolve time = 5s)...
Presolve removed 34998 rows and 150 columns
Presolve time: 5.23s
Presolved: 77942 rows, 68850 columns, 352470 nonzeros
Variable types: 375 continuous, 68475 integer (60540 binary)
Deterministic concurrent LP optimizer: primal and dual simplex
Showing primal log only...


Root simplex log...

Iteration    Objective       Primal Inf.    Dual Inf.      Time
       0    8.9470000e+02   1.717531e+03   2.703626e+10     11s
   15383    4.7946345e+02   2.223634e+02   8.424889e+09     15s
   21902    5.0329568e+02   1.241376e+02   1.252845e+10     20s
   27290    5.0208733e+02   3.745304e+01   1.299883e+10     25s
   31583    5.0660101e+02   8.435770e+00   3.224520e+09     30s
   35399    5.1274445e+02   2.406277e+00   3.572179e+08     35s
   39533    5.2665435e+02   0.000000e+00   3.192283e+05     40s
   45257    3.7462332e+02   0.000000e+00   1.104864e+03     45s
   49706    3.6380000e+02   2.419898e-02   0.000000e+00     50s
   50256    3.6380000e+02   0.000000e+00   0.000000e+00     51s
Concurrent spin time: 6.33s (can be avoided by choosing Method=3)

Solved with primal simplex

Root relaxation: objective 3.638000e+02, 50256 iterations, 49.31 seconds (27.46 work units)

    Nodes    |    Current Node    |     Objective Bounds      |     Work
 Expl Unexpl |  Obj  Depth IntInf | Incumbent    BestBd   Gap | It/Node Time

     0     0  363.80000    0 3814          -  363.80000      -     -   78s
     0     0  363.80000    0 3631          -  363.80000      -     -   79s
     0     0  363.80000    0 5409          -  363.80000      -     -  105s
     0     0  363.80000    0 5377          -  363.80000      -     -  106s
     0     0  363.80000    0 5294          -  363.80000      -     -  107s
     0     0  363.80000    0 6937          -  363.80000      -     -  120s
     0     0  363.80000    0 6937          -  363.80000      -     -  120s
     0     0  363.80000    0 2925          -  363.80000      -     -  130s
     0     0  363.80000    0 2806          -  363.80000      -     -  134s
     0     0  363.80000    0 2796          -  363.80000      -     -  134s
     0     0  363.80000    0 5138          -  363.80000      -     -  150s
     0     0  363.80000    0 5145          -  363.80000      -     -  150s
     0     0  363.80000    0 4694          -  363.80000      -     -  171s
     0     0  363.80000    0 4259          -  363.80000      -     -  173s
     0     0  363.80000    0 4259          -  363.80000      -     -  173s
     0     0  363.80000    0 5156          -  363.80000      -     -  183s
     0     0  363.80000    0 5156          -  363.80000      -     -  199s
     0     0  363.80000    0 5189          -  363.80000      -     -  203s
     0     0  363.80000    0 5150          -  363.80000      -     -  212s
     0     0  363.80000    0 5150          -  363.80000      -     -  212s
     0     0  363.80000    0 5150          -  363.80000      -     -  234s
     0     0  363.80000    0 6128          -  363.80000      -     -  237s
     0     0  363.80000    0 7330          -  363.80000      -     -  250s
     0     0  363.80000    0 7330          -  363.80000      -     -  250s
     0     0  363.80000    0 3983          -  363.80000      -     -  267s
     0     0  363.80000    0 3986          -  363.80000      -     -  269s
     0     0  363.80000    0 3986          -  363.80000      -     -  273s
     0     2  364.90000    0 3986          -  364.90000      -     -  341s
     7    12  364.90000    3 4526          -  364.90000      -   462  345s
    32    38  364.90000    6 5220          -  364.90000      -   297  350s
    53    60  364.90000   10 6282          -  364.90000      -   294  358s
    59    69  364.90000   11 6282          -  364.90000      -   310  363s
    68    80  364.90000   14 5734          -  364.90000      -   321  366s
    79    91  364.90000   18 6593          -  364.90000      -   329  370s
    90   104  364.90000   21 6794          -  364.90000      -   347  376s
   103   122  364.90000   28 6224          -  364.90000      -   361  382s
   121   136  364.90000   33 5986          -  364.90000      -   393  387s
   135   157  364.90000   40 5942          -  364.90000      -   403  393s
   156   197  364.90000   52 6300          -  364.90000      -   392  401s
   196   224  364.90000   72 6448          -  364.90000      -   378  413s
   223   263  364.90000   85 6964          -  364.90000      -   377  418s
   262   290  364.90000  105 6746          -  364.90000      -   349  422s
   289   319  364.90000  112 6664          -  364.90000      -   339  427s
   318   342  364.90000  120 7104          -  364.90000      -   325  432s
   341   379  364.90000  124 5985          -  364.90000      -   332  435s
   411   432  364.90000  142 7130          -  364.90000      -   306  443s
   431   458  364.90000  152 7811          -  364.90000      -   310  446s
   457   500  364.90000  157 5987          -  364.90000      -   306  450s
   511   517  364.90000  173 7256          -  364.90000      -   299  538s
   516   521  364.90000  175 5877          -  364.90000      -   300  630s
   520   525  364.90000  176 6988          -  364.90000      -   299  742s
   524   529  364.90000  177 5875          -  364.90000      -   299  792s
   528   565  364.90000  178 5879          -  364.90000      -   300  802s
   564   569  364.90000  182 6025          -  364.90000      -   291  812s
   568   573  364.90000  183 6028          -  364.90000      -   291  821s
   572   577  366.70000  183 5406          -  364.90000      -   293  831s
   576   581  364.90000  184 6689          -  364.90000      -   292  839s
   580   585  364.90000  185 6007          -  364.90000      -   291  847s
   584   589  364.90000  186 6014          -  364.90000      -   290  857s
   588   593  364.90000  187 6674          -  364.90000      -   291  865s
   592   597  364.90000  188 6011          -  364.90000      -   291  876s
   596   601  364.90000  189 6100          -  364.90000      -   291  882s
   600   605  364.90000  190 6709          -  364.90000      -   291  891s
   604   609  364.90000  191 6622          -  364.90000      -   290  898s
   608   613  364.90000  192 7278          -  364.90000      -   290  904s
   612   617  364.90000  193 6630          -  364.90000      -   290  913s
   616   621  364.90000  194 6227          -  364.90000      -   291  921s
   620   625  364.90000  195 6649          -  364.90000      -   290  928s
   624   629  364.90000  196 6793          -  364.90000      -   290  934s
   628   633  364.90000  197 6776          -  364.90000      -   290  944s
   632   637  364.90000  198 6099          -  364.90000      -   289  952s
   636   641  364.90000  199 6116          -  364.90000      -   290  960s
   640   645  364.90000  200 5869          -  364.90000      -   289  967s
   644   649  364.90000  201 5193          -  364.90000      -   289  975s
   648   653  364.90000  202 5392          -  364.90000      -   289  983s
   652   657  364.90000  203 5178          -  364.90000      -   288  991s
   656   661  364.90000  204 5615          -  364.90000      -   287  998s
   660   665  364.90000  205 5088          -  364.90000      -   288 1007s
   664   702  364.90000  206 5090          -  364.90000      -   287 1018s
   701   743  364.90000  207 5097          -  364.90000      -   275 1024s
   742   797  364.93348  210 7325          -  364.90000      -   264 1034s
   796   857  364.97587  224 6374          -  364.90000      -   257 1089s
   856   934  365.06234  242 6617          -  364.90000      -   243 1100s
   933  1008  365.09893  266 5665          -  364.90000      -   234 1112s
  1007  1097  365.18287  289 7740          -  364.90000      -   229 1122s
  1096  1176  365.35435  323 5443          -  364.90000      -   222 1135s
  1175  1332  365.40866  344 6714          -  364.90000      -   218 1145s
  1331  1481  365.46810  378 5536          -  364.90000      -   205 1154s
  1480  1635  365.57240  406 5405          -  364.90000      -   194 1165s
  1634  1738  365.61388  442 6352          -  364.90000      -   184 1177s
  1737  1876  365.69494  471 7340          -  364.90000      -   184 1190s
  1880  1993  365.73820  495 7605          -  364.90000      -   180 1200s
  2007  2162  365.79400  541 5268          -  364.90000      -   179 1212s
  2176  2328  365.94290  601 6725          -  364.90000      -   173 1224s
  2342  2501  366.02869  634 6003          -  364.90000      -   168 1236s
  2515  2688  366.06082  670 5324          -  364.90000      -   163 1253s
  2702  2768  369.62857  691 5820          -  364.90000      -   160 1267s
  2782  2881  370.98857  712 7033          -  364.90000      -   164 1280s
  2895  3003  371.98429  736 6565          -  364.90000      -   166 1292s
  3019  3143  375.29548  753 7136          -  364.90000      -   167 1305s
  3161  3259  376.34529  777 7250          -  364.90000      -   168 1319s
  3277  3346  377.09743  800 6798          -  364.90000      -   170 1336s
  3366  3468  386.77889  813 6168          -  364.90000      -   175 1349s
  3488  3555  390.53648  822 6658          -  364.90000      -   177 1364s
  3579  3609  399.71506  865 7512          -  364.90000      -   181 1386s
  3633  3677  402.96623  876 7039          -  364.90000      -   187 1410s
  3705  3813  420.97911  909 5677          -  364.90000      -   192 1430s
  3845  3950  490.61779  961 7116          -  364.90000      -   193 1451s
  3984  4115  461.15644  974 7407          -  364.90000      -   193 1473s
  4153  4419  494.92848 1028 7398          -  364.90000      -   192 1496s
  4461  4734  498.90520 1184 5416          -  364.90000      -   185 1524s
  4785  4863  550.27890 1366 5266          -  364.90000      -   178 1549s
  4943  5115  604.24570 1447 4733          -  364.90000      -   181 1572s
  5202  5116  364.90000   27 3986          -  364.90000      -   180 1664s
  5203  5117  367.30000  258 3986          -  364.90000      -   180 1666s
  5204  5117  368.77404   35 4727          -  365.89617      -   180 1813s
  5205  5118  376.20000  673 3395          -  366.13932      -   180 1820s
  5206  5119  372.50000  472 3657          -  366.13932      -   180 1826s
  5209  5121  386.80000  987 3574          -  366.17714      -   180 1844s
  5211  5122  398.80000  406 2850          -  366.28385      -   179 1858s
  5212  5123  460.46825  540 2850          -  368.80000      -   179 1876s
  5213  5126  368.80000   16 3012          -  368.80000      -   200 1893s
  5215  5130  368.80000   17 3091          -  368.80000      -   201 1919s
  5219  5132  368.80000   18 4626          -  368.80000      -   204 1928s
  5223  5142  368.80000   19 4493          -  368.80000      -   205 1939s
  5234  5144  368.80000   21 4154          -  368.80000      -   208 1945s
  5240  5150  368.80000   22 3902          -  368.80000      -   209 1952s
  5248  5158  368.80000   23 3778          -  368.80000      -   211 1967s
  5258  5162  368.80000   24 3750          -  368.80000      -   213 1989s
  5266  5168  368.80000   25 3765          -  368.80000      -   219 2007s
  5274  5170  368.80000   26 3492          -  368.80000      -   222 2017s
  5283  5179  368.80000   27 3115          -  368.80000      -   225 2029s
  5295  5183  374.44557   27 4009          -  368.80000      -   228 2043s
  5303  5188  391.43002   28 3609          -  368.80000      -   231 2056s
  5311  5195  401.40877   29 3755          -  368.80000      -   234 2065s
  5320  5199  391.50465   31 3316          -  368.80000      -   237 2075s
  5327  5203  391.50465   32 3143          -  368.80000      -   241 2083s
  5336  5209  391.56883   34 2927          -  368.80000      -   243 2090s
  5347  5218  391.69217   35 3203          -  368.80000      -   245 2099s
  5361  5214  393.42055   37 3385          -  368.80000      -   248 2161s
  5368  5218  392.08888   39 2983          -  368.80000      -   250 2248s
  5376  5220  392.08888   40 2983          -  368.80000      -   255 2338s
  5383  5226  392.08888   41 2580          -  368.80000      -   258 2377s
  5391  5239  392.08888   42 2577          -  368.80000      -   263 2389s
  5407  5241  392.08888   43 2696          -  368.80000      -   269 2421s
  5414  5246  392.42949   44 2616          -  368.80000      -   276 2443s
  5422  5253  392.55010   45 2708          -  368.80000      -   283 2462s
  5431  5269  392.55010   47 2602          -  368.80000      -   286 2476s
  5450  5272  392.55010   48 2594          -  368.80000      -   294 2497s
  5460  5276  392.55010   50 3286          -  368.80000      -   301 2513s
  5467  5282  413.27928   50 3231          -  368.80000      -   304 2536s
  5475  5285  392.74778   51 3166          -  368.80000      -   306 2557s
  5481  5289  414.41826   51 2665          -  368.80000      -   310 2579s
  5487  5296  392.74778   52 2953          -  368.80000      -   313 2597s
  5496  5304  412.35027   52 3073          -  368.80000      -   317 2620s
  5507  5310  392.74778   53 2880          -  368.80000      -   323 2646s
  5517  5318  412.42077   53 3694          -  368.80000      -   327 2664s
  5528  5322  392.89595   54 2795          -  368.80000      -   330 2685s
  5536  5345  395.25690   54 3136          -  368.80000      -   336 2714s
  5561  5372  392.89595   56 2632          -  368.80000      -   342 2740s
  5599  5378  393.59315   61 3390          -  368.80000      -   353 2770s
  5617  5402  393.60356   62 3458          -  368.80000      -   362 2792s
  5647  5449  399.44329   64 3389          -  368.80000      -   365 2819s
  5704  5451  401.28700   72 2663          -  368.80000      -   373 2845s
  5725  5515  401.29079   77 3407          -  368.80000      -   377 2872s
  5798  5563 infeasible   85               -  368.80000      -   383 2905s
  5879  5555 infeasible  100               -  368.80000      -   389 2967s
  5900  5608  412.79130  103 3308          -  368.80000      -   391 2999s
  5960  5609  413.04253  112 2893          -  368.80000      -   395 3025s
  5981  5649  422.08609  114 2465          -  368.80000      -   397 3052s
  6028  5650  414.00982  125 2776          -  368.80000      -   400 3100s
  6044  5738  419.69108  125 3072          -  368.80000      -   402 3129s
  6142  5718  414.00982  143 2621          -  368.80000      -   405 3163s
  6154  5778  420.47187  143 2890          -  368.80000      -   406 3231s
  6220  5768  414.12984  155 2566          -  368.80000      -   412 3301s
  6234  5854  414.18270  156 2572          -  368.80000      -   412 3337s
  6327  5871  414.37169  167 2451          -  368.80000      -   420 3369s
  6377  5931  414.37169  173 2699          -  368.80000      -   425 3411s
  6462  5930  414.66384  185 3298          -  368.80000      -   431 3457s
  6491  6031  414.66498  186 3297          -  368.80000      -   434 3499s
  6612  6013  438.75427  203 2995          -  368.80000      -   443 3536s
  6634  6115  415.09862  205 3263          -  368.80000      -   444 3577s
  6743  6120  419.65959  224 2638          -  368.80000      -   454 3619s
  6785  6248  427.16240  232 3053          -  368.80000      -   458 3669s
  6930  6227  428.30924  253 3013          -  368.80000      -   466 3715s
  6961  6312  428.48866  258 2759          -  368.80000      -   470 3762s
  7103  6297  429.25752  271 2353          -  368.80000      -   474 3821s
  7138  6393  429.39712  280 2378          -  368.80000      -   480 3869s
  7317  6341  429.84270  297 2762          -  368.80000      -   484 3979s
  7343  6366  436.48966  301 3896          -  368.80000      -   488 4031s
  7377  6380  430.64918  317 3096          -  368.80000      -   491 4076s
  7402  6414  430.89916  328 2491          -  368.80000      -   493 4126s
  7446  6459  431.04665  345 2832          -  368.80000      -   497 4182s
  7506  6507  431.31925  356 2868          -  368.80000      -   503 4247s
  7574  6540  432.26115  376 2458          -  368.80000      -   509 4314s
  7636  6524  433.02136  393 2624          -  368.80000      -   513 4424s
  7640  6526  449.67360  393 2510          -  368.80000      -   513 4512s
  7644  6544  433.02136  394 2627          -  368.80000      -   513 4581s
  7663  6564  436.74643  396 2804          -  368.80000      -   516 4658s
  7691  6565  445.19018  400 2718          -  368.80000      -   522 4758s
  7702  6571  445.19018  401 2484          -  368.80000      -   523 4858s
  7713  6574  446.37448  405 2523          -  368.80000      -   526 4986s
  7720  6587  446.62069  407 2728          -  368.80000      -   526 5093s
  7735  6587  447.12570  413 3295          -  368.80000      -   527 5306s
  7740  6594  447.52903  414 2963          -  368.80000      -   527 5534s
  7749  6598  447.73423  417 2990          -  368.80000      -   531 5678s
  7756  6600  458.73783  419 3229          -  368.80000      -   532 5763s
  7760  6601  483.37027  419 3047          -  368.80000      -   534 6050s
  7765  6607  458.86738  420 3377          -  368.80000      -   535 6192s
  7772  6615  461.39201  420 3179          -  368.80000      -   536 6359s
  7783  6643  458.86738  421 3710          -  368.80000      -   537 6556s
  7815  6665  459.66032  424 3046          -  368.80000      -   541 6851s
  7852  6910  461.60038  430 2803          -  368.80000      -   546 6925s
  8133  6917  491.34428  470 4348          -  368.80000      -   548 7007s
  8244  7103  559.58381  491 2840          -  368.80000      -   553 7104s
  8525  7024  414.28483  364 3284          -  368.80000      -   558 7200s

Cutting planes:
  Gomory: 1
  Cover: 22
  Implied bound: 21
  Clique: 5
  GUB cover: 11
  RLT: 50
  Relax-and-lift: 16

Explored 8540 nodes (4983380 simplex iterations) in 7200.16 seconds (9204.91 work units)
Thread count was 4 (of 8 available processors)

Solution count 0

Time limit reached
Best objective -, best bound 3.688000000000e+02, gap -
