
Gurobi 13.0.2 (linux64) logging started Fri Jul  3 02:16:06 2026

Set parameter LogFile to value "src/Resultados/Restriccion todas cliques/logs/R104-25.xml_log.log"
Set parameter Threads to value 4
Gurobi Optimizer version 13.0.2 build v13.0.2rc1 (linux64 - "Rocky Linux 9.7 (Blue Onyx)")

CPU model: QEMU Virtual CPU version 2.5+, instruction set [SSE2]
Thread count: 8 physical cores, 8 logical processors, using up to 4 threads

Non-default parameters:
TimeLimit  7200
Threads  4

Optimize a model with 115620 rows, 70860 columns and 565125 nonzeros (Min)
Model fingerprint: 0x309917d9
Model has 11355 linear objective coefficients
Variable types: 14745 continuous, 56115 integer (56100 binary)
Coefficient statistics:
  Matrix range     [1e+00, 4e+04]
  Objective range  [7e+00, 6e+01]
  Bounds range     [1e+00, 2e+03]
  RHS range        [1e+00, 4e+04]

Presolve removed 35770 rows and 180 columns
Presolve time: 3.86s
Presolved: 79850 rows, 70680 columns, 364410 nonzeros
Variable types: 375 continuous, 70305 integer (62370 binary)
Deterministic concurrent LP optimizer: primal and dual simplex
Showing primal log only...


Root simplex log...

Iteration    Objective       Primal Inf.    Dual Inf.      Time
       0    9.2040000e+02   1.793287e+03   2.896760e+10      7s
   10779    5.0434304e+02   3.218151e+02   6.979638e+09     10s
   17887    4.5671702e+02   2.170464e+02   7.164153e+09     15s
   22878    4.8860825e+02   8.670748e+01   4.751656e+09     20s
   28514    5.0402784e+02   3.128193e+00   3.298958e+08     25s
   32056    5.3475985e+02   1.460982e-01   4.419292e+08     30s
   36081    3.8803981e+02   0.000000e+00   4.532668e+04     35s
   40032    3.5280000e+02   7.142898e+00   0.000000e+00     40s
   41405    3.5280000e+02   0.000000e+00   0.000000e+00     44s
Concurrent spin time: 5.72s (can be avoided by choosing Method=3)

Solved with primal simplex

Root relaxation: objective 3.528000e+02, 41405 iterations, 43.82 seconds (25.98 work units)

    Nodes    |    Current Node    |     Objective Bounds      |     Work
 Expl Unexpl |  Obj  Depth IntInf | Incumbent    BestBd   Gap | It/Node Time

     0     0  352.80000    0 5720          -  352.80000      -     -   73s
     0     0  352.80000    0 7052          -  352.80000      -     -   74s
     0     0  352.80000    0 5846          -  352.80000      -     -   75s
     0     0  352.80000    0 6041          -  352.80000      -     -   76s
     0     0  352.80000    0 9105          -  352.80000      -     -   96s
     0     0  352.80000    0 8730          -  352.80000      -     -   97s
     0     0  352.80000    0 8347          -  352.80000      -     -   99s
     0     0  352.80000    0 11874          -  352.80000      -     -  120s
     0     0  352.80000    0 11874          -  352.80000      -     -  120s
     0     0  352.80000    0 2084          -  352.80000      -     -  149s
     0     0  352.80000    0 2680          -  352.80000      -     -  153s
     0     0  352.80000    0 13719          -  352.80000      -     -  210s
     0     0  352.80000    0 13719          -  352.80000      -     -  210s
     0     0  352.80000    0 2364          -  352.80000      -     -  230s
     0     0  352.80000    0 2364          -  352.80000      -     -  232s
     0     0  352.80000    0 8877          -  352.80000      -     -  262s
     0     0  352.80000    0 8877          -  352.80000      -     -  262s
     0     0  352.80000    0 2601          -  352.80000      -     -  279s
     0     0  352.80000    0 2597          -  352.80000      -     -  282s
     0     0  352.80000    0 2603          -  352.80000      -     -  282s
     0     0  352.80000    0 9591          -  352.80000      -     -  296s
     0     0  352.80000    0 9591          -  352.80000      -     -  296s
     0     0  352.80000    0 3373          -  352.80000      -     -  344s
     0     0  352.80000    0 3372          -  352.80000      -     -  346s
     0     0  352.80000    0 3372          -  352.80000      -     -  346s
     0     0  352.80000    0 3372          -  352.80000      -     -  346s
     0     0  352.80000    0 5719          -  352.80000      -     -  363s
     0     0  352.80000    0 5719          -  352.80000      -     -  363s
     0     0  352.80000    0 3390          -  352.80000      -     -  376s
     0     0  352.80000    0 3387          -  352.80000      -     -  378s
     0     0  352.80000    0 3387          -  352.80000      -     -  392s
     0     2  356.70000    0 3387          -  356.70000      -     -  429s
     1     4  356.70000    1 3511          -  356.70000      -   139  436s
     3     8  356.70000    2 3581          -  356.70000      -  1393  442s
     7    12  356.70000    3 3391          -  356.70000      -   945  448s
    11    27  356.70000    4 3392          -  356.70000      -   950  456s
    26    34  356.70000    7 2973          -  356.70000      -   564  464s
    33    40  356.70000   11 5059          -  356.70000      -   508  473s
    39    46  356.70000   14 4918          -  356.70000      -   475  481s
    45    53  356.70000   17 6507          -  356.70000      -   464  490s
    52    61  356.70000   21 6560          -  356.70000      -   407  499s
    60    69  356.70000   26 6313          -  356.70000      -   364  509s
    68    77  356.70000   31 4640          -  356.70000      -   341  517s
    76    83  356.70000   36 4321          -  356.70000      -   315  525s
    82    91  356.70000   39 3794          -  356.70000      -   305  533s
    90    99  356.70000   44 4050          -  356.70000      -   297  541s
    98   107  356.70000   49 3625          -  356.70000      -   276  551s
   106   116  356.70000   54 4149          -  356.70000      -   273  564s
   115   125  356.70000   60 3674          -  356.70000      -   269  574s
   124   135  356.70000   66 4343          -  356.70000      -   263  584s
   134   145  356.70000   73 4637          -  356.70000      -   249  591s
   144   156  356.70000   80 5728          -  356.70000      -   242  598s
   155   167  356.70000   88 5900          -  356.70000      -   226  606s
   166   179  356.70000   96 6568          -  356.70000      -   216  615s
   178   191  356.70000  105 5740          -  356.70000      -   205  623s
   190   204  356.70000  114 5788          -  356.70000      -   196  630s
   203   218  356.70000  124 5781          -  356.70000      -   187  661s
   217   232  356.70000  135 5788          -  356.70000      -   176  668s
   231   247  356.70000  146 5739          -  356.70000      -   171  676s
   246   263  356.70000  158 5731          -  356.70000      -   162  690s
   262   280  356.70000  171 4267          -  356.70000      -   159  700s
   279   297  356.70000  185 4370          -  356.70000      -   159  710s
   296   315  356.70000  199 4266          -  356.70000      -   154  721s
   314   334  356.75128  214 4299          -  356.70000      -   148  731s
   333   354  356.95060  230 4300          -  356.70000      -   146  741s
   353   375  357.15994  247 4630          -  356.70000      -   148  750s
   374   397  357.16424  265 5035          -  356.70000      -   145  760s
   396   420  357.26381  284 4542          -  356.70000      -   147  823s
   419   444  357.73217  304 6348          -  356.70000      -   144  856s
   443   470  357.75203  325 6126          -  356.70000      -   142  878s
   469   543  357.86205  348 5535          -  356.70000      -   141  887s
   542   654  357.90932  372 4661          -  356.70000      -   134  900s
   653   762  358.34644  400 6075          -  356.70000      -   127  911s
   761   915  358.35395  409 6061          -  356.70000      -   116  923s
   914  1053  358.60707  448 5815          -  356.70000      -   105  933s
  1052  1208  358.95182  465 6286          -  356.70000      -  98.4  942s
  1207  1298  359.25822  481 6128          -  356.70000      -  93.2 1001s
  1297  1355  359.25822  482 5695          -  356.70000      -  93.6 1087s
  1354  1377  359.30356  495 5141          -  356.70000      -  98.5 1247s
  1376  1432  359.30356  497 5635          -  356.70000      -  99.4 1380s
  1431  1458  360.05354  549 4669          -  356.70000      -  98.4 1525s
  1457  1662  360.32160  572 5379          -  356.70000      -   102 1538s
  1661  1720  360.67804  631 5086          -  356.70000      -   104 1550s
  1719  1771  364.35999  636 6099          -  356.70000      -   115 1563s
  1770  1862  365.84094  638 6401          -  356.70000      -   126 1578s
  1861  2032  379.47834  652 5778          -  356.70000      -   132 1591s
  2031  2150  395.54527  698 7108          -  356.70000      -   131 1609s
  2149  2306  395.84264  705 8432          -  356.70000      -   133 1623s
  2305  2517  396.13810  763 7836          -  356.70000      -   135 1637s
  2516  2707  396.35897  812 8788          -  356.70000      -   134 1652s
  2706  3022  396.52610  866 7675          -  356.70000      -   135 1668s
  3021  3312  397.53647  960 6634          -  356.70000      -   128 1684s
  3313  3417  397.65819 1076 7249          -  356.70000      -   123 1699s
  3424  3634  403.05791 1118 6100          -  356.70000      -   128 1718s
  3644  3897  403.35802 1190 6974          -  356.70000      -   129 1737s
  3907  4130  403.87926 1273 5769          -  356.70000      -   126 1756s
  4140  4386  406.15557 1337 6242          -  356.70000      -   125 1775s
  4404  4736  356.70000    4 5427          -  356.70000      -   123 1794s
  4756  4925  360.96110   47 6230          -  356.70000      -   120 1813s
  4951  5165  361.40570   74 6701          -  356.70000      -   122 1833s
  5197  5166  368.00000  355 3387          -  356.70000      -   122 1948s
  5199  5167  387.90000  290 3729          -  356.70000      -   122 2040s
  5200  5168  361.36766  125 3489          -  356.97275      -   122 2056s
  5201  5169  552.79795 1290 3339          -  357.02729      -   122 2064s
  5202  5169  414.05573  810 3432          -  357.02729      -   122 2066s
  5205  5171  369.00000   27 3280          -  357.10375      -   122 2083s
  5206  5172  366.10000   96 3280          -  358.06656      -   122 2100s
  5207  5176  358.06656   10 3328          -  358.06656      -   136 2118s
  5209  5179  358.06656   11 3415          -  358.06656      -   137 2123s
  5213  5182  358.27824   12 3394          -  358.27824      -   137 2125s
  5217  5186  359.05164   13 3400          -  358.53061      -   137 2137s
  5223  5188  369.34011   14 3578          -  358.53061      -   142 2144s
  5233  5191  372.35947   15 3260          -  358.53061      -   143 2149s
  5239  5196  360.57972   15 3637          -  358.53061      -   144 2157s
  5248  5201  360.71581   17 3509          -  358.53061      -   147 2163s
  5256  5204  360.71581   18 3317          -  358.53061      -   148 2169s
  5262  5207  361.45110   19 2767          -  358.53061      -   150 2173s
  5267  5214  360.76629   19 3229          -  358.53061      -   152 2177s
  5275  5216  361.73003   21 2930          -  358.53061      -   154 2183s
  5280  5221  370.19521   21 4009          -  358.53061      -   155 2188s
  5289  5228  361.93861   22 4416          -  358.53061      -   157 2192s
  5301  5230  369.74436   22 4359          -  358.53061      -   159 2197s
  5307  5234  361.94006   23 4180          -  358.53061      -   160 2206s
  5313  5238  361.94006   24 4024          -  358.53061      -   163 2215s
  5319  5240  361.94221   25 3716          -  358.53061      -   164 2222s
  5325  5244  373.64569   25 4378          -  358.53061      -   166 2230s
  5331  5254  361.94400   26 3946          -  358.53061      -   167 2237s
  5343  5261  361.95309   27 3656          -  358.53061      -   170 2242s
  5354  5273  361.95500   28 3654          -  358.53061      -   171 2247s
  5371  5280  361.95500   29 3651          -  358.53061      -   173 2255s
  5384  5284  361.96156   31 3366          -  358.53061      -   174 2264s
  5394  5287  361.96533   32 3594          -  358.53061      -   176 2274s
  5401  5303  361.96533   33 3527          -  358.53061      -   178 2280s
  5419  5311  362.23671   35 2729          -  358.53061      -   180 2286s
  5435  5310  362.02559   37 3019          -  358.53061      -   181 2299s
  5439  5312  365.31522   37 4041          -  358.53061      -   182 2310s
  5443  5317  362.03035   38 3015          -  358.53061      -   184 2437s
  5449  5322  362.03666   39 2517          -  358.53061      -   185 2457s
  5456  5335  362.04545   40 3000          -  358.53061      -   186 2463s
  5475  5335  362.07747   42 2592          -  358.53061      -   188 2473s
  5482  5348  362.11643   43 2593          -  358.53061      -   190 2481s
  5497  5347  362.22335   45 2041          -  358.53061      -   192 2504s
  5501  5355  364.15667   45 3393          -  358.53061      -   193 2514s
  5512  5356  362.22335   46 2373          -  358.53061      -   194 2527s
  5517  5358  362.82491   46 2699          -  358.53061      -   194 2547s
  5521  5362  362.26830   47 2203          -  358.53061      -   195 2567s
  5526  5366  368.56483   47 2547          -  358.53061      -   197 2579s
  5532  5370  362.26830   48 2222          -  358.53061      -   197 2591s
  5538  5373  363.44569   48 3829          -  358.53061      -   199 2607s
  5543  5378  365.12813   49 2726          -  358.53061      -   201 2620s
  5549  5385  362.27596   49 2832          -  358.53061      -   202 2635s
  5558  5386  362.27596   50 3291          -  358.53061      -   203 2654s
  5562  5389  362.56517   50 2914          -  358.53061      -   204 2668s
  5567  5393  362.27596   51 3295          -  358.53061      -   205 2680s
  5572  5399  364.73161   51 3483          -  358.53061      -   206 2693s
  5580  5410  367.94307   52 3986          -  358.53061      -   207 2710s
  5594  5413  363.08523   52 3199          -  358.53061      -   210 2738s
  5601  5424  363.77791   53 2909          -  358.53061      -   211 2762s
  5615  5462  363.83344   57 2882          -  358.53061      -   213 2777s
  5657  5462  363.83344   63 2373          -  358.53061      -   218 2860s
  5671  5504  365.92260   66 2528          -  358.53061      -   219 2875s
  5720  5548  373.86846   75 2620          -  358.53061      -   224 2892s
  5784  5553  366.99961   85 2398          -  358.53061      -   228 2909s
  5811  5602  372.75680   93 3021          -  358.53061      -   230 2929s
  5877  5605  367.98708  106 2884          -  358.53061      -   235 2988s
  5902  5640  368.54170  114 2775          -  358.53061      -   237 3006s
  5961  5668  369.08839  123 3359          -  359.56487      -   242 3025s
  6011  5677  369.16630  131 3435          -  359.56487      -   248 3048s
  6036  5726  369.17352  135 3733          -  359.56487      -   250 3070s
  6102  5734  369.23147  140 3668          -  359.56487      -   256 3093s
  6134  5755  374.44788  145 4545          -  359.56487      -   262 3110s
  6165  5798  374.75230  152 4320          -  359.56487      -   266 3134s
  6223  5802  375.16860  162 3257          -  359.56487      -   272 3166s
  6246  5850  382.99592  167 2578          -  359.56487      -   277 3191s
  6302  5873  390.32277  177 2240          -  359.56487      -   283 3220s
  6347  5916  391.79679  185 2621          -  359.56487      -   288 3249s
  6407  5919  399.95770  196 2547          -  359.56487      -   294 3291s
  6430  5984  412.13592  201 3996          -  359.56487      -   297 3321s
  6507  5999  397.14665  215 2805          -  359.56487      -   303 3350s
  6552  6067  397.15366  224 3134          -  359.56487      -   308 3379s
  6635  6068  399.57902  236 2649          -  359.56487      -   314 3452s
  6667  6141  399.78051  244 2765          -  359.56487      -   317 3485s
  6751  6146  400.22276  257 2837          -  359.56487      -   323 3519s
  6784  6182  422.32573  264 3043          -  359.56487      -   326 3562s
  6833  6191  400.53033  272 3803          -  359.56487      -   333 3603s
  6862  6245  400.63315  279 4017          -  359.56487      -   335 3641s
  6928  6244  400.74881  287 3585          -  359.56487      -   341 3676s
  6951  6338  400.74881  291 3582          -  359.56487      -   344 3722s
  7057  6327  400.75942  298 3560          -  359.56487      -   351 3832s
  7081  6382  409.97039  300 4551          -  359.56487      -   355 3883s
  7150  6372  400.79167  309 3293          -  359.56487      -   361 3936s
  7163  6421  410.33531  312 1951          -  359.56487      -   364 3989s
  7216  6411  400.79167  317 3497          -  359.56487      -   369 4069s
  7224  6423  400.79167  318 3497          -  359.56487      -   371 4143s
  7239  6487  400.79167  321 3498          -  359.56487      -   373 4200s
  7310  6474  400.79167  327 3593          -  359.56487      -   379 4297s
  7320  6484  400.79167  328 3407          -  359.56487      -   381 4366s
  7334  6489  400.79167  331 3584          -  359.56487      -   383 4443s
  7345  6488  400.80645  332 3420          -  359.56487      -   386 4510s
  7350  6492  412.83625  332 2875          -  359.56487      -   387 4572s
  7362  6507  400.82236  334 3291          -  359.56487      -   389 4636s
  7381  6523  400.87996  339 3465          -  359.56487      -   392 4705s
  7405  6647  400.98036  341 3306          -  359.56487      -   394 4771s
  7545  6611  400.99778  353 3293          -  359.56487      -   400 4971s
  7558  6611  401.14248  357 3796          -  359.56487      -   403 5059s
  7562  6635 infeasible  357               -  359.56487      -   403 5218s
  7593  6733  401.25321  364 3675          -  359.56487      -   405 5290s
  7706  6836  415.83048  377 4030          -  359.56487      -   412 5359s
  7852  6804  401.39043  392 3862          -  359.56487      -   416 5467s
  7877  6888  401.41072  400 3774          -  359.56487      -   420 5554s
  7991  6884  401.42412  410 3768          -  359.56487      -   427 5696s
  8031  7039  401.42412  414 3765          -  359.56487      -   430 5774s
  8218  7009  401.74095  431 3533          -  359.56487      -   438 5984s
  8250  7148  401.89493  439 3443          -  359.56487      -   441 6065s
  8419  7124  402.02927  456 3510          -  359.56487      -   449 6183s
  8451  7332  402.43198  463 3600          -  359.56487      -   452 6274s
  8698  7292  406.44902  477 3638          -  359.56487      -   456 6370s
  8742  7374  406.61593  480 3426          -  359.56487      -   457 6501s
  8848  7344  436.64818  480 3178          -  359.56487      -   456 6619s
  8853  7465  406.61593  481 3453          -  359.56487      -   456 6713s
  8981  7762  446.84006  481 2697          -  359.56487      -   454 6814s
  9358  7650  406.61608  482 3451          -  359.56487      -   446 6968s
  9374  8039  406.84062  484 3713          -  359.56487      -   447 7074s
  9915  8180  408.57963  509 3364          -  359.56487      -   446 7178s

Cutting planes:
  Gomory: 2
  Cover: 40
  Implied bound: 57
  Clique: 3
  MIR: 8
  Flow cover: 2
  GUB cover: 31
  RLT: 69
  Relax-and-lift: 25

Explored 10401 nodes (4903073 simplex iterations) in 7229.07 seconds (8633.02 work units)
Thread count was 4 (of 8 available processors)

Solution count 0

Time limit reached
Best objective -, best bound 3.596000000000e+02, gap -
