
Gurobi 13.0.2 (linux64) logging started Fri Jul  3 18:28:24 2026

Set parameter LogFile to value "src/Resultados/Restriccion todas cliques/logs/R108-25.xml_log.log"
Set parameter Threads to value 4
Gurobi Optimizer version 13.0.2 build v13.0.2rc1 (linux64 - "Rocky Linux 9.7 (Blue Onyx)")

CPU model: QEMU Virtual CPU version 2.5+, instruction set [SSE2]
Thread count: 8 physical cores, 8 logical processors, using up to 4 threads

Non-default parameters:
TimeLimit  7200
Threads  4

Optimize a model with 115963 rows, 71205 columns and 568350 nonzeros (Min)
Model fingerprint: 0x78bfacbe
Model has 11700 linear objective coefficients
Variable types: 14745 continuous, 56460 integer (56445 binary)
Coefficient statistics:
  Matrix range     [1e+00, 4e+04]
  Objective range  [7e+00, 6e+01]
  Bounds range     [1e+00, 2e+03]
  RHS range        [1e+00, 4e+04]

Presolve removed 35828 rows and 255 columns (presolve time = 5s)...
Presolve removed 35753 rows and 165 columns
Presolve time: 6.94s
Presolved: 80210 rows, 71040 columns, 368010 nonzeros
Variable types: 375 continuous, 70665 integer (62730 binary)
Deterministic concurrent LP optimizer: primal and dual simplex
Showing primal log only...


Root simplex log...

Iteration    Objective       Primal Inf.    Dual Inf.      Time
       0    9.2040000e+02   1.778912e+03   3.005580e+10     16s
   18265    4.5604708e+02   1.828109e+02   4.701164e+09     20s
   23461    4.6048764e+02   1.427505e+02   5.443748e+09     25s
   28969    4.4528152e+02   7.248077e+01   2.161699e+10     30s
   33991    4.2584692e+02   4.502941e+01   2.088186e+09     35s
   37717    4.2568537e+02   3.225264e+01   1.091565e+09     40s
   41282    4.3123611e+02   1.500783e+01   1.813026e+09     45s
   45980    4.1866874e+02   9.834265e-01   3.302004e+08     50s
   50838    3.5278369e+02   0.000000e+00   7.405472e+03     55s
   54958    3.4360000e+02   9.237735e+01   0.000000e+00     60s
   57990    3.4360000e+02   0.000000e+00   0.000000e+00     65s
Concurrent spin time: 17.75s (can be avoided by choosing Method=3)

Solved with primal simplex

Root relaxation: objective 3.436000e+02, 57990 iterations, 70.09 seconds (33.10 work units)

    Nodes    |    Current Node    |     Objective Bounds      |     Work
 Expl Unexpl |  Obj  Depth IntInf | Incumbent    BestBd   Gap | It/Node Time

     0     0  343.60000    0 4169          -  343.60000      -     -  115s
     0     0  343.60000    0 2559          -  343.60000      -     -  116s
     0     0  343.60000    0 2395          -  343.60000      -     -  117s
     0     0  343.60000    0 2567          -  343.60000      -     -  117s
     0     0  343.60000    0 5029          -  343.60000      -     -  158s
     0     0  343.60000    0 6736          -  343.60000      -     -  174s
     0     0  343.60000    0 8645          -  343.60000      -     -  199s
     0     0  343.60000    0 8645          -  343.60000      -     -  199s
     0     0  343.60000    0 3805          -  343.60000      -     -  223s
     0     0  343.60000    0 6378          -  343.60000      -     -  237s
     0     0  343.60000    0 6138          -  343.60000      -     -  237s
     0     0  343.60000    0 6139          -  343.60000      -     -  237s
     0     0  343.60000    0 6901          -  343.60000      -     -  250s
     0     0  343.60000    0 6901          -  343.60000      -     -  250s
     0     0  343.60000    0 3737          -  343.60000      -     -  270s
     0     0  343.60000    0 3737          -  343.60000      -     -  272s
     0     0  343.60000    0 3674          -  343.60000      -     -  287s
     0     0  343.60000    0 3910          -  343.60000      -     -  287s
     0     0  343.60000    0 3910          -  343.60000      -     -  309s
     0     0  343.60000    0 3906          -  343.60000      -     -  312s
     0     0  343.60000    0 5809          -  343.60000      -     -  319s
     0     0  343.60000    0 5809          -  343.60000      -     -  319s
     0     0  343.60000    0 3900          -  343.60000      -     -  342s
     0     0  343.60000    0 3900          -  343.60000      -     -  343s
     0     0  343.60000    0 3585          -  343.60000      -     -  365s
     0     2  345.50000    0 2862          -  345.50000      -     -  380s
     1     4  345.50000    1 4460          -  345.50000      -  1709  385s
     7    12  348.60000    3 5978          -  348.60000      -   619  392s
    11    16  348.60000    4 5978          -  348.60000      -   541  397s
    15    20  348.60000    5 5978          -  348.60000      -   580  401s
    25    31  348.60000    7 6030          -  348.60000      -   495  408s
    30    39  348.60000    8 5978          -  348.60000      -   499  411s
    38    45  348.60000    9 5978          -  348.60000      -   448  415s
    51    57  359.18323   11 8826          -  348.60000      -   472  425s
    64    73  348.60000   12 5436          -  348.60000      -   472  434s
    72    86  348.60000   13 6613          -  348.60000      -   451  439s
    85    94  348.60000   14 6189          -  348.60000      -   402  442s
    93   107  348.60000   15 5436          -  348.60000      -   376  449s
   106   120  348.60000   16 5436          -  348.60000      -   333  457s
   119   133  348.60000   17 5672          -  348.60000      -   300  461s
   132   151  348.60000   18 5273          -  348.60000      -   279  488s
   150   169  348.60000   19 5274          -  348.60000      -   253  505s
   168   187  348.60000   20 5989          -  348.60000      -   236  511s
   186   205  348.60000   21 5274          -  348.60000      -   219  515s
   204   248  348.60000   22 5675          -  348.60000      -   205  521s
   247   292  348.60000   23 5543          -  348.60000      -   185  526s
   291   325  348.60000   24 6440          -  348.60000      -   178  531s
   324   370  348.60000   25 5596          -  348.60000      -   181  536s
   369   406  348.89459   26 5276          -  348.60000      -   175  556s
   405   464  348.89459   27 5778          -  348.60000      -   169  563s
   463   511  349.04422   41 5804          -  348.60000      -   165  571s
   510   570  349.08316   52 4703          -  348.60000      -   167  577s
   569   625  349.09678   71 4951          -  348.60000      -   163  582s
   624   667  349.33647   85 4461          -  348.60000      -   160  588s
   666   714  349.43016   96 5014          -  348.60000      -   160  595s
   713   777  349.77934  112 4398          -  348.60000      -   162  602s
   776   818  349.95105  134 4396          -  348.60000      -   159  610s
   817   853  350.11085  154 6326          -  348.60000      -   160  617s
   852   876  350.49335  168 5115          -  348.60000      -   167  708s
   875   926  350.71500  187 5922          -  348.60000      -   167  756s
   925   973  361.60000  192 6430          -  348.60000      -   167  763s
   972  1058  361.60000  195 5971          -  348.60000      -   171  771s
  1057  1169  361.74110  204 5191          -  348.60000      -   169  779s
  1168  1252  362.93333  221 5540          -  348.60000      -   162  787s
  1251  1360  363.30000  237 5908          -  348.60000      -   162  795s
  1359  1538  363.60000  253 5313          -  348.60000      -   157  803s
  1537  1691  363.90928  302 6710          -  348.60000      -   147  811s
  1690  1823  364.11121  346 5479          -  348.60000      -   141  818s
  1822  1954  364.40602  390 4754          -  348.60000      -   137  826s
  1953  2077  364.57353  427 5470          -  348.60000      -   137  834s
  2076  2258  364.69911  444 6122          -  348.60000      -   137  842s
  2258  2377  364.81376  476 6420          -  348.60000      -   132  851s
  2381  2451  373.10437  523 5766          -  348.60000      -   133  861s
  2464  2629  356.65344    5 5352          -  348.60000      -   134  870s
  2642  2805  358.05976   37 5985          -  348.60000      -   130  879s
  2818  2975  358.35810   81 6519          -  348.60000      -   127  888s
  2988  3114  359.61572  132 4923          -  348.60000      -   125  900s
  3127  3129  360.13518  169 4334          -  348.60000      -   124  977s
  3144  3140  360.13518  170 4348          -  348.60000      -   126 1053s
  3155  3159  360.13518  171 4776          -  348.60000      -   127 1171s
  3174  3170  360.13518  172 4340          -  348.60000      -   128 1229s
  3185  3384  360.13518  173 4338          -  348.60000      -   129 1243s
  3399  3610  360.49693  204 4931          -  348.60000      -   126 1255s
  3625  3772  360.93741  233 5078          -  348.60000      -   123 1272s
  3787  3946  361.16327  254 5723          -  348.60000      -   123 1294s
  3944  3946  348.60000   14 5517          -  348.60000      -   121 1295s
  3967  4203  361.22585  263 6027          -  348.60000      -   122 1315s
  4224  4381  362.18484  309 6814          -  348.60000      -   120 1331s
  4403  4563 infeasible  364               -  348.60000      -   120 1348s
  4589  4795  398.16154  394 6739          -  348.60000      -   121 1365s
  4821  4983  400.99021  452 6882          -  348.60000      -   121 1384s
  5009  5188  401.19284  477 7319          -  348.60000      -   121 1403s
  5215  5189  357.23241   21 3585          -  348.60000      -   122 1539s
  5216  5190  390.06744  308 3585          -  348.60000      -   122 1543s
  5217  5190  417.41139  813 3945          -  348.60000      -   122 1681s
  5218  5191  366.40000  926 4072          -  348.60000      -   122 1718s
  5219  5192  357.08411  147 4025          -  348.60000      -   122 1726s
  5220  5192  356.29059   39 4042          -  348.60000      -   121 1731s
  5221  5193  364.20000  892 3288          -  348.60000      -   121 1756s
  5222  5194  398.16154  395 3288          -  348.60000      -   121 1787s
  5223  5197  348.60000   13 3459          -  348.60000      -   137 1810s
  5225  5201  348.60000   14 3578          -  348.60000      -   138 1823s
  5229  5203  348.60000   15 3826          -  348.60000      -   140 1829s
  5233  5211  348.60000   16 3501          -  348.60000      -   140 1843s
  5242  5212  348.60000   18 4085          -  348.60000      -   142 1851s
  5246  5215  359.38412   18 4853          -  348.60000      -   144 1866s
  5250  5220  349.53477   19 4089          -  348.60000      -   149 1875s
  5257  5226  357.19741   19 4603          -  348.60000      -   152 1886s
  5267  5234  349.66325   20 4078          -  348.60000      -   154 1900s
  5278  5235  349.89024   21 4141          -  348.60000      -   157 1920s
  5283  5239  350.25781   22 4143          -  348.60000      -   163 1932s
  5289  5242  350.92690   23 4120          -  348.60000      -   164 1949s
  5294  5246  352.52650   24 3872          -  348.60000      -   169 1964s
  5299  5250  356.22883   24 4347          -  348.60000      -   172 1977s
  5305  5256  356.21093   25 2836          -  348.60000      -   176 1995s
  5313  5262  352.52650   25 3595          -  348.60000      -   181 2160s
  5326  5266  352.52650   26 3591          -  348.60000      -   184 2193s
  5336  5277  352.53742   28 3897          -  348.60000      -   186 2207s
  5352  5280  352.90628   31 4201          -  348.60000      -   190 2233s
  5361  5299  352.90628   32 4184          -  348.60000      -   192 2248s
  5387  5310  354.13522   35 4117          -  348.60000      -   195 2264s
  5408  5310  353.55139   38 4131          -  348.60000      -   199 2284s
  5415  5325  361.94096   40 3583          -  348.60000      -   201 2302s
  5435  5339  353.73085   42 3720          -  348.60000      -   204 2321s
  5458  5340  365.00820   45 3586          -  348.60000      -   209 2333s
  5467  5352  362.22587   46 3802          -  348.60000      -   210 2349s
  5484  5357  354.38480   49 3474          -  348.60000      -   214 2360s
  5495  5376  354.55279   51 3740          -  348.60000      -   216 2378s
  5517  5380  358.81929   53 4179          -  348.60000      -   220 2399s
  5531  5389  355.05375   55 3543          -  348.60000      -   222 2416s
  5548  5389 infeasible   58               -  348.60000      -   224 2439s
  5556  5405  364.67290   59 3795          -  348.60000      -   226 2462s
  5575  5409  362.42166   63 4115          -  348.60000      -   228 2479s
  5585  5445  362.42835   66 4108          -  348.60000      -   230 2501s
  5624  5448  362.44040   72 4085          -  348.60000      -   234 2519s
  5640  5477  363.34703   74 3859          -  348.60000      -   236 2540s
  5675  5500  362.51107   79 3807          -  348.60000      -   242 2566s
  5711  5505  362.55276   84 3802          -  348.60000      -   248 2612s
  5728  5504  362.55276   86 3802          -  348.60000      -   250 2639s
  5733  5520  362.57670   87 3775          -  348.60000      -   253 2661s
  5751  5532  362.75146   91 3726          -  348.60000      -   256 2694s
  5769  5548  362.65053   96 3498          -  348.60000      -   259 2728s
  5791  5550  362.67277  102 3572          -  348.60000      -   262 2772s
  5800  5569  362.67543  103 3578          -  348.60000      -   264 2801s
  5822  5596  362.74030  107 3718          -  348.60000      -   267 2830s
  5860  5600  362.76800  114 3722          -  348.60000      -   272 2857s
  5877  5653  362.81742  117 3543          -  348.60000      -   275 2885s
  5936  5676  362.81742  125 3542          -  348.60000      -   281 2914s
  5978  5729  371.57258  129 4164          -  348.60000      -   285 2951s
  6047  5748  371.64204  137 3629          -  348.60000      -   291 2986s
  6089  5816  371.64204  139 3501          -  348.60000      -   297 3024s
  6171  5805  371.71642  146 3354          -  348.60000      -   306 3058s
  6188  5883  387.33557  149 2996          -  348.60000      -   310 3104s
  6271  5881  379.06667  165 2882          -  348.60000      -   319 3158s
  6297  5968  379.74646  168 3556          -  348.60000      -   323 3200s
  6397  5971  381.37620  192 3367          -  348.60000      -   332 3240s
  6433  6039  381.82209  199 3113          -  348.60000      -   335 3278s
  6517  6059  382.08416  211 3381          -  348.60000      -   345 3315s
  6567  6164  382.44928  218 3074          -  348.60000      -   349 3358s
  6693  6155  382.77460  236 2784          -  348.60000      -   356 3448s
  6726  6185  387.04396  236 3229          -  348.60000      -   359 3490s
  6769  6285  383.06190  243 2900          -  348.60000      -   363 3542s
  6885  6277  383.49015  255 2787          -  348.60000      -   371 3597s
  6918  6369  383.50097  260 2312          -  348.60000      -   374 3672s
  7027  6392  383.90758  279 2438          -  348.60000      -   380 3741s
  7086  6439  384.50153  288 2486          -  348.60000      -   385 3795s
  7157  6515  384.69913  304 2416          -  348.60000      -   388 3876s
  7264  6497  385.00594  315 2418          -  348.60000      -   392 3959s
  7282  6500  385.03748  319 2417          -  348.60000      -   392 4036s
  7291  6505  385.06050  322 2908          -  348.60000      -   393 4097s
  7305  6508  385.10283  327 3472          -  348.60000      -   394 4213s
  7321  6526  385.16682  333 2571          -  348.60000      -   396 4325s
  7350  6566  385.16993  336 2191          -  348.60000      -   397 4415s
  7406  6580  386.71525  344 1692          -  348.60000      -   400 4578s
  7440  6606  387.06217  348 1789          -  348.60000      -   402 4675s
  7482  6650  387.09549  353 1687          -  348.60000      -   404 4767s
  7545  6690  387.58981  362 3122          -  348.60000      -   407 4848s
  7606  6720  387.87971  365 2747          -  348.60000      -   408 4931s
  7656  6724  388.45183  372 2580          -  348.60000      -   412 5017s
  7677  6753  391.66138  375 2941          -  348.60000      -   414 5116s
  7721  6967  393.17888  383 3018          -  348.60000      -   419 5228s
  7971  6919  431.47038  399 4342          -  348.60000      -   418 5322s
  8007  7336  433.27462  405 4423          -  348.60000      -   418 5432s
  8484  7259 infeasible  462               -  348.60000      -   409 5500s
  8580  7633  586.03391  464 2543          -  348.60000      -   410 5610s
  9111  7467 infeasible  541               -  348.60000      -   399 5810s
  9146  7698  366.18154   20 3837          -  348.60000      -   405 5896s
  9508  7586  399.29625   49 2048          -  348.60000      -   409 6025s
  9537  7813  369.20781   51 3619          -  348.60000      -   413 6121s
  9823  7722  378.99430   70 2482          -  348.60000      -   420 6217s
  9827  7737  379.84174   70 2899          -  348.60000      -   420 6371s
  9843  7793  379.16968   77 2708          -  348.60000      -   421 6452s
  9923  7771  379.26410   93 2809          -  348.60000      -   424 6566s
  9927  7773  393.65577   93 1586          -  348.60000      -   424 6679s
  9931  7775  379.26410   94 2809          -  348.60000      -   425 6833s
  9936  7777  387.07430   94 1472          -  348.60000      -   426 6942s
  9940  7779  379.27143   95 2421          -  348.60000      -   426 7141s
  9945  7781  388.97713   95 1518          -  348.60000      -   427 7200s

Cutting planes:
  Gomory: 3
  Cover: 24
  Implied bound: 24
  Clique: 19
  MIR: 16
  GUB cover: 9
  RLT: 43
  Relax-and-lift: 7

Explored 9949 nodes (4468660 simplex iterations) in 7200.21 seconds (8470.45 work units)
Thread count was 4 (of 8 available processors)

Solution count 0

Time limit reached
Best objective -, best bound 3.486000000000e+02, gap -
