
Gurobi 13.0.2 (linux64) logging started Fri Jul  3 22:31:16 2026

Set parameter LogFile to value "src/Resultados/Restriccion todas cliques/logs/R109-25.xml_log.log"
Set parameter Threads to value 4
Gurobi Optimizer version 13.0.2 build v13.0.2rc1 (linux64 - "Rocky Linux 9.7 (Blue Onyx)")

CPU model: QEMU Virtual CPU version 2.5+, instruction set [SSE2]
Thread count: 8 physical cores, 8 logical processors, using up to 4 threads

Non-default parameters:
TimeLimit  7200
Threads  4

Optimize a model with 108606 rows, 65505 columns and 494760 nonzeros (Min)
Model fingerprint: 0x5a761cd9
Model has 8160 linear objective coefficients
Variable types: 14205 continuous, 51300 integer (51285 binary)
Coefficient statistics:
  Matrix range     [1e+00, 4e+04]
  Objective range  [7e+00, 6e+01]
  Bounds range     [1e+00, 2e+03]
  RHS range        [1e+00, 4e+04]

Presolve removed 34312 rows and 195 columns
Presolve time: 4.65s
Presolved: 74294 rows, 65310 columns, 330015 nonzeros
Variable types: 375 continuous, 64935 integer (57000 binary)
Deterministic concurrent LP optimizer: primal and dual simplex
Showing primal log only...


Root simplex log...

Iteration    Objective       Primal Inf.    Dual Inf.      Time
       0    8.0400000e+02   1.203994e+03   1.897438e+10     10s
   10144    6.7861691e+02   6.192726e+02   1.011160e+10     10s
   15955    4.8635994e+02   1.073506e+02   1.185089e+10     15s
   24287    4.8365237e+02   3.859910e+01   5.704810e+09     20s
   28811    4.8055179e+02   3.940135e+00   2.865588e+09     25s
   34895    4.3662234e+02   0.000000e+00   3.782611e+04     30s
   40355    3.7554072e+02   0.000000e+00   8.465522e+04     35s
   43557    3.7470000e+02   0.000000e+00   0.000000e+00     40s
Concurrent spin time: 10.19s (can be avoided by choosing Method=3)

Solved with primal simplex

Root relaxation: objective 3.747000e+02, 43557 iterations, 42.42 seconds (24.27 work units)

    Nodes    |    Current Node    |     Objective Bounds      |     Work
 Expl Unexpl |  Obj  Depth IntInf | Incumbent    BestBd   Gap | It/Node Time

     0     0  374.70000    0 3664          -  374.70000      -     -   62s
     0     0  374.70000    0 2856          -  374.70000      -     -   62s
     0     0  374.70000    0 3385          -  374.70000      -     -   63s
     0     0  374.70000    0 6815          -  374.70000      -     -   81s
     0     0  374.70000    0 5837          -  374.70000      -     -   83s
     0     0  374.70000    0 6052          -  374.70000      -     -  106s
     0     0  374.70000    0 1210          -  374.70000      -     -  138s
     0     0  374.70000    0 5217          -  374.70000      -     -  170s
     0     0  374.70000    0 13304          -  374.70000      -     -  202s
     0     0  374.70000    0 13304          -  374.70000      -     -  202s
     0     0  374.70000    0 1719          -  374.70000      -     -  215s
     0     0  374.70000    0 4880          -  374.70000      -     -  222s
     0     0  374.70000    0 4838          -  374.70000      -     -  223s
     0     0  374.70000    0 6917          -  374.70000      -     -  247s
     0     0  374.70000    0 6917          -  374.70000      -     -  247s
     0     0  374.70000    0 2470          -  374.70000      -     -  282s
     0     0  374.70000    0 3943          -  374.70000      -     -  286s
     0     0  374.70000    0 4236          -  374.70000      -     -  286s
     0     0  374.70000    0 6351          -  374.70000      -     -  303s
     0     0  374.70000    0 6351          -  374.70000      -     -  303s
     0     0  374.70000    0 4905          -  374.70000      -     -  318s
     0     0  374.70000    0 6788          -  374.70000      -     -  324s
     0     0  374.70000    0 6788          -  374.70000      -     -  324s
     0     0  374.76117    0 8340          -  374.76117      -     -  333s
     0     0  374.76117    0 8340          -  374.76117      -     -  333s
     0     0  374.76117    0 1806          -  374.76117      -     -  363s
     0     0  374.76117    0 2509          -  374.76117      -     -  369s
     0     0  374.76117    0 2510          -  374.76117      -     -  369s
     0     0  375.58512    0 6228          -  375.58512      -     -  384s
     0     0  375.58512    0 5293          -  375.58512      -     -  386s
     0     0  375.58512    0 5294          -  375.58512      -     -  386s
     0     0  383.85446    0 5920          -  383.85446      -     -  401s
     0     0  383.85612    0 6496          -  383.85612      -     -  445s
     0     0  385.08220    0 7816          -  385.08220      -     -  459s
     0     0  385.08220    0 7814          -  385.08220      -     -  459s
     0     0  385.08234    0 7359          -  385.08234      -     -  460s
     0     0  385.08234    0 7344          -  385.08234      -     -  461s
     0     0  385.10549    0 7479          -  385.10549      -     -  466s
     0     0  385.10549    0 8153          -  385.10549      -     -  469s
     0     0  385.11993    0 8115          -  385.11993      -     -  489s
     0     0  385.11993    0 8150          -  385.11993      -     -  497s
     0     0  385.16044    0 7737          -  385.16044      -     -  511s
     0     0  385.16044    0 8838          -  385.16044      -     -  519s
     0     0  386.10443    0 9645          -  386.10443      -     -  532s
     0     0  386.10443    0 9582          -  386.10443      -     -  534s
     0     0  386.11723    0 8746          -  386.11723      -     -  548s
     0     0  386.11814    0 9024          -  386.11814      -     -  552s
     0     0  386.17251    0 11020          -  386.17251      -     -  572s
     0     0  386.17283    0 11570          -  386.17283      -     -  578s
     0     0  386.35457    0 13248          -  386.35457      -     -  586s
     0     0  386.73819    0 12298          -  386.73819      -     -  589s
     0     0  386.73819    0 12166          -  386.73819      -     -  590s
     0     0  386.73925    0 12797          -  386.73925      -     -  607s
     0     0  386.73925    0 12803          -  386.73925      -     -  607s
     0     0  386.74025    0 13130          -  386.74025      -     -  613s
     0     0  386.77649    0 12393          -  386.77649      -     -  629s
     0     0  386.88980    0 11625          -  386.88980      -     -  631s
     0     0  386.88980    0 11357          -  386.88980      -     -  649s
     0     0  386.88980    0 10202          -  386.88980      -     -  653s
     0     0  386.88980    0 10830          -  386.88980      -     -  661s
     0     0  386.88980    0 10211          -  386.88980      -     -  663s
     0     0  386.88980    0 11145          -  386.88980      -     -  665s
     0     0  386.88980    0 11211          -  386.88980      -     -  676s
     0     0  386.88980    0 3011          -  386.88980      -     -  700s
     0     0  386.88980    0 3233          -  386.88980      -     -  702s
     0     0  386.88980    0 3430          -  386.88980      -     -  702s
     0     0  387.08284    0 7007          -  387.08284      -     -  708s
     0     0  387.08284    0 6446          -  387.08284      -     -  710s
     0     0  387.08284    0 8672          -  387.08284      -     -  719s
     0     0  387.08284    0 7801          -  387.08284      -     -  722s
     0     0  387.08284    0 6692          -  387.08284      -     -  735s
     0     0  387.08284    0 2724          -  387.08284      -     -  746s
     0     0  387.08284    0 3557          -  387.08284      -     -  747s
     0     0  387.08284    0 3569          -  387.08284      -     -  747s
     0     0  387.08309    0 5817          -  387.08309      -     -  758s
     0     0  387.08309    0 3388          -  387.08309      -     -  774s
     0     0  387.08309    0 3431          -  387.08309      -     -  775s
     0     0  387.08309    0 2755          -  387.08309      -     -  783s
     0     2  387.08309    0 2755          -  387.08309      -     -  801s
     1     4  387.47527    1 4272          -  387.47527      -  1762  807s
     3     8  387.64367    2 6043          -  387.64367      -  2482  819s
     7    12  387.64367    3 5921          -  387.64367      -  2350  824s
    11    19  387.66801    4 4944          -  387.64367      -  1913  832s
    18    25  387.66801    5 6040          -  387.64367      -  1687  838s
    24    32  387.66801    6 5884          -  387.64367      -  1594  845s
    31    38  387.66801    7 5845          -  387.64367      -  1374  850s
    37    48  387.66801    9 4372          -  387.64367      -  1305  855s
    47    57  387.74561   11 6230          -  387.64367      -  1128  860s
    56    75  387.74561   12 6662          -  387.64367      -   975  868s
    74    92  387.74561   14 6840          -  387.64367      -   823  874s
    91   111  387.74561   16 7332          -  387.64367      -   718  879s
   110   136  387.74561   19 6457          -  387.64367      -   637  884s
   135   156  387.74561   29 7194          -  387.64367      -   568  891s
   155   167  387.74561   34 7181          -  387.64367      -   535  897s
   166   182  387.74561   37 6130          -  387.64367      -   522  904s
   181   195  387.85119   40 6626          -  387.64367      -   511  908s
   194   205  388.15305   42 6579          -  387.64367      -   502  914s
   204   219  388.59628   44 6978          -  387.64367      -   500  917s
   218   237  388.59670   47 6670          -  387.64367      -   488  924s
   236   255  388.59670   50 6733          -  387.64367      -   468  928s
   254   272  388.59673   53 6160          -  387.64367      -   457  933s
   271   288  388.59673   54 6821          -  387.64367      -   443  937s
   287   317  388.59682   56 6541          -  387.64367      -   438  942s
   316   346  388.64573   61 7204          -  387.64367      -   411  947s
   347   378  388.65343   63 5968          -  387.64367      -   388  953s
   379   386  388.66193   70 5304          -  387.64367      -   369 1049s
   387   392  388.66193   72 6540          -  387.64367      -   367 1147s
   393   396  388.74554   75 6298          -  387.64367      -   364 1156s
   397   400  388.79479   76 6300          -  387.64367      -   362 1165s
   401   404  388.79560   77 5683          -  387.64367      -   360 1174s
   405   408  388.81092   78 5762          -  387.64367      -   357 1182s
   409   412  388.82303   79 5761          -  387.64367      -   354 1191s
   413   416  388.82303   80 5692          -  387.64367      -   351 1200s
   417   420  388.82303   81 5598          -  387.64367      -   353 1209s
   421   424  388.82303   82 6239          -  387.64367      -   350 1218s
   425   428  390.37428   83 6257          -  387.64367      -   350 1229s
   429   432  391.73770   83 6330          -  387.64367      -   360 1240s
   433   436  390.42334   84 6428          -  387.64367      -   360 1254s
   437   440  390.65638   85 6414          -  387.64367      -   374 1266s
   441   444  390.69317   86 6456          -  387.64367      -   373 1278s
   445   448  390.94465   87 6464          -  387.64367      -   371 1287s
   449   452  391.47100   88 6314          -  387.64367      -   369 1297s
   453   456  392.51353   89 6315          -  387.64367      -   368 1306s
   457   460  393.06875   90 5732          -  387.64367      -   366 1314s
   461   464  395.87945   91 6557          -  387.64367      -   368 1322s
   465   468  397.02784   92 6588          -  387.64367      -   369 1332s
   469   472  397.02784   93 5856          -  387.64367      -   368 1341s
   473   476  398.78866   94 5957          -  387.64367      -   366 1355s
   477   479  402.37360   94 5299          -  387.64367      -   365 1380s
   481   483  399.15979   95 6147          -  387.64367      -   365 1389s
   485   487  400.66392   96 5707          -  387.64367      -   364 1397s
   489   491  402.79588   97 5707          -  387.64367      -   361 1428s
   493   495  404.24742   98 6144          -  387.64367      -   361 1436s
   497   499  405.76234   99 5939          -  387.64367      -   361 1462s
   501   503  408.07526  100 5454          -  387.64367      -   360 1472s
   505   507  409.53801  101 6127          -  387.64367      -   361 1507s
   509   511  409.57938  102 6521          -  387.64367      -   360 1524s
   513   515  409.81959  103 4778          -  387.64367      -   359 1536s
   517   519  412.48660  104 5515          -  387.64367      -   365 1545s
   521   527  414.56804  105 5621          -  387.64367      -   363 1554s
   529   556  415.29691  106 5600          -  387.64367      -   360 1563s
   559   566 infeasible  106               -  387.64367      -   349 1599s
   573   598  392.08204    4 6067          -  387.64367      -   353 1642s
   605   632  392.56465    5 7616          -  387.64367      -   338 1728s
   639   658  392.62964    6 6238          -  387.64367      -   328 1771s
   665   695  393.14896    7 6241          -  387.64367      -   324 1794s
   702   734  393.15378    8 5821          -  387.64367      -   318 1806s
   741   774  410.07449    9 4836          -  387.64367      -   315 1834s
   781   855 infeasible    9               -  387.64367      -   306 1850s
   864   902  412.16712   11 5796          -  387.64367      -   295 1962s
   911   951  412.58131   12 5564          -  387.64367      -   282 2062s
   960   996  412.74768   13 5567          -  387.64367      -   269 2146s
  1007  1063  427.24453   17 7731          -  387.64367      -   269 2213s
  1078  1153 infeasible   34               -  387.64367      -   272 2282s
  1176  1218  388.15305   43 6742          -  387.64367      -   271 2362s
  1243  1296  388.70651   76 7445          -  387.64367      -   286 2468s
  1321  1430  389.35296  139 6975          -  387.64367      -   294 2507s
  1457  1647  390.19238  191 6551          -  387.64367      -   292 2534s
  1674  1795  390.87905  264 7647          -  387.64367      -   283 2557s
  1836  1962  401.46051  348 7550          -  387.66801      -   286 2579s
  2006  2209  417.77278  360 6228          -  387.66801      -   288 2601s
  2258  2456  430.00584  373 6090          -  387.66801      -   274 2626s
  2528  2457  464.20483  492 2755          -  387.66801      -   265 2828s
  2529  2458  445.04831  404 2755          -  387.66801      -   265 2830s
  2530  2458  401.48309   76 3723          -  387.66801      -   265 2917s
  2531  2459  480.64932  175 4839          -  387.66801      -   265 2948s
  2532  2460  394.67811   68 4573          -  387.66801      -   264 3026s
  2533  2460  412.72908  191 4561          -  387.66801      -   264 3062s
  2534  2461  407.25856  215 4638          -  387.66801      -   264 3067s
  2535  2462  465.15426  185 5246          -  387.66801      -   264 3089s
  2536  2462  388.15305   36 5400          -  387.66801      -   264 3094s
  2537  2463  478.50000  319 5388          -  387.66801      -   264 3100s
  2538  2464  407.97386  204 5414          -  387.66801      -   264 3112s
  2539  2464  434.74258  319 5071          -  388.46474      -   264 3124s
  2540  2465  407.64534  217 4821          -  388.47751      -   264 3214s
  2541  2466  431.21379  372 4259          -  388.47751      -   264 3277s
  2542  2466  411.44016   49 3707          -  388.81648      -   263 3282s
  2543  2467  396.58309  115 2974          -  389.50648      -   263 3295s
  2544  2468  488.17068  264 3741          -  389.81502      -   263 3301s
  2545  2468  524.46339  615 4305          -  390.09685      -   263 3311s
  2547  2470  414.77966  113 3193          -  390.10823      -   263 3343s
  2548  2470  434.28309  402 2478          -  390.17307      -   263 3384s
  2549  2471  421.12211  304 3199          -  390.22323      -   263 3392s
  2550  2472  421.12211  134 3080          -  390.22323      -   263 3421s
  2551  2472  391.23770   29 3641          -  390.22323      -   262 3460s
  2552  2473  406.24534  164 4149          -  390.22323      -   262 3492s
  2553  2474  411.89984   93 2950          -  390.25821      -   262 3527s
  2554  2474  391.53333   36 3330          -  391.53333      -   262 3530s
  2555  2475  439.83655  341 3973          -  392.11000      -   262 3537s
  2556  2476  407.90000   13 3883          -  392.11000      -   262 3564s
  2557  2476  408.63133  339 1976          -  392.11185      -   262 3601s
  2558  2477  455.19791  550 2764          -  392.11185      -   262 3633s
  2559  2478  406.24534  150 2579          -  392.24208      -   262 3673s
  2560  2478  428.99400  257 4933          -  393.10531      -   262 3683s
  2561  2479  478.59925  283 4571          -  393.17922      -   261 3693s
  2562  2480  417.68309  130 4612          -  393.20369      -   261 3699s
  2563  2480  416.26564  210 4557          -  393.20369      -   261 3722s
  2564  2481  417.68309  356 3038          -  393.20374      -   261 3751s
  2565  2482  464.99150  495 3615          -  393.31427      -   261 3759s
  2566  2482  527.10000  396 3229          -  393.45629      -   261 3762s
  2568  2484  473.20000  256 3548          -  393.48372      -   261 3768s
  2569  2484  457.68730  613 3243          -  393.49862      -   261 3771s
  2570  2485  393.49862   37 3106          -  393.49862      -   261 3787s
  2571  2486  518.20760  511 2223          -  393.57603      -   260 3814s
  2572  2486  462.85567  454 2940          -  393.63625      -   260 3826s
  2573  2487  405.50040   30 2467          -  393.63914      -   260 3848s
  2574  2488  422.98309  318 1524          -  393.69577      -   260 3880s
  2575  2488  433.68309  318 2542          -  393.78278      -   260 3886s
  2576  2489  403.01063   77 3045          -  394.15064      -   260 3897s
  2577  2490  446.39112  517 4138          -  394.15064      -   260 3917s
  2578  2490  425.40000   19 2167          -  394.36502      -   260 3985s
  2579  2491  413.04114  203 3120          -  394.76133      -   260 3997s
  2580  2492  473.20000  249 3300          -  394.91845      -   260 4004s
  2581  2492  475.50000  266 3281          -  394.95161      -   259 4005s
  2582  2493  446.41108  514 3478          -  394.95161      -   259 4021s
  2583  2494  418.08309  169 1487          -  395.11476      -   259 4052s
  2584  2494  416.26564  207 4341          -  395.27400      -   259 4066s
  2586  2496  405.50040   15 3100          -  395.31603      -   259 4072s
  2587  2496  462.70941  451 3077          -  395.31603      -   259 4090s
  2588  2497  430.82908   80 2752          -  395.61690      -   259 4241s
  2589  2498  524.90747  570 3411          -  395.77890      -   259 4266s
  2590  2498  417.58309  258 3848          -  396.05533      -   259 4273s
  2591  2499  441.62473  415 3805          -  396.05796      -   258 4296s
  2592  2500  414.78457   89 2534          -  396.55661      -   258 4325s
  2593  2500  399.04258  140 3423          -  396.78994      -   258 4336s
  2594  2501  405.50040   22 3691          -  396.85384      -   258 4340s
  2595  2502  408.23906   24 4931          -  396.90300      -   258 4347s
  2596  2502  411.38309  129 3765          -  397.03600      -   258 4352s
  2597  2503  401.48309   76 3909          -  397.03600      -   258 4370s
  2598  2504  409.88309  158 1755          -  397.41261      -   258 4398s
  2599  2504  407.98379  271 1952          -  397.56627      -   258 4405s
  2600  2505  426.88309  333 3463          -  397.56627      -   258 4434s
  2601  2506  417.68309   85 2479          -  397.83163      -   257 4467s
  2602  2506  397.83778   49 2968          -  397.83778      -   257 4473s
  2603  2507  414.88309  105 2773          -  397.84667      -   257 4476s
  2604  2508  429.88309  298 4913          -  397.84667      -   257 4504s
  2605  2508  437.31257   84 2017          -  397.95714      -   257 4536s
  2606  2509  412.88309  135 4118          -  397.96992      -   257 4552s
  2607  2510  397.96992   52 3699          -  397.96992      -   257 4573s
  2608  2510  521.15335  466 2269          -  398.33008      -   257 4601s
  2609  2511  405.78653   44 4177          -  398.42102      -   257 4613s
  2610  2512  430.80943   79 4006          -  398.42102      -   257 4627s
  2611  2512  464.42645  475 2529          -  398.86057      -   256 4655s
  2613  2514  445.53103  447 3173          -  399.00171      -   256 4668s
  2614  2514  412.88309  137 3220          -  399.10968      -   256 4680s
  2615  2515  399.11253   69 3627          -  399.11253      -   256 4699s
  2616  2516  399.39942   51 2017          -  399.39942      -   256 4727s
  2618  2517  446.40838  439 2208          -  399.40894      -   256 4742s
  2619  2518  433.29131  372 2168          -  399.41144      -   256 4761s
  2620  2518  412.72908  181 2753          -  399.47135      -   256 4776s
  2621  2519  417.68309  276 4142          -  399.67473      -   255 4783s
  2622  2520  406.68594  146 4425          -  399.70482      -   255 4789s
  2623  2520  413.88933  286 4316          -  399.70482      -   255 4805s
  2624  2521  413.32514  239 2490          -  399.77549      -   255 4846s
  2625  2522  437.68309  410 6467          -  399.84760      -   255 4863s
  2626  2522  407.58772   15 6475          -  399.84760      -   255 4893s
  2627  2523  405.50040   17 2942          -  399.84760      -   255 4919s
  2628  2524  464.20483  492 3253          -  399.84760      -   255 4942s
  2629  2524  445.04831  404 3823          -  399.84760      -   255 4958s
  2630  2525  401.48309   76 4366          -  399.84760      -   255 4975s
  2631  2526  480.64932  175 3602          -  399.84760      -   255 4997s
  2632  2526  399.84760   68 4004          -  399.84760      -   254 5016s
  2633  2527  412.72908  191 1051          -  399.94644      -   254 5049s
  2634  2528  407.25856  215 3235          -  399.94653      -   254 5075s
  2635  2528  465.15426  185 2488          -  399.95904      -   254 5105s
  2636  2529  399.98298   36 2967          -  399.98298      -   254 5110s
  2637  2530  478.50000  319 3968          -  400.06517      -   254 5119s
  2638  2530  407.97386  204 3675          -  400.07988      -   254 5124s
  2639  2531  434.74258  319 4557          -  400.08616      -   254 5129s
  2640  2532  407.64534  217 4484          -  400.09027      -   254 5132s
  2641  2532  431.21379  372 4592          -  400.09027      -   254 5146s
  2642  2533  411.44016   49 3244          -  400.24949      -   253 5177s
H 2642  2404                     604.4000000  400.24949  33.8%   253 5179s
  2643  2405  400.24949  115 4247  604.40000  400.24949  33.8%   253 5194s
  2644  2405  488.17068  264 3439  604.40000  400.39323  33.8%   253 5234s
H 2644  2283                     603.2000000  400.39323  33.6%   253 5246s
  2645  2284  524.46339  615 4378  603.20000  400.39323  33.6%   253 5253s
  2646  2285  547.66011  620 3172  603.20000  400.50202  33.6%   253 5287s
  2647  2285  414.77966  113 4888  603.20000  400.50722  33.6%   253 5298s
  2648  2286  434.28309  402 4314  603.20000  400.50722  33.6%   253 5318s
  2649  2287  421.12211  304 3558  603.20000  400.51078  33.6%   253 5353s
  2650  2287  421.12211  134 3540  603.20000  400.52089  33.6%   253 5355s
  2651  2288  400.55957   29 4051  603.20000  400.55957  33.6%   253 5360s
  2652  2289  406.24534  164 4184  603.20000  400.57248  33.6%   252 5365s
H 2652  2172                     584.8000000  400.57384  31.5%   252 5369s
  2653  2172  411.89984   93 3987  584.80000  400.57384  31.5%   252 5383s
  2654  2173  400.81927   36 1815  584.80000  400.81927  31.5%   252 5421s
H 2654  2062                     532.3000000  400.83733  24.7%   252 5424s
  2656  2063  407.90000   13 2899  532.30000  400.84152  24.7%   252 5429s
  2657  2064  408.63133  339 3154  532.30000  400.85087  24.7%   252 5433s
  2658  2065  455.19791  550 3575  532.30000  400.85211  24.7%   252 5449s
  2659  2065  406.24534  150 2620  532.30000  400.85302  24.7%   252 5476s
  2660  2066  428.99400  257 3266  532.30000  400.87071  24.7%   252 5483s
  2661  2067  478.59925  283 3889  532.30000  400.87368  24.7%   252 5486s
  2662  2067  417.68309  130 3862  532.30000  400.87368  24.7%   252 5501s
  2663  2068  416.26564  210 2473  532.30000  400.87667  24.7%   251 5519s
  2664  2069  417.68309  356 4693  532.30000  400.88269  24.7%   251 5523s
  2665  2069  464.99150  495 4477  532.30000  400.89218  24.7%   251 5531s
  2666  2070  527.10000  396 3979  532.30000  400.90475  24.7%   251 5536s
  2667  2071  414.17936  319 4015  532.30000  400.90630  24.7%   251 5550s
  2668  2071  473.20000  256 2801  532.30000  400.91757  24.7%   251 5584s
  2669  2072  457.68730  613 3398  532.30000  400.92204  24.7%   251 5586s
  2670  2073  400.92462   37 3968  532.30000  400.92462  24.7%   251 5602s
  2671  2073  518.20760  511 3722  532.30000  400.98203  24.7%   251 5633s
  2672  2074  462.85567  454 3893  532.30000  400.98203  24.7%   251 5657s
  2673  2075  405.50040   30 3396  532.30000  400.98735  24.7%   251 5683s
  2674  2075  422.98309  318 3727  532.30000  400.98735  24.7%   250 5703s
  2675  2076  433.68309  318 3470  532.30000  400.99151  24.7%   250 5728s
  2676  2077  403.01063   77 3663  532.30000  400.99151  24.7%   250 5745s
  2677  2077  446.39112  517 3609  532.30000  401.00207  24.7%   250 5780s
  2680  2081  473.20000  249 2755  532.30000  401.00207  24.7%   662 5829s
H 2681  1977                     523.9000000  401.00207  23.5%   661 5899s
H 2681  1879                     518.1000000  401.00207  22.6%   661 5899s
  2682  1879  446.41108  514 4306  518.10000  401.00207  22.6%   661 5938s
H 2682  1785                     513.1000000  401.00207  21.8%   661 5998s
  2683  1786  418.08309  169 4400  513.10000  401.00207  21.8%   661 6041s
  2684  1787  416.26564  207 4131  513.10000  401.00663  21.8%   661 6055s
H 2684  1697                     492.1000000  401.00663  18.5%   661 6066s
H 2685  1612                     491.9000000  401.00663  18.5%   660 6087s
  2687  1614  462.70941  451 4203  491.90000  401.00663  18.5%   660 6102s
  2688  1614  430.82908   80 3774  491.90000  401.00663  18.5%   660 6111s
H 2688  1533                     490.3000000  401.00663  18.2%   660 6136s
  2690  1535  417.58309  258 3828  490.30000  401.00663  18.2%   659 6193s
  2691  1535  441.62473  415 3125  490.30000  401.00663  18.2%   659 6232s
  2692  1536  414.78457   89 4072  490.30000  401.00663  18.2%   659 6240s
  2693  1537  401.00663  140 5957  490.30000  401.00663  18.2%   659 6248s
  2694  1537  405.50040   22 6058  490.30000  401.00663  18.2%   658 6257s
  2695  1538  408.23906   24 5273  490.30000  401.00663  18.2%   658 6272s
  2696  1539  411.38309  129 5777  490.30000  401.00663  18.2%   658 6287s
  2697  1539  401.48309   76 6899  490.30000  401.00663  18.2%   658 6309s
  2698  1540  409.88309  158 6657  490.30000  401.00663  18.2%   657 6321s
  2699  1541  407.98379  271 6182  490.30000  401.00663  18.2%   657 6335s
  2700  1541  426.88309  333 6682  490.30000  401.00663  18.2%   657 6344s
H 2700  1464                     486.3000000  401.00663  17.5%   657 6361s
  2701  1465  417.68309   85 6276  486.30000  401.00663  17.5%   657 6394s
  2702  1466  401.00956   49 2423  486.30000  401.00956  17.5%   656 6431s
  2703  1466  414.88309  105 3875  486.30000  401.00956  17.5%   656 6437s
  2704  1467  429.88309  298 4080  486.30000  401.00956  17.5%   656 6445s
  2705  1468  437.31257   84 4318  486.30000  401.00956  17.5%   656 6451s
  2706  1468  412.88309  135 5380  486.30000  401.00956  17.5%   655 6459s
  2707  1469  401.00956   52 4573  486.30000  401.00956  17.5%   655 6466s
  2708  1470  486.30000  466 4453  486.30000  401.00956  17.5%   655 6479s
  2709  1470  405.78653   44 4521  486.30000  401.00956  17.5%   655 6486s
  2710  1471  430.80943   79 4145  486.30000  401.02719  17.5%   654 6492s
  2711  1472  464.42645  475 4448  486.30000  401.03379  17.5%   654 6496s
  2712  1472  407.57811  285 4499  486.30000  401.03379  17.5%   654 6518s
  2713  1473  445.53103  447 2843  486.30000  401.07904  17.5%   654 6556s
  2714  1474  412.88309  137 2880  486.30000  401.10056  17.5%   653 6561s
  2716  1475  401.15520   51 2581  486.30000  401.15520  17.5%   653 6569s
  2717  1476  486.30000  591 4028  486.30000  401.15528  17.5%   653 6592s
  2718  1476  446.40838  439 3053  486.30000  401.18084  17.5%   652 6620s
  2719  1477  433.29131  372 4144  486.30000  401.31084  17.5%   652 6630s
  2720  1478  412.72908  181 3866  486.30000  401.58355  17.4%   652 6642s
  2721  1478  417.68309  276 4422  486.30000  401.62088  17.4%   652 6648s
  2722  1479  406.68594  146 3630  486.30000  401.62202  17.4%   651 6667s
  2723  1480  413.88933  286 2801  486.30000  401.69991  17.4%   651 6741s
H 2723  1405                     464.6000000  401.69991  13.5%   651 6753s
  2724  1405  413.32514  239 5209  464.60000  401.69991  13.5%   651 6755s
  2725  1406  437.68309  410 5005  464.60000  401.69991  13.5%   651 6777s
  2726  1407  407.58772   15 3047  464.60000  401.83738  13.5%   651 6818s
  2727  1407  405.50040   17 4169  464.60000  401.99679  13.5%   650 6825s
  2728  1408  464.20483  492 3917  464.60000  402.07837  13.5%   650 6832s
  2730  1409  402.26890   76 3926  464.60000  402.26890  13.4%   650 6846s
  2731  1410  464.60000  175 3973  464.60000  402.31264  13.4%   649 6850s
  2733  1411  412.72908  191 2916  464.60000  402.31846  13.4%   649 6874s
  2734  1412  407.25856  215 4189  464.60000  402.45543  13.4%   649 6952s
H 2734  1341                     462.0000000  402.45715  12.9%   649 6955s
  2736  1342  402.57445   36 4701  462.00000  402.57445  12.9%   648 6962s
  2737  1343  462.00000  319 4577  462.00000  402.62886  12.9%   648 6965s
  2738  1344  407.97386  204 4356  462.00000  402.66158  12.8%   648 6971s
  2739  1344  434.74258  319 3729  462.00000  402.66537  12.8%   647 6978s
  2740  1345  407.64534  217 4191  462.00000  402.66537  12.8%   647 7007s
  2741  1346  431.21379  372 3089  462.00000  402.85106  12.8%   647 7051s
  2742  1346  411.44016   49 3130  462.00000  402.86210  12.8%   647 7056s
  2743  1347  402.89442  115 3976  462.00000  402.89442  12.8%   646 7060s
  2745  1348  462.00000  615 4036  462.00000  402.91950  12.8%   646 7066s
  2748  1350  434.28309  402 3972  462.00000  402.92747  12.8%   645 7089s
  2749  1351  421.12211  304 3779  462.00000  403.32586  12.7%   645 7120s
H 2749  1282                     446.8000000  403.51464  9.69%   645 7134s
  2750  1283  421.12211  134 3986  446.80000  403.51464  9.69%   645 7135s
  2751  1283  403.51464   29 3761  446.80000  403.51464  9.69%   645 7150s
  2752  1284  406.24534  164 3042  446.80000  403.67116  9.65%   644 7190s
  2753  1285  411.89984   93 3414  446.80000  403.74405  9.64%   644 7197s

Cutting planes:
  Gomory: 2
  Cover: 160
  Implied bound: 29
  Projected implied bound: 31
  Clique: 46
  MIR: 147
  StrongCG: 21
  Flow cover: 348
  GUB cover: 173
  Zero half: 58
  RLT: 60
  Relax-and-lift: 86

Explored 2753 nodes (2593017 simplex iterations) in 7201.19 seconds (5233.51 work units)
Thread count was 4 (of 8 available processors)

Solution count 10: 446.8 462 464.6 ... 523.9

Time limit reached
Best objective 4.468000000000e+02, best bound 4.038000000000e+02, gap 9.6240%
