
Gurobi 13.0.2 (linux64) logging started Sat Jul  4 02:36:05 2026

Set parameter LogFile to value "src/Resultados/Restriccion todas cliques/logs/R110-25.xml_log.log"
Set parameter Threads to value 4
Gurobi Optimizer version 13.0.2 build v13.0.2rc1 (linux64 - "Rocky Linux 9.7 (Blue Onyx)")

CPU model: QEMU Virtual CPU version 2.5+, instruction set [SSE2]
Thread count: 8 physical cores, 8 logical processors, using up to 4 threads

Non-default parameters:
TimeLimit  7200
Threads  4

Optimize a model with 114057 rows, 69300 columns and 535680 nonzeros (Min)
Model fingerprint: 0xa21b4d06
Model has 9795 linear objective coefficients
Variable types: 14745 continuous, 54555 integer (54540 binary)
Coefficient statistics:
  Matrix range     [1e+00, 4e+04]
  Objective range  [7e+00, 6e+01]
  Bounds range     [1e+00, 2e+03]
  RHS range        [1e+00, 4e+04]

Presolve removed 35947 rows and 240 columns (presolve time = 5s)...
Presolve removed 35887 rows and 180 columns
Presolve time: 5.95s
Presolved: 78170 rows, 69120 columns, 353175 nonzeros
Variable types: 375 continuous, 68745 integer (60810 binary)
Deterministic concurrent LP optimizer: primal and dual simplex
Showing primal log only...


Root simplex log...

Iteration    Objective       Primal Inf.    Dual Inf.      Time
       0    9.3970000e+02   1.263506e+03   2.128492e+10      9s
    7968    4.9935457e+02   2.864624e+02   6.689122e+09     10s
   19291    5.0213054e+02   1.356981e+02   3.981034e+09     15s
   27532    5.1908547e+02   6.479598e+01   1.773241e+09     20s
   32652    5.6214547e+02   1.157286e+01   4.413411e+10     25s
   36483    5.6926989e+02   1.157573e+00   3.103186e+09     30s
   40803    4.1235830e+02   0.000000e+00   7.219235e+06     35s
   46563    3.4579650e+02   0.000000e+00   1.341205e+01     40s
   49095    3.4470000e+02   1.197712e+02   0.000000e+00     45s
   51107    3.4470000e+02   0.000000e+00   0.000000e+00     49s
Concurrent spin time: 9.00s (can be avoided by choosing Method=3)

Solved with primal simplex

Root relaxation: objective 3.447000e+02, 51107 iterations, 50.70 seconds (31.85 work units)

    Nodes    |    Current Node    |     Objective Bounds      |     Work
 Expl Unexpl |  Obj  Depth IntInf | Incumbent    BestBd   Gap | It/Node Time

     0     0  344.70000    0 3232          -  344.70000      -     -   74s
     0     0  344.70000    0 4281          -  344.70000      -     -   75s
     0     0  344.70000    0 4326          -  344.70000      -     -   76s
     0     0  344.70000    0 4916          -  344.70000      -     -   96s
     0     0  344.70000    0 4894          -  344.70000      -     -  100s
     0     0  344.70000    0 6864          -  344.70000      -     -  124s
     0     0  344.70000    0 6864          -  344.70000      -     -  124s
     0     0  344.70000    0 4037          -  344.70000      -     -  163s
     0     0  344.70000    0 5103          -  344.70000      -     -  170s
     0     0  344.70000    0 5103          -  344.70000      -     -  170s
     0     0  344.70000    0 6203          -  344.70000      -     -  179s
     0     0  344.70000    0 5303          -  344.70000      -     -  195s
     0     0  344.70000    0 5962          -  344.70000      -     -  199s
     0     0  344.70000    0 5962          -  344.70000      -     -  199s
     0     0  344.70000    0 5148          -  344.70000      -     -  209s
     0     0  344.70000    0 5148          -  344.70000      -     -  209s
     0     0  344.70000    0 3530          -  344.70000      -     -  222s
     0     0  344.70000    0 3730          -  344.70000      -     -  226s
     0     0  344.70000    0 3745          -  344.70000      -     -  226s
     0     0  344.70000    0 4615          -  344.70000      -     -  236s
     0     0  344.70000    0 4615          -  344.70000      -     -  236s
     0     0  344.70000    0 3343          -  344.70000      -     -  255s
     0     0  344.70000    0 3375          -  344.70000      -     -  262s
     0     0  344.70000    0 3380          -  344.70000      -     -  263s
     0     0  344.70000    0 3376          -  344.70000      -     -  263s
     0     0  344.70000    0 5802          -  344.70000      -     -  271s
     0     0  344.70000    0 5802          -  344.70000      -     -  271s
     0     0  344.70000    0 3467          -  344.70000      -     -  281s
     0     0  344.70000    0 3898          -  344.70000      -     -  283s
     0     0  344.70000    0 3386          -  344.70000      -     -  292s
     0     2  344.70000    0 2867          -  344.70000      -     -  335s
     3     8  344.70000    2 2695          -  344.70000      -   842  340s
    11    20  344.70000    4 3204          -  344.70000      -   912  346s
    26    34  344.70000    7 5407          -  344.70000      -   886  352s
    42    62  344.98518    9 4096          -  344.70000      -   733  359s
    61    90  345.01290   13 5972          -  344.70000      -   599  364s
    89   120  345.05169   22 4437          -  344.70000      -   474  367s
   119   124  345.11784   34 4938          -  344.70000      -   396  373s
   123   128  345.12565   35 4947          -  344.70000      -   387  378s
   127   132  345.14100   36 4865          -  344.70000      -   378  382s
   131   136  345.14542   37 5259          -  344.70000      -   375  386s
   135   139  345.15176   38 4167          -  344.70000      -   371  401s
   138   143  345.15534   39 4537          -  344.70000      -   368  408s
   142   147  345.16831   40 4535          -  344.70000      -   388  413s
   146   151  345.16831   41 4535          -  344.70000      -   380  417s
   150   155  345.16831   42 4535          -  344.70000      -   373  421s
   158   163  345.16831   44 4535          -  344.70000      -   357  428s
   162   167  345.18358   45 4585          -  344.70000      -   353  432s
   166   171  345.18358   46 5017          -  344.70000      -   347  437s
   170   175  345.18358   47 4585          -  344.70000      -   342  441s
   184   199  345.48344   49 4792          -  344.70000      -   333  449s
   198   210  345.48344   50 4381          -  344.70000      -   324  458s
   209   228  345.48344   51 4381          -  344.70000      -   316  465s
   245   264  345.74196   53 4410          -  344.70000      -   283  481s
   263   274  345.74196   54 4411          -  344.70000      -   267  485s
   273   292  345.74196   55 4411          -  344.70000      -   264  490s
   291   315  345.74196   56 5039          -  344.70000      -   253  504s
   314   346  345.74196   57 4411          -  344.70000      -   243  508s
   345   364  345.74196   58 4410          -  344.70000      -   229  513s
   363   396  345.74196   60 5123          -  344.70000      -   230  518s
   395   439  345.92568   72 5955          -  344.70000      -   227  523s
   438   475  345.99959   92 5934          -  344.70000      -   216  527s
   474   502  346.06269  110 5780          -  344.70000      -   212  532s
   501   546  346.11357  127 6041          -  344.70000      -   214  539s
   545   584  346.11512  133 5583          -  344.70000      -   208  546s
   583   637  346.12617  141 5542          -  344.70000      -   206  552s
   636   686  346.39723  152 5494          -  344.70000      -   198  559s
   685   749  346.50283  174 5963          -  344.70000      -   197  566s
   748   789  346.55465  193 5430          -  344.70000      -   193  577s
   788   793  346.55734  198 5864          -  344.70000      -   190  682s
   792   813  346.55734  199 5477          -  344.70000      -   189  770s
   812   840  346.55734  200 6187          -  344.70000      -   190  849s
   839   854  346.56397  201 6117          -  344.70000      -   188  925s
   853   981  346.57488  202 6063          -  344.70000      -   188  933s
   980  1070  346.69614  235 5663          -  344.70000      -   177  941s
  1069  1134  346.74837  249 5933          -  344.70000      -   175  948s
  1133  1258  346.84621  268 7075          -  344.70000      -   180  955s
  1257  1334  347.12413  307 6096          -  344.70000      -   177  963s
  1333  1452  347.18242  326 5845          -  344.70000      -   181  973s
  1451  1560  347.27255  345 7566          -  344.70000      -   178  983s
  1559  1696  347.39663  387 7149          -  344.70000      -   178  996s
  1695  1787  347.66979  402 5856          -  344.70000      -   178 1007s
  1792  1946  347.79412  425 6387          -  344.70000      -   180 1017s
  1951  2134  347.88162  476 5817          -  344.70000      -   175 1029s
  2139  2363  348.01447  545 6406          -  344.70000      -   168 1040s
  2368  2535  348.39197  616 5926          -  344.70000      -   160 1051s
  2540  2618  348.77257  658 6586          -  344.70000      -   158 1059s
  2629  2689  365.78282  663 7154          -  344.70000      -   161 1068s
  2700  2780  378.73291  672 5683          -  344.70000      -   166 1080s
  2798  2869  379.18549  676 5580          -  344.70000      -   169 1094s
  2911  3019  379.65023  694 6447          -  344.70000      -   171 1107s
  3076  3020  344.70000   10 3386          -  344.70000      -   171 1476s
  3078  3021  365.20000  837 3912          -  345.16765      -   170 1600s
  3079  3022  363.10000  483 4215          -  345.37581      -   170 1657s
  3080  3023  351.00000  229 4209          -  345.81204      -   170 1806s
  3081  3023  380.54168  124 4122          -  352.03605      -   170 1835s
  3082  3024  389.16606  301 4548          -  353.16661      -   170 1927s
  3083  3025  355.60000  265 4334          -  353.59523      -   170 1981s
  3084  3025  357.60000  215 4531          -  356.57915      -   170 2087s
  3085  3026  371.60000  807 2791          -  356.82724      -   170 2127s
  3086  3027  359.90000  674 4628          -  358.22988      -   170 2205s
  3087  3027  358.23339   97 1916          -  358.23339      -   170 2267s
  3088  3028  358.23339   20 3288          -  358.23339      -   170 2329s
  3089  3029  363.70000  559 4197          -  358.43076      -   170 2417s
  3090  3029  358.98844   58 4541          -  358.98844      -   170 2463s
  3091  3030  359.85487  305 2627          -  359.85487      -   170 2510s
  3092  3031  360.05164  282 3409          -  360.05164      -   170 2562s
  3093  3031  360.30296  112 2398          -  360.30296      -   170 2626s
  3094  3032  376.16239  857 3544          -  360.51361      -   170 2670s
  3095  3033  361.04793    7 3371          -  361.04793      -   170 2711s
  3096  3033  361.17021  253 4192          -  361.17021      -   169 2738s
  3097  3034  365.00000  526 3927          -  361.21750      -   169 2780s
  3098  3035  361.28447   51 4436          -  361.28447      -   169 2813s
  3099  3035  361.30550   13 4040          -  361.30550      -   169 2836s
  3100  3036  396.15231  881 4521          -  361.42958      -   169 2854s
  3101  3037  361.54427  229 3287          -  361.54427      -   169 2958s
  3102  3037  361.61397  468 3642          -  361.61397      -   169 2974s
  3103  3038  383.20699  232 3253          -  361.96462      -   169 3006s
  3104  3039  365.90000  574 3965          -  362.08721      -   169 3030s
  3105  3039  362.41350  267 4030          -  362.41350      -   169 3071s
  3106  3040  362.57720   67 5052          -  362.57720      -   169 3096s
  3107  3041  362.75533   36 1697          -  362.75533      -   169 3138s
  3108  3041  362.84632  373 5485          -  362.84632      -   169 3189s
  3109  3042  379.97159  726 2303          -  363.38000      -   169 3245s
  3110  3043  363.40278  186 2507          -  363.40278      -   169 3282s
  3111  3043  363.66063  658 3668          -  363.66063      -   169 3325s
  3112  3044  363.66063  465 4215          -  363.66063      -   169 3339s
  3113  3045  363.70000  625 2837          -  363.70000      -   169 3363s
  3114  3045  423.57790  500 4270          -  363.76657      -   169 3381s
  3115  3046  363.85172   36 2491          -  363.85172      -   168 3413s
  3116  3047  363.91527  463 5676          -  363.91527      -   168 3435s
  3117  3047  363.99637  410 3555          -  363.99637      -   168 3470s
  3118  3048  364.01753  246 4253          -  364.01753      -   168 3497s
  3119  3049  364.01881  334 3339          -  364.01881      -   168 3524s
  3120  3049  364.04707   36 4640          -  364.04707      -   168 3546s
  3121  3050  364.05025  103 2913          -  364.05025      -   168 3570s
  3122  3051  364.06211  505 3805          -  364.06211      -   168 3594s
  3123  3051  364.08333  447 3659          -  364.08333      -   168 3632s
  3124  3052  381.44046  217 3806          -  364.08333      -   168 3653s
  3125  3053  364.13677  278 3396          -  364.13677      -   168 3682s
  3126  3053  364.22778   17 3641          -  364.22778      -   168 3700s
  3127  3054  364.22778  473 3340          -  364.22778      -   168 3732s
  3128  3055  364.25667  240 4092          -  364.25667      -   168 3754s
  3129  3055  364.59152  609 2659          -  364.59152      -   168 3785s
  3130  3056  364.59160   44 2737          -  364.59160      -   168 3802s
  3131  3057  364.59160  336 2748          -  364.59160      -   168 3824s
  3132  3057  374.20000   72 3374          -  364.68726      -   168 3845s
  3133  3058  380.74460  174 3021          -  364.70015      -   167 3881s
  3134  3059  364.73148   24 5132          -  364.73148      -   167 3914s
  3135  3059  364.73420  175 2997          -  364.73420      -   167 3959s
  3136  3060  364.75169  210 3840          -  364.75169      -   167 3979s
  3137  3061  367.90000  640 3735          -  364.80103      -   167 4006s
  3138  3061  364.80854  216 3452          -  364.80854      -   167 4026s
  3139  3062  364.83304  369 2752          -  364.83304      -   167 4053s
  3140  3063  389.39376  297 3320          -  364.83992      -   167 4071s
  3141  3063  364.83992   21 3000          -  364.83992      -   167 4105s
  3142  3064  380.50243  139 3399          -  364.89558      -   167 4129s
  3143  3065  364.95244  418 2738          -  364.95244      -   167 4164s
  3144  3065  365.02363   84 3917          -  365.02363      -   167 4189s
  3145  3066  365.11188   11 4008          -  365.11188      -   167 4210s
  3146  3067  395.00883  323 3821          -  365.12888      -   167 4233s
  3147  3067  365.13477   72 2194          -  365.13477      -   167 4261s
  3148  3068  365.13477   18 2892          -  365.13477      -   167 4274s
  3149  3069  365.13805  647 2923          -  365.13805      -   167 4297s
  3150  3069  365.15899   28 3639          -  365.15899      -   167 4313s
  3151  3070  365.19177   53 3528          -  365.19177      -   167 4344s
  3152  3071  365.19650  204 3573          -  365.19650      -   166 4363s
  3153  3071  365.23082   28 3258          -  365.23082      -   166 4609s
  3154  3072  365.24289  427 3333          -  365.24289      -   166 4623s
  3155  3073  365.24289    4 2911          -  365.24289      -   166 4648s
  3156  3073  365.31379  225 3713          -  365.31379      -   166 4661s
  3157  3074  365.31706  166 2501          -  365.31706      -   166 4682s
  3158  3075  365.32655  268 3015          -  365.32655      -   166 4705s
  3159  3075  365.33210  568 2901          -  365.33210      -   166 4727s
  3160  3076  365.45376  238 3082          -  365.45376      -   166 4752s
  3161  3077  365.45376   56 3078          -  365.45376      -   166 4772s
  3162  3077  378.16531   76 3443          -  365.49702      -   166 4789s
  3163  3078  365.64022   10 3245          -  365.64022      -   166 4824s
  3164  3079  365.65228  293 3934          -  365.65228      -   166 4850s
  3165  3079  365.67265   58 3266          -  365.67265      -   166 4875s
  3166  3080  365.74552  338 4737          -  365.74552      -   166 4900s
  3167  3081  380.41043  126 4327          -  365.79099      -   166 4932s
  3168  3081  365.79711  152 4898          -  365.79711      -   166 4958s
  3169  3082  365.89165  410 5007          -  365.89165      -   166 4982s
  3170  3083  367.70000  635 4219          -  365.91243      -   166 4997s
  3171  3083  365.93966    5 4954          -  365.93966      -   165 5030s
  3172  3084  365.96509   46 4917          -  365.96509      -   165 5049s
  3173  3085  365.96576   35 3977          -  365.96576      -   165 5069s
  3174  3085  365.97506  291 4038          -  365.97506      -   165 5088s
  3175  3086  365.97506  631 3242          -  365.97506      -   165 5116s
  3176  3087  365.97506   10 3400          -  365.97506      -   165 5129s
  3177  3087  365.97506  589 3816          -  365.97506      -   165 5148s
  3178  3088  365.99245  837 4731          -  365.99245      -   165 5184s
  3179  3089  365.99419  483 3758          -  365.99419      -   165 5212s
  3180  3089  365.99419  229 3780          -  365.99419      -   165 5224s
  3181  3090  380.54168  124 3755          -  366.01044      -   165 5252s
  3182  3091  389.16606  301 3882          -  366.03820      -   165 5265s
  3183  3091  366.04113  265 3447          -  366.04113      -   165 5289s
  3184  3092  366.04113  215 3756          -  366.04113      -   165 5311s
  3185  3093  371.60000  807 3307          -  366.04113      -   165 5331s
  3186  3093  366.05015  674 4102          -  366.05015      -   165 5350s
  3187  3094  366.05427   97 3776          -  366.05427      -   165 5371s
  3188  3095  366.10221   20 3944          -  366.10221      -   165 5384s
  3189  3095  366.10328  559 3961          -  366.10328      -   165 5409s
  3190  3096  366.16825   58 3826          -  366.16825      -   164 5420s
  3191  3097  366.20025  305 3716          -  366.20025      -   164 5449s
  3192  3097  366.20318  282 4046          -  366.20318      -   164 5461s
  3193  3098  366.20858  112 3682          -  366.20858      -   164 5486s
  3194  3099  376.16239  857 5713          -  366.21276      -   164 5506s
  3195  3099  366.24877    7 4761          -  366.24877      -   164 5536s
  3196  3100  366.29602  253 5430          -  366.29602      -   164 5563s
  3197  3101  366.31216  526 4815          -  366.31216      -   164 5585s
  3198  3101  366.32974   51 5516          -  366.32974      -   164 5602s
  3199  3102  366.35638   13 4157          -  366.35638      -   164 5632s
  3200  3103  396.15231  881 4940          -  366.37348      -   164 5652s
  3201  3103  366.38924  229 4603          -  366.38924      -   164 5676s
  3202  3104  366.38924  468 4487          -  366.38924      -   164 5692s
  3203  3105  383.20699  232 4487          -  366.41280      -   164 5719s
  3204  3105  366.41280  574 4869          -  366.41280      -   164 5733s
  3205  3106  366.42048  267 4852          -  366.42048      -   164 5757s
  3206  3107  366.47604   67 4255          -  366.47604      -   164 5765s
  3207  3107  366.47633   36 4021          -  366.47633      -   164 5784s
  3208  3108  366.49094  373 4062          -  366.49094      -   164 5792s
  3209  3109  379.97159  726 3794          -  366.49094      -   164 5813s
  3210  3109  366.49094  186 3914          -  366.49094      -   163 5819s
  3211  3110  366.55731  658 4490          -  366.55731      -   163 5859s
  3212  3111  366.62811  465 4332          -  366.62811      -   163 5872s
  3213  3111  366.62811  625 4127          -  366.62811      -   163 5895s
  3214  3112  423.57790  500 4211          -  366.64910      -   163 5907s
  3215  3113  366.66786   36 4281          -  366.66786      -   163 5933s
  3216  3113  366.67925  463 3941          -  366.67925      -   163 5940s
  3217  3114  366.69000  410 4787          -  366.69000      -   163 5963s
  3218  3115  366.69316  246 4324          -  366.69316      -   163 5969s
  3219  3115  366.70734  334 4127          -  366.70734      -   163 5999s
  3220  3116  366.70734   36 4225          -  366.70734      -   163 6008s
  3221  3117  366.71415  103 3522          -  366.71415      -   163 6032s
  3222  3117  366.71478  505 3574          -  366.71478      -   163 6040s
  3223  3118  366.74896  447 3431          -  366.74896      -   163 6068s
  3224  3119  381.44046  217 3585          -  366.80200      -   163 6076s
  3225  3119  366.81704  278 3492          -  366.81704      -   163 6092s
  3226  3120  366.81704   17 3385          -  366.81704      -   163 6097s
  3227  3121  366.81787  473 3922          -  366.81787      -   163 6122s
  3228  3121  366.81787  240 3995          -  366.81787      -   163 6131s
  3229  3122  366.82129  609 2853          -  366.82129      -   163 6154s
  3230  3123  366.82129   44 2869          -  366.82129      -   162 6161s
  3231  3123  366.82390  336 3163          -  366.82390      -   162 6184s
  3232  3124  374.20000   72 3185          -  366.82713      -   162 6189s
  3233  3125  380.74460  174 3191          -  366.82781      -   162 6208s
  3234  3125  366.82781   24 3166          -  366.82781      -   162 6213s
  3235  3126  366.84872  175 3075          -  366.84872      -   162 6244s
  3236  3127  366.85047  210 3182          -  366.85047      -   162 6250s
  3237  3127  367.90000  640 3749          -  366.85076      -   162 6273s
  3238  3128  366.85321  216 3649          -  366.85321      -   162 6279s
  3239  3129  366.86708  369 3848          -  366.86708      -   162 6313s
  3240  3129  389.39376  297 3975          -  366.86962      -   162 6317s
  3241  3130  366.87153   21 3836          -  366.87153      -   162 6342s
  3242  3131  380.50243  139 3886          -  366.87221      -   162 6347s
  3243  3131  366.87283  418 3921          -  366.87283      -   162 6381s
  3244  3132  366.87283   84 3980          -  366.87283      -   162 6387s
  3245  3133  366.87283   11 3884          -  366.87283      -   162 6414s
  3246  3133  395.00883  323 3960          -  366.87283      -   162 6419s
  3247  3134  366.87283   72 4229          -  366.87283      -   162 6443s
  3250  3137  366.87283   28 3386          -  366.87283      -   784 6517s
  3252  3138  366.87283  204 4385          -  366.87283      -   783 6696s
  3253  3139  366.87283   28 4196          -  366.87283      -   783 6744s
  3254  3140  366.87283  427 3572          -  366.87283      -   783 6784s
  3255  3140  366.87283    4 4658          -  366.87283      -   783 6824s
  3256  3141  366.87283  225 6214          -  366.87283      -   783 6873s
  3257  3142  366.87283  166 3518          -  366.87283      -   782 6926s
  3258  3142  366.87283  268 4520          -  366.87283      -   782 6961s
  3259  3143  366.87283  568 3735          -  366.87283      -   782 6995s
  3260  3144  366.87283  238 5003          -  366.87283      -   782 7030s
  3261  3144  366.87283   56 5101          -  366.87283      -   781 7067s
  3262  3145  378.16531   76 5223          -  366.87283      -   781 7097s
  3263  3146  366.87283   10 4233          -  366.87283      -   781 7162s
  3264  3146  366.87283  293 4393          -  366.87283      -   781 7187s

Cutting planes:
  Lift-and-project: 2
  Cover: 123
  Implied bound: 25
  Projected implied bound: 55
  Clique: 32
  MIR: 93
  StrongCG: 6
  Flow cover: 370
  GUB cover: 145
  Zero half: 70
  RLT: 62
  Relax-and-lift: 29

Explored 3264 nodes (2973735 simplex iterations) in 7205.07 seconds (5047.34 work units)
Thread count was 4 (of 8 available processors)

Solution count 0

Time limit reached
Best objective -, best bound 3.669000000000e+02, gap -
