
Gurobi 13.0.2 (linux64) logging started Sat Jul  4 06:39:15 2026

Set parameter LogFile to value "src/Resultados/Restriccion todas cliques/logs/R111-25.xml_log.log"
Set parameter Threads to value 4
Gurobi Optimizer version 13.0.2 build v13.0.2rc1 (linux64 - "Rocky Linux 9.7 (Blue Onyx)")

CPU model: QEMU Virtual CPU version 2.5+, instruction set [SSE2]
Thread count: 8 physical cores, 8 logical processors, using up to 4 threads

Non-default parameters:
TimeLimit  7200
Threads  4

Optimize a model with 112505 rows, 68850 columns and 544230 nonzeros (Min)
Model fingerprint: 0xf291b33d
Model has 10785 linear objective coefficients
Variable types: 14385 continuous, 54465 integer (54450 binary)
Coefficient statistics:
  Matrix range     [1e+00, 4e+04]
  Objective range  [7e+00, 6e+01]
  Bounds range     [1e+00, 2e+03]
  RHS range        [1e+00, 4e+04]

Presolve removed 34854 rows and 240 columns (presolve time = 5s)...
Presolve removed 34779 rows and 165 columns
Presolve time: 5.20s
Presolved: 77726 rows, 68685 columns, 355050 nonzeros
Variable types: 375 continuous, 68310 integer (60375 binary)
Deterministic concurrent LP optimizer: primal and dual simplex
Showing primal log only...


Root simplex log...

Iteration    Objective       Primal Inf.    Dual Inf.      Time
       0    9.0110000e+02   1.766219e+03   2.848668e+10     10s
   14259    5.0402450e+02   1.217916e+03   9.180779e+09     10s
   19735    5.4940021e+02   2.203989e+02   3.489428e+09     15s
   23711    5.2879182e+02   1.511179e+02   5.924424e+09     20s
   27051    5.4604190e+02   1.248497e+02   3.729493e+09     25s
   30708    6.1079412e+02   9.417334e+01   1.031566e+11     30s
   35778    5.9765437e+02   4.455270e+01   3.082060e+09     35s
   38799    5.8632936e+02   1.526476e+01   1.277589e+09     40s
   41025    5.8993560e+02   2.139503e+00   5.654544e+08     45s
   43569    5.7324733e+02   1.652215e-01   4.217013e+08     50s
   46850    3.8973534e+02   0.000000e+00   1.414863e+05     55s
   50189    3.5901194e+02   0.000000e+00   1.792228e+01     60s
   53230    3.5450000e+02   4.612403e+01   0.000000e+00     65s
   54839    3.5450000e+02   0.000000e+00   0.000000e+00     70s
Concurrent spin time: 9.18s (can be avoided by choosing Method=3)

Solved with primal simplex

Root relaxation: objective 3.545000e+02, 54839 iterations, 71.85 seconds (46.51 work units)

    Nodes    |    Current Node    |     Objective Bounds      |     Work
 Expl Unexpl |  Obj  Depth IntInf | Incumbent    BestBd   Gap | It/Node Time

     0     0  354.50000    0 3444          -  354.50000      -     -   90s
     0     0  354.50000    0 1665          -  354.50000      -     -   92s
     0     0  354.50000    0 1667          -  354.50000      -     -   92s
     0     0  354.50000    0 2743          -  354.50000      -     -  117s
     0     0  354.50000    0 2864          -  354.50000      -     -  119s
     0     0  354.50000    0 5078          -  354.50000      -     -  145s
     0     0  354.50000    0 5078          -  354.50000      -     -  145s
     0     0  354.50000    0 3145          -  354.50000      -     -  164s
     0     0  354.50000    0 3872          -  354.50000      -     -  168s
     0     0  354.50000    0 3582          -  354.50000      -     -  169s
     0     0  354.50000    0 5557          -  354.50000      -     -  198s
     0     0  354.50000    0 3896          -  354.50000      -     -  202s
     0     0  354.50000    0 1033          -  354.50000      -     -  263s
     0     0  354.50000    0 2959          -  354.50000      -     -  275s
     0     0  354.50000    0 5661          -  354.50000      -     -  294s
     0     0  354.50000    0 5661          -  354.50000      -     -  294s
     0     0  354.50000    0 1989          -  354.50000      -     -  309s
     0     0  354.50000    0 2005          -  354.50000      -     -  312s
     0     0  354.50000    0 2008          -  354.50000      -     -  312s
     0     0  355.01170    0 6461          -  355.01170      -     -  340s
     0     0  355.01170    0 6461          -  355.01170      -     -  340s
     0     0  355.01170    0 3577          -  355.01170      -     -  349s
     0     0  355.41940    0 3577          -  355.41940      -     -  351s
     0     0  355.41940    0 3173          -  355.41940      -     -  352s
     0     0  359.60000    0 8247          -  359.60000      -     -  359s
     0     0  359.60000    0 7061          -  359.60000      -     -  362s
     0     0  359.89690    0 6499          -  359.89690      -     -  374s
     0     0  359.89690    0 6480          -  359.89690      -     -  374s
     0     0  359.90829    0 5320          -  359.90829      -     -  380s
     0     0  359.90829    0 5340          -  359.90829      -     -  380s
     0     0  362.69862    0 5570          -  362.69862      -     -  391s
     0     0  364.60000    0 5820          -  364.60000      -     -  396s
     0     0  364.60000    0 4946          -  364.60000      -     -  397s
     0     0  364.60000    0 5773          -  364.60000      -     -  404s
     0     0  364.60000    0 5602          -  364.60000      -     -  409s
     0     0  364.60000    0 6293          -  364.60000      -     -  418s
     0     0  364.68783    0 6632          -  364.68783      -     -  474s
     0     0  364.68783    0 6658          -  364.68783      -     -  475s
     0     0  364.70552    0 4928          -  364.70552      -     -  483s
     0     0  364.70552    0 3709          -  364.70552      -     -  499s
     0     0  365.25289    0 4645          -  365.25289      -     -  506s
     0     0  365.25289    0 4679          -  365.25289      -     -  506s
     0     0  365.46801    0 4655          -  365.46801      -     -  513s
     0     0  365.46801    0 4259          -  365.46801      -     -  518s
     0     0  365.76917    0 4886          -  365.76917      -     -  530s
     0     0  365.76917    0 5546          -  365.76917      -     -  534s
     0     0  365.86217    0 5292          -  365.86217      -     -  541s
     0     0  365.86217    0 6783          -  365.86217      -     -  549s
     0     0  365.88001    0 6491          -  365.88001      -     -  555s
     0     0  365.96535    0 6267          -  365.96535      -     -  560s
     0     0  366.01532    0 5369          -  366.01532      -     -  562s
     0     0  366.01532    0 5565          -  366.01532      -     -  563s
     0     0  367.48563    0 3872          -  367.48563      -     -  567s
     0     0  367.49618    0 3949          -  367.49618      -     -  571s
     0     0  367.49618    0 3928          -  367.49618      -     -  571s
     0     0  367.49824    0 4005          -  367.49824      -     -  572s
     0     0  367.49824    0 4001          -  367.49824      -     -  572s
     0     0  370.98233    0 5270          -  370.98233      -     -  580s
     0     0  371.24224    0 5927          -  371.24224      -     -  583s
     0     0  371.24224    0 5942          -  371.24224      -     -  583s
     0     0  371.84886    0 6792          -  371.84886      -     -  588s
     0     0  371.84886    0 5480          -  371.84886      -     -  590s
     0     0  371.96494    0 6568          -  371.96494      -     -  594s
     0     0  371.96494    0 6132          -  371.96494      -     -  598s
     0     0  372.03159    0 6226          -  372.03159      -     -  602s
     0     0  372.03159    0 5707          -  372.03159      -     -  605s
     0     0  372.03159    0 6830          -  372.03159      -     -  609s
     0     0  372.03159    0 7281          -  372.03159      -     -  613s
     0     0  372.03159    0 6191          -  372.03159      -     -  618s
     0     0  372.03159    0 5054          -  372.03159      -     -  641s
     0     0  372.03159    0 4886          -  372.03159      -     -  648s
     0     0  372.03159    0 4174          -  372.03159      -     -  649s
     0     0  372.23200    0 4127          -  372.23200      -     -  658s
     0     0  372.23200    0 3923          -  372.23200      -     -  659s
     0     0  372.23200    0 2034          -  372.23200      -     -  688s
     0     0  372.34772    0 4357          -  372.34772      -     -  699s
     0     0  372.34772    0 3363          -  372.34772      -     -  705s
     0     0  372.34772    0 5230          -  372.34772      -     -  716s
     0     0  372.34772    0 5923          -  372.34772      -     -  720s
     0     0  372.47370    0 5538          -  372.47370      -     -  727s
     0     0  372.48242    0 5336          -  372.48242      -     -  730s
     0     0  372.86947    0 7047          -  372.86947      -     -  734s
     0     0  372.86947    0 6500          -  372.86947      -     -  738s
     0     0  372.90951    0 6820          -  372.90951      -     -  746s
     0     0  372.90951    0 5992          -  372.90951      -     -  750s
     0     0  373.38144    0 7931          -  373.38144      -     -  755s
     0     0  373.38144    0 7486          -  373.38144      -     -  760s
     0     0  373.56784    0 7170          -  373.56784      -     -  768s
     0     0  373.71044    0 9117          -  373.71044      -     -  782s
     0     0  373.71058    0 6723          -  373.71058      -     -  791s
     0     0  373.82984    0 7016          -  373.82984      -     -  803s
     0     0  373.83924    0 6978          -  373.83924      -     -  807s
     0     0  373.84109    0 6975          -  373.84109      -     -  808s
     0     0  373.99142    0 9068          -  373.99142      -     -  827s
     0     0  373.99224    0 10270          -  373.99224      -     -  834s
     0     0  373.99558    0 8555          -  373.99558      -     -  851s
     0     0  373.99573    0 8555          -  373.99573      -     -  853s
     0     0  373.99573    0 4938          -  373.99573      -     -  870s
     0     2  373.99573    0 4305          -  373.99573      -     -  891s
     1     4  373.99573    1 3972          -  373.99573      -   561  905s
     3     8  373.99573    2 4069          -  373.99573      -  2422  916s
    11    23  373.99866    4 3892          -  373.99866      -  2062  923s
    22    31  374.01543    6 3341          -  373.99866      -  1431  927s
    30    39  377.56272    7 4645          -  373.99866      -  1305  931s
    38    43  374.20383    8 3519          -  373.99866      -  1157  937s
    42    51  374.43361    9 4156          -  373.99866      -  1212  945s
    50    57  374.44317   10 3834          -  373.99866      -  1149  950s
    63    71  374.56609   13 4883          -  373.99866      -  1146  958s
    70    75  374.56822   16 4685          -  373.99866      -  1116  967s
    74    79  374.56822   17 4242          -  373.99866      -  1091  975s
    78    83  374.90724   18 4244          -  373.99866      -  1060  980s
    87    92  374.90906   19 5424          -  373.99866      -  1031  987s
    98    99  374.90942   21 6025          -  373.99866      -   984  994s
   103   106  374.90942   22 5827          -  373.99866      -   955  997s
   110   115  374.91421   23 5729          -  373.99866      -   930 1002s
   119   123  374.91447   24 5664          -  373.99866      -   879 1005s
   127   130  375.17563   25 5929          -  373.99866      -   848 1017s
   134   140  376.40627   25 5708          -  373.99866      -   850 1020s
   144   155  375.17563   26 5601          -  373.99866      -   823 1025s
   159   171  375.17563   27 5657          -  373.99866      -   769 1030s
   192   202  375.32277   29 5685          -  373.99866      -   667 1048s
   206   211  375.32277   30 6178          -  373.99866      -   640 1052s
   215   233  375.34687   31 6574          -  373.99866      -   634 1060s
   237   250  375.34687   32 6479          -  373.99866      -   595 1066s
   254   266  375.34687   33 5293          -  373.99866      -   579 1072s
   270   280  375.34687   34 5387          -  373.99866      -   559 1077s
   284   287  375.39855   40 4206          -  373.99866      -   546 1228s
   291   312  375.40387   41 4944          -  373.99866      -   539 1235s
   316   329  375.68449   46 5376          -  373.99866      -   520 1242s
   333   355  375.68449   52 6726          -  373.99866      -   520 1248s
   359   371  375.72546   54 6413          -  373.99866      -   509 1256s
   375   404  375.79060   58 5486          -  373.99866      -   526 1262s
   408   448  376.20870   72 5461          -  373.99866      -   502 1268s
   452   479  383.13468   88 5940          -  373.99866      -   479 1275s
   483   519  377.80000   92 5411          -  373.99866      -   479 1283s
   523   560  377.90700  109 5756          -  373.99866      -   474 1291s
   564   590  378.15718  121 5870          -  373.99866      -   463 1301s
   594   604  378.53688  132 6177          -  373.99866      -   459 1309s
   608   657  381.02137  137 5880          -  373.99866      -   470 1322s
   661   689  381.63741  148 5892          -  373.99866      -   463 1331s
   693   733  382.05735  157 5842          -  373.99866      -   457 1340s
   737   778  385.18614  166 4487          -  373.99866      -   456 1349s
   782   823  387.35455  176 5833          -  373.99866      -   451 1357s
   827   881  393.42551  189 6371          -  373.99866      -   450 1367s
   885   977  394.58012  200 6105          -  373.99866      -   440 1378s
   981  1058  398.65308  221 6640          -  373.99866      -   415 1389s
  1062  1136  417.10751  236 7202          -  373.99977      -   397 1400s
  1145  1224  376.15323    5 5370          -  373.99977      -   386 1410s
  1235  1284  378.38804   19 4786          -  373.99977      -   375 1421s
  1299  1354  378.64367   23 7080          -  373.99977      -   373 1433s
  1373  1437  379.92824   36 6496          -  373.99977      -   369 1447s
  1466  1537  383.29536   47 6568          -  373.99977      -   366 1459s
  1568  1655  384.63429   82 5844          -  373.99977      -   357 1469s
  1694  1667 infeasible  117               -  373.99977      -   345 1484s
  1710  1690  398.07204  116 6365          -  373.99977      -   348 1496s
  1733  1725  398.07204  117 5796          -  373.99977      -   348 1516s
  1768  1751  398.09313  118 5594          -  373.99977      -   345 1538s
  1794  1815  398.10538  119 5588          -  373.99977      -   345 1557s
  1858  1912  398.10753  120 5797          -  373.99977      -   339 1577s
  1955  2013  398.13357  121 5507          -  373.99977      -   331 1593s
  2056  2111  398.32488  135 4516          -  373.99977      -   327 1609s
  2087  2111  445.25380  479 5144          -  374.00103      -   331 1610s
  2165  2199  398.99832  151 5572          -  374.10707      -   330 1626s
  2253  2269  406.65879  177 4876          -  374.10707      -   335 1640s
  2325  2386  409.92953  188 5279          -  374.10707      -   344 1659s
  2452  2535  484.34601  197 5967          -  374.10707      -   343 1677s
  2615  2535 infeasible  202               -  374.43361      -   334 1816s
  2623  2539  392.89957    7 5997          -  374.43361      -   335 1848s
  2628  2540  376.24231   62 4938          -  374.43361      -   335 1933s
  2630  2541  399.31027  267 3101          -  374.43361      -   335 2050s
  2631  2542  415.27644  267 3571          -  374.43361      -   334 2111s
  2632  2543  442.45903  348 3785          -  374.43361      -   334 2155s
  2633  2543  376.52451   47 3712          -  374.43361      -   334 2245s
  2634  2544  408.64169  218 3958          -  374.43361      -   334 2262s
  2635  2545  407.73209  165 4551          -  374.43361      -   334 2276s
  2636  2545  396.95117   99 4934          -  374.43361      -   334 2285s
  2637  2546  428.06788  136 4094          -  374.43361      -   334 2301s
  2638  2547  385.49558   95 4078          -  374.43361      -   334 2313s
  2639  2547  410.03608  235 4707          -  374.43361      -   333 2340s
  2640  2548  400.53807  106 4485          -  374.43361      -   333 2356s
  2641  2549  443.93702  403 5113          -  374.43361      -   333 2380s
  2642  2549  398.95384  247 4284          -  374.45256      -   333 2392s
  2643  2550  455.14628  346 4664          -  374.55261      -   333 2398s
  2644  2551  375.72111    8 4662          -  374.55418      -   333 2493s
  2645  2551  455.32452  322 1847          -  376.23290      -   333 2540s
  2646  2552  394.59464  202 2428          -  377.18857      -   333 2552s
  2647  2553  400.51823  260 4009          -  377.56954      -   332 2565s
  2648  2553  397.86368  213 3700          -  377.86767      -   332 2571s
  2649  2554  378.52413   68 3197          -  378.52413      -   332 2575s
  2651  2555  399.33295   48 2796          -  379.09739      -   332 2581s
  2654  2557  434.87787  179 2776          -  379.10949      -   332 2600s
  2655  2558  457.81677  397 2521          -  380.57641      -   331 2646s
  2656  2559  380.77859  124 2408          -  380.77859      -   331 2652s
  2657  2559  403.29173  135 2860          -  380.90128      -   331 2656s
  2659  2561  380.91878   61 3146          -  380.91878      -   331 2674s
  2660  2561  380.99320  111 1610          -  380.99320      -   331 2705s
  2661  2562  467.46397  505 2515          -  380.99320      -   331 2711s
  2662  2563  397.41956   83 2064          -  381.00536      -   331 2716s
  2664  2564  443.94096  396 3100          -  381.16211      -   330 2725s
  2666  2565  402.13318  385 2566          -  381.26798      -   330 2736s
  2667  2566  421.60160  545 3166          -  381.29524      -   330 2741s
  2668  2567  442.40356  300 2902          -  381.29829      -   330 2753s
  2669  2567  399.21699  266 3025          -  381.29829      -   330 2778s
  2670  2568  400.45492  351 1422          -  382.26387      -   330 2822s
  2671  2569  557.16977  553 1944          -  382.76121      -   329 2832s
  2672  2569  455.04404  348 2924          -  382.77918      -   329 2841s
  2673  2570  382.94848  143 3226          -  382.77918      -   329 2868s
  2674  2571  402.93188  222 1975          -  382.98367      -   329 2915s
  2675  2571  461.76099  463 2590          -  383.05160      -   329 2934s
  2676  2572  383.15487   41 2985          -  383.15487      -   329 2945s
  2677  2573  459.85911  441 2747          -  383.35767      -   329 2960s
  2678  2573  553.82366  595 2823          -  383.35812      -   329 2988s
  2679  2574  384.39969   74 1794          -  383.61640      -   328 3023s
  2680  2575  383.90274   53 3310          -  383.90274      -   328 3041s
  2681  2575  383.94273  122 3823          -  383.94273      -   328 3049s
  2682  2576  394.37634   43 3895          -  383.94508      -   328 3050s
  2683  2577  447.27763  503 3521          -  383.99186      -   328 3058s
  2684  2577  563.23000  622 3297          -  384.03784      -   328 3061s
  2685  2578  398.13856   35 3008          -  384.03870      -   328 3085s
  2686  2579  384.85979   80 2259          -  384.11594      -   328 3172s
  2687  2579  384.19459   52 2996          -  384.19459      -   327 3219s
  2688  2580  397.88499  120 4168          -  385.11010      -   327 3241s
  2689  2581  403.62633   99 5203          -  385.31811      -   327 3256s
  2690  2581  444.33503  442 5026          -  385.35925      -   327 3264s
  2691  2582  385.36316   53 4449          -  385.36316      -   327 3266s
H 2691  2451                     552.5000000  385.38181  30.2%   327 3274s
  2693  2452  455.42199  361 3324  552.50000  385.38578  30.2%   327 3279s
H 2693  2329                     548.6000000  385.38768  29.8%   327 3294s
  2694  2330  402.10269  412 3402  548.60000  385.38768  29.8%   327 3303s
  2695  2331  385.94361  100 3060  548.60000  385.94361  29.6%   326 3339s
H 2695  2213                     535.6000000  386.10277  27.9%   326 3355s
  2697  2214  386.15913   76 2817  535.60000  386.15913  27.9%   326 3367s
  2698  2215  386.17665   43 3303  535.60000  386.17665  27.9%   326 3373s
  2700  2216  402.10269  412 3033  535.60000  386.18292  27.9%   326 3389s
  2701  2217  535.60000  524 3506  535.60000  386.65542  27.8%   326 3415s
  2702  2217  398.11052  119 3827  535.60000  386.65542  27.8%   326 3420s
  2705  2219  459.60400  442 3257  535.60000  386.65542  27.8%   325 3428s
  2706  2220  393.70235   13 3316  535.60000  386.65542  27.8%   325 3443s
  2707  2221  446.24925  268 3325  535.60000  386.89705  27.8%   325 3474s
  2708  2221  394.38772   45 3857  535.60000  386.92013  27.8%   325 3481s
  2709  2222  386.94837  156 3550  535.60000  386.94837  27.8%   325 3485s
  2710  2223  450.07284  288 3970  535.60000  386.96683  27.8%   325 3495s
  2711  2223  445.79125  242 3903  535.60000  386.96695  27.8%   325 3515s
  2712  2224  393.55205  176 1742  535.60000  387.19818  27.7%   324 3556s
  2713  2225  394.15000   38 4553  535.60000  387.21384  27.7%   324 3570s
  2714  2225  461.57371  618 3926  535.60000  387.21384  27.7%   324 3585s
  2715  2226  460.21558  436 3030  535.60000  387.33530  27.7%   324 3623s
  2716  2227  400.07120  301 3826  535.60000  387.41432  27.7%   324 3645s
  2717  2227  387.41527   41 3895  535.60000  387.41527  27.7%   324 3661s
  2718  2228  407.57214  152 3727  535.60000  387.63070  27.6%   324 3697s
  2719  2229  432.81136  176 2728  535.60000  387.69419  27.6%   324 3711s
  2720  2229  387.71265   65 5357  535.60000  387.71265  27.6%   323 3724s
  2721  2230  400.24272   66 5526  535.60000  387.71353  27.6%   323 3745s
  2722  2231  535.60000  559 3076  535.60000  387.75714  27.6%   323 3776s
  2723  2231  398.37735   63 2684  535.60000  387.79629  27.6%   323 3786s
  2725  2233  400.53729  147 3103  535.60000  387.81479  27.6%   323 3790s
  2727  2234  397.30602  118 2893  535.60000  387.83072  27.6%   323 3808s
  2728  2235  387.99292   62 4374  535.60000  387.99292  27.6%   323 3851s
  2729  2235  403.47658  507 4838  535.60000  387.99511  27.6%   322 3857s
  2730  2236  399.31027  267 4626  535.60000  388.00866  27.6%   322 3861s
  2731  2237  415.27644  267 4587  535.60000  388.00866  27.6%   322 3885s
  2732  2237  442.45903  348 3843  535.60000  388.21384  27.5%   322 3931s
  2734  2239  408.64169  218 4308  535.60000  388.32291  27.5%   322 3940s
  2735  2239  407.73209  165 3986  535.60000  388.33807  27.5%   322 3947s
  2736  2240  396.95117   99 3890  535.60000  388.35287  27.5%   322 3955s
  2737  2241  428.06788  136 4431  535.60000  388.35287  27.5%   321 3987s
  2738  2241  388.50606   95 2838  535.60000  388.50606  27.5%   321 4042s
  2739  2242  410.03608  235 3886  535.60000  388.58377  27.4%   321 4052s
  2740  2243  400.53807  106 3872  535.60000  388.61179  27.4%   321 4056s
  2741  2243  443.93702  403 4388  535.60000  388.64530  27.4%   321 4060s
  2742  2244  398.95384  247 3171  535.60000  388.69308  27.4%   321 4068s
  2743  2245  455.14628  346 3426  535.60000  388.69440  27.4%   321 4089s
  2744  2245  388.85324    8 3567  535.60000  388.85324  27.4%   321 4136s
  2745  2246  455.32452  322 4057  535.60000  388.90091  27.4%   321 4147s
  2746  2247  394.59464  202 5023  535.60000  388.91436  27.4%   320 4151s
  2747  2247  400.51823  260 5029  535.60000  388.91935  27.4%   320 4161s
  2749  2249  388.93874   68 5254  535.60000  388.93874  27.4%   320 4167s
  2751  2250  399.33295   48 4721  535.60000  388.94300  27.4%   320 4189s
  2752  2251  392.93641    8 2766  535.60000  389.14290  27.3%   320 4227s
  2753  2251  428.75122  149 3244  535.60000  389.15174  27.3%   320 4230s
  2756  2253  389.18666  124 3592  535.60000  389.18666  27.3%   319 4248s
  2757  2254  403.29173  135 3611  535.60000  389.33246  27.3%   319 4281s
H 2757  2139                     524.9000000  389.36755  25.8%   319 4283s
  2759  2140  389.38247   61 3898  524.90000  389.38247  25.8%   319 4287s
  2760  2141  389.38307  111 3860  524.90000  389.38307  25.8%   319 4301s
  2761  2142  467.46397  505 3064  524.90000  389.41557  25.8%   319 4332s
  2762  2142  397.41956   83 3608  524.90000  389.54638  25.8%   319 4339s
  2763  2143  524.90000  571 3275  524.90000  389.58421  25.8%   318 4343s
  2764  2144  443.94096  396 3017  524.90000  389.59495  25.8%   318 4347s
  2765  2144  524.90000  525 3321  524.90000  389.60485  25.8%   318 4352s
  2767  2146  421.60160  545 3680  524.90000  389.61139  25.8%   318 4355s
  2768  2146  442.40356  300 3672  524.90000  389.61323  25.8%   318 4368s
  2769  2147  399.21699  266 3390  524.90000  389.89295  25.7%   318 4405s
  2770  2148  400.45492  351 3969  524.90000  390.00643  25.7%   318 4412s
  2772  2149  455.04404  348 3424  524.90000  390.06090  25.7%   317 4415s
  2774  2150  402.93188  222 3794  524.90000  390.06455  25.7%   317 4431s
  2775  2151  461.76099  463 3736  524.90000  390.06502  25.7%   317 4459s
  2776  2152  390.17133   41 4165  524.90000  390.17133  25.7%   317 4461s
  2779  2154  390.25019   74 3985  524.90000  390.25019  25.7%   317 4465s
  2781  2155  390.25741  122 4795  524.90000  390.25741  25.7%   316 4479s
  2782  2156  394.37634   43 3964  524.90000  390.44097  25.6%   316 4511s
  2783  2156  447.27763  503 4321  524.90000  390.44097  25.6%   316 4526s
H 2783  2046                     516.5000000  390.47511  24.4%   316 4560s
H 2783  1941                     504.9000000  390.47511  22.7%   316 4569s
H 2783  1841                     502.5000000  390.47511  22.3%   316 4573s
  2784  1842  502.50000  622 3781  502.50000  390.47511  22.3%   316 4604s
  2785  1843  398.13856   35 3591  502.50000  390.48662  22.3%   316 4607s
  2787  1844  390.50331   52 3519  502.50000  390.50331  22.3%   316 4624s
H 2787  1749                     494.7000000  390.53517  21.1%   316 4646s
  2789  1750  403.62633   99 3131  494.70000  390.53668  21.1%   315 4661s
  2790  1751  444.33503  442 2781  494.70000  390.54211  21.1%   315 4687s
  2791  1752  390.54272   53 3084  494.70000  390.54272  21.1%   315 4699s
  2792  1752  402.65180  445 3049  494.70000  390.54837  21.1%   315 4729s
  2793  1753  455.42199  361 3030  494.70000  390.54837  21.1%   315 4742s
  2794  1754  402.10269  412 2980  494.70000  390.54978  21.1%   315 4778s
  2795  1754  390.54984  100 2852  494.70000  390.54984  21.1%   315 4803s
  2796  1755  390.55000  125 3079  494.70000  390.55000  21.1%   315 4827s
  2799  1758  390.55000    8 4938  494.70000  390.55000  21.1%   677 4872s
  2801  1759  494.70000  524 3046  494.70000  390.55000  21.1%   676 5017s
H 2801  1671                     484.9000000  390.55000  19.5%   676 5032s
  2802  1672  398.11052  119 3695  484.90000  390.55000  19.5%   676 5087s
H 2802  1588                     484.2000000  390.55000  19.3%   676 5095s
H 2802  1508                     482.1000000  390.55000  19.0%   676 5095s
H 2802  1433                     481.9000000  390.55000  19.0%   676 5095s
H 2802  1361                     481.6000000  390.55000  18.9%   676 5095s
  2803  1362  461.58597  617 3669  481.60000  390.55571  18.9%   676 5103s
  2804  1362  445.90298  507 4136  481.60000  390.55571  18.9%   676 5111s
  2805  1363  459.60400  442 4216  481.60000  390.55571  18.9%   675 5126s
  2806  1364  393.70235   13 5376  481.60000  390.55571  18.9%   675 5135s
  2807  1364  446.24925  268 4263  481.60000  390.55571  18.9%   675 5147s
  2808  1365  394.38772   45 4798  481.60000  390.55571  18.9%   675 5158s
  2809  1366  390.55571  156 4444  481.60000  390.55571  18.9%   674 5167s
  2810  1366  450.07284  288 4933  481.60000  390.55571  18.9%   674 5181s
  2811  1367  445.79125  242 4646  481.60000  390.55571  18.9%   674 5186s
  2812  1368  393.55205  176 5061  481.60000  390.55571  18.9%   674 5191s
  2813  1368  394.15000   38 4548  481.60000  390.55571  18.9%   673 5195s
  2814  1369  461.57371  618 4381  481.60000  390.55571  18.9%   673 5205s
  2815  1370  460.21558  436 4412  481.60000  390.55571  18.9%   673 5215s
  2817  1371  390.55571   41 4018  481.60000  390.55571  18.9%   672 5220s
  2820  1373  390.55571   65 3698  481.60000  390.55571  18.9%   672 5283s
  2821  1374  400.24272   66 3576  481.60000  390.56410  18.9%   671 5323s
  2822  1374  481.60000  559 3814  481.60000  390.56563  18.9%   671 5354s
  2823  1375  398.37735   63 3759  481.60000  390.56651  18.9%   671 5383s
  2824  1376  481.60000  578 3490  481.60000  390.60920  18.9%   671 5386s
  2825  1376  400.53729  147 3568  481.60000  390.77691  18.9%   670 5391s
  2827  1378  397.30602  118 2556  481.60000  390.78699  18.9%   670 5413s
  2828  1378  390.88405   62 3743  481.60000  390.88405  18.8%   670 5454s
  2829  1379  403.47658  507 4475  481.60000  390.94041  18.8%   670 5457s
  2830  1380  399.31027  267 4103  481.60000  390.98757  18.8%   669 5461s
  2831  1380  415.27644  267 4103  481.60000  390.98757  18.8%   669 5488s
  2832  1381  442.45903  348 3892  481.60000  391.07118  18.8%   669 5534s
  2833  1382  391.07118   47 4163  481.60000  391.07118  18.8%   669 5560s
  2834  1382  408.64169  218 3754  481.60000  391.12720  18.8%   668 5631s
  2836  1384  396.95117   99 4410  481.60000  391.20507  18.8%   668 5643s
  2837  1384  428.06788  136 3944  481.60000  391.20724  18.8%   668 5662s
  2838  1385  391.24400   95 3929  481.60000  391.24400  18.8%   667 5691s
  2840  1386  400.53807  106 3897  481.60000  391.28771  18.8%   667 5709s
  2841  1387  443.93702  403 3693  481.60000  391.29927  18.8%   667 5752s
  2843  1388  455.14628  346 3321  481.60000  391.31825  18.7%   666 5756s
  2844  1389  391.31825    8 3362  481.60000  391.31825  18.7%   666 5771s
  2845  1390  455.32452  322 3743  481.60000  391.35603  18.7%   666 5799s
  2846  1390  394.59464  202 4312  481.60000  391.41637  18.7%   666 5801s
  2848  1392  397.86368  213 3887  481.60000  391.41898  18.7%   665 5819s
  2849  1392  391.43707   68 4476  481.60000  391.43707  18.7%   665 5850s
  2850  1393  457.44803  570 4476  481.60000  391.43707  18.7%   665 5869s
  2851  1394  399.33295   48 3277  481.60000  391.49575  18.7%   664 5905s
  2853  1395  428.75122  149 3282  481.60000  391.50316  18.7%   664 5921s
  2854  1396  434.87787  179 3269  481.60000  391.51205  18.7%   664 5983s
  2855  1396  457.81677  397 3468  481.60000  391.51601  18.7%   663 5985s
  2857  1398  403.29173  135 3748  481.60000  391.51953  18.7%   663 6003s
  2858  1398  428.48149  537 3949  481.60000  391.51971  18.7%   663 6030s
  2859  1399  391.51973   61 3903  481.60000  391.51973  18.7%   663 6045s
  2860  1400  391.52127  111 2917  481.60000  391.52127  18.7%   662 6072s
  2861  1400  467.46397  505 2969  481.60000  391.52127  18.7%   662 6087s
  2862  1401  397.41956   83 3256  481.60000  391.53534  18.7%   662 6119s
  2863  1402  481.60000  571 3957  481.60000  391.54626  18.7%   662 6121s
  2865  1403  481.60000  525 3575  481.60000  391.55488  18.7%   661 6140s
  2866  1404  402.13318  385 3464  481.60000  391.95072  18.6%   661 6176s
  2868  1405  442.40356  300 2735  481.60000  391.95072  18.6%   660 6180s
  2869  1406  399.21699  266 2203  481.60000  391.95072  18.6%   660 6191s
  2870  1406  400.45492  351 2793  481.60000  391.95072  18.6%   660 6220s
  2871  1407  481.60000  553 3125  481.60000  391.95072  18.6%   660 6235s
  2872  1408  455.04404  348 2774  481.60000  392.12689  18.6%   660 6268s
  2873  1408  392.15245  143 2859  481.60000  392.15245  18.6%   659 6270s
  2875  1410  461.76099  463 3165  481.60000  392.16349  18.6%   659 6284s
  2876  1410  392.18276   41 3510  481.60000  392.18276  18.6%   659 6310s
H 2876  1338                     479.6000000  392.18276  18.2%   659 6311s
  2877  1339  459.85911  441 3270  479.60000  392.18276  18.2%   658 6326s
  2878  1340  479.60000  595 3458  479.60000  392.39787  18.2%   658 6358s
  2879  1340  392.45562   74 3894  479.60000  392.45562  18.2%   658 6367s
  2880  1341  392.46229   53 3668  479.60000  392.46229  18.2%   658 6374s
  2881  1342  392.46848  122 3675  479.60000  392.46848  18.2%   657 6377s
  2882  1342  394.37634   43 3398  479.60000  392.47031  18.2%   657 6396s
  2883  1343  447.27763  503 3457  479.60000  392.48927  18.2%   657 6421s
  2884  1344  479.60000  622 3757  479.60000  392.48927  18.2%   657 6438s
  2885  1344  398.13856   35 3721  479.60000  392.62311  18.1%   657 6489s
  2886  1345  392.97130   80 3834  479.60000  392.97130  18.1%   656 6506s
  2888  1346  397.88499  120 3776  479.60000  392.98865  18.1%   656 6511s
  2890  1348  444.33503  442 4034  479.60000  393.01371  18.1%   655 6516s
  2894  1350  402.10269  412 4533  479.60000  393.02761  18.1%   655 6531s
  2895  1351  393.04319  100 3520  479.60000  393.04319  18.0%   654 6557s
  2896  1352  393.04319  125 3341  479.60000  393.04319  18.0%   654 6571s
  2897  1352  393.04523   76 3516  479.60000  393.04523  18.0%   654 6593s
  2898  1353  393.04693   43 3764  479.60000  393.04693  18.0%   654 6615s
  2899  1354  393.04727    8 3856  479.60000  393.04727  18.0%   653 6647s
  2900  1354  402.10269  412 3913  479.60000  393.04968  18.0%   653 6652s
  2901  1355  479.60000  524 3701  479.60000  393.05059  18.0%   653 6667s
  2902  1356  398.11052  119 3074  479.60000  393.08161  18.0%   653 6694s
  2903  1356  461.58597  617 3898  479.60000  393.08310  18.0%   652 6723s
  2904  1357  445.90298  507 3936  479.60000  393.09246  18.0%   652 6758s
  2905  1358  459.60400  442 4556  479.60000  393.09246  18.0%   652 6773s
  2906  1358  393.70235   13 4346  479.60000  393.09246  18.0%   652 6796s
  2907  1359  446.24925  268 4249  479.60000  393.09246  18.0%   652 6809s
  2908  1360  394.38772   45 3994  479.60000  393.09246  18.0%   651 6842s
  2909  1360  393.09246  156 4350  479.60000  393.09246  18.0%   651 6855s
  2910  1361  450.07284  288 4869  479.60000  393.09455  18.0%   651 6889s
  2913  1364  394.15000   38 4938  479.60000  393.09455  18.0%   886 6937s
  2915  1365  460.21558  436 4496  479.60000  393.09455  18.0%   886 7104s
  2916  1366  400.07120  301 4428  479.60000  393.09455  18.0%   885 7150s
  2917  1367  393.09455   41 4515  479.60000  393.09455  18.0%   885 7159s
  2918  1367  407.57214  152 5825  479.60000  393.09455  18.0%   885 7165s
  2919  1368  432.81136  176 5226  479.60000  393.09455  18.0%   884 7175s
  2920  1369  393.09455   65 4720  479.60000  393.09455  18.0%   884 7185s
  2921  1369  400.24272   66 6262  479.60000  393.09455  18.0%   884 7199s

Cutting planes:
  Gomory: 4
  Cover: 85
  Implied bound: 3
  Projected implied bound: 35
  Clique: 17
  MIR: 39
  StrongCG: 3
  Flow cover: 320
  GUB cover: 81
  Zero half: 16
  RLT: 41
  Relax-and-lift: 12

Explored 2921 nodes (3050134 simplex iterations) in 7203.63 seconds (5158.09 work units)
Thread count was 4 (of 8 available processors)

Solution count 10: 479.6 481.6 481.9 ... 516.5

Time limit reached
Best objective 4.796000000000e+02, best bound 3.931000000000e+02, gap 18.0359%
