
Gurobi 13.0.2 (linux64) logging started Thu Jun 11 09:23:23 2026

Set parameter LogFile to value "src/Resultados/Sin Restricciones/logs/C106-25.xml_log.log"
Set parameter Threads to value 4
Gurobi Optimizer version 13.0.2 build v13.0.2rc1 (linux64 - "Rocky Linux 9.7 (Blue Onyx)")

CPU model: QEMU Virtual CPU version 2.5+, instruction set [SSE2]
Thread count: 8 physical cores, 8 logical processors, using up to 4 threads

Non-default parameters:
TimeLimit  7200
Threads  4

Optimize a model with 127042 rows, 76005 columns and 513210 nonzeros (Min)
Model fingerprint: 0x4587131b
Model has 8190 linear objective coefficients
Variable types: 16815 continuous, 59190 integer (59175 binary)
Coefficient statistics:
  Matrix range     [1e+00, 4e+04]
  Objective range  [1e+00, 6e+01]
  Bounds range     [1e+00, 2e+03]
  RHS range        [1e+00, 4e+04]

Presolve removed 40170 rows and 120 columns (presolve time = 5s)...
Presolve removed 40170 rows and 120 columns
Presolve time: 5.28s
Presolved: 86872 rows, 75885 columns, 383820 nonzeros
Variable types: 30 continuous, 75855 integer (65340 binary)
Deterministic concurrent LP optimizer: primal and dual simplex
Showing primal log only...


Root simplex log...

Iteration    Objective       Primal Inf.    Dual Inf.      Time
       0    1.0781000e+03   2.666297e+03   2.047900e+10     12s
   19164    3.7740323e+02   1.599787e+02   3.888068e+10     15s
   28897    3.6210640e+02   8.440224e+01   4.704259e+09     20s
   38339    3.1826345e+02   4.422874e+01   1.820329e+09     25s
   43182    3.3010401e+02   8.381555e-01   5.063643e+08     30s
   47637    2.8302204e+02   0.000000e+00   6.891905e+04     35s
   52814    1.9155648e+02   0.000000e+00   2.046877e+03     40s
   55398    1.9130000e+02   0.000000e+00   0.000000e+00     44s
Concurrent spin time: 4.23s (can be avoided by choosing Method=3)

Solved with primal simplex

Root relaxation: objective 1.913000e+02, 55398 iterations, 38.34 seconds (26.58 work units)

    Nodes    |    Current Node    |     Objective Bounds      |     Work
 Expl Unexpl |  Obj  Depth IntInf | Incumbent    BestBd   Gap | It/Node Time

     0     0  191.30000    0 2573          -  191.30000      -     -   64s
     0     0  191.30000    0 2474          -  191.30000      -     -   66s
     0     0  191.30000    0 4416          -  191.30000      -     -   88s
     0     0  191.30000    0 4412          -  191.30000      -     -   91s
     0     0  191.30000    0 3489          -  191.30000      -     -  100s
     0     0  191.30000    0  876          -  191.30000      -     -  114s
     0     0  191.30000    0 1136          -  191.30000      -     -  117s
     0     0  191.30000    0  815          -  191.30000      -     -  120s
     0     0  191.30000    0  556          -  191.30000      -     -  131s
H    0     0                     239.2000000  191.30000  20.0%     -  179s
H    0     0                     237.2000000  191.30000  19.4%     -  179s
H    0     0                     235.3000000  191.30000  18.7%     -  179s
H    0     0                     223.3000000  191.30000  14.3%     -  179s
     0     0  191.30000    0 3240  223.30000  191.30000  14.3%     -  180s
     0     0  191.30000    0 3234  223.30000  191.30000  14.3%     -  180s
     0     0  191.30000    0 3678  223.30000  191.30000  14.3%     -  189s
     0     0  191.30000    0 3681  223.30000  191.30000  14.3%     -  189s
     0     0  191.30000    0 3769  223.30000  191.30000  14.3%     -  190s
     0     0  191.30000    0  628  223.30000  191.30000  14.3%     -  203s
H    0     0                     221.4000000  191.30000  13.6%     -  207s
     0     0  191.30000    0 3018  221.40000  191.30000  13.6%     -  218s
     0     0  191.30000    0 3008  221.40000  191.30000  13.6%     -  218s
     0     0  191.30000    0 4717  221.40000  191.30000  13.6%     -  230s
     0     0  191.30000    0 4712  221.40000  191.30000  13.6%     -  230s
     0     0  191.30000    0 3693  221.40000  191.30000  13.6%     -  260s
     0     0  191.30000    0 1666  221.40000  191.30000  13.6%     -  263s
     0     0  191.30000    0 1660  221.40000  191.30000  13.6%     -  263s
     0     0  191.30000    0 3362  221.40000  191.30000  13.6%     -  272s
     0     0  191.30000    0 3310  221.40000  191.30000  13.6%     -  273s
     0     0  191.30000    0 1688  221.40000  191.30000  13.6%     -  286s
     0     0  191.30000    0 1681  221.40000  191.30000  13.6%     -  288s
     0     0  191.30000    0 1681  221.40000  191.30000  13.6%     -  288s
     0     0  191.30000    0 1681  221.40000  191.30000  13.6%     -  291s
     0     2  191.30000    0 1681  221.40000  191.30000  13.6%     -  355s
     1     4  191.30000    1 3510  221.40000  191.30000  13.6%   631  372s
     3     8  191.30000    2 4036  221.40000  191.30000  13.6%  8272  386s
     7    12  191.30000    3 2674  221.40000  191.30000  13.6%  3887  394s
    11    18  191.30000    4 3257  221.40000  191.30000  13.6%  3285  399s
    17    24  191.30000    6 2427  221.40000  191.30000  13.6%  3310  412s
    25    36  191.30061    7 1914  221.40000  191.30000  13.6%  2606  418s
    37    65  191.30000    7 1601  221.40000  191.30000  13.6%  2004  424s
    68    88  191.30000    8 1197  221.40000  191.30000  13.6%  1133  430s
   113   150  191.30000   15 1268  221.40000  191.30000  13.6%   714  440s
   199   214  211.50000   20 2819  221.40000  191.30000  13.6%   472  448s
   249   253  191.30000   21 1259  221.40000  191.30000  13.6%   384  458s
   292   350  191.30000   26 1215  221.40000  191.30000  13.6%   401  474s
   411   504  191.30000   56 1034  221.40000  191.30000  13.6%   326  492s
   601   508  191.30000  105  955  221.40000  191.30000  13.6%   263  514s
   605   510  191.30000  106  951  221.40000  191.30000  13.6%   263  534s
   611   514  191.30000  107  967  221.40000  191.30000  13.6%   262  555s
   615   554  191.30000  108  964  221.40000  191.30000  13.6%   261  595s
   675   588  191.30000  109  961  221.40000  191.30000  13.6%   248  623s
   723   718  191.30000  110  958  221.40000  191.30000  13.6%   318  656s
   863   957  191.30000  111  955  221.40000  191.30000  13.6%   272  696s
  1150  1155  191.30000  143  850  221.40000  191.30000  13.6%   258  726s
  1448  1346  191.30000  154  802  221.40000  191.30000  13.6%   273  761s
  1695  1526  191.30000  158  748  221.40000  191.30000  13.6%   268  789s
  1899  1700  191.30000  159  790  221.40000  191.30000  13.6%   276  820s
  2093  1964  191.30000  163  772  221.40000  191.30000  13.6%   275  851s
  2433  2004  191.30000  166  739  221.40000  191.30000  13.6%   258  883s
  2493  2174  191.30000  167  788  221.40000  191.30000  13.6%   266  905s
  2691  2316  191.30000  172  747  221.40000  191.30000  13.6%   273  929s
  2878  2427  191.30000  178  775  221.40000  191.30000  13.6%   283  956s
  3027  2526  211.30000  199 2377  221.40000  191.30000  13.6%   294  993s
  3162  2616 infeasible  206       221.40000  191.30000  13.6%   309 1018s
  3288  2713  191.30000  230 1164  221.40000  191.30000  13.6%   314 1040s
  3407  2863  195.70000  261 1014  221.40000  191.30000  13.6%   324 1064s
  3637  3168  211.50000  117 1865  221.40000  191.30000  13.6%   319 1092s
  3971  3169  191.30000   76 1681  221.40000  191.30000  13.6%   308 1196s
  3973  3170  211.50000  250 2112  221.40000  191.30000  13.6%   308 1245s
  3974  3171  211.50000  194  569  221.40000  191.30000  13.6%   308 1258s
  3975  3172  191.30000  228  910  221.40000  191.30000  13.6%   308 1263s
  3976  3172  213.40000 1606  337  221.40000  191.30000  13.6%   307 1275s
  3977  3173  211.50000  491  637  221.40000  191.30000  13.6%   307 1280s
  3978  3174  191.30000   17  460  221.40000  191.30000  13.6%   307 1288s
  3979  3174  211.50000 1237 1959  221.40000  191.30000  13.6%   307 1297s
  3980  3175  213.40000 1613  444  221.40000  191.30000  13.6%   307 1322s
  3982  3176  211.50000 1439  422  221.40000  191.30000  13.6%   307 1341s
  3983  3177  211.50000  407 1452  221.40000  191.30000  13.6%   307 1353s
  3984  3178  191.30000  189  528  221.40000  191.30000  13.6%   307 1369s
  3985  3178  211.50000  620  514  221.40000  191.30000  13.6%   307 1391s
  3986  3179  211.50000  684  514  221.40000  191.30000  13.6%   307 1414s
  3987  3183  191.30000   14  512  221.40000  191.30000  13.6%   341 1425s
  3989  3186  191.30000   15  510  221.40000  191.30000  13.6%   343 1483s
  3993  3189  191.30000   16 1436  221.40000  191.30000  13.6%   345 1520s
  3997  3196  191.30000   17 1431  221.40000  191.30000  13.6%   348 1539s
  4008  3196  191.30000   18 1833  221.40000  191.30000  13.6%   358 1556s
  4015  3204  191.30000   19 1690  221.40000  191.30000  13.6%   362 1566s
  4027  3204  211.30000   21 1824  221.40000  191.30000  13.6%   369 1576s
  4036  3204  191.30000   22 1987  221.40000  191.30000  13.6%   370 1594s
  4042  3207  191.30000   22 1683  221.40000  191.30000  13.6%   373 1620s
  4051  3207  191.30000   23 1251  221.40000  191.30000  13.6%   377 1631s
  4064  3209  191.30000   23  620  221.40000  191.30000  13.6%   384 1649s
  4082  3207  191.30000   24  526  221.40000  191.30000  13.6%   387 1671s
  4100  3210  221.30000   25 2003  221.40000  191.30000  13.6%   392 1679s
  4133  3205  191.30000   27  679  221.40000  191.30000  13.6%   391 1691s
  4150  3199  191.30000   29  888  221.40000  191.30000  13.6%   397 1712s
  4170  3214  191.30000   32  837  221.40000  191.30000  13.6%   401 1724s
  4195  3214  191.30000   34  701  221.40000  191.30000  13.6%   402 1732s
  4217  3213  191.30069   35  702  221.40000  191.30000  13.6%   405 1761s
  4225  3213  193.33965   36  906  221.40000  191.30000  13.6%   412 1783s
  4229  3220  191.30819   37 1180  221.40000  191.30000  13.6%   413 1792s
  4250  3212  191.30819   38 1162  221.40000  191.30000  13.6%   416 1800s
  4264  3212  216.55000   39  672  221.40000  191.30000  13.6%   418 1820s
  4280  3213  191.32935   41  907  221.40000  191.30000  13.6%   419 1831s
  4291  3211  191.82435   41 1223  221.40000  191.30000  13.6%   423 1845s
  4295  3212  191.32935   42  847  221.40000  191.30000  13.6%   426 1856s
  4305  3211  191.33501   43 1232  221.40000  191.30000  13.6%   426 1868s
  4315  3216  205.35000   46 2033  221.40000  191.30000  13.6%   427 1884s
  4338  3218  217.98176   51 1233  221.40000  191.30000  13.6%   429 1933s
  4364  3222 infeasible   56       221.40000  191.30000  13.6%   432 1947s
  4390  3228 infeasible   28       221.40000  191.30000  13.6%   435 1973s
  4415  3240  191.30000   27 1649  221.40000  191.30000  13.6%   442 1996s
  4442  3246  191.30000   30 1556  221.40000  191.30000  13.6%   444 2036s
  4481  3249  215.20000   40 1609  221.40000  191.30000  13.6%   448 2077s
  4521  3240  221.30000   41 2245  221.40000  191.30000  13.6%   452 2129s
  4539  3280  215.20000   42  777  221.40000  191.30000  13.6%   453 2168s
  4620  3274  218.09993   52  816  221.40000  191.30000  13.6%   453 2208s
  4688  3258  191.35830   31  918  221.40000  191.30000  13.6%   455 2233s
  4752  3257  191.30000   35 1895  221.40000  191.30000  13.6%   457 2314s
  4794  3334  200.09535   47 2246  221.40000  191.30000  13.6%   463 2351s
  4975  3274  191.51843   45  772  221.40000  191.30000  13.6%   455 2390s
  4990  3283  191.51843   46  764  221.40000  191.30000  13.6%   457 2438s
  5006  3307  191.51843   47  700  221.40000  191.30000  13.6%   458 2514s
  5041  3330  191.51843   58  580  221.40000  191.30000  13.6%   458 2572s
  5102  3397  191.56758   83 1589  221.40000  191.30000  13.6%   462 2610s
  5248  3371  191.60471  120 1177  221.40000  191.30000  13.6%   454 2702s
  5299  3402 infeasible  134       221.40000  191.30000  13.6%   455 2743s
  5363  3389 infeasible  163       221.40000  191.30000  13.6%   455 2808s
  5401  3433  211.50000   32 1323  221.40000  191.30000  13.6%   467 2859s
  5488  3444  213.40000   62  249  221.40000  191.30000  13.6%   464 2909s
  5562  3459  191.30000   22 1068  221.40000  191.30000  13.6%   462 2963s
  5622  3457  209.18268   39  845  221.40000  191.30000  13.6%   464 3021s
  5663  3460  211.30000   64  569  221.40000  191.30000  13.6%   466 3124s
  5701  3455  211.30000   81  504  221.40000  191.30000  13.6%   466 3173s
  5721  3493  191.45177   37 1514  221.40000  191.30000  13.6%   470 3247s
  5781  3561  211.50000   38  471  221.40000  191.30000  13.6%   473 3314s
  5897  3787  213.10000   49  487  221.40000  191.30000  13.6%   476 3389s
  6365  3672  191.60034   66 1454  221.40000  191.30000  13.6%   453 3532s
  6438  3722  191.66792  106  621  221.40000  191.30000  13.6%   460 3594s
  6539  3740  215.30000  137  644  221.40000  191.30000  13.6%   460 3678s
  6641  4079  211.50000   34  694  221.40000  191.30000  13.6%   465 3736s
  7238  3894 infeasible  198       221.40000  191.30000  13.6%   444 3818s
  7274  4126  193.82500   46  835  221.40000  191.30000  13.6%   448 3870s
  7879  3917  212.90764   41  731  221.40000  191.30000  13.6%   424 4006s
  7904  4070  212.90764   42  492  221.40000  191.30000  13.6%   430 4067s
  8376  3915  213.68084   40  462  221.40000  191.30000  13.6%   417 4160s
  8381  3983  213.85868   41  457  221.40000  191.30000  13.6%   427 4224s
  8568  3923  218.81669   90  581  221.40000  191.30000  13.6%   424 4355s
  8575  4007  218.81669   91  580  221.40000  191.30000  13.6%   426 4424s
  8666  4009     cutoff   92       221.40000  191.30000  13.6%   423 4494s
  8741  4063  219.08786   93  635  221.40000  191.30000  13.6%   422 4572s
  8869  4161  219.09147   94  611  221.40000  191.30000  13.6%   420 4630s
  9312  4120  219.45362   95  615  221.40000  191.30000  13.6%   407 4691s
  9546  4487  219.57407   96  611  221.40000  191.30000  13.6%   402 4764s
 10379  4298     cutoff   97       221.40000  191.30000  13.6%   376 5053s
 10595  4569  211.50000   85  587  221.40000  191.30000  13.6%   376 5124s
 11807  4193  211.50000  377  187  221.40000  191.30000  13.6%   340 5191s
 11872  4235 infeasible  395       221.40000  191.30000  13.6%   342 5215s
 12034  4469  211.50000  128  192  221.40000  191.30000  13.6%   339 5244s
 12765  4230  211.50000  195  217  221.40000  191.30000  13.6%   322 5320s
 12778  4222  211.50000  201  198  221.40000  191.30000  13.6%   326 5352s
 12787  4221  211.50000  202  196  221.40000  191.30000  13.6%   325 5383s
 12792  4236  211.50000  203  199  221.40000  191.30000  13.6%   325 5415s
 12814  4242  211.50000  204  198  221.40000  191.30000  13.6%   327 5446s
 12834  4242  211.50000  205  269  221.40000  191.30000  13.6%   328 5497s
 12847  4246  211.50000  206  279  221.40000  191.30000  13.6%   329 5543s
 12865  4252  211.50000  207  219  221.40000  191.30000  13.6%   329 5573s
 12916  4264  211.50000  208  227  221.40000  191.30000  13.6%   329 5623s
 12954  4271  212.13079  213  359  221.40000  191.30000  13.6%   331 5723s
 13018  4340  213.61351   53  476  221.40000  191.30000  13.6%   333 5767s
 13240  4271  214.01929   54  473  221.40000  191.30000  13.6%   329 5814s
 13262  4274  214.03059   55  476  221.40000  191.30000  13.6%   330 5851s
 13314  4274  214.03953   56  266  221.40000  191.30000  13.6%   330 5887s
 13345  4278  214.75343   57  255  221.40000  191.30000  13.6%   331 5947s
 13400  4267  215.17031   58  254  221.40000  191.30000  13.6%   331 5988s
 13431  4266  214.72434   57  527  221.40000  191.30000  13.6%   331 6075s
 13453  4276  215.37496   58  392  221.40000  191.30000  13.6%   332 6109s
 13503  4267  215.26010   59  254  221.40000  191.30000  13.6%   331 6177s
 13525  4267  216.24452   59  362  221.40000  191.30000  13.6%   333 6266s
 13573  4284  211.50000   77  307  221.40000  191.30000  13.6%   334 6328s
 13603  4289  211.50000  100  270  221.40000  191.30000  13.6%   336 6388s
 13622  4293 infeasible  107       221.40000  191.30000  13.6%   337 6431s
 13645  4361  211.50000   72  454  221.40000  191.30000  13.6%   338 6474s
 13790  4881 infeasible   80       221.40000  191.30000  13.6%   337 6516s
 14595  4894 infeasible   66       221.40000  191.30000  13.6%   327 6581s
 14627  5221  211.50000   66  684  221.40000  191.30000  13.6%   330 6633s
 15768  5216  211.50000   71  510  221.40000  191.30000  13.6%   309 6725s
 15807  5539  211.50000   72  519  221.40000  191.30000  13.6%   312 6760s
 16456  5972  211.50000  105  702  221.40000  191.30000  13.6%   302 6791s
 17282  5981  191.30000  131 1110  221.40000  191.30000  13.6%   290 6826s
 17304  5984  215.20000  146  294  221.40000  191.30000  13.6%   292 6870s
 17309  5988  215.20000  147  286  221.40000  191.30000  13.6%   292 6910s
 17321  6002  215.20000  153  230  221.40000  191.30000  13.6%   292 6993s
 17361  6563  215.20000  169  362  221.40000  191.30000  13.6%   294 7022s
 18272  6573  213.27659  221  879  221.40000  191.30000  13.6%   282 7088s
 18294  6905 infeasible  221       221.40000  191.30000  13.6%   283 7114s
 18827  7046     cutoff  361       221.40000  191.30000  13.6%   277 7150s
 19047  7701  211.50000   79  422  221.40000  191.30000  13.6%   275 7176s
 20227  7708  211.50000  378  138  221.40000  191.30000  13.6%   260 7200s

Cutting planes:
  Learned: 302
  Gomory: 1
  Cover: 2720
  Implied bound: 22
  Projected implied bound: 1
  Clique: 577
  MIR: 516
  StrongCG: 51
  Flow cover: 351
  GUB cover: 41
  Zero half: 2
  Network: 3
  RLT: 10
  Relax-and-lift: 1284
  BQP: 88

Explored 20239 nodes (5578327 simplex iterations) in 7200.11 seconds (9020.82 work units)
Thread count was 4 (of 8 available processors)

Solution count 5: 221.4 223.3 235.3 ... 239.2

Time limit reached
Best objective 2.214000000000e+02, best bound 1.913000000000e+02, gap 13.5953%
