
Gurobi 13.0.2 (linux64) logging started Thu Jun 11 14:28:56 2026

Set parameter LogFile to value "src/Resultados/Sin Restricciones/logs/C108-25.xml_log.log"
Set parameter Threads to value 4
Gurobi Optimizer version 13.0.2 build v13.0.2rc1 (linux64 - "Rocky Linux 9.7 (Blue Onyx)")

CPU model: QEMU Virtual CPU version 2.5+, instruction set [SSE2]
Thread count: 8 physical cores, 8 logical processors, using up to 4 threads

Non-default parameters:
TimeLimit  7200
Threads  4

Optimize a model with 135744 rows, 81855 columns and 558690 nonzeros (Min)
Model fingerprint: 0xb90c9818
Model has 10320 linear objective coefficients
Variable types: 17745 continuous, 64110 integer (64095 binary)
Coefficient statistics:
  Matrix range     [1e+00, 4e+04]
  Objective range  [1e+00, 6e+01]
  Bounds range     [1e+00, 2e+03]
  RHS range        [1e+00, 4e+04]

Presolve removed 42510 rows and 120 columns
Presolve time: 3.14s
Presolved: 93234 rows, 81735 columns, 423945 nonzeros
Variable types: 375 continuous, 81360 integer (71160 binary)
Deterministic concurrent LP optimizer: primal and dual simplex
Showing primal log only...


Root simplex log...

Iteration    Objective       Primal Inf.    Dual Inf.      Time
       0    1.3372000e+03   2.972006e+03   5.447147e+10      5s
   23668    2.4559098e+02   1.710376e+02   6.171834e+09     10s
   36893    1.2643052e+02   4.698654e+01   2.243408e+09     15s
   44218    1.2687768e+02   1.138535e+01   3.170865e+09     20s
   50473    1.3844332e+02   1.919191e+00   4.277060e+09     25s
   55837    1.6007616e+02   0.000000e+00   6.697261e+04     30s
   62065    8.3198982e+01   0.000000e+00   3.139405e+04     35s
   67967    7.8500023e+01   2.452314e+02   0.000000e+00     40s
   72917    7.8500146e+01   4.881637e+02   0.000000e+00     45s
   76970    7.8500229e+01   5.637376e+02   0.000000e+00     50s
   80644    7.8500319e+01   3.351816e+02   0.000000e+00     55s
   82542    7.8500433e+01   1.861348e+03   0.000000e+00     60s
   84418    7.8500626e+01   8.062542e+03   0.000000e+00     65s
   86057    7.8500845e+01   1.926645e+03   0.000000e+00     70s
   88168    7.8501151e+01   1.256919e+04   0.000000e+00     75s
   89083    7.9104255e+01   0.000000e+00   0.000000e+00     78s
Concurrent spin time: 4.99s

Solved with dual simplex

Root simplex log...

Iteration    Objective       Primal Inf.    Dual Inf.      Time
   49328    7.9104255e+01   0.000000e+00   0.000000e+00     83s

Root relaxation: objective 7.910426e+01, 49328 iterations, 78.23 seconds (62.55 work units)

    Nodes    |    Current Node    |     Objective Bounds      |     Work
 Expl Unexpl |  Obj  Depth IntInf | Incumbent    BestBd   Gap | It/Node Time

     0     0   79.10426    0 21508          -   79.10426      -     -   84s
     0     0   79.10426    0 23891          -   79.10426      -     -  103s
     0     0   79.10426    0 23893          -   79.10426      -     -  106s
     0     0   79.10426    0 28663          -   79.10426      -     -  127s
     0     0   79.10426    0 28663          -   79.10426      -     -  127s
     0     0   79.10426    0 16744          -   79.10426      -     -  128s
     0     0   79.10426    0 16749          -   79.10426      -     -  130s
     0     0   79.10426    0 21507          -   79.10426      -     -  141s
     0     0   79.10426    0 21507          -   79.10426      -     -  141s
     0     0   79.10426    0 14357          -   79.10426      -     -  143s
     0     0   79.10426    0 16742          -   79.10426      -     -  146s
     0     0   79.10426    0 21520          -   79.10426      -     -  170s
     0     0   79.10426    0 21520          -   79.10426      -     -  170s
     0     0   79.10426    0 19123          -   79.10426      -     -  172s
     0     0   79.10426    0 21505          -   79.10426      -     -  174s
     0     0   79.10426    0 21513          -   79.10426      -     -  182s
     0     0   79.10426    0 21513          -   79.10426      -     -  182s
     0     0   79.10426    0 14361          -   79.10426      -     -  184s
     0     0   79.10426    0 23892          -   79.10426      -     -  186s
     0     0   79.10426    0 19131          -   79.10426      -     -  212s
     0     0   79.10426    0 14358          -   79.10426      -     -  214s
     0     0   79.23647    0 19135          -   79.23647      -     -  216s
     0     0   80.75173    0 23919          -   80.75173      -     -  232s
     0     0   80.75173    0 16758          -   80.75173      -     -  233s
     0     0   80.78275    0 14358          -   80.78275      -     -  235s
     0     0   80.78281    0 19134          -   80.78281      -     -  236s
     0     0   82.86911    0 19544          -   82.86911      -     -  258s
     0     0   82.86911    0 23774          -   82.86911      -     -  391s
     0     0   83.13766    0 26086          -   83.13766      -     -  404s
     0     0   83.13766    0 23635          -   83.13766      -     -  406s
     0     0   84.93734    0 21363          -   84.93734      -     -  414s
     0     0   84.93734    0 16641          -   84.93734      -     -  416s
     0     0   88.12691    0 21810          -   88.12691      -     -  425s
     0     0   88.12691    0 17620          -   88.12691      -     -  427s
     0     0   88.66052    0 23248          -   88.66052      -     -  442s
     0     0   88.66052    0 20960          -   88.66052      -     -  443s
     0     0   88.84862    0 24099          -   88.84862      -     -  456s
     0     0   89.36164    0 24444          -   89.36164      -     -  458s
     0     0   89.36164    0 24356          -   89.36164      -     -  458s
     0     0  106.33003    0 17260          -  106.33003      -     -  475s
     0     0  106.34427    0 18090          -  106.34427      -     -  476s
     0     0  106.34427    0 18090          -  106.34427      -     -  476s
     0     0  106.34427    0 18092          -  106.34427      -     -  477s
     0     0  106.34427    0 15882          -  106.34427      -     -  478s
     0     0  106.57327    0 17723          -  106.57327      -     -  485s
     0     0  106.57327    0 18121          -  106.57327      -     -  487s
     0     0  107.29371    0 19664          -  107.29371      -     -  496s
     0     0  107.32089    0 14951          -  107.32089      -     -  497s
     0     0  107.32089    0 15738          -  107.32089      -     -  498s
     0     0  107.33612    0 24501          -  107.33612      -     -  503s
     0     0  107.33612    0 19090          -  107.33612      -     -  505s
     0     0  107.33612    0 19092          -  107.33612      -     -  505s
     0     0  108.48387    0 15107          -  108.48387      -     -  514s
     0     0  108.48387    0 12150          -  108.48387      -     -  517s
     0     0  108.60040    0 11978          -  108.60040      -     -  528s
     0     0  108.61085    0 17171          -  108.61085      -     -  530s
     0     0  108.61085    0 21958          -  108.61085      -     -  532s
     0     0  113.22844    0 19031          -  113.22844      -     -  540s
     0     0  113.23884    0 18132          -  113.23884      -     -  542s
     0     0  113.40000    0 23863          -  113.40000      -     -  550s
     0     0  113.40000    0 20995          -  113.40000      -     -  551s
     0     0  113.40000    0 21740          -  113.40000      -     -  557s
     0     0  113.40000    0 21320          -  113.40000      -     -  558s
     0     0  113.64854    0 20340          -  113.64854      -     -  568s
     0     0  113.64854    0 10167          -  113.64854      -     -  581s
     0     0  113.66055    0 12439          -  113.66055      -     -  590s
     0     0  117.28215    0 14373          -  117.28215      -     -  606s
     0     0  117.28417    0 12463          -  117.28417      -     -  611s
     0     0  117.33125    0 10953          -  117.33125      -     -  616s
     0     0  117.38750    0 13732          -  117.38750      -     -  617s
     0     0  117.38750    0 13734          -  117.38750      -     -  618s
     0     0  117.38750    0 18632          -  117.38750      -     -  623s
     0     0  117.38750    0 11506          -  117.38750      -     -  624s
     0     0  117.60000    0 12932          -  117.60000      -     -  629s
     0     0  117.60000    0 15709          -  117.60000      -     -  631s
     0     0  117.60000    0 14775          -  117.60000      -     -  635s
     0     0  117.60000    0 12381          -  117.60000      -     -  636s
     0     0  117.60000    0 14948          -  117.60000      -     -  642s
     0     0  117.60000    0 14832          -  117.60000      -     -  653s
     0     0  117.60000    0 14832          -  117.60000      -     -  654s
     0     0  117.60000    0 14832          -  117.60000      -     -  658s
     0     2  117.60000    0 14832          -  117.60000      -     -  683s
     1     4  117.60000    1 12234          -  117.60000      -   790  686s
     7    10  117.60000    3 14870          -  117.60000      -   613  699s
    11    15  117.60000    4 16474          -  117.60000      -   918  702s
    16    24  117.60000    5 14943          -  117.60000      -   951  706s
    30    36  117.70177    7 13361          -  117.60000      -   963  718s
    39    43  117.70177    8 12472          -  117.60000      -   859  728s
    46    53  117.70375   10 12459          -  117.60000      -   751  732s
    56    66  117.73043   12 17192          -  117.60000      -   667  735s
    77    81  134.92303   19 14773          -  117.60000      -   555  742s
    88    92  118.51643   19 21887          -  117.60000      -   513  746s
   111   111  118.51730   21 23422          -  117.60000      -   442  752s
   118   125  118.67447   25 21368          -  117.60000      -   446  757s
   132   130  118.75000   26 21432          -  117.60000      -   431  764s
   137   136  118.80000   27 19110          -  117.60000      -   446  770s
   151   145  119.05000   30 22286          -  117.60000      -   466  778s
   157   148  119.20054   32 19020          -  117.60000      -   477  782s
   162   163  119.20982   33 19036          -  117.60000      -   476  785s
   177   187  119.36749   38 16685          -  117.60000      -   449  792s
   204   190  119.44788   47 21401          -  117.60000      -   400  799s
   211   209  119.45075   48 21397          -  117.60000      -   390  806s
   230   224  119.87465   52 16682          -  117.60000      -   378  812s
   245   238  120.60310   54 14837          -  117.60000      -   381  845s
   260   243  120.60386   55 12435          -  117.60000      -   373  874s
   265   259  120.74721   56 14835          -  117.60000      -   368  893s
   281   285  139.01000   60 13271          -  117.60000      -   371  907s
   307   318  121.05000   61 8485          -  117.60000      -   344  936s
   342   373  121.05136   75 13114          -  117.60000      -   321  955s
   397   428  121.05282   93 13063          -  117.60000      -   278  974s
   454   448  121.44832  109 15906          -  117.60000      -   253  994s
   474   478  121.50118  110 18348          -  117.60000      -   252 1016s
   504   537  121.62590  112 21259          -  117.60000      -   241 1037s
   564   600  122.77950  118 18348          -  117.60000      -   223 1056s
   627   674  123.13067  122 19937          -  117.60000      -   202 1075s
   701   738  124.91384  130 14776          -  117.60000      -   188 1091s
   765   793  125.21506  131 14111          -  117.60000      -   176 1112s
   822   853  125.57966  133 16496          -  117.60000      -   166 1130s
   882   912  127.71118  143 12418          -  117.60000      -   161 1149s
   941   980  143.93826  147 11466          -  117.60000      -   155 1184s
  1009  1088  146.04551  164 16098          -  117.60000      -   151 1203s
  1117  1159  147.26279  183 14969          -  117.60000      -   140 1231s
  1188  1170  148.76477  217 19194          -  117.60000      -   138 1248s
  1199  1214  148.76789  218 19196          -  117.60000      -   140 1272s
  1243  1251  148.76955  219 19196          -  117.60000      -   137 1295s
  1280  1299  148.77422  220 18208          -  117.60000      -   136 1313s
  1328  1435  148.77450  221 18212          -  117.60000      -   134 1324s
  1464  1585  148.78240  222 18205          -  117.60000      -   123 1337s
  1614  1749  148.78240  223 17693          -  117.60000      -   112 1406s
  1778  1868  148.78240  224 17689          -  117.60000      -   103 1420s
  1901  2056  148.78240  225 17657          -  117.60000      -  99.1 1433s
H 1977  1569                     264.7000000  117.60000  55.6%  95.9 1433s
  2095  1553  148.78267  226 17633  264.70000  117.60000  55.6%  91.5 1448s
  2190  1697  148.80457  287 17821  264.70000  117.60000  55.6%  95.3 1467s
  2341  1945  148.85731  397 16850  264.70000  117.60000  55.6%  96.3 1482s
  2591  2238  148.88662  515 18909  264.70000  117.60000  55.6%  92.9 1500s
  2890  2512  148.95047  605 20107  264.70000  117.60000  55.6%  88.3 1519s
  3171  2799  169.44684  637 11917  264.70000  117.60000  55.6%  84.4 1535s
  3484  3295  172.75594  712 10209  264.70000  117.60000  55.6%  80.2 1553s
  3992  3663  173.04189  833 10087  264.70000  117.60000  55.6%  71.6 1572s
  4372  4041  173.72884 1011 11474  264.70000  117.60000  55.6%  67.6 1590s
  4755  4042  175.30012   67 14832  264.70000  117.60000  55.6%  64.2 1671s
H 4756  3840                     258.8000000  117.60000  54.6%  64.2 1767s
  4757  3840  158.79769  202 18711  258.80000  117.60000  54.6%  64.2 1803s
H 4757  3648                     225.7000000  117.60000  47.9%  64.2 1834s
  4758  3649  170.28107  642 16619  225.70000  117.60000  47.9%  64.2 1864s
  4759  3650  177.41338  573 15407  225.70000  117.60000  47.9%  64.2 1887s
H 4759  3468                     224.2000000  119.28741  46.8%  64.2 1917s
  4760  3468  176.41127  291 7877  224.20000  119.28747  46.8%  64.2 1941s
  4761  3469  166.81030  559 10372  224.20000  123.79754  44.8%  64.1 1964s
  4762  3470  155.44458  295 10644  224.20000  137.91658  38.5%  64.1 2000s
H 4762  3296                     216.6000000  138.05788  36.3%  64.1 2023s
  4763  3296  154.13605  531 6196  216.60000  138.05788  36.3%  64.1 2032s
  4764  3297  216.60000  536 4391  216.60000  140.83025  35.0%  64.1 2077s
  4765  3298  158.79769  368 3858  216.60000  145.70565  32.7%  64.1 2117s
H 4765  3133                     213.8000000  146.45495  31.5%  64.1 2158s
H 4766  2976                     191.3000000  147.76766  22.8%  64.1 2210s
  4767  2977  191.30000  557 6355  191.30000  147.76766  22.8%  64.1 2236s
  4768  2978  179.25004  385 4692  191.30000  148.96240  22.1%  64.1 2271s
  4769  2978  191.30000  434 5285  191.30000  149.94362  21.6%  64.0 2311s
  4770  2979  191.30000  420 3178  191.30000  151.15315  21.0%  64.0 2350s
  4771  2980  179.41992 1118 4182  191.30000  163.56027  14.5%  64.0 2406s
  4772  2980  191.30000  477 2187  191.30000  163.90767  14.3%  64.0 2468s
  4773  2981  191.30000  464 3701  191.30000  164.14006  14.2%  64.0 2496s
  4774  2982  164.56307  554 5319  191.30000  164.56307  14.0%  64.0 2538s
  4775  2982  175.63085 1054 6529  191.30000  164.72515  13.9%  64.0 2560s
  4776  2983  191.30000  777 3139  191.30000  165.45332  13.5%  63.9 2617s
  4777  2984  191.30000 1059 3736  191.30000  165.88462  13.3%  63.9 2641s
  4778  2984  166.16468  263 3530  191.30000  166.16468  13.1%  63.9 2683s
  4779  2985  191.30000  195 3484  191.30000  166.28562  13.1%  63.9 2702s
  4780  2986  191.30000   98 3536  191.30000  166.37399  13.0%  63.9 2728s
  4781  2986  177.46547 1078 3090  191.30000  166.43823  13.0%  63.9 2750s
  4782  2987  191.30000  570 2203  191.30000  166.56628  12.9%  63.9 2774s
  4783  2988  170.90981  590 3073  191.30000  166.59170  12.9%  63.9 2796s
  4784  2988  184.92074  937 3647  191.30000  166.60776  12.9%  63.8 2825s
  4785  2989  186.39237  493 4343  191.30000  166.68092  12.9%  63.8 2845s
  4786  2990  166.70277  450 4450  191.30000  166.70277  12.9%  63.8 2871s
  4787  2990  176.40554  247 3017  191.30000  166.72789  12.8%  63.8 2890s
  4788  2991  166.83040  169 2355  191.30000  166.83040  12.8%  63.8 2961s
  4789  2992  191.30000  187 2153  191.30000  166.83202  12.8%  63.8 2976s
  4790  2992  166.84885  271 3105  191.30000  166.84885  12.8%  63.8 2995s
  4791  2993  181.88226 1169 2904  191.30000  166.84885  12.8%  63.7 3011s
  4792  2994  191.30000  291 1612  191.30000  166.85592  12.8%  63.7 3040s
  4793  2994  191.30000   67 2963  191.30000  166.85592  12.8%  63.7 3061s
  4794  2995  191.30000  476 3880  191.30000  166.85815  12.8%  63.7 3095s
  4795  2996  166.86684  361 4021  191.30000  166.86684  12.8%  63.7 3112s
  4796  2996  191.30000  135 4801  191.30000  166.93258  12.7%  63.7 3136s
  4797  2997  174.26273 1028 4950  191.30000  166.95498  12.7%  63.7 3153s
  4798  2998  182.32899  102 6249  191.30000  166.96575  12.7%  63.7 3185s
  4799  2998  166.96815  294 4857  191.30000  166.96815  12.7%  63.6 3197s
  4800  2999  172.92989  660 4496  191.30000  166.97890  12.7%  63.6 3225s
  4801  3000  179.29709  455 3968  191.30000  167.01407  12.7%  63.6 3247s
  4802  3000  167.02000   59 3806  191.30000  167.02000  12.7%  63.6 3290s
  4803  3001  191.30000  358 5546  191.30000  167.02471  12.7%  63.6 3321s
  4804  3002  179.06934  145 2022  191.30000  167.02742  12.7%  63.6 3346s
  4805  3002  191.30000  934 3771  191.30000  167.06600  12.7%  63.6 3368s
  4806  3003  167.08290  421 4140  191.30000  167.08290  12.7%  63.5 3396s
  4807  3004  167.09000  401 3675  191.30000  167.09000  12.7%  63.5 3417s
  4808  3004  178.58928 1101 5539  191.30000  167.18133  12.6%  63.5 3451s
  4809  3005  191.30000 1016 6534  191.30000  167.21110  12.6%  63.5 3479s
  4810  3006  176.02198   63 2531  191.30000  167.25346  12.6%  63.5 3528s
  4811  3006  191.30000  237 4564  191.30000  167.26349  12.6%  63.5 3568s
  4812  3007  191.30000  373 4972  191.30000  167.28802  12.6%  63.5 3649s
  4813  3008  191.30000  845 3762  191.30000  167.35532  12.5%  63.5 3682s
  4814  3008  191.30000  180 4994  191.30000  167.37446  12.5%  63.4 3719s
  4815  3009  170.15748  510 4248  191.30000  167.40951  12.5%  63.4 3744s
  4816  3010  174.89793 1039 4462  191.30000  167.40955  12.5%  63.4 3768s
  4817  3010  187.34982  416 4654  191.30000  167.42648  12.5%  63.4 3803s
  4818  3011  167.43192  442 5400  191.30000  167.43192  12.5%  63.4 3836s
  4819  3012  179.29528  263 5827  191.30000  167.44379  12.5%  63.4 3860s
  4820  3012  176.39389  413 1472  191.30000  167.44594  12.5%  63.4 3913s
  4821  3013  191.30000  120 6611  191.30000  167.44983  12.5%  63.3 3943s
  4822  3014  167.45400  208 3561  191.30000  167.45400  12.5%  63.3 3977s
  4823  3014  169.68306  440 4278  191.30000  167.45400  12.5%  63.3 3992s
  4824  3015  167.45892   39 3894  191.30000  167.45892  12.5%  63.3 4012s
  4825  3016  179.06934  157 5288  191.30000  167.46050  12.5%  63.3 4036s
  4826  3016  176.69690   62 6774  191.30000  167.46169  12.5%  63.3 4060s
  4827  3017  177.43912  615 7315  191.30000  167.46278  12.5%  63.3 4072s
  4828  3018  167.46413  489 6204  191.30000  167.46413  12.5%  63.3 4088s
  4829  3018  175.63925   78 4520  191.30000  167.46471  12.5%  63.2 4095s
  4830  3019  178.89835  783 4866  191.30000  167.46820  12.5%  63.2 4113s
  4831  3020  167.46895  576 5446  191.30000  167.46895  12.5%  63.2 4118s
  4832  3020  191.30000  980 5311  191.30000  167.46945  12.5%  63.2 4155s
  4833  3021  172.70258  683 5691  191.30000  167.46945  12.5%  63.2 4167s
  4834  3022  191.30000   75 5272  191.30000  167.46971  12.5%  63.2 4185s
  4835  3022  191.30000  917 5338  191.30000  167.46971  12.5%  63.2 4193s
  4836  3023  170.25805  700 5460  191.30000  167.46971  12.5%  63.2 4209s
  4839  3026  176.59275  106 14832  191.30000  167.46971  12.5%   284 4229s
  4841  3027  168.23378  413 16262  191.30000  167.46971  12.5%   284 4319s
  4842  3028  191.30000  475 12763  191.30000  167.46971  12.5%   284 4347s
  4843  3029  191.30000 1032 7635  191.30000  167.46973  12.5%   284 4365s
  4844  3029  167.46981  556 8836  191.30000  167.46981  12.5%   284 4418s
  4845  3030  191.30000  909 8168  191.30000  167.47503  12.5%   284 4452s
  4846  3031  170.17435  595 2700  191.30000  167.47503  12.5%   284 4491s
  4847  3031  191.30000  351 4458  191.30000  167.47503  12.5%   284 4524s
  4848  3032  167.47503   35 3611  191.30000  167.47503  12.5%   284 4558s
  4849  3033  184.61848  903 4478  191.30000  167.47519  12.5%   284 4598s
  4850  3033  167.47519   48 1384  191.30000  167.47519  12.5%   284 4641s
  4851  3034  191.30000  856 2818  191.30000  167.48247  12.5%   284 4674s
  4852  3035  179.29528  262 2235  191.30000  167.48247  12.5%   284 4723s
  4853  3035  167.48247   20 7372  191.30000  167.48247  12.5%   283 4778s
  4854  3036  167.48247  504 5583  191.30000  167.48247  12.5%   283 4799s
  4855  3037  175.30012   67 1440  191.30000  167.48247  12.5%   283 4831s
  4856  3037  167.48247  102 3783  191.30000  167.48247  12.5%   283 4863s
  4857  3038  167.48247  202 5204  191.30000  167.48247  12.5%   283 4898s
  4858  3039  170.28107  642 6865  191.30000  167.48247  12.5%   283 4924s
  4859  3039  177.41338  573 6307  191.30000  167.48690  12.4%   283 4950s
  4860  3040  176.41127  291 5969  191.30000  167.48690  12.4%   283 4978s
  4861  3041  167.49317  559 6008  191.30000  167.49317  12.4%   283 5008s
  4862  3041  167.50213  295 3491  191.30000  167.50213  12.4%   283 5034s
  4863  3042  167.52072  531 4787  191.30000  167.52072  12.4%   283 5071s
  4864  3043  191.30000  536 7908  191.30000  167.54426  12.4%   283 5107s
  4865  3043  167.56365  368 5048  191.30000  167.56365  12.4%   283 5137s
  4866  3044  191.30000 1032 6835  191.30000  167.57945  12.4%   283 5164s
  4867  3045  191.30000  557 6533  191.30000  167.59264  12.4%   283 5195s
  4868  3045  179.25004  385 4460  191.30000  167.61882  12.4%   283 5240s
  4869  3046  191.30000  434 5775  191.30000  167.64518  12.4%   283 5284s
  4870  3047  191.30000  420 4491  191.30000  167.69702  12.3%   282 5318s
  4871  3047  179.41992 1118 4664  191.30000  167.81117  12.3%   282 5345s
  4872  3048  191.30000  477 8404  191.30000  167.91538  12.2%   282 5380s
  4873  3049  191.30000  464 6124  191.30000  167.94006  12.2%   282 5402s
  4874  3049  167.97568  554 3845  191.30000  167.97568  12.2%   282 5432s
  4875  3050  175.63085 1054 6426  191.30000  168.00251  12.2%   282 5443s
  4876  3051  191.30000  777 6358  191.30000  168.07364  12.1%   282 5485s
  4877  3051  191.30000 1059 5524  191.30000  168.09555  12.1%   282 5496s
  4878  3052  168.13827  263 4521  191.30000  168.13827  12.1%   282 5528s
  4879  3053  191.30000  195 4947  191.30000  168.16449  12.1%   282 5537s
  4880  3053  191.30000   98 8307  191.30000  168.18230  12.1%   282 5571s
  4881  3054  177.46547 1078 7018  191.30000  168.19157  12.1%   282 5583s
  4882  3055  191.30000  570 7312  191.30000  168.23959  12.1%   282 5620s
  4883  3055  170.90981  590 7907  191.30000  168.24567  12.1%   282 5635s
  4884  3056  184.92074  937 8464  191.30000  168.27830  12.0%   282 5670s
  4885  3057  186.39237  493 6237  191.30000  168.29086  12.0%   282 5682s
  4886  3057  168.30231  450 5355  191.30000  168.30231  12.0%   282 5720s
  4887  3058  176.40554  247 5906  191.30000  168.30331  12.0%   282 5740s
  4888  3059  168.31818  169 6424  191.30000  168.31818  12.0%   281 5779s
  4889  3059  191.30000  187 7516  191.30000  168.32494  12.0%   281 5795s
  4890  3060  168.34277  271 7883  191.30000  168.34277  12.0%   281 5823s
  4891  3061  181.88226 1169 7896  191.30000  168.34277  12.0%   281 5837s
  4892  3061  191.30000  291 4896  191.30000  168.35659  12.0%   281 5865s
  4893  3062  191.30000   67 5307  191.30000  168.37128  12.0%   281 5877s
  4894  3063  191.30000  476 6380  191.30000  168.38080  12.0%   281 5904s
  4895  3063  168.38976  361 6688  191.30000  168.38976  12.0%   281 5916s
  4896  3064  191.30000  135 6673  191.30000  168.39322  12.0%   281 5968s
  4897  3065  174.26273 1028 5716  191.30000  168.40002  12.0%   281 5978s
  4898  3065  182.32899  102 3874  191.30000  168.41176  12.0%   281 6018s
  4899  3066  168.45431  294 3983  191.30000  168.45431  11.9%   281 6029s
  4900  3067  172.92989  660 3786  191.30000  168.45431  11.9%   281 6050s
  4901  3067  179.29709  455 5172  191.30000  168.46264  11.9%   281 6061s
  4902  3068  168.46264   59 5553  191.30000  168.46264  11.9%   281 6091s
  4903  3069  191.30000  358 5430  191.30000  168.46264  11.9%   281 6102s
  4904  3069  179.06934  145 6591  191.30000  168.46264  11.9%   281 6126s
  4905  3070  191.30000  934 5747  191.30000  168.46264  11.9%   280 6130s
  4906  3071  168.46264  421 5887  191.30000  168.46264  11.9%   280 6155s
  4908  3072  178.58928 1101 5868  191.30000  168.46264  11.9%   280 6183s
  4909  3073  191.30000 1016 5878  191.30000  168.46264  11.9%   280 6186s
  4910  3073  176.02198   63 5467  191.30000  168.46264  11.9%   280 6215s
  4912  3075  191.30000  373 6221  191.30000  168.46469  11.9%   280 6244s
  4913  3075  191.30000  845 5733  191.30000  168.47484  11.9%   280 6250s
  4914  3076  191.30000  180 5087  191.30000  168.49291  11.9%   280 6278s
  4915  3077  170.15748  510 5250  191.30000  168.49291  11.9%   280 6282s
  4916  3077  174.89793 1039 4835  191.30000  168.49291  11.9%   280 6306s
  4917  3078  187.34982  416 4962  191.30000  168.49291  11.9%   280 6310s
  4918  3079  168.49291  442 4338  191.30000  168.49291  11.9%   280 6339s
  4919  3079  179.29528  263 4340  191.30000  168.49291  11.9%   280 6367s
  4920  3080  176.39389  413 4342  191.30000  168.49291  11.9%   280 6387s
  4923  3083  169.68306  440 14832  191.30000  168.49291  11.9%   481 6409s
  4925  3084  179.06934  157 16339  191.30000  168.49291  11.9%   481 6508s
  4926  3085  176.69690   62 11648  191.30000  168.49291  11.9%   481 6539s
  4927  3086  177.43912  615 4847  191.30000  168.55619  11.9%   481 6564s
  4928  3086  168.55619  489 6432  191.30000  168.55619  11.9%   481 6593s
  4929  3087  175.63925   78 7377  191.30000  168.56063  11.9%   481 6616s
  4930  3088  178.89835  783 6860  191.30000  168.58416  11.9%   481 6656s
  4931  3088  168.65855  576 6325  191.30000  168.65855  11.8%   481 6678s
  4932  3089  191.30000  980 4179  191.30000  168.66611  11.8%   480 6726s
  4933  3090  172.70258  683 8292  191.30000  168.80465  11.8%   480 6751s
  4934  3090  191.30000   75 9188  191.30000  168.80465  11.8%   480 6794s
  4935  3091  191.30000  917 12368  191.30000  168.80465  11.8%   480 6830s
  4936  3092  170.25805  700 11357  191.30000  168.80465  11.8%   480 6901s
  4937  3092  168.80465  552 9803  191.30000  168.80465  11.8%   480 6929s
  4938  3093  168.80465  558 7791  191.30000  168.80465  11.8%   480 6969s
  4939  3094  176.59275  106 7600  191.30000  169.21924  11.5%   480 7008s
  4940  3094  191.30000  291 12657  191.30000  169.22000  11.5%   480 7049s
  4941  3095  169.28715  413 9808  191.30000  169.28715  11.5%   480 7086s
  4942  3096  191.30000  475 4993  191.30000  169.28715  11.5%   479 7140s
  4943  3096  191.30000 1032 4251  191.30000  169.28715  11.5%   479 7159s
  4944  3097  169.28715  556 4917  191.30000  169.28715  11.5%   479 7186s

Cutting planes:
  Learned: 1
  Cover: 159
  Implied bound: 31
  Projected implied bound: 267
  Clique: 18
  MIR: 168
  StrongCG: 6
  Flow cover: 1354
  GUB cover: 134
  Zero half: 43
  RLT: 106
  Relax-and-lift: 192
  BQP: 1

Explored 4944 nodes (2730429 simplex iterations) in 7203.07 seconds (5408.79 work units)
Thread count was 4 (of 8 available processors)

Solution count 8: 191.3 191.3 213.8 ... 264.7

Time limit reached
Best objective 1.913000000000e+02, best bound 1.693000000000e+02, gap 11.5003%
