
Gurobi 13.0.2 (linux64) logging started Tue Jul  7 15:10:13 2026

Set parameter LogFile to value "src/Resultados/Restriccion demanda/logs/RC203-25.xml_log.log"
Set parameter Threads to value 4
Gurobi Optimizer version 13.0.2 build v13.0.2rc1 (linux64 - "Rocky Linux 9.7 (Blue Onyx)")

CPU model: QEMU Virtual CPU version 2.5+, instruction set [SSE2]
Thread count: 8 physical cores, 8 logical processors, using up to 4 threads

Non-default parameters:
TimeLimit  7200
Threads  4

Optimize a model with 115281 rows, 67965 columns and 670335 nonzeros (Min)
Model fingerprint: 0x574e61b9
Model has 5070 linear objective coefficients
Variable types: 15585 continuous, 52380 integer (52365 binary)
Coefficient statistics:
  Matrix range     [1e+00, 2e+05]
  Objective range  [2e+00, 6e+01]
  Bounds range     [1e+00, 2e+03]
  RHS range        [1e+00, 2e+05]

Presolve removed 38015 rows and 120 columns
Presolve time: 2.64s
Presolved: 77266 rows, 67845 columns, 324975 nonzeros
Variable types: 375 continuous, 67470 integer (59340 binary)
Deterministic concurrent LP optimizer: primal and dual simplex
Showing primal log only...


Root simplex log...

Iteration    Objective       Primal Inf.    Dual Inf.      Time
       0    1.1912000e+03   2.088019e+03   1.331214e+10      6s
   30427    3.6700976e+02   2.586635e+01   2.333751e+09     10s
   35994    3.7250343e+02   8.523944e-01   3.396274e+08     15s
   41576    2.8174255e+02   0.000000e+00   2.173670e+01     20s
   46421    2.7940007e+02   6.377032e-01   0.000000e+00     25s
   48417    2.7940000e+02   0.000000e+00   0.000000e+00     29s
Concurrent spin time: 14.61s (can be avoided by choosing Method=3)

Solved with primal simplex

Root relaxation: objective 2.794000e+02, 48417 iterations, 38.92 seconds (21.59 work units)

    Nodes    |    Current Node    |     Objective Bounds      |     Work
 Expl Unexpl |  Obj  Depth IntInf | Incumbent    BestBd   Gap | It/Node Time

     0     0  279.40000    0 4259          -  279.40000      -     -   66s
     0     0  279.40000    0 3419          -  279.40000      -     -   68s
     0     0  279.40000    0 4721          -  279.40000      -     -  100s
     0     0  279.40000    0 5003          -  279.40000      -     -  101s
     0     0  279.40000    0 5082          -  279.40000      -     -  103s
     0     0  279.40000    0 7738          -  279.40000      -     -  119s
     0     0  279.40000    0 3478          -  279.40000      -     -  134s
     0     0  279.40000    0 3623          -  279.40000      -     -  161s
     0     0  279.40000    0 9260          -  279.40000      -     -  173s
     0     0  279.40000    0 9260          -  279.40000      -     -  173s
     0     0  279.40000    0 6109          -  279.40000      -     -  191s
     0     0  279.40000    0 6013          -  279.40000      -     -  192s
     0     0  279.40000    0 6016          -  279.40000      -     -  193s
     0     0  279.40000    0 9499          -  279.40000      -     -  212s
     0     0  279.40000    0 9499          -  279.40000      -     -  212s
     0     0  279.40000    0 6029          -  279.40000      -     -  244s
     0     0  279.40000    0 14315          -  279.40000      -     -  256s
     0     0  279.40000    0 14315          -  279.40000      -     -  256s
     0     0  279.40000    0 5980          -  279.40000      -     -  268s
     0     0  279.40000    0 5110          -  279.40000      -     -  270s
     0     0  279.40000    0 5110          -  279.40000      -     -  279s
     0     2  279.40000    0 5110          -  279.40000      -     -  298s
     1     4  279.40000    1 9562          -  279.40000      -  1506  301s
     7    12  279.54905    3 6178          -  279.40000      -   488  306s
    11    19  279.54905    4 7637          -  279.40000      -   573  313s
    18    31  279.54905    6 12457          -  279.40000      -   834  316s
    53    62  279.54905   11 12006          -  279.40000      -   411  321s
    75    81  279.62358   15 5867          -  279.40000      -   544  336s
    80    85  279.62358   16 5957          -  279.40000      -   769  340s
   110   117  279.62358   23 4846          -  279.40000      -   614  347s
   116   124  279.62358   24 4819          -  279.40000      -   589  353s
   123   130  279.62358   25 5876          -  279.40000      -   562  357s
   129   137  279.63776   26 4607          -  279.40000      -   549  362s
   136   143  279.71674   27 5329          -  279.40000      -   534  366s
   142   153  279.71674   28 4738          -  279.40000      -   516  370s
   160   171  279.71674   30 4737          -  279.40000      -   466  378s
   170   183  279.71674   31 4736          -  279.40000      -   451  382s
   182   196  279.71674   32 4737          -  279.40000      -   422  386s
   195   209  279.71674   33 4737          -  279.40000      -   396  391s
   208   223  279.71674   34 4737          -  279.40000      -   373  395s
   236   245  279.71674   36 5284          -  279.40000      -   339  403s
   244   255  279.71674   37 5549          -  279.40000      -   335  410s
   264   282  279.79126   39 5488          -  279.40000      -   321  418s
   281   293  279.79126   40 7249          -  279.40000      -   304  424s
   292   304  279.79126   41 5755          -  279.40000      -   294  428s
   303   320  279.79126   42 6064          -  279.40000      -   287  438s
   319   337  279.79126   43 6199          -  279.40000      -   275  445s
   336   349  279.79126   44 7065          -  279.40000      -   263  450s
   348   365  279.79126   45 4263          -  279.40000      -   258  455s
   364   377  279.79126   46 4231          -  279.40000      -   249  460s
   376   384  279.79126   47 5195          -  279.40000      -   245  467s
   383   395  279.79126   48 4351          -  279.40000      -   243  473s
   394   429  279.95027   51 3931          -  279.40000      -   240  480s
   428   445  279.95894   67 4364          -  279.40000      -   225  487s
   444   484  280.03347   78 6181          -  279.40000      -   221  497s
   483   508  280.06565  101 7890          -  279.40000      -   208  503s
   507   562  280.07813  112 7453          -  279.40000      -   201  510s
   561   575  280.21054  138 8528          -  279.40000      -   184  518s
   574   617  280.21590  145 9287          -  279.40000      -   180  531s
   616   637  280.27568  174 7570          -  279.40000      -   172  557s
   636   663  280.27568  175 7574          -  279.40000      -   169  569s
   662   681  280.29641  191 11265          -  279.40000      -   167  580s
   680   712  280.29641  204 11379          -  279.40000      -   165  602s
   711   768  280.34652  222 11357          -  279.40000      -   162  612s
   767   847  280.38805  241 9322          -  279.40000      -   156  625s
   846   888  280.59242  262 10193          -  279.40000      -   148  635s
   887   981  280.59817  269 11343          -  279.40000      -   145  675s
   980  1119  280.59817  270 12279          -  279.40000      -   139  686s
  1118  1284  280.74147  303 10698          -  279.40000      -   129  696s
  1283  1364  284.45980  333 9643          -  279.40000      -   127  704s
  1363  1433  284.83003  343 12139          -  279.40000      -   132  714s
  1432  1493  285.50878  355 9474          -  279.40000      -   143  724s
  1492  1600  285.63219  365 12051          -  279.40000      -   151  733s
  1599  1710  286.06412  383 7971          -  279.40000      -   156  742s
  1709  1788  286.24924  394 7667          -  279.40000      -   161  755s
  1787  1902  287.11310  409 9316          -  279.40000      -   165  765s
  1901  2002  287.11310  418 12728          -  279.40000      -   166  776s
  2001  2157  287.50000  454 8855          -  279.40000      -   169  788s
  2196  2283  289.09019  491 10684          -  279.40000      -   162  800s
  2322  2371  289.38053  539 9546          -  279.40000      -   164  815s
  2410  2489  289.61559  575 12889          -  279.40000      -   166  860s
  2528  2586  290.17233  633 13908          -  279.40000      -   165  893s
  2625  2712  290.54349  657 13969          -  279.40000      -   169  946s
  2751  2870  291.32837  702 14689          -  279.40000      -   169  986s
  2909  2958  318.38499  734 11435          -  279.40000      -   170 1036s
  3004  3104  362.80000  747 7204          -  279.40000      -   174 1062s
  3152  3443  362.80000  792 6358          -  279.40000      -   174 1084s
  3491  3786  362.80000  804 6330          -  279.40000      -   166 1106s
  3845  4065  379.12640  855 7404          -  279.40000      -   159 1130s
  4139  4393  280.40930   21 3558          -  279.40000      -   156 1152s
  4471  4594  280.46744  154 5406          -  279.40000      -   152 1175s
  4673  4900 infeasible  259               -  279.40000      -   155 1203s
  4987  5132  434.60000  356 9396          -  279.40000      -   153 1232s
  5261  5133  363.79333  739 5110          -  279.40000      -   153 1607s
  5263  5134  282.80000  101 6707          -  279.47440      -   153 1681s
  5264  5135  322.30000  625 6368          -  283.51039      -   153 1707s
  5265  5136  300.52077  127 6313          -  285.05109      -   153 1731s
  5266  5136  299.88999  103 8035          -  285.49852      -   153 1760s
  5267  5137  449.00000  594 8581          -  286.90171      -   153 1796s
  5268  5138  288.80000  409 6392          -  287.08533      -   153 1821s
  5269  5138  287.08533   84 4928          -  287.08533      -   153 1839s
  5270  5139  362.84930  810 4694          -  287.08748      -   152 1868s
  5271  5140  298.91315 1092 8117          -  287.45461      -   152 1901s
  5272  5140  287.48523  218 6883          -  287.48523      -   152 1930s
  5273  5141  362.80000  764 7305          -  287.61770      -   152 1959s
  5274  5142  287.81846   15 4748          -  287.81846      -   152 2006s
  5275  5142  287.83645  352 5627          -  287.83645      -   152 2023s
  5276  5143  315.48850  109 4184          -  287.83645      -   152 2046s
  5277  5144  322.30000  738 5033          -  287.84183      -   152 2059s
  5278  5144  287.84183   39 5465          -  287.84183      -   152 2081s
H 5278  4886                     725.4000000  287.84183  60.3%   152 2092s
H 5279  4642                     688.3000000  287.84183  58.2%   152 2117s
  5281  4643  291.10000  513 5877  688.30000  287.84183  58.2%   152 2134s
H 5281  4411                     620.8000000  287.84183  53.6%   152 2163s
H 5281  4190                     608.6000000  287.84183  52.7%   152 2165s
H 5281  3980                     608.5000000  287.84183  52.7%   152 2165s
H 5281  3781                     606.5000000  287.84183  52.5%   152 2170s
H 5281  3591                     606.2000000  287.84183  52.5%   152 2180s
  5283  3593  449.00000  601 3703  606.20000  287.84183  52.5%   152 2196s
H 5283  3413                     537.8000000  287.84183  46.5%   152 2219s
  5285  3414  287.84183   23 4261  537.80000  287.84183  46.5%   152 2230s
  5286  3415  287.84183  379 3807  537.80000  287.84183  46.5%   152 2279s
  5287  3415  287.87779  424 4588  537.80000  287.87779  46.5%   152 2289s
  5288  3416  287.87779   11 2898  537.80000  287.87779  46.5%   152 2320s
  5289  3417  287.87779   16 4152  537.80000  287.87779  46.5%   152 2331s
H 5289  3246                     536.2000000  287.89015  46.3%   152 2362s
H 5289  3083                     533.9000000  287.89015  46.1%   152 2374s
H 5289  2928                     528.0000000  287.89015  45.5%   152 2382s
  5290  2928  287.89015   39 2558  528.00000  287.89015  45.5%   152 2387s
  5291  2929  287.89589  425 4104  528.00000  287.89589  45.5%   152 2399s
  5292  2930  296.60000  657 2214  528.00000  287.91406  45.5%   152 2420s
  5293  2930  287.91406  120 3305  528.00000  287.91406  45.5%   152 2429s
  5294  2931  291.10000  450 4492  528.00000  287.93192  45.5%   152 2449s
  5295  2932  287.93866   21 4848  528.00000  287.93866  45.5%   152 2457s
  5296  2932  287.93870  203 4509  528.00000  287.93870  45.5%   152 2474s
  5297  2933  287.94081  220 4795  528.00000  287.94081  45.5%   152 2482s
  5298  2934  383.40000  318 4613  528.00000  287.94081  45.5%   152 2504s
  5299  2934  287.94081   29 4787  528.00000  287.94081  45.5%   152 2511s
  5300  2935  434.60000  312 4587  528.00000  287.94132  45.5%   152 2530s
  5301  2936  287.94168  261 4712  528.00000  287.94168  45.5%   152 2537s
  5302  2936  373.09796  833 4321  528.00000  287.94359  45.5%   152 2562s
  5303  2937  299.80000   77 5316  528.00000  287.94359  45.5%   152 2574s
  5304  2938  287.94359   82 5069  528.00000  287.94359  45.5%   152 2592s
  5305  2938  287.94610  182 5323  528.00000  287.94610  45.5%   151 2603s
  5306  2939  287.94610   52 4738  528.00000  287.94610  45.5%   151 2618s
  5307  2940  287.94747  224 4952  528.00000  287.94747  45.5%   151 2628s
  5308  2940  287.94747  574 5662  528.00000  287.94747  45.5%   151 2653s
  5309  2941  392.44955  865 5649  528.00000  287.94747  45.5%   151 2665s
  5310  2942  291.10000  439 5174  528.00000  287.94747  45.5%   151 2684s
  5311  2942  287.94747  278 5038  528.00000  287.94747  45.5%   151 2694s
  5312  2943  299.84278  959 5616  528.00000  287.94747  45.5%   151 2718s
  5313  2944  300.67216  176 5371  528.00000  287.94747  45.5%   151 2726s
  5314  2944  287.95139  281 5838  528.00000  287.95139  45.5%   151 2745s
  5315  2945  299.68932   68 5282  528.00000  287.95454  45.5%   151 2753s
  5316  2946  287.95589   32 5179  528.00000  287.95589  45.5%   151 2780s
  5317  2946  291.60000  435 5254  528.00000  287.95632  45.5%   151 2789s
  5318  2947  287.95632  173 5480  528.00000  287.95632  45.5%   151 2807s
  5319  2948  287.95675   32 5697  528.00000  287.95675  45.5%   151 2817s
  5320  2948  392.70499  454 4889  528.00000  287.95675  45.5%   151 2843s
  5321  2949  315.80000 1133 5295  528.00000  287.95675  45.5%   151 2853s
  5322  2950  291.20069  696 6453  528.00000  287.95988  45.5%   151 2880s
  5323  2950  287.95988  201 6617  528.00000  287.95988  45.5%   151 2892s
  5324  2951  287.95988  123 5910  528.00000  287.95988  45.5%   151 2939s
  5325  2952  432.00506  279 6671  528.00000  287.95988  45.5%   151 2950s
  5326  2952  434.60000  310 4601  528.00000  288.00214  45.5%   151 2970s
  5327  2953  288.00214  298 6137  528.00000  288.00214  45.5%   151 2981s
  5328  2954  432.00506  315 6123  528.00000  288.00214  45.5%   151 3003s
  5329  2954  288.80000  559 6328  528.00000  288.00214  45.5%   151 3016s
  5330  2955  298.99830 1087 5811  528.00000  288.00214  45.5%   151 3030s
  5333  2958  432.00506  321 5110  528.00000  288.00214  45.5%   305 3063s
H 5334  2811                     527.8000000  288.00214  45.4%   305 3112s
H 5334  2670                     527.5000000  288.00214  45.4%   305 3116s
H 5334  2536                     526.6000000  288.00214  45.3%   305 3125s
H 5334  2410                     525.6000000  288.00214  45.2%   305 3135s
  5335  2410  288.00214   95 7707  525.60000  288.00214  45.2%   305 3158s
  5336  2411  322.00000  735 2511  525.60000  288.00214  45.2%   305 3183s
  5337  2412  288.60000  414 3625  525.60000  288.00214  45.2%   305 3196s
  5338  2412  291.10000  503 2753  525.60000  288.00214  45.2%   305 3214s
  5339  2413  288.00214  110 4063  525.60000  288.00214  45.2%   304 3238s
  5340  2414  432.00506  249 2772  525.60000  288.00214  45.2%   304 3266s
H 5340  2293                     524.7000000  288.00214  45.1%   304 3274s
  5341  2293  290.00000  475 8301  524.70000  288.00214  45.1%   304 3288s
  5342  2294  314.40000  590 2205  524.70000  288.00214  45.1%   304 3317s
  5343  2295  314.76642  299 4555  524.70000  288.06693  45.1%   304 3336s
  5344  2295  291.73561  643 4596  524.70000  288.09159  45.1%   304 3358s
  5345  2296  288.10227  368 4075  524.70000  288.10227  45.1%   304 3370s
  5346  2297  288.10813  134 4436  524.70000  288.10813  45.1%   304 3396s
  5347  2297  452.94965  643 5350  524.70000  288.10813  45.1%   304 3419s
  5348  2298  288.10813   77 4551  524.70000  288.10813  45.1%   304 3448s
  5349  2299  290.50000  446 3044  524.70000  288.10813  45.1%   304 3461s
  5350  2299  288.10813   68 2617  524.70000  288.10813  45.1%   304 3471s
  5351  2300  288.10959   99 2994  524.70000  288.10959  45.1%   304 3479s
  5352  2301  288.10959  601 1969  524.70000  288.10959  45.1%   304 3490s
  5353  2301  288.11611  129 3155  524.70000  288.11611  45.1%   304 3505s
  5354  2302  386.22911  878 3248  524.70000  288.11699  45.1%   304 3526s
  5355  2303  288.12029  129 3685  524.70000  288.12029  45.1%   304 3536s
  5356  2303  288.12610  133 3617  524.70000  288.12610  45.1%   303 3549s
  5357  2304  288.60000  419 3983  524.70000  288.12617  45.1%   303 3564s
  5358  2305  292.90000  625 3447  524.70000  288.20279  45.1%   303 3623s
H 5358  2189                     524.4000000  288.20279  45.0%   303 3628s
  5359  2189  288.20279   51 7650  524.40000  288.20279  45.0%   303 3644s
  5360  2190  288.20279  113 2648  524.40000  288.20279  45.0%   303 3664s
H 5360  2080                     524.1000000  288.20279  45.0%   303 3666s
  5361  2081  363.79333  739 4506  524.10000  288.20279  45.0%   303 3676s
  5362  2081  288.20279  202 2942  524.10000  288.20279  45.0%   303 3696s
  5363  2082  288.27409  101 3214  524.10000  288.27409  45.0%   303 3706s
  5364  2083  322.30000  625 2365  524.10000  288.28168  45.0%   303 3730s
  5365  2083  300.52077  127 3439  524.10000  288.39047  45.0%   303 3748s
  5366  2084  299.88999  103 2101  524.10000  288.39079  45.0%   303 3768s
  5367  2085  449.00000  594 5551  524.10000  288.39079  45.0%   303 3783s
  5368  2085  288.80000  409 1823  524.10000  288.39134  45.0%   303 3805s
  5369  2086  288.39237   84 3464  524.10000  288.39237  45.0%   303 3818s
  5370  2087  362.84930  810 3619  524.10000  288.39314  45.0%   303 3838s
  5371  2087  298.91315 1092 4567  524.10000  288.40279  45.0%   303 3859s
  5372  2088  288.42091  218 2444  524.10000  288.42091  45.0%   303 3877s
  5373  2089  362.80000  764 3921  524.10000  288.42091  45.0%   303 3889s
  5374  2089  288.43272   15 4216  524.10000  288.43272  45.0%   302 3909s
  5375  2090  288.43272  352 3916  524.10000  288.43272  45.0%   302 3920s
  5376  2091  315.48850  109 3011  524.10000  288.43402  45.0%   302 3938s
H 5376  1986                     516.5000000  288.43402  44.2%   302 3941s
  5377  1986  322.30000  738 3836  516.50000  288.43402  44.2%   302 3955s
  5378  1987  288.43615   39 3469  516.50000  288.43615  44.2%   302 3974s
  5379  1988  288.43615   82 6187  516.50000  288.43615  44.2%   302 3987s
  5380  1988  322.00000  626 4034  516.50000  288.43615  44.2%   302 4013s
  5381  1989  291.10000  513 5253  516.50000  288.43623  44.2%   302 4024s
  5382  1990  449.00000  555 3860  516.50000  288.43623  44.2%   302 4040s
  5383  1990  449.00000  601 4927  516.50000  288.43623  44.2%   302 4048s
  5384  1991  288.52173  649 4297  516.50000  288.43694  44.2%   302 4060s
  5387  1994  288.43694  424 5110  516.50000  288.43694  44.2%   390 4088s
  5389  1995  288.43733   16 4751  516.50000  288.43733  44.2%   390 4187s
  5390  1996  288.43856   39 5423  516.50000  288.43856  44.2%   390 4217s
H 5390  1896                     458.1000000  288.43856  37.0%   390 4219s
  5391  1897  288.43856  425 4787  458.10000  288.43856  37.0%   390 4268s
H 5391  1802                     456.4000000  288.43856  36.8%   390 4270s
  5392  1802  296.60000  657 6031  456.40000  288.43856  36.8%   390 4290s
  5393  1803  288.43856  120 5620  456.40000  288.43856  36.8%   390 4329s
  5394  1804  291.10000  450 3067  456.40000  288.43856  36.8%   389 4359s
  5395  1804  288.54329   21 3776  456.40000  288.54329  36.8%   389 4389s
  5396  1805  288.55932  203 4140  456.40000  288.55932  36.8%   389 4405s
H 5396  1714                     438.9000000  288.57432  34.3%   389 4412s
  5397  1715  288.57432  220 3798  438.90000  288.57432  34.3%   389 4432s
  5398  1715  383.40000  318 3021  438.90000  288.63191  34.2%   389 4447s
  5399  1716  288.88347   29 5183  438.90000  288.88347  34.2%   389 4477s
  5400  1717  434.60000  312 5202  438.90000  288.88525  34.2%   389 4503s
  5401  1717  288.88708  261 6110  438.90000  288.88708  34.2%   389 4527s
  5402  1718  373.09796  833 5721  438.90000  288.90612  34.2%   389 4549s
H 5402  1632                     437.1000000  288.90659  33.9%   389 4550s
  5403  1633  299.80000   77 5833  437.10000  288.90659  33.9%   389 4567s
  5404  1633  288.90660   82 5081  437.10000  288.90660  33.9%   389 4619s
  5405  1634  288.94836  182 6016  437.10000  288.94836  33.9%   389 4631s
  5406  1635  288.94842   52 3538  437.10000  288.94842  33.9%   389 4650s
  5407  1635  288.94849  224 4129  437.10000  288.94849  33.9%   389 4664s
  5408  1636  288.94864  574 4216  437.10000  288.94864  33.9%   388 4684s
  5409  1637  392.44955  865 5667  437.10000  288.94864  33.9%   388 4695s
  5410  1637  291.10000  439 4015  437.10000  288.94872  33.9%   388 4718s
  5411  1638  288.94881  278 3742  437.10000  288.94881  33.9%   388 4730s
  5412  1639  299.84278  959 4661  437.10000  288.94898  33.9%   388 4753s
  5413  1639  300.67216  176 4836  437.10000  288.94908  33.9%   388 4763s
  5414  1640  288.94917  281 4366  437.10000  288.94917  33.9%   388 4781s
  5417  1643  291.60000  435 5110  437.10000  288.94917  33.9%   437 4807s
  5419  1644  288.94917   32 11027  437.10000  288.94917  33.9%   436 4917s
  5420  1645  392.70499  454 2630  437.10000  288.94917  33.9%   436 4940s
  5421  1646  315.80000 1133 6875  437.10000  288.94917  33.9%   436 4972s
  5422  1646  291.20069  696 6286  437.10000  288.94917  33.9%   436 4994s
  5423  1647  288.94917  201 6114  437.10000  288.94917  33.9%   436 5032s
  5424  1648  288.94917  123 4993  437.10000  288.94917  33.9%   436 5057s
  5425  1648  432.00506  279 4978  437.10000  288.94917  33.9%   436 5088s
  5426  1649  434.60000  310 4417  437.10000  288.94917  33.9%   436 5104s
  5427  1650  288.94917  298 5191  437.10000  288.94917  33.9%   436 5132s
  5428  1650  432.00506  315 4578  437.10000  288.94917  33.9%   436 5151s
  5429  1651  288.94917  559 5174  437.10000  288.94917  33.9%   436 5174s
  5430  1652  298.99830 1087 3695  437.10000  288.94917  33.9%   435 5192s
  5431  1652  290.50000  442 5012  437.10000  288.94917  33.9%   435 5221s
  5432  1653  311.10000  672 3548  437.10000  288.94917  33.9%   435 5245s
  5433  1654  432.00506  321 4958  437.10000  288.94975  33.9%   435 5271s
  5434  1654  291.10000  403 3011  437.10000  288.95184  33.9%   435 5306s
  5435  1655  288.95225   95 4480  437.10000  288.95225  33.9%   435 5332s
  5436  1656  322.00000  735 3194  437.10000  288.95225  33.9%   435 5352s
  5437  1656  288.95505  414 5274  437.10000  288.95505  33.9%   435 5370s
  5438  1657  291.10000  503 2549  437.10000  288.95643  33.9%   435 5392s
  5439  1658  288.95719  110 5148  437.10000  288.95719  33.9%   435 5417s
  5440  1658  432.00506  249 3392  437.10000  288.95737  33.9%   435 5435s
  5441  1659  290.00000  475 4520  437.10000  288.95743  33.9%   435 5443s
  5442  1660  314.40000  590 3148  437.10000  288.97576  33.9%   435 5474s
  5443  1660  314.76642  299 5681  437.10000  288.97576  33.9%   434 5492s
  5444  1661  291.73561  643 5255  437.10000  288.97576  33.9%   434 5529s
  5445  1662  288.97576  368 5013  437.10000  288.97576  33.9%   434 5555s
  5446  1662  288.97576  134 4697  437.10000  288.97576  33.9%   434 5569s
  5447  1663  437.10000  643 4697  437.10000  288.97576  33.9%   434 5579s
  5448  1664  288.97576   77 4697  437.10000  288.97576  33.9%   434 5590s
  5449  1667  289.01117   42 5302  437.10000  288.97576  33.9%   489 5608s
  5451  1671  289.01265   43 4582  437.10000  289.01117  33.9%   489 5619s
  5455  1673  289.06384   44 4106  437.10000  289.01265  33.9%   490 5623s
  5459  1687  289.06434   45 4228  437.10000  289.01265  33.9%   490 5627s
  5474  1690  289.07457   48 6133  437.10000  289.01265  33.9%   491 5631s
  5482  1696  289.07457   49 6511  437.10000  289.01265  33.9%   492 5636s
  5491  1704  289.07856   50 5715  437.10000  289.01265  33.9%   494 5640s
  5502  1705  289.08350   51 6511  437.10000  289.01265  33.9%   494 5645s
  5513  1712  289.08350   52 6760  437.10000  289.01265  33.9%   494 5652s
  5518  1716  289.39937   52 5859  437.10000  289.01265  33.9%   495 5655s
  5528  1721  291.07270   53 5416  437.10000  289.01265  33.9%   495 5663s
  5533  1724  289.09672   54 7022  437.10000  289.01265  33.9%   495 5667s
  5538  1727  289.10212   55 6985  437.10000  289.01265  33.9%   496 5682s
  5542  1729  292.59587   55 6613  437.10000  289.01265  33.9%   496 5689s
  5546  1732  289.10284   56 5891  437.10000  289.01265  33.9%   497 5691s
  5550  1735  293.07331   56 6370  437.10000  289.01265  33.9%   497 5695s
  5554  1737  289.10284   57 5407  437.10000  289.01265  33.9%   497 5709s
  5558  1741  289.11429   57 5691  437.10000  289.01265  33.9%   498 5731s
  5563  1743  289.11535   58 5191  437.10000  289.01265  33.9%   499 5737s
  5567  1746  291.31066   58 7102  437.10000  289.01265  33.9%   500 5743s
  5571  1748  289.11535   59 5192  437.10000  289.01265  33.9%   500 5747s
  5576  1750  290.04818   59 6482  437.10000  289.01265  33.9%   502 5755s
  5580  1753  289.11563   60 4644  437.10000  289.01265  33.9%   502 5789s
  5584  1755  289.11535   60 6201  437.10000  289.01265  33.9%   503 5864s
  5588  1758  289.11600   61 5922  437.10000  289.01265  33.9%   504 5882s
  5592  1761  289.11535   61 6044  437.10000  289.01265  33.9%   504 5918s
  5596  1763  289.11535   62 6035  437.10000  289.01265  33.9%   505 5923s
  5600  1766  290.06197   62 1173  437.10000  289.01265  33.9%   506 5934s
  5604  1769  289.11535   63 6420  437.10000  289.01265  33.9%   506 5949s
  5608  1771  289.21253   63  713  437.10000  289.01265  33.9%   508 5967s
  5612  1774  289.11544   64 6438  437.10000  289.01265  33.9%   508 5975s
  5616  1780  289.37258   64 6318  437.10000  289.01265  33.9%   509 5981s
  5623  1782  289.11544   65 6338  437.10000  289.01265  33.9%   508 5991s
  5628  1794  289.15344   65 1092  437.10000  289.01265  33.9%   509 5998s
  5641  1802  289.11609   66 6248  437.10000  289.01265  33.9%   511 6005s
  5657  1818  291.30723   66 6719  437.10000  289.01265  33.9%   511 6010s
  5678  1816  289.11609   67 5488  437.10000  289.01265  33.9%   512 6034s
  5683  1841  289.31872   67 1896  437.10000  289.01265  33.9%   512 6042s
  5710  1842  289.11609   68 5704  437.10000  289.01265  33.9%   511 6053s
  5720  1873  290.71067   68 1898  437.10000  289.01265  33.9%   512 6061s
  5760  1873  293.86342   69 6738  437.10000  289.01265  33.9%   511 6070s
  5779  1896  290.71194   69 2950  437.10000  289.10284  33.9%   511 6080s
  5809  1903  290.71266   71 2466  437.10000  289.10284  33.9%   511 6093s
  5826  1935  290.71266   72 2589  437.10000  289.10284  33.9%   511 6104s
  5863  1948  290.71266   73 2582  437.10000  289.10284  33.9%   511 6116s
  5889  1951  293.22176   74  845  437.10000  289.10284  33.9%   512 6148s
  5900  1977  293.27521   75  847  437.10000  289.10284  33.9%   513 6159s
  5932  1975  296.15377   78 2304  437.10000  289.10284  33.9%   513 6181s
  5941  2012  293.50175   80  877  437.10000  289.10284  33.9%   513 6194s
  6006  2014  293.83442   87 1202  437.10000  289.10284  33.9%   512 6210s
  6037  2074  293.92014   90 1192  437.10000  289.10284  33.9%   511 6223s
  6128  2064  289.12585   62 4898  437.10000  289.10284  33.9%   507 6241s
  6148  2082  289.12585   64 4931  437.10000  289.10284  33.9%   507 6256s
  6173  2113  289.12675   66 4699  437.10000  289.10284  33.9%   507 6269s
  6218  2106  290.26643   74  171  437.10000  289.10284  33.9%   507 6289s
  6226  2146  289.71106   75  365  437.10000  289.10284  33.9%   507 6305s
  6283  2187  289.90693   79  766  437.10000  289.10284  33.9%   504 6321s
  6353  2168  289.90813   81  724  437.10000  289.10284  33.9%   501 6337s
  6357  2171  350.54302   81  443  437.10000  289.10284  33.9%   501 6352s
  6361  2173  292.18707   82 1770  437.10000  289.10284  33.9%   501 6367s
  6365  2176  289.90823   82  677  437.10000  289.10284  33.9%   501 6389s
  6369  2179  290.41697   83  127  437.10000  289.10284  33.9%   501 6407s
  6375  2200  290.13634   83  128  437.10000  289.10284  33.9%   500 6425s
  6398  2196  290.40612   84 1207  437.10000  289.10284  33.9%   500 6446s
  6402  2205  294.62093   84  110  437.10000  289.10284  33.9%   500 6463s
  6412  2251  294.71683   85  112  437.10000  289.10284  33.9%   500 6479s
  6462  2239  302.97592   91 2275  437.10000  289.10284  33.9%   498 6502s
  6466  2241  366.19308   91  369  437.10000  289.10284  33.9%   498 6526s
  6470  2244  302.97592   92 1740  437.10000  289.10284  33.9%   498 6547s
  6474  2262  366.18342   92  385  437.10000  289.10284  33.9%   498 6568s
  6493  2295  366.18204  100  496  437.10000  289.10284  33.9%   498 6587s
  6533  2286  304.17313  110 2627  437.10000  289.10284  33.9%   496 6609s
  6537  2306  367.44920  110 1757  437.10000  289.10284  33.9%   497 6630s
  6558  2363  304.17400  111 2236  437.10000  289.10284  33.9%   496 6649s
  6622  2385  304.20128  117 1078  437.10000  289.10284  33.9%   495 6670s
  6668  2402  367.51606  124  336  437.10000  289.10284  33.9%   494 6698s
  6700  2441  304.29182  128  671  437.10000  289.10284  33.9%   494 6721s
  6750  2441  304.34181  135 1049  437.10000  289.10284  33.9%   493 6747s
  6766  2456  304.34912  137 1038  437.10000  289.10284  33.9%   493 6775s
  6787  2492  316.14436  137  517  437.10000  289.10284  33.9%   493 6802s
  6832  2624  304.34975  138 1021  437.10000  289.10284  33.9%   492 6831s
  6979  2715  304.38576  144 1294  437.10000  289.10284  33.9%   488 6857s
  7119  2822  304.47849  153 1676  437.10000  289.10284  33.9%   486 6880s
  7294  2913  304.63871  167 1297  437.10000  289.10284  33.9%   482 6904s
  7468  2974  304.75663  179 1210  437.10000  289.10284  33.9%   477 6932s
  7677  2925  304.89336  195 1155  437.10000  289.10284  33.9%   471 6970s
  7797  2962  367.62946  195  430  437.10000  289.10284  33.9%   466 6998s
  7988  3009  305.16672  203  489  437.10000  289.10284  33.9%   460 7027s
  8225  3047  305.56959  219 1296  437.10000  289.10284  33.9%   454 7056s
  8478  3106  305.72268  231  966  437.10000  289.10284  33.9%   447 7091s
  8741  3116  306.11963  241  918  437.10000  289.10284  33.9%   441 7123s
  8875  3077  306.58675  252  724  437.10000  289.10446  33.9%   442 7164s
  8883  3110  367.57516  252  275  437.10000  289.10481  33.9%   443 7200s

Cutting planes:
  Gomory: 23
  Cover: 51
  Implied bound: 41
  Projected implied bound: 123
  Clique: 9
  MIR: 53
  StrongCG: 2
  Flow cover: 120
  GUB cover: 63
  Zero half: 15
  RLT: 20
  Relax-and-lift: 20

Explored 8918 nodes (4174014 simplex iterations) in 7200.25 seconds (5792.02 work units)
Thread count was 4 (of 8 available processors)

Solution count 10: 437.1 438.9 456.4 ... 526.6

Time limit reached
Best objective 4.371000000000e+02, best bound 2.892000000000e+02, gap 33.8367%
