
Gurobi 13.0.2 (linux64) logging started Wed Jul  8 07:22:31 2026

Set parameter LogFile to value "src/Resultados/Restriccion demanda/logs/RC207-25.xml_log.log"
Set parameter Threads to value 4
Gurobi Optimizer version 13.0.2 build v13.0.2rc1 (linux64 - "Rocky Linux 9.7 (Blue Onyx)")

CPU model: QEMU Virtual CPU version 2.5+, instruction set [SSE2]
Thread count: 8 physical cores, 8 logical processors, using up to 4 threads

Non-default parameters:
TimeLimit  7200
Threads  4

Optimize a model with 114055 rows, 67245 columns and 662445 nonzeros (Min)
Model fingerprint: 0x9225352a
Model has 5010 linear objective coefficients
Variable types: 15420 continuous, 51825 integer (51810 binary)
Coefficient statistics:
  Matrix range     [1e+00, 2e+05]
  Objective range  [2e+00, 6e+01]
  Bounds range     [1e+00, 2e+03]
  RHS range        [1e+00, 2e+05]

Presolve removed 37640 rows and 120 columns
Presolve time: 4.16s
Presolved: 76415 rows, 67125 columns, 321510 nonzeros
Variable types: 375 continuous, 66750 integer (58620 binary)
Deterministic concurrent LP optimizer: primal and dual simplex
Showing primal log only...


Root simplex log...

Iteration    Objective       Primal Inf.    Dual Inf.      Time
       0    1.1545000e+03   2.023250e+03   1.527125e+10      7s
   18839    3.4573009e+02   9.859967e+01   3.428164e+09     10s
   24986    3.4904919e+02   2.475536e+00   1.150905e+09     15s
   29954    2.8958493e+02   0.000000e+00   8.432749e+03     20s
   34728    2.7590000e+02   7.416251e-01   0.000000e+00     25s
   36749    2.7590000e+02   0.000000e+00   0.000000e+00     28s
Concurrent spin time: 2.77s (can be avoided by choosing Method=3)

Solved with primal simplex

Root relaxation: objective 2.759000e+02, 36749 iterations, 24.23 seconds (15.86 work units)

    Nodes    |    Current Node    |     Objective Bounds      |     Work
 Expl Unexpl |  Obj  Depth IntInf | Incumbent    BestBd   Gap | It/Node Time

     0     0  275.90000    0 6348          -  275.90000      -     -   46s
     0     0  275.90000    0 5409          -  275.90000      -     -   46s
     0     0  275.90000    0 7336          -  275.90000      -     -   72s
     0     0  275.90000    0 7839          -  275.90000      -     -   73s
     0     0  275.90000    0 7693          -  275.90000      -     -   76s
     0     0  275.90000    0 8144          -  275.90000      -     -   86s
     0     0  275.90000    0 3161          -  275.90000      -     -  104s
     0     0  275.90000    0 3908          -  275.90000      -     -  107s
     0     0  275.90000    0 4152          -  275.90000      -     -  107s
     0     0  275.90000    0 6297          -  275.90000      -     -  114s
     0     0  275.90000    0 6297          -  275.90000      -     -  114s
     0     0  275.90000    0 3799          -  275.90000      -     -  146s
     0     0  275.90000    0 5725          -  275.90000      -     -  148s
     0     0  275.90000    0 14832          -  275.90000      -     -  162s
     0     0  275.90000    0 14832          -  275.90000      -     -  162s
     0     0  275.90000    0 4427          -  275.90000      -     -  185s
     0     0  275.90000    0 5765          -  275.90000      -     -  188s
     0     0  275.90000    0 5447          -  275.90000      -     -  188s
     0     0  275.90000    0 11928          -  275.90000      -     -  199s
     0     0  275.90000    0 5917          -  275.90000      -     -  215s
     0     0  275.90000    0 7306          -  275.90000      -     -  221s
     0     0  275.90000    0 12455          -  275.90000      -     -  226s
     0     0  275.90000    0 12455          -  275.90000      -     -  226s
     0     0  275.90000    0 4732          -  275.90000      -     -  244s
     0     0  275.90000    0 4732          -  275.90000      -     -  247s
     0     0  275.90000    0 4732          -  275.90000      -     -  250s
     0     2  275.90000    0 4732          -  275.90000      -     -  307s
     1     4  275.90000    1 3960          -  275.90000      -   939  311s
     3     8  275.90000    2 6055          -  275.90000      -  1638  315s
     7    12  275.94041    3 12225          -  275.90000      -  1745  320s
    11    26  275.94041    4 12053          -  275.90000      -  1538  326s
    25    32  275.94041    5 12053          -  275.90000      -  1105  340s
    31    44  275.98052    8 13673          -  275.90000      -  1608  351s
    43    64  275.98065   10 13672          -  275.90000      -  1228  355s
   111   131  275.99689   26 15258          -  275.90000      -   557  360s
   155   175  275.99689   35 15252          -  275.90000      -   433  365s
   227   254  276.00526   54 15998          -  275.90000      -   319  372s
   275   290  276.00667   61 13929          -  275.90000      -   273  376s
   317   349  276.01142   71 13926          -  275.90000      -   248  382s
   348   371  276.01361   73 13924          -  275.90000      -   233  385s
   398   403  276.03027   82 12920          -  275.90000      -   216  391s
   430   455  276.03027   84 9369          -  275.90000      -   220  400s
   482   529  276.03027   87 8934          -  275.90000      -   207  410s
   528   550  276.04598   93 9794          -  275.90000      -   193  415s
   553   636  276.04664   97 9627          -  275.90000      -   189  421s
   635   640  276.05113  114 9418          -  275.90000      -   167  425s
   639   695  276.05370  115 8855          -  275.90000      -   166  431s
   694   714  276.06135  120 8847          -  275.90000      -   156  438s
   713   768  276.06239  121 10188          -  275.90000      -   155  442s
   767   773  276.06239  122 10188          -  275.90000      -   145  448s
   772   794  276.06239  123 9594          -  275.90000      -   144  453s
   793   825  276.06239  124 11071          -  275.90000      -   142  458s
   824   839  276.06673  125 10421          -  275.90000      -   139  463s
   838   852  276.07113  126 10424          -  275.90000      -   139  469s
   851   856  276.07493  127 10394          -  275.90000      -   137  476s
   855   906  276.07582  128 10403          -  275.90000      -   137  488s
   905   918  276.07582  129 10402          -  275.90000      -   132  495s
   917   968  276.07582  130 10403          -  275.90000      -   130  502s
   967  1005  276.07582  131 10403          -  275.90000      -   126  507s
  1004  1030  276.07582  132 10401          -  275.90000      -   124  513s
  1029  1065  276.07582  133 11853          -  275.90000      -   123  520s
  1064  1069  276.07582  134 10401          -  275.90000      -   122  527s
  1068  1132  276.07582  135 10993          -  275.90000      -   123  531s
  1131  1199  276.08220  166 10660          -  275.90000      -   121  535s
  1252  1295  276.10729  208 13574          -  275.90000      -   120  544s
  1294  1316  276.12098  230 14280          -  275.90000      -   122  551s
  1315  1351  281.15610  231 10701          -  275.90000      -   124  558s
  1350  1361  277.96406  240 13199          -  275.90000      -   127  567s
  1361  1449  278.01381  242 12492          -  275.90000      -   128  573s
  1450  1528  278.09548  273 9338          -  275.90000      -   125  579s
  1529  1604  278.20709  287 9603          -  275.90000      -   123  586s
  1605  1638  278.39405  319 9600          -  275.90000      -   121  595s
  1639  1764  278.39845  323 9587          -  275.90000      -   122  602s
  1765  1815  278.86793  353 10769          -  275.90000      -   117  663s
  1816  1860  280.18723  373 7487          -  275.90000      -   116  696s
  1861  1930  281.49428  390 9043          -  275.90000      -   116  739s
  1931  2039  282.48025  408 13277          -  275.90000      -   115  779s
  2040  2134  283.73934  451 7885          -  275.90000      -   111  818s
  2135  2176  283.96559  491 9966          -  275.90000      -   109  851s
  2180  2312 infeasible  514               -  275.90000      -   110  862s
  2319  2460  318.00309  516 11570          -  275.90000      -   108  878s
  2470  2617  318.03101  537 10620          -  275.90000      -   106  892s
  2642  2701  276.32610    4 10331          -  275.90000      -   104  911s
  2726  2879  276.83805   32 8283          -  275.90000      -   106  923s
  2906  3104  276.89882   61 10348          -  275.90000      -   108  937s
  3133  3320  276.96497  135 9292          -  275.90000      -   106  950s
  3353  3578  278.13781  210 8190          -  275.90000      -   106  963s
  3612  3990  278.45241  241 7646          -  275.90000      -   104  978s
  4026  4255  278.56911  333 10228          -  275.90000      -  97.4  991s
  4291  4388  278.85687  394 10695          -  275.90000      -  96.0 1006s
  4438  4453  282.33013  443 9272          -  275.94041      -  99.2 1019s
  4524  4582  284.60405  447 5726          -  275.94041      -   103 1034s
  4670  4583  288.60000  358 4732          -  275.94041      -   107 1135s
  4672  4584  287.98486  463 9261          -  275.94041      -   107 1172s
  4673  4585  419.64669  456 8727          -  275.95592      -   107 1176s
  4676  4587  278.80000  278 7794          -  275.98841      -   107 1189s
  4677  4588  286.40000  285 7794          -  278.14208      -   107 1210s
  4678  4591  278.14208   10 6987          -  278.14208      -   119 1229s
  4680  4595  278.14208   11 6529          -  278.14208      -   120 1240s
  4684  4597  278.14208   12 6529          -  278.14208      -   121 1246s
  4688  4612  278.14208   13 6674          -  278.14208      -   121 1255s
  4704  4612  278.52769   14 7496          -  278.14208      -   125 1260s
  4709  4617  278.14208   15 8247          -  278.14208      -   127 1267s
  4718  4618  278.14208   15 8354          -  278.14208      -   127 1272s
  4722  4627  278.14208   16 8628          -  278.14208      -   128 1277s
  4732  4633  279.91831   16 9869          -  278.14208      -   129 1281s
  4744  4636  278.14208   17 9788          -  278.14208      -   129 1290s
  4751  4642  278.52738   17 8780          -  278.14208      -   132 1305s
  4768  4649  278.14208   19 8121          -  278.14208      -   135 1313s
  4772  4654  278.14208   19 9271          -  278.14208      -   136 1318s
  4778  4662  278.14208   21 8024          -  278.14208      -   137 1322s
  4788  4666  278.52936   22 7357          -  278.14208      -   139 1326s
  4799  4668  280.96260   23 8273          -  278.14208      -   140 1330s
  4831  4680  278.14208   26 8762          -  278.14208      -   141 1348s
  4836  4694  281.24743   26 9083          -  278.14208      -   142 1353s
  4851  4702  285.04284   29 9376          -  278.14208      -   143 1358s
  4864  4708  285.81755   30 7622          -  278.14208      -   144 1361s
  4875  4714  278.14208   32 7657          -  278.14208      -   146 1365s
  4886  4717  281.24743   33 8547          -  278.14208      -   148 1379s
  4893  4732  278.14208   34 7611          -  278.14208      -   148 1385s
  4910  4734  290.92040   35 7205          -  278.14208      -   150 1390s
  4918  4743  278.30889   36 7252          -  278.14208      -   151 1395s
  4930  4753  278.33240   39 7148          -  278.14208      -   152 1401s
  4944  4765  278.33240   40 7147          -  278.14208      -   153 1408s
  4962  4769  278.33268   41 7145          -  278.14208      -   153 1414s
  4972  4774  278.33449   43 6987          -  278.14208      -   154 1427s
  4981  4782  278.33449   44 6983          -  278.14208      -   154 1436s
  4994  4790  278.34871   45 6977          -  278.14208      -   156 1450s
  5006  4802  278.49004   47 7028          -  278.14208      -   157 1456s
  5025  4819  279.21498   50 7888          -  278.14208      -   159 1465s
  5048  4822  279.23080   56 7913          -  278.14208      -   161 1471s
  5059  4842  279.25104   59 8013          -  278.14208      -   164 1477s
  5083  4874  279.60332   61 8828          -  278.14208      -   164 1490s
  5125  4885  281.51770   72 7233          -  278.14208      -   166 1498s
  5153  4902  287.63513   75 5048          -  278.14208      -   167 1506s
  5179  4929  281.62853   76 9700          -  278.14208      -   169 1686s
  5215  4923  289.61446   79 7567          -  278.14208      -   172 1707s
  5223  4969  289.89141   79 9121          -  278.14208      -   173 1717s
  5271  4965  300.39905   83 7418          -  278.14208      -   176 1727s
  5283  4969  289.63724   85 7327          -  278.14208      -   178 1738s
  5291  5019  289.63797   86 7325          -  278.14208      -   179 1749s
  5355  5031  290.03710   97 4742          -  278.14208      -   183 1763s
  5390  5026  292.99288  105 7968          -  278.14208      -   186 1777s
  5399  5084  292.99288  107 7138          -  278.14208      -   188 1791s
  5463  5083  293.02204  111 9729          -  278.14208      -   192 1852s
  5483  5087  292.99288  112 9386          -  278.14208      -   195 1934s
  5494  5087  293.07502  112 8587          -  278.14208      -   196 1966s
  5498  5107  292.99288  113 10309          -  278.14208      -   197 1983s
  5519  5144  293.08008  116 9401          -  278.14208      -   199 1999s
  5563  5139  293.19852  125 8859          -  278.14208      -   201 2046s
  5573  5168  293.22521  126 8821          -  278.14208      -   202 2060s
  5605  5179  293.30556  134 8747          -  278.14208      -   204 2079s
  5627  5250  301.72602  138 2729          -  278.14208      -   205 2094s
  5707  5229  302.36335  162 2689          -  278.14208      -   205 2123s
  5713  5231  302.36335  163 2689          -  278.14208      -   206 2189s
  5717  5235  356.21655  163 2327          -  278.14208      -   206 2279s
  5722  5240  302.42072  164 2688          -  278.14208      -   206 2343s
  5729  5244  356.21536  164 1665          -  278.14208      -   207 2416s
  5735  5248  302.47881  165 2687          -  278.14208      -   209 2486s
  5741  5253  356.21663  165 2308          -  278.14208      -   210 2543s
  5748  5263  302.47881  166 2687          -  278.14208      -   210 2590s
  5760  5279  302.59717  169 2685          -  278.14208      -   212 2621s
  5782  5410  302.78040  173 2682          -  278.14208      -   213 2643s
  5933  5463  305.33083  201 2689          -  278.14208      -   217 2668s
  6045  5529  359.01966  232 2364          -  278.14208      -   217 2689s
  6158  5518  359.02016  254 2196          -  278.14208      -   220 2722s
  6185  5664  359.01992  255 2287          -  278.14208      -   221 2749s
  6344  5633  313.87926  293 5706          -  278.14208      -   224 2777s
  6388  5808  314.27962  298 5711          -  278.14208      -   224 2799s
  6580  5760  317.82736  335 3194          -  278.14208      -   225 2837s
  6598  6071  379.31883  336 2560          -  278.14208      -   225 2860s
  6925  6084  318.20126  365 4717          -  278.14208      -   221 2914s
  7047  6311  318.20164  366 4127          -  278.14208      -   217 2938s
  7351  6298  318.34608  384 2887          -  278.14208      -   215 2958s
  7446  6489  318.45097  390 2262          -  278.14208      -   214 2979s
  7672  6528  319.96076  417 2293          -  278.14208      -   214 3008s
  7791  6599  320.10416  425 1876          -  278.14208      -   215 3042s
  7949  6552  381.18821  425  952          -  278.14208      -   212 3077s
H 7950  5814                     369.8000000  278.14208  24.8%   212 3077s
  7955  5839  320.33871  426 2265  369.80000  278.14208  24.8%   213 3105s
  8035  5919 infeasible  448       369.80000  278.14208  24.8%   212 3131s
  8333  5937     cutoff  532       369.80000  278.14208  24.8%   210 3163s
  8588  6039     cutoff  580       369.80000  278.14208  24.8%   209 3199s
  9003  5997 infeasible  678       369.80000  278.14208  24.8%   207 3225s
  9173  6085     cutoff  716       369.80000  278.14208  24.8%   206 3255s
  9497  6104  341.84265   64 1299  369.80000  278.14208  24.8%   206 3288s
  9678  6180  278.56506   30 5632  369.80000  278.14208  24.8%   208 3322s
  9844  6175  295.18937   48  112  369.80000  278.14208  24.8%   213 3352s
  9948  6365  279.96682   26 5394  369.80000  278.14208  24.8%   212 3392s
 10219  6701  358.21384   54 4311  369.80000  278.14208  24.8%   215 3618s
 10767  6764  282.69648   33 2113  369.80000  278.14208  24.8%   212 3652s
 11069  6890  280.00376   79 1039  369.80000  278.14208  24.8%   209 3692s
 11341  6975  282.57557   36 6849  369.80000  278.14208  24.8%   207 3724s
 11613  6919  362.26062   55  562  369.80000  278.14208  24.8%   209 3754s
 11689  7306  288.77841   52 6920  369.80000  278.14208  24.8%   208 3793s
 12127  7468  300.90827  150  619  369.80000  278.14208  24.8%   206 3841s
 12484  7741  344.99383   49  547  369.80000  278.14208  24.8%   203 3879s
 12934  7796  279.00973   49 1376  369.80000  278.14208  24.8%   201 3912s
 13174  8201  348.19165   87  476  369.80000  278.14208  24.8%   199 3956s
 13756  8517  316.92972  108 1047  369.80000  278.14208  24.8%   197 4000s
H13910  8191                     366.4000000  278.14208  24.1%   196 4000s
 14300  8200  278.14208  103 4242  366.40000  278.14208  24.1%   192 4034s
 14474  8789  278.14208  104 4058  366.40000  278.14208  24.1%   191 4080s
 15237  8880  284.82718   48 7502  366.40000  278.14208  24.1%   187 4122s
 15624  9133  279.30683   49 1417  366.40000  278.14208  24.1%   185 4167s
 16071  9276  353.81919   76 1277  366.40000  278.14208  24.1%   183 4208s
 16435  9344 infeasible   72       366.40000  278.14208  24.1%   182 4246s
 16656  9464  280.54248   78 5563  366.40000  278.14208  24.1%   182 4287s
 16916  9448  291.29812  143 2021  366.40000  278.14208  24.1%   181 4332s
 16998 10058  278.14208   36 4870  366.40000  278.14208  24.1%   181 4373s
 17766 10148  278.14208   41 5549  366.40000  278.14208  24.1%   178 4417s
 17911 10606  293.89598   58 4314  366.40000  278.14208  24.1%   178 4462s
 18534 11180  287.87538  143 3929  366.40000  278.14208  24.1%   176 4505s
 19136 11250  352.13144  119  351  366.40000  278.14208  24.1%   174 4559s
 19244 11484  279.86414   38  453  366.40000  278.14208  24.1%   174 4593s
 19506 11798  300.21716   60 5213  366.40000  278.14208  24.1%   173 4632s
 19986 11929  284.98597   46 1520  366.40000  278.14208  24.1%   173 4668s
 20157 12246  278.75170   39 6860  366.40000  278.14208  24.1%   173 4712s
 20541 12247  278.33611  183 4732  366.40000  278.14208  24.1%   174 5910s
 20543 12248  288.20277   94 5033  366.40000  278.49409  24.0%   174 5995s
 20544 12249  325.89807  235 6195  366.40000  284.44025  22.4%   174 6034s
 20545 12250  342.49274   58 6663  366.40000  285.87740  22.0%   174 6070s
 20546 12250  351.15103  176 4344  366.40000  286.46861  21.8%   174 6082s
 20547 12251  299.37964  248 5097  366.40000  286.59555  21.8%   174 6094s
 20548 12252  286.71025   53 4887  366.40000  286.71025  21.7%   174 6110s
 20549 12252  286.87348  163 4639  366.40000  286.87348  21.7%   174 6125s
 20551 12254  289.01616   32 6590  366.40000  287.23912  21.6%   174 6133s
 20552 12254  287.23937   45 5848  366.40000  287.23937  21.6%   174 6137s
 20553 12255  325.41302  231 5830  366.40000  287.23944  21.6%   174 6242s
 20554 12256  345.82892   72 6460  366.40000  287.23950  21.6%   174 6259s
 20555 12256  358.61618  236 6691  366.40000  287.23952  21.6%   174 6369s
 20556 12257  287.23952   29 6719  366.40000  287.23952  21.6%   174 6373s
 20558 12258  357.64927  104 4838  366.40000  287.24209  21.6%   174 6498s
 20559 12259  287.24209  126 4483  366.40000  287.24209  21.6%   174 6501s
 20560 12260  287.24209   16 4567  366.40000  287.24209  21.6%   174 6626s
 20561 12260  306.80467   78 3976  366.40000  287.24209  21.6%   174 6675s
 20562 12261  320.48355   68 4421  366.40000  287.24209  21.6%   174 6791s
 20563 12262  310.09008  117 1781  366.40000  287.24209  21.6%   174 6950s
 20564 12262  287.24209   88 4925  366.40000  287.24209  21.6%   174 7065s

Cutting planes:
  Learned: 2
  Gomory: 6
  Cover: 67
  Implied bound: 54
  Projected implied bound: 581
  Clique: 25
  MIR: 24
  StrongCG: 3
  Flow cover: 118
  GUB cover: 12
  Zero half: 19
  RLT: 50
  Relax-and-lift: 191

Explored 20564 nodes (3942442 simplex iterations) in 7201.12 seconds (7623.34 work units)
Thread count was 4 (of 8 available processors)

Solution count 2: 366.4 369.8 

Time limit reached
Best objective 3.664000000000e+02, best bound 2.873000000000e+02, gap 21.5884%
