
Gurobi 13.0.2 (linux64) logging started Wed Jul  8 11:25:46 2026

Set parameter LogFile to value "src/Resultados/Restriccion demanda/logs/RC208-25.xml_log.log"
Set parameter Threads to value 4
Gurobi Optimizer version 13.0.2 build v13.0.2rc1 (linux64 - "Rocky Linux 9.7 (Blue Onyx)")

CPU model: QEMU Virtual CPU version 2.5+, instruction set [SSE2]
Thread count: 8 physical cores, 8 logical processors, using up to 4 threads

Non-default parameters:
TimeLimit  7200
Threads  4

Optimize a model with 114747 rows, 67845 columns and 692025 nonzeros (Min)
Model fingerprint: 0xebe214c8
Model has 5490 linear objective coefficients
Variable types: 15450 continuous, 52395 integer (52380 binary)
Coefficient statistics:
  Matrix range     [1e+00, 2e+05]
  Objective range  [2e+00, 6e+01]
  Bounds range     [1e+00, 2e+03]
  RHS range        [1e+00, 2e+05]

Presolve removed 37700 rows and 120 columns
Presolve time: 4.79s
Presolved: 77047 rows, 67725 columns, 326370 nonzeros
Variable types: 375 continuous, 67350 integer (59220 binary)
Deterministic concurrent LP optimizer: primal and dual simplex
Showing primal log only...


Root simplex log...

Iteration    Objective       Primal Inf.    Dual Inf.      Time
       0    1.1283000e+03   1.931525e+03   1.554373e+10     10s
   34630    3.6653670e+02   8.568312e+01   2.088903e+09     15s
   40628    3.6041758e+02   3.720597e+01   7.389004e+09     20s
   43491    3.3599708e+02   4.770972e+00   4.843060e+09     25s
   46035    3.3009717e+02   7.866234e-01   1.636146e+08     30s
   48786    3.1040668e+02   0.000000e+00   1.980349e+06     35s
   51529    2.7999319e+02   0.000000e+00   6.346484e+05     40s
   53587    2.7138836e+02   0.000000e+00   1.031456e+02     45s
   55957    2.7130000e+02   2.595350e+00   0.000000e+00     50s
   58481    2.7130000e+02   1.311635e+00   0.000000e+00     55s
   60177    2.7130001e+02   4.428397e-01   0.000000e+00     60s
Concurrent spin time: 0.05s

Solved with dual simplex

Root simplex log...

Iteration    Objective       Primal Inf.    Dual Inf.      Time
   44987    2.7130000e+02   0.000000e+00   0.000000e+00     63s

Root relaxation: objective 2.713000e+02, 44987 iterations, 55.26 seconds (35.83 work units)

    Nodes    |    Current Node    |     Objective Bounds      |     Work
 Expl Unexpl |  Obj  Depth IntInf | Incumbent    BestBd   Gap | It/Node Time

     0     0  271.30000    0 11320          -  271.30000      -     -   98s
     0     0  271.30000    0 14038          -  271.30000      -     -  119s
     0     0  271.30000    0 13929          -  271.30000      -     -  124s
     0     0  271.30000    0 12276          -  271.30000      -     -  142s
     0     0  271.30000    0 12276          -  271.30000      -     -  172s
     0     0  271.30000    0 12732          -  271.30000      -     -  181s
     0     0  271.30000    0 12668          -  271.30000      -     -  193s
     0     0  271.30000    0 3190          -  271.30000      -     -  246s
     0     0  271.30000    0 4885          -  271.30000      -     -  254s
     0     0  271.30000    0 4879          -  271.30000      -     -  254s
     0     0  271.30000    0 8726          -  271.30000      -     -  262s
     0     0  271.30000    0 8726          -  271.30000      -     -  262s
     0     0  271.30000    0 3199          -  271.30000      -     -  316s
     0     0  271.30000    0 3266          -  271.30000      -     -  319s
     0     0  271.30000    0 9073          -  271.30000      -     -  329s
     0     0  271.30000    0 9101          -  271.30000      -     -  329s
     0     0  271.30000    0 4190          -  271.30000      -     -  367s
     0     0  271.30000    0 3991          -  271.30000      -     -  368s
     0     0  271.30000    0 12026          -  271.30000      -     -  385s
     0     0  271.30000    0 6418          -  271.30000      -     -  409s
     0     0  271.30000    0 6418          -  271.30000      -     -  410s
     0     0  271.30000    0 5649          -  271.30000      -     -  420s
     0     2  271.30000    0 4196          -  271.30000      -     -  492s
     1     4  271.30000    1 4196          -  271.30000      -   3.0  499s
     3     8  271.30000    2 4194          -  271.30000      -  1080  505s
    11    23  271.30000    4 7476          -  271.30000      -   758  510s
    24    26  271.30000    5 8456          -  271.30000      -   580  524s
    27    32  271.30000    6 8337          -  271.30000      -   565  527s
    35    36  271.30000    7 9160          -  271.30000      -   524  530s
    60    59  271.30000   11 9748          -  271.30000      -   481  538s
    68    67  271.30000   11 10044          -  271.30000      -   458  546s
    76    77  271.30000   14 8181          -  271.30000      -   545  555s
    86    83  271.30000   17 7698          -  271.30000      -   558  567s
    92    97  271.30000   19 8240          -  271.30000      -   620  587s
   106   219  271.30000   30 4274          -  271.30000      -   670  608s
   228   548  271.30108   80 11087          -  271.30000      -   326  632s
   557  1052  271.30240  200 8156          -  271.30000      -   142  661s
  1061  1429  271.30741  416 8147          -  271.30000      -  80.4  676s
  1444  1744  271.30852  572 9841          -  271.30000      -  67.3  688s
  1759  2137  271.30959  699 9571          -  271.30000      -  60.7  701s
  2152  2438  271.31106  814 7333          -  271.30000      -  50.7  713s
  2453  2641  271.31247  909 5927          -  271.30000      -  45.5  726s
  2656  2840  271.31389  980 7036          -  271.30000      -  43.4  738s
  2855  3012  271.31576 1054 6844          -  271.30000      -  41.7  761s
  3027  3140  271.31854 1131 6690          -  271.30000      -  40.2  780s
  3157  3248  271.53124 1197 6923          -  271.30000      -  40.2  797s
  3267  3365  343.60759 1256 7832          -  271.30000      -  41.1  817s
  3384  3542  343.65868 1334 5756          -  271.30000      -  40.4  837s
  3561  3765  343.70496 1418 8191          -  271.30000      -  40.2  858s
  3797  4021  343.88942 1537 11400          -  271.30000      -  40.6  881s
  4057  4022  290.30000  509 5649          -  271.30000      -  39.2 1143s
  4059  4023  276.63910  761 3375          -  271.32634      -  39.2 1219s
  4060  4024  278.06895  105 4084          -  271.32714      -  39.2 1245s
  4061  4025  273.00005  528 4189          -  272.33390      -  39.2 1305s
  4062  4025  277.30000  468 4190          -  274.15625      -  39.2 1322s
  4063  4026  343.75207 1457 3823          -  274.70976      -  39.1 1352s
  4064  4027  343.66471 1236 3740          -  274.73334      -  39.1 1387s
  4065  4027  276.12685   58 3512          -  276.12685      -  39.1 1408s
  4066  4028  281.00000  218 4540          -  276.12685      -  39.1 1437s
  4067  4029  346.93958 1260 4785          -  276.12685      -  39.1 1462s
  4068  4029  277.60000  313 4329          -  276.12685      -  39.1 1482s
  4069  4030  410.26278 1598 4007          -  276.12685      -  39.1 1496s
  4070  4031  300.24832  115 4026          -  276.12685      -  39.1 1523s
  4071  4031  276.12685  691 4091          -  276.12685      -  39.1 1544s
  4072  4032  282.60000  682 3970          -  276.83444      -  39.1 1566s
  4073  4033  276.83444  556 3413          -  276.83444      -  39.0 1586s
  4074  4033  276.83444  819 3795          -  276.83444      -  39.0 1603s
  4075  4034  280.50000  577 4019          -  276.83444      -  39.0 1628s
  4076  4035  280.60000  663 3767          -  276.83444      -  39.0 1650s
  4077  4035  276.83444  457 4020          -  276.83444      -  39.0 1668s
  4078  4036  280.30000  939 3407          -  276.83444      -  39.0 1690s
  4079  4037  299.69594  113 3679          -  276.83444      -  39.0 1701s
  4080  4037  276.83444  147 3514          -  276.83444      -  39.0 1722s
  4081  4038  276.83444   40 3425          -  276.83444      -  39.0 1734s
  4082  4039  409.90000 1594 3347          -  276.83444      -  39.0 1757s
  4085  4042  430.65243 1604 5649          -  276.83444      -   132 1768s
  4087  4043  303.80583  252 3914          -  276.83444      -   132 1844s
  4088  4044  299.63843   69 3451          -  276.83444      -   132 1872s
  4089  4045  276.87610  252 3376          -  276.87610      -   132 1927s
  4090  4045  276.87610  685 4071          -  276.87610      -   132 1976s
  4091  4046  284.30000  473 4096          -  276.87610      -   132 2016s
  4092  4047  345.84790 1580 3650          -  276.88333      -   132 2044s
  4093  4047  276.88333  333 3863          -  276.88333      -   132 2071s
  4094  4048  276.88333    6 3730          -  276.88333      -   132 2088s
  4095  4049  350.18078 1267 3422          -  276.88333      -   131 2107s
  4096  4049  277.03333  969 2544          -  277.03333      -   131 2135s
  4097  4050  277.03333  871 4429          -  277.03333      -   131 2152s
  4098  4051  279.40000   72 3422          -  277.15000      -   131 2185s
  4099  4051  277.90000  628 3412          -  277.15000      -   131 2200s
  4100  4052  391.38645  411 1880          -  277.15000      -   131 2220s
  4101  4053  277.15000  340 2995          -  277.15000      -   131 2228s
  4102  4053  343.63140 1275 2771          -  277.20000      -   131 2259s
  4103  4054  280.30000 1137 3393          -  277.20000      -   131 2264s
  4104  4055  277.97697   21 3230          -  277.20000      -   131 2285s
  4105  4055  277.20000    5 4794          -  277.20000      -   131 2295s
  4106  4056  278.60000  563 3414          -  277.20000      -   131 2319s
  4107  4057  277.20000  662 4401          -  277.20000      -   131 2327s
  4108  4057  277.20000  506  506          -  277.20000      -   131 2344s
  4109  4058  299.63843   69 2881          -  277.20000      -   131 2355s
  4110  4059  283.80551  214 2002          -  277.20000      -   131 2384s
  4111  4059  344.02203 1529 3010          -  277.20000      -   131 2399s
  4112  4060  277.20000  885 1951          -  277.20000      -   131 2418s
  4113  4061  277.99539   48 4064          -  277.20000      -   131 2430s
  4114  4061  280.70000 1197 2297          -  277.20000      -   131 2445s
  4117  4065  277.20000 1204 5649          -  277.20000      -   217 2452s
  4119  4066  277.20000  703 3594          -  277.20000      -   217 2557s
  4120  4067  277.20000  328 4166          -  277.20000      -   217 2598s
  4121  4068  299.61986   50 3504          -  277.20000      -   217 2633s
  4122  4068  277.20000  621 3342          -  277.20000      -   217 2657s
  4123  4069  277.20000  549 3368          -  277.20000      -   217 2679s
  4124  4070  277.20000  795 3390          -  277.20000      -   217 2700s
  4125  4070  303.53977  324 3264          -  277.20000      -   217 2728s
  4126  4071  277.20322  768 3331          -  277.20000      -   217 2749s
  4127  4072  301.08879  308 3276          -  277.20000      -   216 2781s
  4128  4072  278.06895  101 1882          -  277.20000      -   216 2818s
  4129  4073  277.20000  210 4496          -  277.20000      -   216 2888s
  4130  4074  277.20000  546 2623          -  277.20000      -   216 2923s
  4131  4074  277.20000  854 2669          -  277.20000      -   216 2937s
  4132  4075  277.20000  112 2283          -  277.20000      -   216 2957s
  4133  4076  300.69609  305 5877          -  277.20000      -   216 2975s
  4134  4076  344.32911 1502 2137          -  277.20000      -   216 2998s
  4135  4077  277.20000   95 5560          -  277.20000      -   216 3020s
  4136  4078  303.53977  324 4572          -  277.20000      -   216 3051s
  4137  4078  277.20000  497 6449          -  277.20000      -   216 3070s
  4138  4079  277.20000  238 2688          -  277.20000      -   216 3151s
  4139  4080  278.06895   92 4787          -  277.20000      -   216 3167s
  4140  4080  277.20000  121 6198          -  277.20000      -   216 3189s
  4141  4081  284.90000   36 2768          -  277.20000      -   216 3212s
  4142  4082  277.20000  867 2768          -  277.20000      -   216 3230s
  4143  4085  277.20000   41 2768          -  277.20000      -   304 3245s
  4145  4089  277.20000   42 4201          -  277.20000      -   304 3251s
  4153  4106  277.20000   44 5038          -  277.20000      -   305 3257s
  4169  4115  277.20000   46 5044          -  277.20000      -   306 3262s
  4183  4120  277.20000   48 4158          -  277.20000      -   308 3266s
  4193  4136  277.28476   49 3642          -  277.20000      -   309 3270s
  4212  4147  277.20000   52 4638          -  277.20000      -   310 3276s
  4234  4154  277.20000   54 6026          -  277.20000      -   312 3286s
  4250  4167  277.20000   56 5655          -  277.20000      -   313 3297s
  4270  4176  277.20000   58 4425          -  277.20000      -   314 3312s
  4290  4194  277.20000   61 4556          -  277.20000      -   316 3330s
  4317  4249  277.93157   64 6967          -  277.20000      -   317 3351s
  4381  4273  277.20000   72 4299          -  277.20000      -   319 3388s
  4426  4279  277.21641   83 3427          -  277.20000      -   329 3415s
  4447  4281  277.21649   88 3477          -  277.20000      -   331 3452s
  4456  4292  277.21651   90 3463          -  277.20000      -   334 3514s
  4470  4301  277.21657   94 3470          -  277.20000      -   337 3561s
  4484  4305  277.21665   98 3463          -  277.20000      -   338 3618s
  4492  4313  277.21668  100 3450          -  277.20000      -   340 3701s
H 4495  4079                     298.8000000  277.20000  7.23%   340 3701s
  4503  4129  277.25560  103 1275  298.80000  277.20000  7.23%   342 3753s
  4564  4301  282.60500  108  675  298.80000  277.20000  7.23%   349 3788s
  4764  4374  278.68883  146  841  298.80000  277.20000  7.23%   355 3814s
  4777  4370  277.20000  100  758  298.80000  277.20000  7.23%   354 3815s
  4918  4454  277.68359  139  739  298.80000  277.20000  7.23%   355 3840s
  5067  4486     cutoff  186       298.80000  277.20000  7.23%   357 3862s
  5182  4491  280.20749  106  584  298.80000  277.20000  7.23%   358 3889s
  5225  4512  291.44034  106  621  298.80000  277.20000  7.23%   363 3913s
  5260  4521  280.20749  107  670  298.80000  277.20000  7.23%   367 3938s
H 5267  4314                     294.5000000  277.20000  5.87%   368 3938s
  5281  4410  281.37555  107  578  294.50000  277.20000  5.87%   371 3963s
  5392  4443  281.69968  142  531  294.50000  277.20000  5.87%   372 3982s
  5524  4511  278.05932  104  856  294.50000  277.20000  5.87%   373 4005s
  5684  4480  280.70315  135  842  294.50000  277.20000  5.87%   370 4029s
  5729  4469  280.81484  138  842  294.50000  277.20000  5.87%   370 4055s
  5733  4469     cutoff  138       294.50000  277.20000  5.87%   370 4080s
  5739  4477     cutoff  139       294.50000  277.20000  5.87%   371 4115s
  5773  4498     cutoff  140       294.50000  277.20000  5.87%   369 4198s
  5817  4551     cutoff  141       294.50000  277.20000  5.87%   368 4225s
  5912  4569  278.92758  101  786  294.50000  277.20000  5.87%   366 4255s
  5961  4575  279.24763  105  648  294.50000  277.20000  5.87%   366 4286s
  5986  4725  280.81705  108  673  294.50000  277.20000  5.87%   367 4311s
  6195  4740  284.87394  137 1095  294.50000  277.20000  5.87%   358 4345s
  6316  4840  279.13196   87  862  294.50000  277.20000  5.87%   355 4375s
  6556  4850 infeasible   52       294.50000  277.20000  5.87%   349 4410s
  6682  5025 infeasible   63       294.50000  277.20000  5.87%   345 4441s
  6994  4968  279.59528   95 6057  294.50000  277.20000  5.87%   339 4469s
  7082  5397  278.74122   49 9522  294.50000  277.20000  5.87%   339 4494s
  7554  5576  278.33333   99  860  294.50000  277.20000  5.87%   324 4540s
  7985  5568  277.23542   59 8108  294.50000  277.20000  5.87%   314 4580s
  8124  6123  277.48374   93 5214  294.50000  277.20000  5.87%   310 4610s
  8770  6447  278.33333  277 1536  294.50000  277.20000  5.87%   294 4652s
  9455  6373  277.23542   45 7359  294.50000  277.20000  5.87%   278 4685s
  9662  6644  277.38443   49 8087  294.50000  277.20000  5.87%   277 4718s
 10094  6819  277.86281   48 5346  294.50000  277.20000  5.87%   271 4749s
 10510  6963  277.41301   55 7245  294.50000  277.20480  5.87%   266 4882s
 10876  7042  283.76734   90  822  294.50000  277.21680  5.87%   261 4945s
 11146  7719  283.76734   91  779  294.50000  277.21680  5.87%   257 5002s
 12100  7611  280.21974  183 1874  294.50000  277.22295  5.87%   244 5032s
 12391  7950  289.98012  222 2070  294.50000  277.22295  5.87%   241 5065s
 12922  7919  286.96894   95  530  294.50000  277.23542  5.86%   236 5093s
 13098  8301  277.59375   80 2370  294.50000  277.23542  5.86%   235 5125s
 13665  8127  277.30387   58 7869  294.50000  277.23542  5.86%   230 5169s
 13680  8326     cutoff   59       294.50000  277.23542  5.86%   230 5204s
 13915  8513  287.28545   69 6757  294.50000  277.23542  5.86%   229 5244s
 14278  8452 infeasible   53       294.50000  277.23542  5.86%   228 5295s
 14345  8790     cutoff   69       294.50000  277.23542  5.86%   228 5335s
 14836  8812  278.33333  180 2147  294.50000  277.23542  5.86%   225 5364s
 15077  9238  277.27895   60 5699  294.50000  277.23542  5.86%   224 5405s
 15706  9300 infeasible   86       294.50000  277.23542  5.86%   220 5449s
 15834  9420  278.96803   73  464  294.50000  277.23542  5.86%   219 5497s
 15983  9882  278.05290   54 1712  294.50000  277.23542  5.86%   219 5538s
 16592  9915  277.85213   54 4968  294.50000  277.23542  5.86%   216 5590s
 16672  9950  277.26071   69 8041  294.50000  277.23542  5.86%   216 5631s
 16716 10035  277.32143   80 4293  294.50000  277.23542  5.86%   216 5673s
 16811 10154  277.76667  101 3855  294.50000  277.23542  5.86%   216 5708s
 16959 10646  279.69047  172 2928  294.50000  277.23542  5.86%   216 5760s
 17536 10650  278.34792   73 1653  294.50000  277.23542  5.86%   214 5813s
 17540 10664  278.46667   74 1645  294.50000  277.23542  5.86%   214 5854s
 17554 10675  278.55000   75 1870  294.50000  277.23542  5.86%   214 5896s
 17579 10692  278.83333   76 1868  294.50000  277.23542  5.86%   215 5939s
 17596 10776  278.97500   77 1870  294.50000  277.23542  5.86%   215 5993s
 17726 11056  279.40000   80 1780  294.50000  277.23542  5.86%   215 6041s
 18066 11062  287.41832  117 1741  294.50000  277.23542  5.86%   214 6100s
 18075 11066  287.53835  118 1717  294.50000  277.23542  5.86%   214 6144s
 18089 11119  287.62784  119 1715  294.50000  277.23542  5.86%   214 6190s
 18180 11309 infeasible   64       294.50000  277.23542  5.86%   214 6254s
 18427 11990  284.26921  105  826  294.50000  277.23542  5.86%   214 6306s
 19315 12120  278.33333   99  543  294.50000  277.23542  5.86%   209 6361s
 19499 12178  284.41236   91  588  294.50000  277.23574  5.86%   210 6459s
 19584 12455  280.77072   73 2327  294.50000  277.23574  5.86%   210 6504s
 19916 12798  280.14523  194  974  294.50000  277.23864  5.86%   209 6547s
 20432 13200  284.85214   63 3059  294.50000  277.23864  5.86%   208 6596s

Cutting planes:
  Gomory: 24
  Cover: 170
  Implied bound: 120
  Projected implied bound: 88
  Clique: 16
  MIR: 46
  Knapsack: 1
  StrongCG: 4
  Flow cover: 146
  GUB cover: 30
  Inf proof: 4
  Zero half: 13
  RLT: 13
  Relax-and-lift: 28

Explored 21017 nodes (4669267 simplex iterations) in 7201.33 seconds (7050.46 work units)
Thread count was 4 (of 8 available processors)

Solution count 2: 294.5 298.8 

Time limit reached
Best objective 2.945000000000e+02, best bound 2.773000000000e+02, gap 5.8404%
