
Gurobi 13.0.2 (linux64) logging started Tue Jul  7 19:12:56 2026

Set parameter LogFile to value "src/Resultados/Restriccion demanda/logs/RC204-25.xml_log.log"
Set parameter Threads to value 4
Gurobi Optimizer version 13.0.2 build v13.0.2rc1 (linux64 - "Rocky Linux 9.7 (Blue Onyx)")

CPU model: QEMU Virtual CPU version 2.5+, instruction set [SSE2]
Thread count: 8 physical cores, 8 logical processors, using up to 4 threads

Non-default parameters:
TimeLimit  7200
Threads  4

Optimize a model with 115536 rows, 68220 columns and 685635 nonzeros (Min)
Model fingerprint: 0x1bae0058
Model has 5325 linear objective coefficients
Variable types: 15585 continuous, 52635 integer (52620 binary)
Coefficient statistics:
  Matrix range     [1e+00, 2e+05]
  Objective range  [2e+00, 6e+01]
  Bounds range     [1e+00, 2e+03]
  RHS range        [1e+00, 2e+05]

Presolve removed 37970 rows and 120 columns (presolve time = 5s)...
Presolve removed 37985 rows and 120 columns
Presolve time: 7.00s
Presolved: 77551 rows, 68100 columns, 327315 nonzeros
Variable types: 375 continuous, 67725 integer (59595 binary)
Deterministic concurrent LP optimizer: primal and dual simplex
Showing primal log only...


Root simplex log...

Iteration    Objective       Primal Inf.    Dual Inf.      Time
       0    1.1631000e+03   2.084081e+03   1.288231e+10     11s
   22792    3.7688074e+02   5.558215e+01   2.657159e+09     15s
   32021    3.9551636e+02   1.596204e+01   7.341983e+08     20s
   36155    4.2833275e+02   1.517949e+00   7.985979e+09     25s
   40831    3.3903837e+02   0.000000e+00   2.691046e+04     30s
   45150    2.7897678e+02   0.000000e+00   1.647624e+03     35s
   49051    2.7760000e+02   2.259186e+01   0.000000e+00     40s
   50965    2.7760000e+02   0.000000e+00   0.000000e+00     43s
Concurrent spin time: 2.83s

Solved with primal simplex

Root relaxation: objective 2.776000e+02, 50965 iterations, 35.63 seconds (25.70 work units)

    Nodes    |    Current Node    |     Objective Bounds      |     Work
 Expl Unexpl |  Obj  Depth IntInf | Incumbent    BestBd   Gap | It/Node Time

     0     0  277.60000    0 4364          -  277.60000      -     -   58s
     0     0  277.60000    0 3211          -  277.60000      -     -   59s
     0     0  277.60000    0 5426          -  277.60000      -     -   77s
     0     0  277.60000    0 4754          -  277.60000      -     -   77s
     0     0  277.60000    0 4754          -  277.60000      -     -   78s
     0     0  277.60000    0 4773          -  277.60000      -     -   78s
     0     0  277.60000    0 7626          -  277.60000      -     -   94s
     0     0  277.60000    0 9514          -  277.60000      -     -   97s
     0     0  277.60000    0 6508          -  277.60000      -     -  133s
     0     0  277.60000    0 13507          -  277.60000      -     -  160s
     0     0  277.60000    0 12308          -  277.60000      -     -  161s
     0     0  277.60000    0 6243          -  277.60000      -     -  189s
     0     0  277.60000    0 8586          -  277.60000      -     -  192s
     0     0  277.60000    0 17449          -  277.60000      -     -  201s
     0     0  277.60000    0 17449          -  277.60000      -     -  201s
     0     0  277.60000    0 4822          -  277.60000      -     -  215s
     0     0  277.60000    0 4871          -  277.60000      -     -  224s
     0     0  277.60000    0 13057          -  277.60000      -     -  232s
     0     0  277.60000    0 13057          -  277.60000      -     -  232s
     0     0  277.60000    0 8816          -  277.60000      -     -  249s
     0     0  277.60000    0 8816          -  277.60000      -     -  256s
     0     0  277.60000    0 8816          -  277.60000      -     -  258s
     0     2  277.60000    0 8816          -  277.60000      -     -  273s
     1     4  277.60000    1 12388          -  277.60000      -   841  275s
     7    12  277.99414    3 10229          -  277.60000      -   656  282s
    20    28  278.08248    6 11004          -  277.60000      -   527  290s
    27    34  278.08248    8 11136          -  277.60000      -   465  301s
    33    40  278.16789    9 10552          -  277.60000      -   432  306s
    44    53  278.16789   11 10552          -  277.60000      -   449  318s
    60    69  278.16789   13 12676          -  277.60000      -   364  321s
    68    77  278.18264   14 12638          -  277.60000      -   353  331s
    84    91  278.18264   16 10546          -  277.60000      -   290  340s
    96   101  278.18264   18 10546          -  277.60000      -   269  346s
   116   129  278.18264   21 10546          -  277.60000      -   237  355s
   167   183  278.18264   24 10567          -  277.60000      -   174  360s
   230   268  278.24949   27 14694          -  277.60000      -   144  366s
   282   305  278.24949   29 16656          -  277.60000      -   122  372s
   336   385  278.26254   39 13582          -  277.60000      -   108  377s
   439   456  278.43805   76 12366          -  277.60000      -  88.1  381s
   514   530  278.67959  102 13503          -  277.60000      -  79.4  388s
   529   607  278.67959  103 15466          -  277.60000      -  77.5  390s
   606   624  278.95065  127 13512          -  277.60000      -  69.3  413s
   623   711  278.95065  128 13522          -  277.60000      -  67.6  417s
   710   732  279.08086  149 17561          -  277.60000      -  60.3  434s
   731   805  279.08086  150 15599          -  277.60000      -  59.0  440s
   953  1008  279.55355  211 10547          -  277.60000      -  52.2  447s
  1007  1083  279.60495  226 10506          -  277.60000      -  54.1  450s
  1165  1244  279.89627  285 11579          -  277.60000      -  52.6  456s
  1314  1374  280.22971  322 13147          -  277.60000      -  51.6  463s
  1373  1423  280.35179  330 11371          -  277.60000      -  52.4  466s
  1506  1570  280.63348  353 12018          -  277.60000      -  55.3  473s
  1570  1624  280.76337  367 13461          -  277.60000      -  57.5  476s
  1624  1692  281.00567  394 15488          -  277.60000      -  60.1  480s
  1751  1779  298.65215  436 12640          -  277.60000      -  64.4  490s
  1843  1886  298.83571  451 13192          -  277.60000      -  68.0  500s
  1889  1919  298.93856  464 10163          -  277.60000      -  71.9  505s
  1922  1960  299.04221  477 9045          -  277.60000      -  74.1  511s
  1963  2022  299.13399  487 11152          -  277.60000      -  79.2  517s
  2025  2056  300.08419  508 12001          -  277.60000      -  81.8  523s
  2059  2139  300.11789  514 10098          -  277.60000      -  85.0  529s
  2145  2194  300.99908  537 11391          -  277.60000      -  86.7  538s
  2200  2283  301.08584  547 12183          -  277.60000      -  87.3  545s
  2289  2383  301.20378  566 11184          -  277.60000      -  88.7  552s
  2389  2447  301.43964  599 11686          -  277.60000      -  90.0  561s
  2453  2546  301.64182  619 13014          -  277.60000      -  90.5  567s
  2554  2669  302.13040  656 13983          -  277.60000      -  92.4  574s
  2679  2746  302.29485  695 14981          -  277.60000      -  92.9  585s
  2756  2856  302.77594  729 14988          -  277.60000      -  92.9  592s
  2866  3002  306.01052  768 15161          -  277.60000      -  95.5  600s
  3012  3199  308.11168  782 13538          -  277.60000      -  96.1  608s
  3209  3356  345.26405  805 10400          -  277.60000      -  92.9  616s
  3369  3459  371.80000  812 11434          -  277.60000      -  92.5  631s
  3473  3540  371.80000  813 11910          -  277.60000      -  91.7  639s
  3562  3615  371.80000  841 4795          -  277.60000      -  96.3  649s
  3640  3716  371.80000  844 4387          -  277.60000      -   100  659s
  3745  3720  371.80000  848 6184          -  277.60000      -   102  773s
  3749  3799  371.80000  849 7544          -  277.60000      -   103  832s
  3828  3886  372.59031  850 3759          -  277.60000      -   102  850s
  3919  3955  371.80000  850 7663          -  277.60000      -   100  938s
  3992  3958  371.80000  851 7283          -  277.60000      -  99.0  958s
  3997  3961  371.80000  852 6360          -  277.60000      -  98.9  970s
  4002  4037  372.05502  853 6012          -  277.60000      -  99.1  983s
  4079  4157  372.17049  853 4853          -  277.60000      -  97.9  994s
  4202  4395  372.15549  854 6012          -  277.60000      -  95.6 1008s
  4459  4507  372.27141  855 6008          -  277.60000      -  92.4 1042s
  4574  4770  374.35364  856 4658          -  277.60000      -  93.7 1058s
  4845  4975  390.27812  887 5968          -  277.60000      -  91.9 1071s
  5062  5224  552.87141  923 7063          -  277.60000      -  92.8 1086s
  5335  5225  286.00000  153 8816          -  277.60000      -  92.0 1402s
  5337  5226  301.75975  627 7699          -  277.69382      -  92.0 1472s
  5338  5227  310.42979 1111 2463          -  280.54231      -  92.0 1502s
  5339  5228  294.20000  388 3619          -  281.70185      -  92.0 1519s
  5340  5228  302.49622  617 8304          -  281.70205      -  92.0 1541s
  5341  5229  298.83571  454 6639          -  281.90000      -  91.9 1568s
  5342  5230  298.71042  799 4452          -  281.90000      -  91.9 1594s
  5343  5230  282.46525  107 5667          -  282.46525      -  91.9 1612s
  5344  5231  299.12616  821 6704          -  282.55811      -  91.9 1647s
  5345  5232  289.30000  292 6031          -  282.71345      -  91.9 1671s
  5346  5232  282.73841   71 6040          -  282.73841      -  91.8 1689s
  5347  5233  307.84724  810 6915          -  282.78494      -  91.8 1709s
  5348  5234  293.30000  345 5010          -  282.80797      -  91.8 1751s
  5349  5234  294.20000  393 5152          -  283.10474      -  91.8 1786s
  5350  5235  305.65076  699 4796          -  283.10474      -  91.8 1826s
  5351  5236  283.40363   22 6419          -  283.40363      -  91.8 1872s
  5352  5236  565.04083 1307 4149          -  283.50909      -  91.7 1905s
  5353  5237  310.13382 1086 5603          -  283.57606      -  91.7 1954s
  5354  5238  296.75424  518 3975          -  283.65289      -  91.7 1980s
  5355  5238  300.83988  637 6666          -  283.77234      -  91.7 2029s
  5356  5239  298.77568  789 4698          -  283.86175      -  91.7 2071s
  5357  5240  544.55280 1153 5348          -  283.96627      -  91.7 2109s
  5358  5240  289.90000  312 4554          -  284.03694      -  91.6 2141s
  5359  5241  289.30000  262 6769          -  284.10868      -  91.6 2165s
  5360  5242  301.14889  524 4336          -  284.11877      -  91.6 2183s
  5361  5242  544.80000 1260 5340          -  284.16331      -  91.6 2197s
  5362  5243  284.17190   82 5341          -  284.17190      -  91.6 2216s
  5363  5244  298.40510  617 6061          -  284.22440      -  91.6 2237s
  5364  5244  424.71346 1002 5083          -  284.24009      -  91.5 2259s
  5365  5245  546.95435 1202 5764          -  284.25161      -  91.5 2270s
  5366  5246  289.90000  317 5110          -  284.28019      -  91.5 2286s
  5367  5246  285.30000  140 5836          -  284.29749      -  91.5 2293s
  5368  5247  293.30000  325 5704          -  284.34133      -  91.5 2330s
  5369  5248  301.40595  584 5982          -  284.36736      -  91.5 2340s
  5370  5248  287.40000  195 5648          -  284.41165      -  91.4 2361s
  5371  5249  296.54773  483 5860          -  284.50732      -  91.4 2373s
  5372  5250  310.31899  729 6257          -  284.57126      -  91.4 2392s
  5373  5250  298.67558  784 6188          -  284.59840      -  91.4 2403s
  5374  5251  308.64215  863 4160          -  284.61578      -  91.4 2427s
  5375  5252  423.79357  995 5192          -  284.63670      -  91.4 2436s
  5376  5252  286.03858  239 6144          -  284.67563      -  91.3 2454s
  5377  5253  284.68677  114 5603          -  284.68677      -  91.3 2461s
  5378  5254  284.74358    9 4447          -  284.74358      -  91.3 2479s
  5379  5254  424.02149 1040 5766          -  284.74793      -  91.3 2489s
  5380  5255  304.40000  754 5616          -  284.74920      -  91.3 2506s
  5381  5256  371.80000  818 5613          -  284.75465      -  91.2 2517s
  5382  5256  307.81367  748 5288          -  284.76026      -  91.2 2531s
  5383  5257  302.29533  464 6114          -  284.76108      -  91.2 2540s
  5384  5258  285.30000  154 6070          -  284.77676      -  91.2 2550s
  5385  5258  316.02232 1017 5157          -  284.78080      -  91.2 2556s
  5386  5259  292.20000  380 4773          -  284.78080      -  91.2 2568s
  5387  5260  405.82052 1197 4956          -  284.79070      -  91.1 2573s
  5388  5260  544.83111 1267 4422          -  284.79589      -  91.1 2587s
  5389  5261  302.59359  519 5491          -  284.80183      -  91.1 2593s
  5390  5262  423.84248  990 4583          -  284.82719      -  91.1 2603s
  5391  5262  743.40000 1170 5261          -  284.82746      -  91.1 2611s
  5392  5263  304.40000  792 4852          -  284.82905      -  91.1 2624s
  5393  5264  287.40000  440 4997          -  284.83004      -  91.0 2632s
  5394  5264  293.30000  373 4375          -  284.83010      -  91.0 2645s
  5395  5265  291.60000  291 5683          -  284.83010      -  91.0 2655s
  5396  5266  287.40000  405 4000          -  284.83032      -  91.0 2667s
  5397  5266  307.69178  706 3872          -  284.83050      -  91.0 2679s
  5398  5267  284.83050   20 4328          -  284.83050      -  91.0 2696s
  5399  5268  545.60378 1271 4521          -  284.83127      -  90.9 2704s
  5400  5268  309.15893 1059 4501          -  284.83663      -  90.9 2714s
  5401  5269  312.06644 1147 4446          -  284.84118      -  90.9 2722s
  5402  5270  289.40000  198 6103          -  284.84118      -  90.9 2739s
  5403  5270  299.02964  891 5532          -  284.84187      -  90.9 2746s
  5404  5271  287.40000  406 5627          -  284.87518      -  90.9 2764s
  5405  5272  287.40000  201 5519          -  284.88146      -  90.8 2775s
  5406  5272  284.88853   91 5915          -  284.88853      -  90.8 2796s
  5407  5273  298.53427  724 5558          -  284.88936      -  90.8 2803s
  5408  5274  544.80000 1243 5529          -  284.89794      -  90.8 2882s
  5409  5274  294.20000  418 6115          -  284.90565      -  90.8 2891s
  5410  5275  309.69265 1092 6246          -  284.91118      -  90.8 2908s
  5411  5276  294.20000  396 5439          -  284.91439      -  90.7 2914s
  5412  5276  289.40000  291 5437          -  284.92424      -  90.7 2931s
  5413  5277  289.30000  416 5485          -  284.92570      -  90.7 2938s
  5414  5278  293.30000  376 4210          -  284.93199      -  90.7 2958s
  5415  5278  289.30000  246 4636          -  284.93660      -  90.7 2966s
  5416  5279  298.53988  680 5313          -  284.96291      -  90.7 2988s
  5417  5280  284.97062  110 5471          -  284.97062      -  90.6 2997s
  5418  5280  298.47588  695 5285          -  284.97155      -  90.6 3012s
  5419  5281  289.90000  280 5603          -  284.98624      -  90.6 3020s
  5420  5282  284.99498   21 5757          -  284.99498      -  90.6 3039s
  5421  5282  304.40000  710 7114          -  284.99590      -  90.6 3059s
  5422  5283  284.99590  147 5495          -  284.99590      -  90.6 3079s
  5423  5284  285.00436   46 7180          -  285.00436      -  90.5 3099s
  5424  5284  297.15820  503 5637          -  285.00436      -  90.5 3116s
  5425  5285  285.00990   11 8387          -  285.00990      -  90.5 3132s
  5426  5286  285.01278   45 7698          -  285.01278      -  90.5 3157s
  5427  5286  300.00350  614 7877          -  285.01509      -  90.5 3170s
  5428  5287  286.00000  164 7303          -  285.01571      -  90.5 3187s
  5429  5288  296.36417  470 6696          -  285.01666      -  90.4 3197s
  5430  5288  307.82039  755 6532          -  285.02019      -  90.4 3219s
  5431  5289  297.27734  601 6352          -  285.02203      -  90.4 3229s
  5432  5290  298.79742  745 5664          -  285.03716      -  90.4 3254s
  5433  5290  308.50114 1060 7406          -  285.03759      -  90.4 3268s
  5434  5291  285.03759  125 6367          -  285.03759      -  90.4 3289s
  5435  5292  286.00000  153 6432          -  285.05451      -  90.3 3299s
  5436  5292  288.50000  203 5885          -  285.06287      -  90.3 3321s
  5437  5293  301.75975  627 5395          -  285.06896      -  90.3 3332s
  5438  5294  310.42979 1111 5404          -  285.07706      -  90.3 3346s
  5439  5294  294.20000  388 5674          -  285.08717      -  90.3 3351s
  5440  5295  302.49622  617 5582          -  285.10633      -  90.3 3367s
  5441  5296  298.83571  454 5172          -  285.11522      -  90.2 3377s
  5442  5296  298.71042  799 5333          -  285.11719      -  90.2 3405s
  5443  5297  285.12328  107 5375          -  285.12328      -  90.2 3411s
  5444  5298  299.12616  821 6224          -  285.14139      -  90.2 3425s
  5445  5298  289.30000  292 7106          -  285.14214      -  90.2 3431s
  5446  5299  285.14301   71 6297          -  285.14301      -  90.2 3452s
  5447  5300  307.84724  810 6180          -  285.14317      -  90.1 3458s
  5448  5300  293.30000  345 5799          -  285.14875      -  90.1 3470s
  5449  5301  294.20000  393 6315          -  285.15026      -  90.1 3476s
  5450  5302  305.65076  699 5947          -  285.16537      -  90.1 3489s
  5451  5302  285.16704   22 5871          -  285.16704      -  90.1 3496s
  5452  5303  565.04083 1307 5005          -  285.16973      -  90.1 3517s
  5453  5304  310.13382 1086 6062          -  285.16973      -  90.0 3539s
  5454  5304  296.75424  518 6252          -  285.16973      -  90.0 3563s
  5455  5305  300.83988  637 7549          -  285.16973      -  90.0 3582s
  5456  5306  298.77568  789 6460          -  285.16973      -  90.0 3606s
  5459  5309  289.30000  262 8816          -  285.16973      -   317 3642s
  5461  5310  544.80000 1260 9986          -  285.16973      -   317 3764s
  5462  5311  285.16973   82 7959          -  285.16973      -   317 3792s
  5463  5312  298.40510  617 6330          -  285.16973      -   317 3841s
  5464  5312  424.71346 1002 8071          -  285.16973      -   317 3871s
  5465  5313  546.95435 1202 5908          -  285.16973      -   317 3912s
  5466  5314  289.90000  317 3916          -  285.16973      -   317 3951s
  5467  5314  285.30000  140 4480          -  285.16973      -   316 3966s
  5468  5315  293.30000  325 5568          -  285.16973      -   316 3994s
  5469  5316  301.40595  584 5150          -  285.16973      -   316 4031s
  5470  5316  287.40000  195 5256          -  285.16973      -   316 4060s
  5471  5317  296.54773  483 6570          -  285.16973      -   316 4079s
  5472  5318  310.31899  729 6001          -  285.16973      -   316 4093s
  5473  5318  298.67558  784 7102          -  285.19040      -   316 4113s
  5474  5319  308.64215  863 4946          -  285.19040      -   316 4144s
  5475  5320  423.79357  995 6179          -  285.19040      -   316 4186s
  5476  5320  286.03858  239 6083          -  285.19040      -   316 4221s
  5477  5321  285.19040  114 6120          -  285.19040      -   316 4275s
  5478  5322  285.28412    9 6492          -  285.28412      -   316 4320s
  5479  5322  424.02149 1040 6628          -  285.32735      -   316 4378s
  5480  5323  304.40000  754 7079          -  285.33572      -   316 4416s
  5481  5324  371.80000  818 7556          -  285.34640      -   316 4446s
  5482  5324  307.81367  748 6796          -  285.34704      -   316 4477s
  5483  5325  302.29533  464 6867          -  285.47264      -   316 4493s
  5484  5326  285.47425  154 6944          -  285.47425      -   315 4570s
  5485  5326  316.02232 1017 6576          -  285.47425      -   315 4582s
  5486  5327  292.20000  380 6122          -  285.47425      -   315 4599s
  5487  5328  405.82052 1197 6360          -  285.47425      -   315 4611s
  5488  5328  544.83111 1267 5934          -  285.48352      -   315 4624s
  5489  5329  302.59359  519 7626          -  285.48921      -   315 4639s
  5490  5330  423.84248  990 7515          -  285.49092      -   315 4654s
  5491  5330  743.40000 1170 7315          -  285.49639      -   315 4665s
  5492  5331  304.40000  792 6560          -  285.50958      -   315 4683s
  5493  5332  287.40000  440 5862          -  285.51324      -   315 4698s
  5494  5332  293.30000  373 5760          -  285.53300      -   315 4717s
  5495  5333  291.60000  291 5566          -  285.53989      -   315 4726s
  5496  5334  287.40000  405 5683          -  285.54921      -   315 4742s
  5497  5334  307.69178  706 5550          -  285.54921      -   315 4748s
  5498  5335  285.55959   20 5980          -  285.55959      -   315 4766s
  5499  5336  545.60378 1271 6059          -  285.55959      -   315 4773s
  5500  5336  309.15893 1059 6653          -  285.55976      -   315 4792s
  5501  5337  312.06644 1147 6475          -  285.56020      -   315 4802s
  5502  5338  289.40000  198 6883          -  285.56112      -   314 4823s
  5503  5338  299.02964  891 6912          -  285.56112      -   314 4832s
  5504  5339  287.40000  406 6972          -  285.56112      -   314 4854s
  5507  5342  298.53427  724 8816          -  285.56112      -   411 4883s
  5509  5343  294.20000  418 10207          -  285.56112      -   411 4984s
  5510  5344  309.69265 1092 7817          -  285.56112      -   411 5008s
  5511  5345  294.20000  396 8399          -  285.56156      -   411 5056s
  5512  5345  289.40000  291 6207          -  285.56156      -   411 5102s
  5513  5346  289.30000  416 6485          -  285.56156      -   411 5139s
  5514  5347  293.30000  376 4438          -  285.56156      -   411 5163s
  5515  5347  289.30000  246 4590          -  285.56156      -   411 5186s
  5516  5348  298.53988  680 3778          -  285.56156      -   411 5204s
H 5516  5080                     422.3000000  285.56443  32.4%   411 5220s
H 5517  4827                     398.1000000  285.56443  28.3%   411 5246s
  5519  4828  289.90000  280 3776  398.10000  285.56443  28.3%   410 5273s
H 5519  4586                     396.2000000  285.56443  27.9%   410 5300s
H 5519  4357                     389.8000000  285.56443  26.7%   410 5303s
H 5519  4139                     387.2000000  285.56443  26.2%   410 5306s
  5520  4140  285.56443   21 2045  387.20000  285.56443  26.2%   410 5311s
  5521  4140  304.40000  710 4630  387.20000  285.64203  26.2%   410 5332s
  5522  4141  285.64203  147 2394  387.20000  285.64203  26.2%   410 5356s
  5523  4142  285.64203   46 4398  387.20000  285.64203  26.2%   410 5370s
  5524  4142  297.15820  503 3925  387.20000  285.64203  26.2%   410 5390s
  5525  4143  285.64203   11 3199  387.20000  285.64203  26.2%   410 5406s
  5526  4144  285.64203   45 3802  387.20000  285.64203  26.2%   410 5428s
  5527  4144  300.00350  614 4833  387.20000  285.64203  26.2%   410 5443s
H 5527  3936                     386.2000000  285.64203  26.0%   410 5466s
  5528  3937  286.00000  164 4626  386.20000  285.64203  26.0%   410 5488s
  5529  3938  296.36417  470 4842  386.20000  285.64203  26.0%   410 5497s
  5530  3938  307.82039  755 4896  386.20000  285.64203  26.0%   410 5515s
  5531  3939  297.27734  601 4966  386.20000  285.64203  26.0%   410 5523s
  5532  3940  298.79742  745 5354  386.20000  285.64203  26.0%   410 5555s
  5533  3940  308.50114 1060 5889  386.20000  285.64874  26.0%   409 5563s
  5534  3941  285.64874  125 5333  386.20000  285.64874  26.0%   409 5593s
  5535  3942  286.00000  153 5877  386.20000  285.64993  26.0%   409 5613s
  5536  3942  288.50000  203 5565  386.20000  285.64993  26.0%   409 5630s
  5537  3943  301.75975  627 5443  386.20000  285.64993  26.0%   409 5647s
  5538  3944  310.42979 1111 4601  386.20000  285.70103  26.0%   409 5664s
  5539  3944  294.20000  388 5282  386.20000  285.70209  26.0%   409 5679s
  5540  3945  302.49622  617 4513  386.20000  285.72214  26.0%   409 5695s
  5541  3946  298.83571  454 5748  386.20000  285.74141  26.0%   409 5712s
  5542  3946  298.71042  799 5065  386.20000  285.76300  26.0%   409 5732s
  5543  3947  285.76351  107 5394  386.20000  285.76351  26.0%   409 5751s
  5544  3948  299.12616  821 5419  386.20000  285.78129  26.0%   409 5765s
  5545  3948  289.30000  292 4782  386.20000  285.78129  26.0%   409 5778s
  5546  3949  285.80799   71 5315  386.20000  285.80799  26.0%   408 5793s
  5547  3950  307.84724  810 5669  386.20000  285.81695  26.0%   408 5800s
  5548  3950  293.30000  345 5164  386.20000  285.82208  26.0%   408 5815s
  5549  3951  294.20000  393 4765  386.20000  285.82747  26.0%   408 5823s
  5550  3952  305.65076  699 4764  386.20000  285.82747  26.0%   408 5841s
  5551  3952  285.83980   22 5128  386.20000  285.83980  26.0%   408 5850s
  5552  3953  386.20000 1307 5516  386.20000  285.85116  26.0%   408 5870s
  5553  3954  310.13382 1086 5572  386.20000  285.85593  26.0%   408 5878s
H 5553  3756                     375.9000000  285.86958  24.0%   408 5896s
  5555  3757  300.83988  637 6069  375.90000  285.87636  23.9%   408 5910s
  5556  3758  298.77568  789 6381  375.90000  285.87644  23.9%   408 5929s
  5557  3758  375.90000 1153 6017  375.90000  285.88021  23.9%   408 5940s
  5558  3759  289.90000  312 5223  375.90000  285.88021  23.9%   408 5954s
  5559  3760  289.30000  262 5544  375.90000  285.88185  23.9%   408 5962s
  5560  3760  301.14889  524 5952  375.90000  285.88416  23.9%   407 5976s
  5561  3761  375.90000 1260 6423  375.90000  285.89037  23.9%   407 5987s
  5562  3762  285.89248   82 6624  375.90000  285.89248  23.9%   407 6005s
  5563  3762  298.40510  617 6248  375.90000  285.89595  23.9%   407 6015s
  5564  3763  375.90000 1002 6416  375.90000  285.89828  23.9%   407 6031s
  5565  3764  375.90000 1202 6447  375.90000  285.89938  23.9%   407 6040s
  5566  3764  289.90000  317 6362  375.90000  285.90916  23.9%   407 6060s
  5567  3765  285.91028  140 6128  375.90000  285.91028  23.9%   407 6069s
  5568  3766  293.30000  325 4591  375.90000  285.91028  23.9%   407 6088s
  5569  3766  301.40595  584 4578  375.90000  285.91028  23.9%   407 6099s
  5570  3767  287.40000  195 5306  375.90000  285.91121  23.9%   407 6117s
  5571  3768  296.54773  483 4872  375.90000  285.91123  23.9%   407 6124s
  5572  3768  310.31899  729 5870  375.90000  285.91164  23.9%   407 6138s
  5573  3769  298.67558  784 5981  375.90000  285.91164  23.9%   407 6147s
H 5573  3579                     373.7000000  285.91164  23.5%   407 6165s
H 5573  3399                     372.0000000  285.91164  23.1%   407 6165s
  5577  3403  285.91164  114 8816  372.00000  285.91164  23.1%   528 6189s
H 5578  3233                     369.7000000  285.91164  22.7%   528 6235s
H 5578  3072                     369.4000000  285.91164  22.6%   528 6238s
H 5578  2918                     369.1000000  285.91164  22.5%   528 6239s
H 5578  2772                     367.1000000  285.91164  22.1%   528 6239s
  5579  2772  367.10000 1040 8283  367.10000  285.91164  22.1%   528 6300s
  5580  2773  304.40000  754 9594  367.10000  285.91164  22.1%   528 6321s
  5581  2774  367.10000  818 9452  367.10000  285.91164  22.1%   528 6366s
  5582  2774  307.81367  748 3516  367.10000  285.91164  22.1%   528 6387s
  5583  2775  302.29533  464 7380  367.10000  285.91164  22.1%   528 6416s
  5584  2776  285.91164  154 4046  367.10000  285.91164  22.1%   528 6444s
  5585  2776  316.02232 1017 6460  367.10000  285.91164  22.1%   527 6498s
  5586  2777  292.20000  380 4216  367.10000  285.91164  22.1%   527 6517s
H 5586  2638                     360.9000000  285.91164  20.8%   527 6530s
  5587  2639  360.90000 1197 6054  360.90000  285.91164  20.8%   527 6545s
  5588  2639  360.90000 1267 5825  360.90000  285.91164  20.8%   527 6570s
  5589  2640  302.59359  519 4993  360.90000  285.91164  20.8%   527 6591s
  5590  2641  360.90000  990 4470  360.90000  285.91164  20.8%   527 6621s
  5591  2641  360.90000 1170 6406  360.90000  286.20074  20.7%   527 6664s
  5592  2642  304.40000  792 2095  360.90000  286.40863  20.6%   527 6690s
  5593  2643  287.40000  440 3555  360.90000  286.41060  20.6%   527 6722s
  5594  2643  293.30000  373 2499  360.90000  286.58004  20.6%   527 6759s
  5595  2644  291.60000  291 3833  360.90000  286.82162  20.5%   527 6801s
  5596  2645  287.40000  405 2447  360.90000  286.82258  20.5%   526 6824s
  5597  2645  307.69178  706 6499  360.90000  286.82339  20.5%   526 6837s
  5598  2646  286.82461   20 3400  360.90000  286.82461  20.5%   526 6892s
  5599  2647  360.90000 1271 3010  360.90000  286.82476  20.5%   526 6899s
  5600  2647  309.15893 1059 3362  360.90000  286.82505  20.5%   526 6915s
  5601  2648  312.06644 1147 3646  360.90000  286.82509  20.5%   526 6928s
  5602  2649  289.40000  198 3637  360.90000  286.82515  20.5%   526 6950s
  5603  2649  299.02964  891 5524  360.90000  286.82515  20.5%   526 6973s
  5604  2650  287.40000  406 3835  360.90000  286.82557  20.5%   526 6989s
  5605  2651  287.40000  201 5470  360.90000  286.82558  20.5%   526 7002s
  5606  2651  286.82591   91 3165  360.90000  286.82591  20.5%   525 7017s
  5607  2652  298.53427  724 4583  360.90000  286.82601  20.5%   525 7034s
  5608  2653  360.90000 1243 5138  360.90000  286.82626  20.5%   525 7053s
  5611  2656  294.20000  396 8816  360.90000  286.82626  20.5%   582 7076s
  5613  2657  289.30000  416 11891  360.90000  286.82626  20.5%   582 7187s

Cutting planes:
  Gomory: 3
  Cover: 5
  Implied bound: 12
  Projected implied bound: 13
  MIR: 2
  StrongCG: 2
  Flow cover: 626
  GUB cover: 5
  Zero half: 1
  RLT: 6

Explored 5613 nodes (3532072 simplex iterations) in 7204.79 seconds (4806.35 work units)
Thread count was 4 (of 8 available processors)

Solution count 10: 360.9 367.1 369.1 ... 387.2

Time limit reached
Best objective 3.609000000000e+02, best bound 2.869000000000e+02, gap 20.5043%
