
Gurobi 13.0.2 (linux64) logging started Sat Jul  4 16:17:15 2026

Set parameter LogFile to value "src/Resultados/Restriccion demanda/logs/R204-50.xml_log.log"
Set parameter Threads to value 4
Gurobi Optimizer version 13.0.2 build v13.0.2rc1 (linux64 - "Rocky Linux 9.7 (Blue Onyx)")

CPU model: QEMU Virtual CPU version 2.5+, instruction set [SSE2]
Thread count: 8 physical cores, 8 logical processors, using up to 4 threads

Non-default parameters:
TimeLimit  7200
Threads  4

Optimize a model with 281400 rows, 178335 columns and 5524470 nonzeros (Min)
Model fingerprint: 0x64b8e23e
Model has 43440 linear objective coefficients
Variable types: 33870 continuous, 144465 integer (144450 binary)
Coefficient statistics:
  Matrix range     [1e+00, 2e+05]
  Objective range  [4e+00, 6e+01]
  Bounds range     [1e+00, 2e+03]
  RHS range        [1e+00, 2e+05]

Presolve removed 66309 rows and 60 columns (presolve time = 5s)...
Presolve removed 83470 rows and 180 columns (presolve time = 10s)...
Presolve removed 83545 rows and 210 columns (presolve time = 15s)...
Presolve removed 83530 rows and 195 columns
Presolve time: 16.11s
Presolved: 197870 rows, 178140 columns, 987270 nonzeros
Variable types: 750 continuous, 177390 integer (160545 binary)
Deterministic concurrent LP optimizer: primal simplex, dual simplex, and barrier
Showing barrier log only...

Root barrier log...

Elapsed ordering time = 5s
Elapsed ordering time = 11s
Ordering time: 13.22s

Barrier statistics:
 Dense cols : 75
 AA' NZ     : 5.554e+06
 Factor NZ  : 2.782e+07 (roughly 400 MB of memory)
 Factor Ops : 2.014e+10 (roughly 4 seconds per iteration)
 Threads    : 1

                  Objective                Residual
Iter       Primal          Dual         Primal    Dual     Compl     Time
   0   2.39400705e+06 -2.45313767e+06  2.25e+05 1.11e-16  1.03e+02    47s
   1   7.35851942e+05 -2.59216540e+06  7.00e+04 5.26e-01  3.57e+01    49s
   2   1.59915037e+05 -3.10922054e+06  1.55e+04 1.02e-02  1.16e+01    51s
   3   4.09722820e+04 -5.51346505e+05  3.82e+03 4.58e-04  2.18e+00    54s
   4   7.12173570e+03 -6.91057584e+04  5.41e+02 2.24e-05  2.60e-01    58s
   5   2.86536843e+03 -1.10741573e+04  1.45e+02 1.55e-06  4.96e-02    62s
   6   1.42125140e+03 -2.65745951e+03  8.97e+00 2.79e-07  9.56e-03    66s
   7   9.85500663e+02 -7.64881540e+02  1.88e+00 1.06e-07  3.81e-03    70s
   8   6.26361592e+02  1.83937133e+02  3.49e-02 1.72e-08  9.11e-04    75s
   9   4.87024394e+02  4.26700977e+02  2.18e-04 1.49e-09  1.24e-04    80s
  10   4.77027713e+02  4.76219900e+02  4.74e-06 1.61e-15  1.66e-06    84s
  11   4.76400627e+02  4.76399807e+02  1.67e-11 4.44e-16  1.68e-09    87s
  12   4.76400001e+02  4.76400000e+02  4.35e-11 2.27e-15  1.68e-12    91s

Barrier solved model in 12 iterations and 90.73 seconds (46.02 work units)
Optimal objective 4.76400001e+02


Root crossover log...

   17096 DPushes remaining with DInf 0.0000000e+00                94s
       0 DPushes remaining with DInf 0.0000000e+00                95s

   69194 PPushes remaining with PInf 2.4418593e-06                95s
   60625 PPushes remaining with PInf 0.0000000e+00                95s
   10260 PPushes remaining with PInf 0.0000000e+00               103s
    7373 PPushes remaining with PInf 0.0000000e+00               105s
    2903 PPushes remaining with PInf 0.0000000e+00               110s
      79 PPushes remaining with PInf 0.0000000e+00               116s
       0 PPushes remaining with PInf 0.0000000e+00               116s

  Push phase complete: Pinf 0.0000000e+00, Dinf 2.9712344e-14    116s


Root simplex log...

Iteration    Objective       Primal Inf.    Dual Inf.      Time
   86263    4.7640000e+02   0.000000e+00   0.000000e+00    117s
Crossover time: 25.90 seconds (9.02 work units)
Concurrent spin time: 0.00s

Solved with barrier

Root relaxation: objective 4.764000e+02, 86263 iterations, 94.86 seconds (39.29 work units)

    Nodes    |    Current Node    |     Objective Bounds      |     Work
 Expl Unexpl |  Obj  Depth IntInf | Incumbent    BestBd   Gap | It/Node Time

     0     0  476.40000    0 18624          -  476.40000      -     -  208s
     0     0  476.40000    0 14600          -  476.40000      -     -  210s
     0     0  476.40000    0 20207          -  476.40000      -     -  265s
     0     0  476.40000    0 18505          -  476.40000      -     -  271s
     0     0  476.40000    0 19712          -  476.40000      -     -  285s
     0     0  476.40000    0 18470          -  476.40000      -     -  344s
     0     0  476.40000    0 18497          -  476.40000      -     -  347s
     0     0  476.40000    0 10382          -  476.40000      -     -  433s
     0     0  476.40000    0 10382          -  476.40000      -     -  448s
     0     0  476.40000    0 10501          -  476.40000      -     -  450s
     0     0  476.40000    0 15973          -  476.40000      -     -  495s
     0     0  476.40000    0 15777          -  476.40000      -     -  499s
     0     0  476.40000    0 8531          -  476.40000      -     -  662s
     0     0  476.40000    0 8531          -  476.40000      -     -  673s
     0     0  476.40000    0 8838          -  476.40000      -     -  674s
     0     0  476.40000    0 25088          -  476.40000      -     -  736s
     0     0  476.40000    0 25088          -  476.40000      -     -  736s
     0     0  476.40000    0 7423          -  476.40000      -     -  798s
     0     0  476.40000    0 12022          -  476.40000      -     -  815s
     0     0  476.40000    0 12128          -  476.40000      -     -  815s
     0     0  476.40000    0 13714          -  476.40000      -     -  843s
     0     0  476.40000    0 13715          -  476.40000      -     -  844s
     0     0  476.40000    0 9112          -  476.40000      -     -  931s
     0     0  476.40000    0 9384          -  476.40000      -     -  944s
     0     0  476.40000    0 9259          -  476.40000      -     -  953s
     0     0  476.40000    0 9165          -  476.40000      -     -  955s
     0     0  476.40000    0 13934          -  476.40000      -     -  986s
     0     0  476.40000    0 13934          -  476.40000      -     -  987s
     0     0  476.40000    0 13006          -  476.40000      -     - 1076s
     0     0  476.40000    0 11432          -  476.40000      -     - 1108s
     0     0  476.40000    0 10935          -  476.40000      -     - 1165s
     0     0  476.40000    0 10935          -  476.40000      -     - 1165s
     0     0  476.40000    0 10397          -  476.40000      -     - 1255s
     0     0  476.40000    0 10408          -  476.40000      -     - 1268s
     0     0  476.40000    0 11107          -  476.40000      -     - 1275s
     0     0  476.40000    0 9556          -  476.40000      -     - 1275s
     0     0  476.40000    0 11738          -  476.40000      -     - 1313s
     0     0  476.40000    0 11676          -  476.40000      -     - 1313s
     0     0  476.40000    0 11676          -  476.40000      -     - 1387s
     0     0  476.40000    0 11676          -  476.40000      -     - 1391s
     0     0  476.40000    0 11128          -  476.40000      -     - 1483s
     0     2  476.40000    0 11128          -  476.40000      -     - 1601s
     1     4  476.40000    1 7190          -  476.40000      -  3347 1624s
     2     4  476.40000    1 10357          -  476.40000      -  3993 1625s
     3     8  476.79143    2 6292          -  476.40000      -  3799 1652s
     7    12  477.38261    3 9948          -  476.40000      -  3968 1688s
    11    20  477.38261    4 10213          -  476.40000      -  3994 1711s
    19    32  477.38261    5 10448          -  476.40000      -  2835 1755s
    31    41  477.44984    6 10380          -  476.40000      -  1815 1834s
    40    53  477.59834    7 10412          -  476.40000      -  1455 1894s
    52    62  477.68798    8 10412          -  476.40000      -  1122 1945s
    61    74  477.77502    9 10789          -  476.40000      -   986 1997s
    73    86  477.78352   10 10957          -  476.40000      -   861 2036s
    85    96  477.83332   11 11182          -  476.40000      -   778 2091s
    95   108  477.87068   12 11182          -  476.40000      -   697 2138s
   107   117  477.88064   13 11182          -  476.40000      -   643 2185s
   116   128  477.92795   14 11163          -  476.40000      -   637 2246s
   127   130  477.93044   15 10257          -  476.40000      -   700 2284s
   129   136  477.93044   16 10792          -  476.40000      -   699 2340s
   135   149  477.93044   17 9989          -  476.40000      -   754 2396s
   148   167  477.93293   18 9964          -  476.40000      -   755 2467s
   166   172  490.46031   64 8420          -  476.40000      -   731 2495s
   171   187  503.65530   19 10832          -  476.40000      -   782 2554s
   186   195  505.45439   20 7517          -  476.40000      -   800 2617s
   194   213  520.50973   20 9447          -  476.40000      -   809 2684s
   213   231  505.67208   21 8145          -  476.40000      -   797 2733s
   231   251  505.67208   22 8706          -  476.40000      -   773 2776s
   251   268  505.67208   23 8706          -  476.40000      -   735 2834s
   268   289  505.67208   24 9101          -  476.40000      -   710 2876s
   289   310  506.14607   25 9078          -  476.40000      -   686 2920s
   310   335  506.14607   26 9072          -  476.40000      -   658 3044s
   335   387  506.14607   27 8366          -  476.40000      -   626 3077s
   387   435  506.14607   28 8294          -  476.40000      -   561 3119s
   435   486  506.14607   29 8294          -  476.40000      -   522 3154s
   486   555  506.14607   30 8294          -  476.40000      -   498 3191s
   555   608  506.14607   31 8419          -  476.40000      -   459 3244s
   608   637  506.14607   32 8440          -  476.40000      -   429 3712s
   637   641  506.14607   33 8333          -  476.40000      -   424 4395s
   641   645  507.12899   34 8350          -  476.40000      -   423 5117s
   645   649  507.12921   35 8323          -  476.40000      -   421 5806s
   649   713  507.12921   36 8274          -  476.40000      -   420 6088s
   713   835  507.13278   37 8275          -  476.40000      -   394 6148s
   835   932  507.69191   51 7882          -  476.40000      -   364 6217s
   932  1049  508.02790   80 8129          -  476.40000      -   343 6280s
  1049  1210  508.14120   97 7997          -  476.40000      -   320 6323s
  1210  1390  508.14120  106 7995          -  476.40000      -   294 6365s
  1390  1530  508.40586  114 7623          -  476.40000      -   277 6405s
  1530  1683  508.56576  127 9739          -  476.40000      -   271 6443s
  1683  1848  508.70077  138 9874          -  476.40000      -   266 6493s
  1853  2019  508.97603  161 9933          -  476.40000      -   260 6534s
  2024  2184  509.30130  181 10553          -  476.40000      -   254 6587s
  2189  2314  509.57301  237 10694          -  476.40000      -   250 6633s
  2319  2409  509.63852  264 10274          -  476.40000      -   247 6686s
  2417  2500  509.69934  284 9791          -  476.40000      -   251 6741s
  2512  2620  509.85649  325 9728          -  476.40000      -   255 6801s
  2632  2786  511.90452  391 9555          -  476.40000      -   255 6848s
  2798  2983  511.98849  475 9560          -  476.40000      -   254 6905s
  2995  3245  512.05920  559 9204          -  476.40000      -   248 7001s
  3257  3503  512.19084  643 9213          -  476.40000      -   237 7050s
  3515  3792  512.25717  727 9224          -  476.40000      -   228 7095s
  3804  4097  512.43533  811 9220          -  476.40000      -   217 7159s
  4109  4275  512.68320  888 9206          -  476.40000      -   208 7200s

Cutting planes:
  Cover: 37
  Implied bound: 250
  Clique: 439
  MIR: 138
  StrongCG: 1
  Zero half: 78
  RLT: 279
  Relax-and-lift: 80
  BQP: 2

Explored 4287 nodes (1406282 simplex iterations) in 7200.79 seconds (5527.38 work units)
Thread count was 4 (of 8 available processors)

Solution count 0

Time limit reached
Best objective -, best bound 4.764000000000e+02, gap -
