
Gurobi 13.0.2 (linux64) logging started Sat Jul  4 20:20:39 2026

Set parameter LogFile to value "src/Resultados/Restriccion demanda/logs/R205-50.xml_log.log"
Set parameter Threads to value 4
Gurobi Optimizer version 13.0.2 build v13.0.2rc1 (linux64 - "Rocky Linux 9.7 (Blue Onyx)")

CPU model: QEMU Virtual CPU version 2.5+, instruction set [SSE2]
Thread count: 8 physical cores, 8 logical processors, using up to 4 threads

Non-default parameters:
TimeLimit  7200
Threads  4

Optimize a model with 260514 rows, 161865 columns and 4308930 nonzeros (Min)
Model fingerprint: 0x3fe4c02e
Model has 32730 linear objective coefficients
Variable types: 32430 continuous, 129435 integer (129420 binary)
Coefficient statistics:
  Matrix range     [1e+00, 2e+05]
  Objective range  [4e+00, 6e+01]
  Bounds range     [1e+00, 2e+03]
  RHS range        [1e+00, 2e+05]

Presolve removed 63429 rows and 60 columns (presolve time = 5s)...
Presolve removed 79495 rows and 180 columns (presolve time = 10s)...
Presolve removed 79570 rows and 210 columns (presolve time = 15s)...
Presolve removed 79555 rows and 195 columns
Presolve time: 15.03s
Presolved: 180959 rows, 161670 columns, 867120 nonzeros
Variable types: 750 continuous, 160920 integer (144075 binary)
Deterministic concurrent LP optimizer: primal simplex, dual simplex, and barrier
Showing barrier log only...

Root barrier log...

Elapsed ordering time = 5s
Elapsed ordering time = 6s
Ordering time: 7.79s

Barrier statistics:
 Dense cols : 15
 AA' NZ     : 3.927e+06
 Factor NZ  : 2.403e+07 (roughly 300 MB of memory)
 Factor Ops : 1.703e+10 (roughly 2 seconds per iteration)
 Threads    : 1

                  Objective                Residual
Iter       Primal          Dual         Primal    Dual     Compl     Time
   0   2.88912272e+06 -2.37226595e+06  2.07e+05 1.11e-16  1.03e+02    37s
   1   9.47443645e+05 -2.45297460e+06  6.88e+04 6.19e-01  3.96e+01    39s
   2   3.60847487e+05 -2.22777024e+06  2.65e+04 7.23e-05  1.45e+01    41s
   3   6.18539606e+04 -5.50252468e+05  4.44e+03 1.95e-14  2.63e+00    43s
   4   1.03181267e+04 -7.42870292e+04  6.42e+02 4.26e-14  3.28e-01    46s
   5   5.43458561e+03 -5.19232627e+04  2.95e+02 2.84e-14  1.87e-01    49s
   6   1.90498927e+03 -1.15652723e+04  4.42e+01 1.17e-14  3.75e-02    53s
   7   9.76735381e+02 -2.35495907e+03  3.36e+00 8.59e-15  8.05e-03    57s
   8   6.64640919e+02 -4.15886796e+01  1.58e-01 2.50e-15  1.62e-03    61s
   9   5.77503460e+02  5.42602173e+02  1.35e-03 3.17e-15  7.93e-05    65s
  10   5.74112628e+02  5.73579258e+02  3.26e-05 1.59e-15  1.21e-06    68s
  11   5.74000122e+02  5.73999396e+02  6.18e-12 6.66e-16  1.65e-09    72s
  12   5.74000000e+02  5.73999999e+02  2.19e-10 6.66e-16  1.65e-12    75s

Barrier solved model in 12 iterations and 74.76 seconds (37.99 work units)
Optimal objective 5.74000000e+02


Root crossover log...

  162247 variables added to crossover basis                       75s

   18135 DPushes remaining with DInf 0.0000000e+00                75s
       0 DPushes remaining with DInf 0.0000000e+00                76s

   66104 PPushes remaining with PInf 0.0000000e+00                76s
   26886 PPushes remaining with PInf 0.0000000e+00                80s
   14944 PPushes remaining with PInf 0.0000000e+00                85s
    5375 PPushes remaining with PInf 0.0000000e+00                90s
    1811 PPushes remaining with PInf 0.0000000e+00                95s
       0 PPushes remaining with PInf 0.0000000e+00                98s

  Push phase complete: Pinf 0.0000000e+00, Dinf 7.2636341e-14     98s


Root simplex log...

Iteration    Objective       Primal Inf.    Dual Inf.      Time
   84210    5.7400000e+02   0.000000e+00   0.000000e+00     98s
Crossover time: 23.35 seconds (10.34 work units)
Concurrent spin time: 0.00s

Solved with barrier

Root relaxation: objective 5.740000e+02, 84210 iterations, 75.95 seconds (35.72 work units)

    Nodes    |    Current Node    |     Objective Bounds      |     Work
 Expl Unexpl |  Obj  Depth IntInf | Incumbent    BestBd   Gap | It/Node Time

     0     0  574.00000    0 15151          -  574.00000      -     -  257s
     0     0  574.00000    0 14488          -  574.00000      -     -  262s
     0     0  574.00000    0 15879          -  574.00000      -     -  315s
     0     0  574.00000    0 18377          -  574.00000      -     -  331s
     0     0  574.00000    0 19548          -  574.00000      -     -  380s
     0     0  574.00000    0 19548          -  574.00000      -     -  380s
     0     0  574.00000    0 12578          -  574.00000      -     -  543s
     0     0  574.00000    0 13137          -  574.00000      -     -  552s
     0     0  574.00000    0 14070          -  574.00000      -     -  564s
     0     0  574.00000    0 13198          -  574.00000      -     -  576s
     0     0  574.00000    0 13655          -  574.00000      -     -  633s
     0     0  574.00000    0 12955          -  574.00000      -     -  636s
     0     0  574.00000    0 11463          -  574.00000      -     -  745s
     0     0  574.00000    0 12072          -  574.00000      -     -  777s
     0     0  574.00000    0 10914          -  574.00000      -     -  787s
     0     0  574.00000    0 13904          -  574.00000      -     -  868s
     0     0  574.00000    0 13904          -  574.00000      -     -  868s
     0     0  574.00000    0 8447          -  574.00000      -     - 1066s
     0     0  574.00000    0 11801          -  574.00000      -     - 1085s
     0     0  574.00000    0 10618          -  574.00000      -     - 1096s
     0     0  577.37019    0 22357          -  577.37019      -     - 1273s
     0     0  577.37019    0 22357          -  577.37019      -     - 1273s
     0     0  577.37019    0 8624          -  577.37019      -     - 1332s
     0     0  595.36207    0 9155          -  595.36207      -     - 1366s
     0     0  595.36207    0 12960          -  595.36207      -     - 1384s
     0     0  596.67824    0 14096          -  596.67824      -     - 1442s
     0     0  596.71955    0 14542          -  596.71955      -     - 1510s
     0     0  596.71955    0 14977          -  596.71955      -     - 1512s
     0     0  596.71955    0 15717          -  596.71955      -     - 1575s
     0     0  596.74493    0 20702          -  596.74493      -     - 1593s
     0     0  596.74493    0 20702          -  596.74493      -     - 1593s
     0     0  596.74708    0 27238          -  596.74708      -     - 1660s
     0     0  596.90710    0 22205          -  596.90710      -     - 1834s
     0     0  596.90710    0 22401          -  596.90710      -     - 1837s
     0     0  597.28407    0 24382          -  597.28407      -     - 1892s
     0     0  597.34510    0 25835          -  597.34510      -     - 1909s
     0     0  597.34510    0 25844          -  597.34510      -     - 1910s
     0     0  600.75693    0 22397          -  600.75693      -     - 1949s
     0     0  601.32186    0 21245          -  601.32186      -     - 1970s
     0     0  601.32186    0 21303          -  601.32186      -     - 1975s
     0     0  601.36437    0 22315          -  601.36437      -     - 2002s
     0     0  601.36437    0 17983          -  601.36437      -     - 2020s
     0     0  602.01523    0 19576          -  602.01523      -     - 2046s
     0     0  602.01523    0 20959          -  602.01523      -     - 2063s
     0     0  602.01523    0 18673          -  602.01523      -     - 2085s
     0     0  602.04402    0 20912          -  602.04402      -     - 2096s
     0     0  602.04402    0 20905          -  602.04402      -     - 2096s
     0     0  602.07829    0 20488          -  602.07829      -     - 2102s
     0     0  602.07831    0 20533          -  602.07831      -     - 2110s
     0     0  602.76654    0 18650          -  602.76654      -     - 2139s
     0     0  602.76654    0 18650          -  602.76654      -     - 2139s
     0     0  602.76654    0 7339          -  602.76654      -     - 2284s
     0     0  604.77351    0 7866          -  604.77351      -     - 2318s
     0     0  604.77351    0 11063          -  604.77351      -     - 2366s
     0     0  609.32610    0 13272          -  609.32610      -     - 2421s
     0     0  609.33669    0 12922          -  609.33669      -     - 2430s
     0     0  609.33783    0 14111          -  609.33783      -     - 2455s
     0     0  609.43483    0 15815          -  609.43483      -     - 2499s
     0     0  609.51838    0 11851          -  609.51838      -     - 2521s
     0     0  609.51838    0 13114          -  609.51838      -     - 2534s
     0     0  609.52021    0 12414          -  609.52021      -     - 2628s
     0     0  609.58629    0 12929          -  609.58629      -     - 2643s
     0     0  609.58629    0 12912          -  609.58629      -     - 2644s
     0     0  609.58958    0 16184          -  609.58958      -     - 2660s
     0     0  609.58958    0 16186          -  609.58958      -     - 2661s
     0     0  609.58958    0 16171          -  609.58958      -     - 2661s
     0     0  610.42982    0 18386          -  610.42982      -     - 2700s
     0     0  610.50509    0 17635          -  610.50509      -     - 2711s
     0     0  610.50509    0 20536          -  610.50509      -     - 2716s
     0     0  610.51943    0 21182          -  610.51943      -     - 2739s
     0     0  610.51943    0 25640          -  610.51943      -     - 2753s
     0     0  611.72809    0 21094          -  611.72809      -     - 2789s
     0     0  611.72809    0 19959          -  611.72809      -     - 2806s
     0     0  611.73128    0 25094          -  611.73128      -     - 2836s
     0     0  611.73128    0 25094          -  611.73128      -     - 2845s
     0     0  611.73128    0 2512          -  611.73128      -     - 3027s
     0     2  611.73128    0 2512          -  611.73128      -     - 3095s
     1     4  611.73128    1 3122          -  611.73128      -   813 3139s
     3     8  611.73128    2 3369          -  611.73128      -  3486 3170s
     7    11  611.73128    3 5216          -  611.73128      -  3458 3193s
    10    20  612.00853    4 5510          -  611.73128      -  3393 3221s
    19    28  612.63008    7 9530          -  611.73128      -  2067 3241s
    27    35  612.14840    5 5765          -  611.73128      -  1547 3258s
    34    47  612.18276    8 5442          -  611.73128      -  1552 3279s
    46    52  612.18632   11 5798          -  611.73128      -  1312 3305s
    51    59  612.18632   13 5668          -  611.73128      -  1208 3332s
    60    66  612.18632   14 7081          -  611.73128      -  1142 3351s
    69    71  612.18763   15 6493          -  611.73128      -  1046 3375s
    76    81  612.18806   16 6609          -  611.73128      -  1037 3392s
    86    86  612.18806   17 7264          -  611.73128      -   943 3407s
    92    91  612.18806   18 7261          -  611.73128      -   893 3424s
    99    94  612.18806   19 6707          -  611.73128      -   839 3445s
   103    98  612.18806   20 6710          -  611.73128      -   841 3469s
   112   105  612.18850   21 7245          -  611.73128      -   796 3485s
   121   117  660.57022   25 8092          -  611.73128      -   772 3508s
   135   133  612.26954   22 7513          -  611.73128      -   718 3535s
   151   146  612.29111   23 7866          -  611.73128      -   689 3554s
   164   160  612.35662   24 6766          -  611.73128      -   669 3583s
   178   171  612.35662   25 6766          -  611.73128      -   637 3601s
   194   180  612.35662   26 6857          -  611.73128      -   611 3627s
   205   190  612.35662   27 6515          -  611.75026      -   622 3652s
   215   201  612.38718   28 6435          -  611.75026      -   642 3681s
   228   220  612.38718   29 6432          -  611.75026      -   635 3705s
   247   240  612.38978   30 6290          -  611.75026      -   627 3729s
   267   252  612.38978   31 6288          -  611.75026      -   608 3758s
   279   263  612.39233   32 6491          -  611.75026      -   624 3779s
   292   279  612.39233   33 6498          -  611.75026      -   616 3803s
   308   311  612.39577   34 6551          -  611.75026      -   614 3828s
   340   338  612.39776   35 6409          -  611.75026      -   581 3889s
   367   342  613.28676   36 7474          -  611.75026      -   558 4523s
   371   352  612.39776   36 6546          -  611.75026      -   554 4943s
   381   385  612.39776   37 6670          -  611.75026      -   540 5032s
   414   409  612.40282   38 7271          -  611.75026      -   521 5066s
   438   433  612.40449   39 7764          -  611.75026      -   520 5108s
   462   468  612.44304   40 8680          -  611.75026      -   551 5147s
   497   514  612.44570   41 8931          -  611.75026      -   520 5199s
   543   518  612.44624   42 8801          -  611.75026      -   515 5243s
   547   563  612.51725   43 8092          -  611.75026      -   547 5285s
   592   633  612.72235   51 9857          -  611.75026      -   529 5330s
   662   720  613.01253   69 9377          -  611.75026      -   501 5372s
   751   790  672.09489  305 7308          -  611.75026      -   471 5417s
   821   938  613.51461   88 7589          -  611.75026      -   437 5461s
   969  1061  613.98411  120 9980          -  611.75026      -   385 5498s
  1107  1062  672.52526  273 2512          -  611.75026      -   354 5807s
  1108  1063  680.04133   34 2512          -  611.75026      -   354 5810s
  1109  1063  669.27746  196 7903          -  611.75026      -   353 6646s

Cutting planes:
  Gomory: 10
  Cover: 77
  Implied bound: 53
  Projected implied bound: 321
  Clique: 185
  MIR: 203
  Knapsack: 3
  StrongCG: 18
  Flow cover: 168
  GUB cover: 31
  Zero half: 4
  RLT: 25
  Relax-and-lift: 25

Explored 1109 nodes (1246553 simplex iterations) in 7201.17 seconds (4544.58 work units)
Thread count was 4 (of 8 available processors)

Solution count 0

Time limit reached
Best objective -, best bound 6.118000000000e+02, gap -
