
Gurobi 13.0.2 (linux64) logging started Sun Jul  5 12:35:22 2026

Set parameter LogFile to value "src/Resultados/Restriccion demanda/logs/R209-50.xml_log.log"
Set parameter Threads to value 4
Gurobi Optimizer version 13.0.2 build v13.0.2rc1 (linux64 - "Rocky Linux 9.7 (Blue Onyx)")

CPU model: QEMU Virtual CPU version 2.5+, instruction set [SSE2]
Thread count: 8 physical cores, 8 logical processors, using up to 4 threads

Non-default parameters:
TimeLimit  7200
Threads  4

Optimize a model with 271877 rows, 170100 columns and 4792500 nonzeros (Min)
Model fingerprint: 0xd0582b63
Model has 36885 linear objective coefficients
Variable types: 33450 continuous, 136650 integer (136635 binary)
Coefficient statistics:
  Matrix range     [1e+00, 2e+05]
  Objective range  [4e+00, 6e+01]
  Bounds range     [1e+00, 2e+03]
  RHS range        [1e+00, 2e+05]

Presolve removed 65469 rows and 60 columns (presolve time = 5s)...
Presolve removed 82525 rows and 180 columns (presolve time = 10s)...
Presolve removed 82555 rows and 180 columns (presolve time = 15s)...
Presolve removed 82585 rows and 195 columns
Presolve time: 18.38s
Presolved: 189292 rows, 169905 columns, 920940 nonzeros
Variable types: 750 continuous, 169155 integer (152310 binary)
Deterministic concurrent LP optimizer: primal simplex, dual simplex, and barrier
Showing barrier log only...

Root barrier log...

Elapsed ordering time = 5s
Elapsed ordering time = 6s
Elapsed ordering time = 9s
Elapsed ordering time = 10s
Ordering time: 10.77s

Barrier statistics:
 Dense cols : 15
 AA' NZ     : 4.774e+06
 Factor NZ  : 3.016e+07 (roughly 400 MB of memory)
 Factor Ops : 2.497e+10 (roughly 3 seconds per iteration)
 Threads    : 1

                  Objective                Residual
Iter       Primal          Dual         Primal    Dual     Compl     Time
   0   3.26764660e+06 -2.46643051e+06  2.19e+05 8.33e-17  1.05e+02    48s
   1   1.09490611e+06 -2.48603309e+06  7.46e+04 4.63e-01  3.86e+01    51s
   2   2.19431370e+05 -2.05330227e+06  1.50e+04 1.91e-02  9.93e+00    54s
   3   1.43043206e+04 -2.63301153e+05  8.76e+02 1.57e-04  8.44e-01    58s
   4   2.65054307e+03 -4.94949895e+04  8.05e+01 1.51e-05  1.29e-01    64s
   5   1.44413108e+03 -7.21871051e+03  1.56e+01 1.77e-06  2.25e-02    69s
   6   1.05343978e+03 -2.77074717e+03  6.51e+00 7.17e-07  9.83e-03    74s
   7   6.75612620e+02 -3.10986631e+02  9.63e-01 1.50e-07  2.35e-03    79s
   8   5.45445760e+02  4.23061045e+02  4.77e-02 8.38e-09  2.71e-04    85s
   9   5.32699093e+02  5.29772020e+02  9.96e-06 4.63e-11  6.32e-06    90s
  10   5.32500200e+02  5.32497268e+02  6.51e-12 6.66e-16  6.33e-09    95s
  11   5.32500000e+02  5.32499997e+02  1.06e-11 2.61e-15  6.33e-12   100s

Barrier solved model in 11 iterations and 99.58 seconds (46.43 work units)
Optimal objective 5.32500000e+02


Root crossover log...

   17961 DPushes remaining with DInf 0.0000000e+00               100s
     956 DPushes remaining with DInf 0.0000000e+00               100s
       0 DPushes remaining with DInf 0.0000000e+00               100s

   68140 PPushes remaining with PInf 1.2355129e-06               100s
   36103 PPushes remaining with PInf 0.0000000e+00               105s
   16879 PPushes remaining with PInf 0.0000000e+00               111s
   12345 PPushes remaining with PInf 0.0000000e+00               115s
    7166 PPushes remaining with PInf 0.0000000e+00               120s
    3612 PPushes remaining with PInf 0.0000000e+00               125s
     576 PPushes remaining with PInf 0.0000000e+00               130s
       0 PPushes remaining with PInf 0.0000000e+00               131s

  Push phase complete: Pinf 0.0000000e+00, Dinf 2.9337643e-14    131s


Root simplex log...

Iteration    Objective       Primal Inf.    Dual Inf.      Time
   86104    5.3250000e+02   0.000000e+00   0.000000e+00    132s
Crossover time: 31.92 seconds (11.50 work units)
Concurrent spin time: 0.00s

Solved with barrier

Root relaxation: objective 5.325000e+02, 86104 iterations, 104.86 seconds (43.94 work units)

    Nodes    |    Current Node    |     Objective Bounds      |     Work
 Expl Unexpl |  Obj  Depth IntInf | Incumbent    BestBd   Gap | It/Node Time

     0     0  532.50000    0 16259          -  532.50000      -     -  337s
     0     0  532.50000    0 16480          -  532.50000      -     -  340s
     0     0  532.50000    0 16480          -  532.50000      -     -  342s
     0     0  532.50000    0 15918          -  532.50000      -     -  374s
     0     0  532.50000    0 18064          -  532.50000      -     -  385s
     0     0  532.50000    0 19844          -  532.50000      -     -  411s
     0     0  532.50000    0 19844          -  532.50000      -     -  411s
     0     0  532.50000    0 13621          -  532.50000      -     -  567s
     0     0  532.50000    0 12246          -  532.50000      -     -  588s
     0     0  532.50000    0 17335          -  532.50000      -     -  606s
     0     0  532.50000    0 16304          -  532.50000      -     -  635s
     0     0  532.50000    0 14759          -  532.50000      -     -  694s
     0     0  532.50000    0 14759          -  532.50000      -     -  695s
     0     0  532.50000    0 7085          -  532.50000      -     -  799s
     0     0  532.50000    0 9777          -  532.50000      -     -  809s
     0     0  532.50000    0 20316          -  532.50000      -     -  858s
     0     0  532.50000    0 20316          -  532.50000      -     -  858s
     0     0  532.50000    0 11410          -  532.50000      -     -  948s
     0     0  532.50000    0 12186          -  532.50000      -     -  959s
     0     0  532.50000    0 11830          -  532.50000      -     -  961s
     0     0  532.50000    0 8583          -  532.50000      -     -  986s
     0     0  532.50000    0 8583          -  532.50000      -     -  986s
     0     0  532.50000    0 6341          -  532.50000      -     - 1091s
     0     0  532.50000    0 5716          -  532.50000      -     - 1134s
     0     0  532.51131    0 5981          -  532.51131      -     - 1186s
     0     0  532.51131    0 5981          -  532.51131      -     - 1186s
     0     0  532.51131    0 5981          -  532.51131      -     - 1265s
     0     0  532.52163    0 8187          -  532.52163      -     - 1296s
     0     0  532.57882    0 9964          -  532.57882      -     - 1352s
     0     0  532.60884    0 9015          -  532.60884      -     - 1363s
     0     0  532.62369    0 11512          -  532.62369      -     - 1385s
     0     0  532.62670    0 11509          -  532.62670      -     - 1506s
     0     0  532.64554    0 11248          -  532.64554      -     - 1539s
     0     0  532.64554    0 11286          -  532.64554      -     - 1540s
     0     0  532.64618    0 8591          -  532.64618      -     - 1567s
     0     0  532.64621    0 7151          -  532.64621      -     - 1584s
     0     0  532.64621    0 7141          -  532.64621      -     - 1585s
     0     0  532.64702    0 6785          -  532.64702      -     - 1594s
     0     0  532.64702    0 9951          -  532.64702      -     - 1628s
     0     0  532.64702    0 10323          -  532.64702      -     - 1636s
     0     0  532.65320    0 8024          -  532.65320      -     - 1668s
     0     0  532.65320    0 8024          -  532.65320      -     - 1668s
     0     0  532.65320    0 8024          -  532.65320      -     - 1806s
     0     0  532.65320    0 8039          -  532.65320      -     - 1811s
     0     0  532.88783    0 11786          -  532.88783      -     - 1836s
     0     0  532.88783    0 10701          -  532.88783      -     - 1878s
     0     0  532.99193    0 11527          -  532.99193      -     - 1909s
     0     0  533.00104    0 11403          -  533.00104      -     - 1943s
     0     0  533.03460    0 10808          -  533.03460      -     - 1978s
     0     0  533.03607    0 10266          -  533.03607      -     - 2016s
     0     0  533.17818    0 14261          -  533.17818      -     - 2041s
     0     0  533.21393    0 14204          -  533.21393      -     - 2051s
     0     0  533.21882    0 12367          -  533.21882      -     - 2058s
     0     0  533.21924    0 12697          -  533.21924      -     - 2066s
     0     0  533.21924    0 12020          -  533.21924      -     - 2067s
     0     0  533.27707    0 10392          -  533.27707      -     - 2099s
     0     0  533.30915    0 7004          -  533.30915      -     - 2156s
     0     0  533.31210    0 6742          -  533.31210      -     - 2160s
     0     0  533.31210    0 8064          -  533.31210      -     - 2163s
     0     0  535.67577    0 8314          -  535.67577      -     - 2194s
     0     0  535.67577    0 8310          -  535.67577      -     - 2194s
     0     0  535.68930    0 6983          -  535.68930      -     - 2205s
     0     0  535.68931    0 7528          -  535.68931      -     - 2207s
     0     0  535.73558    0 9498          -  535.73558      -     - 2241s
     0     0  535.76121    0 10212          -  535.76121      -     - 2256s
     0     0  535.78508    0 11754          -  535.78508      -     - 2266s
     0     0  535.78718    0 11769          -  535.78718      -     - 2273s
     0     0  535.78718    0 10295          -  535.78718      -     - 2274s
     0     0  536.05118    0 12473          -  536.05118      -     - 2326s
     0     0  536.10057    0 12632          -  536.10057      -     - 2346s
     0     0  536.10057    0 10697          -  536.10057      -     - 2363s
     0     0  536.23845    0 11181          -  536.23845      -     - 2411s
     0     0  536.26340    0 12815          -  536.26340      -     - 2426s
     0     0  536.27112    0 11010          -  536.27112      -     - 2459s
     0     0  536.27227    0 10731          -  536.27227      -     - 2462s
     0     0  536.27239    0 11517          -  536.27239      -     - 2467s
     0     0  536.32790    0 10681          -  536.32790      -     - 2501s
     0     0  536.32790    0 10533          -  536.32790      -     - 2502s
     0     0  536.33997    0 10854          -  536.33997      -     - 2522s
     0     0  536.35604    0 11229          -  536.35604      -     - 2530s
     0     0  536.35604    0 11215          -  536.35604      -     - 2532s
     0     0  537.47282    0 9965          -  537.47282      -     - 2584s
     0     0  537.51007    0 10398          -  537.51007      -     - 2617s
     0     0  537.51063    0 9057          -  537.51063      -     - 2633s
     0     0  537.66524    0 10368          -  537.66524      -     - 2672s
     0     0  537.66731    0 9570          -  537.66731      -     - 2679s
     0     0  538.16200    0 10793          -  538.16200      -     - 2713s
     0     0  538.20284    0 11395          -  538.20284      -     - 2740s
     0     0  538.21697    0 9503          -  538.21697      -     - 2763s
     0     0  538.21743    0 9739          -  538.21743      -     - 2765s
     0     0  538.25345    0 9345          -  538.25345      -     - 2791s
     0     0  538.27481    0 12107          -  538.27481      -     - 2823s
     0     0  538.30167    0 15809          -  538.30167      -     - 2891s
     0     0  538.30189    0 15093          -  538.30189      -     - 2911s
     0     0  538.30189    0 15085          -  538.30189      -     - 2911s
     0     0  538.40848    0 17196          -  538.40848      -     - 2963s
     0     0  538.40848    0 17186          -  538.40848      -     - 2963s
     0     0  538.46078    0 15426          -  538.46078      -     - 2985s
     0     0  538.48930    0 15443          -  538.48930      -     - 2991s
     0     0  538.48930    0 15429          -  538.48930      -     - 2991s
     0     0  538.48930    0 15062          -  538.48930      -     - 2994s
     0     0  539.40173    0 25075          -  539.40173      -     - 3137s
     0     0  539.40173    0 25093          -  539.40173      -     - 3137s
     0     0  539.79377    0 24852          -  539.79377      -     - 3175s
     0     0  539.79377    0 24841          -  539.79377      -     - 3176s
     0     0  539.83904    0 20133          -  539.83904      -     - 3203s
     0     0  539.84651    0 11997          -  539.84651      -     - 3261s
     0     0  539.85014    0 16307          -  539.85014      -     - 3271s
     0     0  539.85014    0 12333          -  539.85014      -     - 3294s
     0     0  540.00249    0 23139          -  540.00249      -     - 3386s
     0     0  540.00304    0 23332          -  540.00304      -     - 3403s
     0     0  540.00930    0 23335          -  540.00930      -     - 3442s
     0     0  540.02627    0 23335          -  540.02627      -     - 3447s
     0     0  540.02627    0 7854          -  540.02627      -     - 3703s
     0     2  540.07430    0 6706          -  540.07430      -     - 3799s
     1     3  561.43656    1 10021          -  540.20005      - 14764 3860s
     2     6  566.05651    2 10329          -  540.20005      -  8314 3918s
     5    10  567.30272    3 11809          -  540.21459      -  6049 3962s
     9    14  568.17457    4 9898          -  540.24628      -  4902 4003s
    13    17  569.82921    5 13112          -  540.28305      -  4360 4085s
    16    21  570.64046    6 11067          -  540.28305      -  4401 4142s
    20    27  572.47153    6 11653          -  540.28305      -  5018 4193s
    28    35  572.20689    7 11102          -  540.28305      -  3749 4259s
    36    43  572.72761    8 11088          -  540.28305      -  3134 4303s
    44    51  574.61369    9 11330          -  540.28305      -  2712 4348s
    52    59  575.21853   10 11363          -  540.28305      -  2339 4416s
    60    67  579.43915   10 11643          -  540.28305      -  2156 4459s
    68    75  575.96019   11 12944          -  540.28305      -  1996 4577s
    76    83  576.88899   12 12262          -  540.28305      -  1815 4626s
    84    91  577.59868   13 11511          -  540.28305      -  1704 4673s
    92   101  579.68258   14 12247          -  540.28305      -  1649 4737s
   102   110  585.24742   17 11177          -  540.28305      -  1591 4779s
   111   124  586.07856   18 11143          -  540.28305      -  1620 4842s
   125   135  587.78259   24 12442          -  540.28305      -  1554 4886s
   136   149  589.48033   26 11565          -  540.28305      -  1460 4937s
   150   164  591.95129   30 11935          -  540.28305      -  1379 4981s
   165   176  595.63895   35 13296          -  540.28305      -  1318 5030s
   177   195  598.81147   36 12020          -  540.28305      -  1238 5082s
   196   206  617.48484   43 10897          -  540.28559      -  1173 5127s
   217   220  561.82194    4 10959          -  540.28559      -  1153 5174s
   231   239  561.82194    5 10202          -  540.28559      -  1088 5354s
   252   265  563.75994   14 7563          -  540.28559      -  1055 5405s
   280   273  579.63486   25 7815          -  540.28559      -   990 5462s
   303   288  583.29288   24 7985          -  540.30427      -   975 5514s
   318   299  597.89507   31 7641          -  540.30427      -   985 5590s
   329   319  584.21543   33 8005          -  540.30427      -  1032 5645s
   349   352  584.26306   39 11166          -  540.30427      -  1027 5706s
   382   385  584.81665   52 7249          -  540.30427      -   968 5886s
   423   402  585.43574   70 10030          -  540.30427      -   903 5993s
   442   437  585.63780   79 8335          -  540.44706      -   932 6063s
   477   486  585.69357  102 10377          -  540.44706      -   894 6298s
   528   490  585.70669  126 6958          -  540.44706      -   836 6877s
   532   494  585.70669  127 6957          -  540.44706      -   875 7200s

Cutting planes:
  Gomory: 10
  Cover: 65
  Implied bound: 338
  Clique: 810
  MIR: 277
  StrongCG: 14
  Flow cover: 3
  GUB cover: 10
  Zero half: 2
  RLT: 400
  Relax-and-lift: 712
  BQP: 1

Explored 536 nodes (1353373 simplex iterations) in 7201.03 seconds (5138.71 work units)
Thread count was 4 (of 8 available processors)

Solution count 0

Time limit reached
Best objective -, best bound 5.405000000000e+02, gap -
