
Gurobi 13.0.2 (linux64) logging started Wed Jun 24 23:31:04 2026

Set parameter LogFile to value "src/Resultados/Restriccion cota global/logs/R203-50.xml_log.log"
Set parameter Threads to value 4
Gurobi Optimizer version 13.0.2 build v13.0.2rc1 (linux64 - "Rocky Linux 9.7 (Blue Onyx)")

CPU model: QEMU Virtual CPU version 2.5+, instruction set [SSE2]
Thread count: 8 physical cores, 8 logical processors, using up to 4 threads

Non-default parameters:
TimeLimit  7200
Threads  4

Optimize a model with 277332 rows, 174735 columns and 1264650 nonzeros (Min)
Model fingerprint: 0xe7193c97
Model has 40320 linear objective coefficients
Variable types: 33750 continuous, 140985 integer (140970 binary)
Coefficient statistics:
  Matrix range     [1e+00, 2e+05]
  Objective range  [4e+00, 6e+01]
  Bounds range     [1e+00, 2e+03]
  RHS range        [1e+00, 2e+05]

Presolve removed 83175 rows and 180 columns (presolve time = 5s)...
Presolve removed 83205 rows and 195 columns
Presolve time: 7.88s
Presolved: 194127 rows, 174540 columns, 957030 nonzeros
Variable types: 750 continuous, 173790 integer (156945 binary)
Deterministic concurrent LP optimizer: primal simplex, dual simplex, and barrier
Showing barrier log only...

Root barrier log...

Ordering time: 4.92s

Barrier statistics:
 Dense cols : 75
 AA' NZ     : 4.885e+06
 Factor NZ  : 2.371e+07 (roughly 340 MB of memory)
 Factor Ops : 1.521e+10 (roughly 2 seconds per iteration)
 Threads    : 1

                  Objective                Residual
Iter       Primal          Dual         Primal    Dual     Compl     Time
   0   2.66552905e+06 -2.47017890e+06  2.23e+05 1.11e-16  1.04e+02    19s
   1   8.11442175e+05 -2.54771391e+06  6.88e+04 5.58e-01  3.65e+01    21s
   2   2.00426467e+05 -3.47274995e+06  1.74e+04 3.81e-02  1.37e+01    23s
   3   5.24595559e+04 -6.82171816e+05  4.45e+03 1.34e-03  2.74e+00    25s
   4   6.19705538e+03 -8.91354697e+04  4.08e+02 1.28e-05  2.84e-01    28s
   5   2.77821006e+03 -3.29381972e+04  1.24e+02 4.11e-06  9.54e-02    31s
   6   1.22063180e+03 -2.19323433e+03  5.79e+00 1.22e-07  8.01e-03    34s
   7   7.69565625e+02 -4.28130048e+02  8.69e-01 3.83e-08  2.63e-03    38s
   8   5.14542620e+02  3.83352462e+02  1.68e-02 3.66e-09  2.77e-04    42s
   9   5.00294354e+02  4.96802703e+02  9.59e-13 8.25e-12  7.33e-06    45s
  10   4.99801064e+02  4.99793345e+02  6.35e-12 6.66e-16  1.62e-08    47s
  11   4.99800001e+02  4.99799993e+02  1.33e-09 1.26e-15  1.62e-11    50s
  12   4.99800000e+02  4.99800000e+02  2.47e-10 1.80e-15  1.96e-14    53s

Barrier solved model in 12 iterations and 53.13 seconds (31.44 work units)
Optimal objective 4.99800000e+02


Root crossover log...

   18408 DPushes remaining with DInf 0.0000000e+00                53s
       0 DPushes remaining with DInf 0.0000000e+00                54s

   68947 PPushes remaining with PInf 0.0000000e+00                54s
   25836 PPushes remaining with PInf 0.0000000e+00                55s
    6369 PPushes remaining with PInf 0.0000000e+00                60s
       0 PPushes remaining with PInf 0.0000000e+00                64s

  Push phase complete: Pinf 0.0000000e+00, Dinf 2.4424907e-14     64s


Root simplex log...

Iteration    Objective       Primal Inf.    Dual Inf.      Time
   87208    4.9980000e+02   0.000000e+00   0.000000e+00     65s
Crossover time: 11.42 seconds (6.37 work units)
Concurrent spin time: 0.01s

Solved with barrier

Root relaxation: objective 4.998000e+02, 87208 iterations, 54.22 seconds (29.83 work units)

    Nodes    |    Current Node    |     Objective Bounds      |     Work
 Expl Unexpl |  Obj  Depth IntInf | Incumbent    BestBd   Gap | It/Node Time

     0     0  499.80000    0 14607          -  499.80000      -     -  188s
     0     0  499.80000    0 25495          -  499.80000      -     -  233s
     0     0  499.80000    0 21675          -  499.80000      -     -  245s
     0     0  499.80000    0 21481          -  499.80000      -     -  267s
     0     0  499.80000    0 33530          -  499.80000      -     -  298s
     0     0  499.80000    0 33530          -  499.80000      -     -  298s
     0     0  499.80000    0 19547          -  499.80000      -     -  398s
     0     0  499.80000    0 16567          -  499.80000      -     -  416s
     0     0  499.80000    0 16577          -  499.80000      -     -  420s
     0     0  499.80000    0 16439          -  499.80000      -     -  422s
     0     0  499.80000    0 16428          -  499.80000      -     -  422s
     0     0  499.80000    0 17177          -  499.80000      -     -  467s
     0     0  499.80000    0 17177          -  499.80000      -     -  467s
     0     0  499.80000    0 17177          -  499.80000      -     -  530s
     0     0  499.80000    0 14529          -  499.80000      -     -  555s
     0     0  499.80000    0 14574          -  499.80000      -     -  556s
     0     0  499.80000    0 16559          -  499.80000      -     -  597s
     0     0  499.80000    0 16559          -  499.80000      -     -  597s
     0     0  499.80000    0 8444          -  499.80000      -     -  741s
     0     0  499.80000    0 11183          -  499.80000      -     -  764s
     0     0  499.80000    0 12591          -  499.80000      -     -  768s
     0     0  499.80000    0 14880          -  499.80000      -     -  802s
     0     0  499.80000    0 15674          -  499.80000      -     -  808s
     0     0  499.80000    0 15674          -  499.80000      -     -  808s
     0     0  499.80000    0 11078          -  499.80000      -     -  859s
     0     0  499.80000    0 9275          -  499.80000      -     -  875s
     0     0  499.80000    0 9234          -  499.80000      -     -  876s
     0     0  499.80000    0 9816          -  499.80000      -     -  947s
     0     0  499.80000    0 10632          -  499.80000      -     -  955s
     0     0  499.80000    0 10632          -  499.80000      -     -  956s
     0     0  499.80000    0 7104          -  499.80000      -     - 1018s
     0     0  499.80000    0 8235          -  499.80000      -     - 1034s
     0     0  499.80000    0 8859          -  499.80000      -     - 1035s
     0     0  499.80000    0 13592          -  499.80000      -     - 1073s
     0     0  499.80000    0 13593          -  499.80000      -     - 1075s
     0     0  499.80000    0 8342          -  499.80000      -     - 1156s
     0     0  499.80000    0 8428          -  499.80000      -     - 1163s
     0     0  499.80000    0 8428          -  499.80000      -     - 1181s
     0     2  499.80000    0 4482          -  499.80000      -     - 1280s
     1     4  499.80000    1 8553          -  499.80000      -  4030 1297s
     3     8  499.80000    2 8922          -  499.80000      -  3758 1321s
     7    12  499.80000    3 6896          -  499.80000      -  4522 1335s
    11    35  499.80000    4 6462          -  499.80000      -  3557 1381s
    34    45  499.80000    8 4977          -  499.80000      -  2340 1443s
    44    61  499.92125   13 4001          -  499.80000      -  2157 1672s
    60   102  500.34672   21 3930          -  499.80000      -  2140 1949s
   101   194  499.93090   52 5796          -  499.80000      -  1554 2132s
   193   368  499.97873   97 5818          -  499.80000      -  1012 2243s
   367   587  500.03670  152 5829          -  499.80000      -   638 2339s
   586   765  500.11573  222 5571          -  499.80000      -   475 2368s
   764   943  500.22418  292 5399          -  499.80000      -   399 2421s
   942  1085  500.29831  362 5381          -  499.80000      -   340 2442s
  1084  1221  500.33872  432 5376          -  499.80000      -   312 2461s
  1220  1393  500.38189  502 5391          -  499.80000      -   288 2479s
  1392  1489  500.42179  561 5684          -  499.80000      -   261 2503s
  1488  1582  500.43102  568 5278          -  499.80000      -   252 2520s
  1581  1684  500.43438  575 5282          -  499.80000      -   245 2537s
  1683  1834  500.43941  582 5260          -  499.80000      -   238 2553s
  1833  1945  500.44426  589 5280          -  499.80000      -   227 2581s
  1944  1949  500.45177  602 5280          -  499.80000      -   218 2941s
  1948  1953  500.45186  603 5284          -  499.80000      -   218 3506s
  1952  1957  500.45186  604 5284          -  499.80000      -   218 3982s
  1956  2063  500.45200  605 5270          -  499.80000      -   218 4004s
  2062  2232  500.46962  644 5305          -  499.80000      -   215 4024s
  2231  2414  500.50488  728 5317          -  499.80000      -   206 4057s
  2413  2532  500.53603  805 5284          -  499.80000      -   197 4091s
  2531  2676  500.55596  823 5298          -  499.80000      -   195 4113s
  2675  2774  500.60807  850 5264          -  499.80000      -   193 4140s
  2773  2901  500.62318  866 5267          -  499.80000      -   195 4177s
  2900  3048  500.63854  881 5252          -  499.80000      -   194 4198s
  3047  3156  500.67101  901 5257          -  499.80000      -   193 4228s
  3155  3275  500.69762  931 5311          -  499.80000      -   197 4271s
  3274  3427  500.70455  946 4905          -  499.80000      -   199 4298s
  3426  3558  500.72387  960 4895          -  499.80000      -   199 4325s
  3557  3676  500.74874  973 4924          -  499.80000      -   200 4364s
  3675  3802  509.24645  994 6633          -  499.80000      -   203 4395s
  3801  3912  509.33360 1007 5429          -  499.80000      -   207 4428s
  3911  4021  509.51846 1024 5507          -  499.80000      -   213 4454s
  4020  4193  509.73934 1039 5248          -  499.80000      -   216 4486s
  4192  4347  509.93242 1056 5615          -  499.80000      -   216 4519s
  4346  4494  510.15041 1082 5740          -  499.80000      -   218 4566s
  4493  4644  510.44355 1116 6123          -  499.80000      -   221 4599s
  4643  4763  510.78236 1166 5688          -  499.80000      -   224 4637s
  4762  4904  510.93212 1183 4992          -  499.80000      -   228 4675s
  4903  5044  511.05471 1194 5556          -  499.80000      -   232 4720s
  5043  5220  511.16944 1216 5792          -  499.80000      -   235 4759s
  5220  5221  510.90000  767 8428          -  499.80000      -   237 6336s
  5222  5222  509.60000  178 5228          -  500.08216      -   237 6671s
  5223  5223  511.20899  798 8375          -  511.20899      -   237 6930s
  5224  5224  529.50000  655 8342          -  522.94741      -   237 7026s

Cutting planes:
  Gomory: 21
  Cover: 249
  Implied bound: 45
  Projected implied bound: 174
  Clique: 288
  MIR: 69
  StrongCG: 4
  Flow cover: 302
  GUB cover: 168
  Zero half: 12
  RLT: 46
  Relax-and-lift: 71

Explored 5224 nodes (1877052 simplex iterations) in 7200.07 seconds (5944.93 work units)
Thread count was 4 (of 8 available processors)

Solution count 0

Time limit reached
Best objective -, best bound 5.230000000000e+02, gap -
