
Gurobi 13.0.2 (linux64) logging started Thu Jun 25 15:33:50 2026

Set parameter LogFile to value "src/Resultados/Restriccion cota global/logs/R207-50.xml_log.log"
Set parameter Threads to value 4
Gurobi Optimizer version 13.0.2 build v13.0.2rc1 (linux64 - "Rocky Linux 9.7 (Blue Onyx)")

CPU model: QEMU Virtual CPU version 2.5+, instruction set [SSE2]
Thread count: 8 physical cores, 8 logical processors, using up to 4 threads

Non-default parameters:
TimeLimit  7200
Threads  4

Optimize a model with 278532 rows, 175935 columns and 1276650 nonzeros (Min)
Model fingerprint: 0x0b75db1e
Model has 41520 linear objective coefficients
Variable types: 33750 continuous, 142185 integer (142170 binary)
Coefficient statistics:
  Matrix range     [1e+00, 2e+05]
  Objective range  [4e+00, 6e+01]
  Bounds range     [1e+00, 2e+03]
  RHS range        [1e+00, 2e+05]

Presolve removed 83145 rows and 180 columns (presolve time = 5s)...
Presolve removed 83205 rows and 195 columns
Presolve time: 9.93s
Presolved: 195327 rows, 175740 columns, 967800 nonzeros
Variable types: 750 continuous, 174990 integer (158145 binary)
Deterministic concurrent LP optimizer: primal simplex, dual simplex, and barrier
Showing barrier log only...

Root barrier log...

Elapsed ordering time = 5s
Ordering time: 5.27s

Barrier statistics:
 Dense cols : 75
 AA' NZ     : 5.123e+06
 Factor NZ  : 2.521e+07 (roughly 350 MB of memory)
 Factor Ops : 1.686e+10 (roughly 2 seconds per iteration)
 Threads    : 1

                  Objective                Residual
Iter       Primal          Dual         Primal    Dual     Compl     Time
   0   2.71776380e+06 -2.47276333e+06  2.23e+05 1.11e-16  1.04e+02    22s
   1   8.28193357e+05 -2.56502688e+06  6.88e+04 5.64e-01  3.64e+01    24s
   2   1.94855262e+05 -3.47376786e+06  1.66e+04 1.96e-02  1.32e+01    26s
   3   4.71333330e+04 -6.64121797e+05  3.90e+03 6.70e-04  2.50e+00    28s
   4   1.05019280e+04 -8.90013841e+04  7.71e+02 5.24e-05  3.58e-01    30s
   5   3.82612998e+03 -1.44441655e+04  2.11e+02 3.71e-06  7.02e-02    33s
   6   2.27710649e+03 -4.65970808e+03  6.90e+01 8.95e-07  2.49e-02    36s
   7   1.39948838e+03 -1.99978319e+03  1.68e+01 3.96e-07  9.35e-03    40s
   8   1.11712544e+03 -8.21296489e+02  1.05e+01 2.02e-07  5.34e-03    44s
   9   7.53400788e+02 -8.94039548e+01  3.09e+00 7.88e-08  2.11e-03    49s
  10   5.11976137e+02  2.91619158e+02  5.04e-02 1.94e-08  4.64e-04    54s
  11   4.75846790e+02  4.61518365e+02  2.47e-04 3.41e-10  2.98e-05    58s
  12   4.73259977e+02  4.73100984e+02  4.08e-06 5.42e-13  3.31e-07    62s
  13   4.73200060e+02  4.73199901e+02  5.00e-12 2.56e-15  3.31e-10    66s
  14   4.73200000e+02  4.73200000e+02  7.02e-09 2.07e-15  3.09e-13    69s

Barrier solved model in 14 iterations and 69.45 seconds (37.94 work units)
Optimal objective 4.73200000e+02


Root crossover log...

   18146 DPushes remaining with DInf 0.0000000e+00                70s
       0 DPushes remaining with DInf 0.0000000e+00                70s

   68854 PPushes remaining with PInf 0.0000000e+00                70s
    7357 PPushes remaining with PInf 0.0000000e+00                81s
       0 PPushes remaining with PInf 0.0000000e+00                85s

  Push phase complete: Pinf 0.0000000e+00, Dinf 1.1508502e-13     85s


Root simplex log...

Iteration    Objective       Primal Inf.    Dual Inf.      Time
   86973    4.7320000e+02   0.000000e+00   0.000000e+00     85s
Crossover time: 15.52 seconds (7.14 work units)
Concurrent spin time: 0.01s

Solved with barrier

Root relaxation: objective 4.732000e+02, 86973 iterations, 71.89 seconds (36.99 work units)

    Nodes    |    Current Node    |     Objective Bounds      |     Work
 Expl Unexpl |  Obj  Depth IntInf | Incumbent    BestBd   Gap | It/Node Time

     0     0  473.20000    0 18339          -  473.20000      -     -  169s
     0     0  473.20000    0 19951          -  473.20000      -     -  175s
     0     0  473.20000    0 21839          -  473.20000      -     -  230s
     0     0  473.20000    0 21906          -  473.20000      -     -  234s
     0     0  473.20000    0 18452          -  473.20000      -     -  261s
     0     0  473.20000    0 24269          -  473.20000      -     -  300s
     0     0  473.20000    0 24269          -  473.20000      -     -  301s
     0     0  473.20000    0 8839          -  473.20000      -     -  471s
     0     0  473.20000    0 9612          -  473.20000      -     -  489s
     0     0  473.20000    0 9008          -  473.20000      -     -  496s
     0     0  473.20000    0 8358          -  473.20000      -     -  531s
     0     0  473.20000    0 8358          -  473.20000      -     -  532s
     0     0  473.20000    0 8358          -  473.20000      -     -  617s
     0     0  473.20000    0 8861          -  473.20000      -     -  639s
     0     0  473.20000    0 8188          -  473.20000      -     -  667s
     0     0  473.20000    0 8172          -  473.20000      -     -  668s
     0     0  473.20000    0 6118          -  473.20000      -     -  777s
     0     0  473.20000    0 7199          -  473.20000      -     -  802s
     0     0  473.20000    0 7214          -  473.20000      -     -  803s
     0     0  473.20000    0 9466          -  473.20000      -     -  843s
     0     0  473.20000    0 9466          -  473.20000      -     -  843s
     0     0  473.20000    0 3926          -  473.20000      -     -  921s
     0     0  473.20000    0 4441          -  473.20000      -     -  941s
     0     0  473.20000    0 10308          -  473.20000      -     -  976s
     0     0  473.20000    0 10308          -  473.20000      -     -  976s
     0     0  473.20000    0 8924          -  473.20000      -     - 1014s
     0     0  473.20000    0 9029          -  473.20000      -     - 1031s
     0     0  473.20000    0 10144          -  473.20000      -     - 1035s
     0     0  473.20000    0 9927          -  473.20000      -     - 1035s
     0     0  473.20000    0 12463          -  473.20000      -     - 1069s
     0     0  473.20000    0 12463          -  473.20000      -     - 1069s
     0     0  473.20000    0 7407          -  473.20000      -     - 1154s
     0     0  473.20000    0 7212          -  473.20000      -     - 1171s
     0     0  473.20000    0 7551          -  473.20000      -     - 1178s
     0     0  473.20000    0 7548          -  473.20000      -     - 1178s
     0     0  473.20000    0 10677          -  473.20000      -     - 1205s
     0     0  473.20000    0 10677          -  473.20000      -     - 1205s
     0     0  473.20000    0 7747          -  473.20000      -     - 1262s
     0     0  473.20000    0 8959          -  473.20000      -     - 1268s
     0     0  473.20000    0 7242          -  473.20000      -     - 1305s
     0     2  473.20000    0 6766          -  473.20000      -     - 1399s
     1     4  473.20000    1 8391          -  473.20000      -  1405 1419s
     2     4  473.20000    1 17668          -  473.20000      -  3085 1420s
     3     6  473.20000    2 13206          -  473.20000      -  3478 1440s
     7     8  473.20000    3 13153          -  473.20000      -  3405 1455s
    11    12  473.20000    4 12683          -  473.20000      -  2850 1484s
    15    16  473.20000    5 14736          -  473.20000      -  2486 1526s
    19    20  473.20000    5 11289          -  473.20000      -  2886 1632s
    23    25  473.20000    6 15865          -  473.20000      -  2841 1764s
    30    73  473.20000    7 15527          -  473.20000      -  2470 1876s
    92   383  473.20000    8 13109          -  473.20000      -  1005 1977s
   412   605  473.20000   88 10164          -  473.20000      -   357 2063s
   634   893  473.20000  105 7009          -  473.20000      -   323 2128s
   929  1144  473.20000  189 7174          -  473.20000      -   261 2181s
  1182  1484  474.00348  231 6555          -  473.20000      -   230 2230s
  1522  1812  474.48678  316 4239          -  473.20000      -   185 2266s
  1850  2122  474.69865  401 4221          -  473.20000      -   158 2295s
  2160  2429  474.79953  486 4233          -  473.20000      -   139 2335s
  2467  2731  474.81458  571 5445          -  473.20000      -   124 2363s
  2771  2817  474.83474  656 4237          -  473.20000      -   113 2433s
  2857  2834  474.83474  657 4237          -  473.20000      -   114 2636s
  2876  3035  474.83542  658 4237          -  473.20000      -   117 2751s
  3077  3231  474.83590  659 5441          -  473.20000      -   113 2879s
  3273  3424  474.83662  660 5357          -  473.20000      -   110 3009s
  3466  3680  474.83664  661 4225          -  473.20000      -   106 3147s
  3722  3913  474.83664  662 4227          -  473.20000      -   100 3287s
  3955  4169  474.83664  663 4225          -  473.20000      -  96.9 3472s
  4211  4347  474.83664  664 4226          -  473.20000      -  92.1 3569s
  4389  4643  474.83664  665 4227          -  473.20000      -  91.8 3604s
  4685  4911  474.85270  750 5360          -  473.20000      -  89.1 3641s
  4958  5191  474.86714  835 5367          -  473.20000      -  88.5 3677s
  5244  5192  507.60000  446 7242          -  473.20000      -  86.9 4610s
  5246  5193  473.42485    4 10899          -  473.42485      -  86.8 4924s
  5247  5194  485.30000  753 6907          -  481.82443      -  86.8 5167s
  5248  5195  509.50000  989 6744          -  483.88983      -  86.8 5269s
  5249  5195  487.49358   85 7519          -  487.49358      -  86.8 5417s
  5250  5196  531.69910  774 7452          -  488.54282      -  86.8 5514s
  5251  5197  513.70000 1453 7098          -  489.93399      -  86.8 5615s
  5252  5197  489.96272  151 7996          -  489.96272      -  86.7 5730s
  5253  5198  498.80000  659 7221          -  489.99596      -  86.7 5825s
  5254  5199  490.34535  133 7429          -  490.34535      -  86.7 5906s
  5255  5199  498.80000  768 8132          -  491.86161      -  86.7 6018s
  5256  5200  501.90000  604 7728          -  491.86600      -  86.7 6102s
  5257  5201  501.60000  741 7536          -  494.57756      -  86.7 6513s
  5258  5201  502.21847   49 7884          -  502.21847      -  86.6 6563s
  5259  5202  502.29198  312 7872          -  502.29198      -  86.6 6678s
  5260  5203  513.90000 1287 6825          -  503.21527      -  86.6 6727s
  5261  5203  503.21527  923 7228          -  503.21527      -  86.6 6826s
  5262  5204  505.84651  318 6687          -  505.84651      -  86.6 6864s
  5263  5205  506.00346  214 6770          -  506.00346      -  86.6 6888s
  5264  5205  506.73744  188 7613          -  506.73744      -  86.5 6906s
  5265  5206  506.81539  240 7558          -  506.81539      -  86.5 6915s
  5266  5207  508.70000  469 7694          -  506.86862      -  86.5 6923s
  5267  5207  506.87712  451 7978          -  506.87712      -  86.5 6928s
  5268  5208  506.87832  831 8781          -  506.87832      -  86.5 6942s
  5269  5209  506.87832  463 8575          -  506.87832      -  86.5 6972s
  5270  5209  509.36356  617 6928          -  509.36356      -  86.5 7089s
  5271  5210  509.65477  863 8578          -  509.65477      -  86.4 7136s
  5272  5211  509.74112   93 8838          -  509.74112      -  86.4 7146s
  5273  5211  509.75212  207 8455          -  509.75212      -  86.4 7154s
  5274  5212  509.77627   50 8751          -  509.77627      -  86.4 7174s
  5275  5213  509.80365  208 7944          -  509.80365      -  86.4 7186s
  5276  5213  509.80965  312 7989          -  509.80965      -  86.4 7194s

Cutting planes:
  Gomory: 8
  Lift-and-project: 1
  Cover: 97
  Implied bound: 76
  Projected implied bound: 427
  Clique: 173
  MIR: 163
  StrongCG: 3
  Flow cover: 709
  GUB cover: 80
  Zero half: 20
  RLT: 204
  Relax-and-lift: 539

Explored 5276 nodes (1583772 simplex iterations) in 7200.70 seconds (6151.11 work units)
Thread count was 4 (of 8 available processors)

Solution count 0

Time limit reached
Best objective -, best bound 5.099000000000e+02, gap -
