
Gurobi 13.0.2 (linux64) logging started Thu Jun 25 19:34:31 2026

Set parameter LogFile to value "src/Resultados/Restriccion cota global/logs/R208-50.xml_log.log"
Set parameter Threads to value 4
Gurobi Optimizer version 13.0.2 build v13.0.2rc1 (linux64 - "Rocky Linux 9.7 (Blue Onyx)")

CPU model: QEMU Virtual CPU version 2.5+, instruction set [SSE2]
Thread count: 8 physical cores, 8 logical processors, using up to 4 threads

Non-default parameters:
TimeLimit  7200
Threads  4

Optimize a model with 281420 rows, 178455 columns and 1300170 nonzeros (Min)
Model fingerprint: 0xb7c2eb3c
Model has 43560 linear objective coefficients
Variable types: 33870 continuous, 144585 integer (144570 binary)
Coefficient statistics:
  Matrix range     [1e+00, 2e+05]
  Objective range  [4e+00, 6e+01]
  Bounds range     [1e+00, 2e+03]
  RHS range        [1e+00, 2e+05]

Presolve removed 83400 rows and 180 columns (presolve time = 5s)...
Presolve removed 83430 rows and 195 columns
Presolve time: 8.06s
Presolved: 197990 rows, 178260 columns, 988350 nonzeros
Variable types: 750 continuous, 177510 integer (160665 binary)
Deterministic concurrent LP optimizer: primal simplex, dual simplex, and barrier
Showing barrier log only...

Root barrier log...

Elapsed ordering time = 5s
Ordering time: 6.90s

Barrier statistics:
 Dense cols : 75
 AA' NZ     : 5.579e+06
 Factor NZ  : 2.804e+07 (roughly 400 MB of memory)
 Factor Ops : 2.048e+10 (roughly 3 seconds per iteration)
 Threads    : 1

                  Objective                Residual
Iter       Primal          Dual         Primal    Dual     Compl     Time
   0   2.33883354e+06 -2.45281754e+06  2.25e+05 1.11e-16  1.03e+02    22s
   1   6.90247834e+05 -2.59268053e+06  6.75e+04 5.03e-01  3.45e+01    25s
   2   1.67888071e+05 -2.82997358e+06  1.65e+04 4.25e-03  1.14e+01    28s
   3   2.06201112e+04 -4.83683257e+05  1.86e+03 2.31e-06  1.52e+00    31s
   4   5.22738177e+03 -1.11106834e+05  3.57e+02 3.95e-07  3.07e-01    36s
   5   2.31704171e+03 -3.15837687e+04  8.87e+01 9.27e-08  8.35e-02    41s
   6   1.55088740e+03 -1.02337868e+04  1.34e+01 2.91e-08  2.61e-02    46s
   7   9.71112707e+02 -2.77888264e+03  2.45e+00 8.57e-09  8.00e-03    51s
   8   7.29722104e+02 -4.52167543e+02  5.56e-01 2.00e-09  2.49e-03    56s
   9   5.14147294e+02  3.89726624e+02  1.22e-02 9.32e-11  2.56e-04    62s
  10   4.71398877e+02  4.68259552e+02  8.56e-05 1.65e-13  6.44e-06    68s
  11   4.70600804e+02  4.70597640e+02  8.84e-12 1.17e-15  6.49e-09    72s
  12   4.70600001e+02  4.70599998e+02  3.46e-11 4.44e-16  6.49e-12    76s

Barrier solved model in 12 iterations and 76.45 seconds (38.74 work units)
Optimal objective 4.70600001e+02


Root crossover log...

   17156 DPushes remaining with DInf 0.0000000e+00                77s
       0 DPushes remaining with DInf 0.0000000e+00                77s

   69178 PPushes remaining with PInf 0.0000000e+00                77s
   27208 PPushes remaining with PInf 0.0000000e+00                80s
   15297 PPushes remaining with PInf 0.0000000e+00                86s
    8213 PPushes remaining with PInf 0.0000000e+00                90s
    2598 PPushes remaining with PInf 0.0000000e+00                95s
       0 PPushes remaining with PInf 0.0000000e+00               100s

  Push phase complete: Pinf 0.0000000e+00, Dinf 1.6506241e-13    100s


Root simplex log...

Iteration    Objective       Primal Inf.    Dual Inf.      Time
   86337    4.7060000e+02   0.000000e+00   0.000000e+00    101s
Crossover time: 24.05 seconds (10.88 work units)
Concurrent spin time: 0.08s

Solved with barrier

Root relaxation: objective 4.706000e+02, 86337 iterations, 89.72 seconds (41.36 work units)

    Nodes    |    Current Node    |     Objective Bounds      |     Work
 Expl Unexpl |  Obj  Depth IntInf | Incumbent    BestBd   Gap | It/Node Time

     0     0  470.60000    0 17594          -  470.60000      -     -  155s
     0     0  470.60000    0 13196          -  470.60000      -     -  159s
     0     0  470.60000    0 17640          -  470.60000      -     -  198s
     0     0  470.60000    0 16950          -  470.60000      -     -  210s
     0     0  470.60000    0 18642          -  470.60000      -     -  255s
     0     0  470.60000    0 18642          -  470.60000      -     -  255s
     0     0  470.60000    0 13934          -  470.60000      -     -  351s
     0     0  470.60000    0 17932          -  470.60000      -     -  364s
     0     0  470.60000    0 15274          -  470.60000      -     -  377s
     0     0  470.60000    0 18602          -  470.60000      -     -  401s
     0     0  470.60000    0 18602          -  470.60000      -     -  401s
     0     0  470.60000    0 15587          -  470.60000      -     -  460s
     0     0  470.60000    0 15588          -  470.60000      -     -  472s
     0     0  470.60000    0 12892          -  470.60000      -     -  484s
     0     0  470.60000    0 12891          -  470.60000      -     -  485s
     0     0  470.60000    0 14984          -  470.60000      -     -  521s
     0     0  470.60000    0 14662          -  470.60000      -     -  525s
     0     0  470.60000    0 7615          -  470.60000      -     -  581s
     0     0  470.60000    0 7615          -  470.60000      -     -  591s
     0     0  470.60000    0 4223          -  470.60000      -     -  607s
     0     0  470.60000    0 8511          -  470.60000      -     -  674s
     0     0  470.60000    0 8511          -  470.60000      -     -  675s
     0     0  470.60000    0 4697          -  470.60000      -     -  745s
     0     0  470.60000    0 5074          -  470.60000      -     -  755s
     0     0  470.60000    0 6948          -  470.60000      -     -  803s
     0     0  470.60000    0 6948          -  470.60000      -     -  803s
     0     0  470.60000    0 4106          -  470.60000      -     -  855s
     0     0  470.60000    0 4106          -  470.60000      -     -  865s
     0     0  470.60000    0 9651          -  470.60000      -     -  904s
     0     0  470.60000    0 9651          -  470.60000      -     -  904s
     0     0  470.60000    0 4124          -  470.60000      -     -  953s
     0     0  470.60000    0 4401          -  470.60000      -     -  964s
     0     0  470.60000    0 4576          -  470.60000      -     -  965s
     0     0  470.60000    0 7162          -  470.60000      -     - 1026s
     0     0  470.60000    0 7162          -  470.60000      -     - 1026s
     0     0  470.60000    0 4757          -  470.60000      -     - 1059s
     0     0  470.60000    0 4757          -  470.60000      -     - 1063s
     0     0  470.60000    0 4757          -  470.60000      -     - 1078s
     0     2  470.60000    0 4757          -  470.60000      -     - 1143s
     1     4  470.60000    1 5867          -  470.60000      -  3674 1156s
     3     8  470.60000    2 7081          -  470.60000      -  2390 1171s
     7    12  470.60000    3 7090          -  470.60000      -  2307 1182s
    11    19  470.60000    4 6886          -  470.60000      -  1924 1209s
    18    25  470.60000    5 5591          -  470.60000      -  1987 1254s
    24    58  470.60000    5 6084          -  470.60000      -  2036 1329s
    57    99  470.60000    6 5588          -  470.60000      -  1332 1410s
    98   194  470.60000    7 7615          -  470.60000      -   838 1514s
   193   381  470.60000   20 4277          -  470.60000      -   556 1581s
   380   624  470.60374   79 3832          -  470.60000      -   321 1635s
   623   882  470.60670  159 3852          -  470.60000      -   207 1656s
   881  1027  470.61047  243 3827          -  470.60000      -   154 1687s
  1026  1231  470.61172  283 3841          -  470.60000      -   135 1704s
  1230  1341  470.61449  358 3826          -  470.60000      -   117 1734s
  1340  1503  470.61457  359 5608          -  470.60000      -   111 1753s
  1502  1696  470.61652  408 5610          -  470.60000      -   102 1769s
  1695  1882  470.61956  459 5613          -  470.60000      -  92.1 1783s
  1881  2053  470.62292  507 5612          -  470.60000      -  83.5 1796s
  2052  2231  470.62569  548 5615          -  470.60000      -  77.0 1812s
  2230  2420  470.62928  592 5630          -  470.60000      -  71.3 1830s
  2419  2450  470.63853  641 5611          -  470.60000      -  66.2 1931s
  2449  2637  470.82281  657 3687          -  470.60000      -  65.6 1951s
  2636  2713  471.07696  682 3699          -  470.60000      -  61.7 2180s
  2712  2831  471.14603  702 3695          -  470.60000      -  60.7 2396s
  2830  2992  471.21193  759 3692          -  470.60000      -  58.7 2774s
  2991  3118  471.32647  840 3701          -  470.60000      -  56.0 3010s
  3117  3369  471.40336  912 4777          -  470.60000      -  54.2 3184s
  3368  3703  471.47240  996 4756          -  470.60000      -  50.8 3212s
  3702  4026  471.54353 1079 4750          -  470.60000      -  47.5 3232s
  4025  4362  471.60733 1150 3609          -  470.60000      -  44.5 3251s
  4361  4637  471.60733 1234 4067          -  470.60000      -  41.5 3280s
  4639  4912  471.60733 1292 3756          -  470.60000      -  42.3 3306s
  4919  5213  470.66939   18 4232          -  470.60000      -  43.3 3341s
  5221  5214  489.90932  589 4757          -  470.60000      -  43.0 4174s
  5222  5215  488.31538 1166 4757          -  470.60000      -  43.0 4176s
  5223  5215  475.80000  364 6579          -  470.65240      -  43.0 4546s
  5224  5216  492.10000  652 6225          -  476.74544      -  43.0 4700s
  5225  5217  484.10000  341 5228          -  478.13814      -  43.0 4762s
  5226  5217  488.61437  345 7109          -  478.19069      -  42.9 4892s
  5227  5218  480.55062  901 6409          -  480.55062      -  42.9 4968s
  5228  5219  480.64933 1244 6284          -  480.64933      -  42.9 5059s
  5229  5219  480.75166   68 7386          -  480.75166      -  42.9 5133s
  5230  5220  492.00000  560 7546          -  480.83156      -  42.9 5232s
  5231  5221  497.80779  497 7587          -  485.09909      -  42.9 5288s
  5232  5221  485.36915  762 8192          -  485.36915      -  42.9 5433s
  5233  5222  485.52915   80 7635          -  485.52915      -  42.9 5490s
  5234  5223  495.08015  933 7684          -  485.79080      -  42.9 5725s
  5235  5223  491.99452  605 7588          -  485.79465      -  42.9 5798s
  5236  5224  489.30779 1474 7766          -  485.92605      -  42.9 5897s
  5237  5225  485.94115  385 7770          -  485.94115      -  42.9 5971s
  5238  5225  498.60000  477 8117          -  486.38278      -  42.8 6104s
  5239  5226  494.18015  897 8072          -  486.60731      -  42.8 6167s
  5240  5227  486.74206 1249 7545          -  486.74206      -  42.8 6285s
  5241  5227  487.13491 1281 10405          -  487.13491      -  42.8 6375s
  5242  5228  487.46929  155 9472          -  487.46929      -  42.8 6481s
  5243  5229  487.90771  236 7748          -  487.90771      -  42.8 6571s
  5244  5229  489.47258  423 7568          -  489.47258      -  42.8 6657s
  5245  5230  489.56935  206 7016          -  489.56935      -  42.8 6765s
  5246  5231  489.57078 1018 7026          -  489.57078      -  42.8 6931s
  5247  5231  491.28090   62 5825          -  491.28090      -  42.8 7041s
  5248  5232  491.66581 1178 6449          -  491.66581      -  42.8 7159s

Cutting planes:
  Gomory: 16
  Lift-and-project: 6
  Cover: 111
  Implied bound: 201
  Projected implied bound: 188
  Clique: 265
  MIR: 111
  StrongCG: 13
  Flow cover: 850
  GUB cover: 112
  Zero half: 42
  RLT: 46
  Relax-and-lift: 179

Explored 5248 nodes (1452560 simplex iterations) in 7227.33 seconds (5124.42 work units)
Thread count was 4 (of 8 available processors)

Solution count 0

Time limit reached
Best objective -, best bound 4.918000000000e+02, gap -
