
Gurobi 13.0.2 (linux64) logging started Thu Jun 25 23:35:40 2026

Set parameter LogFile to value "src/Resultados/Restriccion cota global/logs/R209-50.xml_log.log"
Set parameter Threads to value 4
Gurobi Optimizer version 13.0.2 build v13.0.2rc1 (linux64 - "Rocky Linux 9.7 (Blue Onyx)")

CPU model: QEMU Virtual CPU version 2.5+, instruction set [SSE2]
Thread count: 8 physical cores, 8 logical processors, using up to 4 threads

Non-default parameters:
TimeLimit  7200
Threads  4

Optimize a model with 271777 rows, 170100 columns and 1222500 nonzeros (Min)
Model fingerprint: 0x7126f16d
Model has 36885 linear objective coefficients
Variable types: 33450 continuous, 136650 integer (136635 binary)
Coefficient statistics:
  Matrix range     [1e+00, 2e+05]
  Objective range  [4e+00, 6e+01]
  Bounds range     [1e+00, 2e+03]
  RHS range        [1e+00, 2e+05]

Presolve removed 82455 rows and 180 columns (presolve time = 5s)...
Presolve removed 82485 rows and 195 columns
Presolve time: 7.36s
Presolved: 189292 rows, 169905 columns, 920940 nonzeros
Variable types: 750 continuous, 169155 integer (152310 binary)
Deterministic concurrent LP optimizer: primal simplex, dual simplex, and barrier
Showing barrier log only...

Root barrier log...

Elapsed ordering time = 5s
Elapsed ordering time = 6s
Ordering time: 8.24s

Barrier statistics:
 Dense cols : 15
 AA' NZ     : 4.774e+06
 Factor NZ  : 3.016e+07 (roughly 400 MB of memory)
 Factor Ops : 2.497e+10 (roughly 3 seconds per iteration)
 Threads    : 1

                  Objective                Residual
Iter       Primal          Dual         Primal    Dual     Compl     Time
   0   3.26764660e+06 -2.46643051e+06  2.19e+05 8.33e-17  1.05e+02    22s
   1   1.09490611e+06 -2.48603309e+06  7.46e+04 4.63e-01  3.86e+01    24s
   2   2.19431370e+05 -2.05330227e+06  1.50e+04 1.91e-02  9.93e+00    27s
   3   1.43043206e+04 -2.63301153e+05  8.76e+02 1.57e-04  8.44e-01    30s
   4   2.65054307e+03 -4.94949895e+04  8.05e+01 1.51e-05  1.29e-01    34s
   5   1.44413108e+03 -7.21871051e+03  1.56e+01 1.77e-06  2.25e-02    39s
   6   1.05343978e+03 -2.77074717e+03  6.51e+00 7.17e-07  9.83e-03    43s
   7   6.75612620e+02 -3.10986631e+02  9.63e-01 1.50e-07  2.35e-03    47s
   8   5.45445760e+02  4.23061045e+02  4.77e-02 8.38e-09  2.71e-04    52s
   9   5.32699093e+02  5.29772020e+02  9.96e-06 4.63e-11  6.32e-06    56s
  10   5.32500200e+02  5.32497268e+02  6.51e-12 6.66e-16  6.33e-09    60s
  11   5.32500000e+02  5.32499997e+02  1.06e-11 2.61e-15  6.33e-12    64s

Barrier solved model in 11 iterations and 64.37 seconds (40.12 work units)
Optimal objective 5.32500000e+02


Root crossover log...

   17961 DPushes remaining with DInf 0.0000000e+00                65s
       0 DPushes remaining with DInf 0.0000000e+00                65s

   68140 PPushes remaining with PInf 1.2355129e-06                65s
   63954 PPushes remaining with PInf 0.0000000e+00                65s
   24465 PPushes remaining with PInf 0.0000000e+00                70s
   12345 PPushes remaining with PInf 0.0000000e+00                75s
    5653 PPushes remaining with PInf 0.0000000e+00                80s
    1082 PPushes remaining with PInf 0.0000000e+00                85s
       0 PPushes remaining with PInf 0.0000000e+00                87s

  Push phase complete: Pinf 0.0000000e+00, Dinf 2.9337643e-14     87s


Root simplex log...

Iteration    Objective       Primal Inf.    Dual Inf.      Time
   86104    5.3250000e+02   0.000000e+00   0.000000e+00     87s
Crossover time: 22.26 seconds (11.50 work units)
Concurrent spin time: 0.05s

Solved with barrier

Root relaxation: objective 5.325000e+02, 86104 iterations, 76.84 seconds (43.94 work units)

    Nodes    |    Current Node    |     Objective Bounds      |     Work
 Expl Unexpl |  Obj  Depth IntInf | Incumbent    BestBd   Gap | It/Node Time

     0     0  532.50000    0 16259          -  532.50000      -     -  277s
     0     0  532.50000    0 16480          -  532.50000      -     -  281s
     0     0  532.50000    0 16480          -  532.50000      -     -  282s
     0     0  532.50000    0 16320          -  532.50000      -     -  312s
     0     0  532.50000    0 16264          -  532.50000      -     -  321s
     0     0  532.50000    0 15479          -  532.50000      -     -  347s
     0     0  532.50000    0 18008          -  532.50000      -     -  364s
     0     0  532.50000    0 18504          -  532.50000      -     -  371s
     0     0  532.50000    0 18504          -  532.50000      -     -  371s
     0     0  532.50000    0 16345          -  532.50000      -     -  531s
     0     0  532.50000    0 16331          -  532.50000      -     -  546s
     0     0  532.50000    0 14686          -  532.50000      -     -  554s
     0     0  532.50000    0 12434          -  532.50000      -     -  566s
     0     0  532.50000    0 12432          -  532.50000      -     -  566s
     0     0  532.50000    0 19257          -  532.50000      -     -  631s
     0     0  532.50000    0 20064          -  532.50000      -     -  636s
     0     0  532.50000    0 20064          -  532.50000      -     -  636s
     0     0  532.50000    0 15324          -  532.50000      -     -  776s
     0     0  532.50000    0 11808          -  532.50000      -     -  787s
     0     0  532.50000    0 10836          -  532.50000      -     -  788s
     0     0  532.50000    0 10838          -  532.50000      -     -  788s
     0     0  532.50000    0 10840          -  532.50000      -     -  789s
     0     0  532.50000    0 12195          -  532.50000      -     -  841s
     0     0  532.50000    0 12689          -  532.50000      -     -  845s
     0     0  532.50000    0 12689          -  532.50000      -     -  845s
     0     0  532.50000    0 9642          -  532.50000      -     -  933s
     0     0  532.50000    0 10252          -  532.50000      -     -  946s
     0     0  532.50000    0 10119          -  532.50000      -     -  949s
     0     0  532.50000    0 9780          -  532.50000      -     -  981s
     0     0  532.50000    0 9780          -  532.50000      -     -  981s
     0     0  532.50000    0 9780          -  532.50000      -     - 1073s
     0     0  532.50000    0 9637          -  532.50000      -     - 1082s
     0     0  532.50000    0 11877          -  532.50000      -     - 1103s
     0     0  532.50000    0 11877          -  532.50000      -     - 1104s
     0     0  532.50000    0 11877          -  532.50000      -     - 1204s
     0     0  532.50000    0 11877          -  532.50000      -     - 1208s
     0     0  532.50000    0 11877          -  532.50000      -     - 1299s
     0     2  532.50000    0 11877          -  532.50000      -     - 1449s
     1     4  532.50000    1 10344          -  532.50000      -   586 1460s
     3     8  532.50000    2 8405          -  532.50000      -   796 1479s
     6     8  532.50000    2 7836          -  532.50000      -  1847 1480s
     7    12  532.50000    3 6020          -  532.50000      -  1779 1510s
    11    20  532.50000    4 6445          -  532.50000      -  1725 1555s
    19    37  532.50000    5 6473          -  532.50000      -  1699 1636s
    36    92  532.50000    6 6972          -  532.50000      -  1516 1770s
    91   214  532.50000   14 3351          -  532.50000      -  1067 1916s
   213   412  532.50000   73 3504          -  532.50000      -   501 2030s
   411   674  532.50000  160 3095          -  532.50000      -   316 2222s
   673   955  532.50000  247 2915          -  532.50000      -   239 2323s
   954  1281  532.50000  334 2244          -  532.50000      -   187 2406s
  1282  1629  532.50000  418 3834          -  532.50000      -   164 2441s
  1630  1977  532.52285  501 3945          -  532.50000      -   136 2463s
  1978  2325  532.54020  588 3333          -  532.50000      -   114 2494s
  2326  2673  532.55873  675 3307          -  532.50000      -  99.4 2514s
  2674  3021  532.57496  762 3332          -  532.50000      -  87.5 2539s
  3022  3367  532.59696  849 3314          -  532.50000      -  78.5 2562s
  3368  3696  532.64256  934 3351          -  532.50000      -  72.4 2586s
  3697  4010  532.69109 1019 3797          -  532.50000      -  67.4 2609s
  4011  4301  532.70064 1106 3783          -  532.50000      -  63.2 2637s
  4302  4347  532.70645 1193 3817          -  532.50000      -  60.7 2926s
  4352  4371  532.86915 1194 5084          -  532.50000      -  62.7 3352s
  4376  4375  532.86919 1195 5082          -  532.50000      -  62.9 3760s
  4380  4465  532.86963 1196 4411          -  532.50000      -  62.9 4051s
  4470  4555  533.04689 1283 4406          -  532.50000      -  62.3 4456s
  4560  4645  533.11794 1370 4637          -  532.50000      -  61.9 4751s
  4650  4821  533.12203 1457 4623          -  532.50000      -  60.8 4971s
  4826  5006  533.12510 1544 4616          -  532.50000      -  58.8 5088s
  5015  5218 infeasible 1614               -  532.50000      -  59.3 5117s
  5230  5219  532.50000    4 11877          -  532.50000      -  61.3 6430s
  5232  5220  558.70000  865 4369          -  532.56702      -  61.3 6929s

Cutting planes:
  Gomory: 14
  Cover: 34
  Implied bound: 47
  Projected implied bound: 356
  Clique: 78
  MIR: 119
  StrongCG: 10
  Flow cover: 156
  GUB cover: 16
  Zero half: 7
  RLT: 33
  Relax-and-lift: 14

Explored 5232 nodes (977422 simplex iterations) in 7200.45 seconds (5492.00 work units)
Thread count was 4 (of 8 available processors)

Solution count 0

Time limit reached
Best objective -, best bound 5.393000000000e+02, gap -
