
Gurobi 13.0.2 (linux64) logging started Fri Jun 26 03:36:20 2026

Set parameter LogFile to value "src/Resultados/Restriccion cota global/logs/R210-50.xml_log.log"
Set parameter Threads to value 4
Gurobi Optimizer version 13.0.2 build v13.0.2rc1 (linux64 - "Rocky Linux 9.7 (Blue Onyx)")

CPU model: QEMU Virtual CPU version 2.5+, instruction set [SSE2]
Thread count: 8 physical cores, 8 logical processors, using up to 4 threads

Non-default parameters:
TimeLimit  7200
Threads  4

Optimize a model with 272091 rows, 171150 columns and 1236360 nonzeros (Min)
Model fingerprint: 0xf83750b3
Model has 38895 linear objective coefficients
Variable types: 33210 continuous, 137940 integer (137925 binary)
Coefficient statistics:
  Matrix range     [1e+00, 2e+05]
  Objective range  [4e+00, 6e+01]
  Bounds range     [1e+00, 2e+03]
  RHS range        [1e+00, 2e+05]

Presolve removed 81750 rows and 180 columns (presolve time = 5s)...
Presolve removed 81780 rows and 195 columns
Presolve time: 8.29s
Presolved: 190311 rows, 170955 columns, 935160 nonzeros
Variable types: 750 continuous, 170205 integer (153360 binary)
Deterministic concurrent LP optimizer: primal simplex, dual simplex, and barrier
Showing barrier log only...

Root barrier log...

Elapsed ordering time = 5s
Ordering time: 6.46s

Barrier statistics:
 Dense cols : 45
 AA' NZ     : 4.920e+06
 Factor NZ  : 2.752e+07 (roughly 400 MB of memory)
 Factor Ops : 2.096e+10 (roughly 3 seconds per iteration)
 Threads    : 1

                  Objective                Residual
Iter       Primal          Dual         Primal    Dual     Compl     Time
   0   3.22055257e+06 -2.44668284e+06  2.16e+05 1.11e-16  1.04e+02    21s
   1   9.50828498e+05 -2.49225335e+06  6.51e+04 5.53e-01  3.60e+01    24s
   2   2.08119559e+05 -2.75016839e+06  1.45e+04 1.51e-02  1.13e+01    27s
   3   2.45648234e+04 -4.00129615e+05  1.61e+03 2.43e-06  1.35e+00    30s
   4   3.63890324e+03 -1.06904842e+05  1.50e+02 4.74e-07  2.68e-01    33s
   5   1.78425186e+03 -1.51496510e+04  3.54e+01 5.66e-08  4.40e-02    38s
   6   1.06157305e+03 -7.66234236e+03  3.69e+00 2.91e-08  1.95e-02    42s
   7   6.83762338e+02 -2.66641134e+03  6.98e-01 1.11e-08  7.31e-03    48s
   8   5.66742816e+02 -6.16772520e+02  1.59e-01 3.72e-09  2.56e-03    52s
   9   5.11101787e+02  4.29142036e+02  1.84e-04 1.55e-10  1.76e-04    57s
  10   5.06557113e+02  5.06146069e+02  5.11e-07 3.68e-15  8.81e-07    60s
  11   5.06500057e+02  5.06499646e+02  7.50e-11 1.61e-15  8.81e-10    64s
  12   5.06500000e+02  5.06500000e+02  2.51e-08 6.66e-16  1.45e-12    68s

Barrier solved model in 12 iterations and 67.54 seconds (38.48 work units)
Optimal objective 5.06500000e+02


Root crossover log...

   18543 DPushes remaining with DInf 0.0000000e+00                68s
       0 DPushes remaining with DInf 0.0000000e+00                68s

   67676 PPushes remaining with PInf 0.0000000e+00                68s
   32706 PPushes remaining with PInf 0.0000000e+00                71s
   19039 PPushes remaining with PInf 0.0000000e+00                76s
   10107 PPushes remaining with PInf 0.0000000e+00                81s
    4595 PPushes remaining with PInf 0.0000000e+00                85s
     271 PPushes remaining with PInf 0.0000000e+00                90s
       0 PPushes remaining with PInf 0.0000000e+00                91s

  Push phase complete: Pinf 0.0000000e+00, Dinf 3.3824464e-12     91s


Root simplex log...

Iteration    Objective       Primal Inf.    Dual Inf.      Time
   86192    5.0650000e+02   0.000000e+00   0.000000e+00     91s
Crossover time: 23.27 seconds (13.27 work units)
Concurrent spin time: 0.00s

Solved with barrier

Root relaxation: objective 5.065000e+02, 86192 iterations, 79.92 seconds (43.97 work units)

    Nodes    |    Current Node    |     Objective Bounds      |     Work
 Expl Unexpl |  Obj  Depth IntInf | Incumbent    BestBd   Gap | It/Node Time

     0     0  506.50000    0 15820          -  506.50000      -     -  221s
     0     0  506.50000    0 12817          -  506.50000      -     -  226s
     0     0  506.50000    0 28904          -  506.50000      -     -  270s
     0     0  506.50000    0 28655          -  506.50000      -     -  275s
     0     0  506.50000    0 30176          -  506.50000      -     -  296s
     0     0  506.50000    0 27982          -  506.50000      -     -  334s
     0     0  506.50000    0 27982          -  506.50000      -     -  334s
     0     0  506.50000    0 12053          -  506.50000      -     -  408s
     0     0  506.50000    0 13084          -  506.50000      -     -  427s
     0     0  506.50000    0 11045          -  506.50000      -     -  436s
     0     0  506.50000    0 13184          -  506.50000      -     -  509s
     0     0  506.50000    0 13184          -  506.50000      -     -  510s
     0     0  506.50000    0 12070          -  506.50000      -     -  594s
     0     0  506.50000    0 11803          -  506.50000      -     -  613s
     0     0  506.50000    0 10313          -  506.50000      -     -  615s
     0     0  506.50000    0 11266          -  506.50000      -     -  639s
     0     0  506.50000    0 11691          -  506.50000      -     -  644s
     0     0  506.50000    0 11691          -  506.50000      -     -  644s
     0     0  506.50000    0 7374          -  506.50000      -     -  733s
     0     0  506.50000    0 6806          -  506.50000      -     -  752s
     0     0  506.50000    0 7258          -  506.50000      -     -  818s
     0     0  506.50000    0 7257          -  506.50000      -     -  818s
     0     0  506.50000    0 7257          -  506.50000      -     -  938s
     0     0  506.50000    0 7117          -  506.50000      -     -  956s
     0     0  506.50000    0 11016          -  506.50000      -     - 1003s
     0     0  506.50000    0 11016          -  506.50000      -     - 1003s
     0     0  506.50000    0 8134          -  506.50000      -     - 1154s
     0     0  506.50000    0 6107          -  506.50000      -     - 1163s
     0     0  506.50000    0 6107          -  506.50000      -     - 1206s
     0     2  506.50000    0 6107          -  506.50000      -     - 1692s
     1     4  506.50000    1 7945          -  506.50000      -  3188 1704s
     3     8  506.50000    2 7026          -  506.50000      -  2716 1727s
     7    12  506.50000    3 7051          -  506.50000      -  2479 1742s
    11    21  506.50000    4 5464          -  506.50000      -  2023 1763s
    20    32  506.74639    5 10170          -  506.50000      -  1372 1782s
    36    40  507.01366   10 8126          -  506.50000      -  1202 1793s
    44    48  507.01366   13 10715          -  506.50000      -  1142 1815s
    52    63  507.01366   16 7999          -  506.50000      -  1125 1823s
    67    78  507.36659   19 7558          -  506.50000      -   955 1830s
    82    92  507.36659   22 8003          -  506.50000      -   818 1837s
    96    96  507.36659   24 6971          -  506.50000      -   715 1870s
   100   110  507.36659   25 6729          -  506.50000      -   693 1879s
   115   116  507.39803   28 6932          -  506.50000      -   645 1890s
   121   126  507.45689   29 7335          -  506.50000      -   643 1896s
   131   140  507.46565   36 6835          -  506.50000      -   625 1904s
   145   151  507.52243   41 7283          -  506.50000      -   591 1912s
   156   169  507.52243   45 6961          -  506.50000      -   571 1918s
   174   183  507.52243   52 6930          -  506.50000      -   531 1926s
   188   196  507.75050   61 7033          -  506.50000      -   504 1936s
   210   220  507.75050   67 7248          -  506.50000      -   478 1942s
   234   237  507.83455   73 6505          -  506.50000      -   444 1957s
   252   260  507.84262   82 7149          -  506.50000      -   437 1964s
   275   279  507.87971   95 8133          -  506.50000      -   414 1972s
   294   304  507.98652  109 7114          -  506.50000      -   398 1980s
   319   329  508.02519  115 6568          -  506.50000      -   380 1989s
   344   358  508.06507  128 8201          -  506.50000      -   363 1999s
   373   387  508.06507  133 8910          -  506.50000      -   346 2012s
   402   391  508.09452  145 8539          -  506.50000      -   328 2726s
   406   395  508.09452  146 7697          -  506.50000      -   328 3141s
   410   395  508.12194  147 7982          -  506.50000      -   326 3393s
   418   399  511.71325  148 6837          -  506.50000      -   331 3432s
   422   405  511.91854  149 7391          -  506.50000      -   355 3470s
   428   413  512.49950  150 7142          -  506.50000      -   376 3493s
   436   421  512.49950  151 7900          -  506.50000      -   393 3527s
   444   438  512.49950  152 6833          -  506.50000      -   399 3557s
   461   449  512.49950  153 6892          -  506.50000      -   399 3580s
   472   461  512.49950  154 6954          -  506.50000      -   403 3607s
   484   476  512.49950  155 8640          -  506.50000      -   401 3645s
   499   490  512.84686  156 8288          -  506.50000      -   409 3670s
   513   526  512.90905  157 7644          -  506.50000      -   410 3701s
   549   550  512.90905  158 8091          -  506.50000      -   396 3727s
   573   589  512.90905  159 8118          -  506.50000      -   390 3753s
   612   613  512.90905  160 9146          -  506.50000      -   379 3781s
   636   640  512.90905  161 8942          -  506.50000      -   381 3809s
   663   654  512.90905  162 8001          -  506.50000      -   379 3842s
   677   662  512.90905  163 9520          -  506.50000      -   385 3862s
   685   705  512.95220  164 7943          -  506.50000      -   397 3894s
   728   722  513.04413  165 9093          -  506.50000      -   386 3919s
   745   736  513.04413  166 9205          -  506.50000      -   392 3952s
   759   753  513.04413  167 8655          -  506.50000      -   399 3980s
   776   770  513.04413  168 9056          -  506.50000      -   407 4009s
   793   785  509.70548   25 9800          -  506.50000      -   432 4048s
   808   806  536.54343  168 7942          -  506.50000      -   458 4096s
   829   832  536.54343  169 11475          -  506.50000      -   473 4134s
   855   905  537.15855  170 11184          -  506.50000      -   481 4176s
   928   946  538.48853  171 8555          -  506.50000      -   455 4221s
   969   982  539.10335  172 9015          -  506.50000      -   452 4310s
  1005  1022  539.10335  173 9011          -  506.50000      -   453 4338s
  1045  1052  539.10335  174 7960          -  506.50000      -   454 4381s
  1075  1116  539.10335  175 8527          -  506.50000      -   458 4587s
  1139  1193  539.10335  176 8646          -  506.50000      -   446 4622s
  1216  1303  539.10335  177 8524          -  506.50000      -   443 4657s
  1326  1438  539.10335  178 8475          -  506.50000      -   425 4691s
  1461  1590  539.10335  179 8542          -  506.50000      -   405 4909s
  1613  1786  539.10335  180 8434          -  506.50000      -   381 4959s
  1809  1943  542.37239  195 8263          -  506.50000      -   360 5007s
  1968  2018  545.24483  234 8259          -  506.50000      -   357 5046s
  2043  2176  549.64766  241 8803          -  506.50000      -   364 5084s
  2201  2344  550.26426  261 9197          -  506.50000      -   361 5123s
  2369  2505  552.08641  283 6742          -  506.50000      -   351 5176s
  2530  2633  554.10728  318 8340          -  506.50000      -   350 5224s
  2658  2703  557.39403  341 9069          -  506.50000      -   354 5273s
  2728  2814  557.98568  362 6801          -  506.50000      -   366 5324s
  2839  2900  558.14234  383 6340          -  506.50000      -   371 5387s
  2933  2985  558.76691  408 5732          -  506.50000      -   386 5439s
  3020  2986  522.00000    9 6107          -  506.50000      -   398 7085s

Explored 3021 nodes (1654557 simplex iterations) in 7200.29 seconds (6435.64 work units)
Thread count was 4 (of 8 available processors)

Solution count 0

Time limit reached
Best objective -, best bound 5.065000000000e+02, gap -
