
Gurobi 13.0.2 (linux64) logging started Fri Jun 19 22:48:56 2026

Set parameter LogFile to value "src/Resultados/Restriccion cota global/logs/C101-50.xml_log.log"
Set parameter Threads to value 4
Gurobi Optimizer version 13.0.2 build v13.0.2rc1 (linux64 - "Rocky Linux 9.7 (Blue Onyx)")

CPU model: QEMU Virtual CPU version 2.5+, instruction set [SSE2]
Thread count: 8 physical cores, 8 logical processors, using up to 4 threads

Non-default parameters:
TimeLimit  7200
Threads  4

Optimize a model with 292073 rows, 177240 columns and 1233345 nonzeros (Min)
Model fingerprint: 0xefe5f6db
Model has 26865 linear objective coefficients
Variable types: 37740 continuous, 139500 integer (139485 binary)
Coefficient statistics:
  Matrix range     [1e+00, 4e+04]
  Objective range  [1e+00, 6e+01]
  Bounds range     [1e+00, 2e+03]
  RHS range        [1e+00, 4e+04]

Presolve removed 91965 rows and 180 columns (presolve time = 5s)...
Presolve removed 91995 rows and 195 columns
Presolve time: 7.29s
Presolved: 200078 rows, 177045 columns, 934590 nonzeros
Variable types: 0 continuous, 177045 integer (155910 binary)
Deterministic concurrent LP optimizer: primal simplex, dual simplex, and barrier
Showing barrier log only...

Root barrier log...

Ordering time: 4.09s

Barrier statistics:
 Dense cols : 15
 AA' NZ     : 2.952e+06
 Factor NZ  : 1.800e+07 (roughly 300 MB of memory)
 Factor Ops : 1.004e+10 (roughly 1 second per iteration)
 Threads    : 1

                  Objective                Residual
Iter       Primal          Dual         Primal    Dual     Compl     Time
   0   2.32461917e+06 -2.21211117e+06  7.84e+05 1.11e-16  2.06e+02    17s
   1   1.57104937e+06 -2.45415879e+06  5.33e+05 3.31e-01  1.34e+02    18s
   2   6.45707680e+05 -3.25794735e+06  2.23e+05 3.05e-02  5.78e+01    20s
   3   4.05347777e+05 -2.67383545e+06  1.40e+05 1.78e-04  3.53e+01    21s
   4   2.26786165e+05 -2.06279256e+06  7.79e+04 6.85e-03  1.94e+01    23s
   5   3.96826324e+04 -5.36679516e+05  1.29e+04 4.15e-05  3.29e+00    24s
   6   1.87730998e+04 -7.70243641e+04  5.85e+03 3.73e-14  1.02e+00    26s
   7   3.34512594e+03 -3.70444185e+04  6.65e+02 3.55e-14  1.65e-01    27s
   8   2.08535820e+03 -1.16957491e+04  2.49e+02 1.55e-14  5.83e-02    29s
   9   7.89411515e+02 -1.71885674e+03  1.38e+01 3.42e-09  6.66e-03    31s
  10   4.12352266e+02  1.54253436e+02  5.28e-01 3.71e-09  5.88e-04    33s
  11   3.63336918e+02  3.43325728e+02  1.96e-02 1.25e-10  4.25e-05    36s
  12   3.61204574e+02  3.61160031e+02  1.96e-05 7.35e-16  9.29e-08    38s
  13   3.61200005e+02  3.61199960e+02  1.06e-09 5.55e-16  9.29e-11    40s
  14   3.61200000e+02  3.61200000e+02  1.44e-10 5.55e-16  9.29e-14    42s

Barrier solved model in 14 iterations and 41.82 seconds (27.85 work units)
Optimal objective 3.61200000e+02


Root crossover log...

   23423 DPushes remaining with DInf 0.0000000e+00                42s
       0 DPushes remaining with DInf 0.0000000e+00                42s

   76555 PPushes remaining with PInf 0.0000000e+00                42s
   40739 PPushes remaining with PInf 0.0000000e+00                45s
    5588 PPushes remaining with PInf 0.0000000e+00                52s
       0 PPushes remaining with PInf 0.0000000e+00                54s

  Push phase complete: Pinf 0.0000000e+00, Dinf 5.2249871e-15     54s


Root simplex log...

Iteration    Objective       Primal Inf.    Dual Inf.      Time
   99921    3.6120000e+02   0.000000e+00   0.000000e+00     54s
Crossover time: 12.42 seconds (6.92 work units)
Concurrent spin time: 0.00s

Solved with barrier

Root relaxation: objective 3.612000e+02, 99921 iterations, 43.85 seconds (26.73 work units)

    Nodes    |    Current Node    |     Objective Bounds      |     Work
 Expl Unexpl |  Obj  Depth IntInf | Incumbent    BestBd   Gap | It/Node Time

     0     0  361.20000    0 16453          -  361.20000      -     -  201s
     0     0  361.20000    0 16051          -  361.20000      -     -  204s
     0     0  361.20000    0 12571          -  361.20000      -     -  207s
     0     0  361.20000    0 12596          -  361.20000      -     -  208s
     0     0  361.20000    0 8411          -  361.20000      -     -  241s
     0     0  361.20000    0 8411          -  361.20000      -     -  252s
     0     0  361.20000    0 9395          -  361.20000      -     -  270s
     0     0  361.20000    0 8167          -  361.20000      -     -  277s
     0     0  361.20000    0 8167          -  361.20000      -     -  277s
     0     0  361.20000    0 7047          -  361.20000      -     -  361s
     0     0  361.20000    0 7048          -  361.20000      -     -  378s
     0     0  361.20000    0 11962          -  361.20000      -     -  415s
     0     0  361.20000    0 11962          -  361.20000      -     -  415s
     0     0  361.20000    0 5723          -  361.20000      -     -  528s
     0     0  361.20000    0 6367          -  361.20000      -     -  544s
     0     0  361.20000    0 5653          -  361.20000      -     -  552s
     0     0  361.20000    0 5625          -  361.20000      -     -  552s
     0     0  361.20000    0 5296          -  361.20000      -     -  568s
     0     0  361.20000    0 5296          -  361.20000      -     -  568s
     0     0  361.20000    0 4678          -  361.20000      -     -  638s
     0     0  361.20000    0 4679          -  361.20000      -     -  646s
     0     0  361.20000    0 4687          -  361.20000      -     -  648s
     0     0  361.20000    0 3178          -  361.20000      -     -  676s
     0     0  361.20000    0 3176          -  361.20000      -     -  676s
     0     0  361.20000    0 2143          -  361.20000      -     -  755s
     0     0  361.20009    0 2261          -  361.20009      -     -  769s
     0     0  361.20009    0 2331          -  361.20009      -     -  775s
     0     0  361.20009    0 1774          -  361.20009      -     -  791s
     0     0  361.20009    0 1774          -  361.20009      -     -  791s
     0     0  361.20009    0 1774          -  361.20009      -     -  832s
     0     0  361.20009    0 1772          -  361.20009      -     -  837s
     0     0  361.20009    0 1852          -  361.20009      -     -  865s
     0     0  361.20009    0 1844          -  361.20009      -     -  865s
     0     0  361.20009    0 2091          -  361.20009      -     -  876s
     0     0  361.20009    0 2201          -  361.20009      -     -  896s
     0     0  361.20009    0 2201          -  361.20009      -     -  896s
     0     0  361.20009    0 2201          -  361.20009      -     -  974s
H    0     0                     447.7000000  361.20009  19.3%     - 1263s
H    0     0                     435.7000000  361.20009  17.1%     - 1270s
H    0     0                     433.8000000  361.20009  16.7%     - 1313s
     0     0  361.20009    0 7006  433.80000  361.20009  16.7%     - 1498s
     0     0  361.20009    0 7065  433.80000  361.20009  16.7%     - 1533s
     0     0  361.20009    0 7065  433.80000  361.20009  16.7%     - 1533s
     0     0  361.20009    0 6502  433.80000  361.20009  16.7%     - 1596s
     0     0  361.20009    0 5473  433.80000  361.20009  16.7%     - 1603s
     0     0  361.20009    0 5907  433.80000  361.20009  16.7%     - 1604s
     0     0  361.20009    0 7802  433.80000  361.20009  16.7%     - 1615s
     0     0  361.20009    0 7801  433.80000  361.20009  16.7%     - 1615s
     0     0  361.20009    0 4931  433.80000  361.20009  16.7%     - 1682s
     0     0  361.20009    0 5190  433.80000  361.20009  16.7%     - 1690s
     0     0  361.20009    0 5190  433.80000  361.20009  16.7%     - 1690s
     0     0  361.20009    0 3814  433.80000  361.20009  16.7%     - 1783s
     0     2  361.20009    0 3814  433.80000  361.20009  16.7%     - 1850s
     1     3  362.40000    1 3532  433.80000  361.20009  16.7%  5215 1870s
     2     6  397.60000    2 3207  433.80000  361.20009  16.7%  4764 1903s
     5     9  362.40000    3 2939  433.80000  361.20009  16.7%  3982 1936s
     8    13  361.20009    3 2671  433.80000  361.20009  16.7%  4683 1979s
    12    26  361.20009    4 2115  433.80000  361.20009  16.7%  3900 2019s
    25    38  362.40000    5 3932  433.80000  361.20009  16.7%  3040 2040s
    37    50  362.40000    6 3568  433.80000  361.20009  16.7%  2414 2071s
    49    58  361.20009    6 2723  433.80000  361.20009  16.7%  1958 2082s
    57    68  361.20009    7 2711  433.80000  361.20009  16.7%  1858 2104s
    67    72  361.20009    8 2319  433.80000  361.20009  16.7%  1633 2129s
    71    79  361.20009   10 3922  433.80000  361.20009  16.7%  1694 2152s
    78    87  361.20009   11 3974  433.80000  361.20009  16.7%  1584 2171s
    86    98  361.20009   12 4079  433.80000  361.20009  16.7%  1490 2183s
    97   109  361.20074   13 2400  433.80000  361.20009  16.7%  1392 2206s
   108   123  362.40000   13 3775  433.80000  361.20009  16.7%  1344 2235s
   122   132  362.40000   14 3510  433.80000  361.20009  16.7%  1304 2265s
   131   145  361.21507   14 3880  433.80000  361.20009  16.7%  1430 2284s
   146   164  361.21507   15 4302  433.80000  361.20009  16.7%  1315 2314s
   165   179  362.40000   18 3151  433.80000  361.20009  16.7%  1236 2334s
   182   204  362.40000   19 3150  433.80000  361.20009  16.7%  1126 2357s
   209   238  362.40000   26 3141  433.80000  361.20009  16.7%   986 2375s
   243   279  362.40000   37 3044  433.80000  361.20009  16.7%   869 2388s
   284   283  362.40000   50 2992  433.80000  361.20009  16.7%   763 2418s
   288   326  362.40000   51 2989  433.80000  361.20009  16.7%   752 2433s
   333   353  362.40000   66 2944  433.80000  361.20009  16.7%   651 2462s
   360   357  362.40000   75 2863  433.80000  361.20009  16.7%   615 2490s
   364   362  362.40000   76 2860  433.80000  361.20009  16.7%   608 2505s
   369   366  362.40000   78 2906  433.80000  361.20009  16.7%   616 2532s
   373   407  362.40000   79 2903  433.80000  361.20009  16.7%   627 2552s
   414   411  362.40000   98 2860  433.80000  361.20009  16.7%   616 2599s
   418   434  362.40000   99 2857  433.80000  361.20009  16.7%   610 2617s
   441   438  362.40000  100 2854  433.80000  361.20009  16.7%   588 2666s
   445   448  362.40000  101 2849  433.80000  361.20009  16.7%   582 2686s
   455   483  362.40000  102 2846  433.80000  361.20009  16.7%   584 2706s
   490   541  362.40000  125 2752  433.80000  361.20009  16.7%   557 2726s
   550   576  389.80000  148 3505  433.80000  361.20009  16.7%   511 2753s
   587   641  362.40000  150 2077  433.80000  361.20009  16.7%   512 2774s
   652   688  362.40000  174 2033  433.80000  361.20009  16.7%   502 2801s
   701   739  362.40000  186 2001  433.80000  361.20009  16.7%   509 2822s
   752   788  362.40000  222 1977  433.80000  361.20009  16.7%   502 2839s
   801   841  362.40000  260 1978  433.80000  361.20009  16.7%   500 2867s
   854   928  362.40000  296 1970  433.80000  361.20009  16.7%   487 2888s
   943   932  362.40000  325 1980  433.80000  361.20009  16.7%   464 2944s
   947   985  362.40000  326 1978  433.80000  361.20009  16.7%   462 2971s
  1002  1061  362.40000  360 1974  433.80000  361.20009  16.7%   460 2997s
  1080  1088  362.40000  380 1883  433.80000  361.20009  16.7%   461 3026s
  1109  1109  362.40000  384 1974  433.80000  361.20009  16.7%   476 3057s
  1138  1147  397.60000  392 1812  433.80000  361.20009  16.7%   502 3084s
  1180  1232  382.16364  402 2649  433.80000  361.20009  16.7%   521 3113s
  1273  1237  362.40000  414 1536  433.80000  361.20009  16.7%   513 3279s
  1278  1248  362.40000  415 1536  433.80000  361.20009  16.7%   514 3307s
  1289  1315  382.16364  415 3815  433.80000  361.20009  16.7%   530 3340s
  1362  1380  362.40000  451 1437  433.80000  361.20009  16.7%   519 3369s
  1429  1467  362.40000  497 1379  433.80000  361.20009  16.7%   522 3403s
  1516  1579  362.40000  569 1336  433.80000  361.20009  16.7%   505 3432s
  1638  1679  362.40000  607 1567  433.80000  361.20009  16.7%   497 3465s
  1744  1747  362.40000  685 1584  433.80000  361.20009  16.7%   490 3501s
  1818  1878  362.40000  721 1442  433.80000  361.20009  16.7%   496 3534s
  1957  1948  362.40000  753 1700  433.80000  361.20009  16.7%   480 3571s
  2027  2087  362.40000  775 1699  433.80000  361.20009  16.7%   472 3605s
  2176  2238  362.40000  855 1263  433.80000  361.20009  16.7%   456 3644s
  2327  2348  362.40000  866 1441  433.80000  361.20009  16.7%   442 3683s
  2439  2352  362.40000  872 1496  433.80000  361.20009  16.7%   436 3900s
  2443  2356  426.40000  873 1845  433.80000  361.20009  16.7%   438 4013s
  2447  2378  362.40000  873 1493  433.80000  361.20009  16.7%   438 4073s
  2469  2445  362.40000  879 1498  433.80000  361.20009  16.7%   444 4120s
H 2538  2443                     427.2000000  361.20009  15.4%   446 4172s
  2542  2693  419.70084  886 2577  427.20000  361.20009  15.4%   447 4213s
  2806  2876  362.40000  898  680  427.20000  361.20009  15.4%   418 4257s
  2991  3068  362.40000  908 1278  427.20000  361.20009  15.4%   407 4298s
  3191  3283  362.40000  973  932  427.20000  361.20009  15.4%   387 4339s
  3432  3461  362.40000 1038  839  427.20000  361.20009  15.4%   372 4380s
  3644  3465  362.40000 1051 1141  427.20000  361.20009  15.4%   364 4518s
  3648  3468     cutoff 1051       427.20000  361.20009  15.4%   364 4646s
H 3650  3442                     425.3000000  361.20009  15.1%   363 4646s
  3653  3706     cutoff 1052       425.30000  361.20009  15.1%   363 4681s
  3929  3857  362.40000 1131 1464  425.30000  361.20009  15.1%   343 4730s
  4090  3974  375.22867 1182 5322  425.30000  361.20009  15.1%   336 4800s
  4213  4038     cutoff 1183       425.30000  361.20009  15.1%   337 4855s
  4301  4100  412.40000 1185 2102  425.30000  361.20009  15.1%   331 4914s
  4381  4141  411.25351 1185 5921  425.30000  361.20009  15.1%   328 4966s
  4426  4204  411.80957 1186 5234  425.30000  361.20009  15.1%   330 5039s
  4509  4290  412.30000 1187 5151  425.30000  361.20009  15.1%   327 5115s
  4595  4374  412.30000 1188 5480  425.30000  361.20009  15.1%   321 5201s
H 4680  4374                     423.8000000  361.20009  14.8%   317 5201s
  4681  4626  412.30000 1189 5105  423.80000  361.20009  14.8%   317 5290s
  4966  4817  362.40000   22 1611  423.80000  361.20009  14.8%   309 5355s
  5188  4818  362.40000  702 3814  423.80000  361.20009  14.8%   302 5845s
  5190  4819  362.40000  217 1876  423.80000  361.20009  14.8%   301 6103s
  5191  4820  362.40000  250 1819  423.80000  361.20086  14.8%   301 6135s
  5193  4821  362.63287 1149 1818  423.80000  361.20091  14.8%   301 6196s
  5194  4822  382.40000  647 1818  423.80000  361.20091  14.8%   301 6208s
  5195  4826  361.20469   15 4077  423.80000  361.20091  14.8%   328 6293s
  5197  4829  361.20813   16 3572  423.80000  361.20813  14.8%   329 6327s
  5201  4832  361.20880   17 3534  423.80000  361.20813  14.8%   329 6334s
  5205  4843  361.20958   18 3261  423.80000  361.20813  14.8%   329 6359s
  5218  4845  362.40000   19 2415  423.80000  361.20813  14.8%   331 6403s
  5224  4850  361.21166   20 2935  423.80000  361.20813  14.8%   332 6569s
  5231  4855  361.21166   21 2956  423.80000  361.20813  14.8%   334 6661s
  5238  4859  361.21166   22 3034  423.80000  361.20813  14.8%   336 6697s
  5245  4870  361.21166   22 2894  423.80000  361.20813  14.8%   338 6717s
  5258  4874  361.21308   24 2724  423.80000  361.20813  14.8%   341 6743s
  5266  4884  361.21308   24 3534  423.80000  361.20813  14.8%   342 6756s
  5279  4888  361.21308   26 2724  423.80000  361.20813  14.8%   344 6767s
  5287  4894  361.21490   27 2565  423.80000  361.20813  14.8%   347 6779s
  5296  4902  361.21730   28 2459  423.80000  361.20813  14.8%   349 6787s
  5307  4905  361.21730   29 2459  423.80000  361.20813  14.8%   350 6801s
  5314  4912  361.22063   30 2447  423.80000  361.20813  14.8%   352 6810s
  5323  4917  361.22553   31 2200  423.80000  361.20813  14.8%   354 6823s
  5331  4923  361.23350   32 1873  423.80000  361.20813  14.8%   357 6839s
  5340  4933  362.40000   33 1708  423.80000  361.20813  14.8%   359 6850s
  5353  4947  362.40000   34 1320  423.80000  361.20813  14.8%   360 6862s
  5373  4946  382.60000   38 2246  423.80000  361.20813  14.8%   362 6875s
  5379  4953  362.40000   39 1260  423.80000  361.20813  14.8%   362 6929s
  5388  4960  382.60000   39 2591  423.80000  361.20813  14.8%   364 6947s
  5398  4969  362.40000   40 1136  423.80000  361.20813  14.8%   366 6976s
  5410  4976  397.60000   40 1590  423.80000  361.20813  14.8%   370 6992s
  5421  4988  362.40000   41 1088  423.80000  361.20813  14.8%   372 7010s
  5437  4992  382.60000   41 2055  423.80000  361.20813  14.8%   374 7025s
  5446  5000  362.40000   42 1081  423.80000  361.20813  14.8%   375 7048s
  5457  5007  362.40000   43 1075  423.80000  361.20813  14.8%   379 7065s
  5468  5012  362.40000   45 1067  423.80000  361.20813  14.8%   382 7092s
  5478  5018  362.40000   47 1050  423.80000  361.20813  14.8%   386 7111s
  5500  5017  362.40000   49 1046  423.80000  361.20813  14.8%   388 7138s
  5514  5021  362.40000   50 1045  423.80000  361.20813  14.8%   390 7156s
  5527  5029  382.47185   52 1519  423.80000  361.20813  14.8%   395 7172s
  5552  5035  382.46586   53 2860  423.80000  361.20813  14.8%   397 7194s
  5570  5031  362.40000   56 1261  423.80000  361.20813  14.8%   400 7200s

Cutting planes:
  Gomory: 1
  Implied bound: 2
  Clique: 71
  MIR: 1
  RLT: 5
  Relax-and-lift: 1

Explored 5572 nodes (2891976 simplex iterations) in 7200.23 seconds (6652.77 work units)
Thread count was 4 (of 8 available processors)

Solution count 6: 423.8 425.3 427.2 ... 447.7

Time limit reached
Best objective 4.238000000000e+02, best bound 3.613000000000e+02, gap 14.7475%
