
Gurobi 13.0.2 (linux64) logging started Sat Jun 20 02:49:44 2026

Set parameter LogFile to value "src/Resultados/Restriccion cota global/logs/C102-50.xml_log.log"
Set parameter Threads to value 4
Gurobi Optimizer version 13.0.2 build v13.0.2rc1 (linux64 - "Rocky Linux 9.7 (Blue Onyx)")

CPU model: QEMU Virtual CPU version 2.5+, instruction set [SSE2]
Thread count: 8 physical cores, 8 logical processors, using up to 4 threads

Non-default parameters:
TimeLimit  7200
Threads  4

Optimize a model with 306518 rows, 190305 columns and 1357695 nonzeros (Min)
Model fingerprint: 0xd14f3410
Model has 38130 linear objective coefficients
Variable types: 38190 continuous, 152115 integer (152100 binary)
Coefficient statistics:
  Matrix range     [1e+00, 4e+04]
  Objective range  [1e+00, 6e+01]
  Bounds range     [1e+00, 2e+03]
  RHS range        [1e+00, 4e+04]

Presolve removed 93150 rows and 180 columns (presolve time = 5s)...
Presolve removed 93180 rows and 195 columns
Presolve time: 8.71s
Presolved: 213338 rows, 190110 columns, 1054710 nonzeros
Variable types: 690 continuous, 189420 integer (168975 binary)
Deterministic concurrent LP optimizer: primal simplex, dual simplex, and barrier
Showing barrier log only...

Root barrier log...

Elapsed ordering time = 5s
Ordering time: 6.93s

Barrier statistics:
 Dense cols : 30
 AA' NZ     : 4.945e+06
 Factor NZ  : 3.076e+07 (roughly 400 MB of memory)
 Factor Ops : 2.580e+10 (roughly 3 seconds per iteration)
 Threads    : 1

                  Objective                Residual
Iter       Primal          Dual         Primal    Dual     Compl     Time
   0   6.61579667e+06 -4.26062742e+06  6.70e+05 2.22e-16  3.47e+02    23s
   1   4.14114600e+06 -5.22914156e+06  4.23e+05 7.30e-01  2.16e+02    26s
   2   8.93138287e+05 -6.45893378e+06  9.28e+04 1.09e-01  5.52e+01    29s
   3   2.57082020e+05 -3.14575109e+06  2.64e+04 1.29e-14  1.61e+01    32s
   4   6.64157147e+04 -6.39546948e+05  6.70e+03 4.02e-04  3.49e+00    34s
   5   4.68422428e+04 -6.28715035e+05  4.67e+03 3.94e-04  2.78e+00    37s
   6   7.30952902e+03 -1.05612591e+05  5.98e+02 8.28e-06  3.71e-01    40s
   7   3.33015764e+03 -8.12939948e+04  1.96e+02 6.00e-06  2.10e-01    43s
   8   2.45858340e+03 -5.62480498e+04  1.18e+02 4.07e-06  1.39e-01    47s
   9   1.18076612e+03 -5.03724312e+03  1.17e+01 1.74e-07  1.50e-02    52s
  10   7.15345982e+02 -1.44518426e+03  2.96e+00 4.92e-08  4.90e-03    56s
  11   6.84612490e+02 -5.48312041e+02  2.23e+00 2.36e-08  2.84e-03    61s
  12   3.57436667e+02  1.36143704e+00  9.77e-02 6.27e-09  7.04e-04    67s
  13   3.08381575e+02  2.56173823e+02  4.91e-03 7.04e-10  1.01e-04    72s
  14   3.02643518e+02  2.99956670e+02  3.52e-05 1.18e-11  5.19e-06    77s
  15   3.02501031e+02  3.02491849e+02  2.48e-08 6.66e-16  1.77e-08    81s
  16   3.02500001e+02  3.02499992e+02  2.20e-09 6.66e-16  1.77e-11    85s
  17   3.02500000e+02  3.02500000e+02  3.95e-11 6.66e-16  1.77e-14    89s

Barrier solved model in 17 iterations and 89.20 seconds (59.24 work units)
Optimal objective 3.02500000e+02


Root crossover log...

   23581 DPushes remaining with DInf 0.0000000e+00                89s
       0 DPushes remaining with DInf 0.0000000e+00                90s

   77568 PPushes remaining with PInf 0.0000000e+00                90s
   47000 PPushes remaining with PInf 0.0000000e+00                96s
   27334 PPushes remaining with PInf 0.0000000e+00               100s
    6034 PPushes remaining with PInf 0.0000000e+00               111s
    1402 PPushes remaining with PInf 0.0000000e+00               115s
       0 PPushes remaining with PInf 0.0000000e+00               116s

  Push phase complete: Pinf 0.0000000e+00, Dinf 4.4738518e-15    117s


Root simplex log...

Iteration    Objective       Primal Inf.    Dual Inf.      Time
  101092    3.0250000e+02   0.000000e+00   0.000000e+00    117s
Crossover time: 27.43 seconds (12.47 work units)
Concurrent spin time: 0.00s

Solved with barrier

Root relaxation: objective 3.025000e+02, 101092 iterations, 104.53 seconds (62.88 work units)

    Nodes    |    Current Node    |     Objective Bounds      |     Work
 Expl Unexpl |  Obj  Depth IntInf | Incumbent    BestBd   Gap | It/Node Time

     0     0  302.50000    0 17273          -  302.50000      -     -  350s
     0     0  302.50000    0 18252          -  302.50000      -     -  362s
     0     0  302.50000    0 14757          -  302.50000      -     -  364s
     0     0  302.50000    0 14952          -  302.50000      -     -  366s
     0     0  302.50000    0 23860          -  302.50000      -     -  374s
     0     0  302.50000    0 19729          -  302.50000      -     -  383s
     0     0  302.50000    0 18783          -  302.50000      -     -  386s
     0     0  302.78324    0 17788          -  302.78324      -     -  392s
     0     0  304.70000    0 25375          -  304.70000      -     -  402s
     0     0  304.70000    0 19212          -  304.70000      -     -  405s
     0     0  304.70000    0 16690          -  304.70000      -     -  407s
     0     0  304.70000    0 18640          -  304.70000      -     -  455s
     0     0  304.70000    0 28149          -  304.70000      -     -  475s
     0     0  304.70000    0 18639          -  304.70000      -     -  491s
     0     0  304.70000    0 25593          -  304.70000      -     -  502s
     0     0  306.40000    0 24479          -  306.40000      -     -  512s
     0     0  306.40000    0 16960          -  306.40000      -     -  518s
     0     0  306.40000    0 21273          -  306.40000      -     -  536s
     0     0  306.40000    0 22425          -  306.40000      -     -  552s
     0     0  306.40000    0 28145          -  306.40000      -     -  567s
     0     0  306.40000    0 24426          -  306.40000      -     -  573s
     0     0  306.40000    0 20083          -  306.40000      -     -  574s
     0     0  306.40000    0 21183          -  306.40000      -     -  594s
     0     0  307.24011    0 27489          -  307.24011      -     -  602s
     0     0  310.00000    0 30668          -  310.00000      -     -  615s
     0     0  310.00000    0 37766          -  310.00000      -     -  623s
     0     0  310.00000    0 22653          -  310.00000      -     -  637s
     0     0  310.00000    0 26332          -  310.00000      -     -  647s
     0     0  310.00000    0 23988          -  310.00000      -     -  653s
     0     0  310.00000    0 23091          -  310.00000      -     -  659s
     0     0  310.00000    0 19166          -  310.00000      -     -  684s
     0     0  333.10000    0 21945          -  333.10000      -     -  704s
     0     0  333.10000    0 21942          -  333.10000      -     -  705s
     0     0  333.10000    0 30093          -  333.10000      -     -  757s
     0     0  333.10000    0 30086          -  333.10000      -     -  758s
     0     0  333.10000    0 33022          -  333.10000      -     -  774s
     0     0  333.10000    0 30057          -  333.10000      -     -  824s
     0     0  333.10000    0 26155          -  333.10000      -     -  836s
     0     0  333.10000    0 24907          -  333.10000      -     -  877s
     0     0  333.10000    0 24907          -  333.10000      -     -  878s
     0     0  333.10000    0 8006          -  333.10000      -     - 1121s
     0     0  333.10000    0 8029          -  333.10000      -     - 1133s
     0     0  333.10000    0 4370          -  333.10000      -     - 1145s
     0     0  333.10000    0 3547          -  333.10000      -     - 1148s
     0     0  333.10000    0 18409          -  333.10000      -     - 1196s
     0     0  333.10000    0 18884          -  333.10000      -     - 1198s
     0     0  333.10000    0 18884          -  333.10000      -     - 1198s
     0     0  333.10000    0 10157          -  333.10000      -     - 1322s
     0     0  333.10000    0 9210          -  333.10000      -     - 1332s
     0     0  333.10000    0 9170          -  333.10000      -     - 1340s
     0     0  333.10000    0 9160          -  333.10000      -     - 1341s
     0     0  333.10000    0 9158          -  333.10000      -     - 1341s
     0     0  333.10000    0 23989          -  333.10000      -     - 1403s
     0     0  333.10000    0 23982          -  333.10000      -     - 1403s
     0     0  333.10000    0 8123          -  333.10000      -     - 1549s
     0     0  333.10000    0 6591          -  333.10000      -     - 1555s
     0     0  333.10000    0 6591          -  333.10000      -     - 1630s
     0     2  333.10000    0 6591          -  333.10000      -     - 1760s
     1     3  333.22236    1 12838          -  333.10000      -  6273 1785s
     2     6  339.88475    2 15141          -  333.10000      -  4657 1798s
     5    10  340.33195    3 14355          -  333.10000      -  3435 1821s
     9    17  340.88698    4 16562          -  333.10000      -  3441 1866s
    16    20  343.84812    5 14381          -  333.10000      -  2112 1901s
    20    23 infeasible    5               -  333.10000      -  1721 1994s
    25    27  346.91699    7 13757          -  333.10000      -  1497 2118s
    29    31  345.28297    7 12908          -  333.10000      -  1503 2203s
    33    34 infeasible    8               -  333.10000      -  1430 2289s
    38    38  347.15741    9 13192          -  333.10000      -  1415 2356s
    42    42  347.20988   10 13047          -  333.10000      -  1328 2439s
    46    46  347.46022   11 11973          -  333.10000      -  1262 2522s
    50    50  347.51028   12 13497          -  333.10000      -  1183 2604s
    54    53  347.53519   13 12026          -  333.10000      -  1112 2690s
    58    57  348.09054   14 12026          -  333.10000      -  1059 2774s
    62    61  349.22920   15 12401          -  333.10000      -  1031 2854s
    66    65  349.68760   16 11087          -  333.10000      -  1051 2924s
    70    69  350.12938   17 12952          -  333.10000      -  1024 3004s
    74    73  353.37751   18 12610          -  333.10000      -  1059 3105s
    78    77  351.52227   18 12948          -  333.10000      -  1070 3242s
    82    81  355.56813   19 12174          -  333.10000      -  1055 3328s
    86    85  353.68663   19 11336          -  333.10000      -  1043 3398s
    90    93  355.72176   20 14066          -  333.10000      -  1048 3695s
    98   101  356.12835   21 14226          -  333.10000      -  1014 3762s
   106   114 infeasible   22               -  333.10000      -   967 3841s
   121   129  363.35184   23 12368          -  333.10000      -   911 3973s
   137   147 infeasible   23               -  333.10000      -   862 4066s
   159   167 infeasible   29               -  333.10000      -   807 4142s
   183   183 infeasible   34               -  333.10000      -   852 4325s
   205   227  333.60617    7 9513          -  333.10000      -   849 4365s
   249   261  334.96984   16 12085          -  333.10000      -   825 4407s
   287   301  337.10000   18 13075          -  333.10000      -   831 4462s
   327   347  337.10000   22 17335          -  333.10000      -   812 4518s
   373   363  337.86241   36 15710          -  333.10000      -   805 4612s
   389   423  337.92513   40 15749          -  333.10000      -   824 4657s
   449   502  338.06343   54 13208          -  333.10000      -   784 4733s
   528   599  338.13365   76 11112          -  333.10000      -   717 4772s
   625   708  338.14870  102 10747          -  333.10000      -   649 4815s
   734   830  338.31269  134 16019          -  333.10000      -   588 4856s
   856   943  338.48326  167 7222          -  333.10000      -   538 4893s
   969  1034  338.66109  210 7096          -  333.10000      -   499 4940s
  1060  1038  338.68863  215 11099          -  333.10000      -   481 5478s
  1064  1042  338.70392  216 6683          -  333.10000      -   483 5971s
  1068  1046  338.70392  217 6885          -  333.10000      -   482 6471s
  1072  1050  338.70392  218 6725          -  333.10000      -   484 7200s

Cutting planes:
  Gomory: 3
  Cover: 1817
  Implied bound: 2336
  Clique: 621
  MIR: 985
  StrongCG: 22
  Flow cover: 33
  GUB cover: 4
  Zero half: 3
  RLT: 172
  Relax-and-lift: 3005
  BQP: 110
  PSD: 1

Explored 1076 nodes (1071239 simplex iterations) in 7200.35 seconds (6648.23 work units)
Thread count was 4 (of 8 available processors)

Solution count 0

Time limit reached
Best objective -, best bound 3.331000000000e+02, gap -
