
Gurobi 13.0.2 (linux64) logging started Sat Jun 20 18:12:39 2026

Set parameter LogFile to value "src/Resultados/Restriccion cota global/logs/C106-50.xml_log.log"
Set parameter Threads to value 4
Gurobi Optimizer version 13.0.2 build v13.0.2rc1 (linux64 - "Rocky Linux 9.7 (Blue Onyx)")

CPU model: QEMU Virtual CPU version 2.5+, instruction set [SSE2]
Thread count: 8 physical cores, 8 logical processors, using up to 4 threads

Non-default parameters:
TimeLimit  7200
Threads  4

Optimize a model with 293183 rows, 178350 columns and 1244445 nonzeros (Min)
Model fingerprint: 0x136599d8
Model has 27975 linear objective coefficients
Variable types: 37740 continuous, 140610 integer (140595 binary)
Coefficient statistics:
  Matrix range     [1e+00, 4e+04]
  Objective range  [1e+00, 6e+01]
  Bounds range     [1e+00, 2e+03]
  RHS range        [1e+00, 4e+04]

Presolve removed 91965 rows and 180 columns (presolve time = 5s)...
Presolve removed 91995 rows and 195 columns
Presolve time: 7.63s
Presolved: 201188 rows, 178155 columns, 945390 nonzeros
Variable types: 690 continuous, 177465 integer (157020 binary)
Deterministic concurrent LP optimizer: primal simplex, dual simplex, and barrier
Showing barrier log only...

Root barrier log...

Elapsed ordering time = 5s
Ordering time: 5.45s

Barrier statistics:
 Dense cols : 15
 AA' NZ     : 3.120e+06
 Factor NZ  : 1.940e+07 (roughly 300 MB of memory)
 Factor Ops : 1.153e+10 (roughly 1 second per iteration)
 Threads    : 1

                  Objective                Residual
Iter       Primal          Dual         Primal    Dual     Compl     Time
   0   4.31837653e+06 -4.26247862e+06  5.16e+05 2.22e-16  2.80e+02    18s
   1   2.51398138e+06 -4.51312544e+06  3.03e+05 7.55e-01  1.64e+02    20s
   2   6.92948525e+05 -5.40748299e+06  8.52e+04 1.96e-01  5.21e+01    22s
   3   1.81218929e+05 -2.97042810e+06  2.20e+04 1.39e-02  1.50e+01    23s
   4   3.60305016e+04 -4.25539111e+05  4.25e+03 5.13e-06  2.39e+00    25s
   5   4.14703155e+03 -9.59542100e+04  3.24e+02 5.28e-07  2.95e-01    27s
   6   1.95272825e+03 -1.44636287e+04  7.89e+01 4.44e-08  5.21e-02    29s
   7   7.46021970e+02 -1.83033424e+03  3.16e+00 3.27e-09  5.98e-03    32s
   8   4.42714055e+02 -2.47139859e+01  3.92e-01 3.91e-10  1.04e-03    35s
   9   3.62118079e+02  3.31542035e+02  7.17e-03 7.74e-12  6.38e-05    38s
  10   3.59812129e+02  3.59690516e+02  3.41e-06 9.21e-15  2.52e-07    40s
  11   3.59800012e+02  3.59799891e+02  5.74e-11 1.11e-15  2.52e-10    42s
  12   3.59800000e+02  3.59800000e+02  2.97e-11 1.11e-15  2.52e-13    45s

Barrier solved model in 12 iterations and 44.65 seconds (26.83 work units)
Optimal objective 3.59800000e+02


Root crossover log...

   22439 DPushes remaining with DInf 0.0000000e+00                45s
     285 DPushes remaining with DInf 0.0000000e+00                45s
       0 DPushes remaining with DInf 0.0000000e+00                45s

   76569 PPushes remaining with PInf 0.0000000e+00                45s
   11504 PPushes remaining with PInf 0.0000000e+00                53s
    7425 PPushes remaining with PInf 0.0000000e+00                55s
    1193 PPushes remaining with PInf 0.0000000e+00                60s
       0 PPushes remaining with PInf 0.0000000e+00                61s

  Push phase complete: Pinf 0.0000000e+00, Dinf 5.7315264e-15     61s


Root simplex log...

Iteration    Objective       Primal Inf.    Dual Inf.      Time
   98951    3.5980000e+02   0.000000e+00   0.000000e+00     61s
Crossover time: 16.74 seconds (8.17 work units)
Concurrent spin time: 0.00s

Solved with barrier

Root relaxation: objective 3.598000e+02, 98951 iterations, 50.94 seconds (27.24 work units)

    Nodes    |    Current Node    |     Objective Bounds      |     Work
 Expl Unexpl |  Obj  Depth IntInf | Incumbent    BestBd   Gap | It/Node Time

     0     0  359.80000    0 14539          -  359.80000      -     -  284s
     0     0  359.80000    0 11507          -  359.80000      -     -  287s
     0     0  359.80000    0 10834          -  359.80000      -     -  290s
     0     0  359.80000    0 15410          -  359.80000      -     -  316s
     0     0  359.80000    0 15066          -  359.80000      -     -  321s
     0     0  359.80000    0 15066          -  359.80000      -     -  331s
     0     0  359.80000    0 15781          -  359.80000      -     -  335s
     0     0  359.80000    0 15782          -  359.80000      -     -  339s
     0     0  359.80000    0 19778          -  359.80000      -     -  375s
     0     0  359.80000    0 19780          -  359.80000      -     -  381s
     0     0  359.80000    0 7349          -  359.80000      -     -  495s
     0     0  359.80000    0 7656          -  359.80000      -     -  514s
     0     0  359.80000    0 7654          -  359.80000      -     -  515s
     0     0  359.80000    0 20630          -  359.80000      -     -  596s
     0     0  359.80000    0 20630          -  359.80000      -     -  596s
     0     0  359.80000    0 8681          -  359.80000      -     -  761s
     0     0  359.80000    0 9864          -  359.80000      -     -  783s
     0     0  359.80000    0 8721          -  359.80000      -     -  788s
     0     0  359.80000    0 8270          -  359.80000      -     -  791s
     0     0  359.80000    0 11540          -  359.80000      -     -  826s
     0     0  359.80000    0 11540          -  359.80000      -     -  826s
     0     0  359.80000    0 11540          -  359.80000      -     -  952s
     0     0  359.80000    0 11099          -  359.80000      -     -  969s
     0     0  359.80000    0 15211          -  359.80000      -     - 1015s
     0     0  359.80000    0 15560          -  359.80000      -     - 1016s
     0     0  359.80000    0 11869          -  359.80000      -     - 1189s
     0     0  359.80000    0 14822          -  359.80000      -     - 1208s
     0     0  359.80000    0 14797          -  359.80000      -     - 1210s
     0     0  359.80000    0 24553          -  359.80000      -     - 1255s
     0     0  359.80000    0 24553          -  359.80000      -     - 1256s
     0     0  359.80000    0 12906          -  359.80000      -     - 1302s
     0     0  359.80000    0 10889          -  359.80000      -     - 1317s
     0     0  359.80000    0 10889          -  359.80000      -     - 1356s
     0     2  359.80000    0 10889          -  359.80000      -     - 2114s
     1     4  359.80000    1 10616          -  359.80000      -  2463 2123s
     3     8  359.80000    2 11218          -  359.80000      -  1808 2145s
     7    12  359.80000    3 9981          -  359.80000      -   991 2154s
    11    20  359.80000    4 9972          -  359.80000      -   763 2171s
    19    32  359.85259    5 10542          -  359.80000      -   666 2186s
    31    46  359.90756   10 10662          -  359.80000      -   739 2197s
    45    57  359.90965   13 11728          -  359.80000      -   644 2201s
    56    63  359.90965   16 10990          -  359.80000      -   575 2206s
    62    67  359.90965   17 10661          -  359.80000      -   579 2212s
    66    81  359.91887   18 10675          -  359.80000      -   563 2220s
    80    92  359.92582   23 11211          -  359.80000      -   500 2234s
    91    97  359.93550   27 10617          -  359.80000      -   503 2239s
    96   106  359.93550   29 11197          -  359.80000      -   496 2255s
   105   112  359.93574   32 11737          -  359.80000      -   519 2266s
   111   132  359.93640   33 11201          -  359.80000      -   498 2271s
   131   136  359.94070   38 10718          -  359.80000      -   440 2278s
   135   145  359.94070   39 11460          -  359.80000      -   434 2285s
   144   149  359.94070   40 10575          -  359.80000      -   416 2304s
   148   168  359.94070   41 11891          -  359.80000      -   414 2325s
   167   185  359.94070   42 11552          -  359.80000      -   376 2331s
   184   189  359.94070   44 11114          -  359.80000      -   366 2356s
   188   203  359.94157   45 11623          -  359.80000      -   361 2380s
   202   226  359.94741   49 12387          -  359.80000      -   343 2410s
   225   244  359.95454   57 11740          -  359.80000      -   328 2424s
   243   248  359.95860   65 11533          -  359.80000      -   335 2451s
   247   270  359.95860   66 11017          -  359.80000      -   335 2479s
   269   291  359.95860   67 10528          -  359.80000      -   319 2509s
   290   326  359.95860   69 11154          -  359.80000      -   305 2546s
   325   385  359.96029   81 13737          -  359.80000      -   278 2554s
   384   389  359.96162   98 13202          -  359.80000      -   240 2600s
   388   414  359.96162   99 14295          -  359.80000      -   238 2612s
   413   470  359.96162  100 14638          -  359.80000      -   227 2622s
   469   478  359.96199  111 10949          -  359.80000      -   207 2684s
   477   519  359.96199  112 10610          -  359.80000      -   204 2744s
   518   608  359.96199  113 10531          -  359.80000      -   190 2756s
   607   668  359.96232  136 10589          -  359.80000      -   165 2766s
   667   737  359.96407  150 13355          -  359.80000      -   156 2777s
   736   788  359.96547  162 15024          -  359.80000      -   148 2790s
   787   865  359.96547  166 13720          -  359.80000      -   145 2800s
   864   917  359.96706  180 10904          -  359.80000      -   136 2808s
   916  1008  359.96956  200 14673          -  359.80000      -   137 2817s
  1007  1064  359.97636  222 13287          -  359.80000      -   131 2825s
  1063  1152  359.98180  231 13092          -  359.80000      -   133 2838s
  1151  1178  359.98203  245 11015          -  359.80000      -   127 2904s
  1177  1249  359.98203  246 10916          -  359.80000      -   125 2945s
  1248  1319  359.98203  247 10562          -  359.80000      -   122 2958s
  1318  1396  359.98411  261 13184          -  359.80000      -   123 2969s
  1395  1469  359.99006  268 13688          -  359.80000      -   124 2980s
  1468  1552  359.99279  272 13270          -  359.80000      -   126 2992s
  1551  1625  359.99618  279 12751          -  359.80000      -   127 3005s
  1624  1725  359.99756  284 12760          -  359.80000      -   130 3020s
  1724  1810  360.00170  303 14009          -  359.80000      -   130 3039s
  1809  1865  360.00364  307 12046          -  359.80000      -   132 3053s
  1864  1943  360.00518  312 11939          -  359.80000      -   135 3070s
  1942  2019  360.00691  326 10597          -  359.80000      -   138 3084s
  2018  2101  360.00836  333 13030          -  359.80000      -   141 3100s
  2100  2105  360.01380  346 10895          -  359.80000      -   143 3158s
  2104  2139  360.01421  347 11766          -  359.80000      -   144 3236s
  2138  2232  360.01477  348 10837          -  359.80000      -   146 3346s
  2231  2298  360.01525  349 10893          -  359.80000      -   146 3369s
  2297  2417  360.01549  350 10458          -  359.80000      -   148 3387s
  2416  2521  360.03308  378 10866          -  359.80000      -   148 3408s
  2520  2632  360.05903  402 11609          -  359.80000      -   151 3435s
  2631  2806  360.07689  420 14227          -  359.80000      -   153 3455s
  2805  2971  360.08119  438 14445          -  359.80000      -   150 3478s
  2970  3059  360.10581  449 15848          -  359.80000      -   148 3535s
  3058  3260  360.13122  471 11251          -  359.80000      -   148 3557s
  3259  3471  360.15283  503 15155          -  359.80000      -   146 3582s
  3470  3658  360.51750  542 13026          -  359.80000      -   144 3610s
  3658  3886  449.28418  580 7050          -  359.80000      -   145 3638s
  3886  4130  449.53127  614 12581          -  359.80000      -   142 3669s
  4130  4382  449.66067  655 11811          -  359.80000      -   137 3698s
  4383  4578  450.04036  730 7216          -  359.80000      -   135 3739s
  4579  4855  451.55535  781 12737          -  359.80000      -   135 3779s
  4858  5044  524.03537  853 10197          -  359.80000      -   133 3813s
  5047  5315  524.92683  864 8825          -  359.80000      -   134 3848s
  5321  5316  496.61441 1557 10889          -  359.80000      -   132 4817s
  5322  5317  398.30000 1008 10889          -  359.80000      -   132 4821s
  5323  5317  407.50000   78 4503          -  359.85985      -   132 5192s
  5324  5318  424.00000  952 4931          -  360.06889      -   132 5390s
  5325  5319  409.18241  790 5043          -  361.08223      -   132 5446s
  5326  5319  408.40000  782 3894          -  361.08223      -   132 5589s
H 5326  5052                     486.6000000  361.20828  25.8%   132 5607s
H 5326  4800                     485.2000000  361.20828  25.6%   132 5607s
  5327  4801  413.90000 1172 2713  485.20000  361.20828  25.6%   132 5646s
  5328  4802  396.70000  185 2481  485.20000  361.20828  25.6%   132 5752s
  5329  4802  429.30000 1394 5804  485.20000  361.20831  25.6%   132 5810s
H 5329  4561                     476.8000000  361.20843  24.2%   132 5904s
H 5329  4333                     475.8000000  361.20843  24.1%   132 5906s
H 5329  4116                     473.2000000  361.20843  23.7%   132 5907s
H 5329  3910                     470.7000000  361.20843  23.3%   132 5909s
H 5329  3715                     470.5000000  361.20843  23.2%   132 5914s
H 5329  3529                     461.6000000  361.20843  21.7%   132 5920s
H 5329  3352                     459.4000000  361.20843  21.4%   132 5921s
H 5330  3185                     456.9000000  361.20843  20.9%   132 5925s
  5331  3186  396.70000  420 5367  456.90000  361.20843  20.9%   132 5952s
  5332  3186  453.60000 1371 5314  456.90000  361.20843  20.9%   132 6046s
  5333  3187  456.90000  845 5320  456.90000  361.20843  20.9%   131 6080s
H 5333  3028                     440.2000000  361.20843  17.9%   131 6157s
H 5333  2876                     435.4000000  361.20843  17.0%   131 6178s
H 5333  2732                     434.2000000  361.20843  16.8%   131 6179s
  5335  2733  412.70000 1254 5284  434.20000  361.20843  16.8%   131 6205s
  5336  2734  362.00000    6 4649  434.20000  361.20843  16.8%   131 6286s
  5337  2735  412.60000  951 4631  434.20000  361.20843  16.8%   131 6329s
  5338  2735  434.20000 1181 4628  434.20000  361.20843  16.8%   131 6418s
  5339  2736  412.60000  946 4695  434.20000  361.20843  16.8%   131 6466s
  5340  2737  408.90000 1234 4595  434.20000  361.20843  16.8%   131 6600s
  5341  2737  434.20000  673 4622  434.20000  361.20843  16.8%   131 6633s
  5342  2738  371.80000   29 4687  434.20000  361.20843  16.8%   131 6717s
  5345  2741  401.20000 1083 10889  434.20000  361.20843  16.8%   272 6832s
H 5346  2604                     432.3000000  361.20843  16.4%   272 7185s

Explored 5346 nodes (2085180 simplex iterations) in 7200.12 seconds (6297.36 work units)
Thread count was 4 (of 8 available processors)

Solution count 10: 432.3 432.3 434.2 ... 470.7

Time limit reached
Best objective 4.323000000000e+02, best bound 3.613000000000e+02, gap 16.4238%
