
Gurobi 13.0.2 (linux64) logging started Fri Jul  3 00:14:55 2026

Set parameter LogFile to value "src/Resultados/Restriccion todas cliques/logs/R103-50.xml_log.log"
Set parameter Threads to value 4
Gurobi Optimizer version 13.0.2 build v13.0.2rc1 (linux64 - "Rocky Linux 9.7 (Blue Onyx)")

CPU model: QEMU Virtual CPU version 2.5+, instruction set [SSE2]
Thread count: 8 physical cores, 8 logical processors, using up to 4 threads

Non-default parameters:
TimeLimit  7200
Threads  4

Optimize a model with 250165 rows, 157275 columns and 2933925 nonzeros (Min)
Model fingerprint: 0x11bc4120
Model has 36600 linear objective coefficients
Variable types: 30330 continuous, 126945 integer (126930 binary)
Coefficient statistics:
  Matrix range     [1e+00, 4e+04]
  Objective range  [5e+00, 6e+01]
  Bounds range     [1e+00, 2e+03]
  RHS range        [1e+00, 4e+04]

Presolve removed 0 rows and 0 columns (presolve time = 26s)...
Presolve removed 59310 rows and 120 columns (presolve time = 30s)...
Presolve removed 75031 rows and 420 columns (presolve time = 35s)...
Presolve removed 75181 rows and 555 columns (presolve time = 40s)...
Presolve removed 75061 rows and 435 columns
Presolve time: 41.24s
Presolved: 175104 rows, 156840 columns, 876885 nonzeros
Variable types: 750 continuous, 156090 integer (140235 binary)
Deterministic concurrent LP optimizer: primal simplex, dual simplex, and barrier
Showing barrier log only...

Root barrier log...

Elapsed ordering time = 5s
Ordering time: 6.13s

Barrier statistics:
 Dense cols : 75
 AA' NZ     : 4.131e+06
 Factor NZ  : 1.908e+07 (roughly 300 MB of memory)
 Factor Ops : 1.055e+10 (roughly 1 second per iteration)
 Threads    : 1

                  Objective                Residual
Iter       Primal          Dual         Primal    Dual     Compl     Time
   0   3.60873716e+06 -2.93833086e+06  1.91e+05 4.44e-16  2.23e+02    58s
   1   1.60413347e+06 -3.44431157e+06  8.54e+04 7.43e-01  9.56e+01    59s
   2   1.35745576e+06 -3.45944192e+06  7.22e+04 6.95e-01  8.06e+01    61s
   3   3.15733420e+05 -2.83339663e+06  1.68e+04 2.43e-04  2.12e+01    62s
   4   8.89934466e+04 -8.13006696e+05  4.66e+03 3.07e-05  5.35e+00    64s
   5   4.42008922e+04 -7.74113689e+05  2.26e+03 2.90e-05  3.47e+00    65s
   6   5.52746406e+03 -1.01989470e+05  2.15e+02 6.36e-06  3.66e-01    67s
   7   2.71809922e+03 -5.56127798e+04  6.81e+01 3.19e-06  1.68e-01    71s
   8   1.49890941e+03 -6.65085605e+03  7.75e+00 2.91e-07  2.19e-02    73s
   9   1.11493303e+03 -4.04871812e+03  2.72e+00 1.88e-07  1.30e-02    75s
  10   7.41746766e+02 -8.09297465e+02  2.67e-01 5.19e-08  3.70e-03    78s
  11   5.88549902e+02  4.69516041e+02  5.51e-03 2.02e-09  2.78e-04    81s
  12   5.73011233e+02  5.71924754e+02  2.12e-06 3.84e-15  2.53e-06    84s
  13   5.72900111e+02  5.72899025e+02  9.83e-12 2.05e-15  2.53e-09    86s
  14   5.72900000e+02  5.72899999e+02  1.04e-09 3.03e-15  2.38e-12    88s

Barrier solved model in 14 iterations and 88.10 seconds (31.68 work units)
Optimal objective 5.72900000e+02


Root crossover log...

    9068 DPushes remaining with DInf 0.0000000e+00                88s
       0 DPushes remaining with DInf 0.0000000e+00                89s

   62014 PPushes remaining with PInf 0.0000000e+00                89s
   21551 PPushes remaining with PInf 0.0000000e+00                90s
    6586 PPushes remaining with PInf 0.0000000e+00                95s
       0 PPushes remaining with PInf 0.0000000e+00                97s

  Push phase complete: Pinf 0.0000000e+00, Dinf 3.9412917e-14     97s


Root simplex log...

Iteration    Objective       Primal Inf.    Dual Inf.      Time
   70995    5.7290000e+02   0.000000e+00   0.000000e+00     97s
Crossover time: 8.81 seconds (3.98 work units)
Concurrent spin time: 0.00s

Solved with barrier

Root relaxation: objective 5.729000e+02, 70995 iterations, 51.45 seconds (23.45 work units)

    Nodes    |    Current Node    |     Objective Bounds      |     Work
 Expl Unexpl |  Obj  Depth IntInf | Incumbent    BestBd   Gap | It/Node Time

     0     0  572.90000    0 9642          -  572.90000      -     -  172s
     0     0  572.90000    0 7733          -  572.90000      -     -  176s
     0     0  572.90000    0 7059          -  572.90000      -     -  178s
     0     0  572.90000    0 5856          -  572.90000      -     -  182s
     0     0  572.90000    0 7952          -  572.90000      -     -  187s
     0     0  572.90000    0 12380          -  572.90000      -     -  197s
     0     0  572.90000    0 10231          -  572.90000      -     -  205s
     0     0  573.35478    0 9997          -  573.35478      -     -  208s
     0     0  578.00000    0 13213          -  578.00000      -     -  213s
     0     0  578.00000    0 14604          -  578.00000      -     -  220s
     0     0  578.00000    0 12319          -  578.00000      -     -  222s
     0     0  578.00000    0 14536          -  578.00000      -     -  261s
     0     0  578.00000    0 13480          -  578.00000      -     -  271s
     0     0  578.00000    0 13317          -  578.00000      -     -  275s
     0     0  578.16756    0 14548          -  578.16756      -     -  284s
     0     0  578.16756    0 15212          -  578.16756      -     -  294s
     0     0  588.22178    0 12318          -  588.22178      -     -  936s
     0     0  588.74473    0 12701          -  588.74473      -     -  977s
     0     0  588.74473    0 12670          -  588.74473      -     -  987s
     0     0  589.57901    0 10104          -  589.57901      -     - 1009s
     0     0  593.43785    0 6928          -  593.43785      -     - 1037s
     0     0  598.78332    0 9707          -  598.78332      -     - 1062s
     0     0  606.29696    0 10476          -  606.29696      -     - 1077s
     0     0  609.57308    0 14449          -  609.57308      -     - 1120s
     0     0  609.57925    0 13211          -  609.57925      -     - 1129s
     0     0  610.54640    0 14723          -  610.54640      -     - 1148s
     0     0  610.62560    0 14868          -  610.62560      -     - 1158s
     0     0  610.62560    0 15544          -  610.62560      -     - 1169s
     0     0  610.62560    0 16794          -  610.62560      -     - 1216s
     0     0  612.98088    0 16776          -  612.98088      -     - 1260s
     0     0  613.10826    0 15488          -  613.10826      -     - 1270s
     0     0  613.75913    0 14130          -  613.75913      -     - 1308s
     0     0  613.75913    0 13249          -  613.75913      -     - 1316s
     0     0  613.90651    0 16085          -  613.90651      -     - 1366s
     0     0  613.91204    0 16652          -  613.91204      -     - 1379s
     0     0  613.92745    0 17808          -  613.92745      -     - 1426s
     0     0  613.96974    0 16263          -  613.96974      -     - 1450s
     0     0  613.96974    0 16257          -  613.96974      -     - 1450s
     0     0  614.25280    0 18501          -  614.25280      -     - 1515s
     0     0  614.25475    0 19200          -  614.25475      -     - 1528s
     0     0  614.25475    0 19165          -  614.25475      -     - 1529s
     0     0  614.25475    0 19170          -  614.25475      -     - 1529s
     0     0  614.25475    0 19160          -  614.25475      -     - 1530s
     0     0  614.42067    0 22089          -  614.42067      -     - 1591s
     0     0  614.42067    0 22095          -  614.42067      -     - 1592s
     0     0  614.42067    0 22091          -  614.42067      -     - 1592s
     0     0  614.42067    0 22093          -  614.42067      -     - 1593s
     0     0  614.42067    0 22087          -  614.42067      -     - 1593s
     0     0  614.42067    0 22107          -  614.42067      -     - 1594s
     0     0  614.42713    0 22339          -  614.42713      -     - 1604s
     0     0  614.64268    0 24631          -  614.64268      -     - 1662s
     0     0  614.64268    0 24584          -  614.64268      -     - 1663s
     0     0  614.64268    0 24584          -  614.64268      -     - 1663s
     0     0  614.64268    0 24618          -  614.64268      -     - 1664s
     0     0  614.70545    0 22480          -  614.70545      -     - 1680s
     0     0  614.70545    0 22159          -  614.70545      -     - 1694s
     0     0  616.02771    0 24472          -  616.02771      -     - 1750s
     0     0  616.31824    0 25169          -  616.31824      -     - 1886s
     0     0  616.38928    0 22430          -  616.38928      -     - 1895s
     0     0  616.39051    0 22891          -  616.39051      -     - 1899s
     0     0  617.21972    0 24212          -  617.21972      -     - 1938s
     0     0  617.41908    0 22389          -  617.41908      -     - 1949s
     0     0  617.46537    0 20022          -  617.46537      -     - 1968s
     0     0  617.46581    0 18182          -  617.46581      -     - 1972s
     0     0  618.80409    0 24471          -  618.80409      -     - 2024s
     0     0  618.80409    0 24458          -  618.80409      -     - 2025s
     0     0  618.80409    0 24455          -  618.80409      -     - 2025s
     0     0  619.26210    0 18416          -  619.26210      -     - 2057s
     0     0  619.33023    0 18508          -  619.33023      -     - 2068s
     0     0  619.34947    0 19892          -  619.34947      -     - 2077s
     0     0  619.34947    0 16831          -  619.34947      -     - 2082s
     0     0  620.09128    0 18866          -  620.09128      -     - 2134s
     0     0  620.40239    0 21091          -  620.40239      -     - 2153s
     0     0  620.40746    0 18775          -  620.40746      -     - 2157s
     0     0  621.62691    0 17750          -  621.62691      -     - 2196s
     0     0  622.48036    0 18065          -  622.48036      -     - 2224s
     0     0  622.55454    0 21099          -  622.55454      -     - 2274s
     0     0  622.55454    0 21088          -  622.55454      -     - 2275s
     0     0  622.55833    0 21321          -  622.55833      -     - 2307s
     0     0  622.55833    0 21327          -  622.55833      -     - 2307s
     0     0  622.55833    0 21326          -  622.55833      -     - 2308s
     0     0  622.55833    0 21326          -  622.55833      -     - 2308s
     0     0  622.55833    0 21326          -  622.55833      -     - 2309s
     0     0  623.59088    0 16172          -  623.59088      -     - 2347s
     0     0  623.59088    0 16148          -  623.59088      -     - 2348s
     0     0  623.67108    0 15524          -  623.67108      -     - 2380s
     0     0  623.67587    0 18456          -  623.67587      -     - 2394s
     0     0  624.63052    0 20937          -  624.63052      -     - 2426s
     0     0  624.70818    0 23256          -  624.70818      -     - 2447s
     0     0  624.70981    0 22836          -  624.70981      -     - 2451s
     0     0  624.89001    0 25552          -  624.89001      -     - 2482s
     0     0  625.03641    0 24716          -  625.03641      -     - 2509s
     0     0  625.03641    0 24716          -  625.03641      -     - 2510s
     0     0  625.06363    0 25856          -  625.06363      -     - 2520s
     0     0  625.06576    0 25130          -  625.06576      -     - 2525s
     0     0  625.06576    0 25123          -  625.06576      -     - 2525s
     0     0  625.64332    0 23256          -  625.64332      -     - 2564s
     0     0  625.74535    0 20226          -  625.74535      -     - 2573s
     0     0  625.74535    0 20227          -  625.74535      -     - 2574s
     0     0  625.74535    0 20241          -  625.74535      -     - 2574s
     0     0  625.74633    0 21669          -  625.74633      -     - 2579s
     0     0  626.06613    0 18995          -  626.06613      -     - 2615s
     0     0  626.07081    0 16738          -  626.07081      -     - 2623s
     0     0  626.29728    0 22281          -  626.29728      -     - 2651s
     0     0  626.31899    0 18948          -  626.31899      -     - 2686s
     0     0  626.31899    0 20737          -  626.31899      -     - 2698s
     0     0  626.32078    0 24776          -  626.32078      -     - 2750s
     0     0  626.32078    0 24768          -  626.32078      -     - 2751s
     0     0  626.32078    0 24774          -  626.32078      -     - 2751s
     0     0  626.32078    0 24769          -  626.32078      -     - 2752s
     0     0  626.32078    0 14643          -  626.32078      -     - 2785s
     0     0  626.50754    0 19857          -  626.50754      -     - 2855s
     0     0  626.50754    0 19583          -  626.50754      -     - 2857s
     0     0  626.50754    0 19583          -  626.50754      -     - 2857s
     0     0  626.50754    0 19575          -  626.50754      -     - 2858s
     0     0  626.50910    0 20364          -  626.50910      -     - 2882s
     0     0  626.51146    0 18051          -  626.51146      -     - 2941s
     0     0  626.52415    0 16765          -  626.52415      -     - 2964s
     0     0  626.52960    0 18447          -  626.52960      -     - 2978s
     0     0  626.53571    0 16500          -  626.53571      -     - 2996s
     0     0  626.54290    0 16447          -  626.54290      -     - 3001s
     0     0  626.55971    0 19162          -  626.55971      -     - 3024s
     0     0  626.55971    0 19162          -  626.55971      -     - 3031s
     0     0  626.55971    0 10428          -  626.55971      -     - 3165s
     0     2  626.55971    0 10428          -  626.55971      -     - 3325s
     1     4  628.86063    1 11265          -  626.55971      -  7282 3361s
     2     7  631.39321    2 13181          -  626.55971      -  5879 3392s
     5    10  631.39321    3 13302          -  626.56607      -  3271 3420s
     9    12  630.97428    4 10725          -  626.56607      -  2581 3450s
    11    17  627.20082    4 10619          -  626.56607      -  2600 3487s
    16    20  628.53973    5 10937          -  626.56697      -  3122 3542s
    21    24  635.00894    7 9962          -  626.56697      -  2647 3581s
    25    28  628.56277    6 10956          -  626.56697      -  2257 3609s
    29    33  628.64154    7 10228          -  626.56697      -  2232 3640s
    34    37  628.65044    8 10567          -  626.56697      -  2168 3686s
    38    41  635.17136   10 9224          -  626.56697      -  2321 3724s
    42    45  635.23682   11 9811          -  626.56697      -  2218 3827s
    46    49  634.39411    9 10171          -  626.56697      -  2285 3888s
    50    54  634.52481   10 11084          -  626.56697      -  2505 3923s
    55    59  634.68909   11 11454          -  626.56697      -  2442 3952s
    60    67  634.71262   12 10313          -  626.56697      -  2394 3989s
    68    73  634.87675   13 10928          -  626.56697      -  2317 4146s
    74    79  635.36367   13 10835          -  626.56697      -  2392 4185s
    80    85  634.93337   14 13198          -  626.56697      -  2465 4233s
    86    88  635.91965   15 10423          -  626.56697      -  2416 4271s
    89    92  635.36367   14 11233          -  626.56697      -  2505 4317s
    93    96  635.40551   15 10067          -  626.56697      -  2548 4359s
    97   100  635.50546   16 9196          -  626.56697      -  2564 4394s
   101   106  635.50546   17 9033          -  626.56697      -  2559 4440s
   107   109  635.51462   18 9007          -  626.56697      -  2545 4493s
   110   114  635.60006   19 10300          -  626.56697      -  2569 4544s
   115   118  635.60006   20 10301          -  626.56697      -  2556 4582s
   119   123  635.68705   21 9107          -  626.56697      -  2584 4630s
   124   128  635.70775   22 9510          -  626.56697      -  2625 4673s
   130   135  635.71683   23 8350          -  626.56697      -  2622 4761s
   139   142  637.52281   25 10592          -  626.56697      -  2590 5179s
   148   150  638.25107   24 9958          -  626.56697      -  2589 5237s
   156   157  640.47754   25 12613          -  626.56697      -  2614 5633s
   163   164  640.95870   25 12399          -  626.56697      -  2638 5835s
   170   176  640.50483   26 12170          -  626.56697      -  2665 5928s
   182   187  640.54650   27 11042          -  626.56697      -  2579 6002s
   193   197  640.55138   28 10663          -  626.56697      -  2559 6067s
   203   203  640.58845   29 10174          -  626.56697      -  2567 6128s
   222   221  640.65160   30 9116          -  626.56697      -  2503 6197s
   240   238  647.85376   33 10678          -  626.56697      -  2487 6268s
   259   254  650.98315   36 9511          -  626.56697      -  2501 6342s
   277   271  661.43672   38 10709          -  626.56697      -  2535 6439s
   294   293  658.28123   44 8451          -  626.56697      -  2569 6526s
   318   311  675.69136   50 9987          -  626.56697      -  2565 6607s
   336   316  667.55430   54 11325          -  626.56697      -  2615 7130s
   341   320  669.55643   55 11477          -  626.56697      -  2614 7200s

Cutting planes:
  Cover: 56
  Implied bound: 368
  Clique: 183
  MIR: 78
  Knapsack: 1
  StrongCG: 3
  Flow cover: 4
  GUB cover: 260
  Zero half: 1
  RLT: 73
  Relax-and-lift: 204

Explored 345 nodes (1430188 simplex iterations) in 7200.51 seconds (5405.87 work units)
Thread count was 4 (of 8 available processors)

Solution count 0

Time limit reached
Best objective -, best bound 6.266000000000e+02, gap -
