
Gurobi 13.0.2 (linux64) logging started Fri Jul  3 04:18:09 2026

Set parameter LogFile to value "src/Resultados/Restriccion todas cliques/logs/R104-50.xml_log.log"
Set parameter Threads to value 4
Gurobi Optimizer version 13.0.2 build v13.0.2rc1 (linux64 - "Rocky Linux 9.7 (Blue Onyx)")

CPU model: QEMU Virtual CPU version 2.5+, instruction set [SSE2]
Thread count: 8 physical cores, 8 logical processors, using up to 4 threads

Non-default parameters:
TimeLimit  7200
Threads  4

Optimize a model with 258149 rows, 164220 columns and 2935260 nonzeros (Min)
Model fingerprint: 0xddbcc2e8
Model has 42105 linear objective coefficients
Variable types: 30690 continuous, 133530 integer (133515 binary)
Coefficient statistics:
  Matrix range     [1e+00, 4e+04]
  Objective range  [4e+00, 6e+01]
  Bounds range     [1e+00, 2e+03]
  RHS range        [1e+00, 4e+04]

Presolve removed 74100 rows and 330 columns (presolve time = 5s)...
Presolve removed 75911 rows and 420 columns (presolve time = 10s)...
Presolve removed 76016 rows and 510 columns (presolve time = 15s)...
Presolve removed 75866 rows and 360 columns
Presolve time: 16.77s
Presolved: 182283 rows, 163860 columns, 931245 nonzeros
Variable types: 750 continuous, 163110 integer (147255 binary)
Deterministic concurrent LP optimizer: primal simplex, dual simplex, and barrier
Showing barrier log only...

Root barrier log...

Elapsed ordering time = 5s
Ordering time: 7.45s

Barrier statistics:
 Dense cols : 90
 AA' NZ     : 5.038e+06
 Factor NZ  : 2.314e+07 (roughly 300 MB of memory)
 Factor Ops : 1.448e+10 (roughly 2 seconds per iteration)
 Threads    : 1

                  Objective                Residual
Iter       Primal          Dual         Primal    Dual     Compl     Time
   0   3.96983921e+06 -2.65290111e+06  1.95e+05 1.67e-16  1.92e+02    44s
   1   1.75171145e+06 -3.14040301e+06  8.67e+04 8.89e-01  8.53e+01    46s
   2   1.02277318e+06 -3.40944830e+06  5.13e+04 6.28e-01  5.22e+01    48s
   3   2.56365714e+05 -2.55889360e+06  1.29e+04 7.31e-02  1.55e+01    50s
   4   3.36171205e+04 -5.72151133e+05  1.61e+03 5.03e-12  2.26e+00    58s
   5   1.08893538e+04 -1.00470956e+05  4.64e+02 3.07e-13  4.43e-01    61s
   6   3.56077641e+03 -2.25957243e+04  1.06e+02 1.11e-13  9.70e-02    65s
   7   1.48026812e+03 -2.94981016e+03  4.45e+00 1.09e-14  1.13e-02    70s
   8   1.01127665e+03 -6.72812466e+02  5.42e-01 8.18e-15  3.90e-03    74s
   9   6.64282168e+02 -1.26922964e+02  4.37e-02 4.77e-15  1.77e-03    78s
  10   5.89643201e+02  3.26451189e+02  2.01e-02 3.74e-15  5.89e-04    82s
  11   5.08080079e+02  4.82102796e+02  1.52e-04 4.00e-15  5.78e-05    86s
  12   5.02970143e+02  5.02269912e+02  7.67e-12 1.69e-15  1.56e-06    90s
  13   5.02902719e+02  5.02876649e+02  2.67e-11 8.56e-16  5.80e-08    94s
  14   5.02900003e+02  5.02899977e+02  1.62e-11 1.54e-15  5.80e-11    97s
  15   5.02900000e+02  5.02900000e+02  1.54e-11 2.65e-15  5.80e-14    99s

Barrier solved model in 15 iterations and 99.45 seconds (40.82 work units)
Optimal objective 5.02900000e+02


Root crossover log...

    8432 DPushes remaining with DInf 0.0000000e+00               102s
       0 DPushes remaining with DInf 0.0000000e+00               102s

   62849 PPushes remaining with PInf 0.0000000e+00               102s
   13601 PPushes remaining with PInf 0.0000000e+00               107s
       0 PPushes remaining with PInf 0.0000000e+00               110s

  Push phase complete: Pinf 0.0000000e+00, Dinf 1.9678703e-14    110s


Root simplex log...

Iteration    Objective       Primal Inf.    Dual Inf.      Time
   71194    5.0290000e+02   0.000000e+00   0.000000e+00    110s
Crossover time: 10.51 seconds (3.74 work units)
Concurrent spin time: 0.01s

Solved with barrier

Root relaxation: objective 5.029000e+02, 71194 iterations, 89.42 seconds (31.59 work units)

    Nodes    |    Current Node    |     Objective Bounds      |     Work
 Expl Unexpl |  Obj  Depth IntInf | Incumbent    BestBd   Gap | It/Node Time

     0     0  502.90000    0 8590          -  502.90000      -     -  209s
     0     0  502.90000    0 9003          -  502.90000      -     -  212s
     0     0  502.90000    0 10657          -  502.90000      -     -  247s
     0     0  502.90000    0 12276          -  502.90000      -     -  264s
     0     0  502.90000    0 13568          -  502.90000      -     -  294s
     0     0  502.90000    0 13568          -  502.90000      -     -  294s
     0     0  502.90000    0 7170          -  502.90000      -     -  343s
     0     0  502.90000    0 6281          -  502.90000      -     -  359s
     0     0  502.90000    0 6647          -  502.90000      -     -  365s
     0     0  502.90000    0 11386          -  502.90000      -     -  417s
     0     0  502.90000    0 11385          -  502.90000      -     -  420s
     0     0  502.90000    0 11377          -  502.90000      -     -  420s
     0     0  502.90000    0 4067          -  502.90000      -     -  478s
     0     0  502.90000    0 3861          -  502.90000      -     -  492s
     0     0  502.90000    0 2626          -  502.90000      -     -  494s
     0     0  502.90000    0 11580          -  502.90000      -     -  552s
     0     0  502.90000    0 11580          -  502.90000      -     -  552s
     0     0  502.90000    0 2669          -  502.90000      -     -  619s
     0     0  502.90000    0 12198          -  502.90000      -     -  646s
     0     0  502.90000    0 12530          -  502.90000      -     -  649s
     0     0  502.90000    0 12530          -  502.90000      -     -  649s
     0     0  502.90000    0 12530          -  502.90000      -     -  650s
     0     0  502.90000    0 12530          -  502.90000      -     -  650s
     0     0  502.90000    0 12530          -  502.90000      -     -  650s
     0     0  502.90000    0 12533          -  502.90000      -     -  651s
     0     0  502.90000    0 16791          -  502.90000      -     -  707s
     0     0  502.90000    0 16791          -  502.90000      -     -  707s
     0     0  502.90000    0 3107          -  502.90000      -     -  794s
     0     0  502.90000    0 4546          -  502.90000      -     -  820s
     0     0  502.90000    0 5133          -  502.90000      -     -  866s
     0     0  502.90000    0 5133          -  502.90000      -     -  866s
     0     0  502.90000    0 2781          -  502.90000      -     -  919s
     0     0  502.90000    0 6028          -  502.90000      -     -  939s
     0     0  502.90000    0 6119          -  502.90000      -     -  968s
     0     0  502.90000    0 6119          -  502.90000      -     -  969s
     0     0  502.90000    0 3397          -  502.90000      -     - 1008s
     0     0  502.90000    0 3394          -  502.90000      -     - 1017s
     0     0  502.90000    0 4329          -  502.90000      -     - 1018s
     0     0  502.90000    0 6626          -  502.90000      -     - 1043s
     0     0  502.90000    0 6583          -  502.90000      -     - 1043s
     0     0  502.90000    0 6174          -  502.90000      -     - 1045s
     0     0  502.90000    0 6174          -  502.90000      -     - 1046s
     0     0  502.90000    0 6174          -  502.90000      -     - 1046s
     0     0  502.90000    0 6176          -  502.90000      -     - 1046s
     0     0  502.90000    0 3880          -  502.90000      -     - 1107s
     0     0  502.90000    0 3443          -  502.90000      -     - 1114s
     0     0  502.90000    0 2513          -  502.90000      -     - 1151s
     0     2  502.90000    0 2513          -  502.90000      -     - 1259s
     1     4  502.90000    1 3315          -  502.90000      -  3856 1271s
     3     8  502.90000    2 3343          -  502.90000      -  2138 1294s
     7    12  502.90000    3 3625          -  502.90000      -  1607 1308s
    11    17  502.90000    4 6293          -  502.90000      -  1228 1330s
    16    23  503.02175    5 3965          -  502.90000      -  1225 1351s
    22    35  503.00843    5 5639          -  502.90000      -   967 1371s
    34    44  503.36627   10 5877          -  502.90000      -   807 1390s
    43    56  503.44217   12 5600          -  502.90000      -   679 1411s
    55    65  503.63735   17 6037          -  502.90000      -   571 1428s
    64    77  503.65904   19 5925          -  502.90000      -   521 1448s
    76    89  503.73494   24 5853          -  502.90000      -   481 1465s
    88    98  504.07108   29 5321          -  502.90000      -   434 1482s
    97   108  504.08193   31 5851          -  502.90000      -   417 1502s
   107   119  504.14699   34 5372          -  502.90000      -   396 1518s
   118   131  504.36386   40 5309          -  502.90000      -   378 1533s
   130   147  504.46145   46 8202          -  502.90000      -   355 1554s
   146   161  504.62410   53 8326          -  502.90000      -   328 1572s
   160   179  504.87349   61 8174          -  502.90000      -   306 1598s
   178   194  505.13373   69 8239          -  502.90000      -   302 1615s
   193   215  505.35060   78 8302          -  502.90000      -   295 1636s
   214   239  505.45361   88 8104          -  502.90000      -   273 1658s
   238   259  505.73012   99 8856          -  502.90000      -   254 1675s
   258   278  506.01205  111 8743          -  502.90000      -   245 1694s
   277   290  506.13133  115 8666          -  502.90000      -   231 1723s
   289   314  506.26145  119 8720          -  502.90000      -   227 1744s
   313   346  506.58675  134 6148          -  502.90000      -   227 1759s
   345   363  506.73855  148 6248          -  502.90000      -   216 1781s
   362   395  506.77108  152 6780          -  502.90000      -   213 1850s
   394   428  507.20482  171 6360          -  502.90000      -   203 1870s
   427   451  507.88795  191 6750          -  502.90000      -   195 1891s
   450   475  508.64699  202 9036          -  502.90000      -   196 1915s
   474   492  509.73133  215 7876          -  502.90000      -   196 1958s
   496   504  502.90000    7 15996          -  502.90000      -   210 1986s
   508   524  502.90000    8 16389          -  502.90000      -   225 2009s
   528   544  502.90000   10 16450          -  502.90000      -   231 2032s
   548   555  502.90000   15 16317          -  502.90000      -   237 2316s
   559   559  502.90000   15 16113          -  502.90000      -   239 2670s
   563   563  503.00876   16 16313          -  502.90000      -   237 2973s
   567   567  502.90000   16 16317          -  502.90000      -   236 3254s
   571   571  502.90614   17 16333          -  502.90000      -   236 3480s
   575   615  502.90614   18 16336          -  502.90000      -   234 3588s
   619   674  503.04100   30 14036          -  502.90000      -   227 3649s
   678   740  503.18571   61 13257          -  502.90000      -   218 3679s
   744   797  503.43930   91 12638          -  502.90000      -   206 3732s
   801   894  503.44381  100 10911          -  502.90000      -   197 3776s
   898  1030  503.49312  118 9636          -  502.90000      -   186 3812s
  1034  1229  503.68207  161 9208          -  502.90000      -   174 3847s
  1233  1393  503.82321  213 7785          -  502.90000      -   155 3883s
  1397  1572  503.90576  275 8387          -  502.90000      -   147 3914s
  1576  1805  503.91871  345 7713          -  502.90000      -   140 3949s
  1814  2026  503.92640  424 8370          -  502.90000      -   130 3983s
  2035  2274  503.93724  515 8376          -  502.90000      -   122 4017s
  2283  2517  503.94363  606 7725          -  502.90000      -   113 4041s
  2526  2757  503.95148  697 7697          -  502.90000      -   107 4068s
  2766  2965  503.95809  788 7648          -  502.90000      -   102 4099s
  2975  3020  503.96556  879 7657          -  502.90000      -   100 4126s
  3034  3174  503.96881  900 8250          -  502.90000      -   102 4154s
  3190  3401  503.97792  975 7586          -  502.90000      -   103 4188s
  3417  3623  503.98970 1066 7586          -  502.90000      -   101 4222s
  3639  3808  503.99746 1157 7585          -  502.90000      -  98.7 4251s
  3824  3974  504.00694 1248 8324          -  502.90000      -  98.9 4277s
  3990  4158  504.01360 1339 7607          -  502.90000      -   100 4306s
  4174  4380  504.02548 1430 8333          -  502.90000      -  98.8 4341s
  4396  4667  504.03870 1521 8359          -  502.90000      -  98.6 4385s
  4683  4925  504.04775 1612 7604          -  502.90000      -  96.3 4428s
  4941  5170  504.05638 1703 7591          -  502.90000      -  95.9 4480s
  5187  5171  504.60000   88 2513          -  502.90000      -  95.0 5710s
  5189  5172  516.10000  913 3086          -  504.53248      -  95.0 6107s
  5190  5173  577.30000  453 3248          -  509.19867      -  95.0 6198s
  5191  5174  541.10000 1722 5011          -  513.77109      -  94.9 6307s
  5192  5174  538.30000 1288 2624          -  513.86813      -  94.9 6422s
  5193  5175  517.39886   29 4646          -  517.39886      -  94.9 6532s
  5194  5176  573.25140  285 1162          -  517.49053      -  94.9 6632s
  5195  5176  521.02889   36 6031          -  521.02889      -  94.9 6710s
  5196  5177  521.57429   83 1522          -  521.57429      -  94.8 6803s
  5197  5178  522.20742  231 5052          -  522.20742      -  94.8 6901s
  5198  5178  534.70000  919 1846          -  522.20742      -  94.8 6999s
  5199  5179  538.70000  164 2279          -  522.51922      -  94.8 7055s

Cutting planes:
  Learned: 1
  Gomory: 19
  Cover: 211
  Implied bound: 98
  Projected implied bound: 193
  Clique: 150
  MIR: 105
  StrongCG: 3
  Flow cover: 327
  GUB cover: 83
  Zero half: 52
  RLT: 87
  Relax-and-lift: 96

Explored 5199 nodes (1265941 simplex iterations) in 7201.73 seconds (4884.43 work units)
Thread count was 4 (of 8 available processors)

Solution count 0

Time limit reached
Best objective -, best bound 5.226000000000e+02, gap -
