
Gurobi 13.0.2 (linux64) logging started Fri Jul  3 08:21:16 2026

Set parameter LogFile to value "src/Resultados/Restriccion todas cliques/logs/R105-50.xml_log.log"
Set parameter Threads to value 4
Gurobi Optimizer version 13.0.2 build v13.0.2rc1 (linux64 - "Rocky Linux 9.7 (Blue Onyx)")

CPU model: QEMU Virtual CPU version 2.5+, instruction set [SSE2]
Thread count: 8 physical cores, 8 logical processors, using up to 4 threads

Non-default parameters:
TimeLimit  7200
Threads  4

Optimize a model with 209237 rows, 126855 columns and 2123160 nonzeros (Min)
Model fingerprint: 0xa5dba218
Model has 20220 linear objective coefficients
Variable types: 26820 continuous, 100035 integer (100020 binary)
Coefficient statistics:
  Matrix range     [1e+00, 4e+04]
  Objective range  [4e+00, 6e+01]
  Bounds range     [1e+00, 2e+03]
  RHS range        [1e+00, 4e+04]

Presolve removed 52530 rows and 345 columns (presolve time = 5s)...
Presolve removed 66362 rows and 435 columns (presolve time = 10s)...
Presolve removed 66467 rows and 450 columns
Presolve time: 13.24s
Presolved: 142770 rows, 126405 columns, 660360 nonzeros
Variable types: 570 continuous, 125835 integer (109845 binary)
Deterministic concurrent LP optimizer: primal simplex, dual simplex, and barrier
Showing barrier log only...

Root barrier log...

Ordering time: 1.71s

Barrier statistics:
 Dense cols : 15
 AA' NZ     : 1.692e+06
 Factor NZ  : 9.175e+06 (roughly 200 MB of memory)
 Factor Ops : 3.187e+09 (roughly 1 second per iteration)
 Threads    : 1

                  Objective                Residual
Iter       Primal          Dual         Primal    Dual     Compl     Time
   0   2.58419574e+06 -3.27180340e+06  1.98e+05 4.44e-16  3.57e+02    23s
   1   1.42888958e+06 -3.46899667e+06  1.10e+05 1.51e+00  1.96e+02    24s
   2   1.02461419e+06 -3.91649052e+06  7.88e+04 1.08e-13  1.27e+02    24s
   3   3.18854075e+05 -2.62788745e+06  2.44e+04 5.70e-12  3.97e+01    25s
   4   5.95399011e+04 -1.42792780e+06  4.46e+03 2.75e-12  9.30e+00    26s
   5   1.17518212e+04 -2.67843348e+05  7.90e+02 1.91e-13  1.55e+00    27s
   6   3.10536801e+03 -4.66497363e+04  1.29e+02 1.22e-13  2.45e-01    28s
   7   1.70276323e+03 -2.68311001e+04  2.34e+01 6.44e-14  9.97e-02    29s
   8   1.40054926e+03 -4.04534436e+03  2.43e+00 8.84e-15  1.72e-02    30s
   9   1.09743213e+03 -4.65103969e+02  5.17e-02 9.77e-15  4.58e-03    31s
  10   9.13238153e+02  4.61844547e+02  1.38e-02 6.14e-15  1.32e-03    32s
  11   8.81253257e+02  5.77309492e+02  9.90e-03 5.66e-15  8.89e-04    33s
  12   8.39208974e+02  6.56086784e+02  4.22e-03 4.54e-15  5.35e-04    34s
  13   8.29575258e+02  7.07155256e+02  3.45e-03 2.78e-15  3.58e-04    35s
  14   8.10371106e+02  7.65335175e+02  7.26e-04 1.95e-15  1.31e-04    36s
  15   8.06889557e+02  7.91854572e+02  2.67e-04 1.78e-15  4.38e-05    36s
  16   8.04805856e+02  8.04680151e+02  9.47e-06 2.22e-15  3.66e-07    37s
  17   8.04700106e+02  8.04699963e+02  6.11e-11 2.22e-15  4.18e-10    38s
  18   8.04700000e+02  8.04700000e+02  4.84e-08 1.78e-15  1.09e-12    39s

Barrier solved model in 18 iterations and 38.94 seconds (17.28 work units)
Optimal objective 8.04700000e+02


Root crossover log...

   10146 DPushes remaining with DInf 0.0000000e+00                40s
       0 DPushes remaining with DInf 0.0000000e+00                40s

   56041 PPushes remaining with PInf 0.0000000e+00                40s
       0 PPushes remaining with PInf 0.0000000e+00                43s

  Push phase complete: Pinf 0.0000000e+00, Dinf 1.1497821e-12     43s


Root simplex log...

Iteration    Objective       Primal Inf.    Dual Inf.      Time
   64825    8.0470000e+02   0.000000e+00   0.000000e+00     43s
Crossover time: 4.45 seconds (1.58 work units)
Concurrent spin time: 0.97s

Solved with barrier

Root relaxation: objective 8.047000e+02, 64825 iterations, 27.29 seconds (10.72 work units)

    Nodes    |    Current Node    |     Objective Bounds      |     Work
 Expl Unexpl |  Obj  Depth IntInf | Incumbent    BestBd   Gap | It/Node Time

     0     0  804.70000    0 7493          -  804.70000      -     -   91s
     0     0  804.70000    0 9826          -  804.70000      -     -   94s
     0     0  804.70000    0 9826          -  804.70000      -     -   95s
     0     0  804.70000    0 13744          -  804.70000      -     -  155s
     0     0  804.70000    0 12863          -  804.70000      -     -  165s
     0     0  804.70000    0 18541          -  804.70000      -     -  196s
     0     0  804.70000    0 18541          -  804.70000      -     -  196s
     0     0  804.70000    0 6694          -  804.70000      -     -  262s
     0     0  804.70000    0 12735          -  804.70000      -     -  302s
     0     0  804.70000    0 12397          -  804.70000      -     -  309s
     0     0  804.70000    0 14829          -  804.70000      -     -  327s
     0     0  804.70000    0 22917          -  804.70000      -     -  390s
     0     0  804.70000    0 22917          -  804.70000      -     -  390s
     0     0  804.70000    0 5657          -  804.70000      -     -  469s
     0     0  804.70000    0 7627          -  804.70000      -     -  520s
     0     0  804.70000    0 9160          -  804.70000      -     -  549s
     0     0  804.70000    0 9468          -  804.70000      -     -  550s
     0     0  804.70000    0 4154          -  804.70000      -     -  594s
     0     0  804.70000    0 3714          -  804.70000      -     -  616s
     0     0  808.05062    0 8492          -  808.05062      -     -  671s
     0     0  808.05062    0 8581          -  808.05062      -     -  673s
     0     0  808.05062    0 3432          -  808.05062      -     -  729s
     0     0  808.09620    0 5091          -  808.09620      -     -  754s
     0     0  808.09620    0 5201          -  808.09620      -     -  756s
     0     0  808.09620    0 5495          -  808.09620      -     -  767s
     0     0  808.95388    0 6015          -  808.95388      -     -  844s
     0     0  817.61159    0 7340          -  817.61159      -     -  896s
     0     0  817.73145    0 6467          -  817.73145      -     -  900s
     0     0  817.73145    0 6459          -  817.73145      -     -  901s
     0     0  821.45863    0 7033          -  821.45863      -     -  931s
     0     0  821.92986    0 6646          -  821.92986      -     -  939s
     0     0  821.92986    0 6645          -  821.92986      -     -  939s
     0     0  821.92986    0 6645          -  821.92986      -     -  940s
     0     0  821.92986    0 6645          -  821.92986      -     -  940s
     0     0  821.92986    0 6645          -  821.92986      -     -  940s
     0     0  821.92986    0 6651          -  821.92986      -     -  941s
     0     0  822.74964    0 9811          -  822.74964      -     -  994s
     0     0  822.78987    0 9985          -  822.78987      -     - 1034s
     0     0  822.78987    0 9505          -  822.78987      -     - 1040s
     0     0  823.05995    0 11132          -  823.05995      -     - 1081s
     0     0  823.89807    0 11093          -  823.89807      -     - 1123s
     0     0  824.14747    0 9167          -  824.14747      -     - 1147s
     0     0  824.18153    0 8621          -  824.18153      -     - 1149s
     0     0  824.25375    0 9107          -  824.25375      -     - 1152s
     0     0  824.26297    0 9108          -  824.26297      -     - 1152s
     0     0  824.35932    0 11150          -  824.35932      -     - 1170s
     0     0  824.56012    0 10317          -  824.56012      -     - 1190s
     0     0  824.56012    0 10264          -  824.56012      -     - 1191s
     0     0  824.56258    0 7658          -  824.56258      -     - 1192s
     0     0  826.24521    0 12304          -  826.24521      -     - 1275s
     0     0  826.28953    0 14124          -  826.28953      -     - 1313s
     0     0  826.35806    0 12439          -  826.35806      -     - 1337s
     0     0  826.39619    0 13112          -  826.39619      -     - 1341s
     0     0  826.39619    0 13082          -  826.39619      -     - 1342s
     0     0  828.62768    0 14634          -  828.62768      -     - 1384s
     0     0  828.96131    0 12622          -  828.96131      -     - 1416s
     0     0  828.96131    0 12345          -  828.96131      -     - 1418s
     0     0  829.16832    0 13035          -  829.16832      -     - 1465s
     0     0  829.21881    0 11181          -  829.21881      -     - 1487s
     0     0  829.21881    0 11172          -  829.21881      -     - 1487s
     0     0  829.21881    0 10550          -  829.21881      -     - 1504s
     0     0  829.39650    0 13314          -  829.39650      -     - 1565s
     0     0  829.53780    0 12830          -  829.53780      -     - 1589s
     0     0  829.55625    0 15159          -  829.55625      -     - 1602s
     0     0  829.56572    0 14786          -  829.56572      -     - 1606s
     0     0  829.57915    0 14804          -  829.57915      -     - 1609s
     0     0  829.57915    0 14803          -  829.57915      -     - 1609s
     0     0  833.89320    0 14319          -  833.89320      -     - 1639s
     0     0  833.89320    0 13712          -  833.89320      -     - 1639s
     0     0  833.96303    0 16519          -  833.96303      -     - 1679s
     0     0  833.96303    0 16526          -  833.96303      -     - 1679s
     0     0  834.12650    0 14353          -  834.12650      -     - 1692s
     0     0  834.15339    0 13845          -  834.15339      -     - 1696s
     0     0  834.15339    0 13716          -  834.15339      -     - 1697s
     0     0  834.48083    0 14794          -  834.48083      -     - 1738s
     0     0  834.55296    0 13776          -  834.55296      -     - 1773s
     0     0  834.60423    0 14279          -  834.60423      -     - 1817s
     0     0  834.60616    0 14574          -  834.60616      -     - 1833s
     0     0  835.40547    0 13460          -  835.40547      -     - 1866s
     0     0  835.93125    0 13535          -  835.93125      -     - 1878s
     0     0  836.26926    0 16003          -  836.26926      -     - 1912s
     0     0  836.26926    0 15995          -  836.26926      -     - 1912s
     0     0  836.27675    0 15404          -  836.27675      -     - 1941s
     0     0  836.27675    0 15341          -  836.27675      -     - 1942s
     0     0  836.49056    0 13208          -  836.49056      -     - 1969s
     0     0  837.01924    0 12391          -  837.01924      -     - 1982s
     0     0  837.01924    0 12331          -  837.01924      -     - 1983s
     0     0  837.75360    0 19031          -  837.75360      -     - 2024s
     0     0  837.78280    0 15978          -  837.78280      -     - 2046s
     0     0  837.78280    0 15857          -  837.78280      -     - 2047s
     0     0  837.78280    0 15825          -  837.78280      -     - 2048s
     0     0  837.78280    0 15828          -  837.78280      -     - 2048s
     0     0  837.85718    0 15493          -  837.85718      -     - 2065s
     0     0  837.85718    0 15498          -  837.85718      -     - 2066s
     0     0  837.88425    0 15671          -  837.88425      -     - 2079s
     0     0  837.91289    0 15554          -  837.91289      -     - 2081s
     0     0  837.91308    0 15693          -  837.91308      -     - 2086s
     0     0  837.91308    0 15691          -  837.91308      -     - 2086s
     0     0  838.50039    0 15921          -  838.50039      -     - 2127s
     0     0  838.50103    0 19966          -  838.50103      -     - 2146s
     0     0  839.59189    0 18693          -  839.59189      -     - 2195s
     0     0  839.65117    0 20100          -  839.65117      -     - 2227s
     0     0  839.88397    0 18944          -  839.88397      -     - 2238s
     0     0  840.01823    0 19001          -  840.01823      -     - 2245s
     0     0  840.01823    0 18956          -  840.01823      -     - 2246s
     0     0  840.01823    0 18923          -  840.01823      -     - 2247s
     0     0  843.08748    0 18074          -  843.08748      -     - 2269s
     0     0  843.34250    0 16286          -  843.34250      -     - 2290s
     0     0  843.34450    0 16212          -  843.34450      -     - 2294s
     0     0  844.92123    0 14550          -  844.92123      -     - 2346s
     0     0  845.00782    0 13743          -  845.00782      -     - 2364s
     0     0  845.03698    0 14198          -  845.03698      -     - 2366s
     0     0  845.05383    0 13489          -  845.05383      -     - 2368s
     0     0  845.05901    0 16760          -  845.05901      -     - 2380s
     0     0  845.64773    0 18075          -  845.64773      -     - 2415s
     0     0  846.26640    0 20358          -  846.26640      -     - 2570s
     0     0  846.43051    0 20595          -  846.43051      -     - 2576s
     0     0  846.43051    0 20547          -  846.43051      -     - 2578s
     0     0  847.15293    0 17373          -  847.15293      -     - 2640s
     0     0  847.25456    0 16920          -  847.25456      -     - 2663s
     0     0  847.25460    0 17113          -  847.25460      -     - 2670s
     0     0  847.87276    0 18682          -  847.87276      -     - 2714s
     0     0  847.87276    0 18667          -  847.87276      -     - 2715s
     0     0  847.87377    0 19441          -  847.87377      -     - 2731s
     0     0  848.19834    0 20232          -  848.19834      -     - 2784s
     0     0  848.25122    0 19243          -  848.25122      -     - 2831s
     0     0  848.26306    0 20542          -  848.26306      -     - 2854s
     0     0  849.56601    0 18874          -  849.56601      -     - 2916s
     0     0  849.56601    0 18868          -  849.56601      -     - 2916s
     0     0  850.30094    0 18904          -  850.30094      -     - 2949s
     0     0  850.32056    0 17821          -  850.32056      -     - 2959s
     0     0  850.42843    0 17777          -  850.42843      -     - 2963s
     0     0  850.42843    0 17776          -  850.42843      -     - 2964s
     0     0  851.22122    0 17685          -  851.22122      -     - 3029s
     0     0  851.22122    0 17703          -  851.22122      -     - 3030s
     0     0  851.24921    0 21155          -  851.24921      -     - 3055s
     0     0  851.25714    0 19603          -  851.25714      -     - 3083s
     0     0  851.35823    0 18231          -  851.35823      -     - 3146s
     0     0  851.35823    0 18231          -  851.35823      -     - 3168s
     0     0  851.35823    0 4451          -  851.35823      -     - 3244s
     0     2  851.35823    0 3897          -  851.35823      -     - 3307s
     1     4  851.43177    1 4674          -  851.43177      -  1477 3379s
     3     7  851.63393    2 4837          -  851.63393      -  4381 3453s
     6    10  851.64920    3 4685          -  851.64290      -  5210 3508s
     9    15  851.66741    4 5405          -  851.66741      -  4108 3587s
    14    19  859.13877    6 4122          -  851.77948      -  3946 3643s
    18    25  856.56520    5 4106          -  851.77948      -  4182 3728s
    24    35  864.29901    9 6795          -  851.77948      -  3475 3782s
    36    38  868.53321   10 6634          -  851.77948      -  2968 3831s
    39    46  888.01099   11 8592          -  851.77948      -  3110 3907s
    47    57  894.42370   12 8383          -  851.77948      -  3007 3990s
    60    67  893.01734   12 6897          -  851.77948      -  2608 4059s
    70    76  893.01734   13 7346          -  851.77948      -  2393 4141s
    79    82  893.01734   14 6037          -  851.77948      -  2333 4218s
    89    88  893.12968   15 6777          -  851.77948      -  2227 4281s
    95    98  893.13652   16 7928          -  851.77948      -  2292 4355s
   105   102  903.76884   16 5493          -  851.77948      -  2199 4444s
   111   107  893.13652   17 7921          -  851.77948      -  2214 4526s
   116   119  893.29005   18 7559          -  851.77948      -  2261 4630s
   128   129  893.49067   19 6308          -  851.77948      -  2203 4714s
   140   143  893.78933   19 5691          -  851.77948      -  2196 4782s
   154   158  894.55629   20 5689          -  851.77948      -  2127 4847s
   169   171  897.11377   21 6449          -  851.77948      -  2060 4920s
   183   192  907.58682   21 5102          -  851.77948      -  2093 5015s
   204   212  912.15430   22 5884          -  851.77948      -  1997 5097s
   224   230  912.37525   23 5243          -  851.77948      -  1924 5170s
   242   255  931.27441   23 7053          -  851.77948      -  1940 5277s
   271   289  912.59368   24 6456          -  851.77948      -  1868 5343s
   305   293  920.59519   24 5434          -  851.77948      -  1784 6180s
   309   303  912.59368   25 6157          -  851.77948      -  1771 6979s
   319   328  917.09691   25 6195          -  851.77948      -  1785 7200s

Cutting planes:
  Cover: 176
  Implied bound: 1760
  Clique: 1052
  MIR: 298
  StrongCG: 6
  Flow cover: 36
  GUB cover: 122
  Zero half: 6
  RLT: 251
  Relax-and-lift: 3227

Explored 344 nodes (1195159 simplex iterations) in 7200.33 seconds (4821.99 work units)
Thread count was 4 (of 8 available processors)

Solution count 0

Time limit reached
Best objective -, best bound 8.518000000000e+02, gap -
