
Gurobi 13.0.2 (linux64) logging started Fri Jul  3 16:26:47 2026

Set parameter LogFile to value "src/Resultados/Restriccion todas cliques/logs/R107-50.xml_log.log"
Set parameter Threads to value 4
Gurobi Optimizer version 13.0.2 build v13.0.2rc1 (linux64 - "Rocky Linux 9.7 (Blue Onyx)")

CPU model: QEMU Virtual CPU version 2.5+, instruction set [SSE2]
Thread count: 8 physical cores, 8 logical processors, using up to 4 threads

Non-default parameters:
TimeLimit  7200
Threads  4

Optimize a model with 252036 rows, 159165 columns and 2741880 nonzeros (Min)
Model fingerprint: 0x4b1ba967
Model has 38490 linear objective coefficients
Variable types: 30330 continuous, 128835 integer (128820 binary)
Coefficient statistics:
  Matrix range     [1e+00, 4e+04]
  Objective range  [4e+00, 6e+01]
  Bounds range     [1e+00, 2e+03]
  RHS range        [1e+00, 4e+04]

Presolve removed 59310 rows and 120 columns (presolve time = 6s)...
Presolve removed 74921 rows and 420 columns (presolve time = 10s)...
Presolve removed 75027 rows and 420 columns (presolve time = 15s)...
Presolve removed 74997 rows and 390 columns
Presolve time: 18.35s
Presolved: 177039 rows, 158775 columns, 895395 nonzeros
Variable types: 750 continuous, 158025 integer (142170 binary)
Deterministic concurrent LP optimizer: primal simplex, dual simplex, and barrier
Showing barrier log only...

Root barrier log...

Ordering time: 3.63s

Barrier statistics:
 Dense cols : 75
 AA' NZ     : 4.461e+06
 Factor NZ  : 2.094e+07 (roughly 300 MB of memory)
 Factor Ops : 1.244e+10 (roughly 2 seconds per iteration)
 Threads    : 1

                  Objective                Residual
Iter       Primal          Dual         Primal    Dual     Compl     Time
   0   3.77800228e+06 -2.95995211e+06  1.91e+05 4.44e-16  2.23e+02    32s
   1   1.63138251e+06 -3.51907951e+06  8.34e+04 7.36e-01  9.43e+01    34s
   2   4.61556834e+05 -3.98674198e+06  2.35e+04 1.75e-02  3.21e+01    36s
   3   8.92610602e+04 -1.33834630e+06  4.48e+03 8.45e-04  6.67e+00    38s
   4   1.33305303e+04 -1.78912770e+05  6.03e+02 2.48e-05  8.04e-01    41s
   5   3.61746133e+03 -9.38007192e+04  1.08e+02 1.05e-05  2.80e-01    44s
   6   1.54704978e+03 -1.03627786e+04  7.06e+00 5.68e-07  3.05e-02    48s
   7   1.11298246e+03 -1.91971683e+03  7.11e-01 1.08e-07  7.26e-03    51s
   8   7.57304252e+02 -3.11333562e+02  6.37e-02 3.28e-08  2.48e-03    55s
   9   5.57076542e+02  3.13312599e+02  1.87e-03 4.13e-09  5.61e-04    59s
  10   5.06644245e+02  4.87683597e+02  5.96e-06 7.11e-11  4.36e-05    62s
  11   5.01640088e+02  4.98823814e+02  1.55e-06 4.57e-12  6.47e-06    65s
  12   4.99812996e+02  4.99731294e+02  4.14e-09 9.52e-14  1.88e-07    68s
  13   4.99800013e+02  4.99799931e+02  9.45e-12 2.54e-15  1.88e-10    71s
  14   4.99800000e+02  4.99800000e+02  2.94e-10 1.78e-15  2.10e-13    73s

Barrier solved model in 14 iterations and 73.23 seconds (35.60 work units)
Optimal objective 4.99800000e+02


Root crossover log...

    9691 DPushes remaining with DInf 0.0000000e+00                74s
       0 DPushes remaining with DInf 0.0000000e+00                74s

   61987 PPushes remaining with PInf 0.0000000e+00                74s
   21100 PPushes remaining with PInf 0.0000000e+00                75s
       0 PPushes remaining with PInf 0.0000000e+00                80s

  Push phase complete: Pinf 0.0000000e+00, Dinf 6.5281114e-14     80s


Root simplex log...

Iteration    Objective       Primal Inf.    Dual Inf.      Time
   71591    4.9980000e+02   0.000000e+00   0.000000e+00     80s
Crossover time: 6.81 seconds (2.60 work units)
Concurrent spin time: 0.00s

Solved with barrier

Root relaxation: objective 4.998000e+02, 71591 iterations, 57.40 seconds (26.16 work units)

    Nodes    |    Current Node    |     Objective Bounds      |     Work
 Expl Unexpl |  Obj  Depth IntInf | Incumbent    BestBd   Gap | It/Node Time

     0     0  499.80000    0 7751          -  499.80000      -     -  192s
     0     0  499.80000    0 7871          -  499.80000      -     -  196s
     0     0  499.80000    0 10874          -  499.80000      -     -  244s
     0     0  499.80000    0 10875          -  499.80000      -     -  258s
     0     0  499.80000    0 14032          -  499.80000      -     -  302s
     0     0  499.80000    0 14032          -  499.80000      -     -  302s
     0     0  499.80000    0 4285          -  499.80000      -     -  356s
     0     0  499.80000    0 5504          -  499.80000      -     -  374s
     0     0  499.80000    0 7987          -  499.80000      -     -  396s
     0     0  499.80000    0 7987          -  499.80000      -     -  396s
     0     0  499.80000    0 4657          -  499.80000      -     -  429s
     0     0  499.80000    0 4650          -  499.80000      -     -  443s
     0     0  499.80000    0 4654          -  499.80000      -     -  444s
     0     0  499.80000    0 8094          -  499.80000      -     -  510s
     0     0  499.80000    0 8094          -  499.80000      -     -  510s
     0     0  499.80000    0 5457          -  499.80000      -     -  595s
     0     0  499.80000    0 5596          -  499.80000      -     -  609s
     0     0  499.80000    0 8030          -  499.80000      -     -  624s
     0     0  499.80000    0 6598          -  499.80000      -     -  665s
     0     0  499.80000    0 6598          -  499.80000      -     -  666s
     0     0  499.80000    0 5567          -  499.80000      -     -  711s
     0     0  499.80000    0 6924          -  499.80000      -     -  736s
     0     0  499.80000    0 6421          -  499.80000      -     -  740s
     0     0  499.80000    0 13601          -  499.80000      -     -  815s
     0     0  499.80000    0 13601          -  499.80000      -     -  815s
     0     0  499.80000    0 4676          -  499.80000      -     -  857s
     0     0  499.80000    0 4220          -  499.80000      -     - 1093s
     0     0  499.80000    0 4220          -  499.80000      -     - 1111s
     0     2  499.80000    0 3860          -  499.80000      -     - 1467s
     1     4  499.80000    1 3874          -  499.80000      -  2698 1481s
     3     8  499.80000    2 3908          -  499.80000      -  2385 1505s
     7    12  499.80000    3 4764          -  499.80000      -  2477 1515s
    11    20  499.80000    4 4789          -  499.80000      -  1625 1534s
    19    31  499.80000    6 4553          -  499.80000      -  1353 1544s
    30    43  499.80000    8 5697          -  499.80000      -  1163 1558s
    42    50  500.29777    9 5707          -  499.80000      -   942 1602s
    49    63  499.80000    9 5934          -  499.80000      -   890 1615s
    62    76  499.80000   10 6343          -  499.80000      -   743 1626s
    75    84  499.80000   12 7187          -  499.80000      -   658 1645s
    83   112  499.80000   15 8851          -  499.80000      -   710 1656s
   111   142  499.81748   19 9146          -  499.80000      -   563 1669s
   141   187  499.83656   34 8290          -  499.80000      -   491 1682s
   186   242  499.84682   54 8339          -  499.80000      -   405 1693s
   241   257  499.85245   79 8336          -  499.80000      -   336 1703s
   256   277  499.85288   87 9328          -  499.80000      -   329 1720s
   276   299  499.85709   96 8964          -  499.80000      -   330 1727s
   298   325  499.86278  110 8969          -  499.80000      -   316 1734s
   324   351  499.86688  130 8990          -  499.80000      -   303 1746s
   350   372  499.87280  150 8999          -  499.80000      -   295 1754s
   371   400  499.87281  162 8999          -  499.80000      -   288 1762s
   399   425  499.87282  178 9002          -  499.80000      -   272 1771s
   424   459  499.87285  195 9008          -  499.80000      -   260 1778s
   458   486  499.87487  217 9335          -  499.80000      -   248 1797s
   485   519  499.88435  238 8978          -  499.80000      -   245 2121s
   518   536  499.88442  263 8967          -  499.80000      -   234 2462s
   535   561  499.88525  277 7601          -  499.80000      -   228 2863s
   560   579  499.89076  299 7583          -  499.80000      -   218 3154s
   578   631  499.89118  310 7539          -  499.80000      -   215 3179s
   630   696  499.90014  339 7754          -  499.80000      -   210 3233s
   695   746  499.90226  368 7394          -  499.80000      -   199 3271s
   745   778  499.90259  394 7421          -  499.80000      -   198 3305s
   777   852  499.90259  405 7422          -  499.80000      -   200 3346s
   851   914  499.90302  437 7365          -  499.80000      -   195 3391s
   913  1005  499.90432  474 6968          -  499.80000      -   194 3425s
  1004  1114  499.90929  515 7413          -  499.80000      -   188 3450s
  1113  1252  499.91200  566 7015          -  499.80000      -   185 3470s
  1251  1389  499.92981  621 7360          -  499.80000      -   172 3502s
  1388  1514  499.93957  675 7403          -  499.80000      -   160 3521s
  1513  1655  499.93957  676 7372          -  499.80000      -   151 3539s
  1654  1771  499.94558  712 7403          -  499.80000      -   143 3566s
  1770  1925  499.94853  763 7344          -  499.80000      -   140 3599s
  1924  2122  499.95308  852 7374          -  499.80000      -   135 3653s
  2121  2205  499.95676  923 7410          -  499.80000      -   127 3674s
  2204  2326  500.19437  956 6951          -  499.80000      -   128 3695s
  2325  2330  500.23772  993 6796          -  499.80000      -   127 3727s
  2329  2334  500.23772  994 6822          -  499.80000      -   127 3766s
  2333  2338  500.24251  995 6791          -  499.80000      -   128 3799s
  2337  2342  500.24251  996 6799          -  499.80000      -   128 3837s
  2341  2346  500.24333  997 6828          -  499.80000      -   128 3870s
  2345  2350  500.24428  998 6809          -  499.80000      -   128 3903s
  2349  2354  500.24428  999 6810          -  499.80000      -   128 3929s
  2353  2358  500.24428 1000 6810          -  499.80000      -   128 3964s
  2357  2362  500.24428 1001 6810          -  499.80000      -   129 3998s
  2361  2366  500.24428 1002 7114          -  499.80000      -   129 4024s
  2365  2370  500.24428 1003 6810          -  499.80000      -   129 4051s
  2369  2374  500.24428 1004 6810          -  499.80000      -   129 4082s
  2373  2378  500.24428 1005 6810          -  499.80000      -   129 4123s
  2377  2382  500.24428 1006 6810          -  499.80000      -   129 4151s
  2381  2386  500.24428 1007 6810          -  499.80000      -   130 4188s
  2385  2390  500.24428 1008 6810          -  499.80000      -   130 4219s
  2389  2394  500.24428 1009 6810          -  499.80000      -   130 4250s
  2393  2398  500.24630 1010 6783          -  499.80000      -   130 4279s
  2397  2402  500.24681 1011 6846          -  499.80000      -   131 4310s
  2401  2406  500.24693 1012 6504          -  499.80000      -   131 4353s
  2405  2410  500.25134 1013 6829          -  499.80000      -   131 4380s
  2409  2417  500.25134 1014 6835          -  499.80000      -   131 4406s
  2416  2430  500.25261 1015 6861          -  499.80000      -   133 4440s
  2429  2465  500.25604 1016 6831          -  499.80000      -   135 4473s
  2464  2479  500.25604 1017 6832          -  499.80000      -   135 4502s
  2478  2506  500.25604 1018 7136          -  499.80000      -   136 4562s
  2505  2533  500.25604 1019 6830          -  499.80000      -   137 4589s
  2532  2571  500.25615 1020 6809          -  499.80000      -   138 4641s
  2570  2593  500.26008 1021 6838          -  499.80000      -   138 4663s
  2592  2649  500.26116 1022 6804          -  499.80000      -   140 4688s
  2648  2831  500.42130 1047 7004          -  499.80000      -   143 4728s
  2830  2975  500.55493 1107 7113          -  499.80000      -   140 4758s
  2974  3069  501.47701 1118 7582          -  499.80000      -   140 4794s
  3068  3179  503.17445 1132 6300          -  499.80000      -   144 4821s
  3178  3267  504.27905 1159 5216          -  499.80000      -   148 4856s
  3266  3404  504.56457 1163 5877          -  499.80000      -   153 4888s
  3403  3569  505.03503 1170 5983          -  499.80000      -   156 4923s
  3568  3693  505.93848 1192 5216          -  499.80000      -   157 4965s
  3695  3867  506.12967 1205 6056          -  499.80000      -   162 5008s
  3799  3867  499.80000    7 6977          -  499.80000      -   162 5010s
  3881  3962  506.49441 1257 5572          -  499.80000      -   164 5054s
  3976  4048  506.80039 1274 5342          -  499.80000      -   171 5107s
  4062  4178  507.24128 1293 7620          -  499.80000      -   173 5147s
  4192  4274  515.28460 1302 8064          -  499.80000      -   176 5189s
  4298  4351  528.84687 1310 8199          -  499.80000      -   182 5252s
  4375  4435  531.07190 1317 6816          -  499.80000      -   190 5303s
  4459  4589  531.77997 1332 6523          -  499.80000      -   195 5353s
  4613  4767  532.39345 1343 7586          -  499.80000      -   198 5405s
  4791  4918  532.69369 1364 6905          -  499.80000      -   199 5453s
  4942  5070  535.30289 1383 8088          -  499.80000      -   202 5515s
  5094  5323  537.79739 1430 7240          -  499.80000      -   203 5587s

Cutting planes:
  Learned: 3
  Gomory: 10
  Lift-and-project: 1
  Cover: 117
  Implied bound: 320
  Clique: 548
  MIR: 197
  Knapsack: 1
  StrongCG: 4
  Flow cover: 22
  GUB cover: 1
  Zero half: 14
  RLT: 299
  Relax-and-lift: 218
  BQP: 19

Explored 5347 nodes (1397535 simplex iterations) in 7201.36 seconds (4795.44 work units)
Thread count was 4 (of 8 available processors)

Solution count 0

Time limit reached
Best objective -, best bound 4.998000000000e+02, gap -
