
Gurobi 13.0.2 (linux64) logging started Sat Jul  4 08:41:12 2026

Set parameter LogFile to value "src/Resultados/Restriccion todas cliques/logs/R111-50.xml_log.log"
Set parameter Threads to value 4
Gurobi Optimizer version 13.0.2 build v13.0.2rc1 (linux64 - "Rocky Linux 9.7 (Blue Onyx)")

CPU model: QEMU Virtual CPU version 2.5+, instruction set [SSE2]
Thread count: 8 physical cores, 8 logical processors, using up to 4 threads

Non-default parameters:
TimeLimit  7200
Threads  4

Optimize a model with 245298 rows, 155205 columns and 2616060 nonzeros (Min)
Model fingerprint: 0xca2d9d30
Model has 38130 linear objective coefficients
Variable types: 29430 continuous, 125775 integer (125760 binary)
Coefficient statistics:
  Matrix range     [1e+00, 4e+04]
  Objective range  [4e+00, 6e+01]
  Bounds range     [1e+00, 2e+03]
  RHS range        [1e+00, 4e+04]

Presolve removed 0 rows and 0 columns (presolve time = 14s)...
Presolve removed 28980 rows and 120 columns (presolve time = 15s)...
Presolve removed 70320 rows and 330 columns (presolve time = 20s)...
Presolve removed 72384 rows and 420 columns (presolve time = 25s)...
Presolve removed 72399 rows and 420 columns (presolve time = 30s)...
Presolve removed 72369 rows and 390 columns
Presolve time: 33.27s
Presolved: 172929 rows, 154815 columns, 876795 nonzeros
Variable types: 750 continuous, 154065 integer (138210 binary)
Deterministic concurrent LP optimizer: primal simplex, dual simplex, and barrier
Showing barrier log only...

Root barrier log...

Ordering time: 3.57s

Barrier statistics:
 Dense cols : 75
 AA' NZ     : 4.343e+06
 Factor NZ  : 2.086e+07 (roughly 300 MB of memory)
 Factor Ops : 1.266e+10 (roughly 2 seconds per iteration)
 Threads    : 1

                  Objective                Residual
Iter       Primal          Dual         Primal    Dual     Compl     Time
   0   3.59206763e+06 -2.37122537e+06  1.83e+05 2.22e-16  1.82e+02    54s
   1   1.52992956e+06 -2.81898780e+06  7.87e+04 7.04e-01  7.76e+01    56s
   2   5.52994168e+05 -3.70703600e+06  2.85e+04 1.91e-02  3.37e+01    58s
   3   1.42334055e+05 -2.70296894e+06  7.28e+03 9.31e-03  1.22e+01    60s
   4   2.25524964e+04 -3.73918382e+05  1.08e+03 1.30e-04  1.55e+00    65s
   5   3.95261454e+03 -1.09263202e+05  1.26e+02 2.74e-05  3.22e-01    68s
   6   1.63043589e+03 -2.28820886e+04  1.48e+01 4.88e-06  6.35e-02    72s
   7   1.09202291e+03 -9.29870835e+03  2.62e+00 2.00e-06  2.54e-02    76s
   8   8.11284025e+02 -3.32940753e+03  9.12e-01 7.71e-07  1.01e-02    80s
   9   5.46463777e+02  4.86717175e+01  2.09e-02 6.80e-08  1.18e-03    84s
  10   5.08558311e+02  4.39120442e+02  6.69e-04 5.23e-09  1.63e-04    88s
  11   4.96977869e+02  4.94449226e+02  1.64e-06 4.71e-11  5.95e-06    91s
  12   4.96601358e+02  4.96587936e+02  8.17e-12 1.03e-15  3.16e-08    94s
  13   4.96600001e+02  4.96599988e+02  3.33e-10 2.17e-15  3.16e-11    97s
  14   4.96600000e+02  4.96600000e+02  4.04e-10 9.55e-16  3.16e-14   100s

Barrier solved model in 14 iterations and 100.09 seconds (34.76 work units)
Optimal objective 4.96600000e+02


Root crossover log...

    9617 DPushes remaining with DInf 0.0000000e+00               101s
       0 DPushes remaining with DInf 0.0000000e+00               101s

   60200 PPushes remaining with PInf 0.0000000e+00               101s
   14176 PPushes remaining with PInf 0.0000000e+00               106s
       0 PPushes remaining with PInf 0.0000000e+00               108s

  Push phase complete: Pinf 0.0000000e+00, Dinf 4.9682480e-15    108s


Root simplex log...

Iteration    Objective       Primal Inf.    Dual Inf.      Time
   69730    4.9660000e+02   0.000000e+00   0.000000e+00    109s
Crossover time: 8.57 seconds (3.22 work units)
Concurrent spin time: 0.01s

Solved with barrier

Root relaxation: objective 4.966000e+02, 69730 iterations, 71.51 seconds (26.30 work units)

    Nodes    |    Current Node    |     Objective Bounds      |     Work
 Expl Unexpl |  Obj  Depth IntInf | Incumbent    BestBd   Gap | It/Node Time

     0     0  496.60000    0 9040          -  496.60000      -     -  207s
     0     0  496.60000    0 9596          -  496.60000      -     -  210s
     0     0  496.60000    0 7994          -  496.60000      -     -  252s
     0     0  496.60000    0 7876          -  496.60000      -     -  267s
     0     0  496.60000    0 8090          -  496.60000      -     -  271s
     0     0  496.60000    0 7292          -  496.60000      -     -  308s
     0     0  496.60000    0 7292          -  496.60000      -     -  310s
     0     0  496.60000    0 3649          -  496.60000      -     -  348s
     0     0  496.60000    0 3897          -  496.60000      -     -  363s
     0     0  496.60000    0 3468          -  496.60000      -     -  365s
     0     0  496.60000    0 3470          -  496.60000      -     -  365s
     0     0  496.60000    0 6690          -  496.60000      -     -  396s
     0     0  496.60000    0 6668          -  496.60000      -     -  396s
     0     0  496.60000    0 2635          -  496.60000      -     -  452s
     0     0  496.60000    0 2635          -  496.60000      -     -  466s
     0     0  496.60000    0 2217          -  496.60000      -     -  469s
     0     0  496.60000    0 6873          -  496.60000      -     -  518s
     0     0  496.60000    0 6873          -  496.60000      -     -  518s
     0     0  496.60000    0 3166          -  496.60000      -     -  582s
     0     0  496.60000    0 3180          -  496.60000      -     -  599s
     0     0  496.60000    0 2803          -  496.60000      -     -  602s
     0     0  496.60000    0 10797          -  496.60000      -     -  655s
     0     0  496.60000    0 10797          -  496.60000      -     -  656s
     0     0  496.60000    0 4083          -  496.60000      -     -  726s
     0     0  496.60000    0 10484          -  496.60000      -     -  755s
     0     0  496.60000    0 10528          -  496.60000      -     -  756s
     0     0  496.60000    0 10526          -  496.60000      -     -  756s
     0     0  496.60000    0 12531          -  496.60000      -     -  785s
     0     0  496.60000    0 12531          -  496.60000      -     -  785s
     0     0  496.60000    0 7026          -  496.60000      -     -  855s
     0     0  496.60000    0 11621          -  496.60000      -     -  874s
     0     0  496.60000    0 11653          -  496.60000      -     -  879s
     0     0  496.60000    0 11502          -  496.60000      -     -  879s
     0     0  496.64129    0 14571          -  496.64129      -     -  904s
     0     0  496.64129    0 15049          -  496.64129      -     -  904s
     0     0  496.64129    0 5622          -  496.64129      -     -  951s
     0     0  496.64129    0 7782          -  496.64129      -     -  982s
     0     0  496.64129    0 7931          -  496.64129      -     -  986s
     0     0  497.34488    0 9962          -  497.34488      -     - 1019s
     0     0  497.34488    0 12630          -  497.34488      -     - 1199s
     0     0  497.34488    0 14748          -  497.34488      -     - 1231s
     0     0  497.34488    0 8924          -  497.34488      -     - 1262s
     0     0  498.50000    0 12005          -  498.50000      -     - 1281s
     0     0  498.50000    0 12006          -  498.50000      -     - 1282s
     0     0  498.50000    0 4152          -  498.50000      -     - 1370s
     0     0  498.50000    0 8288          -  498.50000      -     - 1397s
     0     0  498.50000    0 10152          -  498.50000      -     - 1399s
     0     0  498.50000    0 8477          -  498.50000      -     - 1399s
     0     0  498.61477    0 14447          -  498.61477      -     - 1436s
     0     0  498.61477    0 14400          -  498.61477      -     - 1436s
     0     0  498.61477    0 15297          -  498.61477      -     - 1468s
     0     0  499.37475    0 19663          -  499.37475      -     - 1500s
     0     0  499.37475    0 20007          -  499.37475      -     - 1528s
     0     0  500.05205    0 23518          -  500.05205      -     - 1562s
     0     0  500.17929    0 23236          -  500.17929      -     - 1590s
     0     0  500.17929    0 21682          -  500.17929      -     - 1595s
     0     0  501.75141    0 20096          -  501.75141      -     - 1628s
     0     0  504.64860    0 19774          -  504.64860      -     - 1650s
     0     0  504.69785    0 23077          -  504.69785      -     - 1656s
     0     0  504.69785    0 23077          -  504.69785      -     - 1656s
     0     0  504.70349    0 20365          -  504.70349      -     - 1659s
     0     0  504.72673    0 20382          -  504.72673      -     - 1661s
     0     0  504.74968    0 19589          -  504.74968      -     - 1664s
     0     0  504.74968    0 22620          -  504.74968      -     - 1669s
     0     0  512.17960    0 18213          -  512.17960      -     - 1692s
     0     0  512.17960    0 18218          -  512.17960      -     - 1693s
     0     0  512.17960    0 23635          -  512.17960      -     - 1731s
     0     0  512.17960    0 23626          -  512.17960      -     - 1731s
     0     0  513.33317    0 22051          -  513.33317      -     - 1762s
     0     0  513.44922    0 24660          -  513.44922      -     - 1791s
     0     0  514.07546    0 20067          -  514.07546      -     - 1799s
     0     0  514.07546    0 20066          -  514.07546      -     - 1799s
     0     0  514.08750    0 16911          -  514.08750      -     - 1804s
     0     0  514.08750    0 22431          -  514.08750      -     - 1814s
     0     0  515.89200    0 21464          -  515.89200      -     - 1849s
     0     0  517.22225    0 22046          -  517.22225      -     - 1881s
     0     0  517.22225    0 15810          -  517.22225      -     - 1907s
     0     0  517.22225    0 15838          -  517.22225      -     - 1908s
     0     0  517.23850    0 18696          -  517.23850      -     - 1940s
     0     0  517.23850    0 15944          -  517.23850      -     - 1971s
     0     0  517.41927    0 19485          -  517.41927      -     - 2009s
     0     0  517.46848    0 22026          -  517.46848      -     - 2032s
     0     0  517.79487    0 20681          -  517.79487      -     - 2078s
     0     0  517.79487    0 20748          -  517.79487      -     - 2079s
     0     0  517.79487    0 20747          -  517.79487      -     - 2080s
     0     0  517.79487    0 20749          -  517.79487      -     - 2080s
     0     0  517.81076    0 24894          -  517.81076      -     - 2102s
     0     0  517.81076    0 20018          -  517.81076      -     - 2111s
     0     0  518.76530    0 17023          -  518.76530      -     - 2147s
     0     0  518.76530    0 15584          -  518.76530      -     - 2175s
     0     0  518.76530    0 19948          -  518.76530      -     - 2216s
     0     0  519.16530    0 12962          -  519.16530      -     - 2247s
     0     0  519.16530    0 16606          -  519.16530      -     - 2262s
     0     0  519.16530    0 19029          -  519.16530      -     - 2274s
     0     0  519.16530    0 16403          -  519.16530      -     - 2281s
     0     0  519.31828    0 17535          -  519.31828      -     - 2302s
     0     0  519.31828    0 17535          -  519.31828      -     - 2303s
     0     0  519.31828    0 2503          -  519.31828      -     - 2429s
     0     0  519.31912    0 7269          -  519.31912      -     - 2517s
     0     0  519.38263    0 10188          -  519.38263      -     - 2568s
     0     0  519.38263    0 9646          -  519.38263      -     - 2599s
     0     0  519.39147    0 10735          -  519.39147      -     - 2638s
     0     0  519.42539    0 11749          -  519.42539      -     - 2668s
     0     0  519.42539    0 12499          -  519.42539      -     - 2672s
     0     0  519.53926    0 12610          -  519.53926      -     - 2703s
     0     0  519.53926    0 17275          -  519.53926      -     - 2780s
     0     0  519.53926    0 17279          -  519.53926      -     - 2780s
     0     0  519.53926    0 19804          -  519.53926      -     - 2838s
     0     0  519.54941    0 15387          -  519.54941      -     - 2898s
     0     0  519.54941    0 15382          -  519.54941      -     - 2899s
     0     0  519.55165    0 13794          -  519.55165      -     - 2907s
     0     0  519.71057    0 18566          -  519.71057      -     - 2940s
     0     0  519.71057    0 18566          -  519.71057      -     - 2941s
     0     0  519.71057    0 14853          -  519.71057      -     - 3039s
     0     0  519.72825    0 6038          -  519.72825      -     - 3055s
     0     0  519.72825    0 6047          -  519.72825      -     - 3056s
     0     0  519.72825    0 6294          -  519.72825      -     - 3056s
     0     0  519.72825    0 6046          -  519.72825      -     - 3057s
     0     0  519.72825    0 6046          -  519.72825      -     - 3057s
     0     0  519.72827    0 9715          -  519.72827      -     - 3064s
     0     0  519.87677    0 12148          -  519.87677      -     - 3117s
     0     0  519.87677    0 12036          -  519.87677      -     - 3118s
     0     0  519.87677    0 12025          -  519.87677      -     - 3118s
     0     0  519.88959    0 10613          -  519.88959      -     - 3139s
     0     0  519.89004    0 13975          -  519.89004      -     - 3158s
     0     0  519.89004    0 13910          -  519.89004      -     - 3158s
     0     0  519.89064    0 17532          -  519.89064      -     - 3182s
     0     0  519.89065    0 11755          -  519.89065      -     - 3199s
     0     0  519.89301    0 12959          -  519.89301      -     - 3216s
     0     0  519.89301    0 12959          -  519.89301      -     - 3221s
     0     0  519.89301    0 6418          -  519.89301      -     - 3327s
     0     2  519.89489    0 5720          -  519.89489      -     - 3442s
     1     3  537.92437    1 9451          -  519.89489      - 11367 3480s
     2     6  541.60772    2 7584          -  519.89489      -  7500 3506s
     5    10  541.60772    3 7487          -  519.89489      -  3773 3517s
     9    17  541.60772    4 7470          -  519.89489      -  2487 3537s
    16    21  541.76976    6 7543          -  519.89489      -  1876 3554s
    20    28  541.78732    7 7544          -  519.89489      -  1914 3581s
    27    36  541.78732    8 6715          -  519.89489      -  1687 3602s
    35    42  541.78732    9 7261          -  519.89489      -  1563 3624s
    41    51  538.63117   14 7531          -  519.89489      -  1494 3648s
    50    63  542.28935   10 7621          -  519.89489      -  1427 3663s
    62    91  542.45090   11 7890          -  519.89489      -  1241 3695s
    90   128  543.02380   12 7484          -  519.89489      -   985 3717s
   127   168  544.08357   12 7110          -  519.89489      -   794 3737s
   167   202  543.26350   13 6486          -  519.89489      -   644 3749s
   201   208  543.26350   14 6480          -  519.89489      -   550 3767s
   207   231  543.27871   15 6944          -  519.89489      -   552 3779s
   230   245  550.60462   16 6704          -  519.89489      -   525 3798s
   244   253  545.30339   16 6895          -  519.89489      -   522 3820s
   252   263  547.25339   17 5404          -  519.89489      -   526 3841s
   262   287  559.76066   17 6515          -  519.89489      -   545 3866s
   286   299  558.23865   18 5000          -  519.89489      -   524 3887s
   298   309  548.65339   18 6079          -  519.89489      -   528 3906s
   308   319  553.80655   19 6139          -  519.89489      -   536 4223s
   318   323  549.90339   19 5444          -  519.89489      -   539 4656s
   322   327  550.27839   20 5446          -  519.89489      -   537 5075s
   326   331  550.35339   21 5358          -  519.89489      -   536 5521s
   330   335  550.80339   22 5341          -  519.89489      -   530 6040s
   334   339  552.83598   22 5238          -  519.89489      -   526 6525s
   338   343  551.19413   23 5453          -  519.89489      -   524 6988s
   342   347  552.19516   24 5216          -  519.89489      -   520 7200s

Cutting planes:
  Gomory: 3
  Cover: 253
  Implied bound: 1257
  Clique: 444
  MIR: 245
  StrongCG: 23
  Flow cover: 27
  GUB cover: 18
  Zero half: 3
  RLT: 390
  Relax-and-lift: 2001

Explored 346 nodes (906664 simplex iterations) in 7201.14 seconds (3701.59 work units)
Thread count was 4 (of 8 available processors)

Solution count 0

Time limit reached
Best objective -, best bound 5.199000000000e+02, gap -
