
Gurobi 13.0.2 (linux64) logging started Sat Jun 27 15:41:44 2026

Set parameter LogFile to value "src/Resultados/Restriccion cota global/logs/RC108-50.xml_log.log"
Set parameter Threads to value 4
Gurobi Optimizer version 13.0.2 build v13.0.2rc1 (linux64 - "Rocky Linux 9.7 (Blue Onyx)")

CPU model: QEMU Virtual CPU version 2.5+, instruction set [SSE2]
Thread count: 8 physical cores, 8 logical processors, using up to 4 threads

Non-default parameters:
TimeLimit  7200
Threads  4

Optimize a model with 147470 rows, 94185 columns and 683550 nonzeros (Min)
Model fingerprint: 0xa7a5a214
Model has 24120 linear objective coefficients
Variable types: 17670 continuous, 76515 integer (76500 binary)
Coefficient statistics:
  Matrix range     [1e+00, 4e+04]
  Objective range  [1e+00, 8e+01]
  Bounds range     [1e+00, 2e+03]
  RHS range        [1e+00, 4e+04]

Presolve removed 41235 rows and 345 columns
Presolve time: 4.07s
Presolved: 106235 rows, 93840 columns, 550890 nonzeros
Variable types: 750 continuous, 93090 integer (82215 binary)
Deterministic concurrent LP optimizer: primal simplex, dual simplex, and barrier
Showing barrier log only...

Root barrier log...

Ordering time: 2.74s

Barrier statistics:
 Dense cols : 15
 AA' NZ     : 2.185e+06
 Factor NZ  : 9.616e+06 (roughly 160 MB of memory)
 Factor Ops : 3.423e+09 (less than 1 second per iteration)
 Threads    : 1

                  Objective                Residual
Iter       Primal          Dual         Primal    Dual     Compl     Time
   0   1.81469315e+06 -1.26886254e+06  8.72e+04 1.11e-16  1.53e+02    10s
   1   6.60625035e+05 -1.53146195e+06  3.23e+04 1.01e+00  5.89e+01    10s
   2   4.59704559e+05 -2.09540714e+06  2.34e+04 3.95e-01  4.50e+01    11s
   3   2.11412221e+05 -1.88827582e+06  1.08e+04 2.67e-01  2.38e+01    12s
   4   6.42238974e+04 -7.89144134e+05  3.27e+03 4.21e-12  6.69e+00    13s
   5   1.44368848e+04 -8.62597643e+04  6.70e+02 2.05e-12  9.36e-01    14s
   6   2.48150448e+03 -2.05898712e+04  6.19e+01 4.65e-14  1.33e-01    15s
   7   1.26333437e+03 -3.52747734e+03  4.57e+00 2.35e-14  2.10e-02    16s
   8   8.24828768e+02 -1.26016136e+03  1.22e+00 1.03e-14  8.65e-03    17s
   9   5.70018725e+02 -2.62435411e+01  2.63e-01 7.87e-15  2.41e-03    18s
  10   4.66925183e+02  4.02992514e+02  4.01e-03 6.64e-15  2.47e-04    19s
  11   4.60776558e+02  4.59770447e+02  9.82e-13 5.41e-15  3.87e-06    20s
  12   4.60700077e+02  4.60699070e+02  3.15e-12 5.53e-15  3.87e-09    20s
  13   4.60700000e+02  4.60699999e+02  1.89e-12 5.78e-15  3.87e-12    21s

Barrier solved model in 13 iterations and 21.26 seconds (12.73 work units)
Optimal objective 4.60700000e+02


Root crossover log...

    6480 DPushes remaining with DInf 0.0000000e+00                21s
       0 DPushes remaining with DInf 0.0000000e+00                21s

   36864 PPushes remaining with PInf 0.0000000e+00                21s
       0 PPushes remaining with PInf 0.0000000e+00                24s

  Push phase complete: Pinf 0.0000000e+00, Dinf 3.0420111e-14     24s


Root simplex log...

Iteration    Objective       Primal Inf.    Dual Inf.      Time
   43347    4.6070000e+02   0.000000e+00   0.000000e+00     24s
Crossover time: 2.86 seconds (1.60 work units)
Concurrent spin time: 0.00s

Solved with barrier

Root relaxation: objective 4.607000e+02, 43347 iterations, 18.88 seconds (10.11 work units)

    Nodes    |    Current Node    |     Objective Bounds      |     Work
 Expl Unexpl |  Obj  Depth IntInf | Incumbent    BestBd   Gap | It/Node Time

     0     0  460.70000    0 9465          -  460.70000      -     -   48s
     0     0  460.70000    0 11020          -  460.70000      -     -   50s
     0     0  460.70000    0 10865          -  460.70000      -     -   66s
     0     0  460.70000    0 10865          -  460.70000      -     -   69s
     0     0  460.70000    0 10865          -  460.70000      -     -   71s
     0     0  460.70000    0 10996          -  460.70000      -     -   73s
     0     0  460.70000    0 10995          -  460.70000      -     -   74s
     0     0  460.70000    0 10694          -  460.70000      -     -   78s
     0     0  460.70000    0 9483          -  460.70000      -     -   91s
     0     0  460.70000    0 9483          -  460.70000      -     -   91s
     0     0  460.70000    0 3348          -  460.70000      -     -  102s
     0     0  460.70000    0 6035          -  460.70000      -     -  120s
     0     0  460.70000    0 5395          -  460.70000      -     -  122s
     0     0  460.70000    0 10228          -  460.70000      -     -  139s
     0     0  460.70000    0 10228          -  460.70000      -     -  139s
     0     0  460.70000    0 1854          -  460.70000      -     -  163s
     0     0  460.70000    0 3430          -  460.70000      -     -  170s
     0     0  460.70000    0 2803          -  460.70000      -     -  171s
     0     0  460.70000    0 9033          -  460.70000      -     -  186s
     0     0  460.70000    0 9016          -  460.70000      -     -  186s
     0     0  460.70000    0 1786          -  460.70000      -     -  201s
     0     0  460.70000    0 5508          -  460.70000      -     -  209s
     0     0  460.70000    0 4308          -  460.70000      -     -  211s
     0     0  460.70000    0 8377          -  460.70000      -     -  221s
     0     0  460.70000    0 8377          -  460.70000      -     -  221s
     0     0  460.70000    0 3170          -  460.70000      -     -  246s
     0     0  460.70000    0 4918          -  460.70000      -     -  254s
     0     0  460.70000    0 5011          -  460.70000      -     -  254s
     0     0  460.70000    0 10078          -  460.70000      -     -  270s
     0     0  460.70000    0 10581          -  460.70000      -     -  271s
     0     0  460.70000    0 3712          -  460.70000      -     -  294s
     0     0  460.70000    0 4330          -  460.70000      -     -  299s
     0     0  460.70000    0 3992          -  460.70000      -     -  300s
     0     0  460.70000    0 3992          -  460.70000      -     -  300s
     0     0  460.70000    0 3992          -  460.70000      -     -  300s
     0     0  460.70000    0 3992          -  460.70000      -     -  300s
     0     0  460.74825    0 7461          -  460.74825      -     -  313s
     0     0  460.74825    0 7461          -  460.74825      -     -  313s
     0     0  460.74825    0 2940          -  460.74825      -     -  332s
     0     0  460.75790    0 8325          -  460.75790      -     -  346s
     0     0  460.75790    0 8299          -  460.75790      -     -  346s
     0     0  461.86000    0 8172          -  461.86000      -     -  358s
     0     0  462.05427    0 9257          -  462.05427      -     -  418s
     0     0  462.05427    0 9261          -  462.05427      -     -  418s
     0     0  462.15000    0 8696          -  462.15000      -     -  419s
     0     0  462.15000    0 9337          -  462.15000      -     -  420s
     0     0  462.15000    0 9261          -  462.15000      -     -  420s
     0     0  462.15000    0 6814          -  462.15000      -     -  428s
     0     0  462.15000    0 6808          -  462.15000      -     -  429s
     0     0  462.15000    0 6002          -  462.15000      -     -  433s
     0     0  462.16277    0 6995          -  462.16277      -     -  439s
     0     0  462.16277    0 6846          -  462.16277      -     -  440s
     0     0  462.16277    0 7509          -  462.16277      -     -  444s
     0     0  462.30918    0 6354          -  462.30918      -     -  452s
     0     0  462.30918    0 5519          -  462.30918      -     -  457s
     0     0  462.34160    0 8776          -  462.34160      -     -  464s
     0     0  462.34160    0 8775          -  462.34160      -     -  464s
     0     0  462.34160    0 8237          -  462.34160      -     -  468s
     0     0  462.74794    0 8399          -  462.74794      -     -  476s
     0     0  462.74794    0 8397          -  462.74794      -     -  476s
     0     0  462.75068    0 8363          -  462.75068      -     -  481s
     0     0  462.75068    0 8361          -  462.75068      -     -  482s
     0     0  462.75068    0 5878          -  462.75068      -     -  483s
     0     0  463.13266    0 6957          -  463.13266      -     -  490s
     0     0  463.13266    0 6958          -  463.13266      -     -  490s
     0     0  463.13521    0 6821          -  463.13521      -     -  496s
     0     0  463.13521    0 7153          -  463.13521      -     -  499s
     0     0  463.13521    0 7153          -  463.13521      -     -  499s
     0     0  463.13521    0 7153          -  463.13521      -     -  499s
     0     0  463.13521    0 7153          -  463.13521      -     -  500s
     0     0  463.13521    0 7155          -  463.13521      -     -  500s
     0     0  463.60144    0 6804          -  463.60144      -     -  507s
     0     0  463.60144    0 6116          -  463.60144      -     -  507s
     0     0  463.60144    0 8644          -  463.60144      -     -  514s
     0     0  464.27081    0 9496          -  464.27081      -     -  523s
     0     0  464.27081    0 9118          -  464.27081      -     -  530s
     0     0  464.27081    0 9118          -  464.27081      -     -  530s
     0     0  464.78339    0 9022          -  464.78339      -     -  540s
     0     0  464.78339    0 9088          -  464.78339      -     -  540s
     0     0  464.78917    0 7636          -  464.78917      -     -  545s
     0     0  464.78917    0 7637          -  464.78917      -     -  546s
     0     0  464.78917    0 8584          -  464.78917      -     -  548s
     0     0  464.78917    0 8583          -  464.78917      -     -  548s
     0     0  464.79636    0 6660          -  464.79636      -     -  561s
     0     0  464.81240    0 5639          -  464.81240      -     -  567s
     0     0  464.81240    0 6947          -  464.81240      -     -  569s
     0     0  465.20028    0 7567          -  465.20028      -     -  577s
     0     0  465.20028    0 8746          -  465.20028      -     -  586s
     0     0  465.74625    0 8180          -  465.74625      -     -  594s
     0     0  465.74625    0 8176          -  465.74625      -     -  594s
     0     0  466.15118    0 8376          -  466.15118      -     -  600s
     0     0  466.15118    0 8699          -  466.15118      -     -  604s
     0     0  467.32004    0 7333          -  467.32004      -     -  613s
     0     0  467.32004    0 7717          -  467.32004      -     -  614s
     0     0  467.35909    0 8039          -  467.35909      -     -  619s
     0     0  469.17820    0 7920          -  469.17820      -     -  628s
     0     0  469.17820    0 7865          -  469.17820      -     -  628s
     0     0  469.36267    0 5630          -  469.36267      -     -  633s
     0     0  469.36267    0 7214          -  469.36267      -     -  635s
     0     0  469.65502    0 8752          -  469.65502      -     -  643s
     0     0  469.68573    0 8167          -  469.68573      -     -  649s
     0     0  469.71141    0 7159          -  469.71141      -     -  651s
     0     0  469.71141    0 8312          -  469.71141      -     -  654s
     0     0  470.21901    0 9348          -  470.21901      -     -  664s
     0     0  470.21901    0 9350          -  470.21901      -     -  665s
     0     0  470.21901    0 8792          -  470.21901      -     -  671s
     0     0  470.71901    0 7831          -  470.71901      -     -  683s
     0     0  470.71901    0 7757          -  470.71901      -     -  683s
     0     0  470.71901    0 10556          -  470.71901      -     -  690s
     0     0  470.71901    0 8339          -  470.71901      -     -  700s
     0     0  470.71901    0 8481          -  470.71901      -     -  707s
     0     0  470.71901    0 8481          -  470.71901      -     -  707s
     0     0  471.16901    0 8912          -  471.16901      -     -  717s
     0     0  471.16901    0 8896          -  471.16901      -     -  717s
     0     0  471.16901    0 3213          -  471.16901      -     -  747s
     0     0  471.16901    0 4787          -  471.16901      -     -  758s
     0     0  471.16901    0 4849          -  471.16901      -     -  758s
     0     0  471.16901    0 4889          -  471.16901      -     -  758s
     0     0  471.16901    0 4849          -  471.16901      -     -  759s
     0     0  471.16901    0 4849          -  471.16901      -     -  759s
     0     0  471.16901    0 5455          -  471.16901      -     -  765s
     0     0  471.16901    0 5451          -  471.16901      -     -  766s
     0     0  471.16901    0 8050          -  471.16901      -     -  779s
     0     0  471.16901    0 8311          -  471.16901      -     -  790s
     0     0  471.16901    0 8311          -  471.16901      -     -  790s
     0     0  471.16901    0 3269          -  471.16901      -     -  828s
     0     0  471.16901    0 2766          -  471.16901      -     -  831s
     0     0  471.16901    0 1819          -  471.16901      -     -  864s
     0     2  471.16901    0 1819          -  471.16901      -     -  929s
     1     4  471.16901    1 2486          -  471.16901      -   482  934s
     3     8  471.16901    2 2552          -  471.16901      -   914  938s
     7    12  471.16901    3 4673          -  471.16901      -  1037  945s
    11    16  471.16901    4 4828          -  471.16901      -   778  950s
    15    26  471.16901    5 4752          -  471.16901      -   673  959s
    25    37  471.16901    9 7427          -  471.16901      -   610  971s
    36    46  471.16901   12 7864          -  471.16901      -   520  978s
    45    56  471.16901   15 5353          -  471.16901      -   508  990s
    55    77  471.16901   16 5323          -  471.16901      -   470  997s
    76    99  471.16901   23 4294          -  471.16901      -   392 1005s
    98   130  471.16901   30 7688          -  471.16901      -   342 1016s
   129   147  471.93568   42 7895          -  471.16901      -   291 1025s
   146   155  471.94401   43 7762          -  471.16901      -   274 1034s
   154   175  472.18568   47 6478          -  471.16901      -   270 1042s
   174   208  472.36901   53 6989          -  471.16901      -   250 1051s
   207   212  472.36901   61 7197          -  471.16901      -   224 1060s
   211   232  472.36901   62 7473          -  471.16901      -   224 1068s
   231   238  472.36901   66 7365          -  471.16901      -   214 1101s
   237   256  472.36901   67 7361          -  471.16901      -   210 1109s
   255   288  472.36901   70 6878          -  471.16901      -   204 1147s
   287   316  472.55235   71 6667          -  471.16901      -   189 1157s
   315   351  472.66901   84 6910          -  471.16901      -   187 1167s
   350   395  472.66901   94 6806          -  471.16901      -   182 1177s
   394   432  473.21901  105 6134          -  471.16901      -   176 1184s
   431   483  473.21901  125 5970          -  471.16901      -   174 1199s
   482   520  473.42107  147 6357          -  471.16901      -   165 1206s
   519   564  473.46901  154 5556          -  471.16901      -   170 1215s
   563   575  473.47618  179 5277          -  471.16901      -   165 1224s
   574   639  473.48335  184 5276          -  471.16901      -   165 1234s
   638   703  474.59619  213 6681          -  471.16901      -   159 1242s
   702   759  474.64458  242 6353          -  471.16901      -   152 1282s
   758   804  474.64458  260 5848          -  471.16901      -   150 1291s
   803   874  474.70835  262 6371          -  471.16901      -   148 1299s
   873   977  475.02341  291 6677          -  471.16901      -   144 1308s
   976  1007  477.04238  335 7278          -  471.16901      -   132 1414s
  1006  1011  477.34923  342 6513          -  471.16901      -   129 1478s
  1010  1015  477.35562  343 6490          -  471.16901      -   129 1547s
  1014  1019  477.38758  344 6489          -  471.16901      -   129 1621s
  1018  1023  477.40037  345 6490          -  471.16901      -   129 1684s
  1022  1027  477.43872  346 6490          -  471.16901      -   129 1748s
  1026  1031  477.46430  347 6489          -  471.16901      -   128 1816s
  1030  1035  477.46430  348 6484          -  471.16901      -   128 1896s
  1034  1046  477.50904  349 6493          -  471.16901      -   128 1972s
  1045  1100  477.60493  350 6486          -  471.16901      -   127 2038s
  1099  1138  477.68199  351 5998          -  471.16901      -   124 2104s
  1137  1248  477.70091  352 6002          -  471.16901      -   123 2135s
  1253  1401  477.72000  353 6385          -  471.16901      -   121 2149s
  1408  1518  483.25632  416 5810          -  471.16901      -   119 2160s
  1537  1733  539.52680  447 5013          -  471.16901      -   122 2172s
  1752  1980  539.57209  501 4603          -  471.16901      -   116 2185s
  2006  2170  540.04600  560 5888          -  471.16901      -   111 2199s
  2197  2488  540.05702  602 5802          -  471.16901      -   110 2213s
  2524  2730  540.10739  651 6180          -  471.16901      -   100 2225s
  2772  2866  541.72231  668 5446          -  471.16901      -  97.4 2238s
  2930  2867  475.02068  326 1819          -  471.16901      -   100 2362s
  2932  2868  515.16901  293 3203          -  471.16901      -   100 2600s
  2933  2869  540.05702  620 1580          -  471.25200      -   100 2728s
  2934  2870  586.61884  570 1459          -  471.32920      -   100 2778s
  2935  2870  476.42857  207  916          -  472.31709      -   100 2844s
  2936  2871  475.02163  332 2352          -  473.48141      -   100 2894s
  2937  2872  476.92485  137 1151          -  473.48141      -   100 2954s
  2938  2872  475.03436  290 2634          -  473.84141      -   100 3002s
  2939  2873  474.68444  166  836          -  473.84141      -   100 3053s
  2940  2874  505.16901  341 1798          -  474.16641      -   100 3099s
  2941  2874  474.34141  194  983          -  474.34141      -   100 3149s
  2942  2875  540.05702  588 3605          -  474.48867      -   100 3173s
  2943  2876  474.48867   40 1528          -  474.48867      -   100 3270s
  2944  2876  602.84228  695 2508          -  474.66543      -   100 3299s
  2945  2877  474.66543   22 1478          -  474.66543      -   100 3349s
  2946  2878  476.16901  136 1681          -  474.76836      -   100 3425s
  2947  2878  474.76836  121 1834          -  474.76836      -   100 3465s
  2948  2879  477.62649  287 2513          -  474.77024      -   100 3514s
  2949  2880  474.77024  254 2057          -  474.77024      -   100 3553s
  2950  2880  586.02405  565 2712          -  474.83308      -   100 3589s
  2951  2881  507.21936  108 1657          -  474.86500      -   100 3642s
  2952  2882  475.02071   22 4824          -  475.02071      -   100 3698s
  2953  2882  475.76901  251 3816          -  475.03553      -   100 3739s
  2954  2883  475.41901  318 4037          -  475.10209      -   100 3794s
  2955  2884  540.10754  438 3163          -  475.10209      -   100 3829s
  2956  2884  486.35566  369 3682          -  475.15155      -   100 3875s
  2957  2885  476.65911   58 3539          -  475.15155      -   100 3909s
  2958  2886  475.15186   33 4176          -  475.15186      -   100 3955s
  2959  2886  475.18837  154 4275          -  475.18837      -  99.5 4098s
  2960  2887  524.49048  403 4115          -  475.27932      -  99.4 4160s
  2961  2888  475.27932   14 4224          -  475.27932      -  99.4 4199s
  2962  2888  475.27932  274 5503          -  475.27932      -  99.4 4242s
  2963  2889  586.61884  570 1317          -  475.90000      -  99.3 4301s
  2964  2890  586.53726  562 4675          -  476.43623      -  99.3 4372s
  2965  2890  476.56667  189 1639          -  476.56667      -  99.3 4413s
  2966  2891  476.86643   61 3475          -  476.86643      -  99.2 4473s
  2967  2892  487.03821  378 3120          -  476.86643      -  99.2 4507s
  2968  2892  476.86643  120 4048          -  476.86643      -  99.2 4568s
  2969  2893  476.86643  305 2560          -  476.86643      -  99.1 4608s
  2970  2894  476.89306  126 3065          -  476.89306      -  99.1 4673s
  2971  2894  477.05667  136 2378          -  477.05667      -  99.1 4721s
  2972  2895  477.18167  140 3928          -  477.18167      -  99.0 4764s
  2973  2896  585.54161  543 3607          -  477.18167      -  99.0 4809s
  2974  2896  477.33167   81 4649          -  477.33167      -  99.0 4840s
  2975  2897  511.11901  309 3788          -  477.33167      -  98.9 4912s
  2976  2898  518.56104  374 4435          -  477.33167      -  98.9 4944s
  2977  2898  642.24261  562 3081          -  477.33167      -  98.9 5006s
  2978  2899  521.76104  383 3847          -  477.33167      -  98.8 5048s
  2979  2900  477.33167   98 3290          -  477.33167      -  98.8 5101s
  2980  2900  477.33167    9 3546          -  477.33167      -  98.8 5125s
  2981  2901  477.33167  260 2558          -  477.33167      -  98.7 5190s
  2982  2902  477.33167  214 3390          -  477.33167      -  98.7 5208s
  2983  2902  477.33167   68 2381          -  477.33167      -  98.7 5246s
  2984  2903  477.37144   86 3284          -  477.37144      -  98.6 5279s
  2985  2904  477.37144   48 2940          -  477.37144      -  98.6 5336s
  2986  2904  477.87267  345 3294          -  477.37144      -  98.6 5369s
  2987  2905  478.01274   97 2844          -  477.37144      -  98.5 5408s
  2988  2906  477.37144  210 4604          -  477.37144      -  98.5 5449s
  2989  2906  511.21901  373 2868          -  477.50036      -  98.5 5517s
  2990  2907  477.58254   72 3079          -  477.58254      -  98.4 5557s
  2991  2908  477.58254  259 3306          -  477.58254      -  98.4 5617s
  2992  2908  511.16901  316 5951          -  477.98531      -  98.4 5668s
  2993  2909  517.16901   86 3112          -  477.98531      -  98.3 5719s
  2994  2910  586.61884  570 3340          -  477.98531      -  98.3 5740s
  2995  2910  478.19028  106 3405          -  478.19028      -  98.3 5788s
  2996  2911  478.34239   15 3367          -  478.34239      -  98.2 5812s
  2997  2912  481.50309   73 2671          -  478.34239      -  98.2 5871s
  2998  2912  478.34239  291 3174          -  478.34239      -  98.2 5892s
  2999  2913  478.34239   41 2742          -  478.34239      -  98.1 6075s
  3000  2914  478.42129  181 3298          -  478.42129      -  98.1 6107s
  3001  2914  478.49601  212 2841          -  478.49601      -  98.1 6164s
  3002  2915  478.49601  317 2753          -  478.49601      -  98.0 6186s
  3003  2916  478.53167  283 3199          -  478.53167      -  98.0 6235s
  3004  2916  501.96901   44 3058          -  478.53167      -  98.0 6243s
  3005  2917  511.21901  393 2886          -  478.53167      -  97.9 6308s
  3006  2918  478.55625  172 4112          -  478.55625      -  97.9 6327s
  3007  2918  478.55625   68 3100          -  478.55625      -  97.9 6377s
  3008  2919  478.65441  249 3425          -  478.65441      -  97.9 6396s
  3009  2920  481.16901  309 3161          -  478.65441      -  97.8 6455s
  3010  2920  546.96104  418 3791          -  478.66008      -  97.8 6481s
  3011  2921  478.66968   55 2881          -  478.66968      -  97.8 6531s
  3012  2922  478.66968  212 3859          -  478.66968      -  97.7 6549s
  3013  2922  570.83758  232 2814          -  478.66969      -  97.7 6604s
  3014  2923  478.67004  167 4940          -  478.67004      -  97.7 6620s
  3015  2924  503.20400  276 2830          -  478.76094      -  97.6 6666s
  3016  2924  581.54645  541 4313          -  478.76220      -  97.6 6679s
  3017  2925  478.76220   70 3008          -  478.76220      -  97.6 6712s
  3018  2926  515.11901   64 3319          -  478.76220      -  97.5 6721s
  3019  2926  514.55255  178 3939          -  478.76330      -  97.5 6760s
  3020  2927  478.76330   24 5082          -  478.76330      -  97.5 6775s
  3021  2928  478.76342  225 3189          -  478.76342      -  97.4 6816s
  3022  2928  570.43758  230 4614          -  478.76370      -  97.4 6830s
  3023  2929  486.03165  292 3328          -  478.76418      -  97.4 6863s
  3024  2930  506.86936  106 3563          -  478.76418      -  97.3 6880s
  3025  2930  495.20309   89 3318          -  478.76834      -  97.3 6931s
  3026  2931  511.15255  173 4226          -  478.76834      -  97.3 6951s
  3027  2932  517.41815  357 3039          -  478.76834      -  97.2 6989s
  3028  2932  540.05345  574 3431          -  478.77030      -  97.2 7001s
  3029  2933  478.77044  217 2472          -  478.77044      -  97.2 7035s
  3030  2934  478.77044  326 4101          -  478.77044      -  97.1 7052s
  3031  2934  539.77410  513 2921          -  478.77375      -  97.1 7091s
  3032  2935  515.16901  293 3678          -  478.77598      -  97.1 7105s
  3033  2936  540.05702  620 3287          -  478.77598      -  97.0 7139s
  3034  2936  586.61884  570 4005          -  478.77682      -  97.0 7152s
  3035  2937  478.78455  207 3489          -  478.78455      -  97.0 7199s

Cutting planes:
  Gomory: 13
  Cover: 175
  Implied bound: 56
  Projected implied bound: 23
  Clique: 20
  MIR: 425
  Knapsack: 1
  StrongCG: 34
  Flow cover: 701
  GUB cover: 43
  Zero half: 119
  RLT: 188
  Relax-and-lift: 50

Explored 3035 nodes (2395934 simplex iterations) in 7200.27 seconds (5739.31 work units)
Thread count was 4 (of 8 available processors)

Solution count 0

Time limit reached
Best objective -, best bound 4.788000000000e+02, gap -
