
Gurobi 13.0.2 (linux64) logging started Fri Jun 26 15:38:17 2026

Set parameter LogFile to value "src/Resultados/Restriccion cota global/logs/RC102-50.xml_log.log"
Set parameter Threads to value 4
Gurobi Optimizer version 13.0.2 build v13.0.2rc1 (linux64 - "Rocky Linux 9.7 (Blue Onyx)")

CPU model: QEMU Virtual CPU version 2.5+, instruction set [SSE2]
Thread count: 8 physical cores, 8 logical processors, using up to 4 threads

Non-default parameters:
TimeLimit  7200
Threads  4

Optimize a model with 145136 rows, 90195 columns and 636090 nonzeros (Min)
Model fingerprint: 0x914a4619
Model has 17970 linear objective coefficients
Variable types: 18210 continuous, 71985 integer (71970 binary)
Coefficient statistics:
  Matrix range     [1e+00, 4e+04]
  Objective range  [1e+00, 8e+01]
  Bounds range     [1e+00, 2e+03]
  RHS range        [1e+00, 4e+04]

Presolve removed 43125 rows and 450 columns (presolve time = 5s)...
Presolve removed 43110 rows and 435 columns
Presolve time: 5.34s
Presolved: 102026 rows, 89760 columns, 496875 nonzeros
Variable types: 750 continuous, 89010 integer (78135 binary)
Deterministic concurrent LP optimizer: primal and dual simplex
Showing primal log only...


Root simplex log...

Iteration    Objective       Primal Inf.    Dual Inf.      Time
       0    4.8331000e+03   3.405025e+03   6.396872e+10      8s
   30995    2.9291490e+02   3.188500e+02   1.007620e+10     10s
   40616    3.7580556e+02   2.230647e+02   4.414404e+10     15s
   44936    3.9210250e+02   1.949167e+02   4.793695e+10     20s
   49436    3.9897959e+02   1.431490e+02   1.785387e+10     25s
   53936    4.5703833e+02   1.142356e+02   1.089707e+10     30s
   58797    5.2835948e+02   8.088011e+01   4.386007e+09     35s
   63117    5.6080248e+02   5.299087e+01   8.549452e+09     40s
   66897    5.7224245e+02   4.181266e+01   4.166486e+09     45s
   70097    5.7639472e+02   3.058600e+01   1.398656e+10     50s
   73047    5.8048217e+02   2.241256e+01   2.456124e+09     55s
   76247    5.7644939e+02   7.602117e+00   2.266190e+10     60s
   79847    6.1711356e+02   3.760812e+00   4.233566e+08     65s
   83447    6.4907020e+02   1.698241e+00   1.509310e+09     70s
   86687    7.0074750e+02   0.000000e+00   2.577922e+06     75s
   89357    5.7187741e+02   0.000000e+00   2.041288e+05     80s
   92417    5.4160954e+02   0.000000e+00   4.821265e+05     85s
   94937    5.2365764e+02   0.000000e+00   9.021505e+06     90s
   96767    5.1767633e+02   0.000000e+00   3.796010e+05     95s
   99087    5.1351737e+02   0.000000e+00   2.716381e+04    100s
  101737    5.1147879e+02   0.000000e+00   1.890353e+00    105s
  103727    5.1140000e+02   8.679881e+01   0.000000e+00    110s
  105659    5.1140000e+02   5.554940e+01   0.000000e+00    115s
  108109    5.1140001e+02   1.990210e+00   0.000000e+00    120s
Concurrent spin time: 0.00s

Solved with dual simplex

Root simplex log...

Iteration    Objective       Primal Inf.    Dual Inf.      Time
   63040    5.1140000e+02   0.000000e+00   0.000000e+00    121s

Root relaxation: objective 5.114000e+02, 63040 iterations, 114.33 seconds (88.14 work units)

    Nodes    |    Current Node    |     Objective Bounds      |     Work
 Expl Unexpl |  Obj  Depth IntInf | Incumbent    BestBd   Gap | It/Node Time

     0     0  511.40000    0 7577          -  511.40000      -     -  155s
     0     0  511.40000    0 7203          -  511.40000      -     -  156s
     0     0  511.40000    0 7001          -  511.40000      -     -  181s
     0     0  511.40000    0 7846          -  511.40000      -     -  190s
     0     0  511.40000    0 7819          -  511.40000      -     -  190s
     0     0  511.40000    0 7166          -  511.40000      -     -  204s
     0     0  511.40000    0 7064          -  511.40000      -     -  205s
     0     0  511.40000    0 2385          -  511.40000      -     -  220s
     0     0  511.40000    0 4382          -  511.40000      -     -  237s
     0     0  511.40000    0 4500          -  511.40000      -     -  238s
     0     0  511.40000    0 4492          -  511.40000      -     -  238s
     0     0  511.40000    0 7493          -  511.40000      -     -  249s
     0     0  511.40000    0 7493          -  511.40000      -     -  249s
     0     0  511.40000    0 2178          -  511.40000      -     -  289s
     0     0  511.40000    0 2886          -  511.40000      -     -  294s
     0     0  511.40000    0 2888          -  511.40000      -     -  294s
     0     0  511.40000    0 8068          -  511.40000      -     -  316s
     0     0  511.40000    0 7633          -  511.40000      -     -  317s
     0     0  511.40000    0 4634          -  511.40000      -     -  333s
     0     0  511.40000    0 6123          -  511.40000      -     -  338s
     0     0  511.40000    0 5693          -  511.40000      -     -  339s
     0     0  511.40000    0 5692          -  511.40000      -     -  339s
     0     0  511.40000    0 6286          -  511.40000      -     -  345s
     0     0  511.40000    0 6286          -  511.40000      -     -  345s
     0     0  511.40000    0 3381          -  511.40000      -     -  372s
     0     0  511.40000    0 8030          -  511.40000      -     -  394s
     0     0  511.43014    0 11144          -  511.43014      -     -  411s
     0     0  511.43014    0 11144          -  511.43014      -     -  411s
     0     0  511.43014    0 6571          -  511.43014      -     -  432s
     0     0  511.43337    0 6571          -  511.43337      -     -  439s
     0     0  511.43337    0 7071          -  511.43337      -     -  440s
     0     0  511.43337    0 6929          -  511.43337      -     -  441s
     0     0  518.10742    0 7309          -  518.10742      -     -  457s
     0     0  518.10742    0 7821          -  518.10742      -     -  458s
     0     0  518.11120    0 11429          -  518.11120      -     -  466s
     0     0  518.11120    0 11039          -  518.11120      -     -  466s
     0     0  518.11120    0 8299          -  518.11120      -     -  467s
     0     0  518.11120    0 8298          -  518.11120      -     -  467s
     0     0  518.72946    0 8475          -  518.72946      -     -  474s
     0     0  518.72946    0 8459          -  518.72946      -     -  474s
     0     0  519.02512    0 8662          -  519.02512      -     -  603s
     0     0  519.02698    0 8606          -  519.02698      -     -  604s
     0     0  519.03234    0 8845          -  519.03234      -     -  605s
     0     0  519.04492    0 9310          -  519.04492      -     -  605s
     0     0  519.04492    0 9206          -  519.04492      -     -  606s
     0     0  521.08476    0 10061          -  521.08476      -     -  613s
     0     0  521.08476    0 10064          -  521.08476      -     -  613s
     0     0  521.13567    0 9037          -  521.13567      -     -  619s
     0     0  521.13569    0 9738          -  521.13569      -     -  621s
     0     0  521.29337    0 10758          -  521.29337      -     -  630s
     0     0  521.29337    0 10763          -  521.29337      -     -  630s
     0     0  521.30293    0 11651          -  521.30293      -     -  636s
     0     0  521.59313    0 8600          -  521.59313      -     -  640s
     0     0  521.59313    0 9339          -  521.59313      -     -  643s
     0     0  521.59313    0 9240          -  521.59313      -     -  644s
     0     0  521.59313    0 8078          -  521.59313      -     -  645s
     0     0  522.73581    0 10421          -  522.73581      -     -  653s
     0     0  522.73726    0 10448          -  522.73726      -     -  659s
     0     0  522.76836    0 10124          -  522.76836      -     -  669s
     0     0  522.76836    0 10102          -  522.76836      -     -  670s
     0     0  522.82580    0 13649          -  522.82580      -     -  675s
     0     0  522.82580    0 13649          -  522.82580      -     -  676s
     0     0  522.85691    0 13867          -  522.85691      -     -  679s
     0     0  522.85691    0 13867          -  522.85691      -     -  679s
     0     0  522.85691    0 10718          -  522.85691      -     -  682s
     0     0  522.87277    0 11518          -  522.87277      -     -  691s
     0     0  522.87277    0 11520          -  522.87277      -     -  692s
     0     0  522.88702    0 13602          -  522.88702      -     -  700s
     0     0  522.88702    0 13601          -  522.88702      -     -  700s
     0     0  522.88702    0 12912          -  522.88702      -     -  701s
     0     0  524.47708    0 11677          -  524.47708      -     -  711s
     0     0  524.59975    0 11880          -  524.59975      -     -  716s
     0     0  524.59975    0 11854          -  524.59975      -     -  717s
     0     0  524.59975    0 9906          -  524.59975      -     -  718s
     0     0  526.18816    0 11843          -  526.18816      -     -  724s
     0     0  526.18816    0 11842          -  526.18816      -     -  724s
     0     0  526.27640    0 10621          -  526.27640      -     -  728s
     0     0  526.27640    0 9423          -  526.27640      -     -  730s
     0     0  526.27640    0 9389          -  526.27640      -     -  730s
     0     0  529.64060    0 10930          -  529.64060      -     -  739s
     0     0  529.64060    0 10977          -  529.64060      -     -  739s
     0     0  529.64060    0 10866          -  529.64060      -     -  740s
     0     0  529.72176    0 9007          -  529.72176      -     -  745s
     0     0  529.72176    0 9053          -  529.72176      -     -  746s
     0     0  529.72176    0 9053          -  529.72176      -     -  746s
     0     0  529.72176    0 9055          -  529.72176      -     -  746s
     0     0  529.72176    0 9583          -  529.72176      -     -  748s
     0     0  532.39689    0 11629          -  532.39689      -     -  759s
     0     0  532.39689    0 11629          -  532.39689      -     -  759s
     0     0  532.51462    0 9675          -  532.51462      -     -  766s
     0     0  532.51462    0 9671          -  532.51462      -     -  766s
     0     0  532.51701    0 11193          -  532.51701      -     -  768s
     0     0  533.35618    0 10912          -  533.35618      -     -  784s
     0     0  533.43862    0 14202          -  533.43862      -     -  792s
     0     0  533.43862    0 11076          -  533.43862      -     -  795s
     0     0  533.43862    0 11081          -  533.43862      -     -  795s
     0     0  533.57591    0 13770          -  533.57591      -     -  806s
     0     0  533.57591    0 13764          -  533.57591      -     -  807s
     0     0  533.69424    0 14079          -  533.69424      -     -  814s
     0     0  533.69424    0 14142          -  533.69424      -     -  816s
     0     0  533.69852    0 11940          -  533.69852      -     -  828s
     0     0  533.69852    0 11906          -  533.69852      -     -  828s
     0     0  533.70007    0 11295          -  533.70007      -     -  834s
     0     0  534.47332    0 10555          -  534.47332      -     -  844s
     0     0  534.54239    0 9802          -  534.54239      -     -  850s
     0     0  534.54239    0 11305          -  534.54239      -     -  852s
     0     0  534.84760    0 14076          -  534.84760      -     -  862s
     0     0  534.92127    0 13573          -  534.92127      -     -  868s
     0     0  534.92127    0 13557          -  534.92127      -     -  868s
     0     0  534.92127    0 9440          -  534.92127      -     -  870s
     0     0  536.69325    0 10340          -  536.69325      -     -  881s
     0     0  536.69325    0 8788          -  536.69325      -     -  888s
     0     0  536.69325    0 8751          -  536.69325      -     -  888s
     0     0  536.69590    0 10117          -  536.69590      -     -  896s
     0     0  536.69590    0 10116          -  536.69590      -     -  896s
     0     0  536.69608    0 8572          -  536.69608      -     -  901s
     0     0  537.02659    0 9909          -  537.02659      -     -  911s
     0     0  537.02659    0 9924          -  537.02659      -     -  911s
     0     0  537.02659    0 10499          -  537.02659      -     -  918s
     0     0  537.02840    0 9211          -  537.02840      -     -  930s
     0     0  537.02840    0 9211          -  537.02840      -     -  932s
     0     0  537.02840    0 4414          -  537.02840      -     -  990s
     0     2  537.02840    0 3510          -  537.02840      -     - 1084s
     1     4  537.02840    1 5897          -  537.02840      -  2227 1097s
     3     8  537.05298    2 9601          -  537.02840      -  3403 1111s
     7    12  537.12838    3 12649          -  537.05298      -  3442 1121s
    11    28  537.12838    4 12279          -  537.05298      -  2481 1128s
    27    36  537.12838    9 11327          -  537.05298      -  1232 1136s
    35    46  537.30624   11 11238          -  537.05298      -  1201 1141s
    53    64  537.76132   12 8903          -  537.05298      -   959 1149s
    66    84  537.42269   14 9063          -  537.05298      -   862 1155s
    86   109  537.55389   17 8692          -  537.05298      -   718 1163s
   111   126  537.75416   24 7869          -  537.05298      -   612 1167s
   128   146  537.76281   26 8253          -  537.05298      -   552 1170s
   157   166  538.03161   30 8140          -  537.05298      -   504 1177s
   169   183  543.73029   31 6041          -  537.05298      -   493 1182s
   186   189  538.51147   32 7132          -  537.05298      -   471 1185s
   206   233  538.60355   34 6633          -  537.05298      -   440 1191s
   246   252  539.42044   42 5733          -  537.05298      -   386 1197s
   255   273  539.42044   44 6238          -  537.05298      -   387 1201s
   276   284  539.42044   45 6052          -  537.05298      -   368 1205s
   303   320  539.71180   49 5798          -  537.05298      -   353 1213s
   323   327  539.78769   52 5754          -  537.05298      -   344 1316s
   330   344  539.78769   53 5749          -  537.05298      -   352 1406s
   347   363  539.78769   54 5739          -  537.05298      -   345 1522s
   366   382  539.90561   61 5336          -  537.05298      -   339 1530s
   385   408  540.04689   67 5219          -  537.05298      -   344 1537s
   411   445  539.93029   72 6154          -  537.05298      -   350 1546s
   448   481  540.20529   80 5981          -  537.05298      -   344 1553s
   484   523  540.97813   89 5502          -  537.05298      -   340 1562s
   526   586  540.97813   91 5629          -  537.05298      -   333 1570s
   589   671  540.99774   93 5962          -  537.05298      -   313 1580s
   674   688  541.42002  106 5800          -  537.05298      -   285 1586s
   691   701  541.59826  120 5338          -  537.05298      -   280 1594s
   704   713  541.71077  129 5166          -  537.05298      -   287 1601s
   716   728  541.76947  138 4234          -  537.05298      -   287 1608s
   731   743  541.82170  149 5207          -  537.05298      -   287 1614s
   746   753  542.16839  161 4484          -  537.05298      -   290 1625s
   756   762  542.26515  168 4649          -  537.05298      -   289 1651s
   765   773  542.33037  174 4555          -  537.05298      -   288 1662s
   776   780  542.41298  182 5481          -  537.05298      -   293 1674s
   783   787  542.41352  186 4819          -  537.05298      -   295 1732s
   790   795  542.48029  189 4278          -  537.05298      -   296 1742s
   798   838  542.48491  193 4392          -  537.05298      -   299 1754s
   841   853  542.56317  233 4323          -  537.05298      -   285 1762s
   856   906  542.70348  245 3872          -  537.05298      -   281 1774s
   909   972  542.96710  288 4270          -  537.05298      -   266 1787s
   975  1013  548.69510  320 4321          -  537.05298      -   254 1803s
  1016  1074  550.78764  336 4570          -  537.05298      -   250 1821s
  1077  1182  552.75508  346 4481          -  537.05298      -   246 1832s
  1190  1298  537.05645    4 12223          -  537.05298      -   232 1843s
  1306  1378  537.43325   10 12007          -  537.05298      -   223 1852s
  1386  1542  539.01448   23 11833          -  537.05298      -   223 1862s
  1550  1668  539.86030   38 9240          -  537.05298      -   209 1872s
  1676  1789  539.86030   43 7245          -  537.05298      -   205 1884s
  1797  1962  540.02696   54 7465          -  537.05298      -   203 1896s
  1972  2078  540.20485   92 6932          -  537.05298      -   193 1907s
  2094  2219  540.96967  109 6517          -  537.05298      -   192 1919s
  2238  2280  541.13427  131 6490          -  537.05298      -   187 1934s
  2308  2342  541.28545  138 5186          -  537.05298      -   192 1947s
  2382  2343  539.78769   53 4414          -  537.05298      -   197 2067s
  2384  2344  597.01371  521 4639          -  537.05298      -   197 2401s
  2385  2345  542.59990  141 3408          -  537.05298      -   196 2568s
  2386  2346  564.20567  355 4688          -  537.05298      -   196 2592s
  2387  2346  542.43238  174 6207          -  539.74582      -   196 2631s
  2388  2347  541.86976   69 6578          -  540.12720      -   196 2638s
  2389  2348  542.04696   97 6711          -  540.21243      -   196 2641s
  2391  2349  591.00477  369 6674          -  540.21298      -   196 2694s
  2392  2350  594.10777  481 3913          -  541.73440      -   196 2793s
  2393  2350  542.47481   24 4540          -  542.47481      -   196 2811s
  2394  2351  596.35552  503 5621          -  542.78431      -   196 2832s
  2395  2352  543.73029   32 6226          -  542.98830      -   196 2846s
  2396  2352  543.54224   85 6761          -  543.54224      -   196 2866s
  2397  2353  543.63692   54 6764          -  543.63692      -   195 2884s
  2398  2354  594.20345  492 6752          -  543.64482      -   195 2901s
  2399  2354  593.82340  499 4909          -  543.69041      -   195 2923s
  2400  2355  543.98973   80 5518          -  543.98973      -   195 2950s
  2401  2356  543.99984  251 6135          -  543.99984      -   195 2959s
  2402  2356  599.57711  654 6153          -  544.00249      -   195 2965s
  2403  2357  555.72340  346 5367          -  544.00456      -   195 2972s
  2405  2358  673.06968  853 5145          -  544.00559      -   195 2976s
  2408  2360  599.47332  651 5137          -  544.01353      -   195 2980s
  2411  2362  544.01486  109 5216          -  544.01486      -   194 3087s
  2412  2363  544.44953  194 3240          -  544.44953      -   194 3145s
  2413  2364  547.27375  290 4136          -  544.50043      -   194 3191s
  2414  2364  600.05238  674 4464          -  544.92767      -   194 3293s
  2415  2365  545.04220   43 3467          -  545.04220      -   194 3366s
  2416  2366  545.71045  107 3887          -  545.71045      -   194 3392s
  2417  2366  595.40098  507 4648          -  545.78424      -   194 3420s
  2418  2367  545.94738   71 6056          -  545.94738      -   194 3463s
  2419  2368  545.99426  227 5903          -  545.99426      -   194 3479s
  2420  2368  546.19554  167 4600          -  546.19554      -   194 3505s
  2421  2369  546.59288  179 4248          -  546.39133      -   194 3535s
  2422  2370  546.42542  158 4423          -  546.42542      -   193 3545s
  2423  2370  547.32391  195 3211          -  547.32391      -   193 3575s
  2424  2371  558.52840  329 2957          -  547.32391      -   193 3714s
  2425  2372  549.06155  362 3464          -  547.33844      -   193 3768s
  2426  2372  547.47064  135 5115          -  547.47064      -   193 3785s
  2427  2373  547.74378  114 4900          -  547.74378      -   193 3796s
  2428  2374  600.48231  713 5863          -  548.07023      -   193 3812s
  2429  2374  600.53336  715 5714          -  548.25751      -   193 3829s
  2430  2375  548.45562  195 5919          -  548.45562      -   193 3852s
  2431  2376  548.50588  184 5365          -  548.50588      -   193 3860s
  2434  2378  577.82840  444 4195          -  548.69663      -   193 3867s
  2435  2378  548.69675   37 4860          -  548.69675      -   192 3954s
  2436  2379  578.18583  317 3103          -  549.00908      -   192 4095s
  2437  2380  549.20872   70 4577          -  549.20872      -   192 4100s
  2438  2380  549.22862  332 5149          -  549.22862      -   192 4108s
  2440  2382  549.25923  126 5355          -  549.25923      -   192 4113s
  2441  2382  549.28991  156 5224          -  549.28991      -   192 4124s
  2442  2383  592.34156  412 4794          -  549.30457      -   192 4126s
  2443  2384  549.32674  129 4567          -  549.32674      -   192 4131s
  2447  2386  577.78583  316 5180          -  549.34928      -   191 4135s
  2449  2388  576.97340  436 5200          -  549.34955      -   191 4228s
  2450  2388  559.07149  493 3673          -  549.59759      -   191 4273s
  2451  2389  549.78445   17 3995          -  549.78445      -   191 4281s
  2452  2390  549.83292  263 4400          -  549.83292      -   191 4293s
  2453  2390  600.79385  731 4974          -  549.85105      -   191 4302s
  2456  2392  601.86120  767 4907          -  549.86872      -   191 4305s
  2459  2394  598.64191  613 4867          -  549.86939      -   191 4372s
  2460  2395  550.30974   64 3250          -  550.30974      -   190 4432s
  2461  2396  550.33222  279 4602          -  550.33222      -   190 4442s
  2462  2396  598.21718  586 5043          -  550.35140      -   190 4446s
  2465  2398  551.47830   11 4758          -  550.37517      -   190 4523s
  2466  2399  550.47243  236 4024          -  550.47243      -   190 4564s
  2467  2400  550.54234  220 4326          -  550.54234      -   190 4573s
  2468  2400  583.93340  475 5496          -  550.55520      -   190 4580s
  2471  2402  550.57459  371 4633          -  550.57459      -   190 4586s
  2473  2404  550.57545  217 4101          -  550.57545      -   189 4656s
  2474  2404  558.05285  492 3200          -  550.74785      -   189 4703s
  2475  2405  550.79941   37 4495          -  550.79941      -   189 4714s
  2476  2406  593.80424  445 4164          -  550.80713      -   189 4717s
  2478  2407  550.81307  237 4227          -  550.81307      -   189 4720s
  2480  2408  550.81390  138 4404          -  550.81390      -   189 4771s
  2481  2409  551.01860   58 3144          -  551.01860      -   189 4814s
  2482  2410  551.06003   53 4429          -  551.06003      -   189 4830s
  2484  2411  597.01371  521 4830          -  551.10404      -   189 4837s
  2486  2412  564.20567  355 4721          -  551.10796      -   188 4894s
  2487  2413  551.38457  174 4415          -  551.38457      -   188 5203s
  2488  2414  551.53150   69 4438          -  551.53150      -   188 5215s
  2490  2415  600.40888  708 4463          -  551.56285      -   188 5224s
  2491  2416  591.00477  369 4581          -  551.57384      -   188 5225s
  2494  2418  596.35552  503 4768          -  551.58003      -   188 5319s
  2495  2418  551.92793   32 4111          -  551.92793      -   188 5362s
  2496  2419  551.98666   85 5012          -  551.98666      -   188 5367s
  2499  2421  593.82340  499 4782          -  552.01861      -   188 5370s
  2501  2422  552.01905  251 4831          -  552.01905      -   187 5412s
  2502  2423  599.57711  654 3916          -  552.13741      -   187 5455s
  2503  2424  555.72340  346 5553          -  552.20066      -   187 5464s
  2504  2424  592.63030  421 5676          -  552.22822      -   187 5467s
  2505  2425  673.06968  853 5698          -  552.23969      -   187 5480s
  2510  2428  573.32840  409 5605          -  552.25885      -   187 5485s
  2512  2430  552.25919  194 5643          -  552.25919      -   187 5528s
  2513  2430  552.52189  290 4238          -  552.52189      -   186 5581s
  2514  2431  600.05238  674 4566          -  552.60146      -   186 5586s
  2515  2432  552.62854   43 4611          -  552.62854      -   186 5592s
  2516  2432  552.63581  107 5061          -  552.63581      -   186 5608s
  2518  2434  552.64762   71 4805          -  552.64762      -   186 5613s
  2519  2434  552.64769  227 4803          -  552.64769      -   186 5634s
  2520  2435  553.18769  167 3948          -  553.18769      -   186 5696s
  2521  2436  553.37742  179 4480          -  553.37742      -   186 5706s
  2522  2436  553.43462  158 4233          -  553.43462      -   186 5710s
  2524  2438  558.52840  329 5341          -  553.44475      -   186 5720s
  2527  2440  553.45639  114 4566          -  553.45639      -   185 5726s
  2532  2443  553.46491    5 4060          -  553.46491      -   185 5741s
  2533  2444  553.62376   52 4415          -  553.62376      -   185 5783s
  2534  2444  577.82840  444 4599          -  553.70145      -   185 5786s
  2536  2446  578.18583  317 4450          -  553.77747      -   185 5791s
  2538  2447  553.80716  332 5112          -  553.80716      -   185 5799s
  2539  2448  553.80782  209 5069          -  553.80782      -   185 5800s
  2540  2448  553.80783  126 5026          -  553.80783      -   184 5815s
  2541  2449  553.95001  156 4701          -  553.95001      -   184 5860s
  2542  2450  592.34156  412 5452          -  554.04601      -   184 5867s
  2543  2450  554.07329  129 5916          -  554.07329      -   184 5872s
  2545  2452  599.25620  512 5589          -  554.08363      -   184 5875s
  2547  2453  577.78583  316 5636          -  554.08544      -   184 5891s
  2548  2454  554.24914  111 4602          -  554.24914      -   184 5932s
  2549  2454  576.97340  436 4531          -  554.34231      -   184 5937s
  2551  2456  554.36499   17 4810          -  554.36499      -   184 5940s
  2554  2458  593.83489  382 5408          -  554.37084      -   183 5945s
  2556  2459  601.86120  767 5208          -  554.37149      -   183 5962s
  2557  2460  575.39825  496 4695          -  554.44757      -   183 6000s
  2562  2463  598.21718  586 4973          -  554.47055      -   183 6005s
  2564  2464  554.47240  216 5009          -  554.47240      -   183 6021s
  2565  2465  554.50733   11 4642          -  554.50733      -   183 6045s
  2568  2467  583.93340  475 4551          -  554.53242      -   182 6050s
  2570  2468  554.53293    8 4638          -  554.53293      -   182 6056s
  2571  2469  554.60868  371 4994          -  554.60868      -   182 6083s
  2572  2470  554.62111   10 5327          -  554.62111      -   182 6086s
  2576  2472  593.80424  445 5058          -  554.62424      -   182 6094s
  2577  2473  554.65457   75 4688          -  554.65457      -   182 6113s
  2578  2474  554.67089  237 4539          -  554.67089      -   182 6115s
  2582  2476  554.67796   53 4565          -  554.67796      -   181 6120s
  2583  2477  554.67805  108 4640          -  554.67805      -   181 6125s
  2584  2478  597.01371  521 4896          -  554.67888      -   181 6149s
  2585  2478  554.68344  141 4879          -  554.68344      -   181 6151s
  2588  2480  554.68418   69 4783          -  554.68418      -   181 6157s
  2589  2481  554.68686   97 4255          -  554.68686      -   181 6180s
  2592  2483  594.10777  481 4484          -  554.69677      -   181 6185s
  2593  2484  554.69677   24 4530          -  554.69677      -   181 6190s
  2594  2484  596.35552  503 3788          -  554.69843      -   181 6213s
  2595  2485  554.69950   32 4801          -  554.69950      -   181 6217s
  2598  2487  594.20345  492 4775          -  554.70103      -   180 6220s
  2600  2488  554.70139   80 4751          -  554.70139      -   180 6226s
  2601  2489  554.70413  251 4593          -  554.70413      -   180 6254s
  2602  2490  599.57711  654 4996          -  554.71069      -   180 6256s
  2606  2492  562.47830   17 4828          -  554.71226      -   180 6263s
  2607  2493  554.72399  334 4563          -  554.72399      -   180 6282s
  2608  2494  599.47332  651 4941          -  554.72604      -   180 6285s
  2609  2494  590.72854  379 4957          -  554.72604      -   180 6290s
  2610  2495  573.32840  409 4799          -  554.73083      -   180 6307s
  2614  2498  600.05238  674 5675          -  554.73083      -   179 6314s
  2615  2498  554.73409   43 4391          -  554.73409      -   179 6330s
  2619  2501  554.73733  227 5495          -  554.73733      -   179 6339s
  2620  2502  554.74257  167 4640          -  554.74257      -   179 6366s
  2622  2503  554.74581  158 5770          -  554.74581      -   179 6370s
  2625  2505  554.74733  362 5930          -  554.74733      -   179 6378s
  2626  2506  554.74904  135 4448          -  554.74904      -   178 6393s
  2627  2506  554.74904  114 5107          -  554.74904      -   178 6399s
  2628  2507  600.48231  713 4410          -  554.75349      -   178 6420s
  2632  2510  554.75798    5 4829          -  554.75798      -   178 6428s
  2633  2510  554.76406   52 4591          -  554.76406      -   178 6450s
  2635  2512  554.76406   37 5152          -  554.76406      -   178 6457s
  2636  2512  578.18583  317 4975          -  554.76406      -   178 6491s
  2637  2513  554.76406   70 5257          -  554.76406      -   178 6496s
  2638  2514  554.76406  332 4917          -  554.76406      -   178 6521s
  2639  2514  554.76406  209 5044          -  554.76406      -   178 6527s
  2640  2515  554.76420  126 5050          -  554.76420      -   177 6549s
  2641  2516  554.76470  156 5258          -  554.76470      -   177 6550s
  2644  2518  554.76633  136 5188          -  554.76633      -   177 6557s
  2645  2518  599.25620  512 4862          -  554.77149      -   177 6579s
  2646  2519  554.77374  225 5503          -  554.77374      -   177 6582s
  2649  2521  576.97340  436 5652          -  554.77653      -   177 6590s
  2650  2522  559.07149  493 5311          -  554.77959      -   177 6614s
  2651  2522  554.78011   17 5629          -  554.78011      -   177 6616s
  2654  2524  593.83489  382 5397          -  554.78064      -   177 6623s
  2655  2525  597.91165  571 5007          -  554.78091      -   176 6646s
  2657  2526  575.39825  496 5734          -  554.78125      -   176 6654s
  2658  2527  600.74372  733 5205          -  554.78623      -   176 6679s
  2659  2528  598.64191  613 5626          -  554.78751      -   176 6681s
  2660  2528  554.78762   64 5731          -  554.78762      -   176 6687s
  2661  2529  554.79530  279 5048          -  554.79530      -   176 6709s
  2662  2530  598.21718  586 5665          -  554.80081      -   176 6713s
  2665  2532  554.80222   11 5357          -  554.80222      -   176 6715s
  2666  2532  554.80222  236 5373          -  554.80222      -   176 6721s
  2667  2533  554.81147  220 4679          -  554.81147      -   176 6756s
  2668  2534  583.93340  475 6228          -  554.81324      -   176 6763s
  2669  2534  582.14182  329 5875          -  554.81341      -   176 6765s
  2671  2536  554.81361  371 5964          -  554.81361      -   175 6774s
  2672  2536  554.83065   10 5456          -  554.83065      -   175 6797s
  2674  2538  558.05285  492 5431          -  554.83920      -   175 6800s
  2677  2540  554.83997   75 5680          -  554.83997      -   175 6808s
  2678  2540  554.84543  237 4979          -  554.84543      -   175 6841s
  2680  2542  554.84718  138 5847          -  554.84718      -   175 6849s
  2681  2542  554.84783   58 5412          -  554.84783      -   175 6866s
  2683  2544  554.84800  108 5711          -  554.84800      -   175 6875s
  2684  2544  597.01371  521 4089          -  554.84811      -   175 6905s
  2685  2545  554.84812  141 4473          -  554.84812      -   175 6914s
  2686  2546  564.20567  355 4175          -  554.84812      -   174 6937s
  2687  2546  554.84812  174 4379          -  554.84812      -   174 6944s
  2688  2547  554.84812   69 3984          -  554.84812      -   174 6967s
  2691  2550  591.00477  369 4414          -  554.84812      -   870 7023s

Explored 2692 nodes (2785622 simplex iterations) in 7200.24 seconds (5523.54 work units)
Thread count was 4 (of 8 available processors)

Solution count 0

Time limit reached
Best objective -, best bound 5.549000000000e+02, gap -
