
Gurobi 13.0.2 (linux64) logging started Sat Jun 27 05:40:10 2026

Set parameter LogFile to value "src/Resultados/Restriccion cota global/logs/RC106-25.xml_log.log"
Set parameter Threads to value 4
Gurobi Optimizer version 13.0.2 build v13.0.2rc1 (linux64 - "Rocky Linux 9.7 (Blue Onyx)")

CPU model: QEMU Virtual CPU version 2.5+, instruction set [SSE2]
Thread count: 8 physical cores, 8 logical processors, using up to 4 threads

Non-default parameters:
TimeLimit  7200
Threads  4

Optimize a model with 96611 rows, 57165 columns and 378195 nonzeros (Min)
Model fingerprint: 0xc8c4f47f
Model has 4500 linear objective coefficients
Variable types: 13035 continuous, 44130 integer (44115 binary)
Coefficient statistics:
  Matrix range     [1e+00, 4e+04]
  Objective range  [2e+00, 6e+01]
  Bounds range     [1e+00, 2e+03]
  RHS range        [1e+00, 4e+04]

Presolve removed 30555 rows and 240 columns
Presolve time: 1.56s
Presolved: 66056 rows, 56925 columns, 282225 nonzeros
Variable types: 375 continuous, 56550 integer (48390 binary)
Deterministic concurrent LP optimizer: primal and dual simplex
Showing primal log only...


Root simplex log...

Iteration    Objective       Primal Inf.    Dual Inf.      Time
   19701    3.9067490e+02   9.441383e+01   1.811536e+09      5s
   29693    3.9989798e+02   1.166227e+01   2.173079e+09     10s
   37298    3.9344588e+02   4.383578e-01   7.504924e+09     15s
   43090    2.9927396e+02   0.000000e+00   1.224148e+04     20s
   47483    2.9750000e+02   0.000000e+00   0.000000e+00     23s
Concurrent spin time: 9.55s (can be avoided by choosing Method=3)

Solved with primal simplex

Root relaxation: objective 2.975000e+02, 47483 iterations, 30.69 seconds (20.76 work units)

    Nodes    |    Current Node    |     Objective Bounds      |     Work
 Expl Unexpl |  Obj  Depth IntInf | Incumbent    BestBd   Gap | It/Node Time

     0     0  297.50000    0 3552          -  297.50000      -     -   38s
     0     0  297.50000    0 2833          -  297.50000      -     -   39s
     0     0  297.50000    0 7156          -  297.50000      -     -   47s
     0     0  297.50000    0 6972          -  297.50000      -     -   48s
     0     0  297.50000    0 7014          -  297.50000      -     -   48s
     0     0  297.50000    0 5263          -  297.50000      -     -   57s
     0     0  297.50000    0 5262          -  297.50000      -     -   57s
     0     0  297.50000    0 2752          -  297.50000      -     -   62s
     0     0  297.50000    0 3842          -  297.50000      -     -   67s
     0     0  297.50000    0 3846          -  297.50000      -     -   68s
     0     0  297.50000    0 7576          -  297.50000      -     -   74s
     0     0  297.50000    0 7576          -  297.50000      -     -   74s
     0     0  297.50000    0 4037          -  297.50000      -     -   92s
     0     0  297.50000    0 7527          -  297.50000      -     -  105s
     0     0  297.50000    0 7529          -  297.50000      -     -  105s
     0     0  297.50000    0 11892          -  297.50000      -     -  110s
     0     0  297.50000    0 11892          -  297.50000      -     -  110s
     0     0  297.50000    0 1690          -  297.50000      -     -  125s
     0     0  297.50000    0 3174          -  297.50000      -     -  130s
     0     0  297.50000    0 8806          -  297.50000      -     -  139s
     0     0  297.50000    0 8806          -  297.50000      -     -  139s
     0     0  297.50000    0 2647          -  297.50000      -     -  145s
     0     0  297.50000    0 2650          -  297.50000      -     -  151s
     0     0  297.50000    0 2650          -  297.50000      -     -  154s
     0     2  297.50000    0 2650          -  297.50000      -     -  165s
     7    12  297.50000    3 3886          -  297.50000      -   651  171s
    16    21  297.65355    5 3899          -  297.50000      -   495  181s
    28    35  297.65355    7 4132          -  297.50000      -   590  188s
    34    40  297.65355    8 4501          -  297.50000      -   559  191s
    47    56  297.65355   10 4623          -  297.50000      -   432  198s
    55    64  297.72393   11 4616          -  297.50000      -   399  201s
    63    72  297.72393   12 4616          -  297.50000      -   352  205s
    79    88  297.72393   14 4615          -  297.50000      -   297  212s
    87    93  297.72393   15 4614          -  297.50000      -   270  215s
   100   109  297.74013   17 5856          -  297.50000      -   243  220s
   117   127  297.74016   19 5856          -  297.50000      -   213  228s
   126   137  297.74016   20 5856          -  297.50000      -   202  230s
   136   143  297.74016   21 6425          -  297.50000      -   192  239s
   142   152  297.74016   22 6216          -  297.50000      -   195  241s
   151   170  297.74310   23 6215          -  297.50000      -   190  245s
   185   194  297.74310   25 6041          -  297.50000      -   176  257s
   193   211  297.74310   26 6374          -  297.50000      -   243  260s
   234   248  297.74310   28 6607          -  297.50000      -   213  268s
   247   262  297.74310   29 6444          -  297.50000      -   221  272s
   269   281  297.78259   30 6046          -  297.50000      -   215  279s
   288   306  297.81550   31 6025          -  297.50000      -   212  282s
   313   355  297.81558   32 6026          -  297.50000      -   202  285s
   411   468  298.05982   67 5790          -  297.50000      -   161  291s
   514   576  298.12783   99 5468          -  297.50000      -   135  298s
   583   631  298.21693  122 5259          -  297.50000      -   123  302s
   640   676  298.24438  138 6523          -  297.50000      -   117  306s
   746   765  298.64667  186 7370          -  297.50000      -   105  320s
   856   913  299.70726  213 5794          -  297.50000      -  96.1  327s
   926   967  329.50007  220 6925          -  297.50000      -  94.1  331s
  1053  1133  335.09649  227 4318          -  297.50000      -  87.0  341s
  1148  1231  335.11131  240 4459          -  297.50000      -  81.0  348s
  1246  1266  335.23635  271 4938          -  297.50000      -  76.5  379s
  1281  1287  337.88963  291 3544          -  297.50000      -  78.0  405s
  1302  1381  337.89286  292 3542          -  297.50000      -  78.0  426s
  1401  1439  337.96357  335 3805          -  297.50000      -  76.1  443s
  1460  1526  338.10022  358 4930          -  297.50000      -  78.0  466s
  1547  1688  338.10297  368 5639          -  297.50000      -  78.0  476s
  1709  1803  338.12599  400 5404          -  297.50000      -  73.4  487s
  1824  1917  338.26442  425 4517          -  297.50000      -  72.0  501s
  1941  2067  339.63745  449 5179          -  297.50000      -  71.4  508s
  2103  2284  340.83967  473 4680          -  297.50000      -  70.1  516s
  2322  2558  397.80000  511 6070          -  297.50000      -  67.8  524s
  2596  2852  397.94484  609 6084          -  297.50000      -  63.7  532s
  2895  3020  460.70064  716 4395          -  297.50000      -  59.3  539s
  3083  3215  485.01935  738 4608          -  297.50000      -  58.7  546s
  3282  3395  485.95359  798 4159          -  297.50000      -  58.4  553s
  3462  3570  486.45362  844 5176          -  297.50000      -  58.9  561s
  3657  3816  486.84839  879 5978          -  297.50000      -  59.0  569s
  3906  4047  487.57945  911 5985          -  297.50000      -  58.6  577s
  4138  4222  489.02473  940 4292          -  297.50000      -  59.0  585s
  4328  4383  489.22662  976 3592          -  297.50000      -  60.0  593s
  4493  4703  490.91184 1011 4125          -  297.50000      -  61.9  603s
  4820  4851  491.04758 1109 3208          -  297.50000      -  61.2  610s
  4980  4852  317.00951  163 2650          -  297.50000      -  62.9  969s
  4982  4853  490.91184 1105 3429          -  303.78597      -  62.9 1038s
  4983  4854  377.20000  765 3570          -  306.03823      -  62.8 1053s
  4984  4855  565.59149  972 3599          -  306.06436      -  62.8 1058s
  4985  4855  335.09675  236 4382          -  311.28575      -  62.8 1087s
  4986  4856  377.70171  795 5226          -  314.46192      -  62.8 1094s
  4987  4857  490.91184 1022 5018          -  314.46294      -  62.8 1113s
  4988  4857  322.37142  252 4957          -  314.62642      -  62.8 1124s
  4989  4858  317.00951  171 5038          -  314.74752      -  62.8 1142s
  4990  4859  317.00951  239 4333          -  314.77953      -  62.8 1155s
  4991  4859  399.07740  581 5137          -  314.81928      -  62.7 1177s
  4992  4860  315.12371   34 5366          -  315.12371      -  62.7 1188s
  4993  4861  452.29272  967 2888          -  315.18582      -  62.7 1260s
  4994  4861  490.91184 1059 3436          -  315.33009      -  62.7 1292s
  4995  4862  315.37031   15 2605          -  315.37031      -  62.7 1306s
  4996  4863  315.46371   73 5930          -  315.46371      -  62.7 1319s
  4997  4863  315.46584  215 3862          -  315.46584      -  62.7 1332s
  4998  4864  317.00951  169 4976          -  315.46590      -  62.7 1339s
  4999  4865  599.67667  838 5561          -  315.46745      -  62.6 1357s
  5000  4865  491.92049 1155 4291          -  315.47957      -  62.6 1364s
  5001  4866  489.04088  945 2083          -  315.52557      -  62.6 1380s
  5002  4867  322.65418  234 3759          -  315.59653      -  62.6 1389s
  5003  4867  608.34231 1034 4583          -  315.62255      -  62.6 1400s
  5004  4868  317.00951  296 5655          -  315.62344      -  62.6 1414s
  5005  4869  400.68680  709 4521          -  315.73095      -  62.6 1431s
  5006  4869  315.73095  192 3977          -  315.73095      -  62.6 1439s
  5007  4870  490.47826  994 4585          -  315.73095      -  62.5 1453s
  5008  4871  317.89841  589 5706          -  315.73095      -  62.5 1463s
  5009  4871  317.00951  242 5082          -  315.73095      -  62.5 1480s
  5010  4872  446.50000  838 5901          -  315.73095      -  62.5 1486s
  5011  4873  565.59149  973 3070          -  315.73095      -  62.5 1509s
  5012  4873  533.10000  718 5612          -  315.75263      -  62.5 1523s
  5013  4874  341.45950  493 7332          -  315.78057      -  62.5 1545s
  5014  4875  533.10000  718 3604          -  315.78902      -  62.5 1557s
  5015  4875  318.74937  266 2784          -  315.80028      -  62.4 1578s
  5016  4876  446.50000  890 3474          -  315.80028      -  62.4 1582s
  5017  4877  375.73719  633 3064          -  315.80040      -  62.4 1596s
  5018  4877  374.33305  447 3848          -  315.80175      -  62.4 1604s
  5019  4878  317.12120  338 3971          -  315.81614      -  62.4 1622s
  5020  4879  317.97623  453 3530          -  315.81821      -  62.4 1626s
  5021  4879  602.70000 1101 2398          -  315.82761      -  62.4 1638s
  5022  4880  425.45427  707 2685          -  315.83625      -  62.4 1644s
  5023  4881  374.26483  374 2656          -  315.83894      -  62.3 1655s
H 5023  4636                     570.2000000  315.83894  44.6%  62.3 1657s
  5025  4637  315.83894   74 3099  570.20000  315.83894  44.6%  62.3 1669s
H 5025  4404                     565.8000000  315.83894  44.2%  62.3 1669s
H 5025  4183                     563.9000000  315.83894  44.0%  62.3 1669s
  5026  4184  315.83894   67 2891  563.90000  315.83894  44.0%  62.3 1671s
  5027  4184  390.30460  321 2995  563.90000  315.83894  44.0%  62.3 1685s
H 5027  3974                     551.9000000  315.83894  42.8%  62.3 1685s
  5029  3976  382.41353  611 2123  551.90000  315.84245  42.8%  62.3 1694s
  5030  3976  315.84347   94 3432  551.90000  315.84347  42.8%  62.3 1697s
  5031  3977  551.90000  892 2554  551.90000  315.93913  42.8%  62.2 1712s
H 5031  3777                     548.9000000  315.94095  42.4%  62.2 1717s
  5033  3778  317.00951  256 1905  548.90000  315.94363  42.4%  62.2 1730s
  5035  3780  324.77806  418 1703  548.90000  315.94363  42.4%  62.2 1740s
  5036  3780  315.94363  284 3181  548.90000  315.94363  42.4%  62.2 1745s
  5037  3781  315.94391  119 2303  548.90000  315.94391  42.4%  62.2 1754s
  5038  3782  339.20000  253 3182  548.90000  315.94391  42.4%  62.2 1758s
  5039  3782  315.95020   29 1990  548.90000  315.95020  42.4%  62.1 1772s
H 5039  3592                     518.2000000  315.95020  39.0%  62.1 1780s
H 5039  3412                     516.2000000  315.95020  38.8%  62.1 1780s
  5041  3414  315.95020   13 4356  516.20000  315.95020  38.8%  62.1 1796s
  5044  3417  390.78664  447 2650  516.20000  315.95020  38.8%   178 1800s
  5046  3418  316.30154  219 9262  516.20000  315.95020  38.8%   178 1879s
  5047  3419  491.60000 1147 5462  516.20000  315.95020  38.8%   178 1923s
  5048  3420  316.05912   67 4010  516.20000  316.05912  38.8%   178 1932s
  5049  3420  316.05912   30 5654  516.20000  316.05912  38.8%   178 1950s
  5050  3421  360.50858  300 6080  516.20000  316.05912  38.8%   178 1957s
  5051  3422  516.20000 1126 6013  516.20000  318.19171  38.4%   178 1972s
  5052  3422  516.20000  969 3885  516.20000  318.23456  38.4%   178 1982s
  5053  3423  390.75416  399 2311  516.20000  318.42653  38.3%   178 1995s
  5054  3424  318.43562   72 5079  516.20000  318.43562  38.3%   178 2012s
  5055  3424  377.10951  738 3841  516.20000  319.56409  38.1%   178 2032s
  5056  3425  320.33615  144 3194  516.20000  320.33615  37.9%   178 2047s
  5057  3426  390.30460  316 5306  516.20000  321.12129  37.8%   178 2110s
H 5057  3254                     516.0000000  321.64588  37.7%   178 2130s
  5059  3255  321.92028  176 3106  516.00000  321.92028  37.6%   178 2144s
  5060  3256  374.26483  347 3616  516.00000  322.30596  37.5%   178 2151s
  5061  3256  322.46574  190 1591  516.00000  322.46574  37.5%   178 2166s
H 5061  3093                     512.5000000  322.46574  37.1%   178 2168s
  5062  3094  377.91158  586 2443  512.50000  322.46574  37.1%   178 2173s
  5063  3095  322.58814  345 2730  512.50000  322.58814  37.1%   178 2188s
  5064  3095  375.66053  655 2404  512.50000  322.61861  37.1%   178 2191s
  5065  3096  374.33305  539 2883  512.50000  322.63667  37.0%   178 2205s
  5066  3097  490.91184 1058 4576  512.50000  322.63978  37.0%   178 2211s
  5067  3097  322.64398   42 3137  512.50000  322.64398  37.0%   178 2218s
  5068  3098  322.65325  640 3705  512.50000  322.65325  37.0%   178 2223s
  5069  3099  322.73029  228 2641  512.50000  322.73029  37.0%   178 2234s
  5070  3099  322.74165   76 5290  512.50000  322.74165  37.0%   178 2240s
  5071  3100  322.77160   38 4892  512.50000  322.77160  37.0%   177 2259s
  5072  3101  322.80997  310 4148  512.50000  322.80997  37.0%   177 2269s
  5073  3101  377.91510  817 4091  512.50000  322.86669  37.0%   177 2289s
  5074  3102  512.50000  950 3444  512.50000  322.93552  37.0%   177 2295s
  5075  3103  323.10120  536 2276  512.50000  323.10120  37.0%   177 2307s
  5076  3103  449.08394  650 4587  512.50000  323.10289  37.0%   177 2312s
  5077  3104  512.50000  895 3519  512.50000  323.26858  36.9%   177 2326s
  5078  3105  323.28969    9 4145  512.50000  323.28969  36.9%   177 2330s
  5079  3105  401.95200  669 3541  512.50000  323.39726  36.9%   177 2341s
  5080  3106  323.41366  163 3863  512.50000  323.41366  36.9%   177 2345s
  5081  3107  323.41722  301 3784  512.50000  323.41722  36.9%   177 2353s
  5082  3107  490.91184 1105 3764  512.50000  324.59283  36.7%   177 2359s
  5083  3108  377.20000  765 2880  512.50000  324.61100  36.7%   177 2368s
  5084  3109  512.50000  972 3677  512.50000  324.61100  36.7%   177 2372s
  5085  3109  335.09675  236 3426  512.50000  324.62143  36.7%   177 2383s
  5086  3110  377.70171  795 3501  512.50000  324.62144  36.7%   177 2387s
  5087  3111  490.91184 1022 3737  512.50000  324.64828  36.7%   177 2400s
  5089  3112  324.67681  171 2718  512.50000  324.67681  36.6%   177 2412s
  5091  3113  399.07740  581 3954  512.50000  324.70860  36.6%   177 2423s
  5092  3114  324.70973   34 3371  512.50000  324.70973  36.6%   177 2425s
  5093  3115  452.29272  967 3247  512.50000  324.74108  36.6%   177 2437s
H 5093  2958                     510.7000000  324.78610  36.4%   177 2440s
  5095  2959  324.83123   15 5425  510.70000  324.83123  36.4%   177 2461s
  5096  2960  324.83279   73 5077  510.70000  324.83279  36.4%   177 2465s
  5097  2960  324.83752  215 4333  510.70000  324.83752  36.4%   177 2476s
  5099  2962  510.70000  838 4308  510.70000  324.85355  36.4%   177 2490s
  5101  2963  489.04088  945 5439  510.70000  324.87309  36.4%   176 2505s
  5103  2964  510.70000 1034 4642  510.70000  324.88054  36.4%   176 2522s
  5104  2965  324.88244  296 4150  510.70000  324.88244  36.4%   176 2525s
  5105  2966  400.68680  709 4238  510.70000  324.90582  36.4%   176 2536s
  5106  2966  324.90866  192 6178  510.70000  324.90866  36.4%   176 2541s
  5107  2967  490.47826  994 5595  510.70000  324.95100  36.4%   176 2550s
  5109  2968  325.00323  242 5818  510.70000  325.00323  36.4%   176 2567s
  5110  2969  446.50000  838 5394  510.70000  325.01098  36.4%   176 2571s
  5111  2970  510.70000  973 5686  510.70000  325.04262  36.4%   176 2585s
  5113  2971  341.45950  493 5907  510.70000  325.10886  36.3%   176 2601s
  5114  2972  510.70000  718 5940  510.70000  325.13349  36.3%   176 2605s
  5115  2972  325.18447  266 5623  510.70000  325.18447  36.3%   176 2613s
  5116  2973  446.50000  890 5995  510.70000  325.19600  36.3%   176 2617s
  5117  2974  375.73719  633 5134  510.70000  325.23091  36.3%   176 2628s
  5118  2974  374.33305  447 5224  510.70000  325.23387  36.3%   176 2633s
  5119  2975  325.24037  338 4465  510.70000  325.24037  36.3%   176 2642s
  5120  2976  325.24467  453 4870  510.70000  325.24467  36.3%   176 2646s
  5121  2976  510.70000 1101 4237  510.70000  325.24984  36.3%   176 2652s
  5122  2977  425.45427  707 4252  510.70000  325.24984  36.3%   176 2655s
  5123  2978  374.26483  374 4684  510.70000  325.25212  36.3%   176 2665s
  5125  2979  325.25414   74 4693  510.70000  325.25414  36.3%   176 2674s
  5126  2980  325.25414   67 5055  510.70000  325.25414  36.3%   176 2677s
  5129  2983  382.41353  611 2650  510.70000  325.25414  36.3%   297 2681s
  5131  2984  510.70000  892 7429  510.70000  325.25414  36.3%   297 2779s
  5132  2985  377.10951  715 4866  510.70000  325.25414  36.3%   297 2795s
  5133  2986  325.28278  256 4686  510.70000  325.28278  36.3%   296 2809s
  5134  2986  325.28278  303 6260  510.70000  325.28278  36.3%   296 2823s
  5135  2987  325.28278  418 5703  510.70000  325.28278  36.3%   296 2829s
  5136  2988  325.28278  284 3747  510.70000  325.28278  36.3%   296 2835s
  5137  2988  325.28278  119 5336  510.70000  325.28278  36.3%   296 2840s
  5138  2989  339.20000  253 4242  510.70000  325.28278  36.3%   296 2850s
  5140  2990  491.15328 1114 5199  510.70000  325.28368  36.3%   296 2862s
  5141  2991  325.28368   13 4852  510.70000  325.28368  36.3%   296 2865s
  5142  2992  335.39639  255 4686  510.70000  325.28368  36.3%   296 2896s
  5143  2992  325.32379  376 5064  510.70000  325.32379  36.3%   296 2915s
  5144  2993  390.78664  447 4290  510.70000  325.33189  36.3%   296 2923s
  5145  2994  325.33504  317 4254  510.70000  325.33504  36.3%   296 2926s
  5146  2994  325.34589  219 4317  510.70000  325.34589  36.3%   296 2932s
  5147  2995  491.60000 1147 4320  510.70000  325.34610  36.3%   296 2938s
  5148  2996  325.35810   67 4836  510.70000  325.35810  36.3%   296 2947s
  5149  2996  325.35839   30 4431  510.70000  325.35839  36.3%   296 2954s
  5150  2997  360.50858  300 4451  510.70000  325.35935  36.3%   295 2962s
  5151  2998  510.70000 1126 4451  510.70000  325.35935  36.3%   295 2970s
  5152  2998  510.70000  969 4441  510.70000  325.35935  36.3%   295 2977s
  5153  2999  390.75416  399 4435  510.70000  325.35935  36.3%   295 2983s
  5154  3000  325.37708   72 4412  510.70000  325.37708  36.3%   295 2994s
  5155  3000  377.10951  738 4924  510.70000  325.38919  36.3%   295 3005s
  5156  3001  325.39666  144 4569  510.70000  325.39666  36.3%   295 3014s
  5157  3002  390.30460  316 4422  510.70000  325.39725  36.3%   295 3021s
  5158  3002  325.40922  128 4473  510.70000  325.40922  36.3%   295 3031s
  5159  3003  325.41431  176 4203  510.70000  325.41431  36.3%   295 3038s
  5160  3004  374.26483  347 3814  510.70000  325.44219  36.3%   295 3046s
  5161  3004  325.44431  190 4835  510.70000  325.44431  36.3%   295 3051s
  5162  3005  377.91158  586 5055  510.70000  325.45973  36.3%   295 3059s
  5163  3006  325.46161  345 5683  510.70000  325.46161  36.3%   295 3063s
  5164  3006  375.66053  655 4728  510.70000  325.47304  36.3%   295 3074s
  5165  3007  374.33305  539 5045  510.70000  325.47404  36.3%   295 3077s
  5166  3008  490.91184 1058 4897  510.70000  325.47832  36.3%   295 3082s
  5167  3008  325.47938   42 5805  510.70000  325.47938  36.3%   295 3087s
  5168  3009  325.47948  640 5144  510.70000  325.47948  36.3%   294 3095s
  5170  3010  325.47990   76 5142  510.70000  325.47990  36.3%   294 3109s
  5171  3011  325.48002   38 5140  510.70000  325.48002  36.3%   294 3118s
  5174  3014  510.70000  950 2650  510.70000  325.48002  36.3%   348 3121s
  5176  3015  449.08394  650 10065  510.70000  325.48031  36.3%   348 3225s
  5177  3016  510.70000  895 5196  510.70000  325.48031  36.3%   348 3256s
  5178  3017  325.51389    9 5115  510.70000  325.51389  36.3%   348 3263s
  5179  3017  401.95200  669 4710  510.70000  325.51389  36.3%   348 3277s
  5180  3018  325.51389  163 5536  510.70000  325.51389  36.3%   348 3283s
  5181  3019  325.51389  301 3685  510.70000  325.51389  36.3%   348 3293s
  5182  3019  490.91184 1105 5963  510.70000  325.51389  36.3%   348 3299s
  5183  3020  377.20000  765 4877  510.70000  325.51389  36.3%   348 3315s
  5184  3021  510.70000  972 6112  510.70000  325.51389  36.3%   348 3322s
  5185  3021  335.09675  236 5450  510.70000  325.51389  36.3%   348 3333s
  5186  3022  377.70171  795 4659  510.70000  325.51430  36.3%   348 3337s
  5187  3023  490.91184 1022 4323  510.70000  325.51430  36.3%   348 3362s
  5188  3023  325.51430  252 4741  510.70000  325.51430  36.3%   347 3365s
  5189  3024  325.51430  171 5478  510.70000  325.51430  36.3%   347 3372s
  5190  3025  325.58720  239 4406  510.70000  325.58720  36.2%   347 3377s
  5191  3025  399.07740  581 4992  510.70000  325.58720  36.2%   347 3389s
  5192  3026  325.61333   34 4671  510.70000  325.61333  36.2%   347 3398s
  5193  3027  452.29272  967 4755  510.70000  325.61333  36.2%   347 3411s
  5194  3027  490.91184 1059 4538  510.70000  325.61333  36.2%   347 3420s
  5195  3028  325.61333   15 4956  510.70000  325.61333  36.2%   347 3432s
  5196  3029  325.61333   73 5546  510.70000  325.61333  36.2%   347 3441s
  5197  3029  325.61333  215 4188  510.70000  325.61333  36.2%   347 3452s
  5198  3030  325.61333  169 4097  510.70000  325.61333  36.2%   347 3459s
  5199  3031  510.70000  838 4064  510.70000  325.61333  36.2%   347 3465s
  5200  3031  491.92049 1155 4070  510.70000  325.61333  36.2%   347 3470s
  5201  3032  489.04088  945 3873  510.70000  325.67850  36.2%   347 3479s
  5202  3033  325.68179  234 3261  510.70000  325.68179  36.2%   347 3483s
  5203  3033  510.70000 1034 3968  510.70000  325.69648  36.2%   346 3490s
  5205  3035  400.68680  709 3735  510.70000  325.69817  36.2%   346 3501s
  5207  3036  490.47826  994 4348  510.70000  325.71051  36.2%   346 3510s
  5209  3037  325.86873  242 4825  510.70000  325.86873  36.2%   346 3524s
  5210  3038  446.50000  838 4830  510.70000  325.88453  36.2%   346 3528s
  5211  3039  510.70000  973 4751  510.70000  325.88733  36.2%   346 3537s
  5212  3039  510.70000  718 4792  510.70000  325.88733  36.2%   346 3541s
  5213  3040  341.45950  493 4187  510.70000  325.88863  36.2%   346 3548s
  5214  3041  510.70000  718 4544  510.70000  325.88873  36.2%   346 3551s
  5215  3041  325.88907  266 4960  510.70000  325.88907  36.2%   346 3557s
  5217  3043  375.73719  633 4984  510.70000  325.89330  36.2%   346 3566s
  5219  3044  325.89330  338 4962  510.70000  325.89330  36.2%   345 3574s
  5222  3047  425.45427  707 2650  510.70000  325.89330  36.2%   400 3577s
  5224  3048  325.89330   89 7606  510.70000  325.89330  36.2%   399 3689s
  5225  3049  325.89330   74 4800  510.70000  325.89330  36.2%   399 3704s
  5226  3050  325.89330   67 5434  510.70000  325.89330  36.2%   399 3712s
  5227  3050  390.30460  321 3215  510.70000  325.89330  36.2%   399 3728s
  5228  3051  510.70000  881 6376  510.70000  325.92826  36.2%   399 3735s
  5229  3052  382.41353  611 5688  510.70000  325.92826  36.2%   399 3749s
  5230  3052  325.92826   94 5723  510.70000  325.92826  36.2%   399 3754s
  5231  3053  510.70000  892 4447  510.70000  325.92826  36.2%   399 3762s
  5232  3054  377.10951  715 4898  510.70000  325.92826  36.2%   399 3766s
  5233  3054  325.92826  256 5003  510.70000  325.92826  36.2%   399 3775s
  5234  3055  325.92826  303 5220  510.70000  325.92826  36.2%   399 3780s
  5235  3056  325.92826  418 4271  510.70000  325.92826  36.2%   399 3813s
  5236  3056  325.92880  284 3953  510.70000  325.92880  36.2%   399 3815s
  5237  3057  325.92880  119 3801  510.70000  325.92880  36.2%   399 3823s
  5238  3058  339.20000  253 3805  510.70000  325.92880  36.2%   398 3826s
  5239  3058  325.92880   29 3865  510.70000  325.92880  36.2%   398 3832s
  5240  3059  491.15328 1114 4027  510.70000  325.92880  36.2%   398 3836s
  5241  3060  325.92880   13 3843  510.70000  325.92880  36.2%   398 3842s
  5242  3060  335.39639  255 4004  510.70000  326.04371  36.2%   398 3845s
  5243  3061  326.04371  376 3819  510.70000  326.04371  36.2%   398 3855s
  5244  3062  390.78664  447 3819  510.70000  326.04371  36.2%   398 3889s
  5245  3062  326.04371  317 3819  510.70000  326.04371  36.2%   398 3902s
  5246  3066  326.04371   65 4375  510.70000  326.04371  36.2%   431 3909s
  5248  3069  326.04371   66 4047  510.70000  326.04371  36.2%   431 3916s
  5256  3081  326.14751   68 4931  510.70000  326.13028  36.1%   432 3923s
  5266  3085  326.19002   70 4978  510.70000  326.13028  36.1%   434 3926s
  5274  3091  362.99273   71 2981  510.70000  326.13028  36.1%   436 3933s
  5282  3096  326.22601   72 5506  510.70000  326.13028  36.1%   436 3940s
  5299  3109  326.40922   74 5068  510.70000  326.13028  36.1%   440 3947s
  5309  3115  328.38898   75 3951  510.70000  326.13028  36.1%   440 3951s
  5327  3127  326.62445   77 4893  510.70000  326.13028  36.1%   442 3959s
  5336  3132  326.62770   78 4867  510.70000  326.13028  36.1%   443 3967s
  5356  3144  326.96547   80 4472  510.70000  326.13028  36.1%   445 3971s
  5365  3145  327.01784   81 3856  510.70000  326.13028  36.1%   445 3975s
  5375  3159  327.06294   82 3770  510.70000  326.13028  36.1%   446 3984s
  5386  3165  328.47562   83 2622  510.70000  326.13028  36.1%   448 3988s
  5396  3175  327.23696   85 4323  510.70000  326.13028  36.1%   448 3993s
  5409  3182  328.63893   86 4242  510.70000  326.13028  36.1%   450 3995s
  5434  3191  329.15470   89 3342  510.70000  326.13028  36.1%   450 4004s
  5438  3194  333.42930   89 3782  510.70000  326.13028  36.1%   450 4010s
  5442  3197  329.25286   90 4350  510.70000  326.13028  36.1%   451 4015s
  5446  3199  329.18939   90 3244  510.70000  326.13028  36.1%   451 4020s
  5450  3202  329.23518   91 3633  510.70000  326.13028  36.1%   451 4025s
  5454  3205  334.34734   91 4699  510.70000  326.13028  36.1%   451 4032s
  5458  3207  329.36118   92 4017  510.70000  326.13028  36.1%   451 4038s
  5462  3210  329.81909   92 3741  510.70000  326.13028  36.1%   451 4045s
  5466  3213  329.40774   93 3498  510.70000  326.13028  36.1%   451 4051s
  5470  3214  329.44453   93 3331  510.70000  326.13028  36.1%   451 4060s
  5475  3216  329.46180   94 3313  510.70000  326.13028  36.1%   451 4066s
  5480  3218  332.60497   94 1525  510.70000  326.13028  36.1%   451 4071s
  5484  3221  329.46816   95 3052  510.70000  326.13028  36.1%   451 4080s
  5488  3223  335.92500   95 1137  510.70000  326.13028  36.1%   451 4086s
  5492  3226  329.51394   96 3061  510.70000  326.13028  36.1%   451 4097s
  5496  3229  332.51668   96 4007  510.70000  326.13028  36.1%   451 4103s
  5500  3231  329.52881   97 3045  510.70000  326.13028  36.1%   452 4107s
  5504  3234  335.38910   97 3276  510.70000  326.13028  36.1%   452 4114s
  5508  3237  329.77227   98 3528  510.70000  326.13028  36.1%   452 4125s
  5512  3239  338.63618   98 3700  510.70000  326.13028  36.1%   452 4144s
  5516  3249  329.82326   99 3005  510.70000  326.13028  36.1%   452 4151s
  5527  3254  336.45039   99 3366  510.70000  326.13028  36.1%   452 4167s
  5544  3263  330.08085  100 4118  510.70000  326.13028  36.1%   452 4193s
  5560  3262  332.56095  100 2845  510.70000  326.13028  36.1%   451 4211s
  5567  3267  330.08662  101 4123  510.70000  326.13028  36.1%   451 4220s
  5574  3273  331.52791  101 1099  510.70000  326.13028  36.1%   452 4230s
  5582  3279  330.09638  102 4116  510.70000  326.13028  36.1%   452 4246s
  5591  3290  337.32731  102 1349  510.70000  326.13028  36.1%   452 4262s
  5605  3296  330.26034  103 4119  510.70000  326.13028  36.1%   452 4294s
  5616  3310  335.80829  103 1372  510.70000  326.13028  36.1%   454 4304s
  5633  3318  330.34178  104 3000  510.70000  326.13028  36.1%   453 4323s
  5647  3336  330.37899  106 3579  510.70000  326.13028  36.1%   455 4334s
  5670  3351  338.87914  108 1418  510.70000  326.13028  36.1%   454 4345s
  5692  3374  332.87062  110 1355  510.70000  326.13028  36.1%   455 4358s
  5727  3405  332.63887  115 2664  510.70000  326.13028  36.1%   454 4369s
  5769  3426  334.67899  121 1516  510.70000  326.13028  36.1%   452 4406s
  5808  3445  335.56310  127 1509  510.70000  326.13028  36.1%   451 4419s
  5841  3512  337.01606  132 1485  510.70000  326.13028  36.1%   450 4464s
  5931  3509  339.16261  147 1761  510.70000  326.13028  36.1%   448 4479s
  5962  3513  374.86553  149 1557  510.70000  326.13028  36.1%   447 4505s
  5983  3588  339.28634  150 1502  510.70000  326.13028  36.1%   447 4520s
  6070  3681  342.64742  166 1484  510.70000  326.13028  36.1%   444 4536s
  6238  3666  346.80464  187 1647  510.70000  326.13028  36.1%   436 4552s
  6381  3654  359.64889  213 1448  510.70000  326.40922  36.1%   429 4564s
  6424  3709  330.29823   72 4795  510.70000  326.40922  36.1%   430 4577s
  6498  3693  346.16245   79 3987  510.70000  326.40922  36.1%   430 4597s
  6508  3840  338.35377   80 3074  510.70000  326.40922  36.1%   430 4612s
  6688  3806  386.47177  107 1356  510.70000  326.40922  36.1%   425 4662s
  6720  3829  390.05934  115  908  510.70000  326.40922  36.1%   424 4678s
  6792  3982  460.51760  123 1329  510.70000  326.40922  36.1%   421 4696s
  7001  3947  352.30124  110  706  510.70000  326.72626  36.0%   413 4762s
  7084  3993  326.83998   78 3847  510.70000  326.72760  36.0%   411 4781s
  7210  4109  327.11888   77 3361  510.70000  326.74051  36.0%   405 4800s
  7400  4269  335.39077   94  755  510.70000  326.74051  36.0%   397 4858s
  7652  4233  342.17440  144  744  510.70000  326.74051  36.0%   387 4890s
  7744  4233  337.84861   98 2499  510.70000  326.74051  36.0%   384 4930s
  7780  4318     cutoff  112       510.70000  326.74051  36.0%   383 4987s
  7889  4391  412.60894  117 1344  510.70000  326.89860  36.0%   379 5039s
  8020  4351  331.34629   71 3305  510.70000  326.89860  36.0%   374 5059s
  8024  4362  331.35602   72 2811  510.70000  326.89860  36.0%   373 5087s
  8036  4376  333.84986   81 1722  510.70000  326.89860  36.0%   373 5115s
  8054  4394  391.23703   96 1284  510.70000  326.89860  36.0%   373 5147s
  8080  4405  468.90000  118 1886  510.70000  326.89860  36.0%   372 5184s
  8106  4436  475.67620  136 1415  510.70000  326.96965  36.0%   371 5216s
  8160  4435  329.90780   77  756  510.70000  326.96965  36.0%   370 5300s
  8179  4586  356.16931   81 1781  510.70000  326.96965  36.0%   370 5333s
  8365  5039  411.59191   94 2098  510.70000  326.96965  36.0%   365 5355s
  8989  5444  392.17712  214 1198  510.70000  327.04465  36.0%   345 5378s
  9741  5272  356.75516  148 1020  510.70000  327.19097  35.9%   323 5396s
  9899  5473  337.15133  100 1259  510.70000  327.23620  35.9%   321 5418s
 10299  6001  337.50333   75 1254  510.70000  327.26022  35.9%   314 5508s
 11111  5750 infeasible   98       510.70000  327.30060  35.9%   300 5531s
 11167  5982  331.47515   77  931  510.70000  327.36921  35.9%   299 5559s
 11483  5946  390.03797  141 1282  510.70000  327.37638  35.9%   294 5614s
 11602  6363  329.66804   78 1308  510.70000  327.38576  35.9%   292 5634s
 12241  6166  334.60490   86 2346  510.70000  327.46386  35.9%   282 5674s
 12257  6510  335.65164   90 2680  510.70000  327.48863  35.9%   282 5690s
 12701  6450  341.52079   93 1278  510.70000  327.52464  35.9%   276 5710s
 12815  6772  402.36730  114 1080  510.70000  327.52861  35.9%   274 5729s
 13319  6637  384.04308   94  983  510.70000  327.57376  35.9%   268 5752s
 13385  7006  385.17182   95  985  510.70000  327.57376  35.9%   267 5771s
 13912  6996  328.31858   84 1042  510.70000  327.65121  35.8%   261 5788s
 14142  7026  347.32138  106  742  510.70000  327.67445  35.8%   260 5805s
 14290  7058  428.85166  114 1205  510.70000  327.67445  35.8%   259 5829s
 14396  7260  380.01739   84 1482  510.70000  327.69120  35.8%   260 5847s
 14725  7257     cutoff  146       510.70000  327.69120  35.8%   257 5874s
 14766  7740  378.58210   81  986  510.70000  327.69120  35.8%   257 5898s
 15434  7894  387.23932  136 1271  510.70000  327.71061  35.8%   250 5917s
 15628  8308  459.59956  181 1439  510.70000  327.71061  35.8%   249 5941s
 16149  8534  344.54660  124 1018  510.70000  327.78504  35.8%   244 5983s
 16469  8986  379.61731   92 1150  510.70000  327.81294  35.8%   241 6005s
 17054  9094  418.22976  151 1009  510.70000  327.85867  35.8%   236 6024s
 17225  9468  337.28931   80 2904  510.70000  327.87347  35.8%   236 6047s
 17739  9635  383.81395   85 1382  510.70000  327.89055  35.8%   232 6079s
 17926  9640  407.91903  109 1278  510.70000  327.89055  35.8%   231 6112s
 17931  9713  415.33833  110 1824  510.70000  327.90184  35.8%   231 6133s
 18016 10040  336.10468   85  919  510.70000  327.91182  35.8%   231 6157s
 18473 10431  332.53966   79  997  510.70000  327.91182  35.8%   228 6181s
 18934 10543  328.84378   75 4724  510.70000  327.94415  35.8%   224 6202s
 19079 11074  434.71835  153 1202  510.70000  327.94415  35.8%   224 6229s
 19841 11310  346.46007   82 1295  510.70000  327.97708  35.8%   219 6255s
 20155 11768 infeasible  103       510.70000  327.97708  35.8%   217 6276s

Cutting planes:
  Learned: 11
  Gomory: 3
  Cover: 140
  Implied bound: 113
  Projected implied bound: 16
  Clique: 43
  MIR: 127
  StrongCG: 9
  Flow cover: 760
  GUB cover: 58
  Zero half: 24
  RLT: 145
  Relax-and-lift: 49

Explored 20836 nodes (4589018 simplex iterations) in 7200.07 seconds (6100.94 work units)
Thread count was 4 (of 8 available processors)

Solution count 10: 510.7 512.5 516 ... 570.2

Time limit reached
Best objective 5.107000000000e+02, best bound 3.281000000000e+02, gap 35.7548%
