
Gurobi 13.0.2 (linux64) logging started Fri Jun 26 21:39:05 2026

Set parameter LogFile to value "src/Resultados/Restriccion cota global/logs/RC104-25.xml_log.log"
Set parameter Threads to value 4
Gurobi Optimizer version 13.0.2 build v13.0.2rc1 (linux64 - "Rocky Linux 9.7 (Blue Onyx)")

CPU model: QEMU Virtual CPU version 2.5+, instruction set [SSE2]
Thread count: 8 physical cores, 8 logical processors, using up to 4 threads

Non-default parameters:
TimeLimit  7200
Threads  4

Optimize a model with 100616 rows, 59790 columns and 398145 nonzeros (Min)
Model fingerprint: 0xf5812e1d
Model has 5325 linear objective coefficients
Variable types: 13485 continuous, 46305 integer (46290 binary)
Coefficient statistics:
  Matrix range     [1e+00, 4e+04]
  Objective range  [2e+00, 6e+01]
  Bounds range     [1e+00, 2e+03]
  RHS range        [1e+00, 4e+04]

Presolve removed 31770 rows and 240 columns
Presolve time: 1.83s
Presolved: 68846 rows, 59550 columns, 297915 nonzeros
Variable types: 375 continuous, 59175 integer (51015 binary)
Deterministic concurrent LP optimizer: primal and dual simplex
Showing primal log only...


Root simplex log...

Iteration    Objective       Primal Inf.    Dual Inf.      Time
   15613    3.4525835e+02   9.844228e+01   8.273142e+09      5s
   26810    3.5201941e+02   9.381245e+00   1.490893e+09     10s
   34329    3.4972604e+02   9.286809e-03   1.170858e+07     15s
   41329    2.7760000e+02   1.033278e+02   0.000000e+00     20s
   46188    2.7760000e+02   0.000000e+00   0.000000e+00     23s
Concurrent spin time: 7.28s (can be avoided by choosing Method=3)

Solved with primal simplex

Root relaxation: objective 2.776000e+02, 46188 iterations, 28.13 seconds (17.88 work units)

    Nodes    |    Current Node    |     Objective Bounds      |     Work
 Expl Unexpl |  Obj  Depth IntInf | Incumbent    BestBd   Gap | It/Node Time

     0     0  277.60000    0 2439          -  277.60000      -     -   37s
     0     0  277.60000    0 2658          -  277.60000      -     -   37s
     0     0  277.60000    0 6298          -  277.60000      -     -   51s
     0     0  277.60000    0 6296          -  277.60000      -     -   52s
     0     0  277.60000    0 10948          -  277.60000      -     -   62s
     0     0  277.60000    0 10948          -  277.60000      -     -   62s
     0     0  277.60000    0 3025          -  277.60000      -     -   66s
     0     0  277.60000    0 4342          -  277.60000      -     -   79s
     0     0  277.60000    0 3676          -  277.60000      -     -   79s
     0     0  277.60000    0 11279          -  277.60000      -     -   87s
     0     0  277.60000    0 11279          -  277.60000      -     -   87s
     0     0  277.60000    0 4018          -  277.60000      -     -  100s
     0     0  277.60000    0 4086          -  277.60000      -     -  106s
     0     0  277.60000    0 4034          -  277.60000      -     -  106s
     0     0  277.60000    0 13706          -  277.60000      -     -  111s
     0     0  277.60000    0 13706          -  277.60000      -     -  111s
     0     0  277.60000    0 4703          -  277.60000      -     -  118s
     0     0  277.60000    0 4682          -  277.60000      -     -  133s
     0     0  277.60000    0 4684          -  277.60000      -     -  133s
     0     0  277.60000    0 8403          -  277.60000      -     -  137s
     0     0  277.60000    0 4648          -  277.60000      -     -  151s
     0     0  277.60000    0 4657          -  277.60000      -     -  152s
     0     0  277.60000    0 4648          -  277.60000      -     -  157s
     0     2  277.60000    0 4624          -  277.60000      -     -  172s
    11    29  277.60000    4 6170          -  277.60000      -   393  178s
    28    80  277.74735    7 5683          -  277.60000      -   487  187s
    85   266  277.60000   39 4900          -  277.60000      -   326  197s
   273   747  277.60000   57 4052          -  277.60000      -   164  206s
   754   903  278.26369  191 3964          -  277.60000      -  65.0  210s
  1025  1050  278.54455  256 4884          -  277.60000      -  55.7  222s
  1057  1054  278.76829  263 4218          -  277.60000      -  54.6  227s
  1061  1061  278.76922  264 4892          -  277.60000      -  54.4  235s
  1133  1192  278.83025  266 4893          -  277.60000      -  52.7  248s
  1199  1318  278.84416  267 4922          -  277.60000      -  51.3  252s
  1325  1445  279.05468  283 4546          -  277.60000      -  47.8  257s
  1452  1572  280.15381  336 4557          -  277.60000      -  45.9  261s
  1579  1640  281.02690  379 3979          -  277.60000      -  43.7  265s
  1647  1688  288.00850  391 3928          -  277.60000      -  46.1  270s
  1700  1701 infeasible  401               -  277.60000      -  49.0  307s
  1716  1750  302.56064  403 1864          -  277.60000      -  51.2  313s
  1783  1790  303.70783  404 1649          -  277.60000      -  52.6  320s
  1912  1971  303.76336  405 1807          -  277.60000      -  55.6  328s
  2018  2105  304.31327  406 1808          -  277.60000      -  53.7  358s
  2152  2167  303.81691  406 1808          -  277.60000      -  50.9  362s
  2218  2275  304.44383  407 1585          -  277.60000      -  51.8  367s
  2328  2405  304.44383  408 1305          -  277.60000      -  50.4  375s
  2466  2517  304.44383  408 1544          -  277.60000      -  48.7  410s
  2580  2653  305.32825  409 1480          -  277.60000      -  47.9  415s
  2716  2762  305.55060  410 1466          -  277.60000      -  46.2  420s
  2829  2889  305.61680  411 1462          -  277.60000      -  45.2  425s
  2986  3018  317.59226  437 1603          -  277.60000      -  44.2  431s
  3118  3019  280.00721  137 4648          -  277.60000      -  44.1  636s
  3120  3020  281.00819   14 7014          -  277.97924      -  44.0  690s
  3121  3021  364.07614  367 3726          -  280.25759      -  44.0  727s
  3122  3022  289.30000  345 5900          -  280.81334      -  44.0  740s
  3123  3022  281.60000   78 2241          -  280.81334      -  44.0  765s
  3124  3023  282.70000   91 4388          -  280.92121      -  44.0  782s
  3125  3024  381.13787  420 1207          -  281.24457      -  44.0  812s
  3126  3024  283.30000  127 3496          -  281.24457      -  44.0  819s
  3127  3025  311.54946  613 1698          -  281.28265      -  43.9  846s
  3128  3026  281.71164  137 5177          -  281.71164      -  43.9  859s
  3129  3026  306.02429   27 6362          -  282.60263      -  43.9  895s
  3130  3027  311.28984  542 5218          -  282.60263      -  43.9  902s
  3131  3028  291.40000  385 6641          -  282.86858      -  43.9  973s
  3132  3028  283.30000  122 6667          -  282.86864      -  43.9  982s
  3133  3029  363.90497  295 5740          -  282.86864      -  43.9 1020s
  3134  3030  313.10258  544 8228          -  282.86864      -  43.8 1032s
  3135  3030  282.86864    8 5457          -  282.86864      -  43.8 1057s
  3136  3031  344.70770  445 8483          -  282.86880      -  43.8 1072s
  3137  3032  282.88750   32 8487          -  282.88750      -  43.8 1097s
  3138  3032  282.89631  214 8740          -  282.89631      -  43.8 1108s
  3139  3033  361.49142  253 7050          -  283.03610      -  43.8 1155s
  3140  3034  351.68429  151 8168          -  283.03651      -  43.8 1166s
  3141  3034  283.09873   36 5548          -  283.09873      -  43.7 1190s
  3142  3035  291.40000  252 8175          -  283.31996      -  43.7 1207s
  3143  3036  283.65911   33 5630          -  283.65911      -  43.7 1229s
  3144  3036  351.04231  157 7729          -  283.66200      -  43.7 1239s
  3145  3037  364.07614  367 5765          -  283.69042      -  43.7 1265s
  3146  3038  283.72256   10 7625          -  283.72256      -  43.7 1275s
  3147  3038  283.77833  121 5906          -  283.77833      -  43.7 1307s
  3148  3039  283.78315    7 7308          -  283.78315      -  43.6 1320s
  3149  3040  283.78315   73 5365          -  283.78315      -  43.6 1343s
  3150  3040  283.78315   81 6502          -  283.78315      -  43.6 1350s
  3151  3041  283.78315   10 6657          -  283.78315      -  43.6 1370s
  3152  3042  283.78344  108 6749          -  283.78344      -  43.6 1378s
  3153  3042  283.78379   28 6966          -  283.78379      -  43.6 1403s
  3154  3043  283.78415   91 7697          -  283.78415      -  43.6 1411s
  3155  3044  289.30000  287 6598          -  283.78415      -  43.5 1442s
  3156  3044  311.13835  203 8049          -  283.78415      -  43.5 1449s
  3157  3045  285.00000  154 5684          -  283.78416      -  43.5 1469s
  3160  3048  311.66833  198 4648          -  283.78416      -   208 1482s
  3162  3049  289.90000  244 8261          -  283.78416      -   207 1546s
  3163  3050  289.30000  324 7227          -  283.78416      -   207 1580s
  3164  3051  321.29534  343 9609          -  283.78416      -   207 1591s
  3165  3051  283.90239   11 5807          -  283.90239      -   207 1624s
  3166  3052  285.00000  147 6294          -  283.90258      -   207 1633s
  3167  3053  283.90258   63 6627          -  283.90258      -   207 1653s
  3168  3053  289.30000  243 6711          -  283.90258      -   207 1662s
  3169  3054  287.40000  296 5701          -  284.04757      -   207 1682s
  3170  3055  307.91743  364 6374          -  284.07758      -   207 1688s
  3171  3055  285.40000  316 5599          -  284.07776      -   207 1710s
  3172  3056  346.18915  462 5587          -  284.08380      -   207 1717s
  3173  3057  310.16241   29 4256          -  284.08380      -   207 1740s
  3174  3057  311.93473  209 5886          -  284.08380      -   207 1749s
  3175  3058  284.50000  159 4658          -  284.08385      -   207 1773s
  3176  3059  302.28211  401 7633          -  284.08389      -   207 1800s
  3177  3059  284.08389   65 3853          -  284.08389      -   207 1838s
  3178  3060  364.90504  742 8274          -  284.08389      -   206 1862s
  3179  3061  310.96235  578 4625          -  284.10174      -   206 1885s
  3180  3061  324.10627  361 8377          -  284.10449      -   206 1915s
  3181  3062  284.10628  182 5332          -  284.10628      -   206 1946s
  3182  3063  284.10722  236 7575          -  284.10722      -   206 1963s
  3183  3063  298.20000  283 4672          -  284.10946      -   206 1990s
  3184  3064  284.10987  122 7279          -  284.10987      -   206 2010s
  3185  3065  289.30000  323 4113          -  284.11073      -   206 2072s
  3186  3065  364.90504  770 5074          -  284.11092      -   206 2095s
  3187  3066  287.40000  183 4349          -  284.11187      -   206 2113s
  3188  3067  314.08007  224 6127          -  284.11228      -   206 2130s
  3189  3067  333.96564  241 6460          -  284.11234      -   206 2156s
  3190  3068  284.11248   97 6818          -  284.11248      -   206 2174s
  3191  3069  366.44192  387 5603          -  284.11250      -   206 2193s
  3192  3069  289.30000  339 7358          -  284.11263      -   206 2205s
  3193  3070  284.12311   78 3744          -  284.12311      -   205 2225s
  3194  3071  284.12311  173 3510          -  284.12311      -   205 2235s
  3195  3071  289.30000  304 3344          -  284.13070      -   205 2248s
  3196  3072  289.30000  345 4223          -  284.13070      -   205 2253s
  3197  3073  340.51689  110 2883          -  284.13071      -   205 2265s
  3198  3073  357.75488  209 6413          -  284.13078      -   205 2275s
  3199  3074  284.13094   66 3108          -  284.13094      -   205 2290s
  3200  3075  284.13095  242 4293          -  284.13095      -   205 2298s
  3201  3075  340.76053   45 3578          -  284.13095      -   205 2315s
  3202  3076  284.13095   31 5294          -  284.13095      -   205 2323s
  3203  3077  291.40000  375 3141          -  284.13257      -   205 2340s
  3204  3077  284.13257   40 4259          -  284.13257      -   205 2346s
  3205  3078  289.30000  339 3427          -  284.13257      -   205 2360s
  3206  3079  328.41435  291 3438          -  284.13257      -   205 2365s
  3207  3079  310.97387  566 3429          -  284.13257      -   205 2378s
  3208  3080  327.48644  312 5433          -  284.13257      -   205 2383s
  3209  3081  322.81138  341 4248          -  284.13257      -   204 2396s
  3212  3084  349.64231  160 4648          -  284.13257      -   367 2400s
  3214  3085  324.08184  227 9807          -  284.13257      -   367 2460s
  3215  3086  329.84296  363 7650          -  284.13257      -   367 2493s
  3216  3087  296.77183  497 7179          -  284.13257      -   367 2505s
  3217  3087  334.14106  365 3816          -  284.13257      -   367 2539s
  3218  3088  284.13257  137 5556          -  284.13257      -   367 2563s
  3219  3089  290.00000  374 3957          -  284.13257      -   367 2596s
  3220  3089  284.13257   14 6213          -  284.13257      -   366 2617s
  3221  3090  364.07614  367 5275          -  284.13257      -   366 2643s
  3222  3091  289.30000  345 6358          -  284.13257      -   366 2662s
  3223  3091  284.13257   78 3920          -  284.13257      -   366 2694s
  3224  3092  284.13257   91 4748          -  284.13257      -   366 2728s
  3225  3093  381.13787  420 4327          -  284.13257      -   366 2791s
  3226  3093  284.13257  127 7604          -  284.13257      -   366 2816s
  3227  3094  311.54946  613 5819          -  284.13257      -   366 2837s
  3228  3095  284.13257  137 7489          -  284.13257      -   366 2852s
  3229  3095  306.02429   27 5076          -  284.13257      -   365 2885s
  3230  3096  311.28984  542 7157          -  284.13257      -   365 2901s
  3231  3097  291.40000  385 4909          -  284.13257      -   365 2927s
  3232  3097  284.13269  122 6705          -  284.13269      -   365 2948s
  3233  3098  363.90497  295 6773          -  284.13279      -   365 2989s
  3234  3099  313.10258  544 7509          -  284.13279      -   365 3008s
  3235  3099  284.13291    8 5965          -  284.13291      -   365 3036s
  3236  3100  344.70770  445 6525          -  284.13293      -   365 3054s
  3237  3101  284.13299   32 5664          -  284.13299      -   365 3082s
  3238  3101  284.14275  214 5428          -  284.14275      -   364 3110s
  3239  3102  361.49142  253 7262          -  284.16211      -   364 3139s
  3240  3103  351.68429  151 6963          -  284.16271      -   364 3165s
  3241  3103  284.16303   36 4903          -  284.16303      -   364 3207s
  3242  3104  291.40000  252 6822          -  284.16308      -   364 3232s
  3243  3105  284.16336   33 5474          -  284.16336      -   364 3268s
  3244  3105  351.04231  157 6327          -  284.16339      -   364 3289s
  3245  3106  364.07614  367 4621          -  284.16339      -   364 3312s
  3246  3107  284.16341   10 6226          -  284.16341      -   364 3341s
  3247  3107  284.16369  121 6692          -  284.16369      -   363 3378s
  3248  3108  284.16371    7 6735          -  284.16371      -   363 3389s
  3249  3109  284.16426   73 6117          -  284.16426      -   363 3407s
  3252  3112  284.16426  108 4648          -  284.16426      -   533 3411s
  3254  3113  284.16426   91 8144          -  284.16426      -   533 3471s
  3255  3114  289.30000  287 5605          -  284.16426      -   533 3491s
  3256  3115  311.13835  203 6771          -  284.16426      -   533 3505s
  3257  3115  285.00000  154 4581          -  284.16426      -   533 3524s
  3258  3116  289.30000  352 4350          -  284.16426      -   532 3539s
  3259  3117  284.16426  140 4830          -  284.16426      -   532 3558s
  3260  3117  311.66833  198 8687          -  284.16426      -   532 3580s
  3261  3118  284.16426   68 4587          -  284.16426      -   532 3600s
  3262  3119  289.90000  244 6590          -  284.16426      -   532 3616s
  3263  3119  289.30000  324 5669          -  284.16426      -   532 3631s
  3264  3120  321.29534  343 6404          -  284.16426      -   531 3652s
  3265  3121  284.16426   11 5809          -  284.16426      -   531 3672s
  3266  3121  285.00000  147 7208          -  284.16426      -   531 3686s
  3267  3122  284.16426   63 6339          -  284.16426      -   531 3703s
  3268  3123  289.30000  243 7486          -  284.16426      -   531 3713s
  3269  3123  287.40000  296 6414          -  284.16426      -   531 3740s
  3270  3124  307.91743  364 7915          -  284.16426      -   530 3756s
  3271  3125  285.40000  316 5655          -  284.16426      -   530 3781s
  3272  3125  346.18915  462 6224          -  284.16426      -   530 3793s
  3273  3126  310.16241   29 3324          -  284.16426      -   530 3821s
  3274  3127  311.93473  209 6174          -  284.16426      -   530 3842s
  3275  3127  284.50000  159 6059          -  284.16426      -   530 3881s
  3276  3128  302.28211  401 6875          -  284.16426      -   529 3898s
  3277  3129  284.16426   65 5712          -  284.16426      -   529 3966s
  3278  3129  364.90504  742 7717          -  284.16471      -   529 4016s
  3279  3130  310.96235  578 6445          -  284.16484      -   529 4037s
  3280  3131  324.10627  361 7545          -  284.16492      -   529 4050s
  3281  3131  284.16522  182 5027          -  284.16522      -   529 4065s
  3282  3132  284.16522  236 6069          -  284.16522      -   528 4075s
  3283  3133  298.20000  283 4843          -  284.16522      -   528 4090s
  3284  3133  284.16522  122 5967          -  284.16522      -   528 4099s
  3285  3134  289.30000  323 5583          -  284.16591      -   528 4116s
  3286  3135  364.90504  770 7125          -  284.16608      -   528 4133s
  3287  3135  287.40000  183 6761          -  284.17082      -   528 4154s
  3288  3136  314.08007  224 6676          -  284.17084      -   528 4166s
  3289  3137  333.96564  241 4463          -  284.17173      -   527 4183s
  3290  3137  284.17206   97 5982          -  284.17206      -   527 4196s
  3291  3138  366.44192  387 4037          -  284.17206      -   527 4218s
  3292  3139  289.30000  339 6397          -  284.17285      -   527 4244s
  3293  3139  284.17328   78 5000          -  284.17328      -   527 4267s
  3294  3140  284.17346  173 6256          -  284.17346      -   527 4278s
  3295  3141  289.30000  304 5965          -  284.17396      -   526 4295s
  3296  3141  289.30000  345 7181          -  284.17400      -   526 4304s
  3297  3142  340.51689  110 5330          -  284.17420      -   526 4317s
  3298  3143  357.75488  209 4683          -  284.17441      -   526 4325s
  3299  3143  284.17474   66 5320          -  284.17474      -   526 4339s
  3300  3144  284.17474  242 5320          -  284.17474      -   526 4355s
  3301  3145  340.76053   45 5320          -  284.17474      -   525 4374s
  3302  3148  284.17474   45 5198          -  284.17474      -   690 4393s
  3304  3152  284.17474   46 5541          -  284.17474      -   691 4397s
  3312  3165  284.17534   48 5551          -  284.17474      -   690 4403s
  3324  3169  284.19693   50 6290          -  284.17474      -   691 4406s
  3343  3181  284.19693   52 6736          -  284.17474      -   690 4412s
  3350  3190  284.19693   53 6794          -  284.17474      -   690 4415s
  3370  3202  284.19693   55 6746          -  284.17474      -   691 4421s
  3380  3208  284.19693   57 6861          -  284.17474      -   690 4425s
  3400  3219  284.19693   60 6782          -  284.17474      -   690 4431s
  3407  3225  284.29906   60 5980          -  284.17474      -   690 4437s
  3425  3234  284.26984   64 6802          -  284.17474      -   692 4443s
  3431  3239  287.65839   64 7259          -  284.17474      -   692 4445s
  3444  3251  284.26984   66 6798          -  284.17474      -   692 4456s
  3462  3256  284.27032   68 6331          -  284.17474      -   693 4463s
  3466  3262  284.27032   69 6251          -  284.17474      -   693 4466s
  3473  3265  284.81444   69 6210          -  284.17474      -   693 4475s
  3479  3269  284.27083   70 7534          -  284.17474      -   695 4480s
  3485  3274  284.27466   70 6053          -  284.17474      -   696 4485s
  3492  3277  285.07437   71 5963          -  284.17474      -   697 4490s
  3497  3282  284.27599   72 6142          -  284.17474      -   696 4495s
  3511  3290  284.27821   74 6654          -  284.17474      -   697 4507s
  3516  3293  285.76493   74 4080          -  284.17474      -   700 4511s
  3521  3298  284.27868   75 6629          -  284.17474      -   700 4516s
  3528  3308  284.27886   77 6372          -  284.17474      -   701 4521s
  3540  3315  284.28028   80 6128          -  284.17474      -   700 4531s
  3551  3320  284.28144   83 4255          -  284.17474      -   701 4537s
  3560  3324  284.28144   84 4442          -  284.17474      -   701 4608s
  3567  3328  284.28147   85 5633          -  284.17474      -   702 4619s
  3573  3332  284.28148   86 5634          -  284.17474      -   701 4631s
  3579  3336  284.28462   87 5094          -  284.17474      -   702 4639s
  3585  3339  284.28511   88 5112          -  284.17474      -   702 4652s
  3590  3342  284.28511   89 4857          -  284.17474      -   703 4659s
  3595  3345  284.28517   90 5394          -  284.17474      -   703 4696s
  3601  3347  284.28522   91 5381          -  284.17474      -   703 4740s
  3607  3351  284.28787   92 4607          -  284.17474      -   702 4830s
  3613  3355  284.29018   93 4603          -  284.17474      -   703 4838s
  3619  3358  284.29018   94 4340          -  284.17474      -   702 4845s
  3624  3360  284.30155   94 4368          -  284.17474      -   702 4904s
  3628  3365  284.29024   95 4439          -  284.17474      -   701 4912s
  3634  3367  284.31568   95 3835          -  284.17474      -   702 4978s
  3638  3369  284.29027   96 4683          -  284.17474      -   702 5068s
  3642  3371  289.51355   96 3340          -  284.17474      -   702 5112s
  3647  3374  284.29126   97 5240          -  284.17474      -   703 5157s
  3652  3379  284.32749   97 3735          -  284.17474      -   704 5196s
  3658  3382  285.09562   98 2472          -  284.17474      -   703 5240s
  3663  3388  284.30235   99 4433          -  284.17474      -   703 5273s
  3671  3418  289.51355  100 2881          -  284.17474      -   703 5332s
  3708  3419  284.30235  101 4433          -  284.17474      -   699 5386s
  3721  3473  284.30477  103 4135          -  284.17474      -   699 5437s
  3779  3464  286.41084  113 2479          -  284.17474      -   695 5493s
  3790  3475  291.25622  114 3506          -  284.17474      -   694 5551s
  3804  3540  284.50781  116 3514          -  284.17474      -   694 5608s
  3880  3523  284.67179  129 3877          -  284.17474      -   688 5673s
  3888  3525  284.69951  131 3471          -  284.17474      -   687 5735s
  3902  3531  284.78710  133 3791          -  284.17474      -   687 5758s
  3913  3540  284.80306  135 3643          -  284.17474      -   687 5781s
  3925  3547  284.84769  136 3392          -  284.17474      -   686 5827s
  3936  3603  286.68684  136 1011          -  284.17474      -   685 5858s
  3996  3609  284.84806  137 3773          -  284.17474      -   681 5880s
  4028  3700  286.06557  147 1250          -  284.17474      -   678 5898s
  4140  3775  302.28776  165 1178          -  284.17474      -   665 5914s
  4267  3811  297.58080  186 1166          -  284.17474      -   651 6000s
  4347  3829  290.54527  211 1380          -  284.17474      -   643 6063s
  4394  3944  349.17684  225 1652          -  284.17474      -   638 6078s
  4562  4026  302.31396  253 2248          -  284.17474      -   623 6100s
  4758  4005  387.48863  275 1339          -  284.17474      -   605 6141s
  4829  4100 infeasible  276               -  284.24290      -   599 6163s
  5023  4238  284.87053   89  989          -  284.24334      -   583 6187s
  5229  4423  286.57735  129  945          -  284.24334      -   567 6208s
  5511  4628  293.26092  177  901          -  284.24341      -   547 6236s
  5838  4688  284.90156   51 1686          -  284.24720      -   524 6256s
  6080  4899 infeasible   73               -  284.27048      -   510 6279s
  6472  4774 infeasible  105               -  284.27148      -   489 6379s
  6495  5187  284.28086   75 3534          -  284.27166      -   488 6397s
  6960  5327  299.33670   97 1123          -  284.27166      -   462 6414s
  7387  5517  284.28881   84  998          -  284.27269      -   443 6436s
  7812  5428  284.27676   74 4246          -  284.27269      -   426 6456s
  7879  5665  284.28261   79 1392          -  284.27269      -   424 6475s
  8228  5712  284.27658   77 3832          -  284.27366      -   412 6494s
  8428  5880  291.75725  126  840          -  284.27366      -   406 6512s
  8721  6203  285.95212   88 1179          -  284.27366      -   399 6533s
  9237  6195  284.28152   80 2842          -  284.27366      -   383 6553s
  9455  6596  286.45854   90  894          -  284.27366      -   378 6580s
 10049  6574  308.16704  124 1530          -  284.27371      -   363 6605s
 10277  7408 infeasible  157               -  284.27410      -   359 6799s
 11395  7047  295.27975  108  960          -  284.27486      -   337 6816s
 11410  7088  297.34916  107 2721          -  284.27486      -   337 6839s
 11457  7382  300.71158  110 2473          -  284.27504      -   336 6861s
 11893  7491  304.50382  120 1789          -  284.27523      -   329 6882s
 12289  7774  292.96559  113 1443          -  284.27542      -   323 6903s
 12826  7728  287.11795   92 1092          -  284.27542      -   314 6922s
 12977  8179  284.71275   76  706          -  284.27542      -   313 6944s
 13108  8179  285.01541   98  896          -  284.27542      -   311 6945s
 13554  8613  367.69670  169 1340          -  284.27542      -   305 6967s
 14106  8857  317.41953  125 2537          -  284.27542      -   297 6998s
 14451  9080  298.55830   81 2372          -  284.27542      -   294 7037s
 14754  9243  378.19395  100 1615          -  284.27542      -   291 7059s
 15044  9244 infeasible  155               -  284.27542      -   288 7086s
 15051  9250 infeasible  155               -  284.27542      -   288 7135s
 15059  9344  471.29795  158 1706          -  284.27542      -   288 7156s
 15170  9640 infeasible  158               -  284.27542      -   287 7179s
 15574  9841  309.04225   90 1132          -  284.27550      -   284 7200s

Cutting planes:
  Gomory: 13
  Cover: 48
  Implied bound: 39
  Projected implied bound: 25
  Clique: 10
  MIR: 93
  StrongCG: 3
  Flow cover: 465
  GUB cover: 5
  Inf proof: 1
  Zero half: 2
  RLT: 20
  Relax-and-lift: 47

Explored 15877 nodes (4601280 simplex iterations) in 7200.01 seconds (5649.00 work units)
Thread count was 4 (of 8 available processors)

Solution count 0

Time limit reached
Best objective -, best bound 2.843000000000e+02, gap -
