
Gurobi 13.0.2 (linux64) logging started Sat Jun 27 01:39:36 2026

Set parameter LogFile to value "src/Resultados/Restriccion cota global/logs/RC105-25.xml_log.log"
Set parameter Threads to value 4
Gurobi Optimizer version 13.0.2 build v13.0.2rc1 (linux64 - "Rocky Linux 9.7 (Blue Onyx)")

CPU model: QEMU Virtual CPU version 2.5+, instruction set [SSE2]
Thread count: 8 physical cores, 8 logical processors, using up to 4 threads

Non-default parameters:
TimeLimit  7200
Threads  4

Optimize a model with 96899 rows, 57315 columns and 379065 nonzeros (Min)
Model fingerprint: 0x09c54e28
Model has 4470 linear objective coefficients
Variable types: 13080 continuous, 44235 integer (44220 binary)
Coefficient statistics:
  Matrix range     [1e+00, 4e+04]
  Objective range  [2e+00, 6e+01]
  Bounds range     [1e+00, 2e+03]
  RHS range        [1e+00, 4e+04]

Presolve removed 30765 rows and 240 columns
Presolve time: 1.55s
Presolved: 66134 rows, 57075 columns, 282375 nonzeros
Variable types: 345 continuous, 56730 integer (48555 binary)
Deterministic concurrent LP optimizer: primal and dual simplex
Showing primal log only...


Root simplex log...

Iteration    Objective       Primal Inf.    Dual Inf.      Time
   24492    4.7359759e+02   1.176299e+02   1.734790e+09      5s
   33510    4.4997500e+02   2.806174e+01   6.277918e+09     10s
   39433    4.5496233e+02   1.176707e+00   4.347692e+08     15s
   45205    3.6271929e+02   0.000000e+00   1.086169e+04     20s
   51090    3.6260000e+02   2.334081e-02   0.000000e+00     25s
   51211    3.6260000e+02   0.000000e+00   0.000000e+00     25s
Concurrent spin time: 3.39s (can be avoided by choosing Method=3)

Solved with primal simplex

Root relaxation: objective 3.626000e+02, 51211 iterations, 26.36 seconds (22.55 work units)

    Nodes    |    Current Node    |     Objective Bounds      |     Work
 Expl Unexpl |  Obj  Depth IntInf | Incumbent    BestBd   Gap | It/Node Time

     0     0  362.60000    0 2597          -  362.60000      -     -   36s
     0     0  362.60000    0 2308          -  362.60000      -     -   37s
     0     0  362.60000    0 2601          -  362.60000      -     -   37s
     0     0  362.60000    0 3862          -  362.60000      -     -   56s
     0     0  362.60000    0 9252          -  362.60000      -     -   65s
     0     0  362.60000    0 10034          -  362.60000      -     -   76s
     0     0  362.60000    0 10034          -  362.60000      -     -   76s
     0     0  362.60000    0 2591          -  362.60000      -     -   88s
     0     0  362.60000    0 4553          -  362.60000      -     -   92s
     0     0  362.60000    0 4468          -  362.60000      -     -   92s
     0     0  362.60000    0 4467          -  362.60000      -     -   92s
     0     0  362.60000    0 8438          -  362.60000      -     -  108s
     0     0  362.60000    0 8438          -  362.60000      -     -  108s
     0     0  362.60000    0 3212          -  362.60000      -     -  129s
     0     0  362.60000    0 4999          -  362.60000      -     -  132s
     0     0  362.60000    0 4809          -  362.60000      -     -  132s
     0     0  362.60000    0 9463          -  362.60000      -     -  141s
     0     0  362.60000    0 9463          -  362.60000      -     -  141s
     0     0  362.60000    0 3287          -  362.60000      -     -  152s
     0     0  362.60000    0 3303          -  362.60000      -     -  153s
     0     0  362.60000    0 2978          -  362.60000      -     -  159s
     0     2  364.90000    0 2978          -  364.90000      -     -  173s
     1     4  364.90000    1 2893          -  364.90000      -   495  177s
     3     8  364.90000    2 2892          -  364.90000      -  1276  181s
     7    12  364.90000    3 4081          -  364.90000      -  1402  188s
    11    15  364.90000    4 4007          -  364.90000      -  1127  192s
    15    19  364.90000    5 3185          -  364.90000      -   908  196s
    19    23  365.20000    6 4506          -  364.90000      -   774  200s
    27    33  365.29006    8 4515          -  364.90000      -   578  208s
    33    41  365.29006    9 4520          -  364.90000      -   545  211s
    49    57  365.29829   11 4513          -  364.90000      -   429  218s
    57    63  365.29829   12 5150          -  364.90000      -   374  221s
    63    71  365.29829   13 4956          -  364.90000      -   367  225s
    79    85  365.29829   15 4586          -  364.90000      -   334  231s
    85    93  365.29829   16 5556          -  364.90000      -   327  235s
   101   110  365.29829   18 5153          -  364.90000      -   311  242s
   110   119  365.29829   19 5156          -  364.90000      -   291  246s
   128   138  365.29829   21 5035          -  364.90000      -   253  259s
   138   148  365.30484   22 4505          -  364.90000      -   237  263s
   148   159  365.31777   23 5611          -  364.90000      -   223  266s
   170   182  365.32752   25 5166          -  364.90000      -   202  283s
   182   195  365.32752   26 4517          -  364.90000      -   197  287s
   195   208  365.32752   27 4519          -  364.90000      -   187  291s
   208   222  365.32752   28 5159          -  364.90000      -   184  295s
   237   252  365.32752   30 5232          -  364.90000      -   172  314s
   252   268  365.32752   31 4760          -  364.90000      -   164  320s
   268   285  365.32752   32 5169          -  364.90000      -   158  325s
   303   322  365.32752   34 5161          -  364.90000      -   152  334s
   322   348  365.33955   35 4954          -  364.90000      -   147  339s
   348   386  365.37621   36 4516          -  364.90000      -   139  343s
   386   442  365.39658   37 4952          -  364.90000      -   131  348s
   442   517  365.39658   38 4540          -  364.90000      -   125  352s
   517   600  365.64839   60 4950          -  364.90000      -   122  359s
   604   685  371.62717   85 4675          -  364.90000      -   120  365s
   691   785  371.85050  112 4045          -  364.90000      -   117  370s
   791   893  371.85050  147 3449          -  364.90000      -   110  376s
   900   993  372.09981  182 4908          -  364.90000      -   110  381s
  1000  1094  372.32055  216 5432          -  364.90000      -   106  386s
  1105  1194  372.43252  235 3817          -  364.90000      -   102  391s
  1205  1268  373.15727  276 3522          -  364.90000      -  98.9  395s
  1281  1318  427.21571  283 4606          -  364.90000      -   101  400s
  1388  1467  425.63694  314 4564          -  364.90000      -   109  409s
  1480  1557  425.81813  342 5116          -  364.90000      -   108  414s
  1570  1677  425.92963  369 5371          -  364.90000      -   107  419s
  1690  1818  425.96391  383 4793          -  364.90000      -   105  426s
  1831  1938  426.29201  425 5560          -  364.90000      -   101  433s
  1951  2069  426.34776  452 4824          -  364.90000      -  98.3  440s
  2082  2174  428.85084  490 5452          -  364.90000      -  96.5  447s
  2187  2354  429.74897  520 6026          -  364.90000      -  96.6  456s
  2367  2507  430.35757  592 5128          -  364.90000      -  92.1  464s
  2520  2572 infeasible  613               -  364.90000      -  90.6  471s
  2587  2654  482.40000  619 3840          -  364.90000      -  93.1  478s
  2671  2712  482.52673  649 1738          -  364.90000      -  98.5  487s
  2729  2757  482.52673  658 2030          -  364.90000      -   103  523s
  2774  2889  482.40000  662 3253          -  364.90000      -   106  560s
  2906  3006  482.40000  727 3164          -  364.90000      -   105  597s
  3025  3198  482.41425  773 1679          -  364.90000      -   106  635s
  3219  3395  482.46406  870 2882          -  364.90000      -   103  662s
  3464  3660  484.95370  950 3609          -  364.90000      -  98.7  673s
  3733  3991  486.57224 1058 3408          -  364.90000      -  96.7  683s
  4073  4241  487.54054 1192 3694          -  364.90000      -  92.7  691s
  4335  4524  489.21196 1304 2357          -  364.90000      -  91.5  700s
  4618  4680  492.41170 1413 1735          -  364.90000      -  90.0  713s
  4785  4973  499.17143 1503 2831          -  364.90000      -  92.6  726s
  5081  5272  661.62443 1545 2973          -  364.90000      -  90.9  738s
  5390  5273  488.05022 1242 2978          -  364.90000      -  90.1 1016s
  5392  5274  373.08561   98 4647          -  373.08561      -  90.1 1085s
  5394  5276  482.40000  628 4902          -  373.18388      -  90.0 1090s
  5396  5277  405.33414  298 3747          -  373.18443      -  90.0 1104s
  5397  5278  425.77925  483 3747          -  373.18443      -  90.0 1122s
  5398  5281  373.27107   15 4053          -  373.18443      -   107 1141s
  5400  5285  373.27107   16 4052          -  373.24087      -   107 1148s
  5404  5287  373.49931   17 3848          -  373.27134      -   109 1166s
  5408  5302  373.49974   18 3856          -  373.27134      -   110 1176s
  5426  5301  373.51767   21 4655          -  373.27134      -   114 1190s
  5445  5309  373.52963   23 4192          -  373.27134      -   119 1203s
  5450  5311  378.71432   23 5124          -  373.27134      -   120 1206s
  5456  5325  373.53647   24 4187          -  373.27134      -   122 1211s
  5472  5333  373.54543   26 4180          -  373.27134      -   124 1216s
  5485  5336  373.59496   27 4308          -  373.27134      -   127 1221s
  5493  5338  377.68027   28 4543          -  373.27134      -   130 1242s
  5497  5343  373.59496   28 4659          -  373.27134      -   132 1246s
  5512  5356  373.68659   31 4394          -  373.27134      -   135 1254s
  5522  5368  374.19008   32 4725          -  373.27134      -   137 1260s
  5538  5375  374.31347   33 5498          -  373.27134      -   139 1268s
  5550  5375  374.31347   34 5500          -  373.27134      -   142 1275s
  5554  5387  375.22020   34 4934          -  373.27134      -   142 1284s
  5568  5393  374.31627   37 5356          -  373.27134      -   145 1293s
  5581  5401  375.24074   38 5219          -  373.27134      -   148 1298s
  5595  5405  374.32244   39 5442          -  373.27134      -   150 1307s
  5605  5415  377.85753   40 4728          -  373.27134      -   154 1359s
  5619  5420  376.71898   43 5883          -  373.27134      -   157 1374s
  5628  5426  374.33457   43 4803          -  373.27134      -   159 1382s
  5639  5438  374.33472   44 4881          -  373.27134      -   162 1387s
  5655  5449  378.35111   44 5206          -  373.27134      -   166 1397s
  5671  5454  374.33643   45 4895          -  373.27134      -   169 1410s
  5682  5466  375.23430   45 5382          -  373.27134      -   173 1419s
  5697  5478  375.05069   46 5491          -  373.27134      -   176 1426s
  5718  5492  374.34102   46 5067          -  373.27134      -   180 1435s
  5739  5502  374.35329   47 5085          -  373.27134      -   183 1445s
  5756  5513  374.56654   47 4262          -  373.27134      -   185 1455s
  5775  5534  374.35884   48 5074          -  373.27134      -   189 1465s
  5802  5531  379.84544   48 4325          -  373.27134      -   193 1480s
  5808  5557  374.35920   49 4703          -  373.27134      -   196 1490s
  5838  5566  374.54272   49 4364          -  373.27134      -   199 1500s
  5859  5565  374.36144   50 4861          -  373.27134      -   203 1513s
  5865  5594  374.53009   50 4634          -  373.27134      -   203 1524s
  5899  5603  374.38078   54 4684          -  373.27134      -   207 1548s
  5920  5642  374.39549   55 4239          -  373.27134      -   210 1621s
  5969  5630  374.53817   63 4194          -  373.27134      -   214 1638s
  5973  5642  378.82204   63 3814          -  373.27134      -   214 1655s
  5987  5642  374.93173   69 3152          -  373.27134      -   217 1678s
  5992  5651  374.93857   70 4141          -  373.27134      -   218 1701s
  6003  5658  374.94516   74 4140          -  373.27134      -   220 1715s
  6013  5682  374.94854   76 4346          -  373.27134      -   221 1732s
  6043  5712  374.96665   81 3911          -  373.27134      -   224 1749s
  6083  5739  375.57450   92 3618          -  373.27134      -   227 1783s
  6141  5725  375.60646   99 2897          -  373.27134      -   230 1830s
  6156  5748  377.78110  100 1828          -  373.33021      -   232 1847s
  6186  5776  375.61724  107 3005          -  373.33021      -   238 1861s
  6225  5788  375.67287  115 3004          -  373.33021      -   245 1877s
  6250  5843  375.76900  122 2923          -  373.33021      -   248 1893s
  6316  5859  376.27492  134 2909          -  373.33021      -   255 1913s
  6355  5858  376.62188  139 3156          -  373.33021      -   263 1933s
  6367  5905  376.63623  141 3181          -  373.33021      -   266 1952s
  6419  5916  376.77815  145 2637          -  373.33021      -   273 1972s
  6449  5947  376.79850  149 2571          -  373.33021      -   280 1996s
  6494  5988  376.79851  154 2347          -  373.33021      -   284 2016s
  6553  5984  376.88888  161 1998          -  373.33021      -   292 2045s
  6569  6046  376.91658  164 2036          -  373.33021      -   297 2063s
  6639  6045  377.22744  171 2800          -  373.33021      -   305 2093s
  6661  6097  377.23491  172 2795          -  373.33021      -   308 2124s
  6721  6124  378.05285  177 2388          -  373.33021      -   316 2149s
  6770  6173  377.29861  185 2458          -  373.33021      -   322 2177s
  6835  6164  377.41997  192 2217          -  373.33021      -   332 2250s
  6848  6218  377.42280  194 2239          -  373.33021      -   336 2273s
  6917  6231  377.43590  201 2265          -  373.33021      -   350 2308s
  6959  6255  377.54092  214 2981          -  373.33021      -   354 2345s
  7023  6243  377.90078  221 2729          -  373.33021      -   358 2387s
  7032  6249  377.55006  222 2766          -  373.33021      -   360 2427s
  7043  6267  377.55006  223 2764          -  373.33021      -   362 2464s
  7067  6306  377.55284  228 3029          -  373.33021      -   365 2504s
  7115  6313  377.55559  232 2466          -  373.33021      -   369 2571s
  7142  6373  377.55630  238 2062          -  373.33021      -   371 2643s
  7211  6372  378.32385  256 2118          -  373.33021      -   379 2694s
  7233  6404  378.32386  262 1960          -  373.33021      -   381 2746s
  7272  6417  378.38567  269 1919          -  373.33021      -   386 2795s
  7300  6410  379.80171  273  512          -  373.33021      -   389 2872s
  7305  6424  378.67251  274 1924          -  373.33021      -   390 2922s
  7322  6457  380.26580  279  589          -  373.33021      -   392 2981s
  7367  6463  378.78464  285 2349          -  373.33021      -   397 3047s
  7402  6532  379.10035  292 1512          -  373.33021      -   401 3121s
  7483  6514  379.18090  301 2218          -  373.33021      -   409 3190s
  7492  6516  392.52452  301  690          -  373.33021      -   410 3253s
  7497  6524  379.18108  302 2211          -  373.33021      -   410 3351s
  7506  6527  385.88615  302  590          -  373.33021      -   411 3495s
  7512  6543  379.18109  303 2210          -  373.33021      -   412 3550s
  7530  6548  381.16746  303  389          -  373.33021      -   415 3611s
  7541  6555  379.18281  304 2212          -  373.33021      -   417 3696s
  7552  6557  392.55112  304  703          -  373.33021      -   419 3776s
  7558  6581  379.18402  305 2145          -  373.33021      -   420 3925s
  7585  6586  380.89733  305  248          -  373.33021      -   421 4013s
  7599  6603  380.17685  306 1522          -  373.33021      -   422 4157s
  7636  6617  379.63150  306 2556          -  373.33021      -   422 4228s
  7669  6659  402.64425  308 1249          -  373.33021      -   424 4339s
  7740  6789  402.28865  318 1224          -  373.33021      -   426 4420s
  7955  6900  380.24502  319 1161          -  373.33021      -   427 4488s
  8158  6836  380.49913  342 1874          -  373.33021      -   439 4591s
  8162  6857  386.16677  342  574          -  373.33021      -   439 4693s
  8186  6891  380.50077  343 1533          -  373.33021      -   441 4881s
  8228  7200  382.02818  350 1954          -  373.33021      -   446 4956s
  8606  7131  384.88732  379 1560          -  373.33021      -   452 5059s
  8667  7551  385.04264  392 1542          -  373.33021      -   454 5127s
  9150  7797  385.23704  425 1608          -  373.60001      -   452 5194s
  9599  7715  388.87317  454 1670          -  373.60001      -   449 5289s
  9671  8224  389.39985  469 1446          -  373.60001      -   450 5364s
 10282  8855  394.56590  528 1108          -  373.60001      -   441 5555s
 11191  8600  469.95484  650  704          -  373.60001      -   426 5590s
 11253  9059  496.95688  666 1069          -  373.60001      -   426 5624s
 11758  8991  528.22491  739 1245          -  373.60001      -   415 5650s
 11920  9143  374.36314   19 5134          -  373.60001      -   413 5676s
 12154  9091  379.13141   51 4779          -  373.60001      -   411 5710s
 12184  9431  376.14852   51  925          -  373.60001      -   411 5740s
 12574  9427  406.86007  138 3065          -  373.60018      -   405 5771s
 12732  9434  470.54734  180  823          -  373.60018      -   404 5800s
 12799  9562 infeasible  182               -  373.64128      -   405 5832s
 13001  9539  380.19955   50 2592          -  373.64128      -   403 5867s
 13087  9808  377.61608   66 1361          -  373.64128      -   403 5904s
 13416  9735 infeasible  182               -  373.64128      -   401 5946s
 13480 10161  376.30354   28 4236          -  373.64128      -   401 5987s
 13949 10400  392.06317  168 1458          -  373.64128      -   396 6035s
 14386 10295  468.22241  436 1144          -  373.64128      -   389 6081s
 14427 10618  460.68534  436  953          -  373.64128      -   389 6126s
 14830 10526  382.29178   53 3583          -  373.68369      -   386 6204s
 14883 11218  383.19970   59 4055          -  373.73873      -   388 6255s
 15629 11039  402.55435  114 2802          -  373.73873      -   378 6301s
 15735 11075  465.92209  143  918          -  373.73873      -   379 6355s
 15825 11162  417.95285  145 2063          -  373.73873      -   380 6408s
 15963 11769  427.65108  161 2306          -  373.73873      -   378 6450s
 16739 11792  484.12477  312 1326          -  373.73984      -   369 6494s
 17069 11849  415.57718   97 1495          -  373.73984      -   368 6608s
 17252 12291  482.76813  248 1079          -  373.73984      -   365 6674s
 17767 12183  487.64563  397 1592          -  373.73984      -   357 6756s
 17833 12518  484.12353  435 1673          -  373.73984      -   358 6804s
 18307 12772  374.59448   26 1201          -  373.73984      -   357 6856s
 18750 12771  401.80366  225 2757          -  373.73984      -   354 6908s
 18918 13325  416.43947  348 2575          -  373.75615      -   353 6958s
 19611 13093  511.97108  542 1130          -  373.75615      -   347 7067s
 19634 13188  519.02128  546 1622          -  373.75615      -   348 7125s
 19743 13171 infeasible  373               -  373.75615      -   347 7200s

Cutting planes:
  Gomory: 1
  Cover: 1
  Implied bound: 20
  MIR: 4
  GUB cover: 17
  RLT: 28
  Relax-and-lift: 3

Explored 19770 nodes (6999442 simplex iterations) in 7200.01 seconds (8937.57 work units)
Thread count was 4 (of 8 available processors)

Solution count 0

Time limit reached
Best objective -, best bound 3.738000000000e+02, gap -
