
Gurobi 13.0.2 (linux64) logging started Thu Jul  9 22:26:46 2026

Set parameter LogFile to value "src/Resultados/Restriccion_solo_cliques/logs/R204-25.xml_log.log"
Set parameter Threads to value 4
Gurobi Optimizer version 13.0.2 build v13.0.2rc1 (linux64 - "Rocky Linux 9.7 (Blue Onyx)")

CPU model: QEMU Virtual CPU version 2.5+, instruction set [SSE2]
Thread count: 8 physical cores, 8 logical processors, using up to 4 threads

Non-default parameters:
TimeLimit  7200
Threads  4

Optimize a model with 130439 rows, 79515 columns and 714570 nonzeros (Min)
Model fingerprint: 0x7d4232d7
Model has 11940 linear objective coefficients
Variable types: 16755 continuous, 62760 integer (62745 binary)
Coefficient statistics:
  Matrix range     [1e+00, 2e+05]
  Objective range  [7e+00, 6e+01]
  Bounds range     [1e+00, 2e+03]
  RHS range        [1e+00, 2e+05]

Presolve removed 41200 rows and 120 columns (presolve time = 5s)...
Presolve removed 41200 rows and 120 columns
Presolve time: 7.11s
Presolved: 89239 rows, 79395 columns, 406980 nonzeros
Variable types: 375 continuous, 79020 integer (70590 binary)
Deterministic concurrent LP optimizer: primal and dual simplex
Showing primal log only...


Root simplex log...

Iteration    Objective       Primal Inf.    Dual Inf.      Time
       0    6.6110000e+02   1.695313e+03   1.515494e+10     15s
   11288    5.9539367e+02   3.935365e+02   1.098203e+10     15s
   19885    5.5606726e+02   2.064477e+02   8.464535e+09     20s
   26532    5.1198418e+02   8.789242e+01   3.769833e+09     25s
   32817    5.2759954e+02   1.043083e+01   3.164522e+09     30s
   37042    4.7301477e+02   6.443373e-01   2.905741e+08     35s
   42281    3.5678376e+02   0.000000e+00   4.468030e+04     40s
   44489    3.4360000e+02   0.000000e+00   0.000000e+00     43s
Concurrent spin time: 11.79s (can be avoided by choosing Method=3)

Solved with primal simplex

Root relaxation: objective 3.436000e+02, 44489 iterations, 42.37 seconds (21.83 work units)

    Nodes    |    Current Node    |     Objective Bounds      |     Work
 Expl Unexpl |  Obj  Depth IntInf | Incumbent    BestBd   Gap | It/Node Time

     0     0  343.60000    0 6466          -  343.60000      -     -   75s
     0     0  343.60000    0 6226          -  343.60000      -     -   75s
     0     0  343.60000    0 5634          -  343.60000      -     -  109s
     0     0  343.60000    0 5633          -  343.60000      -     -  109s
     0     0  343.60000    0 5070          -  343.60000      -     -  114s
     0     0  343.60000    0 5947          -  343.60000      -     -  139s
     0     0  343.60000    0 2089          -  343.60000      -     -  154s
     0     0  343.60000    0 2677          -  343.60000      -     -  158s
     0     0  343.60000    0 5746          -  343.60000      -     -  173s
     0     0  343.60000    0 5437          -  343.60000      -     -  213s
     0     0  343.60000    0 9092          -  343.60000      -     -  221s
     0     0  343.60000    0 13174          -  343.60000      -     -  233s
     0     0  343.60000    0 5731          -  343.60000      -     -  277s
     0     0  343.60000    0 10410          -  343.60000      -     -  297s
     0     0  343.60000    0 18906          -  343.60000      -     -  312s
     0     0  343.60000    0 18906          -  343.60000      -     -  312s
     0     0  343.60000    0 6036          -  343.60000      -     -  340s
     0     0  343.60000    0 10898          -  343.60000      -     -  352s
     0     0  343.60000    0 13911          -  343.60000      -     -  367s
     0     0  343.60000    0 5467          -  343.60000      -     -  392s
     0     0  343.60000    0 5467          -  343.60000      -     -  395s
     0     0  343.60000    0 5146          -  343.60000      -     -  447s
     0     2  343.60000    0 5146          -  343.60000      -     -  555s
     1     4  343.60000    1 11392          -  343.60000      -  2677  567s
     3     8  343.60000    2 13386          -  343.60000      -  2031  585s
     7    10  343.60000    3 13524          -  343.60000      -  2617  596s
    11    48  343.60000    4 13499          -  343.60000      -  2694  628s
    49   175  343.60000   13 12069          -  343.60000      -  1025  669s
   194   445  343.60000   72 9627          -  343.60000      -   501  727s
   464  1120  343.68977  182 9673          -  343.60000      -   391  781s
  1139  1621  343.72222  324 10412          -  343.60000      -   216  807s
  1645  2072  343.73772  412 8307          -  343.60000      -   166  828s
  2096  2463  343.74854  505 8858          -  343.60000      -   139  846s
  2487  2501  343.75196  537 9481          -  343.60000      -   123  860s
  2525  2596  343.75214  538 8319          -  343.60000      -   121  875s
  2620  2733  343.75214  539 8319          -  343.60000      -   118  891s
  2757  2880  343.75214  540 8321          -  343.60000      -   112  914s
  2904  2987  343.75214  541 8319          -  343.60000      -   107  933s
  3011  3173  343.75286  542 8333          -  343.60000      -   104  954s
  3197  3386  343.75286  543 9472          -  343.60000      -  99.5  974s
  3410  3625  343.75359  544 8313          -  343.60000      -  94.9  993s
  3649  3884  343.75964  588 9352          -  343.60000      -  91.9 1019s
  3908  4105  343.76873  638 10307          -  343.60000      -  89.0 1041s
  4130  4255  343.77800  701 10310          -  343.60000      -  87.7 1059s
  4281  4422  343.79360  776 11487          -  343.60000      -  89.5 1124s
  4452  4592  343.81415  878 10533          -  343.60000      -  88.3 1230s
  4622  4673  343.84228  991 13714          -  343.60000      -  87.4 1328s
  4703  4774  343.86283 1069 10700          -  343.60000      -  86.8 1439s
  4804  4949  343.87094 1167 7591          -  343.60000      -  86.3 1566s
  4979  5091  344.91602 1278 8831          -  343.60000      -  85.7 1649s
  5122  5092  343.60000   35 5146          -  343.60000      -  87.2 2085s
  5124  5093  357.70000  246 3978          -  343.71295      -  87.2 2209s
  5125  5094  357.70000  295 4398          -  343.72280      -  87.2 2257s
  5126  5095  370.60000  647 4461          -  349.62800      -  87.1 2297s
  5127  5095  349.62863   62 5438          -  349.62863      -  87.1 2347s
  5128  5096  364.10000  955 5036          -  349.65738      -  87.1 2387s
  5129  5097  365.90000  390 4826          -  349.65738      -  87.1 2450s
  5130  5097  362.10000 1647 5084          -  349.97515      -  87.1 2471s
  5131  5098  368.70000  506 5380          -  350.10258      -  87.1 2524s
  5132  5099  371.40000 1045 5340          -  350.11663      -  87.0 2540s
  5133  5099  353.50000  784 4908          -  350.18597      -  87.0 2573s
  5134  5100  351.61218  605 4542          -  351.61218      -  87.0 2609s
  5135  5101  351.65489  489 4993          -  351.65489      -  87.0 2654s
  5136  5101  356.40000  262 4199          -  352.41170      -  87.0 2686s
  5137  5102  365.60000  414 4194          -  352.52434      -  87.0 2715s
  5138  5103  353.07344   51 3307          -  353.07344      -  86.9 2743s
  5139  5103  353.08540  814 3528          -  353.08540      -  86.9 2778s
  5140  5104  376.30000 1278 3745          -  353.11427      -  86.9 2810s
  5141  5105  373.50000 1164 3930          -  353.27003      -  86.9 2833s
  5142  5105  365.90000 1205 3876          -  353.42474      -  86.9 2852s
  5143  5106  404.73002  806 4421          -  353.42611      -  86.8 2871s
  5144  5107  366.00000 1028 4774          -  353.45835      -  86.8 2885s
  5145  5107  361.50000  678 5022          -  353.50384      -  86.8 2913s
  5146  5108  367.50000 1091 5037          -  353.57471      -  86.8 2926s
  5147  5109  367.50000  527 4904          -  353.94347      -  86.8 2997s
  5148  5109  379.20000  824 4639          -  353.94347      -  86.8 3008s
  5149  5110  354.14657   26 5212          -  354.14657      -  86.7 3040s
  5150  5111  354.15513  888 5366          -  354.15513      -  86.7 3056s
  5151  5111  354.15548  565 5865          -  354.15548      -  86.7 3089s
  5152  5112  368.20000  518 5769          -  354.16197      -  86.7 3103s
  5153  5113  354.23643   23 6073          -  354.23643      -  86.7 3133s
  5154  5113  365.70000  426 6222          -  354.23758      -  86.7 3150s
  5155  5114  355.28523  201 4531          -  355.28523      -  86.6 3176s
  5156  5115  371.90000  414 4549          -  355.28523      -  86.6 3184s
  5157  5115  367.30000 1121 4433          -  355.58742      -  86.6 3209s
  5158  5116  355.87085  360 3695          -  355.87085      -  86.6 3219s
  5159  5117  367.90000 1076 3743          -  355.89724      -  86.6 3237s
  5160  5117  356.29903   26 4958          -  356.29903      -  86.6 3257s
  5161  5118  356.29903  153 4974          -  356.29903      -  86.5 3280s
  5162  5119  356.42908  144 3593          -  356.42908      -  86.5 3291s
  5163  5119  365.77747 1710 4615          -  356.57690      -  86.5 3340s
  5164  5120  357.90000  372 3537          -  356.57712      -  86.5 3353s
  5165  5121  356.58147  291 1849          -  356.58147      -  86.5 3391s
  5166  5121  356.58147  329 4330          -  356.58147      -  86.5 3406s
  5167  5122  360.20000  640 4905          -  356.58386      -  86.4 3439s
  5168  5123  364.10000  525 3455          -  356.62917      -  86.4 3449s
  5169  5123  356.62917 1025 3590          -  356.62917      -  86.4 3473s
  5170  5124  372.60000 1075 2830          -  356.85424      -  86.4 3487s
  5171  5125  356.85424  152 2367          -  356.85424      -  86.4 3508s
H 5171  4867                     571.0000000  356.85424  37.5%  86.4 3522s
  5172  4867  356.85424 1598 2980  571.00000  356.85424  37.5%  86.4 3529s
  5173  4868  364.20000 1032 5566  571.00000  356.89317  37.5%  86.3 3594s
  5174  4869  369.00000 1203 5669  571.00000  356.89317  37.5%  86.3 3609s
  5175  4869  404.73002  805 4717  571.00000  356.90010  37.5%  86.3 3635s
  5176  4870  360.60000  625 5019  571.00000  356.90562  37.5%  86.3 3645s
  5177  4871  356.92668   54 4360  571.00000  356.92668  37.5%  86.3 3673s
  5178  4871  356.92668  213 4127  571.00000  356.92668  37.5%  86.3 3682s
H 5178  4627                     569.7000000  356.93579  37.3%  86.3 3713s
H 5178  4395                     559.8000000  356.93579  36.2%  86.3 3730s
H 5178  4174                     557.2000000  356.93579  35.9%  86.3 3750s
  5179  4175  356.93579  146 3692  557.20000  356.93579  35.9%  86.2 3813s
H 5179  3965                     536.2000000  356.93579  33.4%  86.2 3813s
H 5179  3766                     535.2000000  356.93579  33.3%  86.2 3813s
  5180  3767  356.93579  113 4098  535.20000  356.93579  33.3%  86.2 3821s
  5181  3767  356.93579  564 3585  535.20000  356.93579  33.3%  86.2 3846s
  5182  3768  356.93579   54 3812  535.20000  356.93579  33.3%  86.2 3855s
  5183  3769  356.93579  222 2744  535.20000  356.93579  33.3%  86.2 3876s
  5184  3769  365.70000  510 2957  535.20000  356.93579  33.3%  86.2 3885s
  5185  3770  367.20000  477 2726  535.20000  356.93579  33.3%  86.1 3915s
  5186  3771  361.80000  398 2754  535.20000  356.93579  33.3%  86.1 3922s
  5187  3771  361.60000  708 3295  535.20000  356.93579  33.3%  86.1 3944s
  5190  3775  356.93579    9 5146  535.20000  356.93579  33.3%   255 3972s
H 5191  3587                     525.6000000  356.93579  32.1%   255 4067s
H 5191  3407                     512.8000000  356.93579  30.4%   255 4084s
  5192  3407  356.93579  242 4074  512.80000  356.93579  30.4%   255 4098s
  5193  3408  356.93579  840 4512  512.80000  356.93579  30.4%   255 4183s
H 5193  3238                     508.2000000  356.93579  29.8%   255 4197s
  5194  3239  373.60000 1115 4079  508.20000  356.94754  29.8%   255 4215s
  5195  3239  356.94754  770  884  508.20000  356.94754  29.8%   255 4289s
H 5195  3077                     504.0000000  356.94754  29.2%   255 4301s
  5196  3078  361.70000 1049 3982  504.00000  356.94754  29.2%   255 4315s
  5197  3079  356.94754  305 4053  504.00000  356.94754  29.2%   255 4352s
  5198  3079  357.00000  103 3849  504.00000  357.00000  29.2%   254 4374s
  5199  3080  357.00000  262 1180  504.00000  357.00000  29.2%   254 4424s
H 5199  2926                     477.8000000  357.00000  25.3%   254 4425s
  5200  2927  367.30000 1021 1808  477.80000  357.00000  25.3%   254 4440s
  5201  2927  370.80000 1060 2353  477.80000  357.00000  25.3%   254 4474s
  5202  2928  361.80000  922 3108  477.80000  357.00000  25.3%   254 4493s
H 5202  2781                     476.5000000  357.00000  25.1%   254 4544s
  5203  2782  363.00000  650 2067  476.50000  357.00000  25.1%   254 4567s
  5204  2782  369.80000  569 2211  476.50000  357.00000  25.1%   254 4605s
  5205  2783  357.60000  376 1082  476.50000  357.00000  25.1%   254 4651s
  5206  2784  357.00000   88 2867  476.50000  357.00000  25.1%   254 4674s
  5207  2784  364.90000  905  736  476.50000  357.00000  25.1%   254 4740s
  5208  2785  360.20000  228  810  476.50000  357.00000  25.1%   254 4755s
  5209  2786  357.00000  572  998  476.50000  357.00000  25.1%   254 4810s
  5210  2786  357.00000  208 1552  476.50000  357.00000  25.1%   254 4821s
  5211  2787  357.00000  437 1063  476.50000  357.00000  25.1%   254 4854s
  5214  2790  357.00000  329 5146  476.50000  357.00000  25.1%   321 4874s
  5216  2791  369.30000  538 8428  476.50000  357.00000  25.1%   321 5021s
  5217  2792  367.30000 1251 8237  476.50000  357.00000  25.1%   320 5050s
H 5217  2652                     472.9000000  357.00000  24.5%   320 5059s
  5218  2653  362.20000  460 6771  472.90000  357.00000  24.5%   320 5076s
  5219  2653  357.00000  637 1583  472.90000  357.00000  24.5%   320 5110s
  5220  2654  361.80000  403 3966  472.90000  357.00000  24.5%   320 5137s
  5221  2655  357.80000  284 1145  472.90000  357.00000  24.5%   320 5177s
  5222  2655  357.00000   35 1247  472.90000  357.00000  24.5%   320 5188s
  5223  2656  362.60000  506 1031  472.90000  357.00000  24.5%   320 5215s
  5224  2657  357.70000  246 1790  472.90000  357.00000  24.5%   320 5233s
  5225  2657  357.70000  295 2260  472.90000  357.00000  24.5%   320 5267s
  5226  2658  370.60000  647 2188  472.90000  357.00000  24.5%   320 5285s
  5227  2659  357.00000   62 2414  472.90000  357.00000  24.5%   320 5322s
  5228  2659  364.10000  955 3113  472.90000  357.00000  24.5%   320 5334s
  5229  2660  365.90000  390 1928  472.90000  357.00000  24.5%   320 5388s
  5230  2661  362.10000 1647 2754  472.90000  357.00000  24.5%   320 5408s
  5231  2661  368.70000  506 1272  472.90000  357.00000  24.5%   320 5442s
H 5231  2527                     465.1000000  357.00000  23.2%   320 5457s
  5232  2528  371.40000 1045 1640  465.10000  357.00000  23.2%   320 5460s
  5233  2529  357.00000  784  620  465.10000  357.00000  23.2%   319 5489s
  5234  2529  357.00000  605 1395  465.10000  357.00000  23.2%   319 5512s
  5235  2530  357.00000  489 2346  465.10000  357.00000  23.2%   319 5547s
  5236  2531  357.00000  262 2346  465.10000  357.00000  23.2%   319 5566s
  5237  2531  365.60000  414 2346  465.10000  357.00000  23.2%   319 5581s
  5238  2535  357.00000   37 2318  465.10000  357.00000  23.2%   378 5668s
  5240  2538  357.00000   38 2640  465.10000  357.00000  23.2%   380 5691s
  5244  2541  357.00000   39 2970  465.10000  357.00000  23.2%   382 5697s
  5248  2549  357.00000   40 3987  465.10000  357.00000  23.2%   382 5707s
  5257  2553  357.00000   42 3587  465.10000  357.00000  23.2%   384 5715s
  5266  2559  357.00000   43 3437  465.10000  357.00000  23.2%   385 5722s
  5275  2562  357.00000   44 2471  465.10000  357.00000  23.2%   386 5784s
  5281  2566  357.00000   45 2900  465.10000  357.00000  23.2%   387 5837s
  5287  2578  357.16460   45 5947  465.10000  357.00000  23.2%   389 5845s
  5301  2580  357.17954   46 5537  465.10000  357.00000  23.2%   390 5853s
  5308  2585  357.00000   47 3987  465.10000  357.00000  23.2%   390 5860s
  5317  2595  357.16452   47 6710  465.10000  357.00000  23.2%   391 5868s
  5330  2594  357.00000   48 3301  465.10000  357.00000  23.2%   392 5889s
  5334  2599  357.12443   48 5935  465.10000  357.00000  23.2%   393 5900s
  5342  2603  357.00000   49 4188  465.10000  357.00000  23.2%   394 5919s
  5349  2612  357.12346   49 5836  465.10000  357.00000  23.2%   396 5928s
H 5360  2493                     464.4000000  357.00000  23.1%   397 5938s
  5372  2495  357.00000   51 4390  464.40000  357.00000  23.1%   399 5950s
  5378  2505  357.00000   52 4143  464.40000  357.00000  23.1%   400 5956s
  5390  2513  357.00000   53 4477  464.40000  357.00000  23.1%   402 5962s
  5402  2533  357.00000   54 3657  464.40000  357.00000  23.1%   403 5968s
  5428  2553  357.14080   55 5355  464.40000  357.00000  23.1%   403 5977s
  5458  2553  357.03124   57 5112  464.40000  357.00000  23.1%   404 5985s
  5468  2569  357.03290   58 5024  464.40000  357.00000  23.1%   405 5995s
  5490  2584  358.53442   60 6096  464.40000  357.00000  23.1%   406 6004s
  5514  2580  357.34715   63 5838  464.40000  357.00000  23.1%   408 6013s
  5518  2583  362.94967   63 7135  464.40000  357.00000  23.1%   408 6046s
  5522  2585  357.34715   64 4634  464.40000  357.00000  23.1%   408 6056s
  5526  2588  362.92184   64 5728  464.40000  357.00000  23.1%   409 6065s
  5530  2592  357.34715   65 4528  464.40000  357.00000  23.1%   409 6081s
  5535  2596  361.88595   65 6644  464.40000  357.00000  23.1%   411 6135s
  5541  2602  357.34715   66 4889  464.40000  357.00000  23.1%   412 6151s
  5549  2606  357.34715   67 4784  464.40000  357.00000  23.1%   413 6161s
  5558  2607  357.34715   68 4177  464.40000  357.00000  23.1%   414 6202s
  5562  2616  357.34715   68 5274  464.40000  357.00000  23.1%   416 6266s
  5572  2628  357.68857   70 7458  464.40000  357.00000  23.1%   417 6283s
  5587  2634  357.69313   73 5655  464.40000  357.00000  23.1%   419 6299s
  5598  2657  357.69313   74 5657  464.40000  357.00000  23.1%   420 6309s
  5629  2659  361.12928   77 6928  464.40000  357.00000  23.1%   422 6327s
  5652  2680  357.70661   79 6000  464.40000  357.00000  23.1%   423 6367s
  5685  2683  357.71864   82 6964  464.40000  357.00000  23.1%   426 6380s
  5699  2734  357.71905   83 6958  464.40000  357.00000  23.1%   427 6394s
  5755  2741  357.73347   86 5995  464.40000  357.00000  23.1%   427 6409s
  5780  2780  357.90680   90 6710  464.40000  357.00000  23.1%   429 6424s
  5830  2773  357.90680   95 5976  464.40000  357.00000  23.1%   431 6459s
  5839  2811  357.90680   96 5604  464.40000  357.00000  23.1%   432 6478s
  5896  2799  357.93087  100 5465  464.40000  357.00000  23.1%   434 6495s
  5905  2816  357.93087  101 5463  464.40000  357.00000  23.1%   436 6514s
  5919  2811  357.00217   63 4482  464.40000  357.00000  23.1%   437 6515s
  5925  2822  357.93100  103 6088  464.40000  357.00000  23.1%   437 6556s
  5938  2866  357.93100  105 6084  464.40000  357.00000  23.1%   439 6580s
  5986  2863  357.94806  111 6224  464.40000  357.00000  23.1%   443 6605s
  5999  2895  358.88128  112 6647  464.40000  357.00000  23.1%   444 6628s
  6036  2899  358.90603  116 10666  464.40000  357.00000  23.1%   449 6663s
  6052  2926  358.90752  117 11640  464.40000  357.00000  23.1%   453 6689s
  6084  2931  358.90752  119 11631  464.40000  357.00000  23.1%   459 6724s
  6100  2968  358.90754  120 11630  464.40000  357.00000  23.1%   461 6749s
  6142  2961  358.90981  123 11014  464.40000  357.00000  23.1%   466 6783s
H 6149  2841                     460.6000000  357.00000  22.5%   466 6818s
H 6150  2726                     458.1000000  357.00000  22.1%   466 6818s
  6153  2740  367.02213  124 7323  458.10000  357.00000  22.1%   466 6845s
  6168  2758  358.91467  126 11615  458.10000  357.00000  22.1%   470 6878s
  6191  2798  361.68991  128 12109  458.10000  357.00000  22.1%   473 6910s
  6241  2800  359.26136  135 8535  458.10000  357.00000  22.1%   477 6959s
  6259  2860  359.26687  136 8535  458.10000  357.00000  22.1%   480 6996s
  6325  2851  359.45849  141 6406  458.10000  357.00000  22.1%   485 7041s
  6338  2869  359.45849  143 6394  458.10000  357.00000  22.1%   486 7085s
H 6343  2759                     457.7000000  357.00000  22.0%   487 7085s
  6361  2777  359.45849  146 6381  457.70000  357.00000  22.0%   490 7120s
  6391  2775  361.03957  148 4315  457.70000  357.00000  22.0%   496 7182s
  6399  2778  359.45849  149 5773  457.70000  357.00000  22.0%   499 7200s

Cutting planes:
  Gomory: 7
  Cover: 61
  Implied bound: 18
  Projected implied bound: 7
  Clique: 56
  MIR: 48
  StrongCG: 2
  Flow cover: 140
  GUB cover: 26
  Zero half: 14
  RLT: 63
  Relax-and-lift: 5

Explored 6405 nodes (3470947 simplex iterations) in 7200.70 seconds (6255.48 work units)
Thread count was 4 (of 8 available processors)

Solution count 10: 457.7 458.1 460.6 ... 508.2

Time limit reached
Best objective 4.577000000000e+02, best bound 3.570000000000e+02, gap 22.0013%
