
Gurobi 13.0.2 (linux64) logging started Fri Jul 10 02:29:51 2026

Set parameter LogFile to value "src/Resultados/Restriccion_solo_cliques/logs/R205-25.xml_log.log"
Set parameter Threads to value 4
Gurobi Optimizer version 13.0.2 build v13.0.2rc1 (linux64 - "Rocky Linux 9.7 (Blue Onyx)")

CPU model: QEMU Virtual CPU version 2.5+, instruction set [SSE2]
Thread count: 8 physical cores, 8 logical processors, using up to 4 threads

Non-default parameters:
TimeLimit  7200
Threads  4

Optimize a model with 123270 rows, 74370 columns and 633960 nonzeros (Min)
Model fingerprint: 0x0b8c7594
Model has 9435 linear objective coefficients
Variable types: 16095 continuous, 58275 integer (58260 binary)
Coefficient statistics:
  Matrix range     [1e+00, 2e+05]
  Objective range  [7e+00, 6e+01]
  Bounds range     [1e+00, 2e+03]
  RHS range        [1e+00, 2e+05]

Presolve removed 39385 rows and 120 columns
Presolve time: 4.63s
Presolved: 83885 rows, 74250 columns, 373530 nonzeros
Variable types: 375 continuous, 73875 integer (65445 binary)
Deterministic concurrent LP optimizer: primal and dual simplex
Showing primal log only...


Root simplex log...

Iteration    Objective       Primal Inf.    Dual Inf.      Time
       0    7.7610000e+02   2.039488e+03   2.259183e+10     12s
   18030    5.1233996e+02   1.862676e+02   2.308032e+10     15s
   23972    5.2676544e+02   1.041948e+02   9.770132e+09     20s
   28099    5.0262682e+02   2.041420e+01   1.937202e+10     25s
   31894    5.0065035e+02   2.575990e+00   5.259002e+08     30s
   36186    4.4129923e+02   0.000000e+00   4.302942e+03     35s
   41631    3.7477651e+02   0.000000e+00   1.561328e+02     40s
   44758    3.7470000e+02   4.432274e-02   0.000000e+00     45s
   45275    3.7470000e+02   0.000000e+00   0.000000e+00     47s
Concurrent spin time: 9.84s (can be avoided by choosing Method=3)

Solved with primal simplex

Root relaxation: objective 3.747000e+02, 45275 iterations, 47.37 seconds (23.48 work units)

    Nodes    |    Current Node    |     Objective Bounds      |     Work
 Expl Unexpl |  Obj  Depth IntInf | Incumbent    BestBd   Gap | It/Node Time

     0     0  374.70000    0 3036          -  374.70000      -     -   82s
     0     0  374.70000    0 3038          -  374.70000      -     -   82s
     0     0  374.70000    0 3848          -  374.70000      -     -  120s
     0     0  374.70000    0 3848          -  374.70000      -     -  122s
     0     0  374.70000    0 4714          -  374.70000      -     -  144s
     0     0  374.70000    0 4176          -  374.70000      -     -  146s
     0     0  374.70000    0 1698          -  374.70000      -     -  195s
     0     0  374.70000    0 1320          -  374.70000      -     -  223s
     0     0  374.70000    0 11628          -  374.70000      -     -  272s
     0     0  374.70000    0 11628          -  374.70000      -     -  272s
     0     0  374.70000    0 3089          -  374.70000      -     -  315s
     0     0  374.70000    0 3260          -  374.70000      -     -  318s
     0     0  374.70000    0 7754          -  374.70000      -     -  336s
     0     0  374.70000    0 2707          -  374.70000      -     -  363s
     0     0  374.70000    0 2789          -  374.70000      -     -  370s
     0     0  374.70000    0 6964          -  374.70000      -     -  382s
     0     0  374.70000    0 6964          -  374.70000      -     -  382s
     0     0  374.70000    0 2883          -  374.70000      -     -  436s
     0     0  374.70000    0 3100          -  374.70000      -     -  442s
     0     0  374.70000    0 7469          -  374.70000      -     -  457s
     0     0  374.70000    0 7469          -  374.70000      -     -  457s
     0     0  374.70000    0 5113          -  374.70000      -     -  494s
     0     0  374.70000    0 5116          -  374.70000      -     -  497s
     0     0  374.70000    0 3991          -  374.70000      -     -  549s
     0     2  374.70000    0 3235          -  374.70000      -     -  604s
     1     4  374.70000    1 3210          -  374.70000      -   1.0  620s
     3     8  374.70000    2 3477          -  374.70000      -   729  631s
     7    12  374.70000    3 4427          -  374.70000      -   897  637s
    11    27  374.70000    4 3543          -  374.70000      -   801  665s
    26    78  374.70000    7 3664          -  374.70000      -   418  684s
    77   132  374.70000   13 3737          -  374.70000      -   368  715s
   131   274  374.70000   20 7514          -  374.70000      -   593  744s
   273   311  374.70026   33 7347          -  374.70000      -   546  775s
   312   596  374.70553   42 14875          -  374.70000      -   756  806s
   597   810  375.68188   60 13117          -  374.70000      -   492  828s
   811  1026  375.90087   77 12417          -  374.70000      -   398  845s
  1027  1030  376.58922   96 10349          -  374.70000      -   337  862s
  1031  1034  376.59062   97 10344          -  374.70000      -   336  884s
  1035  1040  376.59380   98 10344          -  374.70000      -   335  901s
  1041  1145  376.61244   99 10343          -  374.70000      -   334  920s
  1146  1367  376.64210  100 10345          -  374.70000      -   313  939s
  1373  1587  376.79670  124 12260          -  374.70000      -   275  956s
  1593  1799  377.11587  168 13912          -  374.70000      -   248  972s
  1805  1931  377.54661  187 14343          -  374.70000      -   228  991s
  1937  2071  377.58910  201 10541          -  374.70000      -   220 1007s
  2077  2249  377.93991  225 12405          -  374.70000      -   212 1022s
  2255  2365  378.25552  248 13387          -  374.70000      -   201 1036s
  2371  2447  378.51338  277 13843          -  374.70000      -   198 1073s
  2453  2496  378.51338  278 14734          -  374.70000      -   196 1169s
  2502  2562  378.51966  279 14811          -  374.70000      -   194 1242s
  2568  2642  378.56335  280 12647          -  374.70000      -   191 1361s
  2648  2698  378.57464  281 12651          -  374.70000      -   187 1451s
  2704  2763  378.57483  282 12667          -  374.70000      -   186 1526s
  2769  2828  378.57556  283 14299          -  374.70000      -   184 1607s
  2834  2894  378.57556  284 12421          -  374.70000      -   185 1670s
  2900  2993  378.57556  285 11752          -  374.70000      -   186 1711s
  2999  3220  379.11108  326 12313          -  374.70000      -   187 1734s
  3230  3365  379.91652  364 14524          -  374.70000      -   182 1753s
  3384  3717  425.75965  417 8318          -  374.70000      -   184 1789s
  3736  4133  431.51043  513 6946          -  374.70000      -   173 1827s
  4166  4463  374.70000   20 7152          -  374.70000      -   163 1861s
  4513  4464  383.00000  145 3991          -  374.70000      -   157 2352s
  4515  4465  419.90000 1022 4255          -  374.77308      -   157 2484s
  4516  4466  379.24697   40 4208          -  378.66202      -   157 2533s
  4517  4467  385.62127   16 3562          -  385.62127      -   157 2564s
  4518  4467  390.10000  227 3167          -  386.46405      -   157 2637s
  4519  4468  406.60000 1094 4185          -  386.78713      -   157 2667s
  4520  4469  394.70000  171 4120          -  386.78836      -   157 2740s
  4521  4469  393.20000  189 4004          -  387.20749      -   156 2771s
  4522  4470  391.40000 1071 3983          -  387.20749      -   156 2815s
  4523  4471  390.10000  180 3496          -  387.22461      -   156 2829s
  4524  4471  387.22461   15 4025          -  387.22461      -   156 2882s
  4525  4472  394.90000  424 3864          -  387.23869      -   156 2906s
  4526  4473  392.44004 1168 3246          -  387.23869      -   156 3026s
  4527  4473  396.20000  429 2975          -  387.23869      -   156 3038s
  4528  4474  387.23869  103 3112          -  387.23869      -   156 3064s
  4529  4475  387.23869   58 3723          -  387.23869      -   156 3073s
  4530  4475  387.23869   57 2092          -  387.23869      -   156 3125s
  4531  4476  387.26682  253 2832          -  387.26682      -   156 3150s
  4532  4477  402.30000  291 3808          -  387.28816      -   156 3192s
  4533  4477  387.34594  457 3516          -  387.34594      -   156 3211s
  4534  4478  387.35732    6 3784          -  387.35732      -   156 3244s
  4535  4479  402.30000  323 3792          -  387.36000      -   156 3256s
  4536  4479  398.90000  340 3486          -  387.37647      -   156 3309s
  4537  4480  400.20000  183 4589          -  387.37647      -   156 3323s
  4538  4481  392.50000  530 4564          -  387.37647      -   156 3364s
  4539  4481  393.10000  247 5330          -  387.37647      -   156 3388s
  4540  4482  390.10000  267 6683          -  387.46149      -   156 3468s
H 4540  4257                     590.6000000  387.64674  34.4%   156 3471s
H 4540  4044                     589.8000000  387.64674  34.3%   156 3471s
H 4540  3841                     586.0000000  387.64674  33.8%   156 3471s
  4541  3842  407.40000  461 6257  586.00000  387.64674  33.8%   156 3481s
  4542  3842  395.80000  154 6409  586.00000  387.64674  33.8%   156 3524s
H 4542  3649                     574.5000000  387.64674  32.5%   156 3524s
  4543  3650  404.50000  309 6319  574.50000  387.64674  32.5%   156 3533s
  4544  3651  387.69802    6 6140  574.50000  387.69802  32.5%   156 3583s
  4545  3651  392.30000  264 6153  574.50000  387.72151  32.5%   156 3596s
  4546  3652  390.30000  286 1978  574.50000  388.47949  32.4%   156 3657s
  4547  3653  392.20000  232 7389  574.50000  388.51943  32.4%   156 3682s
  4548  3653  389.60000  686 1493  574.50000  389.00000  32.3%   156 3717s
H 4548  3470                     566.0000000  389.00000  31.3%   156 3717s
H 4548  3296                     564.4000000  389.00000  31.1%   156 3717s
H 4548  3131                     560.5000000  389.00000  30.6%   156 3717s
H 4548  2973                     547.2000000  389.00000  28.9%   156 3717s
  4549  2974  396.00000  905 1139  547.20000  389.00000  28.9%   156 3723s
  4550  2975  403.69171  564  733  547.20000  389.00000  28.9%   155 3759s
  4551  2975  392.80000  162 1764  547.20000  389.00000  28.9%   155 3768s
  4552  2976  389.00000   22 1377  547.20000  389.00000  28.9%   155 3863s
H 4552  2827                     547.1000000  389.00000  28.9%   155 3864s
H 4552  2685                     525.7000000  389.00000  26.0%   155 3864s
  4553  2686  389.00000  354 2034  525.70000  389.00000  26.0%   155 3868s
  4554  2686  396.40000  572 2063  525.70000  389.00000  26.0%   155 3910s
  4555  2687  404.07762  601 2186  525.70000  389.00000  26.0%   155 3915s
  4556  2688  389.00000   68 1927  525.70000  389.00000  26.0%   155 3966s
  4559  2691  396.40000  148 3991  525.70000  389.00000  26.0%   313 4006s
H 4560  2557                     524.8000000  389.00000  25.9%   313 4136s
H 4560  2429                     523.9000000  389.00000  25.7%   313 4170s
H 4560  2308                     523.0000000  389.00000  25.6%   313 4170s
  4561  2308  395.30000  293 9649  523.00000  389.00000  25.6%   313 4183s
  4562  2309  389.00000   67 6937  523.00000  389.00000  25.6%   313 4239s
  4563  2310  402.60000  273 6845  523.00000  389.00000  25.6%   313 4271s
H 4563  2194                     520.4000000  389.00000  25.2%   313 4284s
H 4563  2084                     519.5000000  389.00000  25.1%   313 4284s
  4564  2084  389.00000   55 6886  519.50000  389.00000  25.1%   313 4307s
  4565  2085  393.10000  222 6484  519.50000  389.00000  25.1%   313 4323s
  4566  2086  428.22002  464 5277  519.50000  389.00000  25.1%   313 4355s
  4567  2086  397.60000  326 5559  519.50000  389.00000  25.1%   313 4374s
  4568  2087  399.10000  545 5922  519.50000  389.00000  25.1%   313 4421s
  4569  2088  393.10000  586 5711  519.50000  389.00000  25.1%   313 4442s
  4570  2088  389.00000   36 4887  519.50000  389.00000  25.1%   312 4490s
H 4570  1984                     497.9000000  389.00000  21.9%   312 4497s
H 4570  1884                     492.6000000  389.00000  21.0%   312 4497s
H 4570  1790                     490.3000000  389.00000  20.7%   312 4497s
H 4570  1700                     485.7000000  389.00000  19.9%   312 4497s
  4571  1701  396.50000  165 3829  485.70000  389.00000  19.9%   312 4509s
H 4571  1616                     451.5000000  389.00000  13.8%   312 4519s
H 4571  1535                     435.4000000  389.00000  10.7%   312 4567s
  4572  1536  403.73799  895 2006  435.40000  389.00000  10.7%   312 4590s
  4573  1536  404.50000  372 2475  435.40000  389.00000  10.7%   312 4612s
  4574  1537  414.50000 1086 1750  435.40000  389.00000  10.7%   312 4661s
  4575  1538  389.00000  436 2026  435.40000  389.00000  10.7%   312 4707s
  4576  1538  389.00000  157 2124  435.40000  389.00000  10.7%   312 4805s
  4577  1539  433.00000  744 2985  435.40000  389.00000  10.7%   312 4838s
  4578  1540  432.51893  520 2225  435.40000  389.00000  10.7%   312 4893s
  4579  1540  390.70000  198 2212  435.40000  389.00000  10.7%   312 4901s
  4580  1541  403.85539  974 2188  435.40000  389.00000  10.7%   312 4942s
  4581  1542  435.40000  530 2124  435.40000  389.00000  10.7%   312 4952s
  4582  1542  390.20000  177 2311  435.40000  389.00000  10.7%   312 5009s
  4583  1543  389.00000  120 1857  435.40000  389.00000  10.7%   312 5067s
  4584  1544  421.60000  353 1857  435.40000  389.00000  10.7%   312 5081s
  4585  1547  389.00000   29 3106  435.40000  389.00000  10.7%   398 5128s
  4587  1550  389.00000   30 2286  435.40000  389.00000  10.7%   398 5145s
  4591  1552  389.00000   31 2056  435.40000  389.00000  10.7%   400 5154s
  4595  1558  389.00000   32 1903  435.40000  389.00000  10.7%   401 5171s
  4602  1561  389.00000   33 1953  435.40000  389.00000  10.7%   406 5181s
  4613  1563  390.37580   33 1892  435.40000  389.00000  10.7%   408 5191s
  4621  1562  392.41165   34 4651  435.40000  389.00000  10.7%   411 5202s
  4629  1569  389.00000   34 1759  435.40000  389.00000  10.7%   413 5216s
  4638  1575  389.00000   35 2489  435.40000  389.00000  10.7%   413 5224s
  4647  1581  389.59943   35 3909  435.40000  389.00000  10.7%   414 5230s
  4656  1585  391.18985   36 4260  435.40000  389.00000  10.7%   415 5235s
  4663  1588  389.00000   36 2642  435.40000  389.00000  10.7%   416 5242s
  4669  1592  389.00000   37 2459  435.40000  389.00000  10.7%   416 5249s
  4675  1597  390.43932   37 6999  435.40000  389.00000  10.7%   418 5255s
  4682  1602  389.00000   38 2065  435.40000  389.00000  10.7%   420 5261s
  4689  1606  390.43932   38 7129  435.40000  389.00000  10.7%   421 5268s
  4695  1609  389.00000   39 2227  435.40000  389.00000  10.7%   422 5275s
  4700  1612  390.43932   39 7618  435.40000  389.00000  10.7%   423 5282s
  4707  1615  389.00000   40 3012  435.40000  389.00000  10.7%   424 5289s
  4712  1618  390.44268   40 6450  435.40000  389.00000  10.7%   427 5296s
  4717  1622  389.00000   41 3414  435.40000  389.00000  10.7%   428 5304s
  4723  1629  390.43932   41 5514  435.40000  389.00000  10.7%   429 5316s
  4732  1635  389.00000   42 2989  435.40000  389.00000  10.7%   429 5325s
  4741  1637  389.59943   42 4508  435.40000  389.00000  10.7%   429 5336s
  4746  1643  389.00000   43 3548  435.40000  389.00000  10.7%   430 5349s
  4753  1647  391.07254   43 6578  435.40000  389.00000  10.7%   431 5366s
  4760  1651  389.00000   44 3947  435.40000  389.00000  10.7%   431 5379s
  4766  1657  390.43906   44 7468  435.40000  389.00000  10.7%   432 5390s
  4774  1663  389.00000   45 3885  435.40000  389.00000  10.7%   433 5405s
  4783  1666  390.43932   45 7073  435.40000  389.00000  10.7%   433 5427s
  4789  1669  389.00000   46 3558  435.40000  389.00000  10.7%   434 5452s
  4794  1678  390.43932   46 6134  435.40000  389.00000  10.7%   434 5465s
  4804  1693  389.00000   47 3723  435.40000  389.00000  10.7%   435 5474s
  4823  1707  390.99961   47 6465  435.40000  389.00000  10.7%   437 5489s
  4843  1709  389.01485   49 3784  435.40000  389.00000  10.7%   439 5506s
  4852  1724  389.01485   50 3860  435.40000  389.00000  10.7%   439 5530s
  4871  1743  389.96987   50 6463  435.40000  389.00000  10.7%   441 5543s
  4898  1764  392.18384   52 5728  435.40000  389.00000  10.7%   443 5554s
  4932  1767  400.17659   54 7167  435.40000  389.00000  10.7%   445 5568s
  4950  1787  389.36825   56 4897  435.40000  389.00000  10.7%   447 5582s
  4977  1799  392.79900   59 5941  435.40000  389.00000  10.7%   450 5626s
  4998  1795  389.46078   61 6213  435.40000  389.00000  10.7%   452 5683s
  5003  1813  395.99292   61 4394  435.40000  389.00000  10.7%   454 5702s
  5031  1833  389.46078   62 5124  435.40000  389.00000  10.7%   454 5774s
  5062  1831  389.46078   65 5251  435.40000  389.00000  10.7%   456 5791s
  5073  1841  393.58407   65 4825  435.40000  389.00000  10.7%   457 5810s
  5086  1852  389.46078   66 5802  435.40000  389.00000  10.7%   458 5828s
  5102  1869  389.48987   66 4706  435.40000  389.00000  10.7%   460 5845s
  5124  1888  389.46078   67 6396  435.40000  389.00000  10.7%   461 5864s
  5150  1905  394.79378   67 6515  435.40000  389.00000  10.7%   464 5886s
  5176  1925  389.46078   68 6395  435.40000  389.00000  10.7%   466 5906s
  5207  1945  389.48987   68 6579  435.40000  389.00000  10.7%   469 5942s
  5249  1956  389.46078   69 6235  435.40000  389.00000  10.7%   471 6045s
  5277  1950  389.91124   69 7746  435.40000  389.00000  10.7%   473 6095s
  5282  1974  389.46078   70 6243  435.40000  389.00000  10.7%   473 6193s
  5313  1988  391.47600   76 9432  435.40000  389.00000  10.7%   475 6241s
  5347  2005  391.47774   79 9434  435.40000  389.00000  10.7%   478 6322s
  5378  2027  391.47827   81 9430  435.40000  389.00000  10.7%   480 6358s
  5420  2055  392.99963   86 7944  435.40000  389.00000  10.7%   483 6406s
  5463  2077  395.06135   95 8128  435.40000  389.00000  10.7%   487 6455s
  5500  2114  396.32166  102 8607  435.40000  389.00000  10.7%   492 6500s
  5550  2153  396.33845  113 8327  435.40000  389.00000  10.7%   495 6544s
  5605  2138  396.98710  123 5625  435.40000  389.00000  10.7%   499 6639s
  5609  2139  423.53252  123 10131  435.40000  389.00000  10.7%   499 6719s
  5613  2139  396.98710  124 5475  435.40000  389.00000  10.7%   499 7200s

Cutting planes:
  Gomory: 6
  Cover: 74
  Implied bound: 66
  Projected implied bound: 8
  Clique: 39
  MIR: 77
  StrongCG: 22
  Flow cover: 121
  GUB cover: 20
  Zero half: 8
  RLT: 76
  Relax-and-lift: 8

Explored 5619 nodes (3093272 simplex iterations) in 7200.50 seconds (5863.28 work units)
Thread count was 4 (of 8 available processors)

Solution count 10: 435.4 435.4 451.5 ... 523

Time limit reached
Best objective 4.354000000000e+02, best bound 3.890000000000e+02, gap 10.6569%
