
Gurobi 13.0.2 (linux64) logging started Fri Jul 10 22:45:38 2026

Set parameter LogFile to value "src/Resultados/Restriccion_solo_cliques/logs/R210-25.xml_log.log"
Set parameter Threads to value 4
Gurobi Optimizer version 13.0.2 build v13.0.2rc1 (linux64 - "Rocky Linux 9.7 (Blue Onyx)")

CPU model: QEMU Virtual CPU version 2.5+, instruction set [SSE2]
Thread count: 8 physical cores, 8 logical processors, using up to 4 threads

Non-default parameters:
TimeLimit  7200
Threads  4

Optimize a model with 128601 rows, 78045 columns and 685815 nonzeros (Min)
Model fingerprint: 0x0f28111b
Model has 10950 linear objective coefficients
Variable types: 16635 continuous, 61410 integer (61395 binary)
Coefficient statistics:
  Matrix range     [1e+00, 2e+05]
  Objective range  [7e+00, 6e+01]
  Bounds range     [1e+00, 2e+03]
  RHS range        [1e+00, 2e+05]

Presolve removed 40283 rows and 105 columns (presolve time = 5s)...
Presolve removed 40990 rows and 120 columns (presolve time = 10s)...
Presolve removed 40990 rows and 120 columns
Presolve time: 10.61s
Presolved: 87611 rows, 77925 columns, 395850 nonzeros
Variable types: 375 continuous, 77550 integer (69120 binary)
Deterministic concurrent LP optimizer: primal and dual simplex
Showing primal log only...


Root simplex log...

Iteration    Objective       Primal Inf.    Dual Inf.      Time
       0    7.9200000e+02   1.917656e+03   2.135213e+10     21s
   20939    5.4291439e+02   1.842193e+02   2.645879e+09     25s
   26154    4.7140946e+02   1.022520e+02   1.680482e+09     30s
   30355    4.5927214e+02   6.890277e+01   4.050510e+10     35s
   35059    4.6260910e+02   2.662518e+01   3.717452e+09     40s
   40990    4.7481916e+02   5.071391e+00   2.971745e+09     45s
   45526    4.8870517e+02   2.305372e-02   6.890359e+07     50s
   51070    3.5841684e+02   0.000000e+00   1.645593e+01     55s
   54729    3.5450000e+02   1.390705e+01   0.000000e+00     60s
   57380    3.5450000e+02   0.000000e+00   0.000000e+00     65s
Concurrent spin time: 13.88s (can be avoided by choosing Method=3)

Solved with primal simplex

Root relaxation: objective 3.545000e+02, 57380 iterations, 62.65 seconds (33.59 work units)

    Nodes    |    Current Node    |     Objective Bounds      |     Work
 Expl Unexpl |  Obj  Depth IntInf | Incumbent    BestBd   Gap | It/Node Time

     0     0  354.50000    0 3819          -  354.50000      -     -  100s
     0     0  354.50000    0 3910          -  354.50000      -     -  101s
     0     0  354.50000    0 3910          -  354.50000      -     -  103s
     0     0  354.50000    0 6334          -  354.50000      -     -  137s
     0     0  354.50000    0 6739          -  354.50000      -     -  147s
     0     0  354.50000    0 8298          -  354.50000      -     -  182s
     0     0  354.50000    0 2619          -  354.50000      -     -  219s
     0     0  354.50000    0 2826          -  354.50000      -     -  235s
     0     0  354.50000    0 4431          -  354.50000      -     -  268s
     0     0  354.50000    0 4431          -  354.50000      -     -  298s
     0     0  354.50000    0 4431          -  354.50000      -     -  301s
     0     0  354.50000    0 5636          -  354.50000      -     -  317s
     0     0  354.50000    0 2336          -  354.50000      -     -  343s
     0     0  354.50000    0 3600          -  354.50000      -     -  350s
     0     0  354.61055    0 5959          -  354.61055      -     -  368s
     0     0  354.61055    0 5959          -  354.61055      -     -  368s
     0     0  354.61055    0 5055          -  354.61055      -     -  402s
     0     0  354.71014    0 5055          -  354.71014      -     -  405s
     0     0  355.30017    0 12083          -  355.30017      -     -  416s
     0     0  355.30017    0 12045          -  355.30017      -     -  419s
     0     0  355.30017    0 16402          -  355.30017      -     -  433s
     0     0  355.30017    0 18577          -  355.30017      -     -  438s
     0     0  355.38321    0 16717          -  355.38321      -     -  449s
     0     0  355.38321    0 6329          -  355.38321      -     -  490s
     0     0  355.76035    0 9714          -  355.76035      -     -  509s
     0     0  355.76035    0 8632          -  355.76035      -     -  512s
     0     0  355.76035    0 8642          -  355.76035      -     -  512s
     0     0  359.09725    0 11804          -  359.09725      -     -  519s
     0     0  359.09725    0 11714          -  359.09725      -     -  524s
     0     0  359.09725    0 12340          -  359.09725      -     -  546s
     0     0  359.09725    0 14695          -  359.09725      -     -  560s
     0     0  359.70000    0 12287          -  359.70000      -     -  579s
     0     0  359.70000    0 10781          -  359.70000      -     -  610s
     0     0  359.70000    0 9977          -  359.70000      -     -  615s
     0     0  359.70000    0 7317          -  359.70000      -     -  616s
     0     0  359.70000    0 10349          -  359.70000      -     -  623s
     0     0  359.70000    0 10401          -  359.70000      -     -  627s
     0     0  359.70000    0 13054          -  359.70000      -     -  639s
     0     0  359.70000    0 4911          -  359.70000      -     -  674s
     0     0  359.70000    0 8162          -  359.70000      -     -  679s
     0     0  359.70000    0 10087          -  359.70000      -     -  686s
     0     0  359.70000    0 10087          -  359.70000      -     -  721s
     0     0  359.70000    0 8822          -  359.70000      -     -  727s
     0     0  359.70000    0 8820          -  359.70000      -     -  727s
     0     0  359.75491    0 9648          -  359.75491      -     -  735s
     0     0  359.75491    0 9646          -  359.75491      -     -  736s
     0     0  359.75491    0 7385          -  359.75491      -     -  774s
     0     0  359.78949    0 5185          -  359.78949      -     -  782s
     0     0  359.78949    0 5170          -  359.78949      -     -  783s
     0     0  359.89452    0 6020          -  359.89452      -     -  785s
     0     0  359.89452    0 6022          -  359.89452      -     -  785s
     0     0  359.94012    0 3989          -  359.94012      -     -  791s
     0     0  359.94012    0 4737          -  359.94012      -     -  798s
     0     0  359.98777    0 5539          -  359.98777      -     -  804s
     0     0  359.99068    0 5895          -  359.99068      -     -  809s
     0     0  359.99068    0 6396          -  359.99068      -     -  809s
     0     0  360.09210    0 5991          -  360.09210      -     -  815s
     0     0  360.09210    0 5469          -  360.09210      -     -  820s
     0     0  360.09330    0 6443          -  360.09330      -     -  834s
     0     0  360.09330    0 6775          -  360.09330      -     -  838s
     0     0  360.09330    0 6844          -  360.09330      -     -  847s
     0     0  360.09330    0 6844          -  360.09330      -     -  848s
     0     0  360.09330    0 4240          -  360.09330      -     -  865s
     0     2  360.09330    0 3598          -  360.09330      -     -  888s
     1     4  360.09330    1 5361          -  360.09330      -  1470  891s
     3     8  360.09330    2 4076          -  360.09330      -  1356  899s
     7    12  360.09330    3 5675          -  360.09330      -  1697  908s
    11    16  360.09330    4 5484          -  360.09330      -  1320  916s
    15    20  360.09330    5 5605          -  360.09330      -  1077  926s
    19    24  360.09330    6 5613          -  360.09330      -   879  933s
    23    28  360.09330    7 6081          -  360.09330      -   802  940s
    27    32  360.09330    8 6721          -  360.09330      -   785  948s
    31    36  360.09330    9 5310          -  360.09330      -   691  956s
    35    40  360.09330   10 5324          -  360.09330      -   645  966s
    39    44  360.09330   11 5376          -  360.09330      -   691  978s
    43    48  360.09330   12 5831          -  360.09330      -   671  993s
    47    52  360.09330   13 6434          -  360.09330      -   640 1010s
    51    56  360.09330   14 6636          -  360.09330      -   604 1034s
    55    60  360.09330   15 7647          -  360.09330      -   587 1055s
    59    64  360.09330   16 6111          -  360.09330      -   580 1093s
    63    68  360.09330   17 6703          -  360.09330      -   586 1124s
    67    85  360.09330   18 7438          -  360.09330      -   570 1193s
    84   125  360.10509   32 10101          -  360.09330      -   577 1248s
   126   276  360.47765   61 9003          -  360.09330      -   565 1321s
   277   361  360.56434  106 10303          -  360.09330      -   382 1347s
   362   446  361.06087  137 9502          -  360.09330      -   380 1370s
   459   534  361.20717  163 10168          -  360.09330      -   382 1387s
   547   588  361.52592  186 12867          -  360.09330      -   356 1405s
   603   648  361.59327  197 11202          -  360.09330      -   365 1420s
   663   691  361.59975  218 12716          -  360.09330      -   359 1433s
   706   745  361.73628  231 11547          -  360.09330      -   361 1450s
   760   800  361.88479  255 14620          -  360.09330      -   361 1475s
   815   851  362.02861  269 12773          -  360.09330      -   355 1493s
   866   911  362.12870  291 13482          -  360.09330      -   352 1512s
   926   971  362.22036  306 12314          -  360.09330      -   351 1528s
   986  1019  362.35787  330 11988          -  360.09330      -   346 1548s
  1034  1090  362.45326  346 12672          -  360.09330      -   346 1562s
  1105  1166  362.56217  371 15062          -  360.09330      -   343 1577s
  1181  1170  362.68861  386 12427          -  360.09330      -   342 1855s
  1185  1174  362.68861  387 12421          -  360.09330      -   342 2076s
  1189  1178  362.68861  388 12682          -  360.09330      -   342 2246s
  1193  1182  362.69617  389 12672          -  360.09330      -   342 2427s
  1197  1208  362.69617  390 12673          -  360.09330      -   341 2540s
  1223  1316  362.70484  391 13772          -  360.09330      -   340 2561s
  1331  1439  362.79719  414 13674          -  360.09330      -   330 2585s
  1454  1545  362.83360  427 10275          -  360.09330      -   322 2624s
  1560  1648  362.96522  449 11611          -  360.09330      -   320 2644s
  1663  1777  363.12400  465 11821          -  360.09330      -   318 2675s
  1792  1871  363.49748  515 12506          -  360.09330      -   314 2698s
  1886  1971  363.81247  533 10189          -  360.09330      -   319 2720s
  1986  2089  364.09384  553 12804          -  360.09330      -   320 2753s
  2104  2180  364.28163  565 13107          -  360.09330      -   315 2781s
  2197  2280  375.11759  594 9644          -  360.09330      -   321 2814s
  2303  2408  386.16610  603 10644          -  360.09330      -   326 2842s
  2438  2598  388.21171  617 12590          -  360.09330      -   325 2873s
  2646  2728  390.32879  684 9398          -  360.09330      -   311 2903s
  2786  2905  397.11365  720 9996          -  360.09330      -   310 2938s
  2970  2906  371.61270  262 4240          -  360.09330      -   305 3103s
  2971  2907  365.80000   30 4240          -  360.09330      -   305 3105s
  2972  2907  387.36225  237 3846          -  360.09330      -   305 3334s
  2973  2908  376.90000  106 4458          -  360.09330      -   305 3364s
  2974  2909  367.50000  501 4477          -  364.11910      -   304 3528s
  2975  2909  378.09330  390 5036          -  365.20269      -   304 3629s
  2976  2910  403.19725  650 5342          -  367.84191      -   304 3712s
  2977  2911  373.84204  152 4292          -  370.72910      -   304 3809s
  2978  2911  372.12475   48 3149          -  372.12475      -   304 3876s
  2979  2912  373.72236  533 2360          -  373.72236      -   304 3956s
  2980  2913  374.10005  421 5350          -  374.10005      -   304 4052s
  2981  2913  389.44036  626 6301          -  374.11320      -   304 4103s
H 2981  2767                     512.2000000  376.12100  26.6%   304 4270s
  2982  2768  376.12100   49 5952  512.20000  376.12100  26.6%   304 4277s
H 2982  2629                     507.3000000  376.16287  25.9%   304 4368s
  2983  2630  376.16287  156 4662  507.30000  376.16287  25.9%   304 4397s
  2984  2630  376.29926  291 4708  507.30000  376.29926  25.8%   303 4428s
  2985  2631  376.31863  422 5624  507.30000  376.31863  25.8%   303 4480s
  2986  2632  399.20000  359 7204  507.30000  376.68290  25.7%   303 4544s
H 2986  2500                     500.1000000  376.75877  24.7%   303 4669s
  2987  2500  387.86835  612 4423  500.10000  376.75877  24.7%   303 4712s
H 2987  2375                     492.1000000  376.81565  23.4%   303 4750s
H 2987  2256                     488.2000000  376.81565  22.8%   303 4750s
  2988  2257  376.81565  141 7249  488.20000  376.81565  22.8%   303 4760s
  2989  2258  376.81565   11 3312  488.20000  376.81565  22.8%   303 4808s
  2990  2258  376.81565  599 5039  488.20000  376.81565  22.8%   303 4831s
  2991  2259  399.20000  233 5570  488.20000  377.08935  22.8%   303 4878s
  2992  2260  378.06182  294 8636  488.20000  378.06182  22.6%   303 4923s
  2993  2260  378.34330  238 4520  488.20000  378.34330  22.5%   303 4963s
H 2993  2146                     487.5000000  379.73467  22.1%   303 4984s
  2994  2147  395.36793  500 6525  487.50000  379.73467  22.1%   302 4987s
  2995  2148  392.79805  271 3446  487.50000  380.38549  22.0%   302 5028s
  2996  2148  381.02857   89 4966  487.50000  381.02857  21.8%   302 5065s
  2997  2149  381.99807   48 3722  487.50000  381.99807  21.6%   302 5111s
  2998  2150  386.70000  376 5408  487.50000  382.01273  21.6%   302 5128s
  2999  2150  402.90000  394 2937  487.50000  382.52482  21.5%   302 5167s
  3000  2151  382.88466   44 6493  487.50000  382.88466  21.5%   302 5201s
  3001  2152  398.69330  289 2630  487.50000  383.87750  21.3%   302 5247s
  3002  2152  383.87750  192 3136  487.50000  383.87750  21.3%   302 5274s
  3003  2153  385.39780  224 2602  487.50000  385.39780  20.9%   302 5326s
H 3003  2045                     485.0000000  385.57654  20.5%   302 5356s
  3005  2046  386.78333   19 1134  485.00000  386.78333  20.3%   301 5421s
  3006  2047  386.78333   81 2343  485.00000  386.78333  20.3%   301 5434s
  3007  2048  392.07434  278 1966  485.00000  387.22627  20.2%   301 5471s
  3008  2048  394.79330  201 3548  485.00000  387.73364  20.1%   301 5496s
  3009  2049  388.24604   44 5383  485.00000  388.24604  19.9%   301 5538s
  3010  2050  406.59330  421 5925  485.00000  388.31930  19.9%   301 5567s
  3011  2050  388.79928  513 6146  485.00000  388.79928  19.8%   301 5626s
  3012  2051  394.10000  362 6331  485.00000  388.98932  19.8%   301 5652s
  3013  2052  389.38333  185 4076  485.00000  389.38333  19.7%   301 5708s
  3014  2052  389.38333  241 6353  485.00000  389.38333  19.7%   300 5729s
  3015  2053  389.52667  253 5715  485.00000  389.52667  19.7%   300 5786s
  3016  2054  389.52667  221 5201  485.00000  389.52667  19.7%   300 5804s
  3017  2054  394.79330  308 5480  485.00000  389.64198  19.7%   300 5840s
  3018  2055  389.71526  441 5153  485.00000  389.71526  19.6%   300 5861s
  3019  2056  389.82111  136 5235  485.00000  389.82111  19.6%   300 5895s
  3020  2056  389.93310   20 6101  485.00000  389.93310  19.6%   300 5922s
  3021  2057  416.70000  534 5764  485.00000  390.26454  19.5%   300 5972s
  3022  2058  390.26454  421 6089  485.00000  390.26454  19.5%   300 5992s
  3023  2058  392.63289  439 5992  485.00000  390.26454  19.5%   300 6018s
  3024  2059  390.29381  232 7085  485.00000  390.29381  19.5%   299 6035s
  3025  2060  390.30605   84 5555  485.00000  390.30605  19.5%   299 6113s
  3026  2060  391.89330  263 5648  485.00000  390.30605  19.5%   299 6125s
  3027  2061  392.63289  287 6007  485.00000  390.30922  19.5%   299 6171s
  3028  2062  390.37274  170 5846  485.00000  390.37274  19.5%   299 6185s
  3029  2062  390.39409  212 5057  485.00000  390.39409  19.5%   299 6223s
  3030  2063  390.42272   24 6519  485.00000  390.42272  19.5%   299 6251s
  3031  2064  399.29330  633 6112  485.00000  390.44589  19.5%   299 6282s
  3032  2064  390.44589   78 6248  485.00000  390.44589  19.5%   299 6302s
  3033  2065  390.50449   64 6317  485.00000  390.50449  19.5%   299 6341s
  3034  2066  390.51955  212 5580  485.00000  390.51955  19.5%   298 6364s
  3035  2066  398.69330  345 5415  485.00000  390.56142  19.5%   298 6400s
  3036  2067  390.65655  126 6157  485.00000  390.65655  19.5%   298 6422s
  3037  2068  401.43289  635 7189  485.00000  390.88584  19.4%   298 6482s
  3038  2068  391.10622  237 6439  485.00000  391.10622  19.4%   298 6508s
  3039  2069  391.16163   32 6095  485.00000  391.16163  19.3%   298 6547s
  3040  2070  391.17920  198 5673  485.00000  391.17920  19.3%   298 6567s
  3041  2070  391.27330  663 5854  485.00000  391.27330  19.3%   298 6624s
  3042  2071  391.31252  306 5544  485.00000  391.31252  19.3%   298 6642s
  3043  2072  391.32139  190 5056  485.00000  391.32139  19.3%   298 6687s
  3044  2072  391.32139  133 5399  485.00000  391.32139  19.3%   297 6701s
  3045  2073  391.32385   48 5749  485.00000  391.32385  19.3%   297 6738s
  3046  2074  391.33393  238 5956  485.00000  391.33393  19.3%   297 6755s
H 3046  1969                     469.2000000  391.53390  16.6%   297 6808s
H 3046  1869                     460.3000000  391.53390  14.9%   297 6814s
H 3046  1775                     458.4000000  391.53390  14.6%   297 6841s
H 3046  1685                     453.4000000  391.53390  13.6%   297 6849s
  3047  1685  391.53390   93 6060  453.40000  391.53390  13.6%   297 6864s
  3048  1686  395.30000  309 6201  453.40000  391.54888  13.6%   297 6887s
  3049  1687  391.58147   71 5946  453.40000  391.58147  13.6%   297 6947s
  3050  1687  391.58147  123 5081  453.40000  391.58147  13.6%   297 6966s
  3051  1688  391.60203   22 6578  453.40000  391.60203  13.6%   297 7000s
  3052  1689  391.60205   91 5028  453.40000  391.60205  13.6%   297 7017s
  3053  1689  391.60895  131 5389  453.40000  391.60895  13.6%   297 7046s
  3054  1690  395.30000  283 5506  453.40000  391.63370  13.6%   297 7064s
  3055  1691  391.66805   24 4060  453.40000  391.66805  13.6%   296 7109s
  3056  1691  391.66931  285 5312  453.40000  391.66931  13.6%   296 7134s
  3057  1692  391.71422  148 4398  453.40000  391.71422  13.6%   296 7178s
  3058  1693  391.71422  341 5485  453.40000  391.71422  13.6%   296 7197s

Cutting planes:
  Gomory: 4
  Cover: 107
  Implied bound: 31
  Projected implied bound: 670
  Clique: 15
  MIR: 77
  Mixing: 1
  StrongCG: 8
  Flow cover: 815
  GUB cover: 112
  Zero half: 47
  RLT: 98
  Relax-and-lift: 139

Explored 3058 nodes (2736352 simplex iterations) in 7206.90 seconds (5424.95 work units)
Thread count was 4 (of 8 available processors)

Solution count 10: 453.4 453.4 458.4 ... 500.1

Time limit reached
Best objective 4.534000000000e+02, best bound 3.918000000000e+02, gap 13.5862%
